Set parameter NodefileStart to value 6
Read parameters from file gurobi.env
Restricted license - for non-production use only - expires 2027-11-29
Set parameter OutputFlag to value 1
Set parameter Threads to value 4
Set parameter TimeLimit to value 360
Set parameter MIPGap to value 5e-05
Set parameter MIPFocus to value 2
Set parameter NonConvex to value 2
Set parameter BestBdStop to value 2.7426211734693878e-02
Gurobi Optimizer version 13.0.3 build v13.0.3rc0 (linux64 - "Ubuntu 24.04.5 LTS")

CPU model: AMD EPYC 7763 64-Core Processor, instruction set [SSE2|AVX|AVX2]
Thread count: 2 physical cores, 4 logical processors, using up to 4 threads

Non-default parameters:
TimeLimit  360
BestBdStop  2.7426211734693878e-02
MIPGap  5e-05
MIPFocus  2
NodefileStart  6
NonConvex  2
Threads  4

Optimize a model with 137 rows, 107 columns and 774 nonzeros (Max)
Model fingerprint: 0x8ad2b514
Model has 1 linear objective coefficients
Model has 50 quadratic constraints
Variable types: 65 continuous, 42 integer (42 binary)
Coefficient statistics:
  Matrix range     [5e-01, 1e+00]
  QMatrix range    [1e+00, 1e+00]
  QLMatrix range   [1e+00, 1e+00]
  Objective range  [1e+00, 1e+00]
  Bounds range     [5e-01, 1e+00]
  RHS range        [1e+00, 1e+00]

Found heuristic solution: objective -0.0000000
Presolve time: 0.00s
Presolved: 337 rows, 108 columns, 1174 nonzeros
Presolved model has 50 bilinear constraint(s)

Solving non-convex MIQCP to global optimality

Variable types: 66 continuous, 42 integer (42 binary)
Root relaxation presolve removed 50 rows and 1 columns
Root relaxation presolved: 287 rows, 107 columns, 1124 nonzeros


Root relaxation: objective 1.250000e-01, 113 iterations, 0.00 seconds (0.00 work units)

    Nodes    |    Current Node    |     Objective Bounds      |     Work
 Expl Unexpl |  Obj  Depth IntInf | Incumbent    BestBd   Gap | It/Node Time

     0     0    0.12500    0   40   -0.00000    0.12500      -     -    0s
     0     0    0.10000    0   56   -0.00000    0.10000      -     -    0s
     0     0    0.10000    0   55   -0.00000    0.10000      -     -    0s
     0     0    0.08333    0   54   -0.00000    0.08333      -     -    0s
H    0     0                       0.0000000    0.08333      -     -    0s
H    0     0                       0.0000002    0.08333      -     -    0s
     0     0    0.08333    0   33    0.00000    0.08333      -     -    0s
     0     0    0.08333    0   35    0.00000    0.08333      -     -    0s
     0     0    0.08333    0   34    0.00000    0.08333      -     -    0s
     0     0    0.08333    0   31    0.00000    0.08333      -     -    0s
     0     0    0.08333    0   31    0.00000    0.08333      -     -    0s
     0     2    0.08333    0   31    0.00000    0.08333      -     -    0s
H 1170   949                       0.0000003    0.05658      -  19.5    1s
H 1414  1106                       0.0006987    0.05658  7998%  22.0    1s
H 1465  1061                       0.0006987    0.05658  7998%  21.5    1s
H 1755  1130                       0.0009225    0.05658  6033%  21.6    1s
H 1833  1102                       0.0009225    0.05658  6033%  21.4    1s
H 2866  1385                       0.0016759    0.03951  2257%  23.2    2s
H 2870  1386                       0.0016759    0.03951  2257%  23.2    2s
* 4966  1636              88       0.0042470    0.03027   613%  26.7    2s
* 4968  1633              89       0.0042665    0.03027   609%  26.7    2s
* 5085  1652              91       0.0042680    0.02981   599%  27.0    2s
H 5446  1769                       0.0042680    0.02889   577%  27.4    2s

Cutting planes:
  Gomory: 4
  Flow cover: 2
  RLT: 37
  Relax-and-lift: 3
  BQP: 5

Explored 6502 nodes (191135 simplex iterations) in 3.16 seconds (2.50 work units)
Thread count was 4 (of 4 available processors)

Solution count 10: 0.00426795 0.00426795 0.00426652 ... 2.68108e-09

Optimization achieved user objective limit
Best objective 4.267953595200e-03, best bound 2.720223091840e-02, gap 537.3600%
{"verdict": "PROVED", "status": "BOUND_REACHED", "runtime": 3.1562888622283936, "objval": 0.004267953595200019, "objbound": 0.02720223091839989, "binaries": 42}
