Set parameter NodefileStart to value 6
Read parameters from file gurobi.env
Restricted license - for non-production use only - expires 2027-11-29
Set parameter OutputFlag to value 1
Set parameter Threads to value 4
Set parameter TimeLimit to value 360
Set parameter MIPGap to value 5e-05
Set parameter MIPFocus to value 2
Set parameter NonConvex to value 2
Set parameter BestBdStop to value 2.7426211734693878e-02
Gurobi Optimizer version 13.0.3 build v13.0.3rc0 (linux64 - "Ubuntu 24.04.5 LTS")

CPU model: AMD EPYC 7763 64-Core Processor, instruction set [SSE2|AVX|AVX2]
Thread count: 2 physical cores, 4 logical processors, using up to 4 threads

Non-default parameters:
TimeLimit  360
BestBdStop  2.7426211734693878e-02
MIPGap  5e-05
MIPFocus  2
NodefileStart  6
NonConvex  2
Threads  4

Optimize a model with 141 rows, 111 columns and 810 nonzeros (Max)
Model fingerprint: 0xaafe6d8c
Model has 1 linear objective coefficients
Model has 50 quadratic constraints
Variable types: 65 continuous, 46 integer (46 binary)
Coefficient statistics:
  Matrix range     [5e-01, 1e+00]
  QMatrix range    [1e+00, 1e+00]
  QLMatrix range   [1e+00, 1e+00]
  Objective range  [1e+00, 1e+00]
  Bounds range     [5e-01, 1e+00]
  RHS range        [1e+00, 1e+00]

Found heuristic solution: objective -0.0000000
Presolve time: 0.00s
Presolved: 341 rows, 112 columns, 1210 nonzeros
Presolved model has 50 bilinear constraint(s)

Solving non-convex MIQCP to global optimality

Variable types: 66 continuous, 46 integer (46 binary)
Root relaxation presolve removed 50 rows and 1 columns
Root relaxation presolved: 291 rows, 111 columns, 1160 nonzeros


Root relaxation: objective 8.333333e-02, 112 iterations, 0.00 seconds (0.00 work units)

    Nodes    |    Current Node    |     Objective Bounds      |     Work
 Expl Unexpl |  Obj  Depth IntInf | Incumbent    BestBd   Gap | It/Node Time

     0     0    0.08333    0   55   -0.00000    0.08333      -     -    0s
     0     0    0.07292    0   58   -0.00000    0.07292      -     -    0s
     0     0    0.06250    0   38   -0.00000    0.06250      -     -    0s
     0     0    0.06250    0   47   -0.00000    0.06250      -     -    0s
     0     0    0.06250    0   65   -0.00000    0.06250      -     -    0s
     0     0    0.06250    0   45   -0.00000    0.06250      -     -    0s
     0     0    0.06250    0   55   -0.00000    0.06250      -     -    0s
     0     0    0.06250    0   55   -0.00000    0.06250      -     -    0s
     0     2    0.06250    0   55   -0.00000    0.06250      -     -    0s
*  949   821              87       0.0000001    0.06250      -  17.0    0s
H  965   877                       0.0000001    0.06250      -  16.9    0s
H 1082   945                       0.0000001    0.06250      -  18.1    0s
* 1675  1263              84       0.0000004    0.03460      -  18.8    1s
* 1684  1211              88       0.0000008    0.03460      -  18.7    1s
H 2701  1616                       0.0000008    0.03460      -  20.7    2s
H 3260  1860                       0.0000009    0.03460      -  21.2    2s
* 8110  5287             112       0.0000009    0.03460      -  19.9    4s
 11088  7934    0.00610   43   50    0.00000    0.03460      -  20.5    5s
 32052 23553    0.00025   60   50    0.00000    0.03460      -  21.4   10s
 47537 34307    0.00001   71   48    0.00000    0.03460      -  21.8   15s
H58179 41685                       0.0000010    0.03460      -  21.9   17s
 67037 47898    0.00000   92   43    0.00000    0.03460      -  22.0   20s
 88037 62933    0.00288   43   54    0.00000    0.03460      -  22.3   25s
 109605 78060    0.00280   42   51    0.00000    0.03460      -  22.6   30s
 130930 92844    0.01001   38   55    0.00000    0.03460      -  22.7   35s
 151861 106829    0.00542   43   57    0.00000    0.03460      -  22.8   40s
 174527 122363    0.00010   56   50    0.00000    0.03460      -  22.8   45s
H175016 122302                       0.0000011    0.03460      -  22.8   45s
 190511 132696    0.02803   35   51    0.00000    0.03460      -  22.8   50s
H207781 143534                       0.0000012    0.03460      -  22.9   54s
H208890 64250                       0.0017133    0.03460  1920%  22.9   54s
 210160 64893    0.00724   44   53    0.00171    0.03460  1920%  22.9   55s
H210164 56374                       0.0027790    0.03460  1145%  22.9   55s
H210165 52251                       0.0034595    0.03460   900%  22.9   55s
H211400 52854                       0.0034598    0.03460   900%  23.0   55s
H211401 50883                       0.0038181    0.03460   806%  23.0   55s
H211403 49932                       0.0040058    0.03460   764%  23.0   55s
 227534 57542     cutoff   46         0.00401    0.03460   764%  23.2   60s
 248208 66524    0.03193   30   52    0.00401    0.03389   746%  23.6   65s
 268506 74815    0.01863   38   50    0.00401    0.03329   731%  23.9   70s
 285745 81813     cutoff   48         0.00401    0.03284   720%  24.2   75s
 305593 89729     cutoff   46         0.00401    0.03236   708%  24.5   80s
 324704 97424    0.00910   37   51    0.00401    0.03198   698%  24.8   85s
 344002 104832     cutoff   46         0.00401    0.03160   689%  25.0   90s
 363872 111896     cutoff   43         0.00401    0.03124   680%  25.2   95s
 382793 118864    0.01382   42   50    0.00401    0.03089   671%  25.4  100s
 401277 126088    0.00651   29   42    0.00401    0.03059   664%  25.5  105s
 418363 132283     cutoff   41         0.00401    0.03035   658%  25.6  110s
 437602 139177    0.00547   43   50    0.00401    0.03008   651%  25.7  115s
 458039 146510    0.00952   36   55    0.00401    0.02980   644%  25.8  120s
 477575 153522    0.01715   35   59    0.00401    0.02956   638%  26.0  125s
 497616 160906    0.02893   30   58    0.00401    0.02933   632%  26.1  130s
 517493 167580    0.00730   33   43    0.00401    0.02907   626%  26.2  135s
 538133 174387    0.01576   36   50    0.00401    0.02881   619%  26.2  140s
 557839 181003    0.00982   37   52    0.00401    0.02856   613%  26.3  145s
 574883 186519    0.00794   43   51    0.00401    0.02836   608%  26.3  150s
 595108 193216    0.00593   42   53    0.00401    0.02811   602%  26.4  155s
 614462 199643    0.01146   38   53    0.00401    0.02790   597%  26.4  160s
 634793 206049    0.01852   30   52    0.00401    0.02766   591%  26.4  165s
 654424 212322    0.00786   49   52    0.00401    0.02747   586%  26.5  170s

Cutting planes:
  Gomory: 18
  Implied bound: 12
  MIR: 7
  Mixing: 1
  Flow cover: 11
  RLT: 73
  Relax-and-lift: 2
  BQP: 25

Explored 657861 nodes (17410010 simplex iterations) in 170.73 seconds (193.24 work units)
Thread count was 4 (of 4 available processors)

Solution count 10: 0.00400585 0.00381809 0.00345977 ... 8.65505e-07

Optimization achieved user objective limit
Best objective 4.005847903089e-03, best bound 2.742543271367e-02, gap 584.6349%
{"verdict": "PROVED", "status": "BOUND_REACHED", "runtime": 170.73554801940918, "objval": 0.004005847903088788, "objbound": 0.027425432713672242, "binaries": 46}
