Set parameter NodefileStart to value 6
Read parameters from file gurobi.env
Restricted license - for non-production use only - expires 2027-11-29
Set parameter OutputFlag to value 1
Set parameter Threads to value 4
Set parameter TimeLimit to value 360
Set parameter MIPGap to value 5e-05
Set parameter MIPFocus to value 2
Set parameter NonConvex to value 2
Set parameter BestBdStop to value 2.7426211734693878e-02
Gurobi Optimizer version 13.0.3 build v13.0.3rc0 (linux64 - "Ubuntu 24.04.5 LTS")

CPU model: AMD EPYC 7763 64-Core Processor, instruction set [SSE2|AVX|AVX2]
Thread count: 2 physical cores, 4 logical processors, using up to 4 threads

Non-default parameters:
TimeLimit  360
BestBdStop  2.7426211734693878e-02
MIPGap  5e-05
MIPFocus  2
NodefileStart  6
NonConvex  2
Threads  4

Optimize a model with 121 rows, 91 columns and 658 nonzeros (Max)
Model fingerprint: 0x6eb8c124
Model has 1 linear objective coefficients
Model has 50 quadratic constraints
Variable types: 65 continuous, 26 integer (26 binary)
Coefficient statistics:
  Matrix range     [5e-01, 1e+00]
  QMatrix range    [1e+00, 1e+00]
  QLMatrix range   [1e+00, 1e+00]
  Objective range  [1e+00, 1e+00]
  Bounds range     [5e-01, 1e+00]
  RHS range        [1e+00, 1e+00]

Found heuristic solution: objective -0.0000000
Presolve time: 0.00s
Presolved: 321 rows, 92 columns, 1058 nonzeros
Presolved model has 50 bilinear constraint(s)

Solving non-convex MIQCP to global optimality

Variable types: 66 continuous, 26 integer (26 binary)
Root relaxation presolve removed 50 rows and 1 columns
Root relaxation presolved: 271 rows, 91 columns, 1008 nonzeros


Root relaxation: objective 5.555556e-02, 129 iterations, 0.00 seconds (0.00 work units)

    Nodes    |    Current Node    |     Objective Bounds      |     Work
 Expl Unexpl |  Obj  Depth IntInf | Incumbent    BestBd   Gap | It/Node Time

     0     0    0.05556    0   44   -0.00000    0.05556      -     -    0s
     0     0    0.05000    0   43   -0.00000    0.05000      -     -    0s
     0     0    0.04938    0   45   -0.00000    0.04938      -     -    0s
     0     0    0.04924    0   45   -0.00000    0.04924      -     -    0s
     0     0    0.04924    0   45   -0.00000    0.04924      -     -    0s
     0     0    0.04924    0   45   -0.00000    0.04924      -     -    0s
     0     2    0.04924    0   45   -0.00000    0.04924      -     -    0s
*  568   477              71       0.0000001    0.04140      -  28.2    0s
*  634   521              62       0.0000001    0.04031      -  28.1    0s
H  678   538                       0.0000008    0.04031      -  28.7    0s

Cutting planes:
  Gomory: 3
  RLT: 21
  BQP: 7

Explored 1926 nodes (61726 simplex iterations) in 1.67 seconds (1.08 work units)
Thread count was 4 (of 4 available processors)

Solution count 5: 7.55374e-07 7.55374e-07 5.11392e-08 ... -0

Optimization achieved user objective limit
Best objective 7.553741006583e-07, best bound 2.501383757564e-02, gap -
{"verdict": "PROVED", "status": "BOUND_REACHED", "runtime": 1.6732299327850342, "objval": 7.553741006582906e-07, "objbound": 0.02501383757563614, "binaries": 26}
