Set parameter NodefileStart to value 6
Read parameters from file gurobi.env
Restricted license - for non-production use only - expires 2027-11-29
Set parameter OutputFlag to value 1
Set parameter Threads to value 4
Set parameter TimeLimit to value 360
Set parameter MIPGap to value 5e-05
Set parameter MIPFocus to value 2
Set parameter NonConvex to value 2
Set parameter BestBdStop to value 2.7426211734693878e-02
Gurobi Optimizer version 13.0.3 build v13.0.3rc0 (linux64 - "Ubuntu 24.04.5 LTS")

CPU model: AMD EPYC 9V74 80-Core Processor, instruction set [SSE2|AVX|AVX2|AVX512]
Thread count: 2 physical cores, 4 logical processors, using up to 4 threads

Non-default parameters:
TimeLimit  360
BestBdStop  2.7426211734693878e-02
MIPGap  5e-05
MIPFocus  2
NodefileStart  6
NonConvex  2
Threads  4

Optimize a model with 141 rows, 111 columns and 810 nonzeros (Max)
Model fingerprint: 0xaa782a80
Model has 1 linear objective coefficients
Model has 50 quadratic constraints
Variable types: 65 continuous, 46 integer (46 binary)
Coefficient statistics:
  Matrix range     [5e-01, 1e+00]
  QMatrix range    [1e+00, 1e+00]
  QLMatrix range   [1e+00, 1e+00]
  Objective range  [1e+00, 1e+00]
  Bounds range     [5e-01, 1e+00]
  RHS range        [1e+00, 1e+00]

Found heuristic solution: objective -0.0000000
Presolve time: 0.00s
Presolved: 341 rows, 112 columns, 1210 nonzeros
Presolved model has 50 bilinear constraint(s)

Solving non-convex MIQCP to global optimality

Variable types: 66 continuous, 46 integer (46 binary)
Root relaxation presolve removed 50 rows and 1 columns
Root relaxation presolved: 291 rows, 111 columns, 1160 nonzeros


Root relaxation: objective 8.333333e-02, 119 iterations, 0.00 seconds (0.00 work units)

    Nodes    |    Current Node    |     Objective Bounds      |     Work
 Expl Unexpl |  Obj  Depth IntInf | Incumbent    BestBd   Gap | It/Node Time

     0     0    0.08333    0   49   -0.00000    0.08333      -     -    0s
     0     0    0.08197    0   59   -0.00000    0.08197      -     -    0s
     0     0    0.08197    0   52   -0.00000    0.08197      -     -    0s
     0     0    0.07692    0   62   -0.00000    0.07692      -     -    0s
     0     0    0.07692    0   57   -0.00000    0.07692      -     -    0s
     0     0    0.07353    0   59   -0.00000    0.07353      -     -    0s
     0     0    0.07353    0   63   -0.00000    0.07353      -     -    0s
     0     0    0.07353    0   64   -0.00000    0.07353      -     -    0s
     0     0    0.07303    0   59   -0.00000    0.07303      -     -    0s
     0     0    0.07303    0   63   -0.00000    0.07303      -     -    0s
     0     0    0.07241    0   63   -0.00000    0.07241      -     -    0s
     0     0    0.07241    0   54   -0.00000    0.07241      -     -    0s
     0     0    0.07143    0   59   -0.00000    0.07143      -     -    0s
     0     0    0.07143    0   60   -0.00000    0.07143      -     -    0s
     0     0    0.07143    0   58   -0.00000    0.07143      -     -    0s
     0     0    0.07143    0   56   -0.00000    0.07143      -     -    0s
     0     0    0.07143    0   63   -0.00000    0.07143      -     -    0s
     0     0    0.07143    0   60   -0.00000    0.07143      -     -    0s
     0     0    0.07083    0   60   -0.00000    0.07083      -     -    0s
     0     0    0.07083    0   60   -0.00000    0.07083      -     -    0s
     0     2    0.07083    0   60   -0.00000    0.07083      -     -    0s
*  976   860              60       0.0000002    0.07083      -  22.5    0s
H 1204   992                       0.0000003    0.07083      -  22.9    0s
H 1266  1003                       0.0000003    0.06803      -  24.6    1s
H 1370  1013                       0.0000006    0.06803      -  25.2    1s
H11225  7298                       0.0000009    0.04202      -  26.3    3s
 14997  9718    0.00079   54   45    0.00000    0.03941      -  26.4    5s
 34607 23250    0.01999   33   51    0.00000    0.03473      -  25.9   10s
 59198 39368    0.00009   46   36    0.00000    0.03262      -  25.3   15s
 83618 55613    0.01285   38   51    0.00000    0.03141      -  25.6   20s
 107469 71025    0.00505   35   33    0.00000    0.03058      -  25.6   25s
 129166 84704    0.00031   53   45    0.00000    0.02996      -  25.5   30s
 153025 100428    0.00009   49   43    0.00000    0.02945      -  25.6   35s
 174656 114460    0.00016   58   50    0.00000    0.02904      -  25.7   40s
 199238 129742     cutoff   83         0.00000    0.02855      -  25.5   45s
 224077 144996    0.00000   73   43    0.00000    0.02811      -  25.4   50s
 247455 159897    0.02023   32   54    0.00000    0.02785      -  25.4   55s
 271709 174623     cutoff   47         0.00000    0.02755      -  25.4   60s

Cutting planes:
  Gomory: 6
  Lift-and-project: 6
  Implied bound: 25
  MIR: 6
  Flow cover: 44
  Inf proof: 2
  RLT: 86
  Relax-and-lift: 7
  BQP: 20

Explored 280517 nodes (7132013 simplex iterations) in 61.78 seconds (85.45 work units)
Thread count was 4 (of 4 available processors)

Solution count 6: 8.91363e-07 5.95867e-07 3.11279e-07 ... -0

Optimization achieved user objective limit
Best objective 8.913627882541e-07, best bound 2.742519333946e-02, gap -
{"verdict": "PROVED", "status": "BOUND_REACHED", "runtime": 61.7861111164093, "objval": 8.913627882541128e-07, "objbound": 0.027425193339458226, "binaries": 46}
