Set parameter NodefileStart to value 6
Read parameters from file gurobi.env
Restricted license - for non-production use only - expires 2027-11-29
Set parameter OutputFlag to value 1
Set parameter Threads to value 4
Set parameter TimeLimit to value 360
Set parameter MIPGap to value 5e-05
Set parameter MIPFocus to value 2
Set parameter NonConvex to value 2
Set parameter BestBdStop to value 2.7426211734693878e-02
Gurobi Optimizer version 13.0.3 build v13.0.3rc0 (linux64 - "Ubuntu 24.04.5 LTS")

CPU model: AMD EPYC 7763 64-Core Processor, instruction set [SSE2|AVX|AVX2]
Thread count: 2 physical cores, 4 logical processors, using up to 4 threads

Non-default parameters:
TimeLimit  360
BestBdStop  2.7426211734693878e-02
MIPGap  5e-05
MIPFocus  2
NodefileStart  6
NonConvex  2
Threads  4

Optimize a model with 141 rows, 111 columns and 810 nonzeros (Max)
Model fingerprint: 0xe05d8c83
Model has 1 linear objective coefficients
Model has 50 quadratic constraints
Variable types: 65 continuous, 46 integer (46 binary)
Coefficient statistics:
  Matrix range     [5e-01, 1e+00]
  QMatrix range    [1e+00, 1e+00]
  QLMatrix range   [1e+00, 1e+00]
  Objective range  [1e+00, 1e+00]
  Bounds range     [5e-01, 1e+00]
  RHS range        [1e+00, 1e+00]

Found heuristic solution: objective -0.0000000
Presolve time: 0.00s
Presolved: 341 rows, 112 columns, 1210 nonzeros
Presolved model has 50 bilinear constraint(s)

Solving non-convex MIQCP to global optimality

Variable types: 66 continuous, 46 integer (46 binary)
Root relaxation presolve removed 50 rows and 1 columns
Root relaxation presolved: 291 rows, 111 columns, 1160 nonzeros


Root relaxation: objective 8.333333e-02, 101 iterations, 0.00 seconds (0.00 work units)

    Nodes    |    Current Node    |     Objective Bounds      |     Work
 Expl Unexpl |  Obj  Depth IntInf | Incumbent    BestBd   Gap | It/Node Time

     0     0    0.08333    0   43   -0.00000    0.08333      -     -    0s
     0     0    0.08333    0   53   -0.00000    0.08333      -     -    0s
     0     0    0.08333    0   53   -0.00000    0.08333      -     -    0s
     0     0    0.08333    0   39   -0.00000    0.08333      -     -    0s
     0     0    0.07143    0   60   -0.00000    0.07143      -     -    0s
     0     0    0.07143    0   68   -0.00000    0.07143      -     -    0s
     0     0    0.07143    0   60   -0.00000    0.07143      -     -    0s
     0     0    0.07143    0   57   -0.00000    0.07143      -     -    0s
     0     0    0.07065    0   72   -0.00000    0.07065      -     -    0s
     0     0    0.07065    0   74   -0.00000    0.07065      -     -    0s
     0     0    0.06944    0   67   -0.00000    0.06944      -     -    0s
     0     0    0.06944    0   67   -0.00000    0.06944      -     -    0s
     0     0    0.06911    0   66   -0.00000    0.06911      -     -    0s
     0     0    0.06911    0   57   -0.00000    0.06911      -     -    0s
H    0     0                       0.0000000    0.06911      -     -    0s
     0     2    0.06911    0   57    0.00000    0.06911      -     -    0s
H   31    51                       0.0000002    0.06911      -  23.5    0s
H   70    91                       0.0000004    0.06911      -  24.1    0s
H  224   219                       0.0000007    0.06911      -  36.4    0s
* 1934  1208              84       0.0000008    0.03978      -  31.4    1s
H 2961  1576                       0.0000012    0.03765      -  34.0    2s
H 3337  1778                       0.0000012    0.03423      -  34.1    2s
  9883  6205    0.00499   53   54    0.00000    0.02871      -  33.1    5s

Cutting planes:
  Gomory: 9
  Implied bound: 13
  MIR: 3
  Flow cover: 16
  RLT: 63
  Relax-and-lift: 4
  BQP: 12

Explored 19839 nodes (648865 simplex iterations) in 8.09 seconds (7.06 work units)
Thread count was 4 (of 4 available processors)

Solution count 7: 1.22273e-06 7.62177e-07 6.96815e-07 ... -0

Optimization achieved user objective limit
Best objective 1.222725582187e-06, best bound 2.741272158452e-02, gap 2241835.7200%
{"verdict": "PROVED", "status": "BOUND_REACHED", "runtime": 8.088214874267578, "objval": 1.2227255821867233e-06, "objbound": 0.027412721584523774, "binaries": 46}
