Set parameter NodefileStart to value 6
Read parameters from file gurobi.env
Restricted license - for non-production use only - expires 2027-11-29
Set parameter OutputFlag to value 1
Set parameter Threads to value 4
Set parameter TimeLimit to value 360
Set parameter MIPGap to value 5e-05
Set parameter MIPFocus to value 2
Set parameter NonConvex to value 2
Set parameter BestBdStop to value 2.7426211734693878e-02
Gurobi Optimizer version 13.0.3 build v13.0.3rc0 (linux64 - "Ubuntu 24.04.5 LTS")

CPU model: AMD EPYC 7763 64-Core Processor, instruction set [SSE2|AVX|AVX2]
Thread count: 2 physical cores, 4 logical processors, using up to 4 threads

Non-default parameters:
TimeLimit  360
BestBdStop  2.7426211734693878e-02
MIPGap  5e-05
MIPFocus  2
NodefileStart  6
NonConvex  2
Threads  4

Optimize a model with 129 rows, 99 columns and 714 nonzeros (Max)
Model fingerprint: 0x3a7df7d7
Model has 1 linear objective coefficients
Model has 50 quadratic constraints
Variable types: 65 continuous, 34 integer (34 binary)
Coefficient statistics:
  Matrix range     [5e-01, 1e+00]
  QMatrix range    [1e+00, 1e+00]
  QLMatrix range   [1e+00, 1e+00]
  Objective range  [1e+00, 1e+00]
  Bounds range     [5e-01, 1e+00]
  RHS range        [1e+00, 1e+00]

Found heuristic solution: objective -0.0000000
Presolve time: 0.00s
Presolved: 329 rows, 100 columns, 1114 nonzeros
Presolved model has 50 bilinear constraint(s)

Solving non-convex MIQCP to global optimality

Variable types: 66 continuous, 34 integer (34 binary)
Root relaxation presolve removed 50 rows and 1 columns
Root relaxation presolved: 279 rows, 99 columns, 1064 nonzeros


Root relaxation: objective 1.250000e-01, 132 iterations, 0.00 seconds (0.00 work units)

    Nodes    |    Current Node    |     Objective Bounds      |     Work
 Expl Unexpl |  Obj  Depth IntInf | Incumbent    BestBd   Gap | It/Node Time

     0     0    0.12500    0   57   -0.00000    0.12500      -     -    0s
     0     0    0.10000    0   48   -0.00000    0.10000      -     -    0s
     0     0    0.07143    0   65   -0.00000    0.07143      -     -    0s
     0     0    0.07143    0   65   -0.00000    0.07143      -     -    0s
     0     0    0.06818    0   65   -0.00000    0.06818      -     -    0s
     0     0    0.06818    0   61   -0.00000    0.06818      -     -    0s
     0     0    0.06786    0   67   -0.00000    0.06786      -     -    0s
     0     0    0.06250    0   67   -0.00000    0.06250      -     -    0s
     0     0    0.06250    0   67   -0.00000    0.06250      -     -    0s
     0     0    0.06250    0   66   -0.00000    0.06250      -     -    0s
     0     0    0.06250    0   69   -0.00000    0.06250      -     -    0s
     0     0    0.06250    0   69   -0.00000    0.06250      -     -    0s
     0     0    0.06250    0   69   -0.00000    0.06250      -     -    0s
     0     0    0.06250    0   69   -0.00000    0.06250      -     -    0s
     0     0    0.06250    0   64   -0.00000    0.06250      -     -    0s
     0     2    0.06250    0   64   -0.00000    0.06250      -     -    0s
H   54    70                       0.0000000    0.06250      -  25.3    0s
H  113   118                       0.0000000    0.06250      -  28.3    0s
H  133   138                       0.0000002    0.06250      -  30.0    0s
H 1205   943                       0.0000002    0.05253      -  31.7    1s
* 1819  1279              87       0.0000002    0.04403      -  29.3    2s
* 1822  1232              89       0.0000002    0.04403      -  29.3    2s
* 1906  1161              94       0.0000003    0.04403      -  28.5    2s
H 3030  1627                       0.0000004    0.03819      -  28.0    2s
H 5184  3147                       0.0000005    0.02841      -  25.0    3s
H 5240  3143                       0.0000005    0.02841      -  25.0    3s
H 5270  3112                       0.0000006    0.02831      -  25.0    3s

Cutting planes:
  Gomory: 17
  Flow cover: 2
  RLT: 43
  BQP: 4

Explored 7189 nodes (168993 simplex iterations) in 3.94 seconds (3.19 work units)
Thread count was 4 (of 4 available processors)

Solution count 10: 5.83426e-07 4.80579e-07 4.62534e-07 ... 1.05891e-08

Optimization achieved user objective limit
Best objective 5.834263044624e-07, best bound 2.740551781730e-02, gap -
{"verdict": "PROVED", "status": "BOUND_REACHED", "runtime": 3.9357311725616455, "objval": 5.834263044623978e-07, "objbound": 0.027405517817299063, "binaries": 34}
