Set parameter NodefileStart to value 6
Read parameters from file gurobi.env
Restricted license - for non-production use only - expires 2027-11-29
Set parameter OutputFlag to value 1
Set parameter Threads to value 4
Set parameter TimeLimit to value 360
Set parameter MIPGap to value 5e-05
Set parameter MIPFocus to value 2
Set parameter NonConvex to value 2
Set parameter BestBdStop to value 2.7426211734693878e-02
Gurobi Optimizer version 13.0.3 build v13.0.3rc0 (linux64 - "Ubuntu 24.04.5 LTS")

CPU model: AMD EPYC 7763 64-Core Processor, instruction set [SSE2|AVX|AVX2]
Thread count: 2 physical cores, 4 logical processors, using up to 4 threads

Non-default parameters:
TimeLimit  360
BestBdStop  2.7426211734693878e-02
MIPGap  5e-05
MIPFocus  2
NodefileStart  6
NonConvex  2
Threads  4

Optimize a model with 145 rows, 115 columns and 846 nonzeros (Max)
Model fingerprint: 0x2371cd60
Model has 1 linear objective coefficients
Model has 50 quadratic constraints
Variable types: 65 continuous, 50 integer (50 binary)
Coefficient statistics:
  Matrix range     [5e-01, 1e+00]
  QMatrix range    [1e+00, 1e+00]
  QLMatrix range   [1e+00, 1e+00]
  Objective range  [1e+00, 1e+00]
  Bounds range     [5e-01, 1e+00]
  RHS range        [1e+00, 1e+00]

Found heuristic solution: objective -0.0000000
Presolve time: 0.00s
Presolved: 345 rows, 116 columns, 1246 nonzeros
Presolved model has 50 bilinear constraint(s)

Solving non-convex MIQCP to global optimality

Variable types: 66 continuous, 50 integer (50 binary)
Root relaxation presolve removed 50 rows and 1 columns
Root relaxation presolved: 295 rows, 115 columns, 1196 nonzeros


Root relaxation: objective 8.333333e-02, 126 iterations, 0.00 seconds (0.00 work units)

    Nodes    |    Current Node    |     Objective Bounds      |     Work
 Expl Unexpl |  Obj  Depth IntInf | Incumbent    BestBd   Gap | It/Node Time

     0     0    0.08333    0   50   -0.00000    0.08333      -     -    0s
     0     0    0.07143    0   54   -0.00000    0.07143      -     -    0s
     0     0    0.06250    0   55   -0.00000    0.06250      -     -    0s
     0     0    0.06250    0   60   -0.00000    0.06250      -     -    0s
     0     0    0.06250    0   60   -0.00000    0.06250      -     -    0s
     0     0    0.06250    0   60   -0.00000    0.06250      -     -    0s
     0     0    0.06250    0   47   -0.00000    0.06250      -     -    0s
     0     0    0.06250    0   45   -0.00000    0.06250      -     -    0s
     0     0    0.06250    0   58   -0.00000    0.06250      -     -    0s
     0     0    0.06250    0   60   -0.00000    0.06250      -     -    0s
     0     0    0.06250    0   50   -0.00000    0.06250      -     -    0s
     0     0    0.06250    0   50   -0.00000    0.06250      -     -    0s
H    0     0                       0.0082952    0.06250   653%     -    0s
H    0     0                       0.0083280    0.06250   650%     -    0s
H    0     0                       0.0083280    0.06250   650%     -    0s
     0     2    0.06237    0   56    0.00833    0.06237   649%     -    0s
H 1119   968                       0.0093456    0.06237   567%  27.6    0s
H 1147   922                       0.0093456    0.06235   567%  27.7    1s
H 1155   880                       0.0132703    0.06052   356%  27.5    1s
H 1155   836                       0.0132703    0.06049   356%  27.5    1s
H 1159   797                       0.0135776    0.05700   320%  27.4    1s
H 1159   757                       0.0135776    0.05669   318%  27.4    1s
H 1170   727                       0.0136806    0.05597   309%  28.1    2s
H 1176   694                       0.0138466    0.05597   304%  28.0    2s
H 1176   659                       0.0138662    0.05597   304%  28.0    2s
H 1237   680                       0.0138665    0.05597   304%  29.4    2s
H 1617   900                       0.0142537    0.05597   293%  27.6    2s
H 1936  1052                       0.0152068    0.05597   268%  27.1    2s
H 2296  1118                       0.0166378    0.05597   236%  25.3    2s
* 2412  1073             124       0.0178811    0.05597   213%  25.0    3s
H 3434  1196                       0.0197415    0.05597   184%  28.6    3s
  8574  3470     cutoff   47         0.01974    0.05458   176%  27.9    5s
*13315  5162             116       0.0220485    0.05357   143%  28.9    6s
*13327  5162             117       0.0220485    0.05357   143%  28.9    6s
H14466  4765                       0.0247031    0.05330   116%  29.0    6s
 22665  7039    0.05035   33   56    0.02470    0.05160   109%  30.9   10s
 41618 11617     cutoff   36         0.02470    0.04833  95.7%  31.4   15s
 63328 16426    0.02682   40   54    0.02470    0.04632  87.5%  30.9   20s
 83910 20013     cutoff   49         0.02470    0.04473  81.1%  30.7   25s
 106435 23837     cutoff   46         0.02470    0.04342  75.8%  30.3   30s
 129181 27267    0.02814   51   57    0.02470    0.04231  71.3%  30.0   35s
 151899 30525     cutoff   36         0.02470    0.04129  67.2%  29.7   40s
H162074 31139                       0.0251170    0.04097  63.1%  29.6   42s
H162143 31202                       0.0251170    0.04096  63.1%  29.6   42s
H163596 31298                       0.0251170    0.04089  62.8%  29.6   42s
H164591 31421                       0.0251170    0.04085  62.6%  29.5   43s
 170021 32244    0.03016   49   57    0.02512    0.04066  61.9%  29.5   45s
 192806 35270     cutoff   40         0.02512    0.03992  58.9%  29.2   50s
 210977 37218    0.02657   50   58    0.02512    0.03937  56.7%  29.0   55s
 233878 39925    0.03079   42   50    0.02512    0.03876  54.3%  28.8   60s
 257703 42500    0.03228   32   55    0.02512    0.03817  52.0%  28.6   65s
 279828 44898     cutoff   45         0.02512    0.03768  50.0%  28.4   70s
 303721 47198    0.03189   54   58    0.02512    0.03720  48.1%  28.2   75s
 327054 49341    0.02690   46   55    0.02512    0.03675  46.3%  28.0   80s
 349208 51442    0.03339   40   55    0.02512    0.03636  44.8%  27.8   85s
 371979 53349    0.03596   48   47    0.02512    0.03599  43.3%  27.6   90s
 395445 55558    0.03507   37   53    0.02512    0.03565  41.9%  27.3   95s
 415882 57081    0.02869   54   56    0.02512    0.03538  40.8%  27.2  100s
 439903 59004     cutoff   46         0.02512    0.03504  39.5%  27.0  105s
 461180 60687     cutoff   46         0.02512    0.03477  38.4%  26.8  110s
 486364 62239    0.02641   52   42    0.02512    0.03448  37.3%  26.6  115s
 509853 63978    0.03122   47   54    0.02512    0.03422  36.3%  26.4  120s
 535081 65844    0.02734   52   51    0.02512    0.03396  35.2%  26.2  125s
 559138 67226     cutoff   64         0.02512    0.03371  34.2%  26.0  130s
 581605 68386    0.02954   49   53    0.02512    0.03348  33.3%  25.9  135s
 606082 69565     cutoff   53         0.02512    0.03324  32.3%  25.7  140s
 627049 70731     cutoff   43         0.02512    0.03304  31.5%  25.6  145s
 651512 71973    0.02598   37   51    0.02512    0.03281  30.6%  25.4  150s
 675408 73087    0.02748   59   44    0.02512    0.03259  29.7%  25.3  155s
 700394 74068     cutoff   52         0.02512    0.03238  28.9%  25.1  160s
 725118 75134    0.02580   43   55    0.02512    0.03217  28.1%  25.0  165s
 750093 75977    0.02789   47   54    0.02512    0.03196  27.3%  24.8  170s
 774869 76698     cutoff   47         0.02512    0.03176  26.5%  24.7  175s
 794317 77362     cutoff   40         0.02512    0.03160  25.8%  24.5  180s
 818675 77940 infeasible   58         0.02512    0.03141  25.1%  24.4  185s
 843550 78472     cutoff   53         0.02512    0.03123  24.3%  24.3  190s
 868844 79126     cutoff   42         0.02512    0.03104  23.6%  24.1  195s
 892316 79870     cutoff   44         0.02512    0.03088  22.9%  24.0  200s
 916293 80227    0.02578   63   35    0.02512    0.03071  22.2%  23.8  205s
 940662 80543    0.02935   47   57    0.02512    0.03054  21.6%  23.7  210s
 965527 80913    0.02681   35   57    0.02512    0.03037  20.9%  23.6  215s
 989943 81234    0.02799   49   53    0.02512    0.03022  20.3%  23.4  220s
 1015297 81665     cutoff   52         0.02512    0.03007  19.7%  23.3  225s
 1040221 81805    0.02867   41   58    0.02512    0.02991  19.1%  23.2  230s
 1058992 82059    0.02608   40   56    0.02512    0.02980  18.6%  23.1  235s
 1085071 82369    0.02843   48   53    0.02512    0.02964  18.0%  22.9  240s
 1109643 82280     cutoff   49         0.02512    0.02951  17.5%  22.8  245s
 1135878 81789    0.02648   52   30    0.02512    0.02936  16.9%  22.7  250s
 1160742 81356     cutoff   46         0.02512    0.02923  16.4%  22.6  255s
 1186236 80702     cutoff   46         0.02512    0.02909  15.8%  22.4  260s
 1212015 79964 infeasible   57         0.02512    0.02896  15.3%  22.3  265s
 1234130 79139    0.02620   44   44    0.02512    0.02884  14.8%  22.2  270s
 1260349 78140    0.02537   50   59    0.02512    0.02870  14.3%  22.1  275s
 1285668 77078    0.02725   55   39    0.02512    0.02858  13.8%  22.0  281s
 1307142 76351     cutoff   50         0.02512    0.02848  13.4%  21.9  285s
 1333159 74890     cutoff   45         0.02512    0.02834  12.8%  21.8  290s
 1359007 73551 infeasible   53         0.02512    0.02821  12.3%  21.7  295s
 1384898 72218     cutoff   49         0.02512    0.02809  11.8%  21.6  300s
 1410720 70234    0.02677   36   66    0.02512    0.02795  11.3%  21.5  305s
 1437493 68266     cutoff   45         0.02512    0.02782  10.8%  21.4  310s
 1464501 66201    0.02751   57   42    0.02512    0.02769  10.2%  21.3  315s
 1490625 63945     cutoff   46         0.02512    0.02755  9.67%  21.2  320s
 1512662 62045 infeasible   55         0.02512    0.02743  9.20%  21.1  325s

Cutting planes:
  Gomory: 4
  Implied bound: 9
  MIR: 10
  Flow cover: 26
  RLT: 71
  Relax-and-lift: 2
  BQP: 28

Explored 1513545 nodes (31879080 simplex iterations) in 325.12 seconds (335.26 work units)
Thread count was 4 (of 4 available processors)

Solution count 10: 0.025117 0.0247031 0.0220485 ... 0.0138665

Optimization achieved user objective limit
Best objective 2.511696920474e-02, best bound 2.742302156688e-02, gap 9.1813%
{"verdict": "PROVED", "status": "BOUND_REACHED", "runtime": 325.118940114975, "objval": 0.025116969204739638, "objbound": 0.027423021566880024, "binaries": 50}
