Set parameter NodefileStart to value 6
Read parameters from file gurobi.env
Restricted license - for non-production use only - expires 2027-11-29
Set parameter OutputFlag to value 1
Set parameter Threads to value 4
Set parameter TimeLimit to value 360
Set parameter MIPGap to value 5e-05
Set parameter MIPFocus to value 2
Set parameter NonConvex to value 2
Set parameter BestBdStop to value 2.7426211734693878e-02
Gurobi Optimizer version 13.0.3 build v13.0.3rc0 (linux64 - "Ubuntu 24.04.5 LTS")

CPU model: AMD EPYC 9V74 80-Core Processor, instruction set [SSE2|AVX|AVX2]
Thread count: 2 physical cores, 4 logical processors, using up to 4 threads

Non-default parameters:
TimeLimit  360
BestBdStop  2.7426211734693878e-02
MIPGap  5e-05
MIPFocus  2
NodefileStart  6
NonConvex  2
Threads  4

Optimize a model with 145 rows, 115 columns and 846 nonzeros (Max)
Model fingerprint: 0x8f109b48
Model has 1 linear objective coefficients
Model has 50 quadratic constraints
Variable types: 65 continuous, 50 integer (50 binary)
Coefficient statistics:
  Matrix range     [5e-01, 1e+00]
  QMatrix range    [1e+00, 1e+00]
  QLMatrix range   [1e+00, 1e+00]
  Objective range  [1e+00, 1e+00]
  Bounds range     [5e-01, 1e+00]
  RHS range        [1e+00, 1e+00]

Found heuristic solution: objective -0.0000000
Presolve time: 0.00s
Presolved: 345 rows, 116 columns, 1246 nonzeros
Presolved model has 50 bilinear constraint(s)

Solving non-convex MIQCP to global optimality

Variable types: 66 continuous, 50 integer (50 binary)
Root relaxation presolve removed 50 rows and 1 columns
Root relaxation presolved: 295 rows, 115 columns, 1196 nonzeros


Root relaxation: objective 8.333333e-02, 128 iterations, 0.00 seconds (0.00 work units)

    Nodes    |    Current Node    |     Objective Bounds      |     Work
 Expl Unexpl |  Obj  Depth IntInf | Incumbent    BestBd   Gap | It/Node Time

     0     0    0.08333    0   45   -0.00000    0.08333      -     -    0s
     0     0    0.08333    0   63   -0.00000    0.08333      -     -    0s
     0     0    0.08333    0   64   -0.00000    0.08333      -     -    0s
     0     0    0.08333    0   77   -0.00000    0.08333      -     -    0s
     0     0    0.08333    0   51   -0.00000    0.08333      -     -    0s
H    0     0                       0.0000000    0.08333      -     -    0s
H    0     0                       0.0000001    0.08333      -     -    0s
     0     0    0.08333    0   44    0.00000    0.08333      -     -    0s
     0     0    0.08333    0   51    0.00000    0.08333      -     -    0s
     0     0    0.08333    0   51    0.00000    0.08333      -     -    0s
     0     2    0.08333    0   51    0.00000    0.08333      -     -    0s
H 1049   913                       0.0000003    0.08333      -  19.9    1s
H 1149   946                       0.0000004    0.08333      -  20.3    1s
H 1152   900                       0.0015808    0.07677  4756%  20.3    1s
H 1217   904                       0.0021097    0.07677  3539%  22.5    1s
H 1288   927                       0.0021097    0.07677  3539%  22.5    1s
H 1899  1226                       0.0027705    0.07677  2671%  23.6    1s
H 1948  1149                       0.0041275    0.07677  1760%  23.6    1s
H 2647  1394                       0.0043746    0.07450  1603%  26.2    1s
H 3657  1910                       0.0044326    0.06917  1460%  28.0    2s
H 3680  1962                       0.0044326    0.06884  1453%  28.0    2s
H 4858  2540                       0.0054879    0.06663  1114%  27.7    2s
H 5965  3002                       0.0064686    0.06644   927%  27.4    2s
H 7010  3704                       0.0065801    0.06521   891%  28.4    3s
H 7077  3882                       0.0065801    0.06521   891%  28.5    3s
H 8221  4299                       0.0069855    0.06448   823%  28.8    3s
H 8382  4458                       0.0069855    0.06448   823%  28.7    3s
H 9516  4525                       0.0088355    0.06255   608%  29.6    4s
H 9592  4487                       0.0089829    0.06255   596%  29.7    4s
H 9593  4481                       0.0089975    0.06255   595%  29.7    4s
 12062  6027     cutoff   42         0.00900    0.06017   569%  30.2    5s
 31138 15243    0.00949   46   52    0.00900    0.05317   491%  31.3   10s
 47172 23195    0.01237   40   54    0.00900    0.05051   461%  31.8   15s
 66069 32670    0.02013   40   51    0.00900    0.04890   443%  31.7   20s
 85624 42113    0.02212   29   53    0.00900    0.04759   429%  31.3   25s
 105412 51527 infeasible   41         0.00900    0.04662   418%  31.2   30s
 124563 60666     cutoff   47         0.00900    0.04603   412%  31.3   35s
 143913 69949     cutoff   44         0.00900    0.04542   405%  31.2   40s
 163040 78701     cutoff   46         0.00900    0.04490   399%  31.3   45s
 182419 86910    0.02448   33   59    0.00900    0.04446   394%  31.2   50s
 196319 93516    0.02722   35   64    0.00900    0.04422   392%  31.1   55s
 215038 102387     cutoff   30         0.00900    0.04390   388%  31.2   60s
 234021 110789    0.03905   31   60    0.00900    0.04361   385%  31.2   65s
 251783 118818    0.00920   47   50    0.00900    0.04329   381%  31.2   70s
 268971 126585     cutoff   34         0.00900    0.04304   378%  31.3   75s
 288151 134890    0.01856   36   52    0.00900    0.04277   375%  31.3   80s
 307182 143108    0.03739   30   56    0.00900    0.04253   373%  31.3   85s
 325862 151128    0.03297   30   52    0.00900    0.04226   370%  31.2   90s
 344086 158866    0.03493   24   57    0.00900    0.04207   368%  31.3   95s
 362554 166717    0.01726   36   55    0.00900    0.04189   366%  31.3  100s
 381331 174699    0.01032   41   60    0.00900    0.04172   364%  31.3  105s
 399945 182458    0.03168   33   62    0.00900    0.04155   362%  31.4  110s
H403079 183925                       0.0089976    0.04152   361%  31.4  110s
H404403 180161                       0.0095135    0.04151   336%  31.4  111s
H404404 175781                       0.0100551    0.04151   313%  31.4  111s
H404683 175946                       0.0100551    0.04151   313%  31.4  111s
H406512 172936                       0.0104494    0.04149   297%  31.4  111s
 412988 175597    0.01472   33   54    0.01045    0.04140   296%  31.4  115s
 431154 183073    0.03287   30   57    0.01045    0.04122   294%  31.4  120s
 450014 190530    0.01829   35   50    0.01045    0.04105   293%  31.4  125s
 468226 197877    0.03061   39   56    0.01045    0.04091   292%  31.4  130s
 486593 205107    0.01432   48   59    0.01045    0.04075   290%  31.4  135s
 504676 211973     cutoff   27         0.01045    0.04059   288%  31.4  140s
 524241 219674    0.02244   40   51    0.01045    0.04046   287%  31.4  145s
 543396 227152    0.02166   36   52    0.01045    0.04032   286%  31.3  150s
 561631 234307     cutoff   39         0.01045    0.04020   285%  31.3  155s
 580537 241937    0.02847   38   56    0.01045    0.04008   284%  31.3  160s
 598965 249338    0.02513   36   47    0.01045    0.03997   282%  31.3  165s
 617400 256651     cutoff   32         0.01045    0.03985   281%  31.4  170s
 635331 263385    0.02824   29   53    0.01045    0.03974   280%  31.3  175s
 649090 268491    0.01368   42   44    0.01045    0.03964   279%  31.3  180s
 665439 274993    0.01053   31   50    0.01045    0.03955   279%  31.3  185s
 682548 281529     cutoff   36         0.01045    0.03946   278%  31.3  190s
 701120 288966     cutoff   43         0.01045    0.03936   277%  31.3  195s
 719558 295929    0.01145   43   53    0.01045    0.03927   276%  31.3  200s
 738537 303280    0.03880   31   57    0.01045    0.03918   275%  31.3  205s
 757951 310224    0.01467   39   60    0.01045    0.03907   274%  31.3  210s
 777363 318043     cutoff   32         0.01045    0.03899   273%  31.3  215s
 796203 324995    0.01924   42   58    0.01045    0.03891   272%  31.2  220s
 814554 331665    0.01937   41   54    0.01045    0.03881   271%  31.2  225s
 833489 338845     cutoff   40         0.01045    0.03873   271%  31.2  230s
 852770 346102     cutoff   48         0.01045    0.03864   270%  31.2  235s
 871920 353015    0.01468   35   51    0.01045    0.03856   269%  31.2  240s
 886057 359710     cutoff   38         0.01045    0.03850   268%  31.2  245s
 905460 365687    0.01261   46   56    0.01045    0.03842   268%  31.2  250s
 924273 372730     cutoff   44         0.01045    0.03834   267%  31.2  255s
 943312 379869    0.01596   40   55    0.01045    0.03825   266%  31.2  260s
H946962 328491                       0.0132835    0.03823   188%  31.2  261s
H947354 328332                       0.0132835    0.03823   188%  31.1  261s
H947409 328475                       0.0132835    0.03823   188%  31.1  261s
 960071 332808 infeasible   45         0.01328    0.03817   187%  31.1  265s
 979531 339102     cutoff   47         0.01328    0.03807   187%  31.1  270s
 999390 345524    0.03222   37   54    0.01328    0.03797   186%  31.1  275s
H1003996 347104                       0.0132835    0.03794   186%  31.1  276s
 1017238 351450    0.01928   40   53    0.01328    0.03789   185%  31.1  280s
 1036207 357595 infeasible   40         0.01328    0.03781   185%  31.1  285s
 1055256 363850    0.03277   29   60    0.01328    0.03773   184%  31.1  290s
 1074467 370146    0.01790   36   54    0.01328    0.03765   183%  31.0  295s
 1094007 376546     cutoff   48         0.01328    0.03757   183%  31.0  300s
 1110252 381761    0.01581   43   56    0.01328    0.03751   182%  31.0  305s
 1129945 388126    0.03223   35   51    0.01328    0.03743   182%  31.0  310s
 1143514 392563    0.03065   30   47    0.01328    0.03739   181%  31.0  315s
 1163167 398760    0.03321   43   49    0.01328    0.03731   181%  31.0  320s
 1182689 405178    0.01769   34   48    0.01328    0.03724   180%  31.0  325s
 1202481 411359    0.02700   37   48    0.01328    0.03719   180%  31.0  330s
 1221960 417274    0.03014   29   63    0.01328    0.03712   179%  30.9  335s
 1241436 423603     cutoff   41         0.01328    0.03706   179%  30.9  340s
 1261323 429926    0.01565   42   52    0.01328    0.03700   179%  30.9  345s
 1280427 436319    0.01571   40   54    0.01328    0.03695   178%  30.9  350s
 1300661 442576     cutoff   44         0.01328    0.03689   178%  30.9  355s
 1319957 448681    0.02101   37   55    0.01328    0.03683   177%  30.9  360s

Cutting planes:
  Gomory: 63
  Implied bound: 34
  MIR: 17
  Mixing: 1
  Flow cover: 150
  Inf proof: 10
  RLT: 126
  Relax-and-lift: 25
  BQP: 51

Explored 1320228 nodes (40774173 simplex iterations) in 360.00 seconds (400.56 work units)
Thread count was 4 (of 4 available processors)

Solution count 10: 0.0132835 0.0104494 0.0100551 ... 0.00658011

Time limit reached
Best objective 1.328354675768e-02, best bound 3.683082294761e-02, gap 177.2665%
{"verdict": "UNRESOLVED", "status": "TIME_LIMIT", "runtime": 360.00296807289124, "objval": 0.013283546757675083, "objbound": 0.03683082294761254, "binaries": 50}
