Set parameter NodefileStart to value 6
Read parameters from file gurobi.env
Restricted license - for non-production use only - expires 2027-11-29
Set parameter OutputFlag to value 1
Set parameter Threads to value 4
Set parameter TimeLimit to value 360
Set parameter MIPGap to value 5e-05
Set parameter MIPFocus to value 2
Set parameter NonConvex to value 2
Set parameter BestBdStop to value 2.7426211734693878e-02
Gurobi Optimizer version 13.0.3 build v13.0.3rc0 (linux64 - "Ubuntu 24.04.5 LTS")

CPU model: AMD EPYC 7763 64-Core Processor, instruction set [SSE2|AVX|AVX2]
Thread count: 2 physical cores, 4 logical processors, using up to 4 threads

Non-default parameters:
TimeLimit  360
BestBdStop  2.7426211734693878e-02
MIPGap  5e-05
MIPFocus  2
NodefileStart  6
NonConvex  2
Threads  4

Optimize a model with 133 rows, 103 columns and 742 nonzeros (Max)
Model fingerprint: 0x3bbff36d
Model has 1 linear objective coefficients
Model has 50 quadratic constraints
Variable types: 65 continuous, 38 integer (38 binary)
Coefficient statistics:
  Matrix range     [5e-01, 1e+00]
  QMatrix range    [1e+00, 1e+00]
  QLMatrix range   [1e+00, 1e+00]
  Objective range  [1e+00, 1e+00]
  Bounds range     [5e-01, 1e+00]
  RHS range        [1e+00, 1e+00]

Found heuristic solution: objective -0.0000000
Presolve time: 0.00s
Presolved: 333 rows, 104 columns, 1142 nonzeros
Presolved model has 50 bilinear constraint(s)

Solving non-convex MIQCP to global optimality

Variable types: 66 continuous, 38 integer (38 binary)
Root relaxation presolve removed 66 rows and 9 columns
Root relaxation presolved: 267 rows, 95 columns, 996 nonzeros


Root relaxation: objective 1.000000e-01, 103 iterations, 0.00 seconds (0.00 work units)

    Nodes    |    Current Node    |     Objective Bounds      |     Work
 Expl Unexpl |  Obj  Depth IntInf | Incumbent    BestBd   Gap | It/Node Time

     0     0    0.10000    0   37   -0.00000    0.10000      -     -    0s
     0     0    0.08333    0   46   -0.00000    0.08333      -     -    0s
     0     0    0.08333    0   50   -0.00000    0.08333      -     -    0s
     0     0    0.08333    0   41   -0.00000    0.08333      -     -    0s
     0     0    0.07952    0   41   -0.00000    0.07952      -     -    0s
     0     2    0.07952    0   41   -0.00000    0.07952      -     -    0s
H   57    65                       0.0000000    0.07952      -  30.5    0s
H 1507  1212                       0.0000000    0.07813      -  23.0    1s
H 2070  1421                       0.0000002    0.07067      -  23.6    1s
H 3050  1939                       0.0000003    0.06962      -  25.3    2s
* 3129  1866             135       0.0000004    0.06962      -  25.0    2s
* 3226  1854             142       0.0000005    0.06875      -  25.0    2s
* 3232  1808             140       0.0000005    0.06875      -  25.0    2s
* 3679  2113             130       0.0000005    0.06858      -  24.1    2s
* 5786  4046             147       0.0000005    0.06346      -  22.6    2s
* 8733  6256             124       0.0000007    0.06250      -  20.0    3s
 17514 12924    0.00001   63   33    0.00000    0.05894      -  19.7    5s
 35066 25027    0.00897   31   53    0.00000    0.05423      -  24.4   10s
 54478 38412    0.00691   49   50    0.00000    0.05205      -  26.5   15s
*57009 39722             132       0.0000007    0.05169      -  26.7   15s
*57012 39652             133       0.0000007    0.05169      -  26.7   15s
*57013 39599             133       0.0000007    0.05169      -  26.7   15s
*57312 39851             133       0.0000007    0.05164      -  26.7   15s
 74830 52156     cutoff   38         0.00000    0.05010      -  28.0   20s
 94289 66032    0.03138   30   51    0.00000    0.04929      -  28.5   25s
 115487 81359    0.00395   46   50    0.00000    0.04831      -  28.5   30s
 137157 96133     cutoff   63         0.00000    0.04744      -  28.8   35s
 154768 108531    0.00429   48   50    0.00000    0.04677      -  29.1   40s
*159618 111231             120       0.0000008    0.04659      -  29.2   41s
H167989 116770                       0.0000008    0.04619      -  29.2   43s
H169304 117797                       0.0000008    0.04615      -  29.2   44s
 172295 119755    0.03728   31   53    0.00000    0.04607      -  29.1   45s
 193382 133494    0.02340   38   50    0.00000    0.04551      -  29.2   50s
H205347 141700                       0.0000008    0.04528      -  29.4   52s
 214077 147440     cutoff   88         0.00000    0.04500      -  29.4   55s
 232160 159342    0.00097   50   38    0.00000    0.04459      -  29.5   60s
 252547 172518    0.00000   91   26    0.00000    0.04408      -  29.6   65s
 273084 186609    0.00000   84   35    0.00000    0.04375      -  29.7   70s
 291192 197974    0.00000   76   27    0.00000    0.04336      -  29.7   75s
 310600 210639    0.04174   29   51    0.00000    0.04305      -  29.9   80s
 331315 223986    0.02929   34   51    0.00000    0.04267      -  29.9   85s
 351415 237259    0.00076   53   52    0.00000    0.04237      -  29.9   90s
 372883 251082    0.02729   35   50    0.00000    0.04204      -  29.9   95s
 393011 265189    0.00000   89   32    0.00000    0.04178      -  29.9  100s
 411655 276973     cutoff   47         0.00000    0.04160      -  29.8  105s
 431909 290052    0.00439   42   45    0.00000    0.04134      -  29.9  110s
 449353 301249    0.01146   43   51    0.00000    0.04116      -  29.9  115s
*458255 306186             129       0.0000008    0.04110      -  29.9  117s
 468117 312954    0.00476   41   50    0.00000    0.04097      -  29.8  120s
 488198 325506    0.00006   74   50    0.00000    0.04076      -  29.9  125s
 508481 338868    0.00000   95   32    0.00000    0.04058      -  29.8  130s
H513684 339100                       0.0000009    0.04053      -  29.9  131s
 524389 345367    0.03605   31   55    0.00000    0.04042      -  29.9  135s
 544082 357490    0.00000   71   29    0.00000    0.04022      -  30.0  140s
 565485 371197    0.00002   74   49    0.00000    0.04005      -  30.0  145s
 585075 384515    0.00007   69   50    0.00000    0.03993      -  29.9  150s
 606555 397796     cutoff   43         0.00000    0.03978      -  30.0  155s
H625454 409044                       0.0000010    0.03966      -  30.0  159s
H625456 408986                       0.0000010    0.03966      -  30.0  159s
 625881 409433    0.00006   47   44    0.00000    0.03966      -  30.0  160s
 645420 421457    0.01924   39   53    0.00000    0.03951      -  30.0  165s
 665908 434356    0.03734   29   55    0.00000    0.03939      -  30.0  170s
H674580 439176                       0.0000010    0.03934      -  30.0  172s
 682914 444545    0.01342   44   45    0.00000    0.03928      -  30.0  175s
 703104 456985     cutoff   50         0.00000    0.03914      -  30.0  180s
H719685 464240                       0.0000011    0.03901      -  30.0  184s
H720373 464855                       0.0000011    0.03901      -  30.0  185s
 739956 476642    0.03387   29   50    0.00000    0.03889      -  30.0  190s
 759184 487895     cutoff   45         0.00000    0.03876      -  30.1  195s
 780629 500517     cutoff   48         0.00000    0.03863      -  30.1  200s
 800710 513217     cutoff   81         0.00000    0.03853      -  30.2  205s
 820690 525554     cutoff   76         0.00000    0.03842      -  30.2  210s
H823724 525315                       0.0000012    0.03841      -  30.2  211s
H825154 524959                       0.0000012    0.03840      -  30.2  211s
 836493 531822    0.00110   43   44    0.00000    0.03834      -  30.2  215s
 858255 544867     cutoff   68         0.00000    0.03824      -  30.2  220s
 878209 556591    0.00004   81   49    0.00000    0.03813      -  30.2  225s
 898003 568139    0.01306   39   37    0.00000    0.03801      -  30.3  230s
 918167 579849    0.00010   52   21    0.00000    0.03792      -  30.3  235s
 936588 590209     cutoff   50         0.00000    0.03785      -  30.3  240s
 957235 602620    0.00377   46   44    0.00000    0.03776      -  30.3  245s
 975632 614026     cutoff   47         0.00000    0.03768      -  30.4  250s
 993367 624137     cutoff   52         0.00000    0.03760      -  30.4  255s
 1011270 634110    0.02589   37   51    0.00000    0.03751      -  30.4  260s
 1030822 645880    0.00749   52   50    0.00000    0.03741      -  30.4  265s
 1046323 655178    0.00305   54   51    0.00000    0.03735      -  30.4  270s
 1066396 666240     cutoff   41         0.00000    0.03727      -  30.5  275s
 1087884 678613    0.00000   58   30    0.00000    0.03717      -  30.5  280s
 1107846 690897     cutoff   46         0.00000    0.03710      -  30.5  285s
 1127623 702689    0.00649   40   45    0.00000    0.03702      -  30.5  290s
 1147613 714704    0.00152   43   38    0.00000    0.03693      -  30.5  295s
 1169294 728193    0.00627   41   37    0.00000    0.03684      -  30.4  300s
 1189412 740023    0.01353   47   50    0.00000    0.03676      -  30.5  305s
 1208335 750684    0.00038   59   51    0.00000    0.03667      -  30.5  310s
 1226194 761017     cutoff   85         0.00000    0.03660      -  30.5  315s
 1246506 772992    0.00000   87   33    0.00000    0.03652      -  30.5  320s
 1267252 785184    0.01744   38   50    0.00000    0.03643      -  30.5  325s
 1287825 797105    0.01881   39   50    0.00000    0.03636      -  30.5  330s
 1307390 809345    0.02979   36   53    0.00000    0.03629      -  30.5  335s
 1325686 819887    0.01465   39   51    0.00000    0.03622      -  30.6  340s
 1345892 832090    0.00021   46   51    0.00000    0.03616      -  30.6  345s
 1365303 843207    0.00156   38   30    0.00000    0.03610      -  30.6  350s
 1385017 854028    0.00651   44   51    0.00000    0.03603      -  30.6  355s
 1402806 864171     cutoff   75         0.00000    0.03598      -  30.6  360s

Cutting planes:
  Gomory: 3
  Implied bound: 15
  MIR: 2
  Flow cover: 25
  Inf proof: 5
  RLT: 86
  Relax-and-lift: 23
  BQP: 31

Explored 1402844 nodes (42958558 simplex iterations) in 360.00 seconds (363.60 work units)
Thread count was 4 (of 4 available processors)

Solution count 10: 1.22991e-06 1.17271e-06 1.09593e-06 ... 7.77909e-07

Time limit reached
Best objective 1.229908889152e-06, best bound 3.597718081320e-02, gap 2925090.7300%
{"verdict": "UNRESOLVED", "status": "TIME_LIMIT", "runtime": 360.00193905830383, "objval": 1.2299088891520522e-06, "objbound": 0.03597718081319611, "binaries": 38}
