Set parameter NodefileStart to value 6
Read parameters from file gurobi.env
Restricted license - for non-production use only - expires 2027-11-29
Set parameter OutputFlag to value 1
Set parameter Threads to value 4
Set parameter TimeLimit to value 360
Set parameter MIPGap to value 5e-05
Set parameter MIPFocus to value 2
Set parameter NonConvex to value 2
Set parameter BestBdStop to value 2.7426211734693878e-02
Gurobi Optimizer version 13.0.3 build v13.0.3rc0 (linux64 - "Ubuntu 24.04.5 LTS")

CPU model: Intel(R) Xeon(R) 6973P-C, instruction set [SSE2|AVX|AVX2|AVX512]
Thread count: 2 physical cores, 4 logical processors, using up to 4 threads

Non-default parameters:
TimeLimit  360
BestBdStop  2.7426211734693878e-02
MIPGap  5e-05
MIPFocus  2
NodefileStart  6
NonConvex  2
Threads  4

Optimize a model with 125 rows, 95 columns and 686 nonzeros (Max)
Model fingerprint: 0x778b451f
Model has 1 linear objective coefficients
Model has 50 quadratic constraints
Variable types: 65 continuous, 30 integer (30 binary)
Coefficient statistics:
  Matrix range     [5e-01, 1e+00]
  QMatrix range    [1e+00, 1e+00]
  QLMatrix range   [1e+00, 1e+00]
  Objective range  [1e+00, 1e+00]
  Bounds range     [5e-01, 1e+00]
  RHS range        [1e+00, 1e+00]

Found heuristic solution: objective -0.0000000
Presolve time: 0.00s
Presolved: 325 rows, 96 columns, 1086 nonzeros
Presolved model has 50 bilinear constraint(s)

Solving non-convex MIQCP to global optimality

Variable types: 66 continuous, 30 integer (30 binary)
Root relaxation presolve removed 50 rows and 1 columns
Root relaxation presolved: 275 rows, 95 columns, 1036 nonzeros


Root relaxation: objective 8.333333e-02, 109 iterations, 0.00 seconds (0.00 work units)

    Nodes    |    Current Node    |     Objective Bounds      |     Work
 Expl Unexpl |  Obj  Depth IntInf | Incumbent    BestBd   Gap | It/Node Time

     0     0    0.08333    0   48   -0.00000    0.08333      -     -    0s
     0     0    0.08333    0   43   -0.00000    0.08333      -     -    0s
     0     0    0.06250    0   53   -0.00000    0.06250      -     -    0s
H    0     0                       0.0000000    0.06250      -     -    0s
     0     0    0.05634    0   56    0.00000    0.05634      -     -    0s
     0     0    0.05556    0   47    0.00000    0.05556      -     -    0s
     0     0    0.05495    0   56    0.00000    0.05495      -     -    0s
     0     0    0.05430    0   55    0.00000    0.05430      -     -    0s
     0     0    0.05405    0   55    0.00000    0.05405      -     -    0s
     0     0    0.05405    0   54    0.00000    0.05405      -     -    0s
     0     0    0.05405    0   55    0.00000    0.05405      -     -    0s
     0     0    0.05405    0   55    0.00000    0.05405      -     -    0s
     0     0    0.05405    0   55    0.00000    0.05405      -     -    0s
     0     0    0.05405    0   55    0.00000    0.05405      -     -    0s
     0     2    0.05405    0   55    0.00000    0.05405      -     -    0s
H   33    45                       0.0000000    0.05405      -  22.3    0s
H  104   127                       0.0000000    0.05405      -  30.4    0s
H  489   464                       0.0000000    0.05405      -  23.7    0s
*  492   464              71       0.0000000    0.05405      -  23.7    0s
*  493   464              71       0.0000000    0.05405      -  23.6    0s
*  519   464              79       0.0000000    0.05405      -  23.0    0s
*  617   521              80       0.0000001    0.05405      -  22.6    0s
*  635   557              87       0.0000002    0.05405      -  22.2    0s
H  802   644                       0.0000002    0.05405      -  23.5    0s
H 1227   897                       0.0000003    0.05000      -  23.2    1s
H 4828  2388                       0.0000004    0.03237      -  24.1    2s
H 7319  3724                       0.0000004    0.02974      -  23.4    2s

Cutting planes:
  Gomory: 18
  Flow cover: 3
  RLT: 47
  BQP: 12

Explored 11227 nodes (258503 simplex iterations) in 3.30 seconds (4.07 work units)
Thread count was 4 (of 4 available processors)

Solution count 10: 4.1783e-07 4.07401e-07 2.77656e-07 ... 1.76129e-08

Optimization achieved user objective limit
Best objective 4.178304341546e-07, best bound 2.690414902510e-02, gap -
{"verdict": "PROVED", "status": "BOUND_REACHED", "runtime": 3.3023929595947266, "objval": 4.1783043415455367e-07, "objbound": 0.0269041490250985, "binaries": 30}
