Set parameter NodefileStart to value 6
Read parameters from file gurobi.env
Restricted license - for non-production use only - expires 2027-11-29
Set parameter OutputFlag to value 1
Set parameter Threads to value 4
Set parameter TimeLimit to value 360
Set parameter MIPGap to value 5e-05
Set parameter MIPFocus to value 2
Set parameter NonConvex to value 2
Set parameter BestBdStop to value 2.7426211734693878e-02
Gurobi Optimizer version 13.0.3 build v13.0.3rc0 (linux64 - "Ubuntu 24.04.5 LTS")

CPU model: AMD EPYC 7763 64-Core Processor, instruction set [SSE2|AVX|AVX2]
Thread count: 2 physical cores, 4 logical processors, using up to 4 threads

Non-default parameters:
TimeLimit  360
BestBdStop  2.7426211734693878e-02
MIPGap  5e-05
MIPFocus  2
NodefileStart  6
NonConvex  2
Threads  4

Optimize a model with 129 rows, 99 columns and 714 nonzeros (Max)
Model fingerprint: 0xd8d56947
Model has 1 linear objective coefficients
Model has 50 quadratic constraints
Variable types: 65 continuous, 34 integer (34 binary)
Coefficient statistics:
  Matrix range     [5e-01, 1e+00]
  QMatrix range    [1e+00, 1e+00]
  QLMatrix range   [1e+00, 1e+00]
  Objective range  [1e+00, 1e+00]
  Bounds range     [5e-01, 1e+00]
  RHS range        [1e+00, 1e+00]

Found heuristic solution: objective -0.0000000
Presolve time: 0.00s
Presolved: 329 rows, 100 columns, 1114 nonzeros
Presolved model has 50 bilinear constraint(s)

Solving non-convex MIQCP to global optimality

Variable types: 66 continuous, 34 integer (34 binary)
Root relaxation presolve removed 50 rows and 1 columns
Root relaxation presolved: 279 rows, 99 columns, 1064 nonzeros


Root relaxation: objective 1.250000e-01, 113 iterations, 0.00 seconds (0.00 work units)

    Nodes    |    Current Node    |     Objective Bounds      |     Work
 Expl Unexpl |  Obj  Depth IntInf | Incumbent    BestBd   Gap | It/Node Time

     0     0    0.12500    0   51   -0.00000    0.12500      -     -    0s
     0     0    0.10000    0   46   -0.00000    0.10000      -     -    0s
     0     0    0.08333    0   48   -0.00000    0.08333      -     -    0s
     0     0    0.07500    0   66   -0.00000    0.07500      -     -    0s
     0     0    0.07500    0   68   -0.00000    0.07500      -     -    0s
     0     0    0.07143    0   66   -0.00000    0.07143      -     -    0s
     0     0    0.07143    0   68   -0.00000    0.07143      -     -    0s
     0     0    0.07143    0   69   -0.00000    0.07143      -     -    0s
     0     0    0.07143    0   69   -0.00000    0.07143      -     -    0s
     0     0    0.07143    0   68   -0.00000    0.07143      -     -    0s
     0     0    0.07143    0   67   -0.00000    0.07143      -     -    0s
     0     0    0.07143    0   68   -0.00000    0.07143      -     -    0s
     0     0    0.07143    0   67   -0.00000    0.07143      -     -    0s
     0     0    0.07143    0   68   -0.00000    0.07143      -     -    0s
     0     0    0.07143    0   68   -0.00000    0.07143      -     -    0s
     0     0    0.07143    0   68   -0.00000    0.07143      -     -    0s
     0     0    0.07143    0   68   -0.00000    0.07143      -     -    0s
     0     2    0.07143    0   68   -0.00000    0.07143      -     -    0s
*  918   844              91       0.0000000    0.07099      -  24.3    0s
*  963   894              88       0.0000001    0.06897      -  24.4    0s
*  967   894              90       0.0000001    0.06897      -  24.3    0s
*  968   890              90       0.0000001    0.06897      -  24.3    0s
H 1121   922                       0.0000004    0.04019      -  25.2    1s
H 2168  1366                       0.0000005    0.03631      -  30.5    2s
H 2630  1589                       0.0000006    0.03631      -  32.5    2s
 11505  7784    0.00014   37   53    0.00000    0.03631      -  30.8    5s
 28692 19029    0.00141   37   50    0.00000    0.03631      -  30.5   10s
 47527 32271    0.00000   77   37    0.00000    0.03631      -  30.5   15s
 67805 45407    0.00000   54   33    0.00000    0.03631      -  30.7   20s
 89012 59236    0.00055   41   43    0.00000    0.03631      -  30.6   25s
H101937 67483                       0.0000007    0.03631      -  30.8   28s
 108935 72656    0.00000   84   32    0.00000    0.03631      -  30.7   30s
 129771 86878    0.01128   29   49    0.00000    0.03631      -  30.9   35s
 150667 99061    0.00003   41   38    0.00000    0.03631      -  30.7   40s
 167982 109948     cutoff   46         0.00000    0.03631      -  30.7   45s
 189021 123533    0.02405   28   50    0.00000    0.03631      -  30.7   50s
 208642 136611    0.00002   60   50    0.00000    0.03622      -  30.8   55s
 230012 150193    0.03001   25   55    0.00000    0.03586      -  30.9   60s
 249644 162664    0.00001   66   45    0.00000    0.03556      -  31.0   65s
 270384 175784    0.00002   46   43    0.00000    0.03521      -  31.0   70s
 290466 188583    0.00012   43   48    0.00000    0.03489      -  31.1   75s
 309764 200833    0.00728   34   50    0.00000    0.03459      -  31.0   80s
 329872 213451    0.00010   62   35    0.00000    0.03431      -  31.0   85s
 350209 226189    0.00000   58   35    0.00000    0.03403      -  31.2   90s
 370371 238716    0.00404   35   37    0.00000    0.03383      -  31.3   95s
 389162 249412    0.00044   29   37    0.00000    0.03359      -  31.2  100s
 409280 262305    0.00507   33   43    0.00000    0.03341      -  31.2  105s
 428619 274758    0.00032   39   36    0.00000    0.03322      -  31.2  110s
 448904 288293    0.00002   66   34    0.00000    0.03304      -  31.2  115s
 466427 299209    0.00188   39   43    0.00000    0.03288      -  31.2  120s
 482728 309141    0.01763   30   51    0.00000    0.03275      -  31.2  125s
 502105 321190    0.01993   26   51    0.00000    0.03259      -  31.2  130s
 522802 333482     cutoff   41         0.00000    0.03243      -  31.2  135s
 543084 345585    0.00000   58   31    0.00000    0.03223      -  31.1  140s
 562098 357086    0.00962   34   45    0.00000    0.03209      -  31.1  145s
 581700 368525    0.00003   43   44    0.00000    0.03194      -  31.2  150s
 602519 380641    0.00003   63   48    0.00000    0.03178      -  31.2  155s
 623121 393426    0.00029   56   50    0.00000    0.03163      -  31.2  160s
 643242 405430    0.00002   45   42    0.00000    0.03151      -  31.2  165s
H662303 414616                       0.0000008    0.03138      -  31.2  169s
 662523 414624    0.01014   31   45    0.00000    0.03138      -  31.2  170s
 680414 425779 infeasible   60         0.00000    0.03125      -  31.3  175s
 699974 437375    0.00133   50   50    0.00000    0.03115      -  31.3  180s
 720318 449860    0.00004   62   39    0.00000    0.03101      -  31.3  185s
 740894 462290    0.00000   67   24    0.00000    0.03089      -  31.4  190s
 759838 474006    0.00037   44   50    0.00000    0.03077      -  31.4  195s
 779496 486162    0.00003   70   36    0.00000    0.03067      -  31.4  200s
 798689 498074    0.00707   39   52    0.00000    0.03056      -  31.4  205s
 816828 509057    0.00481   38   50    0.00000    0.03044      -  31.5  210s
 836951 521892    0.00000   53   25    0.00000    0.03034      -  31.5  215s
 856047 533609    0.01594   36   51    0.00000    0.03023      -  31.5  220s
 875521 545575    0.00001   70   50    0.00000    0.03013      -  31.5  225s
 895584 557757    0.00000   54   27    0.00000    0.03002      -  31.5  230s
 915727 569373    0.00002   41   32    0.00000    0.02991      -  31.6  235s
 935775 582477    0.00210   40   43    0.00000    0.02984      -  31.6  240s
 952317 592547    0.01451   33   52    0.00000    0.02977      -  31.6  245s
 973224 604106    0.00003   60   36    0.00000    0.02965      -  31.6  250s
 992071 615457    0.00012   39   48    0.00000    0.02957      -  31.6  255s
 1009626 626259    0.00002   47   30    0.00000    0.02948      -  31.6  260s
 1025217 636236     cutoff   75         0.00000    0.02941      -  31.7  265s
 1045646 649349     cutoff   86         0.00000    0.02933      -  31.7  270s
 1066288 662658    0.00063   51   37    0.00000    0.02924      -  31.7  275s
 1084458 672268    0.00022   38   43    0.00000    0.02914      -  31.6  280s
 1103153 684283    0.00135   37   50    0.00000    0.02908      -  31.7  285s
 1120253 693923     cutoff   45         0.00000    0.02902      -  31.7  290s
 1140432 706922    0.00001   69   30    0.00000    0.02893      -  31.7  295s
 1159447 719382    0.00013   54   50    0.00000    0.02886      -  31.7  300s
 1179572 732428    0.00004   74   40    0.00000    0.02880      -  31.7  305s
 1200271 745400    0.00066   49   50    0.00000    0.02873      -  31.7  310s
 1217820 755458    0.00011   41   42    0.00000    0.02866      -  31.8  315s
 1238809 767341    0.00275   43   50    0.00000    0.02856      -  31.7  320s
 1258114 778013    0.00007   43   26    0.00000    0.02848      -  31.7  325s
 1277891 789730    0.00103   43   50    0.00000    0.02840      -  31.8  330s
 1297913 801293     cutoff   59         0.00000    0.02833      -  31.7  335s
 1317933 813247    0.00527   32   50    0.00000    0.02826      -  31.8  340s
 1337851 824913    0.00050   48   49    0.00000    0.02819      -  31.8  345s
 1354658 835296     cutoff   32         0.00000    0.02812      -  31.8  350s
 1375125 847330    0.00018   42   51    0.00000    0.02804      -  31.8  355s
 1394488 857877    0.00680   36   50    0.00000    0.02796      -  31.8  360s

Cutting planes:
  Gomory: 24
  Lift-and-project: 1
  MIR: 5
  Flow cover: 6
  RLT: 54
  Relax-and-lift: 2
  BQP: 18

Explored 1394675 nodes (44346771 simplex iterations) in 360.00 seconds (352.83 work units)
Thread count was 4 (of 4 available processors)

Solution count 9: 7.76415e-07 7.13306e-07 4.52813e-07 ... -0

Time limit reached
Best objective 7.764150471018e-07, best bound 2.796141502207e-02, gap -
{"verdict": "UNRESOLVED", "status": "TIME_LIMIT", "runtime": 360.0021560192108, "objval": 7.764150471017974e-07, "objbound": 0.027961415022067178, "binaries": 34}
