Set parameter NodefileStart to value 6
Read parameters from file gurobi.env
Restricted license - for non-production use only - expires 2027-11-29
Set parameter OutputFlag to value 1
Set parameter Threads to value 4
Set parameter TimeLimit to value 360
Set parameter MIPGap to value 5e-05
Set parameter MIPFocus to value 2
Set parameter NonConvex to value 2
Set parameter BestBdStop to value 2.7426211734693878e-02
Gurobi Optimizer version 13.0.3 build v13.0.3rc0 (linux64 - "Ubuntu 24.04.5 LTS")

CPU model: Intel(R) Xeon(R) 6973P-C, instruction set [SSE2|AVX|AVX2|AVX512]
Thread count: 2 physical cores, 4 logical processors, using up to 4 threads

Non-default parameters:
TimeLimit  360
BestBdStop  2.7426211734693878e-02
MIPGap  5e-05
MIPFocus  2
NodefileStart  6
NonConvex  2
Threads  4

Optimize a model with 141 rows, 111 columns and 810 nonzeros (Max)
Model fingerprint: 0x30f91ceb
Model has 1 linear objective coefficients
Model has 50 quadratic constraints
Variable types: 65 continuous, 46 integer (46 binary)
Coefficient statistics:
  Matrix range     [5e-01, 1e+00]
  QMatrix range    [1e+00, 1e+00]
  QLMatrix range   [1e+00, 1e+00]
  Objective range  [1e+00, 1e+00]
  Bounds range     [5e-01, 1e+00]
  RHS range        [1e+00, 1e+00]

Found heuristic solution: objective -0.0000000
Presolve time: 0.00s
Presolved: 341 rows, 112 columns, 1210 nonzeros
Presolved model has 50 bilinear constraint(s)

Solving non-convex MIQCP to global optimality

Variable types: 66 continuous, 46 integer (46 binary)
Root relaxation presolve removed 50 rows and 1 columns
Root relaxation presolved: 291 rows, 111 columns, 1160 nonzeros


Root relaxation: objective 1.250000e-01, 115 iterations, 0.00 seconds (0.00 work units)

    Nodes    |    Current Node    |     Objective Bounds      |     Work
 Expl Unexpl |  Obj  Depth IntInf | Incumbent    BestBd   Gap | It/Node Time

     0     0    0.12500    0   44   -0.00000    0.12500      -     -    0s
     0     0    0.10000    0   54   -0.00000    0.10000      -     -    0s
     0     0    0.10000    0   73   -0.00000    0.10000      -     -    0s
     0     0    0.10000    0   69   -0.00000    0.10000      -     -    0s
     0     0    0.10000    0   71   -0.00000    0.10000      -     -    0s
     0     0    0.10000    0   50   -0.00000    0.10000      -     -    0s
H    0     0                       0.0000000    0.10000      -     -    0s
     0     0    0.10000    0   51    0.00000    0.10000      -     -    0s
     0     0    0.10000    0   58    0.00000    0.10000      -     -    0s
     0     0    0.10000    0   60    0.00000    0.10000      -     -    0s
     0     0    0.10000    0   74    0.00000    0.10000      -     -    0s
     0     0    0.10000    0   53    0.00000    0.10000      -     -    0s
     0     0    0.10000    0   53    0.00000    0.10000      -     -    0s
     0     2    0.10000    0   53    0.00000    0.10000      -     -    0s
H  362   380                       0.0000002    0.10000      -  41.1    0s
H  664   636                       0.0000002    0.10000      -  31.5    0s
*  672   636             114       0.0000002    0.10000      -  31.1    0s
H  947   830                       0.0000003    0.10000      -  30.6    0s
H 1042   908                       0.0000007    0.10000      -  31.0    0s
H 1445  1163                       0.0006784    0.09319      -  32.2    1s
H 1573  1177                       0.0006784    0.09319      -  30.6    1s
* 1581  1080              73       0.0020005    0.09017  4407%  30.5    1s
* 1584  1037              73       0.0020005    0.09017  4407%  30.4    1s
* 1585   997              73       0.0020005    0.09017  4407%  30.4    1s
H 1699   915                       0.0054696    0.08808  1510%  30.3    1s
H 1734   931                       0.0054696    0.08808  1510%  30.0    1s
* 1796   872             104       0.0056502    0.08808  1459%  29.7    1s
* 1797   840             104       0.0056524    0.08808  1458%  29.6    1s
H 1846   828                       0.0056524    0.08808  1458%  29.3    1s
H 3332  1404                       0.0061338    0.06717   995%  30.4    2s
H 9425  4420                       0.0082822    0.05563   572%  32.8    3s
H13052  6318                       0.0083360    0.05349   542%  34.7    4s
H13075  6045                       0.0092826    0.05349   476%  34.7    4s
H13078  5975                       0.0095420    0.05349   461%  34.7    4s
H13081  5970                       0.0095921    0.05349   458%  34.7    4s
H14630  6419                       0.0096974    0.05292   446%  34.6    4s
 16872  7461 infeasible   34         0.00970    0.05168   433%  34.9    5s
H18370  8027                       0.0096974    0.05099   426%  35.2    5s
H20300  8388                       0.0104309    0.05038   383%  35.4    6s
H20468  8561                       0.0104309    0.05029   382%  35.4    6s
H21948  9040                       0.0104309    0.04975   377%  35.7    6s
 37768 14807    0.01522   32   40    0.01043    0.04625   343%  36.6   10s
H49438 18895                       0.0104309    0.04480   329%  36.9   12s
 66163 25082    0.02082   31   50    0.01043    0.04345   317%  37.1   15s
 92616 34308 infeasible   39         0.01043    0.04176   300%  36.9   20s
 121497 43907     cutoff   43         0.01043    0.04042   287%  37.0   25s
H131658 45967                       0.0110149    0.04006   264%  37.0   26s
H133563 46605                       0.0110149    0.03995   263%  37.0   27s
 145536 50380    0.02788   31   52    0.01101    0.03956   259%  37.0   30s
 171444 57948    0.01993   35   52    0.01101    0.03871   251%  37.0   35s
H184768 61759                       0.0110149    0.03833   248%  36.9   37s
H184770 61759                       0.0110152    0.03833   248%  36.9   37s
 196326 65181    0.01115   29   38    0.01102    0.03803   245%  37.0   40s
H198829 62627                       0.0121167    0.03797   213%  36.9   40s
H202972 63761                       0.0121167    0.03784   212%  36.9   41s
H205478 62522                       0.0127977    0.03777   195%  36.9   42s
H205483 61548                       0.0131280    0.03776   188%  36.9   42s
H215439 64095                       0.0131281    0.03747   185%  37.0   43s
 221976 65680    0.02481   36   61    0.01313    0.03727   184%  36.9   45s
 250324 72536     cutoff   33         0.01313    0.03657   179%  36.8   50s
 278264 79515     cutoff   33         0.01313    0.03600   174%  36.6   55s
 307244 86626    0.03430   30   60    0.01313    0.03545   170%  36.6   60s
 334523 92839    0.01527   40   52    0.01313    0.03497   166%  36.5   65s
 357127 97899    0.02297   32   46    0.01313    0.03466   164%  36.4   70s
 386599 104645    0.01609   33   46    0.01313    0.03425   161%  36.4   75s
 414639 110286    0.01455   40   53    0.01313    0.03389   158%  36.3   80s
 439674 115291    0.02631   36   62    0.01313    0.03361   156%  36.2   85s
 469094 121758    0.02768   33   63    0.01313    0.03326   153%  36.1   90s
 497903 128296    0.02080   37   54    0.01313    0.03294   151%  36.0   95s
 523646 134172    0.01413   50   37    0.01313    0.03270   149%  35.9  100s
 552299 139944 infeasible   40         0.01313    0.03242   147%  35.9  105s
 582329 145622    0.02123   36   55    0.01313    0.03216   145%  35.8  110s
 612551 151826     cutoff   35         0.01313    0.03193   143%  35.7  115s
H634075 156089                       0.0131298    0.03175   142%  35.7  118s
H634420 156164                       0.0131298    0.03175   142%  35.7  118s
H635194 156439                       0.0131298    0.03174   142%  35.7  119s
 638211 157065    0.02964   35   57    0.01313    0.03172   142%  35.7  120s
 667732 162674    0.01851   38   42    0.01313    0.03148   140%  35.6  125s
 697062 168613    0.02141   36   53    0.01313    0.03127   138%  35.6  130s
 723382 173642    0.01975   43   49    0.01313    0.03110   137%  35.5  135s
H747568 166682                       0.0143193    0.03097   116%  35.5  139s
 748689 167476    0.01619   39   56    0.01432    0.03096   116%  35.5  140s
H759975 168640                       0.0143193    0.03088   116%  35.4  141s
H760599 166200                       0.0145548    0.03088   112%  35.4  141s
H760957 166233                       0.0145548    0.03087   112%  35.4  141s
 776596 168650     cutoff   43         0.01455    0.03076   111%  35.4  145s
H794836 150136                       0.0165136    0.03065  85.6%  35.3  148s
H795283 150156                       0.0165136    0.03064  85.6%  35.3  148s
H795675 150193                       0.0165136    0.03064  85.6%  35.3  148s
 804672 151237     cutoff   38         0.01651    0.03058  85.2%  35.3  150s
 836293 154874    0.02265   36   59    0.01651    0.03037  83.9%  35.2  155s
 867917 158458    0.01986   42   57    0.01651    0.03016  82.6%  35.0  160s
 899811 162030     cutoff   36         0.01651    0.02997  81.5%  34.9  165s
 929100 165167    0.02060   36   50    0.01651    0.02979  80.4%  34.9  170s
 956413 168324    0.02668   38   58    0.01651    0.02964  79.5%  34.8  175s
 986904 171627     cutoff   47         0.01651    0.02948  78.5%  34.7  180s
 1017704 174801    0.01660   38   54    0.01651    0.02932  77.6%  34.6  185s
 1049950 178111    0.01719   36   53    0.01651    0.02916  76.6%  34.6  190s
 1079812 180961    0.01692   41   47    0.01651    0.02902  75.7%  34.5  195s
 1111594 184062     cutoff   33         0.01651    0.02888  74.9%  34.4  200s
 1141383 186758     cutoff   37         0.01651    0.02874  74.0%  34.4  205s
 1173964 189769     cutoff   41         0.01651    0.02860  73.2%  34.3  210s
 1205856 192460     cutoff   41         0.01651    0.02847  72.4%  34.2  215s
 1238420 195304    0.01698   37   57    0.01651    0.02832  71.5%  34.1  220s
 1271056 198250    0.01780   40   57    0.01651    0.02819  70.7%  34.1  225s
 1296849 200315    0.02710   32   58    0.01651    0.02809  70.1%  34.0  230s
 1326434 202925     cutoff   42         0.01651    0.02798  69.5%  34.0  235s
 1356854 205464    0.02767   34   58    0.01651    0.02786  68.7%  33.9  240s
 1386767 207684    0.01816   35   60    0.01651    0.02775  68.0%  33.9  245s
 1416827 209699     cutoff   36         0.01651    0.02764  67.4%  33.9  250s
 1447543 211939     cutoff   34         0.01651    0.02754  66.8%  33.8  255s
 1476090 214013     cutoff   40         0.01651    0.02744  66.2%  33.8  260s

Cutting planes:
  Gomory: 4
  Flow cover: 9
  RLT: 76
  Relax-and-lift: 5
  BQP: 20

Explored 1480264 nodes (49977033 simplex iterations) in 261.20 seconds (380.80 work units)
Thread count was 4 (of 4 available processors)

Solution count 10: 0.0165136 0.0145548 0.0143193 ... 0.0104309

Optimization achieved user objective limit
Best objective 1.651361401364e-02, best bound 2.742527633689e-02, gap 66.0768%
{"verdict": "PROVED", "status": "BOUND_REACHED", "runtime": 261.20508193969727, "objval": 0.016513614013644925, "objbound": 0.027425276336893074, "binaries": 46}
