Set parameter NodefileStart to value 6
Read parameters from file gurobi.env
Restricted license - for non-production use only - expires 2027-11-29
Set parameter OutputFlag to value 1
Set parameter Threads to value 4
Set parameter TimeLimit to value 360
Set parameter MIPGap to value 5e-05
Set parameter MIPFocus to value 2
Set parameter NonConvex to value 2
Set parameter BestBdStop to value 2.7426211734693878e-02
Gurobi Optimizer version 13.0.3 build v13.0.3rc0 (linux64 - "Ubuntu 24.04.5 LTS")

CPU model: AMD EPYC 7763 64-Core Processor, instruction set [SSE2|AVX|AVX2]
Thread count: 2 physical cores, 4 logical processors, using up to 4 threads

Non-default parameters:
TimeLimit  360
BestBdStop  2.7426211734693878e-02
MIPGap  5e-05
MIPFocus  2
NodefileStart  6
NonConvex  2
Threads  4

Optimize a model with 141 rows, 111 columns and 810 nonzeros (Max)
Model fingerprint: 0xd92784c9
Model has 1 linear objective coefficients
Model has 50 quadratic constraints
Variable types: 65 continuous, 46 integer (46 binary)
Coefficient statistics:
  Matrix range     [5e-01, 1e+00]
  QMatrix range    [1e+00, 1e+00]
  QLMatrix range   [1e+00, 1e+00]
  Objective range  [1e+00, 1e+00]
  Bounds range     [5e-01, 1e+00]
  RHS range        [1e+00, 1e+00]

Found heuristic solution: objective -0.0000000
Presolve time: 0.00s
Presolved: 341 rows, 112 columns, 1210 nonzeros
Presolved model has 50 bilinear constraint(s)

Solving non-convex MIQCP to global optimality

Variable types: 66 continuous, 46 integer (46 binary)
Root relaxation presolve removed 50 rows and 1 columns
Root relaxation presolved: 291 rows, 111 columns, 1160 nonzeros


Root relaxation: objective 8.333333e-02, 116 iterations, 0.00 seconds (0.00 work units)

    Nodes    |    Current Node    |     Objective Bounds      |     Work
 Expl Unexpl |  Obj  Depth IntInf | Incumbent    BestBd   Gap | It/Node Time

     0     0    0.08333    0   54   -0.00000    0.08333      -     -    0s
     0     0    0.07143    0   68   -0.00000    0.07143      -     -    0s
     0     0    0.07143    0   68   -0.00000    0.07143      -     -    0s
     0     0    0.06250    0   59   -0.00000    0.06250      -     -    0s
     0     0    0.06250    0   57   -0.00000    0.06250      -     -    0s
     0     0    0.06250    0   60   -0.00000    0.06250      -     -    0s
     0     0    0.06250    0   49   -0.00000    0.06250      -     -    0s
     0     0    0.06250    0   47   -0.00000    0.06250      -     -    0s
     0     0    0.06250    0   46   -0.00000    0.06250      -     -    0s
     0     0    0.06250    0   47   -0.00000    0.06250      -     -    0s
     0     0    0.06250    0   49   -0.00000    0.06250      -     -    0s
     0     0    0.06250    0   49   -0.00000    0.06250      -     -    0s
     0     2    0.06250    0   49   -0.00000    0.06250      -     -    0s
H  224   236                       0.0000000    0.06250      -  35.1    0s
H  825   710                       0.0000000    0.06250      -  31.0    0s
*  878   740             104       0.0000001    0.06250      -  30.6    0s
*  879   740             104       0.0000001    0.06250      -  30.6    0s
*  936   770             104       0.0000002    0.06250      -  30.4    0s
H  981   817                       0.0000003    0.06250      -  30.6    0s
H 1002   817                       0.0000003    0.06250      -  30.7    0s
H 1019   815                       0.0000004    0.06250      -  30.9    0s
H 1254   937                       0.0000004    0.03364      -  31.3    1s
* 1995  1327             124       0.0000006    0.03203      -  28.2    2s
* 1996  1280             125       0.0000007    0.03203      -  28.2    2s
* 1999  1236             124       0.0000007    0.03203      -  28.2    2s
* 2000  1195             125       0.0000007    0.03203      -  28.2    2s
* 2004  1151             124       0.0000009    0.03203      -  28.1    2s
 10234  6761    0.00063   46   61    0.00000    0.03203      -  20.2    5s
H14959  9484                       0.0000011    0.03203      -  20.2    6s
 26700 17107    0.01733   47   50    0.00000    0.03021      -  20.5   10s
 48076 30395    0.00001   78   44    0.00000    0.02845      -  21.2   15s

Cutting planes:
  Gomory: 11
  MIR: 1
  Flow cover: 6
  RLT: 57
  Relax-and-lift: 10
  BQP: 10

Explored 68762 nodes (1478245 simplex iterations) in 19.43 seconds (19.54 work units)
Thread count was 4 (of 4 available processors)

Solution count 10: 1.10938e-06 9.25652e-07 7.3921e-07 ... 3.35537e-07

Optimization achieved user objective limit
Best objective 1.109384281878e-06, best bound 2.740967675739e-02, gap 2470610.7542%
{"verdict": "PROVED", "status": "BOUND_REACHED", "runtime": 19.43512797355652, "objval": 1.1093842818777436e-06, "objbound": 0.027409676757389232, "binaries": 46}
