Set parameter NodefileStart to value 6
Read parameters from file gurobi.env
Restricted license - for non-production use only - expires 2027-11-29
Set parameter OutputFlag to value 1
Set parameter Threads to value 4
Set parameter TimeLimit to value 360
Set parameter MIPGap to value 5e-05
Set parameter MIPFocus to value 2
Set parameter NonConvex to value 2
Set parameter BestBdStop to value 2.7426211734693878e-02
Gurobi Optimizer version 13.0.3 build v13.0.3rc0 (linux64 - "Ubuntu 24.04.5 LTS")

CPU model: AMD EPYC 7763 64-Core Processor, instruction set [SSE2|AVX|AVX2]
Thread count: 2 physical cores, 4 logical processors, using up to 4 threads

Non-default parameters:
TimeLimit  360
BestBdStop  2.7426211734693878e-02
MIPGap  5e-05
MIPFocus  2
NodefileStart  6
NonConvex  2
Threads  4

Optimize a model with 141 rows, 111 columns and 810 nonzeros (Max)
Model fingerprint: 0x5669ae4c
Model has 1 linear objective coefficients
Model has 50 quadratic constraints
Variable types: 65 continuous, 46 integer (46 binary)
Coefficient statistics:
  Matrix range     [5e-01, 1e+00]
  QMatrix range    [1e+00, 1e+00]
  QLMatrix range   [1e+00, 1e+00]
  Objective range  [1e+00, 1e+00]
  Bounds range     [5e-01, 1e+00]
  RHS range        [1e+00, 1e+00]

Found heuristic solution: objective -0.0000000
Presolve time: 0.00s
Presolved: 341 rows, 112 columns, 1210 nonzeros
Presolved model has 50 bilinear constraint(s)

Solving non-convex MIQCP to global optimality

Variable types: 66 continuous, 46 integer (46 binary)
Root relaxation presolve removed 70 rows and 11 columns
Root relaxation presolved: 271 rows, 101 columns, 1040 nonzeros


Root relaxation: objective 7.142857e-02, 101 iterations, 0.00 seconds (0.00 work units)

    Nodes    |    Current Node    |     Objective Bounds      |     Work
 Expl Unexpl |  Obj  Depth IntInf | Incumbent    BestBd   Gap | It/Node Time

     0     0    0.07143    0   50   -0.00000    0.07143      -     -    0s
H    0     0                       0.0000001    0.07143      -     -    0s
     0     0    0.07143    0   51    0.00000    0.07143      -     -    0s
     0     0    0.07143    0   52    0.00000    0.07143      -     -    0s
     0     0    0.07143    0   45    0.00000    0.07143      -     -    0s
     0     0    0.07143    0   44    0.00000    0.07143      -     -    0s
     0     0    0.07143    0   44    0.00000    0.07143      -     -    0s
     0     2    0.07143    0   44    0.00000    0.07143      -     -    0s
H  946   834                       0.0000001    0.07143      -  24.7    1s
H 1226   978                       0.0000002    0.07112      -  25.9    1s
* 1865  1226              76       0.0000003    0.05762      -  26.1    1s
* 2927  1816              80       0.0000005    0.05762      -  24.5    2s
H 3967  2208                       0.0000009    0.05696      -  26.9    2s
 10974  7747    0.00818   33   46    0.00000    0.05165      -  27.9    5s
 28559 20920    0.00000   87   35    0.00000    0.04293      -  28.8   10s
 47609 33935    0.00006   65   51    0.00000    0.03936      -  28.9   15s
 69296 49332    0.00013   43   21    0.00000    0.03732      -  28.8   20s
 88617 62836    0.00476   41   53    0.00000    0.03580      -  29.1   25s
 110620 77896    0.00453   36   51    0.00000    0.03441      -  29.4   30s
 130163 90961    0.01270   36   50    0.00000    0.03345      -  29.3   35s
 150745 105131     cutoff   38         0.00000    0.03283      -  29.3   40s
H164467 114001                       0.0000009    0.03222      -  29.3   43s
H165660 114300                       0.0000010    0.03216      -  29.3   44s
 167155 115393    0.00008   50   50    0.00000    0.03210      -  29.3   45s
 186783 127954    0.00000   66   37    0.00000    0.03142      -  29.2   50s
 206515 141275    0.02711   28   51    0.00000    0.03082      -  29.2   55s
 227007 155225    0.00010   53   50    0.00000    0.03037      -  29.1   60s
 248169 168455    0.00541   32   53    0.00000    0.02989      -  29.1   65s
 268699 182003    0.00494   42   51    0.00000    0.02940      -  29.0   70s
 288567 195243    0.01271   34   50    0.00000    0.02907      -  28.9   75s
 306627 207130    0.01410   31   61    0.00000    0.02870      -  28.9   80s
 326846 220139    0.02422   32   50    0.00000    0.02837      -  28.8   85s
 345787 232862    0.01025   37   51    0.00000    0.02807      -  28.9   90s
 364929 245607    0.00517   45   50    0.00000    0.02782      -  28.9   95s
 383566 258119    0.00003   64   51    0.00000    0.02760      -  28.9  100s

Cutting planes:
  Gomory: 2
  Lift-and-project: 1
  Implied bound: 24
  MIR: 12
  Mixing: 1
  Flow cover: 39
  Inf proof: 1
  RLT: 72
  Relax-and-lift: 22
  BQP: 30

Explored 395710 nodes (11453186 simplex iterations) in 103.09 seconds (101.50 work units)
Thread count was 4 (of 4 available processors)

Solution count 9: 9.98976e-07 9.07047e-07 8.55298e-07 ... -0

Optimization achieved user objective limit
Best objective 9.989761159863e-07, best bound 2.742353088582e-02, gap -
{"verdict": "PROVED", "status": "BOUND_REACHED", "runtime": 103.08884191513062, "objval": 9.989761159862974e-07, "objbound": 0.027423530885818455, "binaries": 46}
