Set parameter NodefileStart to value 6
Read parameters from file gurobi.env
Restricted license - for non-production use only - expires 2027-11-29
Set parameter OutputFlag to value 1
Set parameter Threads to value 4
Set parameter TimeLimit to value 360
Set parameter MIPGap to value 5e-05
Set parameter MIPFocus to value 2
Set parameter NonConvex to value 2
Set parameter BestBdStop to value 2.7426211734693878e-02
Gurobi Optimizer version 13.0.3 build v13.0.3rc0 (linux64 - "Ubuntu 24.04.5 LTS")

CPU model: Intel(R) Xeon(R) Platinum 8370C CPU @ 2.80GHz, instruction set [SSE2|AVX|AVX2|AVX512]
Thread count: 2 physical cores, 4 logical processors, using up to 4 threads

Non-default parameters:
TimeLimit  360
BestBdStop  2.7426211734693878e-02
MIPGap  5e-05
MIPFocus  2
NodefileStart  6
NonConvex  2
Threads  4

Optimize a model with 121 rows, 91 columns and 658 nonzeros (Max)
Model fingerprint: 0x7c2be7b9
Model has 1 linear objective coefficients
Model has 50 quadratic constraints
Variable types: 65 continuous, 26 integer (26 binary)
Coefficient statistics:
  Matrix range     [5e-01, 1e+00]
  QMatrix range    [1e+00, 1e+00]
  QLMatrix range   [1e+00, 1e+00]
  Objective range  [1e+00, 1e+00]
  Bounds range     [5e-01, 1e+00]
  RHS range        [1e+00, 1e+00]

Found heuristic solution: objective -0.0000000
Presolve time: 0.00s
Presolved: 321 rows, 92 columns, 1058 nonzeros
Presolved model has 50 bilinear constraint(s)

Solving non-convex MIQCP to global optimality

Variable types: 66 continuous, 26 integer (26 binary)
Root relaxation presolve removed 50 rows and 1 columns
Root relaxation presolved: 271 rows, 91 columns, 1008 nonzeros


Root relaxation: objective 7.142857e-02, 114 iterations, 0.00 seconds (0.00 work units)

    Nodes    |    Current Node    |     Objective Bounds      |     Work
 Expl Unexpl |  Obj  Depth IntInf | Incumbent    BestBd   Gap | It/Node Time

     0     0    0.07143    0   50   -0.00000    0.07143      -     -    0s
     0     0    0.06250    0   62   -0.00000    0.06250      -     -    0s
     0     0    0.06250    0   52   -0.00000    0.06250      -     -    0s
     0     0    0.06098    0   45   -0.00000    0.06098      -     -    0s
     0     0    0.06098    0   35   -0.00000    0.06098      -     -    0s
     0     0    0.06098    0   42   -0.00000    0.06098      -     -    0s
     0     0    0.06098    0   42   -0.00000    0.06098      -     -    0s
     0     2    0.06098    0   42   -0.00000    0.06098      -     -    0s
*  404   393              59       0.0000000    0.05556      -  24.2    0s
H  446   471                       0.0000000    0.05556      -  23.9    0s
H  485   471                       0.0000000    0.05556      -  23.1    0s
H  508   471                       0.0000001    0.05556      -  23.2    0s
H 1242   947                       0.0000001    0.05556      -  27.2    1s
H 2241  1425                       0.0000002    0.04543      -  30.3    1s
* 3021  1656              91       0.0000003    0.03905      -  26.6    1s
* 3028  1601              96       0.0000003    0.03905      -  26.5    1s
* 3029  1553              96       0.0000003    0.03905      -  26.5    1s
* 3030  1511              95       0.0000003    0.03905      -  26.5    1s
* 6529  3813             102       0.0000004    0.03119      -  23.3    2s
* 9019  5225              97       0.0000005    0.02831      -  21.5    3s

Cutting planes:
  Gomory: 9
  Implied bound: 1
  MIR: 2
  Flow cover: 6
  RLT: 47
  Relax-and-lift: 1
  BQP: 7

Explored 10110 nodes (217367 simplex iterations) in 3.85 seconds (2.97 work units)
Thread count was 4 (of 4 available processors)

Solution count 10: 4.73652e-07 4.05028e-07 3.47663e-07 ... 2.64695e-08

Optimization achieved user objective limit
Best objective 4.736518626696e-07, best bound 2.718922151711e-02, gap -
{"verdict": "PROVED", "status": "BOUND_REACHED", "runtime": 3.850166082382202, "objval": 4.7365186266959007e-07, "objbound": 0.02718922151710613, "binaries": 26}
