Set parameter NodefileStart to value 6
Read parameters from file gurobi.env
Restricted license - for non-production use only - expires 2027-11-29
Set parameter OutputFlag to value 1
Set parameter Threads to value 4
Set parameter TimeLimit to value 360
Set parameter MIPGap to value 5e-05
Set parameter MIPFocus to value 2
Set parameter NonConvex to value 2
Set parameter BestBdStop to value 2.7426211734693878e-02
Gurobi Optimizer version 13.0.3 build v13.0.3rc0 (linux64 - "Ubuntu 24.04.5 LTS")

CPU model: AMD EPYC 9V45 96-Core Processor, instruction set [SSE2|AVX|AVX2|AVX512]
Thread count: 2 physical cores, 4 logical processors, using up to 4 threads

Non-default parameters:
TimeLimit  360
BestBdStop  2.7426211734693878e-02
MIPGap  5e-05
MIPFocus  2
NodefileStart  6
NonConvex  2
Threads  4

Optimize a model with 117 rows, 87 columns and 630 nonzeros (Max)
Model fingerprint: 0x67baf255
Model has 1 linear objective coefficients
Model has 50 quadratic constraints
Variable types: 65 continuous, 22 integer (22 binary)
Coefficient statistics:
  Matrix range     [5e-01, 1e+00]
  QMatrix range    [1e+00, 1e+00]
  QLMatrix range   [1e+00, 1e+00]
  Objective range  [1e+00, 1e+00]
  Bounds range     [5e-01, 1e+00]
  RHS range        [1e+00, 1e+00]

Found heuristic solution: objective -0.0000000
Presolve time: 0.00s
Presolved: 317 rows, 88 columns, 1030 nonzeros
Presolved model has 50 bilinear constraint(s)

Solving non-convex MIQCP to global optimality

Variable types: 66 continuous, 22 integer (22 binary)
Root relaxation presolve removed 50 rows and 1 columns
Root relaxation presolved: 267 rows, 87 columns, 980 nonzeros


Root relaxation: objective 4.545455e-02, 118 iterations, 0.00 seconds (0.00 work units)

    Nodes    |    Current Node    |     Objective Bounds      |     Work
 Expl Unexpl |  Obj  Depth IntInf | Incumbent    BestBd   Gap | It/Node Time

     0     0    0.04545    0   49   -0.00000    0.04545      -     -    0s
     0     0    0.04545    0   54   -0.00000    0.04545      -     -    0s
     0     0    0.04167    0   51   -0.00000    0.04167      -     -    0s
     0     0    0.04167    0   51   -0.00000    0.04167      -     -    0s
     0     0    0.04167    0   48   -0.00000    0.04167      -     -    0s
     0     0    0.04054    0   50   -0.00000    0.04054      -     -    0s
     0     0    0.04054    0   50   -0.00000    0.04054      -     -    0s
     0     0    0.04054    0   50   -0.00000    0.04054      -     -    0s
     0     2    0.04054    0   50   -0.00000    0.04054      -     -    0s
*  463   387              64       0.0000001    0.03887      -  24.0    0s
H  582   485                       0.0000003    0.03838      -  23.6    0s
H 1263   909                       0.0000004    0.03838      -  26.7    0s
H 1355   913                       0.0000005    0.03838      -  27.2    0s

Cutting planes:
  Gomory: 2
  Flow cover: 2
  RLT: 35
  Relax-and-lift: 1
  BQP: 10

Explored 2562 nodes (67755 simplex iterations) in 0.90 seconds (1.07 work units)
Thread count was 4 (of 4 available processors)

Solution count 5: 4.52938e-07 4.3208e-07 2.81295e-07 ... -0

Optimization achieved user objective limit
Best objective 4.529380661783e-07, best bound 2.645491636401e-02, gap -
{"verdict": "PROVED", "status": "BOUND_REACHED", "runtime": 0.9012961387634277, "objval": 4.52938066178299e-07, "objbound": 0.0264549163640146, "binaries": 22}
