Set parameter NodefileStart to value 6
Read parameters from file gurobi.env
Restricted license - for non-production use only - expires 2027-11-29
Set parameter OutputFlag to value 1
Set parameter Threads to value 4
Set parameter TimeLimit to value 360
Set parameter MIPGap to value 5e-05
Set parameter MIPFocus to value 2
Set parameter NonConvex to value 2
Set parameter BestBdStop to value 2.7426211734693878e-02
Gurobi Optimizer version 13.0.3 build v13.0.3rc0 (linux64 - "Ubuntu 24.04.5 LTS")

CPU model: AMD EPYC 7763 64-Core Processor, instruction set [SSE2|AVX|AVX2]
Thread count: 2 physical cores, 4 logical processors, using up to 4 threads

Non-default parameters:
TimeLimit  360
BestBdStop  2.7426211734693878e-02
MIPGap  5e-05
MIPFocus  2
NodefileStart  6
NonConvex  2
Threads  4

Optimize a model with 141 rows, 111 columns and 810 nonzeros (Max)
Model fingerprint: 0x4df86eb2
Model has 1 linear objective coefficients
Model has 50 quadratic constraints
Variable types: 65 continuous, 46 integer (46 binary)
Coefficient statistics:
  Matrix range     [5e-01, 1e+00]
  QMatrix range    [1e+00, 1e+00]
  QLMatrix range   [1e+00, 1e+00]
  Objective range  [1e+00, 1e+00]
  Bounds range     [5e-01, 1e+00]
  RHS range        [1e+00, 1e+00]

Found heuristic solution: objective -0.0000000
Presolve time: 0.00s
Presolved: 341 rows, 112 columns, 1210 nonzeros
Presolved model has 50 bilinear constraint(s)

Solving non-convex MIQCP to global optimality

Variable types: 66 continuous, 46 integer (46 binary)
Root relaxation presolve removed 50 rows and 1 columns
Root relaxation presolved: 291 rows, 111 columns, 1160 nonzeros


Root relaxation: objective 8.333333e-02, 106 iterations, 0.00 seconds (0.00 work units)

    Nodes    |    Current Node    |     Objective Bounds      |     Work
 Expl Unexpl |  Obj  Depth IntInf | Incumbent    BestBd   Gap | It/Node Time

     0     0    0.08333    0   55   -0.00000    0.08333      -     -    0s
     0     0    0.08333    0   58   -0.00000    0.08333      -     -    0s
     0     0    0.07143    0   60   -0.00000    0.07143      -     -    0s
     0     0    0.07143    0   43   -0.00000    0.07143      -     -    0s
     0     0    0.07143    0   43   -0.00000    0.07143      -     -    0s
     0     0    0.07143    0   53   -0.00000    0.07143      -     -    0s
     0     0    0.07143    0   51   -0.00000    0.07143      -     -    0s
     0     0    0.07143    0   51   -0.00000    0.07143      -     -    0s
     0     2    0.07143    0   51   -0.00000    0.07143      -     -    0s
H  164   171                       0.0000000    0.07143      -  28.7    0s
H  499   525                       0.0000002    0.07143      -  26.2    0s
H  971   810                       0.0000005    0.07143      -  25.3    0s
H 1145   909                       0.0000007    0.07143      -  25.5    1s
H 3060  1890                       0.0000008    0.05318      -  23.3    3s
  9038  6467    0.00032   57   54    0.00000    0.05318      -  25.1    5s
 26135 19062    0.00001   65   50    0.00000    0.05318      -  24.8   10s
 44868 32514    0.00038   58   50    0.00000    0.05264      -  28.2   15s
H61989 43750                       0.0000009    0.05113      -  28.7   19s
 64138 45823    0.00001   78   50    0.00000    0.05101      -  28.8   20s
 83468 58928    0.00014   79   51    0.00000    0.05000      -  29.8   25s
 102621 72593    0.00001   92   43    0.00000    0.04932      -  30.2   30s
H116597 82131                       0.0000009    0.04887      -  30.6   33s
 122301 86069    0.00000  104   27    0.00000    0.04875      -  30.8   35s
 139188 97930    0.00675   58   52    0.00000    0.04830      -  31.3   40s
 158545 110756     cutoff   83         0.00000    0.04773      -  31.4   45s
 178288 124023    0.00001   82   50    0.00000    0.04718      -  31.6   50s
 198135 138213 infeasible  103         0.00000    0.04682      -  31.7   55s
 217968 151329    0.00004   77   52    0.00000    0.04633      -  31.8   60s
 238831 165481    0.02612   42   53    0.00000    0.04587      -  31.8   65s
 258938 178560    0.00000   85   34    0.00000    0.04545      -  31.8   70s
 275818 190189    0.00612   64   50    0.00000    0.04545      -  31.9   75s
 295187 203358    0.00099   64   43    0.00000    0.04545      -  32.0   80s
 312560 217733    0.02872   49   50    0.00000    0.04533      -  32.1   85s
 334689 229935    0.00263   61   50    0.00000    0.04506      -  32.1   90s
 354435 243530     cutoff   49         0.00000    0.04484      -  32.2   95s
 373952 256332    0.03533   47   53    0.00000    0.04463      -  32.2  100s
 390720 267364    0.00002   82   48    0.00000    0.04445      -  32.2  105s
 410118 280356    0.00237   60   50    0.00000    0.04426      -  32.3  110s
 430665 293649    0.01914   54   43    0.00000    0.04406      -  32.3  116s
 446342 303855    0.00000   92   49    0.00000    0.04391      -  32.3  120s
 458854 312525    0.00023   63   43    0.00000    0.04378      -  32.4  125s
 477843 324711    0.00009   77   50    0.00000    0.04359      -  32.4  130s
 497143 337662    0.00000   78   50    0.00000    0.04348      -  32.4  135s
 518206 351539    0.00127   66   47    0.00000    0.04327      -  32.4  140s
 537932 364065    0.01587   48   56    0.00000    0.04308      -  32.3  145s
 557718 376526     cutoff   71         0.00000    0.04290      -  32.3  150s
 577141 389472    0.00001   87   50    0.00000    0.04277      -  32.3  155s
 594516 400939    0.00039   76   50    0.00000    0.04263      -  32.3  160s
 613300 413029    0.03619   49   56    0.00000    0.04250      -  32.3  165s
H617686 415871                       0.0000009    0.04248      -  32.3  166s
 631265 425184     cutoff   79         0.00000    0.04240      -  32.3  170s
 650188 437979    0.01610   60   53    0.00000    0.04228      -  32.4  175s
H654912 440462                       0.0000009    0.04225      -  32.4  176s
 670253 449914    0.00197   63   50    0.00000    0.04212      -  32.4  180s
 689499 462406    0.00655   63   43    0.00000    0.04202      -  32.4  185s
 706460 473251    0.00262   61   53    0.00000    0.04189      -  32.4  190s
 725475 485573    0.00040   66   43    0.00000    0.04177      -  32.4  195s
 744871 498106    0.00272   55   43    0.00000    0.04167      -  32.4  200s
 764039 510889    0.00006   66   48    0.00000    0.04167      -  32.4  205s
 783769 524477    0.00073   72   48    0.00000    0.04166      -  32.4  210s
 803487 537096    0.00016   74   51    0.00000    0.04157      -  32.4  215s
 821452 548613    0.00431   50   50    0.00000    0.04148      -  32.4  220s
 840088 560862    0.00000   96   40    0.00000    0.04140      -  32.4  225s
 857042 571282    0.01434   62   44    0.00000    0.04132      -  32.4  230s
 876650 583490 infeasible   59         0.00000    0.04122      -  32.4  235s
 896241 595739    0.01131   59   53    0.00000    0.04113      -  32.4  240s
 914299 607129    0.02537   49   51    0.00000    0.04104      -  32.4  245s
 935083 620919    0.01676   58   51    0.00000    0.04094      -  32.4  250s
 950868 631389    0.00008   80   43    0.00000    0.04087      -  32.4  255s
 968395 642025    0.01724   56   50    0.00000    0.04079      -  32.4  260s
 988002 654535    0.00001  100   36    0.00000    0.04069      -  32.4  265s
 1008457 667094    0.00087   64   52    0.00000    0.04059      -  32.4  270s
 1027020 679891    0.00005   60   40    0.00000    0.04054      -  32.4  275s
 1046501 692850    0.03410   49   53    0.00000    0.04047      -  32.4  280s
 1065866 704731    0.00020   60   50    0.00000    0.04039      -  32.4  285s
 1083106 715742    0.01244   50   51    0.00000    0.04033      -  32.4  290s
 1102406 727245     cutoff   73         0.00000    0.04024      -  32.4  295s
 1121374 739507    0.02939   55   51    0.00000    0.04018      -  32.4  300s
 1142570 752274    0.03540   44   57    0.00000    0.04010      -  32.4  305s
 1161886 764259    0.00647   53   54    0.00000    0.04002      -  32.4  310s
*1178946 774171              96       0.0000010    0.03996      -  32.4  314s
H1179242 772238                       0.0000011    0.03996      -  32.4  315s
 1196466 783450    0.00097   56   51    0.00000    0.03990      -  32.4  320s
 1214809 795654     cutoff   49         0.00000    0.03984      -  32.4  325s
 1233993 807696    0.01106   48   52    0.00000    0.03976      -  32.4  330s
 1253387 819728    0.00748   63   51    0.00000    0.03968      -  32.4  335s
H1270559 829901                       0.0000011    0.03961      -  32.4  339s
 1271970 830802    0.01488   52   52    0.00000    0.03961      -  32.4  340s
H1281794 835696                       0.0000012    0.03956      -  32.4  343s
 1288576 839863    0.03690   44   51    0.00000    0.03954      -  32.4  345s
 1307546 851188    0.01614   54   51    0.00000    0.03947      -  32.4  350s
 1324353 861923    0.00005   82   43    0.00000    0.03941      -  32.4  355s
H1331228 866047                       0.0000012    0.03938      -  32.4  356s
H1332496 862000                       0.0000014    0.03938      -  32.4  357s
H1332498 856247                       0.0000017    0.03938      -  32.4  357s
 1341184 861839    0.00225   62   51    0.00000    0.03934      -  32.4  360s

Cutting planes:
  Gomory: 6
  MIR: 1
  Flow cover: 4
  RLT: 64
  Relax-and-lift: 11
  BQP: 14

Explored 1341556 nodes (43510171 simplex iterations) in 360.00 seconds (364.81 work units)
Thread count was 4 (of 4 available processors)

Solution count 10: 1.72246e-06 1.4264e-06 1.19568e-06 ... 2.05247e-07

Time limit reached
Best objective 1.722458052104e-06, best bound 3.934312712501e-02, gap 2284026.8661%
{"verdict": "UNRESOLVED", "status": "TIME_LIMIT", "runtime": 360.0031900405884, "objval": 1.7224580521040653e-06, "objbound": 0.039343127125011625, "binaries": 46}
