Set parameter NodefileStart to value 6
Read parameters from file gurobi.env
Restricted license - for non-production use only - expires 2027-11-29
Set parameter OutputFlag to value 1
Set parameter Threads to value 4
Set parameter TimeLimit to value 360
Set parameter MIPGap to value 5e-05
Set parameter MIPFocus to value 2
Set parameter NonConvex to value 2
Set parameter BestBdStop to value 2.7426211734693878e-02
Gurobi Optimizer version 13.0.3 build v13.0.3rc0 (linux64 - "Ubuntu 24.04.5 LTS")

CPU model: INTEL(R) XEON(R) PLATINUM 8573C, instruction set [SSE2|AVX|AVX2|AVX512]
Thread count: 2 physical cores, 4 logical processors, using up to 4 threads

Non-default parameters:
TimeLimit  360
BestBdStop  2.7426211734693878e-02
MIPGap  5e-05
MIPFocus  2
NodefileStart  6
NonConvex  2
Threads  4

Optimize a model with 145 rows, 115 columns and 846 nonzeros (Max)
Model fingerprint: 0xb898fef2
Model has 1 linear objective coefficients
Model has 50 quadratic constraints
Variable types: 65 continuous, 50 integer (50 binary)
Coefficient statistics:
  Matrix range     [5e-01, 1e+00]
  QMatrix range    [1e+00, 1e+00]
  QLMatrix range   [1e+00, 1e+00]
  Objective range  [1e+00, 1e+00]
  Bounds range     [5e-01, 1e+00]
  RHS range        [1e+00, 1e+00]

Found heuristic solution: objective -0.0000000
Presolve time: 0.00s
Presolved: 345 rows, 116 columns, 1246 nonzeros
Presolved model has 50 bilinear constraint(s)

Solving non-convex MIQCP to global optimality

Variable types: 66 continuous, 50 integer (50 binary)
Root relaxation presolve removed 50 rows and 1 columns
Root relaxation presolved: 295 rows, 115 columns, 1196 nonzeros


Root relaxation: objective 8.333333e-02, 89 iterations, 0.00 seconds (0.00 work units)

    Nodes    |    Current Node    |     Objective Bounds      |     Work
 Expl Unexpl |  Obj  Depth IntInf | Incumbent    BestBd   Gap | It/Node Time

     0     0    0.08333    0   50   -0.00000    0.08333      -     -    0s
     0     0    0.08333    0   53   -0.00000    0.08333      -     -    0s
     0     0    0.08333    0   69   -0.00000    0.08333      -     -    0s
H    0     0                       0.0000000    0.08333      -     -    0s
     0     0    0.08333    0   32    0.00000    0.08333      -     -    0s
     0     0    0.08333    0   32    0.00000    0.08333      -     -    0s
H    0     2                       0.0000004    0.08333      -     -    0s
     0     2    0.08333    0   32    0.00000    0.08333      -     -    0s
H  233   250                       0.0000006    0.07143      -  25.0    0s
H 1662  1368                       0.0020986    0.07143  3304%  22.6    2s
H 1794  1271                       0.0070891    0.07143   908%  21.7    2s
* 1887  1249             118       0.0071369    0.06462   805%  21.4    2s
H 2046  1267                       0.0071379    0.06462   805%  22.6    2s
H 2236  1241                       0.0083928    0.06364   658%  23.7    2s
H 2272  1233                       0.0084055    0.06364   657%  24.2    2s
H 2534  1318                       0.0084381    0.06364   654%  26.0    2s
H 2620  1343                       0.0084381    0.06364   654%  26.2    2s
H 2638  1287                       0.0087890    0.06364   624%  26.3    2s
H 2697  1273                       0.0098907    0.06364   543%  26.5    2s
H 2741  1253                       0.0108634    0.06364   486%  26.7    2s
H 2827  1244                       0.0120517    0.06364   428%  26.8    2s
H 3192  1467                       0.0139726    0.06127   339%  26.1    2s
H 3367  1303                       0.0163205    0.05998   267%  25.8    2s
H 3802  1344                       0.0167686    0.05885   251%  26.2    2s
H 6260  2703                       0.0167688    0.05501   228%  31.4    3s
H 7017  2902                       0.0168529    0.05463   224%  32.2    4s
H 7403  3149                       0.0168580    0.05461   224%  32.4    4s
H 8404  3288                       0.0189259    0.05397   185%  32.9    4s
H 8406  3288                       0.0189347    0.05397   185%  33.0    4s
  8955  3621    0.03086   29   60    0.01893    0.05327   181%  33.5    5s
H 9562  3787                       0.0189371    0.05306   180%  33.6    5s
H 9588  3787                       0.0189371    0.05306   180%  33.6    5s
H10938  4391                       0.0194067    0.05212   169%  34.5    6s
 19451  7443    0.03504   24   60    0.01941    0.04812   148%  35.7   10s
H19935  7445                       0.0194067    0.04789   147%  35.8   10s
 27911 10253     cutoff   33         0.01941    0.04591   137%  37.2   15s
 40629 14061     cutoff   31         0.01941    0.04432   128%  38.1   20s
 51158 16864     cutoff   28         0.01941    0.04334   123%  38.2   25s
 62415 19726    0.03076   31   49    0.01941    0.04261   120%  38.4   30s
 73765 22356     cutoff   37         0.01941    0.04195   116%  38.5   35s
 86913 25767    0.02976   33   46    0.01941    0.04143   113%  38.5   40s
 97740 28368     cutoff   33         0.01941    0.04100   111%  38.5   45s
 109140 30983 infeasible   38         0.01941    0.04060   109%  38.5   50s
 121163 33060     cutoff   35         0.01941    0.04024   107%  38.4   55s
 134109 36175    0.03637   25   58    0.01941    0.03987   105%  38.3   60s
 146964 38835    0.03067   30   63    0.01941    0.03959   104%  38.2   65s
 157807 41080    0.03844   30   72    0.01941    0.03938   103%  38.1   70s
H170536 43318                       0.0194067    0.03914   102%  37.9   74s
 171166 43476    0.02299   34   59    0.01941    0.03913   102%  37.9   75s
 182757 45748    0.02480   36   59    0.01941    0.03893   101%  37.8   80s
 196966 48284    0.02622   33   63    0.01941    0.03868  99.3%  37.7   85s
 206812 50503    0.03534   25   59    0.01941    0.03853  98.5%  37.5   90s
 218575 52871    0.02110   32   57    0.01941    0.03836  97.6%  37.5   95s
 231567 55373    0.03706   30   66    0.01941    0.03818  96.7%  37.4  100s
 245755 58254    0.02123   32   39    0.01941    0.03802  95.9%  37.2  105s
 257275 60628    0.03219   30   59    0.01941    0.03793  95.4%  37.1  110s
 269259 62681    0.03155   26   54    0.01941    0.03780  94.8%  37.0  115s
 281560 64968    0.02306   30   66    0.01941    0.03768  94.2%  36.8  120s
 294582 67151    0.02393   34   51    0.01941    0.03755  93.5%  36.7  125s
 307506 69462    0.02106   36   55    0.01941    0.03744  92.9%  36.6  130s
 319973 71997    0.02388   29   61    0.01941    0.03733  92.4%  36.5  135s
 330752 74262     cutoff   42         0.01941    0.03725  91.9%  36.4  140s
 342858 76639     cutoff   37         0.01941    0.03716  91.5%  36.2  145s
 356026 79417    0.02212   29   48    0.01941    0.03707  91.0%  36.1  150s
 368655 81927    0.02563   28   59    0.01941    0.03698  90.6%  36.0  155s
 379068 84167    0.03312   30   58    0.01941    0.03693  90.3%  35.9  160s
 394284 86549    0.02178   40   52    0.01941    0.03683  89.8%  35.8  165s
 407456 89167    0.02501   34   63    0.01941    0.03676  89.4%  35.7  170s
 421703 91804     cutoff   43         0.01941    0.03667  89.0%  35.6  175s
 432566 93767    0.02034   34   51    0.01941    0.03660  88.6%  35.5  180s
 448711 96604    0.02147   37   60    0.01941    0.03650  88.1%  35.4  185s
 462738 99000     cutoff   31         0.01941    0.03642  87.7%  35.3  190s
 477274 101530     cutoff   37         0.01941    0.03635  87.3%  35.2  195s
H484267 101793                       0.0196061    0.03631  85.2%  35.2  198s
H485467 100774                       0.0198858    0.03630  82.6%  35.2  199s
H485469 100726                       0.0198959    0.03630  82.5%  35.2  199s
 486719 100916    0.02396   33   60    0.01990    0.03629  82.4%  35.2  200s
H486720 99167                       0.0202074    0.03629  79.6%  35.2  200s
H488032 99395                       0.0202075    0.03629  79.6%  35.2  200s
 497208 100848    0.03132   34   48    0.02021    0.03624  79.3%  35.1  205s
 510573 103201    0.02284   37   57    0.02021    0.03617  79.0%  35.0  210s
H516626 93903                       0.0223322    0.03614  61.8%  35.0  212s
H517728 94032                       0.0223322    0.03613  61.8%  35.0  212s
H518153 94081                       0.0223322    0.03613  61.8%  35.0  212s
 523973 94837    0.03600   31   51    0.02233    0.03609  61.6%  34.9  215s
 537279 96463    0.03372   36   51    0.02233    0.03600  61.2%  34.9  220s
 550620 97942    0.02744   33   61    0.02233    0.03592  60.8%  34.8  225s
 564930 99639     cutoff   41         0.02233    0.03583  60.5%  34.7  230s
 578826 101089    0.02651   29   53    0.02233    0.03575  60.1%  34.6  235s
 592855 102801    0.02543   37   54    0.02233    0.03567  59.7%  34.5  240s
 607340 104745    0.03211   31   61    0.02233    0.03560  59.4%  34.4  245s
 617753 105885    0.02489   34   45    0.02233    0.03556  59.2%  34.3  250s
 632126 107325     cutoff   35         0.02233    0.03549  58.9%  34.3  255s
 645443 108915     cutoff   35         0.02233    0.03542  58.6%  34.2  260s
 660054 110442    0.03042   31   60    0.02233    0.03535  58.3%  34.1  265s
 673307 111982    0.02757   37   57    0.02233    0.03530  58.1%  34.0  270s
 687630 113681     cutoff   39         0.02233    0.03523  57.8%  34.0  275s
 702321 115247    0.02626   28   60    0.02233    0.03516  57.5%  33.9  280s
 715610 116785     cutoff   36         0.02233    0.03510  57.2%  33.8  285s
 728394 118057    0.02912   33   57    0.02233    0.03504  56.9%  33.8  290s
 742831 119381    0.02616   35   62    0.02233    0.03497  56.6%  33.7  295s
 754539 120483    0.02557   29   54    0.02233    0.03492  56.4%  33.7  300s
 770017 121890     cutoff   36         0.02233    0.03486  56.1%  33.6  305s
 784516 123389     cutoff   37         0.02233    0.03480  55.8%  33.5  310s
 797756 124767    0.02597   36   35    0.02233    0.03475  55.6%  33.5  315s
 807733 125611     cutoff   38         0.02233    0.03470  55.4%  33.5  320s
 818893 126547    0.02594   32   51    0.02233    0.03465  55.2%  33.4  325s
 833698 127844    0.02522   35   53    0.02233    0.03459  54.9%  33.4  330s
 847266 129166    0.02235   27   53    0.02233    0.03453  54.6%  33.3  335s
 861630 130547    0.02678   38   56    0.02233    0.03448  54.4%  33.3  340s
 873593 131615    0.02382   37   59    0.02233    0.03443  54.2%  33.3  345s
 890436 133208     cutoff   35         0.02233    0.03436  53.9%  33.2  350s
 904558 134399    0.03375   32   58    0.02233    0.03430  53.6%  33.1  355s
 916406 135449     cutoff   36         0.02233    0.03426  53.4%  33.1  360s

Cutting planes:
  Gomory: 45
  Implied bound: 38
  MIR: 17
  Mixing: 3
  Flow cover: 92
  Inf proof: 70
  RLT: 80
  Relax-and-lift: 14
  BQP: 21

Explored 916776 nodes (30349291 simplex iterations) in 360.00 seconds (286.76 work units)
Thread count was 4 (of 4 available processors)

Solution count 10: 0.0223322 0.0202075 0.0198959 ... 0.0189259

Time limit reached
Best objective 2.233220717627e-02, best bound 3.425886973660e-02, gap 53.4057%
{"verdict": "UNRESOLVED", "status": "TIME_LIMIT", "runtime": 360.0046169757843, "objval": 0.022332207176270272, "objbound": 0.03425886973660063, "binaries": 50}
