21:02:31 UTC start: 1 unresolved seed region(s) and 0 missing piece(s) under [[[0,2,4],0],[[0,2,5],0],[[0,2,6],0],[[0,2,7],0],[[0,2,8],0],[[0,3,4],0],[[0,3,5],0],[[0,3,6],0],[[0,3,7],0],[[0,3,8],0],[[1,2,4],1],[[1,2,5],1],[[1,2,6],1],[[1,2,7],1],[[1,2,8],1],[[1,3,4],0],[[1,3,5],1],[[1,3,6],0],[[1,3,7],0],[[1,3,8],1],[[2,3,4],1],[[2,3,5],1],[[2,3,6],1],[[2,3,7],1],[[2,3,8],1],[[4,5,6],0],[[4,5,7],1],[[4,5,8],1],[[4,6,7],1]]
21:13:35 UTC split region (bound/target 36.461) on [[4,6,8],[4,7,8],[5,6,7],[5,6,8]]: 5 pieces proved, 11 open; total runs 16, proved 5, open regions 11
21:14:42 UTC region PROVED by a 300 s run (67 s); open 10
21:15:53 UTC region PROVED by a 300 s run (71 s); open 9
21:19:09 UTC split region (bound/target 1.209) on [[5,7,8],[6,7,8],[0,4,5],[0,4,6]]: 14 pieces proved, 2 open; total runs 34, proved 21, open regions 10
21:21:53 UTC split region (bound/target 1.133) on [[0,4,7],[0,4,8],[0,5,6],[0,5,7]]: 15 pieces proved, 1 open; total runs 50, proved 36, open regions 10
21:23:46 UTC split region (bound/target 1.143) on [[0,5,8],[0,6,7],[0,6,8],[0,7,8]]: 15 pieces proved, 1 open; total runs 66, proved 51, open regions 10
21:24:34 UTC split region (bound/target 1.062) on [[1,4,5],[1,4,6],[1,4,7],[1,4,8]]: 16 pieces proved, 0 open; total runs 82, proved 67, open regions 9
21:25:47 UTC split region (bound/target 1.146) on [[0,4,7],[0,4,8],[0,5,6],[0,5,7]]: 16 pieces proved, 0 open; total runs 98, proved 83, open regions 8
21:29:15 UTC split region (bound/target 1.212) on [[5,7,8],[6,7,8],[0,4,5],[0,4,6]]: 14 pieces proved, 2 open; total runs 114, proved 97, open regions 9
21:30:16 UTC region PROVED by a 300 s run (60 s); open 8
21:31:38 UTC region PROVED by a 300 s run (82 s); open 7
21:34:44 UTC split region (bound/target 1.327) on [[5,7,8],[6,7,8],[0,4,5],[0,4,6]]: 14 pieces proved, 2 open; total runs 132, proved 113, open regions 8
21:36:20 UTC split region (bound/target 1.106) on [[0,4,7],[0,4,8],[0,5,6],[0,5,7]]: 15 pieces proved, 1 open; total runs 148, proved 128, open regions 8
21:38:26 UTC split region (bound/target 1.143) on [[0,5,8],[0,6,7],[0,6,8],[0,7,8]]: 15 pieces proved, 1 open; total runs 164, proved 143, open regions 8
21:39:27 UTC region PROVED by a 300 s run (60 s); open 7
21:41:49 UTC split region (bound/target 1.299) on [[0,4,7],[0,4,8],[0,5,6],[0,5,7]]: 15 pieces proved, 1 open; total runs 181, proved 159, open regions 7
21:43:40 UTC split region (bound/target 1.222) on [[0,5,8],[0,6,7],[0,6,8],[0,7,8]]: 15 pieces proved, 1 open; total runs 197, proved 174, open regions 7
21:45:38 UTC split region (bound/target 1.122) on [[1,4,5],[1,4,6],[1,4,7],[1,4,8]]: 16 pieces proved, 0 open; total runs 213, proved 190, open regions 6
21:49:21 UTC split region (bound/target 1.328) on [[5,7,8],[6,7,8],[0,4,5],[0,4,6]]: 14 pieces proved, 2 open; total runs 229, proved 204, open regions 7
21:51:03 UTC split region (bound/target 1.157) on [[0,4,7],[0,4,8],[0,5,6],[0,5,7]]: 15 pieces proved, 1 open; total runs 245, proved 219, open regions 7
21:53:14 UTC split region (bound/target 1.210) on [[0,5,8],[0,6,7],[0,6,8],[0,7,8]]: 15 pieces proved, 1 open; total runs 261, proved 234, open regions 7
21:53:55 UTC split region (bound/target 1.060) on [[1,4,5],[1,4,6],[1,4,7],[1,4,8]]: 16 pieces proved, 0 open; total runs 277, proved 250, open regions 6
21:54:37 UTC split region (bound/target 1.234) on [[0,4,7],[0,4,8],[0,5,6],[0,5,7]]: 16 pieces proved, 0 open; total runs 293, proved 266, open regions 5
22:01:25 UTC split region (bound/target 1.371) on [[5,7,8],[6,7,8],[0,4,5],[0,4,6]]: 13 pieces proved, 3 open; total runs 309, proved 279, open regions 7
22:04:20 UTC split region (bound/target 1.308) on [[0,4,7],[0,4,8],[0,5,6],[0,5,7]]: 14 pieces proved, 2 open; total runs 325, proved 293, open regions 8
22:05:09 UTC split region (bound/target 1.030) on [[0,5,8],[0,6,7],[0,6,8],[0,7,8]]: 16 pieces proved, 0 open; total runs 341, proved 309, open regions 7
22:06:44 UTC split region (bound/target 1.229) on [[0,5,8],[0,6,7],[0,6,8],[0,7,8]]: 15 pieces proved, 1 open; total runs 357, proved 324, open regions 7
22:08:49 UTC split region (bound/target 1.300) on [[1,4,5],[1,4,6],[1,4,7],[1,4,8]]: 15 pieces proved, 1 open; total runs 373, proved 339, open regions 7
22:09:47 UTC split region (bound/target 1.068) on [[1,5,6],[1,5,7],[1,5,8],[1,6,7]]: 16 pieces proved, 0 open; total runs 389, proved 355, open regions 6
22:10:55 UTC split region (bound/target 1.399) on [[0,4,7],[0,4,8],[0,5,6],[0,5,7]]: 16 pieces proved, 0 open; total runs 405, proved 371, open regions 5
22:18:28 UTC split region (bound/target 1.414) on [[5,7,8],[6,7,8],[0,4,5],[0,4,6]]: 12 pieces proved, 4 open; total runs 421, proved 383, open regions 8
22:18:55 UTC split region (bound/target 1.021) on [[0,4,7],[0,4,8],[0,5,6],[0,5,7]]: 16 pieces proved, 0 open; total runs 437, proved 399, open regions 7
22:19:22 UTC split region (bound/target 1.101) on [[0,4,7],[0,4,8],[0,5,6],[0,5,7]]: 16 pieces proved, 0 open; total runs 453, proved 415, open regions 6
22:21:45 UTC split region (bound/target 1.414) on [[0,4,7],[0,4,8],[0,5,6],[0,5,7]]: 15 pieces proved, 1 open; total runs 469, proved 430, open regions 6
22:23:56 UTC split region (bound/target 1.286) on [[0,5,8],[0,6,7],[0,6,8],[0,7,8]]: 15 pieces proved, 1 open; total runs 485, proved 445, open regions 6
22:25:26 UTC split region (bound/target 1.108) on [[1,4,5],[1,4,6],[1,4,7],[1,4,8]]: 15 pieces proved, 1 open; total runs 501, proved 460, open regions 6
22:26:18 UTC split region (bound/target 1.164) on [[1,5,6],[1,5,7],[1,5,8],[1,6,7]]: 16 pieces proved, 0 open; total runs 517, proved 476, open regions 5
22:29:41 UTC split region (bound/target 1.416) on [[5,7,8],[6,7,8],[0,4,5],[0,4,6]]: 14 pieces proved, 2 open; total runs 533, proved 490, open regions 6
22:32:58 UTC split region (bound/target 1.161) on [[0,4,7],[0,4,8],[0,5,6],[0,5,7]]: 14 pieces proved, 2 open; total runs 549, proved 504, open regions 7
22:33:37 UTC split region (bound/target 1.024) on [[0,5,8],[0,6,7],[0,6,8],[0,7,8]]: 16 pieces proved, 0 open; total runs 565, proved 520, open regions 6
22:35:05 UTC split region (bound/target 1.162) on [[0,5,8],[0,6,7],[0,6,8],[0,7,8]]: 15 pieces proved, 1 open; total runs 581, proved 535, open regions 6
22:35:57 UTC split region (bound/target 1.032) on [[1,4,5],[1,4,6],[1,4,7],[1,4,8]]: 16 pieces proved, 0 open; total runs 597, proved 551, open regions 5
22:36:45 UTC split region (bound/target 1.212) on [[0,4,7],[0,4,8],[0,5,6],[0,5,7]]: 16 pieces proved, 0 open; total runs 613, proved 567, open regions 4
22:39:56 UTC split region (bound/target 1.423) on [[0,4,7],[0,4,8],[0,5,6],[0,5,7]]: 14 pieces proved, 2 open; total runs 629, proved 581, open regions 5
22:40:25 UTC split region (bound/target 1.100) on [[0,5,8],[0,6,7],[0,6,8],[0,7,8]]: 16 pieces proved, 0 open; total runs 645, proved 597, open regions 4
22:42:49 UTC split region (bound/target 1.316) on [[0,5,8],[0,6,7],[0,6,8],[0,7,8]]: 15 pieces proved, 1 open; total runs 661, proved 612, open regions 4
22:46:29 UTC split region (bound/target 1.355) on [[1,4,5],[1,4,6],[1,4,7],[1,4,8]]: 13 pieces proved, 3 open; total runs 677, proved 625, open regions 6
22:47:41 UTC region PROVED by a 300 s run (72 s); open 5
22:49:25 UTC split region (bound/target 1.072) on [[1,5,6],[1,5,7],[1,5,8],[1,6,7]]: 15 pieces proved, 1 open; total runs 694, proved 641, open regions 5
22:50:34 UTC split region (bound/target 1.054) on [[1,6,8],[1,7,8],[2,4,5],[2,4,6]]: 16 pieces proved, 0 open; total runs 710, proved 657, open regions 4
22:51:49 UTC split region (bound/target 1.133) on [[1,5,6],[1,5,7],[1,5,8],[1,6,7]]: 16 pieces proved, 0 open; total runs 726, proved 673, open regions 3
22:54:56 UTC split region (bound/target 1.439) on [[5,7,8],[6,7,8],[0,4,5],[0,4,6]]: 14 pieces proved, 2 open; total runs 742, proved 687, open regions 4
22:56:59 UTC split region (bound/target 1.049) on [[0,4,7],[0,4,8],[0,5,6],[0,5,7]]: 15 pieces proved, 1 open; total runs 758, proved 702, open regions 4
22:58:10 UTC region PROVED by a 300 s run (71 s); open 3
22:58:43 UTC split region (bound/target 1.093) on [[0,4,7],[0,4,8],[0,5,6],[0,5,7]]: 16 pieces proved, 0 open; total runs 775, proved 719, open regions 2
23:01:22 UTC split region (bound/target 1.528) on [[0,4,7],[0,4,8],[0,5,6],[0,5,7]]: 14 pieces proved, 2 open; total runs 791, proved 733, open regions 3
23:02:37 UTC region PROVED by a 300 s run (74 s); open 2
23:05:05 UTC split region (bound/target 1.345) on [[0,5,8],[0,6,7],[0,6,8],[0,7,8]]: 15 pieces proved, 1 open; total runs 808, proved 749, open regions 2
23:06:59 UTC split region (bound/target 1.148) on [[1,4,5],[1,4,6],[1,4,7],[1,4,8]]: 15 pieces proved, 1 open; total runs 824, proved 764, open regions 2
23:08:25 UTC split region (bound/target 1.066) on [[1,5,6],[1,5,7],[1,5,8],[1,6,7]]: 16 pieces proved, 0 open; total runs 840, proved 780, open regions 1
23:15:55 UTC split region (bound/target 1.699) on [[5,7,8],[6,7,8],[0,4,5],[0,4,6]]: 11 pieces proved, 5 open; total runs 856, proved 791, open regions 5
23:17:18 UTC split region (bound/target 1.166) on [[0,4,7],[0,4,8],[0,5,6],[0,5,7]]: 15 pieces proved, 1 open; total runs 872, proved 806, open regions 5
23:18:34 UTC split region (bound/target 1.051) on [[0,5,8],[0,6,7],[0,6,8],[0,7,8]]: 15 pieces proved, 1 open; total runs 888, proved 821, open regions 5
23:19:38 UTC split region (bound/target 1.075) on [[1,4,5],[1,4,6],[1,4,7],[1,4,8]]: 16 pieces proved, 0 open; total runs 904, proved 837, open regions 4
23:21:02 UTC split region (bound/target 1.201) on [[0,4,7],[0,4,8],[0,5,6],[0,5,7]]: 15 pieces proved, 1 open; total runs 920, proved 852, open regions 4
23:22:21 UTC split region (bound/target 1.212) on [[0,5,8],[0,6,7],[0,6,8],[0,7,8]]: 16 pieces proved, 0 open; total runs 936, proved 868, open regions 3
23:24:13 UTC split region (bound/target 1.236) on [[0,4,7],[0,4,8],[0,5,6],[0,5,7]]: 15 pieces proved, 1 open; total runs 952, proved 883, open regions 3
23:25:40 UTC split region (bound/target 1.297) on [[0,4,7],[0,4,8],[0,5,6],[0,5,7]]: 16 pieces proved, 0 open; total runs 968, proved 899, open regions 2
23:27:52 UTC split region (bound/target 1.304) on [[0,5,8],[0,6,7],[0,6,8],[0,7,8]]: 14 pieces proved, 2 open; total runs 984, proved 913, open regions 3
23:28:55 UTC region PROVED by a 300 s run (63 s); open 2
23:29:42 UTC split region (bound/target 1.289) on [[1,4,5],[1,4,6],[1,4,7],[1,4,8]]: 16 pieces proved, 0 open; total runs 1001, proved 930, open regions 1
23:33:43 UTC split region (bound/target 1.542) on [[0,4,7],[0,4,8],[0,5,6],[0,5,7]]: 13 pieces proved, 3 open; total runs 1017, proved 943, open regions 3
23:35:19 UTC split region (bound/target 1.069) on [[0,5,8],[0,6,7],[0,6,8],[0,7,8]]: 15 pieces proved, 1 open; total runs 1033, proved 958, open regions 3
23:36:24 UTC split region (bound/target 1.123) on [[1,4,5],[1,4,6],[1,4,7],[1,4,8]]: 16 pieces proved, 0 open; total runs 1049, proved 974, open regions 2
23:39:02 UTC split region (bound/target 1.179) on [[0,5,8],[0,6,7],[0,6,8],[0,7,8]]: 15 pieces proved, 1 open; total runs 1065, proved 989, open regions 2
23:40:30 UTC split region (bound/target 1.189) on [[0,5,8],[0,6,7],[0,6,8],[0,7,8]]: 15 pieces proved, 1 open; total runs 1081, proved 1004, open regions 2
23:41:20 UTC split region (bound/target 1.094) on [[1,4,5],[1,4,6],[1,4,7],[1,4,8]]: 16 pieces proved, 0 open; total runs 1097, proved 1020, open regions 1
23:45:53 UTC split region (bound/target 1.452) on [[1,4,5],[1,4,6],[1,4,7],[1,4,8]]: 13 pieces proved, 3 open; total runs 1113, proved 1033, open regions 3
23:47:40 UTC split region (bound/target 1.063) on [[1,5,6],[1,5,7],[1,5,8],[1,6,7]]: 15 pieces proved, 1 open; total runs 1129, proved 1048, open regions 3
23:48:13 UTC split region (bound/target 1.076) on [[1,6,8],[1,7,8],[2,4,5],[2,4,6]]: 16 pieces proved, 0 open; total runs 1145, proved 1064, open regions 2
23:48:35 UTC split region (bound/target 1.182) on [[1,5,6],[1,5,7],[1,5,8],[1,6,7]]: 16 pieces proved, 0 open; total runs 1161, proved 1080, open regions 1
23:50:35 UTC split region (bound/target 1.230) on [[1,5,6],[1,5,7],[1,5,8],[1,6,7]]: 15 pieces proved, 1 open; total runs 1177, proved 1095, open regions 1
23:51:22 UTC split region (bound/target 1.156) on [[1,6,8],[1,7,8],[2,4,5],[2,4,6]]: 16 pieces proved, 0 open; total runs 1193, proved 1111, open regions 0
23:51:22 UTC ALL REGIONS PROVED by this driver: runs 1193, proved 1111 (the certificate itself must still be checked with summarize.py and combine_plan_260927.py)
