Set parameter NodefileStart to value 6
Read parameters from file gurobi.env
Restricted license - for non-production use only - expires 2027-11-29
Set parameter OutputFlag to value 1
Set parameter Threads to value 4
Set parameter TimeLimit to value 360
Set parameter MIPGap to value 5e-05
Set parameter MIPFocus to value 2
Set parameter NonConvex to value 2
Set parameter BestBdStop to value 2.7426211734693878e-02
Gurobi Optimizer version 13.0.3 build v13.0.3rc0 (linux64 - "Ubuntu 24.04.5 LTS")

CPU model: Intel(R) Xeon(R) Platinum 8370C CPU @ 2.80GHz, instruction set [SSE2|AVX|AVX2|AVX512]
Thread count: 2 physical cores, 4 logical processors, using up to 4 threads

Non-default parameters:
TimeLimit  360
BestBdStop  2.7426211734693878e-02
MIPGap  5e-05
MIPFocus  2
NodefileStart  6
NonConvex  2
Threads  4

Optimize a model with 141 rows, 111 columns and 810 nonzeros (Max)
Model fingerprint: 0x3912bea9
Model has 1 linear objective coefficients
Model has 50 quadratic constraints
Variable types: 65 continuous, 46 integer (46 binary)
Coefficient statistics:
  Matrix range     [5e-01, 1e+00]
  QMatrix range    [1e+00, 1e+00]
  QLMatrix range   [1e+00, 1e+00]
  Objective range  [1e+00, 1e+00]
  Bounds range     [5e-01, 1e+00]
  RHS range        [1e+00, 1e+00]

Found heuristic solution: objective -0.0000000
Presolve time: 0.00s
Presolved: 341 rows, 112 columns, 1210 nonzeros
Presolved model has 50 bilinear constraint(s)

Solving non-convex MIQCP to global optimality

Variable types: 66 continuous, 46 integer (46 binary)
Root relaxation presolve removed 50 rows and 1 columns
Root relaxation presolved: 291 rows, 111 columns, 1160 nonzeros


Root relaxation: objective 8.333333e-02, 119 iterations, 0.00 seconds (0.00 work units)

    Nodes    |    Current Node    |     Objective Bounds      |     Work
 Expl Unexpl |  Obj  Depth IntInf | Incumbent    BestBd   Gap | It/Node Time

     0     0    0.08333    0   49   -0.00000    0.08333      -     -    0s
     0     0    0.08333    0   51   -0.00000    0.08333      -     -    0s
     0     0    0.08333    0   52   -0.00000    0.08333      -     -    0s
     0     0    0.08065    0   66   -0.00000    0.08065      -     -    0s
     0     0    0.08065    0   65   -0.00000    0.08065      -     -    0s
H    0     0                       0.0000000    0.08065      -     -    0s
     0     0    0.07692    0   75    0.00000    0.07692      -     -    0s
     0     0    0.07692    0   69    0.00000    0.07692      -     -    0s
     0     0    0.07692    0   69    0.00000    0.07692      -     -    0s
     0     0    0.07500    0   60    0.00000    0.07500      -     -    0s
     0     0    0.07500    0   60    0.00000    0.07500      -     -    0s
     0     0    0.07500    0   61    0.00000    0.07500      -     -    0s
     0     0    0.07500    0   58    0.00000    0.07500      -     -    0s
     0     0    0.07500    0   60    0.00000    0.07500      -     -    0s
     0     0    0.07500    0   60    0.00000    0.07500      -     -    0s
     0     0    0.07500    0   60    0.00000    0.07500      -     -    0s
     0     2    0.07500    0   60    0.00000    0.07500      -     -    0s
H  585   513                       0.0000000    0.07321      -  29.0    1s
*  611   513              97       0.0000000    0.07321      -  27.9    1s
*  684   570              86       0.0000002    0.07321      -  28.5    1s
H 1207   873                       0.0000003    0.07317      -  30.5    1s
H 1459   988                       0.0000004    0.07019      -  33.1    3s
* 1791  1098             100       0.0000006    0.05634      -  31.7    3s
H 1952  1154                       0.0000006    0.05627      -  32.6    3s
H 2184  1240                       0.0000009    0.05627      -  33.3    3s
  6069  4093    0.00187   60   44    0.00000    0.05116      -  36.6    5s
 22255 15285    0.02119   37   53    0.00000    0.04845      -  31.5   10s
 31080 21060    0.04618   32   54    0.00000    0.04786      -  31.2   15s
 44599 30080    0.03305   37   53    0.00000    0.04712      -  31.5   20s
 57921 38971    0.04559   30   68    0.00000    0.04637      -  31.5   25s
 71383 47813    0.00071   64   51    0.00000    0.04584      -  32.0   30s
 86007 57597    0.00000  102   32    0.00000    0.04535      -  32.4   35s
 98765 66302    0.00002   78   41    0.00000    0.04500      -  32.7   40s
 115219 76836    0.02900   37   58    0.00000    0.04463      -  33.0   45s
 129427 85510    0.00001   99   49    0.00000    0.04438      -  33.0   50s
 142339 93385    0.00001   95   37    0.00000    0.04418      -  33.2   55s
 154995 101511    0.00016   57   50    0.00000    0.04395      -  33.4   61s
 169010 111330    0.01805   32   50    0.00000    0.04380      -  33.7   65s
 186909 122492    0.02074   41   55    0.00000    0.04355      -  33.9   70s
 196804 128708    0.00009   55   52    0.00000    0.04347      -  34.0   75s
 212507 138689    0.00278   55   32    0.00000    0.04326      -  34.2   80s
 221640 144710     cutoff   41         0.00000    0.04316      -  34.2   85s
 234419 152551    0.00388   49   50    0.00000    0.04302      -  34.3   90s
 247509 160613    0.00007   64   49    0.00000    0.04290      -  34.3   95s
 259933 168247 infeasible   45         0.00000    0.04279      -  34.4  100s
 270079 174655    0.00042   69   50    0.00000    0.04273      -  34.5  105s
 284468 183909    0.01900   37   54    0.00000    0.04262      -  34.6  110s
 296041 191165    0.01995   41   51    0.00000    0.04254      -  34.6  115s
 311154 200597    0.00056   61   59    0.00000    0.04241      -  34.7  120s
 323917 208995    0.03866   34   62    0.00000    0.04229      -  34.7  125s
 338781 218123    0.00799   44   52    0.00000    0.04219      -  34.8  130s
 352180 227170    0.00000  115   28    0.00000    0.04211      -  34.8  135s
 364666 234741    0.00055   52   37    0.00000    0.04203      -  34.8  140s
 377587 243502    0.00700   59   52    0.00000    0.04195      -  34.9  145s
 393781 254257    0.00329   56   45    0.00000    0.04185      -  35.0  150s
 405352 261765    0.00061   50   45    0.00000    0.04178      -  35.0  155s
 417014 269152    0.00157   48   45    0.00000    0.04170      -  35.0  160s
 429760 277546    0.00664   48   52    0.00000    0.04162      -  35.1  165s
 438513 283435    0.01457   48   53    0.00000    0.04157      -  35.1  170s
 452181 291171     cutoff   55         0.00000    0.04151      -  35.2  176s
 463511 298499     cutoff   93         0.00000    0.04145      -  35.2  180s
 475304 305881    0.00000   84   41    0.00000    0.04138      -  35.3  185s
 490696 316072    0.00001  111   36    0.00000    0.04132      -  35.3  190s
 503092 324146    0.00000   80   48    0.00000    0.04127      -  35.4  195s
 518976 334190    0.03350   39   52    0.00000    0.04120      -  35.4  200s
 530488 341648    0.00616   44   35    0.00000    0.04114      -  35.5  205s
 543117 349717     cutoff  104         0.00000    0.04108      -  35.5  210s
 557186 358521    0.00000   78   48    0.00000    0.04104      -  35.5  215s
H557294 357951                       0.0000010    0.04104      -  35.5  216s
 567543 364868    0.00017   69   52    0.00000    0.04100      -  35.6  220s
 581115 374347    0.00003   77   50    0.00000    0.04094      -  35.6  225s
 595031 383354     cutoff  109         0.00000    0.04088      -  35.6  230s
 607033 391647    0.00019   79   43    0.00000    0.04085      -  35.7  235s
 623051 402733     cutoff   96         0.00000    0.04081      -  35.7  240s
 631801 408652    0.00533   43   55    0.00000    0.04077      -  35.7  245s
 644020 416395    0.00208   50   50    0.00000    0.04072      -  35.7  251s
 656507 424815    0.03774   39   53    0.00000    0.04069      -  35.8  255s
 668610 432447    0.01408   50   50    0.00000    0.04063      -  35.8  260s
 683224 442368    0.00058   54   36    0.00000    0.04057      -  35.9  265s
 700094 453109     cutoff   90         0.00000    0.04051      -  35.9  270s
 711172 460591    0.00006   70   43    0.00000    0.04047      -  36.0  275s
 723819 468639    0.00003   82   52    0.00000    0.04042      -  36.0  280s
 738751 478826    0.00041   66   51    0.00000    0.04038      -  36.0  285s
 751994 487232    0.00003   51   31    0.00000    0.04034      -  36.1  290s
 766871 497148    0.00160   54   37    0.00000    0.04029      -  36.1  295s
 782171 506744    0.00216   48   50    0.00000    0.04025      -  36.1  301s
 791997 513406    0.00288   42   50    0.00000    0.04022      -  36.2  305s
 804140 521191    0.01671   46   50    0.00000    0.04019      -  36.2  310s
 821884 533879    0.00079   71   50    0.00000    0.04017      -  36.2  315s
 832693 540882    0.00020   52   32    0.00000    0.04014      -  36.2  320s
 845997 549668    0.00133   63   54    0.00000    0.04011      -  36.2  325s
 861943 559708     cutoff   58         0.00000    0.04006      -  36.2  330s
 876252 569074    0.00000  104   35    0.00000    0.04004      -  36.3  335s
 889390 577843    0.00299   51   43    0.00000    0.04002      -  36.3  340s
 903891 587361    0.00037   55   44    0.00000    0.04000      -  36.3  345s
 911541 592131     cutoff  109         0.00000    0.03998      -  36.3  350s
 924502 600278    0.00347   52   53    0.00000    0.03995      -  36.3  356s
 935254 607222    0.03692   35   51    0.00000    0.03993      -  36.3  360s

Cutting planes:
  Gomory: 23
  Lift-and-project: 11
  Implied bound: 32
  MIR: 7
  Mixing: 1
  Flow cover: 68
  Inf proof: 3
  RLT: 90
  Relax-and-lift: 26
  BQP: 20

Explored 935280 nodes (33945994 simplex iterations) in 360.00 seconds (297.29 work units)
Thread count was 4 (of 4 available processors)

Solution count 10: 9.60187e-07 8.90181e-07 6.45085e-07 ... 6.00546e-10

Time limit reached
Best objective 9.601866079832e-07, best bound 3.993045556764e-02, gap -
{"verdict": "UNRESOLVED", "status": "TIME_LIMIT", "runtime": 360.0025188922882, "objval": 9.601866079831837e-07, "objbound": 0.03993045556763646, "binaries": 46}
