Set parameter NodefileStart to value 6
Read parameters from file gurobi.env
Restricted license - for non-production use only - expires 2027-11-29
Set parameter OutputFlag to value 1
Set parameter Threads to value 4
Set parameter TimeLimit to value 360
Set parameter MIPGap to value 5e-05
Set parameter MIPFocus to value 2
Set parameter NonConvex to value 2
Set parameter BestBdStop to value 2.7426211734693878e-02
Gurobi Optimizer version 13.0.3 build v13.0.3rc0 (linux64 - "Ubuntu 24.04.5 LTS")

CPU model: AMD EPYC 7763 64-Core Processor, instruction set [SSE2|AVX|AVX2]
Thread count: 2 physical cores, 4 logical processors, using up to 4 threads

Non-default parameters:
TimeLimit  360
BestBdStop  2.7426211734693878e-02
MIPGap  5e-05
MIPFocus  2
NodefileStart  6
NonConvex  2
Threads  4

Optimize a model with 141 rows, 111 columns and 810 nonzeros (Max)
Model fingerprint: 0x18293789
Model has 1 linear objective coefficients
Model has 50 quadratic constraints
Variable types: 65 continuous, 46 integer (46 binary)
Coefficient statistics:
  Matrix range     [5e-01, 1e+00]
  QMatrix range    [1e+00, 1e+00]
  QLMatrix range   [1e+00, 1e+00]
  Objective range  [1e+00, 1e+00]
  Bounds range     [5e-01, 1e+00]
  RHS range        [1e+00, 1e+00]

Found heuristic solution: objective -0.0000000
Presolve time: 0.00s
Presolved: 341 rows, 112 columns, 1210 nonzeros
Presolved model has 50 bilinear constraint(s)

Solving non-convex MIQCP to global optimality

Variable types: 66 continuous, 46 integer (46 binary)
Root relaxation presolve removed 50 rows and 1 columns
Root relaxation presolved: 291 rows, 111 columns, 1160 nonzeros


Root relaxation: objective 8.333333e-02, 127 iterations, 0.00 seconds (0.00 work units)

    Nodes    |    Current Node    |     Objective Bounds      |     Work
 Expl Unexpl |  Obj  Depth IntInf | Incumbent    BestBd   Gap | It/Node Time

     0     0    0.08333    0   49   -0.00000    0.08333      -     -    0s
H    0     0                       0.0000000    0.08333      -     -    0s
     0     0    0.07500    0   53    0.00000    0.07500      -     -    0s
     0     0    0.07500    0   59    0.00000    0.07500      -     -    0s
     0     0    0.07500    0   54    0.00000    0.07500      -     -    0s
     0     0    0.07500    0   47    0.00000    0.07500      -     -    0s
     0     0    0.07500    0   45    0.00000    0.07500      -     -    0s
     0     0    0.07255    0   55    0.00000    0.07255      -     -    0s
     0     0    0.07255    0   48    0.00000    0.07255      -     -    0s
     0     0    0.07255    0   57    0.00000    0.07255      -     -    0s
     0     0    0.07255    0   57    0.00000    0.07255      -     -    0s
     0     0    0.07173    0   50    0.00000    0.07173      -     -    0s
     0     0    0.07173    0   51    0.00000    0.07173      -     -    0s
     0     0    0.07173    0   60    0.00000    0.07173      -     -    0s
     0     0    0.07173    0   56    0.00000    0.07173      -     -    0s
     0     0    0.07155    0   61    0.00000    0.07155      -     -    0s
     0     0    0.07143    0   62    0.00000    0.07143      -     -    0s
     0     0    0.07143    0   50    0.00000    0.07143      -     -    0s
     0     0    0.07143    0   50    0.00000    0.07143      -     -    0s
     0     2    0.07143    0   50    0.00000    0.07143      -     -    0s
H   29    32                       0.0000000    0.07143      -  31.8    0s
H  209   238                       0.0000000    0.07143      -  22.5    0s
H  229   238                       0.0000005    0.07143      -  21.1    0s
H  433   426                       0.0000008    0.07143      -  24.0    0s
 11885  7659    0.00001   69   55    0.00000    0.04200      -  24.1    5s
 28141 17979    0.00003   71   47    0.00000    0.03664      -  23.7   10s
*32250 20385              83       0.0000009    0.03613      -  23.5   10s
*32255 20367              83       0.0000009    0.03613      -  23.5   10s
*33223 21052              88       0.0000009    0.03597      -  23.4   11s
*39780 24857              84       0.0000010    0.03492      -  23.4   13s
 45577 28815    0.00041   51   60    0.00000    0.03414      -  23.5   15s
 62126 38916    0.00000   61   26    0.00000    0.03250      -  23.4   20s
 82052 51639     cutoff   69         0.00000    0.03139      -  23.1   25s
 100854 63566    0.01352   27   62    0.00000    0.03046      -  23.1   30s
 119923 76320    0.00463   36   53    0.00000    0.02982      -  23.1   35s
 134895 85535    0.00007   51   43    0.00000    0.02939      -  22.9   40s
 152021 97268    0.02346   26   54    0.00000    0.02888      -  22.7   45s
 171328 108915    0.00010   66   50    0.00000    0.02841      -  22.6   50s
 191036 120743     cutoff   66         0.00000    0.02795      -  22.5   55s
 209878 132991     cutoff   49         0.00000    0.02763      -  22.4   60s

Cutting planes:
  Gomory: 13
  Lift-and-project: 2
  Implied bound: 31
  MIR: 11
  Flow cover: 65
  RLT: 87
  Relax-and-lift: 18
  BQP: 27

Explored 221935 nodes (4940674 simplex iterations) in 63.01 seconds (66.18 work units)
Thread count was 4 (of 4 available processors)

Solution count 10: 9.88313e-07 8.97061e-07 8.71434e-07 ... -0

Optimization achieved user objective limit
Best objective 9.883127886008e-07, best bound 2.742159354138e-02, gap -
{"verdict": "PROVED", "status": "BOUND_REACHED", "runtime": 63.0076220035553, "objval": 9.883127886007597e-07, "objbound": 0.027421593541376216, "binaries": 46}
