Set parameter NodefileStart to value 6
Read parameters from file gurobi.env
Restricted license - for non-production use only - expires 2027-11-29
Set parameter OutputFlag to value 1
Set parameter Threads to value 4
Set parameter TimeLimit to value 3600
Set parameter MIPGap to value 5e-05
Set parameter MIPFocus to value 2
Set parameter NonConvex to value 2
Set parameter BestBdStop to value 2.7426211734693878e-02
Gurobi Optimizer version 13.0.3 build v13.0.3rc0 (linux64 - "Ubuntu 24.04.5 LTS")

CPU model: AMD EPYC 7763 64-Core Processor, instruction set [SSE2|AVX|AVX2]
Thread count: 2 physical cores, 4 logical processors, using up to 4 threads

Non-default parameters:
TimeLimit  3600
BestBdStop  2.7426211734693878e-02
MIPGap  5e-05
MIPFocus  2
NodefileStart  6
NonConvex  2
Threads  4

Optimize a model with 161 rows, 131 columns and 950 nonzeros (Max)
Model fingerprint: 0x838b818a
Model has 1 linear objective coefficients
Model has 50 quadratic constraints
Variable types: 65 continuous, 66 integer (66 binary)
Coefficient statistics:
  Matrix range     [5e-01, 1e+00]
  QMatrix range    [1e+00, 1e+00]
  QLMatrix range   [1e+00, 1e+00]
  Objective range  [1e+00, 1e+00]
  Bounds range     [5e-01, 1e+00]
  RHS range        [1e+00, 1e+00]

Found heuristic solution: objective -0.0000000
Presolve time: 0.00s
Presolved: 361 rows, 132 columns, 1350 nonzeros
Presolved model has 50 bilinear constraint(s)

Solving non-convex MIQCP to global optimality

Variable types: 66 continuous, 66 integer (66 binary)
Found heuristic solution: objective 0.0000000
Root relaxation presolve removed 88 rows and 20 columns
Root relaxation presolved: 273 rows, 112 columns, 1080 nonzeros


Root relaxation: objective 1.666667e-01, 81 iterations, 0.00 seconds (0.00 work units)

    Nodes    |    Current Node    |     Objective Bounds      |     Work
 Expl Unexpl |  Obj  Depth IntInf | Incumbent    BestBd   Gap | It/Node Time

     0     0    0.16667    0   59    0.00000    0.16667      -     -    0s
H    0     0                       0.0000001    0.16667      -     -    0s
     0     0    0.10000    0   53    0.00000    0.10000      -     -    0s
     0     0    0.10000    0   59    0.00000    0.10000      -     -    0s
     0     0    0.10000    0   69    0.00000    0.10000      -     -    0s
     0     0    0.10000    0   40    0.00000    0.10000      -     -    0s
     0     0    0.10000    0   37    0.00000    0.10000      -     -    0s
     0     0    0.10000    0   43    0.00000    0.10000      -     -    0s
     0     0    0.10000    0   43    0.00000    0.10000      -     -    0s
     0     0    0.10000    0   62    0.00000    0.10000      -     -    0s
     0     0    0.10000    0   37    0.00000    0.10000      -     -    0s
H    0     0                       0.0159230    0.10000   528%     -    0s
     0     0    0.09383    0   43    0.01592    0.09383   489%     -    0s
     0     0    0.09383    0   54    0.01592    0.09383   489%     -    0s
     0     0    0.09355    0   58    0.01592    0.09355   488%     -    0s
     0     0    0.09352    0   55    0.01592    0.09352   487%     -    0s
     0     0    0.09090    0   52    0.01592    0.09090   471%     -    0s
     0     0    0.09090    0   52    0.01592    0.09090   471%     -    0s
     0     0    0.09090    0   51    0.01592    0.09090   471%     -    0s
     0     0    0.08884    0   51    0.01592    0.08884   458%     -    0s
H    0     0                       0.0159230    0.08884   458%     -    0s
     0     2    0.08884    0   51    0.01592    0.08884   458%     -    0s
H   20    32                       0.0159230    0.07007   340%  22.6    0s
H  126   120                       0.0159230    0.06417   303%  26.8    0s
H  449   389                       0.0159230    0.05920   272%  22.9    0s
H 2385  1327                       0.0179804    0.05286   194%  24.4    2s
H 3145  1557                       0.0179805    0.05034   180%  24.0    2s
H 3420  1550                       0.0179806    0.04997   178%  23.9    2s
H 4500  1746                       0.0189096    0.04858   157%  24.4    3s
H 5398  2111                       0.0192811    0.04794   149%  23.7    3s
H 5629  2017                       0.0209704    0.04784   128%  23.7    3s
H 5655  2113                       0.0209704    0.04784   128%  23.7    3s
  8731  3564     cutoff   33         0.02097    0.04675   123%  23.6    5s
 25255  9511    0.03274   32   57    0.02097    0.04517   115%  23.8   10s
H34581 12561                       0.0210806    0.04445   111%  23.9   12s
H34657 12716                       0.0210806    0.04445   111%  23.9   12s
H35860 13114                       0.0210806    0.04440   111%  23.9   12s
 42725 15242    0.02302   46   53    0.02108    0.04398   109%  24.0   15s
H53161 17720                       0.0221903    0.04365  96.7%  24.4   17s
H54372 18123                       0.0221903    0.04359  96.4%  24.4   18s
 61904 20506     cutoff   42         0.02219    0.04339  95.5%  24.4   20s
H61924 20081                       0.0225280    0.04339  92.6%  24.4   20s
H68017 21816                       0.0225281    0.04317  91.6%  24.5   21s
H71972 22349                       0.0229366    0.04301  87.5%  24.6   22s
H72390 22479                       0.0229366    0.04300  87.5%  24.5   23s
H77223 23729                       0.0229366    0.04284  86.8%  24.6   24s
 81073 24697    0.02967   39   57    0.02294    0.04270  86.2%  24.6   25s
H94183 26859                       0.0237624    0.04236  78.3%  24.5   28s
H94193 27029                       0.0237625    0.04236  78.3%  24.5   29s
H94633 27029                       0.0237625    0.04236  78.3%  24.4   29s
 98692 28010     cutoff   37         0.02376    0.04225  77.8%  24.4   30s
 120749 33451    0.03421   37   56    0.02376    0.04179  75.9%  24.3   35s
 139140 38053    0.02945   44   56    0.02376    0.04151  74.7%  24.4   40s
 156865 42637    0.03477   36   52    0.02376    0.04130  73.8%  24.3   45s
 178280 47298    0.02480   35   54    0.02376    0.04106  72.8%  24.1   50s
 197740 51407    0.02580   37   57    0.02376    0.04088  72.1%  24.1   55s
 218557 55870     cutoff   42         0.02376    0.04070  71.3%  24.1   60s
H221727 52705                       0.0250018    0.04067  62.7%  24.1   60s
H222893 52827                       0.0250018    0.04066  62.6%  24.1   61s
 235633 55009    0.02608   35   52    0.02500    0.04051  62.0%  24.0   65s
 255960 58478     cutoff   45         0.02500    0.04029  61.2%  24.0   70s
 271897 61079    0.03570   39   55    0.02500    0.04013  60.5%  24.0   75s
 292270 64425     cutoff   38         0.02500    0.03992  59.6%  23.9   80s
 312756 68189     cutoff   44         0.02500    0.03974  58.9%  23.9   85s
 333385 71102    0.02812   34   54    0.02500    0.03954  58.1%  23.9   90s
 353883 74520    0.03920   31   57    0.02500    0.03937  57.5%  23.8   95s
 373820 77971     cutoff   36         0.02500    0.03922  56.9%  23.8  100s
 394921 81130    0.02965   44   51    0.02500    0.03908  56.3%  23.8  105s
 415439 84300     cutoff   35         0.02500    0.03896  55.8%  23.7  110s
 433897 87411    0.02752   37   49    0.02500    0.03884  55.4%  23.7  115s
 451285 89973     cutoff   40         0.02500    0.03873  54.9%  23.7  120s
 471423 92882     cutoff   40         0.02500    0.03861  54.4%  23.7  125s
 492487 95699    0.02532   43   50    0.02500    0.03849  53.9%  23.6  130s
 513610 98973    0.02638   44   56    0.02500    0.03837  53.5%  23.6  135s
 534609 101950    0.02607   43   59    0.02500    0.03827  53.1%  23.6  140s
 554853 104843     cutoff   37         0.02500    0.03818  52.7%  23.5  145s
 575421 107562    0.03637   39   47    0.02500    0.03807  52.3%  23.5  150s
 592551 110376    0.02816   41   35    0.02500    0.03799  52.0%  23.5  155s
 611116 113192     cutoff   49         0.02500    0.03795  51.8%  23.5  160s
 630444 115469    0.03399   36   54    0.02500    0.03786  51.4%  23.5  165s
 651317 118209    0.02583   43   54    0.02500    0.03775  51.0%  23.5  170s
 672420 120823     cutoff   36         0.02500    0.03765  50.6%  23.5  175s
 691898 123205    0.03720   35   56    0.02500    0.03757  50.3%  23.4  180s
 711836 125563    0.02766   41   56    0.02500    0.03749  49.9%  23.4  185s
 732556 128059     cutoff   29         0.02500    0.03741  49.6%  23.4  190s
 748436 130504     cutoff   46         0.02500    0.03736  49.4%  23.4  195s
 767291 133290     cutoff   40         0.02500    0.03731  49.2%  23.4  200s
 787330 136077    0.02656   41   44    0.02500    0.03724  49.0%  23.4  205s
 806935 138632    0.03060   36   48    0.02500    0.03717  48.7%  23.4  210s
 827908 140824     cutoff   44         0.02500    0.03709  48.4%  23.4  215s
 848954 143171    0.03021   39   56    0.02500    0.03702  48.1%  23.3  220s
 868671 145622    0.02555   45   47    0.02500    0.03695  47.8%  23.3  225s
 886553 147750    0.02967   40   56    0.02500    0.03689  47.6%  23.3  230s
 906606 150107    0.03382   31   53    0.02500    0.03683  47.3%  23.3  235s
 922631 151921    0.03081   42   50    0.02500    0.03677  47.1%  23.3  240s
 942110 153989    0.02837   43   53    0.02500    0.03670  46.8%  23.2  245s
 962626 156267    0.02513   37   50    0.02500    0.03664  46.5%  23.2  250s
 982491 158280     cutoff   41         0.02500    0.03657  46.3%  23.2  255s
 1003467 160450     cutoff   39         0.02500    0.03651  46.0%  23.2  260s
 1023504 162634    0.03312   33   56    0.02500    0.03644  45.8%  23.1  265s
 1043276 165426     cutoff   41         0.02500    0.03640  45.6%  23.1  270s
 1064146 167954     cutoff   35         0.02500    0.03635  45.4%  23.1  275s
 1085046 170333    0.03276   32   47    0.02500    0.03628  45.1%  23.1  280s
 1102104 172311     cutoff   45         0.02500    0.03624  44.9%  23.1  285s
 1122519 174413     cutoff   41         0.02500    0.03618  44.7%  23.0  290s
 1142817 176398    0.02639   38   53    0.02500    0.03612  44.5%  23.0  295s
 1163177 177981    0.03519   33   57    0.02500    0.03607  44.3%  23.0  300s
 1183390 179950     cutoff   46         0.02500    0.03602  44.1%  23.0  305s
 1204161 181847    0.03132   43   64    0.02500    0.03596  43.8%  23.0  310s
 1222973 183780    0.02563   41   56    0.02500    0.03591  43.6%  23.0  315s
 1244174 185745    0.02726   40   49    0.02500    0.03585  43.4%  22.9  320s
 1260365 187278     cutoff   36         0.02500    0.03581  43.2%  22.9  325s
 1281479 189313    0.02518   41   48    0.02500    0.03575  43.0%  22.9  330s
 1301791 191185    0.02934   40   54    0.02500    0.03570  42.8%  22.9  335s
 1321889 193052    0.02667   46   55    0.02500    0.03565  42.6%  22.9  340s
 1341590 195119    0.02801   44   36    0.02500    0.03561  42.4%  22.9  345s
 1362338 196891    0.03180   35   40    0.02500    0.03555  42.2%  22.8  350s
 1380475 198324     cutoff   39         0.02500    0.03551  42.0%  22.8  355s
 1400588 200318     cutoff   40         0.02500    0.03546  41.8%  22.8  360s
 1419913 202201    0.02861   37   52    0.02500    0.03542  41.7%  22.8  365s
 1436448 203678    0.02803   36   40    0.02500    0.03538  41.5%  22.8  370s
 1456519 205495     cutoff   38         0.02500    0.03533  41.3%  22.8  375s
 1475994 207159     cutoff   41         0.02500    0.03529  41.1%  22.8  380s
 1496013 208689     cutoff   46         0.02500    0.03523  40.9%  22.8  385s
 1516301 210578     cutoff   41         0.02500    0.03519  40.7%  22.7  390s
 1536512 212205     cutoff   45         0.02500    0.03514  40.6%  22.7  395s
 1556275 214016     cutoff   38         0.02500    0.03510  40.4%  22.7  400s
 1576314 215523     cutoff   34         0.02500    0.03505  40.2%  22.7  405s
 1596726 217144     cutoff   31         0.02500    0.03501  40.0%  22.7  410s
 1613416 218597     cutoff   40         0.02500    0.03497  39.9%  22.7  415s
 1633797 220467    0.02540   45   40    0.02500    0.03492  39.7%  22.7  420s
 1653378 222246    0.02848   41   52    0.02500    0.03488  39.5%  22.7  425s
 1673587 224184     cutoff   32         0.02500    0.03485  39.4%  22.7  430s
 1693560 225771     cutoff   38         0.02500    0.03481  39.2%  22.7  435s
 1713400 227338     cutoff   38         0.02500    0.03476  39.0%  22.6  440s
 1734237 229064    0.02506   38   54    0.02500    0.03472  38.9%  22.6  445s
 1751570 230392     cutoff   38         0.02500    0.03468  38.7%  22.6  450s
 1772053 232180     cutoff   43         0.02500    0.03464  38.6%  22.6  455s
 1791625 233745    0.02818   29   36    0.02500    0.03461  38.4%  22.6  460s
 1811738 235078    0.02814   34   51    0.02500    0.03456  38.2%  22.6  465s
 1831859 236586     cutoff   36         0.02500    0.03452  38.1%  22.6  470s
 1852538 238400    0.03448   36   46    0.02500    0.03448  37.9%  22.5  475s
 1869569 239767    0.03104   33   48    0.02500    0.03446  37.8%  22.5  480s
 1885529 241166     cutoff   39         0.02500    0.03442  37.7%  22.5  485s
 1904958 242429     cutoff   37         0.02500    0.03439  37.5%  22.5  490s
 1923814 243806    0.02557   40   46    0.02500    0.03435  37.4%  22.5  495s
 1941820 245013    0.02776   44   54    0.02500    0.03432  37.3%  22.5  500s
 1960581 246649    0.02834   39   56    0.02500    0.03428  37.1%  22.5  505s
 1977804 247758    0.02853   37   58    0.02500    0.03424  37.0%  22.5  510s
 1997138 248953     cutoff   40         0.02500    0.03421  36.8%  22.4  515s
 2015688 250181    0.03261   36   54    0.02500    0.03417  36.7%  22.4  520s
 2033811 251510     cutoff   42         0.02500    0.03414  36.5%  22.4  525s
 2052735 252918     cutoff   41         0.02500    0.03410  36.4%  22.4  530s
 2070967 254220     cutoff   39         0.02500    0.03407  36.3%  22.4  535s
 2084835 254975    0.02824   39   47    0.02500    0.03404  36.2%  22.4  540s
 2104319 256027     cutoff   37         0.02500    0.03401  36.0%  22.4  545s
 2123128 257295    0.02797   37   51    0.02500    0.03397  35.9%  22.3  550s
 2142231 258479     cutoff   40         0.02500    0.03393  35.7%  22.3  555s
 2161292 259768 infeasible   39         0.02500    0.03390  35.6%  22.3  560s
 2180062 261106    0.03386   35   55    0.02500    0.03386  35.4%  22.3  565s
 2199248 262446    0.03374   38   51    0.02500    0.03383  35.3%  22.3  570s
 2218138 263451    0.02663   39   44    0.02500    0.03380  35.2%  22.3  575s
 2236944 264510    0.03087   37   60    0.02500    0.03376  35.0%  22.3  580s
 2256226 265603    0.03058   31   56    0.02500    0.03373  34.9%  22.3  585s
 2274740 266526     cutoff   44         0.02500    0.03369  34.8%  22.2  590s
 2291478 267605    0.02765   32   46    0.02500    0.03367  34.7%  22.2  595s
 2311075 268938     cutoff   46         0.02500    0.03364  34.5%  22.2  600s
 2332498 270426     cutoff   34         0.02500    0.03360  34.4%  22.2  605s
 2351833 271464     cutoff   37         0.02500    0.03357  34.3%  22.2  610s
 2370036 273284    0.03023   32   49    0.02500    0.03355  34.2%  22.2  615s
 2389163 275316     cutoff   34         0.02500    0.03353  34.1%  22.2  620s
 2410256 276410     cutoff   50         0.02500    0.03350  34.0%  22.2  625s
 2430534 277412    0.02737   39   55    0.02500    0.03346  33.8%  22.2  630s
 2451576 278924     cutoff   34         0.02500    0.03343  33.7%  22.2  635s
 2472195 280275     cutoff   39         0.02500    0.03340  33.6%  22.2  640s
 2487691 281248    0.03128   32   60    0.02500    0.03337  33.5%  22.1  645s
 2508664 282369    0.02611   47   37    0.02500    0.03334  33.4%  22.1  650s
 2530109 283613    0.02978   45   57    0.02500    0.03331  33.2%  22.1  655s
 2551192 284957     cutoff   51         0.02500    0.03327  33.1%  22.1  660s
 2571962 286272     cutoff   34         0.02500    0.03324  33.0%  22.1  665s
 2592738 287617    0.03219   41   56    0.02500    0.03321  32.8%  22.1  670s
 2613774 288810 infeasible   40         0.02500    0.03318  32.7%  22.1  675s
 2634182 290192    0.02742   37   53    0.02500    0.03315  32.6%  22.1  680s
 2650666 291267    0.02731   48   53    0.02500    0.03313  32.5%  22.0  685s
 2670563 292521    0.02762   39   52    0.02500    0.03310  32.4%  22.0  690s
 2691128 293666     cutoff   44         0.02500    0.03307  32.3%  22.0  695s
 2710819 296047    0.03305   36   56    0.02500    0.03305  32.2%  22.0  700s
 2727256 298066    0.03022   37   53    0.02500    0.03305  32.2%  22.1  705s
 2747372 299259    0.02611   47   39    0.02500    0.03303  32.1%  22.0  710s
 2768255 300467    0.03008   34   49    0.02500    0.03300  32.0%  22.0  715s
 2788979 301551    0.02566   47   57    0.02500    0.03297  31.9%  22.0  720s
 2809776 302587    0.03293   40   55    0.02500    0.03294  31.7%  22.0  725s
 2831423 304418     cutoff   33         0.02500    0.03291  31.6%  22.0  730s
 2850278 306884    0.03291   38   48    0.02500    0.03291  31.6%  22.0  735s
H2851239 306995                       0.0250018    0.03291  31.6%  22.0  736s
 2863356 307850    0.02734   46   47    0.02500    0.03290  31.6%  22.0  740s
 2881900 308822    0.03145   34   55    0.02500    0.03288  31.5%  22.0  745s
 2902444 309882     cutoff   45         0.02500    0.03285  31.4%  22.0  750s
 2923739 311220    0.03282   34   48    0.02500    0.03282  31.3%  22.0  755s
 2944956 312275     cutoff   44         0.02500    0.03279  31.2%  21.9  760s
 2964860 313651     cutoff   37         0.02500    0.03277  31.1%  21.9  765s
 2986171 314678     cutoff   45         0.02500    0.03274  30.9%  21.9  770s
 3007467 316023    0.03269   26   38    0.02500    0.03271  30.8%  21.9  775s
 3023355 317044    0.02812   41   55    0.02500    0.03269  30.7%  21.9  780s
 3044151 318536    0.02932   39   41    0.02500    0.03266  30.6%  21.9  785s
 3063089 320359    0.02752   41   46    0.02500    0.03265  30.6%  21.9  790s
 3083134 321296     cutoff   38         0.02500    0.03262  30.5%  21.9  795s
 3104235 322232    0.02736   40   55    0.02500    0.03259  30.4%  21.9  800s
 3123240 323985    0.02705   41   56    0.02500    0.03258  30.3%  21.9  805s
 3144667 325216     cutoff   41         0.02500    0.03255  30.2%  21.8  810s
 3165355 326581    0.02836   46   56    0.02500    0.03253  30.1%  21.8  815s
 3186530 327659    0.02647   43   56    0.02500    0.03250  30.0%  21.8  820s
 3207046 328577     cutoff   47         0.02500    0.03248  29.9%  21.8  825s
 3228541 329890     cutoff   36         0.02500    0.03246  29.8%  21.8  830s
 3244716 330764    0.02943   37   56    0.02500    0.03244  29.7%  21.8  835s
 3265757 331986    0.03241   35   60    0.02500    0.03241  29.6%  21.8  840s
 3286713 333054     cutoff   38         0.02500    0.03239  29.5%  21.7  845s
 3308546 334254    0.03236   32   51    0.02500    0.03236  29.4%  21.7  850s
 3329475 335464    0.02644   42   57    0.02500    0.03234  29.3%  21.7  855s
 3350581 336458    0.02599   46   54    0.02500    0.03231  29.2%  21.7  860s
 3372258 337387    0.02780   40   69    0.02500    0.03229  29.1%  21.7  865s
 3390937 338233    0.02887   35   40    0.02500    0.03226  29.0%  21.7  870s
 3408161 338872    0.02798   37   60    0.02500    0.03224  29.0%  21.7  875s
 3429308 340027     cutoff   40         0.02500    0.03222  28.9%  21.7  880s
 3450571 341006    0.02905   39   61    0.02500    0.03220  28.8%  21.6  885s
 3472018 342151    0.03032   40   55    0.02500    0.03217  28.7%  21.6  890s
 3492954 343001    0.02559   42   55    0.02500    0.03215  28.6%  21.6  895s
 3513567 343859     cutoff   34         0.02500    0.03212  28.5%  21.6  900s
 3534388 345071    0.03012   44   47    0.02500    0.03210  28.4%  21.6  905s
 3556635 345884    0.02925   46   48    0.02500    0.03208  28.3%  21.6  910s
 3577667 346794    0.02717   36   49    0.02500    0.03205  28.2%  21.6  915s
 3598598 347749    0.02616   36   43    0.02500    0.03203  28.1%  21.6  920s
 3615362 348803    0.02558   34   43    0.02500    0.03202  28.1%  21.5  925s
 3636608 349923    0.02646   41   57    0.02500    0.03199  28.0%  21.5  930s
 3657544 350980    0.02713   38   60    0.02500    0.03197  27.9%  21.5  935s
 3679131 352172    0.03054   36   43    0.02500    0.03195  27.8%  21.5  940s
 3700508 353192    0.02940   43   49    0.02500    0.03193  27.7%  21.5  945s
 3722430 354242    0.03190   35   35    0.02500    0.03190  27.6%  21.5  950s
 3743909 355151    0.02813   45   42    0.02500    0.03188  27.5%  21.5  955s
 3764721 356167     cutoff   40         0.02500    0.03186  27.4%  21.5  960s
 3786022 357042     cutoff   41         0.02500    0.03184  27.3%  21.4  965s
 3807047 357774    0.02687   39   58    0.02500    0.03182  27.3%  21.4  970s
 3822857 358634    0.02769   31   38    0.02500    0.03180  27.2%  21.4  975s
 3843259 360116     cutoff   39         0.02500    0.03179  27.1%  21.4  980s
 3864658 361304    0.03177   30   49    0.02500    0.03177  27.1%  21.4  985s
 3886026 362797     cutoff   48         0.02500    0.03175  27.0%  21.4  990s
 3904131 363750     cutoff   39         0.02500    0.03174  26.9%  21.4  995s
 3925871 364485     cutoff   50         0.02500    0.03171  26.8%  21.4 1000s
 3947063 365174    0.02990   34   51    0.02500    0.03169  26.8%  21.4 1005s
 3969206 365993     cutoff   39         0.02500    0.03167  26.7%  21.4 1010s
 3991369 366491     cutoff   39         0.02500    0.03165  26.6%  21.3 1015s
 4007971 367072     cutoff   38         0.02500    0.03163  26.5%  21.3 1020s
 4029728 368008    0.03158   30   61    0.02500    0.03161  26.4%  21.3 1025s
 4049559 368722     cutoff   41         0.02500    0.03159  26.3%  21.3 1030s
 4071166 369583    0.02988   33   50    0.02500    0.03157  26.3%  21.3 1035s
 4092998 370224    0.02767   35   63    0.02500    0.03155  26.2%  21.3 1040s
 4114384 370866     cutoff   44         0.02500    0.03152  26.1%  21.3 1045s
 4135686 371659    0.02871   43   47    0.02500    0.03150  26.0%  21.3 1050s
 4157515 372544    0.02553   47   53    0.02500    0.03148  25.9%  21.3 1055s
 4176920 373872    0.03027   41   62    0.02500    0.03147  25.9%  21.3 1060s
 4198360 374389     cutoff   36         0.02500    0.03145  25.8%  21.2 1065s
 4214791 374866    0.02766   42   56    0.02500    0.03143  25.7%  21.2 1070s
 4234713 375338     cutoff   42         0.02500    0.03141  25.6%  21.2 1075s
 4257466 376089    0.02665   37   54    0.02500    0.03139  25.5%  21.2 1080s
 4279178 376648     cutoff   44         0.02500    0.03137  25.5%  21.2 1085s
 4300572 377356     cutoff   48         0.02500    0.03135  25.4%  21.2 1090s
 4322069 378110    0.02932   43   57    0.02500    0.03133  25.3%  21.2 1095s
 4343104 378948    0.02704   35   52    0.02500    0.03131  25.2%  21.2 1100s
 4364938 379620     cutoff   38         0.02500    0.03128  25.1%  21.2 1105s
 4386779 380281    0.03095   33   54    0.02500    0.03126  25.0%  21.2 1110s
 4402911 380859     cutoff   40         0.02500    0.03125  25.0%  21.1 1115s
 4424117 381365    0.02674   46   43    0.02500    0.03123  24.9%  21.1 1120s
 4443262 381867    0.03121   28   72    0.02500    0.03121  24.8%  21.1 1125s
 4465027 382719     cutoff   45         0.02500    0.03119  24.8%  21.1 1130s
 4486728 383457    0.02795   38   53    0.02500    0.03117  24.7%  21.1 1135s
 4506000 383957     cutoff   37         0.02500    0.03115  24.6%  21.1 1140s
 4527734 384526    0.02813   41   29    0.02500    0.03113  24.5%  21.1 1145s
 4550183 385415     cutoff   45         0.02500    0.03111  24.4%  21.1 1150s
 4570524 385982     cutoff   35         0.02500    0.03109  24.4%  21.1 1155s
 4588525 386523     cutoff   31         0.02500    0.03108  24.3%  21.1 1160s
 4610266 386817     cutoff   34         0.02500    0.03106  24.2%  21.0 1165s
 4631374 387205    0.02603   33   53    0.02500    0.03104  24.1%  21.0 1170s
 4653530 387634     cutoff   40         0.02500    0.03101  24.1%  21.0 1175s
 4673192 387953    0.02501   40   44    0.02500    0.03100  24.0%  21.0 1180s
 4696464 388364     cutoff   48         0.02500    0.03097  23.9%  21.0 1185s
 4717676 388817    0.02796   34   63    0.02500    0.03095  23.8%  21.0 1190s
 4737650 389128    0.03067   44   49    0.02500    0.03093  23.7%  21.0 1195s
 4755319 389515     cutoff   41         0.02500    0.03092  23.7%  21.0 1200s
 4776362 389656    0.02580   46   54    0.02500    0.03089  23.6%  21.0 1205s
 4797457 390210    0.02725   46   54    0.02500    0.03087  23.5%  21.0 1210s
 4819193 390595     cutoff   50         0.02500    0.03085  23.4%  20.9 1215s
 4839479 390889 infeasible   40         0.02500    0.03083  23.3%  20.9 1220s
 4860636 391168     cutoff   44         0.02500    0.03081  23.2%  20.9 1225s
 4882900 391360    0.02784   38   53    0.02500    0.03079  23.2%  20.9 1230s
 4904182 391650     cutoff   32         0.02500    0.03077  23.1%  20.9 1235s
 4925911 391751    0.02890   35   43    0.02500    0.03075  23.0%  20.9 1240s
 4947157 391895    0.03073   39   51    0.02500    0.03073  22.9%  20.9 1245s
H4955259 391902                       0.0250018    0.03072  22.9%  20.9 1247s
H4955259 391902                       0.0250018    0.03072  22.9%  20.9 1247s
 4961360 391930     cutoff   38         0.02500    0.03071  22.8%  20.9 1250s
 4983250 392201    0.02525   43   57    0.02500    0.03069  22.8%  20.9 1255s
 5003334 392425     cutoff   48         0.02500    0.03067  22.7%  20.8 1260s
 5024672 392805     cutoff   47         0.02500    0.03065  22.6%  20.8 1265s
 5046764 392792    0.03063   27   36    0.02500    0.03063  22.5%  20.8 1270s
 5066390 393126    0.02899   34   55    0.02500    0.03062  22.5%  20.8 1275s
 5088952 393263    0.02768   44   53    0.02500    0.03059  22.4%  20.8 1280s
 5110967 393179    0.02776   32   60    0.02500    0.03057  22.3%  20.8 1285s
 5128206 393315    0.02920   41   53    0.02500    0.03055  22.2%  20.8 1290s
 5149580 393935    0.02978   43   58    0.02500    0.03054  22.1%  20.8 1295s
 5171455 394338    0.02599   39   52    0.02500    0.03052  22.1%  20.8 1300s
 5193303 394530    0.02545   39   57    0.02500    0.03050  22.0%  20.8 1305s
 5215592 394653     cutoff   43         0.02500    0.03048  21.9%  20.7 1310s
 5237030 395098     cutoff   42         0.02500    0.03046  21.8%  20.7 1315s
 5257993 395896    0.02625   46   50    0.02500    0.03044  21.8%  20.7 1320s
 5279555 398306    0.02766   37   58    0.02500    0.03043  21.7%  20.7 1325s
 5299620 401043    0.03043   37   45    0.02500    0.03043  21.7%  20.7 1330s
 5319577 402383    0.02654   38   48    0.02500    0.03043  21.7%  20.7 1335s
 5342428 402826    0.02642   44   55    0.02500    0.03041  21.6%  20.7 1340s
 5360225 403550    0.02678   43   50    0.02500    0.03039  21.6%  20.7 1345s
 5382724 404193    0.02580   41   55    0.02500    0.03038  21.5%  20.7 1350s
 5404589 405008     cutoff   40         0.02500    0.03036  21.4%  20.7 1355s
 5427032 405539    0.03028   38   49    0.02500    0.03034  21.4%  20.7 1360s
 5448505 406177     cutoff   49         0.02500    0.03033  21.3%  20.7 1365s
 5470810 406845     cutoff   50         0.02500    0.03031  21.2%  20.7 1370s
 5491831 407301    0.02677   43   56    0.02500    0.03030  21.2%  20.7 1375s
 5515011 407527     cutoff   42         0.02500    0.03028  21.1%  20.7 1380s
 5536222 407871     cutoff   39         0.02500    0.03026  21.0%  20.6 1385s
 5552088 408150    0.02643   43   55    0.02500    0.03025  21.0%  20.6 1390s
 5573412 408158     cutoff   41         0.02500    0.03023  20.9%  20.6 1395s
 5594899 408550     cutoff   36         0.02500    0.03021  20.8%  20.6 1400s
 5615305 409448    0.02755   38   46    0.02500    0.03020  20.8%  20.6 1405s
 5637354 409692     cutoff   47         0.02500    0.03018  20.7%  20.6 1410s
 5658353 409941    0.02676   47   56    0.02500    0.03016  20.6%  20.6 1415s
 5680814 410182     cutoff   40         0.02500    0.03015  20.6%  20.6 1420s
 5703554 410169    0.03013   32   46    0.02500    0.03013  20.5%  20.6 1425s
 5725131 410467     cutoff   34         0.02500    0.03011  20.4%  20.6 1430s
 5742871 410613    0.02605   46   57    0.02500    0.03009  20.4%  20.6 1435s
 5764907 410870    0.02510   50   46    0.02500    0.03008  20.3%  20.5 1440s
 5785118 411714    0.02649   38   36    0.02500    0.03007  20.3%  20.5 1445s
 5807306 412095     cutoff   37         0.02500    0.03005  20.2%  20.5 1450s
 5827947 412098    0.02512   42   54    0.02500    0.03003  20.1%  20.5 1455s
 5848935 412262     cutoff   43         0.02500    0.03002  20.1%  20.5 1460s
 5871191 412435    0.02840   41   39    0.02500    0.03000  20.0%  20.5 1465s
 5894488 412492     cutoff   43         0.02500    0.02998  19.9%  20.5 1470s
 5916553 412609    0.02912   48   54    0.02500    0.02996  19.8%  20.5 1475s
 5937377 412505    0.02639   44   54    0.02500    0.02995  19.8%  20.5 1480s
 5956356 412435     cutoff   40         0.02500    0.02993  19.7%  20.5 1485s
 5977269 412427     cutoff   39         0.02500    0.02991  19.6%  20.5 1490s
 6000408 412702     cutoff   32         0.02500    0.02990  19.6%  20.4 1495s
 6022654 412576    0.02954   32   59    0.02500    0.02988  19.5%  20.4 1500s
 6043825 412464    0.02682   39   47    0.02500    0.02986  19.4%  20.4 1505s
 6066915 412432     cutoff   31         0.02500    0.02984  19.4%  20.4 1510s
 6088488 412515     cutoff   44         0.02500    0.02983  19.3%  20.4 1515s
 6109162 412317    0.02566   30   42    0.02500    0.02981  19.2%  20.4 1520s
 6129439 412195    0.02835   41   48    0.02500    0.02979  19.2%  20.4 1525s
 6149975 412091    0.02703   34   57    0.02500    0.02978  19.1%  20.4 1530s
 6168027 411908     cutoff   36         0.02500    0.02976  19.0%  20.4 1535s
 6189354 411864    0.02766   40   52    0.02500    0.02975  19.0%  20.4 1540s
 6211080 411846    0.02566   49   52    0.02500    0.02973  18.9%  20.3 1545s
 6232930 411925     cutoff   48         0.02500    0.02971  18.8%  20.3 1550s
 6255739 412025    0.02795   39   53    0.02500    0.02969  18.8%  20.3 1555s
 6276711 412015    0.02940   34   58    0.02500    0.02968  18.7%  20.3 1560s
 6298006 412156     cutoff   44         0.02500    0.02966  18.6%  20.3 1565s
 6320008 412212    0.02743   36   42    0.02500    0.02965  18.6%  20.3 1570s
 6341344 412242     cutoff   46         0.02500    0.02963  18.5%  20.3 1575s
 6359693 412283 infeasible   38         0.02500    0.02962  18.5%  20.3 1580s
 6380809 412476    0.02534   42   50    0.02500    0.02960  18.4%  20.3 1585s
 6401529 412251     cutoff   41         0.02500    0.02959  18.3%  20.3 1590s
 6423947 412701    0.02728   46   67    0.02500    0.02957  18.3%  20.3 1595s
 6446186 412929    0.02755   34   59    0.02500    0.02956  18.2%  20.3 1600s
 6467599 413002    0.02522   44   44    0.02500    0.02954  18.2%  20.2 1605s
 6490207 413063    0.02680   37   62    0.02500    0.02953  18.1%  20.2 1610s
 6511674 413406    0.02620   38   31    0.02500    0.02951  18.0%  20.2 1615s
 6534365 413516     cutoff   48         0.02500    0.02950  18.0%  20.2 1620s
 6556991 413440    0.02659   39   49    0.02500    0.02948  17.9%  20.2 1625s
H6558799 413414                       0.0250018    0.02948  17.9%  20.2 1626s
H6560699 413400                       0.0250018    0.02948  17.9%  20.2 1627s
H6566805 413348                       0.0250018    0.02947  17.9%  20.2 1629s
 6568262 413356    0.02782   40   51    0.02500    0.02947  17.9%  20.2 1630s
 6585536 413354     cutoff   46         0.02500    0.02946  17.8%  20.2 1635s
 6609111 413163     cutoff   35         0.02500    0.02944  17.8%  20.2 1640s
 6630974 413008    0.02764   37   57    0.02500    0.02943  17.7%  20.2 1645s
 6653702 412656    0.02884   44   49    0.02500    0.02941  17.6%  20.2 1650s
 6676170 412571     cutoff   33         0.02500    0.02939  17.6%  20.2 1655s
 6695129 412622    0.02846   34   58    0.02500    0.02938  17.5%  20.1 1660s
 6716845 412351     cutoff   45         0.02500    0.02936  17.4%  20.1 1665s
 6737788 412340    0.02687   38   47    0.02500    0.02935  17.4%  20.1 1670s
 6755718 411867    0.02540   31   49    0.02500    0.02933  17.3%  20.1 1675s
 6777106 411628     cutoff   43         0.02500    0.02932  17.3%  20.1 1680s
 6800066 411375    0.02831   45   54    0.02500    0.02930  17.2%  20.1 1685s
 6822753 411080     cutoff   43         0.02500    0.02929  17.1%  20.1 1690s
 6845186 410861     cutoff   43         0.02500    0.02927  17.1%  20.1 1695s
 6867861 410627    0.02775   37   58    0.02500    0.02925  17.0%  20.1 1700s
 6890620 410324     cutoff   39         0.02500    0.02924  16.9%  20.1 1705s
 6911502 410733     cutoff   40         0.02500    0.02922  16.9%  20.1 1710s
 6933524 410312 infeasible   45         0.02500    0.02921  16.8%  20.1 1715s
 6954746 409969    0.02553   45   53    0.02500    0.02919  16.8%  20.0 1720s
 6976102 409697    0.02739   37   43    0.02500    0.02918  16.7%  20.0 1725s
 6997626 409445    0.02558   37   58    0.02500    0.02916  16.6%  20.0 1730s
 7020563 408980     cutoff   37         0.02500    0.02914  16.6%  20.0 1735s
 7042780 408652     cutoff   37         0.02500    0.02913  16.5%  20.0 1740s
 7063146 408378 infeasible   37         0.02500    0.02911  16.4%  20.0 1745s
 7085056 407952    0.02536   31   59    0.02500    0.02910  16.4%  20.0 1750s
 7107719 407429    0.02609   41   40    0.02500    0.02908  16.3%  20.0 1755s
 7125819 408412     cutoff   39         0.02500    0.02908  16.3%  20.0 1760s
 7138379 408783     cutoff   49         0.02500    0.02907  16.3%  20.0 1765s
 7160652 408489     cutoff   41         0.02500    0.02906  16.2%  20.0 1770s
 7181836 408307     cutoff   47         0.02500    0.02904  16.2%  20.0 1775s
 7204984 407780     cutoff   41         0.02500    0.02903  16.1%  20.0 1780s
 7226003 407349    0.02779   37   52    0.02500    0.02901  16.0%  20.0 1785s
 7248807 406870    0.02857   36   51    0.02500    0.02900  16.0%  19.9 1790s
 7271435 406535    0.02514   40   50    0.02500    0.02898  15.9%  19.9 1795s
 7291121 405965    0.02513   39   53    0.02500    0.02896  15.8%  19.9 1800s
 7313954 405748    0.02893   22   54    0.02500    0.02895  15.8%  19.9 1805s
 7337162 405311     cutoff   33         0.02500    0.02893  15.7%  19.9 1810s
 7354779 405198     cutoff   42         0.02500    0.02892  15.7%  19.9 1815s
 7378272 404837     cutoff   43         0.02500    0.02891  15.6%  19.9 1820s
 7400926 404224    0.02596   30   41    0.02500    0.02889  15.5%  19.9 1825s
 7423788 403603    0.02885   33   53    0.02500    0.02887  15.5%  19.9 1830s
 7446689 403141    0.02555   38   52    0.02500    0.02886  15.4%  19.9 1835s
 7468968 402651    0.02630   45   53    0.02500    0.02884  15.4%  19.9 1840s
 7488508 402340    0.02871   38   51    0.02500    0.02883  15.3%  19.9 1845s
 7511911 402140     cutoff   48         0.02500    0.02881  15.2%  19.8 1850s
 7534023 401595     cutoff   42         0.02500    0.02880  15.2%  19.8 1855s
 7553038 401118    0.02628   39   52    0.02500    0.02878  15.1%  19.8 1860s
 7575679 400672    0.02566   44   51    0.02500    0.02877  15.1%  19.8 1865s
 7597316 400060     cutoff   42         0.02500    0.02875  15.0%  19.8 1870s
 7619547 400363    0.02868   36   69    0.02500    0.02874  15.0%  19.8 1875s
 7643152 399721     cutoff   36         0.02500    0.02872  14.9%  19.8 1880s
 7664824 399124     cutoff   58         0.02500    0.02871  14.8%  19.8 1885s
 7688629 398365     cutoff   36         0.02500    0.02869  14.8%  19.8 1890s
 7710724 397854     cutoff   40         0.02500    0.02868  14.7%  19.8 1895s
 7733883 397225    0.02704   47   56    0.02500    0.02866  14.6%  19.8 1900s
 7755874 396706    0.02843   37   59    0.02500    0.02865  14.6%  19.8 1905s
 7775189 396135     cutoff   33         0.02500    0.02863  14.5%  19.7 1910s
 7795711 395630     cutoff   48         0.02500    0.02862  14.5%  19.7 1915s
 7819357 395011     cutoff   40         0.02500    0.02860  14.4%  19.7 1920s
 7842142 394276     cutoff   49         0.02500    0.02859  14.3%  19.7 1925s
 7863842 393485    0.02764   41   54    0.02500    0.02857  14.3%  19.7 1930s
 7883260 392868     cutoff   31         0.02500    0.02856  14.2%  19.7 1935s
 7905197 392176    0.02757   43   30    0.02500    0.02854  14.2%  19.7 1940s
 7926265 391856    0.02853   34   57    0.02500    0.02853  14.1%  19.7 1945s
 7945497 391284    0.02640   41   56    0.02500    0.02852  14.1%  19.7 1950s
 7968047 390899     cutoff   36         0.02500    0.02850  14.0%  19.7 1955s
 7991211 390201    0.02620   38   51    0.02500    0.02849  13.9%  19.7 1960s
 8012553 389421     cutoff   41         0.02500    0.02847  13.9%  19.7 1965s
 8035203 388562    0.02645   46   52    0.02500    0.02846  13.8%  19.6 1970s
 8058019 387621     cutoff   38         0.02500    0.02844  13.8%  19.6 1975s
 8079214 387097    0.02700   39   63    0.02500    0.02843  13.7%  19.6 1980s
 8101699 386703     cutoff   46         0.02500    0.02841  13.6%  19.6 1985s
 8120571 385901     cutoff   44         0.02500    0.02840  13.6%  19.6 1990s
 8143051 385079     cutoff   37         0.02500    0.02839  13.5%  19.6 1995s
 8163941 385813     cutoff   42         0.02500    0.02838  13.5%  19.6 2000s
 8185382 385686     cutoff   40         0.02500    0.02837  13.5%  19.6 2005s
 8207797 385068    0.02654   45   54    0.02500    0.02836  13.4%  19.6 2010s
 8230372 384264     cutoff   43         0.02500    0.02834  13.4%  19.6 2015s
 8252125 383390    0.02755   44   55    0.02500    0.02833  13.3%  19.6 2020s
 8275355 382322     cutoff   42         0.02500    0.02831  13.2%  19.6 2025s
 8297054 381936     cutoff   46         0.02500    0.02830  13.2%  19.6 2030s
 8314326 381416    0.02526   52   33    0.02500    0.02829  13.1%  19.6 2035s
 8336796 380853    0.02786   33   53    0.02500    0.02827  13.1%  19.5 2040s
 8359192 379926     cutoff   41         0.02500    0.02826  13.0%  19.5 2045s
 8381321 379077     cutoff   45         0.02500    0.02825  13.0%  19.5 2050s
 8403964 378067     cutoff   42         0.02500    0.02823  12.9%  19.5 2055s
 8422508 379400    0.02791   34   52    0.02500    0.02823  12.9%  19.5 2060s
 8440657 380277     cutoff   39         0.02500    0.02823  12.9%  19.5 2065s
 8456835 381114     cutoff   42         0.02500    0.02823  12.9%  19.5 2070s
 8470318 381599     cutoff   40         0.02500    0.02823  12.9%  19.6 2075s
 8491664 380647    0.02625   42   55    0.02500    0.02821  12.8%  19.5 2080s
 8511684 379870    0.02726   37   61    0.02500    0.02820  12.8%  19.5 2085s
 8529880 379373    0.02819   34   38    0.02500    0.02819  12.8%  19.5 2090s
 8551541 378809     cutoff   41         0.02500    0.02818  12.7%  19.5 2095s
 8573631 378036    0.02617   43   52    0.02500    0.02817  12.7%  19.5 2100s
 8595312 377262     cutoff   37         0.02500    0.02815  12.6%  19.5 2105s
 8617636 376292    0.02715   35   43    0.02500    0.02814  12.5%  19.5 2110s
 8639516 375269     cutoff   44         0.02500    0.02812  12.5%  19.5 2115s
 8660430 374385    0.02582   41   57    0.02500    0.02811  12.4%  19.5 2120s
 8680995 374406    0.02555   34   61    0.02500    0.02810  12.4%  19.5 2125s
 8702579 373405    0.02616   37   47    0.02500    0.02809  12.3%  19.5 2130s
 8725026 372564    0.02616   44   55    0.02500    0.02807  12.3%  19.5 2135s
 8743851 371605     cutoff   41         0.02500    0.02806  12.2%  19.5 2140s
 8764966 370445     cutoff   40         0.02500    0.02805  12.2%  19.5 2145s
 8787895 369302     cutoff   48         0.02500    0.02803  12.1%  19.5 2150s
 8811153 367987     cutoff   48         0.02500    0.02802  12.1%  19.4 2155s
 8833291 366854     cutoff   37         0.02500    0.02800  12.0%  19.4 2160s
 8853648 365927     cutoff   41         0.02500    0.02799  11.9%  19.4 2165s
 8873594 364860    0.02682   46   56    0.02500    0.02797  11.9%  19.4 2170s
 8895505 363499    0.02758   34   55    0.02500    0.02796  11.8%  19.4 2175s
 8913774 362301     cutoff   43         0.02500    0.02794  11.8%  19.4 2180s
 8932847 361191     cutoff   46         0.02500    0.02793  11.7%  19.4 2185s
 8956177 359889    0.02700   42   58    0.02500    0.02791  11.6%  19.4 2190s
 8976003 358672     cutoff   42         0.02500    0.02790  11.6%  19.4 2195s
 8999140 357641     cutoff   36         0.02500    0.02788  11.5%  19.4 2200s
 9021465 356326     cutoff   38         0.02500    0.02787  11.5%  19.4 2205s
 9039711 355196     cutoff   41         0.02500    0.02786  11.4%  19.4 2210s
 9061589 353735    0.02783   38   61    0.02500    0.02784  11.4%  19.4 2215s
 9082515 352700    0.02614   36   57    0.02500    0.02783  11.3%  19.3 2220s
 9103916 351475    0.02704   36   53    0.02500    0.02781  11.2%  19.3 2225s
 9122506 350864    0.02623   41   56    0.02500    0.02780  11.2%  19.3 2230s
 9140490 349887     cutoff   48         0.02500    0.02779  11.2%  19.3 2235s
 9161924 348783     cutoff   40         0.02500    0.02778  11.1%  19.3 2240s
 9182816 347725    0.02765   41   68    0.02500    0.02777  11.1%  19.3 2245s
 9203020 346541    0.02556   45   54    0.02500    0.02775  11.0%  19.3 2250s
 9224066 345289     cutoff   65         0.02500    0.02774  10.9%  19.3 2255s
 9243559 344218     cutoff   43         0.02500    0.02772  10.9%  19.3 2260s
 9264566 342881    0.02594   34   45    0.02500    0.02771  10.8%  19.3 2265s
 9283882 342560    0.02544   47   42    0.02500    0.02770  10.8%  19.3 2270s
 9303733 341490    0.02605   46   47    0.02500    0.02769  10.7%  19.3 2275s
 9319905 340462    0.02570   49   52    0.02500    0.02768  10.7%  19.3 2280s
 9341243 339209    0.02605   63   36    0.02500    0.02766  10.6%  19.3 2285s
 9360299 338159    0.02765   31   24    0.02500    0.02765  10.6%  19.3 2290s
 9379914 336949 infeasible   28         0.02500    0.02764  10.5%  19.2 2295s
 9401519 335576    0.02720   51   46    0.02500    0.02762  10.5%  19.2 2300s
 9423151 334681     cutoff   35         0.02500    0.02761  10.4%  19.2 2305s
 9443934 333307 infeasible   71         0.02500    0.02760  10.4%  19.2 2310s
 9463472 332093     cutoff   49         0.02500    0.02759  10.3%  19.2 2315s
 9482656 332990    0.02731   36   46    0.02500    0.02758  10.3%  19.2 2320s
 9498968 333785     cutoff   41         0.02500    0.02758  10.3%  19.2 2325s
 9515662 333625     cutoff   38         0.02500    0.02758  10.3%  19.2 2330s
 9532132 332936    0.02655   40   56    0.02500    0.02757  10.3%  19.2 2335s
 9552498 331916    0.02669   40   46    0.02500    0.02756  10.2%  19.2 2340s
 9571431 331444 infeasible   29         0.02500    0.02755  10.2%  19.2 2345s
 9587938 331267    0.02745   40   52    0.02500    0.02754  10.2%  19.2 2350s
 9610615 329971    0.02751   39   50    0.02500    0.02753  10.1%  19.2 2355s
 9627371 328874    0.02700   36   58    0.02500    0.02752  10.1%  19.2 2360s
 9645246 327717     cutoff   37         0.02500    0.02751  10.0%  19.2 2365s
 9665577 326464     cutoff   44         0.02500    0.02750  10.0%  19.2 2370s
 9686948 325274     cutoff   45         0.02500    0.02748  9.93%  19.2 2375s
 9707145 323861    0.02739   31   65    0.02500    0.02747  9.88%  19.2 2380s
 9723233 322858    0.02617   41   55    0.02500    0.02746  9.84%  19.2 2385s
 9744056 321363     cutoff   41         0.02500    0.02745  9.78%  19.2 2390s
 9763876 319791    0.02717   42   63    0.02500    0.02743  9.73%  19.2 2395s

Cutting planes:
  Gomory: 14
  Implied bound: 32
  MIR: 3
  Flow cover: 37
  Inf proof: 1
  RLT: 108
  BQP: 64

Explored 9775588 nodes (187225849 simplex iterations) in 2397.66 seconds (2727.07 work units)
Thread count was 4 (of 4 available processors)

Solution count 10: 0.0250018 0.0250018 0.0237625 ... 0.0192811

Optimization achieved user objective limit
Best objective 2.500182937069e-02, best bound 2.742599113392e-02, gap 9.6959%
{"verdict": "PROVED", "status": "BOUND_REACHED", "runtime": 2397.65589094162, "objval": 0.02500182937068543, "objbound": 0.02742599113391698, "binaries": 66}
