Set parameter NodefileStart to value 6
Read parameters from file gurobi.env
Restricted license - for non-production use only - expires 2027-11-29
Set parameter OutputFlag to value 1
Set parameter Threads to value 4
Set parameter TimeLimit to value 360
Set parameter MIPGap to value 5e-05
Set parameter MIPFocus to value 2
Set parameter NonConvex to value 2
Set parameter BestBdStop to value 2.7426211734693878e-02
Gurobi Optimizer version 13.0.3 build v13.0.3rc0 (linux64 - "Ubuntu 24.04.5 LTS")

CPU model: AMD EPYC 7763 64-Core Processor, instruction set [SSE2|AVX|AVX2]
Thread count: 2 physical cores, 4 logical processors, using up to 4 threads

Non-default parameters:
TimeLimit  360
BestBdStop  2.7426211734693878e-02
MIPGap  5e-05
MIPFocus  2
NodefileStart  6
NonConvex  2
Threads  4

Optimize a model with 141 rows, 111 columns and 810 nonzeros (Max)
Model fingerprint: 0xc7799882
Model has 1 linear objective coefficients
Model has 50 quadratic constraints
Variable types: 65 continuous, 46 integer (46 binary)
Coefficient statistics:
  Matrix range     [5e-01, 1e+00]
  QMatrix range    [1e+00, 1e+00]
  QLMatrix range   [1e+00, 1e+00]
  Objective range  [1e+00, 1e+00]
  Bounds range     [5e-01, 1e+00]
  RHS range        [1e+00, 1e+00]

Found heuristic solution: objective -0.0000000
Presolve time: 0.00s
Presolved: 341 rows, 112 columns, 1210 nonzeros
Presolved model has 50 bilinear constraint(s)

Solving non-convex MIQCP to global optimality

Variable types: 66 continuous, 46 integer (46 binary)
Root relaxation presolve removed 50 rows and 1 columns
Root relaxation presolved: 291 rows, 111 columns, 1160 nonzeros


Root relaxation: objective 8.333333e-02, 119 iterations, 0.00 seconds (0.00 work units)

    Nodes    |    Current Node    |     Objective Bounds      |     Work
 Expl Unexpl |  Obj  Depth IntInf | Incumbent    BestBd   Gap | It/Node Time

     0     0    0.08333    0   52   -0.00000    0.08333      -     -    0s
     0     0    0.07143    0   69   -0.00000    0.07143      -     -    0s
     0     0    0.07143    0   68   -0.00000    0.07143      -     -    0s
     0     0    0.07143    0   66   -0.00000    0.07143      -     -    0s
     0     0    0.07143    0   57   -0.00000    0.07143      -     -    0s
     0     0    0.07143    0   56   -0.00000    0.07143      -     -    0s
     0     0    0.07143    0   52   -0.00000    0.07143      -     -    0s
     0     0    0.07143    0   58   -0.00000    0.07143      -     -    0s
     0     0    0.07143    0   53   -0.00000    0.07143      -     -    0s
     0     0    0.07143    0   53   -0.00000    0.07143      -     -    0s
     0     2    0.07143    0   53   -0.00000    0.07143      -     -    0s
*  471   430              62       0.0000001    0.07143      -  17.8    0s
H  934   809                       0.0000001    0.07143      -  20.3    0s
H 1522  1135                       0.0000005    0.06139      -  22.9    1s
H 3075  1919                       0.0000005    0.04999      -  25.5    2s
H10519  7183                       0.0000005    0.03965      -  25.5    4s
 13590  9682    0.00001   71   31    0.00000    0.03822      -  25.1    5s
H19923 13585                       0.0000006    0.03526      -  25.0    6s
 34847 24170    0.02268   27   53    0.00000    0.03217      -  25.1   10s
 55191 38347    0.01408   32   52    0.00000    0.03013      -  25.4   15s
 79411 55334    0.00000   75   35    0.00000    0.02891      -  25.3   20s
 100870 70095    0.00086   42   51    0.00000    0.02802      -  25.2   25s

Cutting planes:
  Gomory: 1
  Implied bound: 4
  MIR: 2
  Flow cover: 6
  RLT: 70
  Relax-and-lift: 6
  BQP: 13

Explored 112598 nodes (2845607 simplex iterations) in 27.37 seconds (24.82 work units)
Thread count was 4 (of 4 available processors)

Solution count 6: 5.9346e-07 5.49637e-07 4.63627e-07 ... -0

Optimization achieved user objective limit
Best objective 5.934600494933e-07, best bound 2.742473444911e-02, gap -
{"verdict": "PROVED", "status": "BOUND_REACHED", "runtime": 27.375919103622437, "objval": 5.934600494932637e-07, "objbound": 0.027424734449106807, "binaries": 46}
