Set parameter NodefileStart to value 6
Read parameters from file gurobi.env
Restricted license - for non-production use only - expires 2027-11-29
Set parameter OutputFlag to value 1
Set parameter Threads to value 4
Set parameter TimeLimit to value 360
Set parameter MIPGap to value 5e-05
Set parameter MIPFocus to value 2
Set parameter NonConvex to value 2
Set parameter BestBdStop to value 2.7426211734693878e-02
Gurobi Optimizer version 13.0.3 build v13.0.3rc0 (linux64 - "Ubuntu 24.04.5 LTS")

CPU model: AMD EPYC 7763 64-Core Processor, instruction set [SSE2|AVX|AVX2]
Thread count: 2 physical cores, 4 logical processors, using up to 4 threads

Non-default parameters:
TimeLimit  360
BestBdStop  2.7426211734693878e-02
MIPGap  5e-05
MIPFocus  2
NodefileStart  6
NonConvex  2
Threads  4

Optimize a model with 141 rows, 111 columns and 810 nonzeros (Max)
Model fingerprint: 0x036cd4ca
Model has 1 linear objective coefficients
Model has 50 quadratic constraints
Variable types: 65 continuous, 46 integer (46 binary)
Coefficient statistics:
  Matrix range     [5e-01, 1e+00]
  QMatrix range    [1e+00, 1e+00]
  QLMatrix range   [1e+00, 1e+00]
  Objective range  [1e+00, 1e+00]
  Bounds range     [5e-01, 1e+00]
  RHS range        [1e+00, 1e+00]

Found heuristic solution: objective -0.0000000
Presolve time: 0.00s
Presolved: 341 rows, 112 columns, 1210 nonzeros
Presolved model has 50 bilinear constraint(s)

Solving non-convex MIQCP to global optimality

Variable types: 66 continuous, 46 integer (46 binary)
Root relaxation presolve removed 50 rows and 1 columns
Root relaxation presolved: 291 rows, 111 columns, 1160 nonzeros


Root relaxation: objective 8.333333e-02, 113 iterations, 0.00 seconds (0.00 work units)

    Nodes    |    Current Node    |     Objective Bounds      |     Work
 Expl Unexpl |  Obj  Depth IntInf | Incumbent    BestBd   Gap | It/Node Time

     0     0    0.08333    0   46   -0.00000    0.08333      -     -    0s
     0     0    0.08333    0   58   -0.00000    0.08333      -     -    0s
     0     0    0.07143    0   37   -0.00000    0.07143      -     -    0s
     0     0    0.07143    0   37   -0.00000    0.07143      -     -    0s
     0     2    0.07143    0   37   -0.00000    0.07143      -     -    0s
H   44    48                       0.0000001    0.07143      -  21.5    0s
H   79    88                       0.0000002    0.07143      -  19.9    0s
*  593   552              67       0.0000002    0.07143      -  18.9    0s
H 1164   949                       0.0000002    0.07143      -  23.0    1s
H 1227   959                       0.0000003    0.07143      -  24.4    1s
H 1319   974                       0.0000004    0.07143      -  24.9    1s
H 1398   979                       0.0000004    0.07143      -  25.1    1s
H 1524  1032                       0.0000004    0.05998      -  24.3    1s
H 1774  1069                       0.0000005    0.05517      -  24.2    1s
* 5961  3614              61       0.0000006    0.04859      -  20.6    3s
* 6501  3979              58       0.0000007    0.04859      -  21.2    3s
* 6504  3979              58       0.0000007    0.04859      -  21.2    3s
* 6511  3979              58       0.0000007    0.04859      -  21.1    3s
H 6687  4098                       0.0000007    0.04859      -  21.2    3s
H 7001  4162                       0.0000009    0.04859      -  21.3    3s
 13608  8204    0.00507   34   50    0.00000    0.04816      -  21.9    5s
 31002 18714    0.00000   63   40    0.00000    0.04697      -  23.7   10s
 46163 28053     cutoff   42         0.00000    0.04553      -  24.1   15s
 65650 39057     cutoff   38         0.00000    0.04395      -  24.2   20s
 84321 49688     cutoff   69         0.00000    0.04315      -  24.4   25s
 100056 58306    0.00742   40   53    0.00000    0.04267      -  24.4   30s
H118372 68662                       0.0000009    0.04215      -  24.5   34s
 118968 69080     cutoff   64         0.00000    0.04212      -  24.5   35s
 136380 79082    0.00905   39   50    0.00000    0.04171      -  24.4   40s
 155070 89036    0.00541   40   46    0.00000    0.04129      -  24.5   45s
 172175 98409    0.00283   46   51    0.00000    0.04091      -  24.5   50s
 190099 107988     cutoff   51         0.00000    0.04049      -  24.6   55s
H198717 113219                       0.0000009    0.04043      -  24.6   57s
H207193 117755                       0.0000010    0.04035      -  24.5   59s
 208559 119072    0.03060   35   51    0.00000    0.04031      -  24.5   60s
 227462 128866     cutoff   33         0.00000    0.03997      -  24.5   65s
 245673 138639    0.00696   41   44    0.00000    0.03971      -  24.5   70s
 260397 146212    0.02142   32   50    0.00000    0.03946      -  24.6   75s
 278654 156149    0.00606   37   51    0.00000    0.03918      -  24.5   80s
 297284 166725    0.00158   43   54    0.00000    0.03893      -  24.5   85s
 315278 176516    0.03781   32   52    0.00000    0.03864      -  24.5   90s
H325496 181774                       0.0000010    0.03851      -  24.4   92s
 333148 186869    0.00027   41   50    0.00000    0.03845      -  24.4   95s
 351818 196902    0.00406   39   56    0.00000    0.03822      -  24.4  100s
 370184 207065    0.00015   74   27    0.00000    0.03800      -  24.4  105s
 389724 217631    0.00115   49   50    0.00000    0.03782      -  24.4  110s
 407061 227196    0.00170   41   40    0.00000    0.03769      -  24.4  115s
 426592 237288    0.00000   88   43    0.00000    0.03748      -  24.3  120s
 446091 247395     cutoff   46         0.00000    0.03727      -  24.3  125s
 464300 257522    0.00000   62   36    0.00000    0.03712      -  24.3  130s
 481561 266861    0.00041   43   36    0.00000    0.03697      -  24.3  135s
 497226 275267    0.00154   43   32    0.00000    0.03686      -  24.3  140s
 511192 283747    0.00016   56   37    0.00000    0.03676      -  24.2  145s
 526851 290749    0.01042   40   52    0.00000    0.03661      -  24.2  150s
 543532 300034    0.00000   65   18    0.00000    0.03649      -  24.2  155s
 560974 308809    0.01248   38   60    0.00000    0.03632      -  24.1  160s
 580265 318211    0.00664   37   53    0.00000    0.03617      -  24.1  165s
 599216 329355    0.00009   54   57    0.00000    0.03605      -  24.1  170s
 619451 340945    0.00001   62   39    0.00000    0.03594      -  24.0  175s
 636087 350455    0.00036   60   50    0.00000    0.03582      -  24.0  180s
 653474 359574    0.00417   43   50    0.00000    0.03570      -  23.9  185s
 672102 369559    0.00000   93   24    0.00000    0.03559      -  23.9  190s
 690947 378859    0.01279   35   50    0.00000    0.03544      -  24.0  195s
 709532 388452    0.00007   72   50    0.00000    0.03533      -  24.0  200s
 727135 397684    0.02457   33   45    0.00000    0.03521      -  23.9  205s
 746008 407481    0.00015   61   50    0.00000    0.03510      -  24.0  210s
 765373 417741    0.00092   40   31    0.00000    0.03498      -  24.0  215s
 781399 426069     cutoff   61         0.00000    0.03489      -  24.0  220s
 799518 435428    0.00655   44   51    0.00000    0.03479      -  24.0  225s
 819164 445872     cutoff   64         0.00000    0.03467      -  24.0  230s
 838018 455408     cutoff   39         0.00000    0.03456      -  23.9  235s
 857989 465855     cutoff   67         0.00000    0.03447      -  23.9  240s
 876402 476011     cutoff   66         0.00000    0.03437      -  23.9  245s
 893910 485151    0.00273   40   38    0.00000    0.03429      -  23.9  250s
 910361 494350    0.01225   44   54    0.00000    0.03422      -  23.9  255s
 928887 504311    0.00002   78   39    0.00000    0.03413      -  23.9  260s
 946638 513665    0.00445   50   52    0.00000    0.03404      -  23.9  265s
 965207 523057    0.01019   33   50    0.00000    0.03395      -  23.9  270s
 983744 532039     cutoff   83         0.00000    0.03384      -  23.9  275s
 1001422 540857    0.00000   56   38    0.00000    0.03374      -  23.9  280s
 1019344 550365     cutoff   54         0.00000    0.03365      -  23.9  285s
 1036002 559480    0.00000   86   26    0.00000    0.03358      -  23.9  290s
 1050581 566704     cutoff   44         0.00000    0.03351      -  23.9  295s
 1066709 575303 infeasible   47         0.00000    0.03344      -  23.8  300s
 1083046 584343    0.00779   36   53    0.00000    0.03338      -  23.8  305s
 1100042 594197    0.00000  100   21    0.00000    0.03331      -  23.8  310s
 1117464 603152    0.01059   45   51    0.00000    0.03324      -  23.8  315s
 1135027 612127    0.00034   46   20    0.00000    0.03317      -  23.8  320s
 1153960 622110    0.00001   55   35    0.00000    0.03309      -  23.8  325s
 1169853 630547    0.00317   41   50    0.00000    0.03302      -  23.8  330s
 1188500 639958    0.00003   60   31    0.00000    0.03294      -  23.8  335s
 1207334 650002     cutoff   65         0.00000    0.03287      -  23.7  340s
 1225682 659048    0.02970   31   56    0.00000    0.03279      -  23.7  345s
 1245340 669237    0.00007   55   36    0.00000    0.03271      -  23.7  350s
 1263408 678686    0.00000   84   34    0.00000    0.03265      -  23.7  355s
 1281900 687968    0.00086   50   51    0.00000    0.03258      -  23.7  360s

Cutting planes:
  Gomory: 10
  Implied bound: 20
  MIR: 14
  Flow cover: 71
  Inf proof: 16
  RLT: 55
  Relax-and-lift: 14
  BQP: 23

Explored 1282212 nodes (30394432 simplex iterations) in 360.00 seconds (382.29 work units)
Thread count was 4 (of 4 available processors)

Solution count 10: 9.53379e-07 9.51897e-07 8.96124e-07 ... 5.41711e-07

Time limit reached
Best objective 9.533786150189e-07, best bound 3.257445129471e-02, gap -
{"verdict": "UNRESOLVED", "status": "TIME_LIMIT", "runtime": 360.0030348300934, "objval": 9.533786150189376e-07, "objbound": 0.03257445129470562, "binaries": 46}
