Set parameter NodefileStart to value 6
Read parameters from file gurobi.env
Restricted license - for non-production use only - expires 2027-11-29
Set parameter OutputFlag to value 1
Set parameter Threads to value 4
Set parameter TimeLimit to value 360
Set parameter MIPGap to value 5e-05
Set parameter MIPFocus to value 2
Set parameter NonConvex to value 2
Set parameter BestBdStop to value 2.7426211734693878e-02
Gurobi Optimizer version 13.0.3 build v13.0.3rc0 (linux64 - "Ubuntu 24.04.5 LTS")

CPU model: AMD EPYC 9V45 96-Core Processor, instruction set [SSE2|AVX|AVX2|AVX512]
Thread count: 2 physical cores, 4 logical processors, using up to 4 threads

Non-default parameters:
TimeLimit  360
BestBdStop  2.7426211734693878e-02
MIPGap  5e-05
MIPFocus  2
NodefileStart  6
NonConvex  2
Threads  4

Optimize a model with 141 rows, 111 columns and 810 nonzeros (Max)
Model fingerprint: 0x80cfb30e
Model has 1 linear objective coefficients
Model has 50 quadratic constraints
Variable types: 65 continuous, 46 integer (46 binary)
Coefficient statistics:
  Matrix range     [5e-01, 1e+00]
  QMatrix range    [1e+00, 1e+00]
  QLMatrix range   [1e+00, 1e+00]
  Objective range  [1e+00, 1e+00]
  Bounds range     [5e-01, 1e+00]
  RHS range        [1e+00, 1e+00]

Found heuristic solution: objective -0.0000000
Presolve time: 0.00s
Presolved: 341 rows, 112 columns, 1210 nonzeros
Presolved model has 50 bilinear constraint(s)

Solving non-convex MIQCP to global optimality

Variable types: 66 continuous, 46 integer (46 binary)
Root relaxation presolve removed 50 rows and 1 columns
Root relaxation presolved: 291 rows, 111 columns, 1160 nonzeros


Root relaxation: objective 8.333333e-02, 135 iterations, 0.00 seconds (0.00 work units)

    Nodes    |    Current Node    |     Objective Bounds      |     Work
 Expl Unexpl |  Obj  Depth IntInf | Incumbent    BestBd   Gap | It/Node Time

     0     0    0.08333    0   47   -0.00000    0.08333      -     -    0s
     0     0    0.08333    0   52   -0.00000    0.08333      -     -    0s
H    0     0                       0.0000000    0.08333      -     -    0s
     0     0    0.08333    0   55    0.00000    0.08333      -     -    0s
     0     0    0.08333    0   52    0.00000    0.08333      -     -    0s
     0     0    0.08333    0   38    0.00000    0.08333      -     -    0s
     0     0    0.07692    0   61    0.00000    0.07692      -     -    0s
     0     0    0.07692    0   56    0.00000    0.07692      -     -    0s
     0     0    0.07692    0   56    0.00000    0.07692      -     -    0s
     0     0    0.07692    0   49    0.00000    0.07692      -     -    0s
     0     0    0.07692    0   57    0.00000    0.07692      -     -    0s
     0     0    0.07692    0   55    0.00000    0.07692      -     -    0s
     0     0    0.07692    0   51    0.00000    0.07692      -     -    0s
     0     0    0.07692    0   51    0.00000    0.07692      -     -    0s
     0     0    0.07692    0   46    0.00000    0.07692      -     -    0s
     0     0    0.07692    0   51    0.00000    0.07692      -     -    0s
     0     0    0.07692    0   54    0.00000    0.07692      -     -    0s
     0     0    0.07692    0   50    0.00000    0.07692      -     -    0s
     0     0    0.07692    0   51    0.00000    0.07692      -     -    0s
     0     0    0.07692    0   44    0.00000    0.07692      -     -    0s
     0     0    0.07692    0   44    0.00000    0.07692      -     -    0s
     0     2    0.07692    0   44    0.00000    0.07692      -     -    0s
*  788   731             104       0.0000000    0.07222      -  16.8    0s
*  791   705             105       0.0000001    0.07222      -  16.7    0s
H 1131   924                       0.0000005    0.07222      -  19.2    0s
H 1135   880                       0.0000006    0.07222      -  19.1    0s
H 1137   837                       0.0000009    0.07222      -  19.1    0s
H 1542  1082                       0.0024604    0.06359  2485%  20.4    0s
H 1654  1151                       0.0027126    0.06359  2244%  19.8    0s
H 1695  1051                       0.0044146    0.06359  1341%  19.9    0s
H 2807  1395                       0.0052445    0.05254   902%  25.9    1s
H 3395  1535                       0.0052888    0.05070   859%  27.4    1s
H 4103  1943                       0.0052888    0.04740   796%  29.9    1s
H 4292  2113                       0.0052889    0.04688   786%  30.9    1s
H 5936  2944                       0.0052890    0.04462   744%  31.6    1s
H 7226  3488                       0.0053029    0.04399   730%  32.2    2s
H 9084  4409                       0.0053037    0.04314   713%  32.9    2s
 21406 10006    0.03585   32   59    0.00530    0.03980   650%  36.3    5s
 46646 20787    0.01569   33   56    0.00530    0.03698   597%  37.9   10s
H59676 22481                       0.0078937    0.03616   358%  38.2   12s
H59787 22474                       0.0078937    0.03615   358%  38.2   12s
 71571 26605     cutoff   38         0.00789    0.03526   347%  38.2   15s
H83206 30714                       0.0078937    0.03463   339%  38.3   17s
H83399 30714                       0.0078937    0.03463   339%  38.3   17s
H84238 31050                       0.0078937    0.03456   338%  38.3   17s
H85467 31536                       0.0078938    0.03449   337%  38.3   17s
H95632 34855                       0.0078938    0.03400   331%  38.5   19s
 96618 35273     cutoff   31         0.00789    0.03392   330%  38.5   20s
 123553 44123    0.01654   31   47    0.00789    0.03282   316%  38.1   25s
 151632 52850 infeasible   42         0.00789    0.03189   304%  38.2   30s
H172871 59589                       0.0078943    0.03136   297%  38.2   34s
H173895 57386                       0.0086310    0.03134   263%  38.2   34s
 175186 57756     cutoff   41         0.00863    0.03131   263%  38.2   35s
 202454 65790     cutoff   39         0.00863    0.03065   255%  38.3   40s
*217786 68895             116       0.0089962    0.03033   237%  38.3   42s
*217794 68596             120       0.0090742    0.03033   234%  38.3   42s
H218426 68628                       0.0091290    0.03031   232%  38.3   42s
H219612 68812                       0.0091757    0.03028   230%  38.3   43s
H220987 69100                       0.0091758    0.03026   230%  38.3   43s
H221316 68894                       0.0092680    0.03026   226%  38.3   43s
H222671 65698                       0.0101400    0.03023   198%  38.3   43s
H224427 64809                       0.0104257    0.03019   190%  38.3   44s
H228440 64538                       0.0107025    0.03010   181%  38.3   44s
 228985 64808    0.01715   40   45    0.01070    0.03010   181%  38.3   45s
H230413 65065                       0.0107026    0.03005   181%  38.3   45s
 255094 70527    0.01677   34   58    0.01070    0.02947   175%  38.3   50s
 284311 76761    0.01348   33   54    0.01070    0.02893   170%  38.1   55s
 309439 81643    0.01317   40   54    0.01070    0.02850   166%  38.1   60s
 339050 87833     cutoff   38         0.01070    0.02801   162%  38.0   65s
 368789 93327     cutoff   36         0.01070    0.02759   158%  37.9   70s

Cutting planes:
  Gomory: 6
  Implied bound: 35
  MIR: 11
  Flow cover: 54
  Inf proof: 2
  RLT: 92
  Relax-and-lift: 14
  BQP: 16

Explored 381931 nodes (14477341 simplex iterations) in 72.17 seconds (122.23 work units)
Thread count was 4 (of 4 available processors)

Solution count 10: 0.0107026 0.0104257 0.01014 ... 0.00863104

Optimization achieved user objective limit
Best objective 1.070254871706e-02, best bound 2.742167519000e-02, gap 156.2163%
{"verdict": "PROVED", "status": "BOUND_REACHED", "runtime": 72.16733479499817, "objval": 0.010702548717057815, "objbound": 0.02742167519000495, "binaries": 46}
