Set parameter NodefileStart to value 6
Read parameters from file gurobi.env
Restricted license - for non-production use only - expires 2027-11-29
Set parameter OutputFlag to value 1
Set parameter Threads to value 4
Set parameter TimeLimit to value 360
Set parameter MIPGap to value 5e-05
Set parameter MIPFocus to value 2
Set parameter NonConvex to value 2
Set parameter BestBdStop to value 2.7426211734693878e-02
Gurobi Optimizer version 13.0.3 build v13.0.3rc0 (linux64 - "Ubuntu 24.04.5 LTS")

CPU model: AMD EPYC 9V74 80-Core Processor, instruction set [SSE2|AVX|AVX2]
Thread count: 2 physical cores, 4 logical processors, using up to 4 threads

Non-default parameters:
TimeLimit  360
BestBdStop  2.7426211734693878e-02
MIPGap  5e-05
MIPFocus  2
NodefileStart  6
NonConvex  2
Threads  4

Optimize a model with 141 rows, 111 columns and 810 nonzeros (Max)
Model fingerprint: 0x17763369
Model has 1 linear objective coefficients
Model has 50 quadratic constraints
Variable types: 65 continuous, 46 integer (46 binary)
Coefficient statistics:
  Matrix range     [5e-01, 1e+00]
  QMatrix range    [1e+00, 1e+00]
  QLMatrix range   [1e+00, 1e+00]
  Objective range  [1e+00, 1e+00]
  Bounds range     [5e-01, 1e+00]
  RHS range        [1e+00, 1e+00]

Found heuristic solution: objective -0.0000000
Presolve time: 0.00s
Presolved: 341 rows, 112 columns, 1210 nonzeros
Presolved model has 50 bilinear constraint(s)

Solving non-convex MIQCP to global optimality

Variable types: 66 continuous, 46 integer (46 binary)
Root relaxation presolve removed 50 rows and 1 columns
Root relaxation presolved: 291 rows, 111 columns, 1160 nonzeros


Root relaxation: objective 8.333333e-02, 108 iterations, 0.00 seconds (0.00 work units)

    Nodes    |    Current Node    |     Objective Bounds      |     Work
 Expl Unexpl |  Obj  Depth IntInf | Incumbent    BestBd   Gap | It/Node Time

     0     0    0.08333    0   53   -0.00000    0.08333      -     -    0s
     0     0    0.07143    0   47   -0.00000    0.07143      -     -    0s
     0     0    0.07143    0   50   -0.00000    0.07143      -     -    0s
     0     0    0.07143    0   47   -0.00000    0.07143      -     -    0s
     0     0    0.07143    0   52   -0.00000    0.07143      -     -    0s
     0     0    0.07143    0   50   -0.00000    0.07143      -     -    0s
     0     0    0.07143    0   44   -0.00000    0.07143      -     -    0s
     0     0    0.07143    0   47   -0.00000    0.07143      -     -    0s
     0     0    0.07143    0   43   -0.00000    0.07143      -     -    0s
     0     0    0.07143    0   43   -0.00000    0.07143      -     -    0s
     0     2    0.07143    0   43   -0.00000    0.07143      -     -    0s
H 1432  1151                       0.0000001    0.07143      -  21.7    1s
H 1450  1126                       0.0011772    0.07143  5968%  21.6    1s
H 1482  1056                       0.0067430    0.07143   959%  21.4    1s
H 1822  1241                       0.0067917    0.07129   950%  19.7    1s
H 1897  1257                       0.0112991    0.07129   531%  18.9    1s
H 2112  1224                       0.0118665    0.07127   501%  18.1    1s
H 2215  1244                       0.0123760    0.07127   476%  18.1    1s
H 3199  1634                       0.0134266    0.07110   430%  18.9    1s
H 3693  1912                       0.0134266    0.07017   423%  18.9    2s
H 4534  1739                       0.0202823    0.06685   230%  19.0    2s
H 5696  2159                       0.0202823    0.06358   213%  19.4    2s
 16175  6125     cutoff   45         0.02028    0.05594   176%  20.5    5s
 39428 14378    0.04507   33   60    0.02028    0.05032   148%  19.9   10s
 68690 23563    0.02462   50   55    0.02028    0.04733   133%  19.3   15s
 97212 32001     cutoff   36         0.02028    0.04556   125%  19.0   20s
 125559 40541     cutoff   40         0.02028    0.04430   118%  18.9   25s
 154759 48682    0.02686   39   52    0.02028    0.04312   113%  18.8   30s
 183956 56641    0.02462   39   54    0.02028    0.04220   108%  18.6   35s
 208822 63213    0.02686   42   55    0.02028    0.04162   105%  18.5   40s
 238441 70759     cutoff   44         0.02028    0.04094   102%  18.4   45s
 267846 78290     cutoff   39         0.02028    0.04037  99.1%  18.3   50s
 296787 85333     cutoff   32         0.02028    0.03984  96.4%  18.2   55s
 326418 92634    0.02432   36   54    0.02028    0.03937  94.1%  18.1   60s
H332998 90916                       0.0209880    0.03928  87.2%  18.1   61s
*333559 91013             124       0.0209972    0.03928  87.1%  18.1   61s
H346550 93007                       0.0210578    0.03910  85.7%  18.1   63s
 350473 93957    0.02280   40   53    0.02106    0.03905  85.4%  18.1   65s
 380658 100073    0.02547   32   52    0.02106    0.03866  83.6%  18.0   70s
 410696 106028    0.03555   38   53    0.02106    0.03831  81.9%  17.9   75s
 436642 111040    0.02354   40   50    0.02106    0.03802  80.5%  17.9   80s
H447728 108811                       0.0216876    0.03791  74.8%  17.9   81s
 465283 111830    0.03751   34   55    0.02169    0.03775  74.0%  17.8   85s
 495459 117385    0.03359   33   50    0.02169    0.03746  72.7%  17.8   90s
 526211 122759    0.03060   41   57    0.02169    0.03718  71.4%  17.7   95s
 557364 128416    0.02523   47   51    0.02169    0.03693  70.3%  17.7  100s
 587903 133868     cutoff   42         0.02169    0.03668  69.1%  17.7  105s
 618366 139056     cutoff   43         0.02169    0.03645  68.1%  17.6  110s
H636469 141881                       0.0216876    0.03631  67.4%  17.6  113s
 643399 142995    0.02330   36   53    0.02169    0.03627  67.2%  17.6  115s
 670884 147423    0.02610   36   51    0.02169    0.03609  66.4%  17.6  120s
 701889 152125     cutoff   32         0.02169    0.03587  65.4%  17.5  125s
 732873 157069     cutoff   48         0.02169    0.03567  64.5%  17.5  130s
 763331 161715     cutoff   44         0.02169    0.03548  63.6%  17.4  135s
 793734 166622    0.02422   34   54    0.02169    0.03531  62.8%  17.4  140s
 824419 171274     cutoff   40         0.02169    0.03513  62.0%  17.4  145s
 850587 174886     cutoff   39         0.02169    0.03499  61.3%  17.4  150s
 881350 179404    0.03173   41   52    0.02169    0.03482  60.5%  17.3  155s
 911964 183735     cutoff   48         0.02169    0.03466  59.8%  17.3  160s
 943063 188130    0.03047   33   53    0.02169    0.03452  59.1%  17.3  165s
 973545 192621     cutoff   40         0.02169    0.03437  58.5%  17.3  170s
 1004047 196992     cutoff   41         0.02169    0.03422  57.8%  17.2  175s
 1034353 201055    0.02403   37   43    0.02169    0.03409  57.2%  17.2  180s
 1063085 205022    0.02280   38   51    0.02169    0.03396  56.6%  17.2  185s
 1094116 209276    0.02895   35   51    0.02169    0.03382  55.9%  17.2  190s
 1124567 213783    0.03366   35   51    0.02169    0.03369  55.4%  17.1  195s
 1155814 217804    0.02224   51   50    0.02169    0.03357  54.8%  17.1  200s
 1186784 221822 infeasible   47         0.02169    0.03345  54.2%  17.1  205s
 1210164 225145    0.02945   48   53    0.02169    0.03337  53.9%  17.1  210s
 1241463 229156     cutoff   43         0.02169    0.03325  53.3%  17.0  215s
 1271590 233145    0.02199   34   52    0.02169    0.03315  52.8%  17.0  220s
 1302667 237026    0.03167   40   54    0.02169    0.03304  52.3%  17.0  225s
 1333499 240676    0.02474   36   50    0.02169    0.03293  51.9%  17.0  230s
 1364470 244673    0.02567   44   52    0.02169    0.03283  51.4%  17.0  235s
 1395856 248610     cutoff   40         0.02169    0.03273  50.9%  16.9  240s
 1424176 252465    0.02451   44   54    0.02169    0.03264  50.5%  16.9  245s
 1449345 254963     cutoff   42         0.02169    0.03256  50.1%  16.9  250s
 1474054 258052     cutoff   39         0.02169    0.03249  49.8%  16.9  255s
 1501520 261566    0.02413   42   55    0.02169    0.03241  49.4%  16.9  260s
 1529201 264761 infeasible   50         0.02169    0.03233  49.1%  16.8  265s
 1556233 267559    0.02731   48   58    0.02169    0.03225  48.7%  16.8  270s
 1583056 270795    0.02224   45   50    0.02169    0.03218  48.4%  16.8  275s
 1609448 273880    0.02178   44   52    0.02169    0.03211  48.0%  16.8  280s
 1633501 276889     cutoff   49         0.02169    0.03205  47.8%  16.8  285s
 1663802 280178     cutoff   47         0.02169    0.03197  47.4%  16.8  290s
 1694330 283513    0.02179   42   56    0.02169    0.03189  47.0%  16.7  295s
 1725319 286881     cutoff   49         0.02169    0.03180  46.6%  16.7  300s
 1756055 290111    0.02193   45   45    0.02169    0.03173  46.3%  16.7  305s
 1787258 293609    0.02689   48   53    0.02169    0.03165  45.9%  16.7  310s
 1815189 296605     cutoff   41         0.02169    0.03158  45.6%  16.7  315s
 1845984 299689     cutoff   51         0.02169    0.03150  45.3%  16.7  320s
 1874012 302739     cutoff   37         0.02169    0.03144  44.9%  16.6  325s
 1905190 305793     cutoff   46         0.02169    0.03136  44.6%  16.6  330s
 1936127 309030     cutoff   49         0.02169    0.03130  44.3%  16.6  335s
 1966731 311996     cutoff   49         0.02169    0.03122  43.9%  16.6  340s
 1998347 315008     cutoff   49         0.02169    0.03115  43.6%  16.6  345s
 2028077 317810    0.02189   38   50    0.02169    0.03108  43.3%  16.6  350s
 2054107 320391    0.02287   46   50    0.02169    0.03103  43.1%  16.6  355s
 2084794 323478     cutoff   46         0.02169    0.03096  42.8%  16.5  360s

Cutting planes:
  Gomory: 5
  Implied bound: 7
  MIR: 2
  Flow cover: 7
  RLT: 59
  Relax-and-lift: 1
  BQP: 7

Explored 2085196 nodes (34497683 simplex iterations) in 360.00 seconds (388.04 work units)
Thread count was 4 (of 4 available processors)

Solution count 10: 0.0216876 0.0210578 0.0209972 ... 0.00679168

Time limit reached
Best objective 2.168757039048e-02, best bound 3.096235470940e-02, gap 42.7654%
{"verdict": "UNRESOLVED", "status": "TIME_LIMIT", "runtime": 360.00253891944885, "objval": 0.02168757039047509, "objbound": 0.030962354709397594, "binaries": 46}
