13:20:22 UTC start: 1 unresolved seed region(s) and 0 missing piece(s) under [[[0,2,4],1],[[0,2,5],1],[[0,2,6],1],[[0,2,7],1],[[0,2,8],0],[[0,3,4],0],[[0,3,5],0],[[0,3,6],0],[[0,3,7],0],[[0,3,8],0],[[1,2,4],1],[[1,2,5],1],[[1,2,6],1],[[1,2,7],1],[[1,2,8],1],[[1,3,4],0],[[1,3,5],1],[[1,3,6],1],[[1,3,7],0],[[1,3,8],1],[[2,3,4],1],[[2,3,5],1],[[2,3,6],1],[[2,3,7],1],[[2,3,8],1],[[4,5,6],1],[[4,5,7],0],[[4,5,8],0],[[4,6,7],0]]
13:29:12 UTC split region (bound/target 36.461) on [[4,6,8],[4,7,8],[5,6,7],[5,6,8]]: 10 pieces proved, 6 open; total runs 16, proved 10, open regions 6
13:30:59 UTC split region (bound/target 1.201) on [[5,7,8],[6,7,8],[0,4,5],[0,4,6]]: 15 pieces proved, 1 open; total runs 32, proved 25, open regions 6
13:32:30 UTC split region (bound/target 1.150) on [[0,4,7],[0,4,8],[0,5,6],[0,5,7]]: 16 pieces proved, 0 open; total runs 48, proved 41, open regions 5
13:36:47 UTC split region (bound/target 1.226) on [[5,7,8],[6,7,8],[0,4,5],[0,4,6]]: 13 pieces proved, 3 open; total runs 64, proved 54, open regions 7
13:39:08 UTC split region (bound/target 1.064) on [[0,4,7],[0,4,8],[0,5,6],[0,5,7]]: 14 pieces proved, 2 open; total runs 80, proved 68, open regions 8
13:40:16 UTC region PROVED by a 300 s run (67 s); open 7
13:41:45 UTC split region (bound/target 1.074) on [[0,4,7],[0,4,8],[0,5,6],[0,5,7]]: 16 pieces proved, 0 open; total runs 97, proved 85, open regions 6
13:42:24 UTC split region (bound/target 1.140) on [[0,5,8],[0,6,7],[0,6,8],[0,7,8]]: 16 pieces proved, 0 open; total runs 113, proved 101, open regions 5
13:46:02 UTC split region (bound/target 1.160) on [[0,4,7],[0,4,8],[0,5,6],[0,5,7]]: 13 pieces proved, 3 open; total runs 129, proved 114, open regions 7
13:47:51 UTC split region (bound/target 1.087) on [[0,5,8],[0,6,7],[0,6,8],[0,7,8]]: 15 pieces proved, 1 open; total runs 145, proved 129, open regions 7
13:48:23 UTC split region (bound/target 1.113) on [[0,5,8],[0,6,7],[0,6,8],[0,7,8]]: 16 pieces proved, 0 open; total runs 161, proved 145, open regions 6
13:50:11 UTC split region (bound/target 1.127) on [[1,4,5],[1,4,6],[1,4,7],[1,4,8]]: 15 pieces proved, 1 open; total runs 177, proved 160, open regions 6
13:52:01 UTC split region (bound/target 1.169) on [[1,5,6],[1,5,7],[1,5,8],[1,6,7]]: 15 pieces proved, 1 open; total runs 193, proved 175, open regions 6
13:53:02 UTC split region (bound/target 1.064) on [[1,6,8],[1,7,8],[2,4,5],[2,4,6]]: 16 pieces proved, 0 open; total runs 209, proved 191, open regions 5
13:54:35 UTC split region (bound/target 1.290) on [[5,7,8],[6,7,8],[0,4,5],[0,4,6]]: 15 pieces proved, 1 open; total runs 225, proved 206, open regions 5
13:56:33 UTC split region (bound/target 1.294) on [[5,7,8],[6,7,8],[0,4,5],[0,4,6]]: 15 pieces proved, 1 open; total runs 241, proved 221, open regions 5
13:59:37 UTC split region (bound/target 1.247) on [[0,4,7],[0,4,8],[0,5,6],[0,5,7]]: 14 pieces proved, 2 open; total runs 257, proved 235, open regions 6
14:00:47 UTC split region (bound/target 1.097) on [[0,5,8],[0,6,7],[0,6,8],[0,7,8]]: 16 pieces proved, 0 open; total runs 273, proved 251, open regions 5
14:02:28 UTC split region (bound/target 1.215) on [[0,5,8],[0,6,7],[0,6,8],[0,7,8]]: 15 pieces proved, 1 open; total runs 289, proved 266, open regions 5
14:03:10 UTC split region (bound/target 1.046) on [[1,4,5],[1,4,6],[1,4,7],[1,4,8]]: 16 pieces proved, 0 open; total runs 305, proved 282, open regions 4
14:05:29 UTC split region (bound/target 1.319) on [[0,5,8],[0,6,7],[0,6,8],[0,7,8]]: 15 pieces proved, 1 open; total runs 321, proved 297, open regions 4
14:06:36 UTC split region (bound/target 1.119) on [[1,4,5],[1,4,6],[1,4,7],[1,4,8]]: 16 pieces proved, 0 open; total runs 337, proved 313, open regions 3
14:08:30 UTC split region (bound/target 1.342) on [[0,4,7],[0,4,8],[0,5,6],[0,5,7]]: 15 pieces proved, 1 open; total runs 353, proved 328, open regions 3
14:09:39 UTC region PROVED by a 300 s run (69 s); open 2
14:15:40 UTC split region (bound/target 1.353) on [[5,7,8],[6,7,8],[0,4,5],[0,4,6]]: 12 pieces proved, 4 open; total runs 370, proved 341, open regions 5
14:17:41 UTC split region (bound/target 1.052) on [[0,4,7],[0,4,8],[0,5,6],[0,5,7]]: 16 pieces proved, 0 open; total runs 386, proved 357, open regions 4
14:18:28 UTC split region (bound/target 1.055) on [[0,4,7],[0,4,8],[0,5,6],[0,5,7]]: 16 pieces proved, 0 open; total runs 402, proved 373, open regions 3
14:21:38 UTC split region (bound/target 1.213) on [[0,4,7],[0,4,8],[0,5,6],[0,5,7]]: 14 pieces proved, 2 open; total runs 418, proved 387, open regions 4
14:22:33 UTC split region (bound/target 1.041) on [[0,5,8],[0,6,7],[0,6,8],[0,7,8]]: 16 pieces proved, 0 open; total runs 434, proved 403, open regions 3
14:23:16 UTC split region (bound/target 1.077) on [[0,5,8],[0,6,7],[0,6,8],[0,7,8]]: 16 pieces proved, 0 open; total runs 450, proved 419, open regions 2
14:27:18 UTC split region (bound/target 1.436) on [[0,4,7],[0,4,8],[0,5,6],[0,5,7]]: 13 pieces proved, 3 open; total runs 466, proved 432, open regions 4
14:28:37 UTC split region (bound/target 1.032) on [[0,5,8],[0,6,7],[0,6,8],[0,7,8]]: 15 pieces proved, 1 open; total runs 482, proved 447, open regions 4
14:30:17 UTC split region (bound/target 1.040) on [[1,4,5],[1,4,6],[1,4,7],[1,4,8]]: 15 pieces proved, 1 open; total runs 498, proved 462, open regions 4
14:31:42 UTC split region (bound/target 1.028) on [[1,5,6],[1,5,7],[1,5,8],[1,6,7]]: 16 pieces proved, 0 open; total runs 514, proved 478, open regions 3
14:32:58 UTC split region (bound/target 1.223) on [[0,5,8],[0,6,7],[0,6,8],[0,7,8]]: 16 pieces proved, 0 open; total runs 530, proved 494, open regions 2
14:34:51 UTC split region (bound/target 1.291) on [[0,5,8],[0,6,7],[0,6,8],[0,7,8]]: 15 pieces proved, 1 open; total runs 546, proved 509, open regions 2
14:35:59 UTC region PROVED by a 300 s run (68 s); open 1
14:39:39 UTC split region (bound/target 1.438) on [[5,7,8],[6,7,8],[0,4,5],[0,4,6]]: 14 pieces proved, 2 open; total runs 563, proved 524, open regions 2
14:40:42 UTC region PROVED by a 300 s run (62 s); open 1
14:44:22 UTC split region (bound/target 1.400) on [[0,4,7],[0,4,8],[0,5,6],[0,5,7]]: 14 pieces proved, 2 open; total runs 580, proved 539, open regions 2
14:46:15 UTC split region (bound/target 1.071) on [[0,5,8],[0,6,7],[0,6,8],[0,7,8]]: 15 pieces proved, 1 open; total runs 596, proved 554, open regions 2
14:48:18 UTC split region (bound/target 1.109) on [[1,4,5],[1,4,6],[1,4,7],[1,4,8]]: 16 pieces proved, 0 open; total runs 612, proved 570, open regions 1
14:50:45 UTC split region (bound/target 1.390) on [[0,5,8],[0,6,7],[0,6,8],[0,7,8]]: 14 pieces proved, 2 open; total runs 628, proved 584, open regions 2
14:52:35 UTC split region (bound/target 1.105) on [[1,4,5],[1,4,6],[1,4,7],[1,4,8]]: 16 pieces proved, 0 open; total runs 644, proved 600, open regions 1
14:53:16 UTC split region (bound/target 1.198) on [[1,4,5],[1,4,6],[1,4,7],[1,4,8]]: 16 pieces proved, 0 open; total runs 660, proved 616, open regions 0
14:53:16 UTC ALL REGIONS PROVED by this driver: runs 660, proved 616 (the certificate itself must still be checked with summarize.py and combine_plan_260927.py)
