Set parameter NodefileStart to value 6
Read parameters from file gurobi.env
Restricted license - for non-production use only - expires 2027-11-29
Set parameter OutputFlag to value 1
Set parameter Threads to value 4
Set parameter TimeLimit to value 360
Set parameter MIPGap to value 5e-05
Set parameter MIPFocus to value 2
Set parameter NonConvex to value 2
Set parameter BestBdStop to value 2.7426211734693878e-02
Gurobi Optimizer version 13.0.3 build v13.0.3rc0 (linux64 - "Ubuntu 24.04.5 LTS")

CPU model: AMD EPYC 7763 64-Core Processor, instruction set [SSE2|AVX|AVX2]
Thread count: 2 physical cores, 4 logical processors, using up to 4 threads

Non-default parameters:
TimeLimit  360
BestBdStop  2.7426211734693878e-02
MIPGap  5e-05
MIPFocus  2
NodefileStart  6
NonConvex  2
Threads  4

Optimize a model with 145 rows, 115 columns and 846 nonzeros (Max)
Model fingerprint: 0x71b61391
Model has 1 linear objective coefficients
Model has 50 quadratic constraints
Variable types: 65 continuous, 50 integer (50 binary)
Coefficient statistics:
  Matrix range     [5e-01, 1e+00]
  QMatrix range    [1e+00, 1e+00]
  QLMatrix range   [1e+00, 1e+00]
  Objective range  [1e+00, 1e+00]
  Bounds range     [5e-01, 1e+00]
  RHS range        [1e+00, 1e+00]

Found heuristic solution: objective -0.0000000
Presolve time: 0.00s
Presolved: 345 rows, 116 columns, 1246 nonzeros
Presolved model has 50 bilinear constraint(s)

Solving non-convex MIQCP to global optimality

Variable types: 66 continuous, 50 integer (50 binary)
Root relaxation presolve removed 50 rows and 1 columns
Root relaxation presolved: 295 rows, 115 columns, 1196 nonzeros


Root relaxation: objective 8.333333e-02, 151 iterations, 0.00 seconds (0.00 work units)

    Nodes    |    Current Node    |     Objective Bounds      |     Work
 Expl Unexpl |  Obj  Depth IntInf | Incumbent    BestBd   Gap | It/Node Time

     0     0    0.08333    0   56   -0.00000    0.08333      -     -    0s
     0     0    0.07143    0   59   -0.00000    0.07143      -     -    0s
     0     0    0.07143    0   77   -0.00000    0.07143      -     -    0s
     0     0    0.07143    0   65   -0.00000    0.07143      -     -    0s
     0     0    0.07143    0   59   -0.00000    0.07143      -     -    0s
     0     0    0.07143    0   54   -0.00000    0.07143      -     -    0s
     0     0    0.07143    0   66   -0.00000    0.07143      -     -    0s
     0     0    0.07143    0   49   -0.00000    0.07143      -     -    0s
     0     0    0.07143    0   57   -0.00000    0.07143      -     -    0s
     0     0    0.07143    0   48   -0.00000    0.07143      -     -    0s
     0     0    0.07143    0   48   -0.00000    0.07143      -     -    0s
     0     2    0.07143    0   48   -0.00000    0.07143      -     -    0s
H  129   131                       0.0000000    0.07143      -  23.3    0s
H  232   269                       0.0000000    0.07143      -  24.7    0s
H  272   269                       0.0000002    0.07143      -  25.4    0s
H  667   637                       0.0000002    0.07143      -  23.3    0s
H  687   635                       0.0000004    0.07143      -  23.3    0s
H  985   858                       0.0000004    0.07143      -  24.3    0s
H 1389  1135                       0.0045019    0.05062  1024%  24.6    1s
H 1473  1179                       0.0051127    0.05062   890%  23.5    1s
H 1507  1121                       0.0057997    0.05062   773%  23.2    1s
H 1625  1195                       0.0075959    0.05062   566%  22.0    1s
H 1809  1018                       0.0133689    0.05062   279%  20.3    1s
H 2933  1132                       0.0145507    0.05062   248%  22.7    2s
 11224  3591     cutoff   27         0.01455    0.04288   195%  29.1    5s
H29793  7982                       0.0149242    0.03799   155%  30.2    9s
H29798  7693                       0.0156759    0.03799   142%  30.2    9s
H29799  7687                       0.0156759    0.03799   142%  30.2    9s
 31092  8052     cutoff   32         0.01568    0.03788   142%  30.4   10s
 51679 11854    0.03109   29   59    0.01568    0.03579   128%  30.6   15s
 73088 16223    0.01598   43   41    0.01568    0.03435   119%  30.4   20s
 95097 20327    0.02060   27   57    0.01568    0.03308   111%  30.1   25s
 114202 23494    0.02154   27   44    0.01568    0.03238   107%  30.0   30s
 134951 27401     cutoff   40         0.01568    0.03172   102%  29.8   35s
 156885 30854     cutoff   29         0.01568    0.03103  98.0%  29.6   40s
 179993 35030    0.02431   27   58    0.01568    0.03041  94.0%  29.3   45s
 202748 38241     cutoff   32         0.01568    0.02989  90.7%  29.2   50s
 225893 41281     cutoff   36         0.01568    0.02942  87.7%  29.0   55s
 248582 44571     cutoff   31         0.01568    0.02900  85.0%  28.9   60s
 270859 47767    0.01762   30   40    0.01568    0.02864  82.7%  28.8   65s
 293330 50818    0.01597   35   39    0.01568    0.02828  80.4%  28.7   70s
 316415 54020     cutoff   27         0.01568    0.02796  78.3%  28.6   75s
H327183 55529                       0.0156759    0.02781  77.4%  28.5   77s
 336394 56716     cutoff   32         0.01568    0.02769  76.7%  28.5   80s

Cutting planes:
  Gomory: 15
  Implied bound: 12
  MIR: 2
  Flow cover: 19
  RLT: 92
  Relax-and-lift: 9
  BQP: 7

Explored 358557 nodes (10171446 simplex iterations) in 84.85 seconds (85.90 work units)
Thread count was 4 (of 4 available processors)

Solution count 10: 0.0156759 0.0149242 0.0145507 ... 1.77762e-07

Optimization achieved user objective limit
Best objective 1.567587824496e-02, best bound 2.741951124143e-02, gap 74.9153%
{"verdict": "PROVED", "status": "BOUND_REACHED", "runtime": 84.84912109375, "objval": 0.015675878244963085, "objbound": 0.027419511241430994, "binaries": 50}
