Set parameter NodefileStart to value 6
Read parameters from file gurobi.env
Restricted license - for non-production use only - expires 2027-11-29
Set parameter OutputFlag to value 1
Set parameter Threads to value 4
Set parameter TimeLimit to value 360
Set parameter MIPGap to value 5e-05
Set parameter MIPFocus to value 2
Set parameter NonConvex to value 2
Set parameter BestBdStop to value 2.7426211734693878e-02
Gurobi Optimizer version 13.0.3 build v13.0.3rc0 (linux64 - "Ubuntu 24.04.5 LTS")

CPU model: Intel(R) Xeon(R) Platinum 8370C CPU @ 2.80GHz, instruction set [SSE2|AVX|AVX2|AVX512]
Thread count: 2 physical cores, 4 logical processors, using up to 4 threads

Non-default parameters:
TimeLimit  360
BestBdStop  2.7426211734693878e-02
MIPGap  5e-05
MIPFocus  2
NodefileStart  6
NonConvex  2
Threads  4

Optimize a model with 129 rows, 99 columns and 714 nonzeros (Max)
Model fingerprint: 0x2f14479d
Model has 1 linear objective coefficients
Model has 50 quadratic constraints
Variable types: 65 continuous, 34 integer (34 binary)
Coefficient statistics:
  Matrix range     [5e-01, 1e+00]
  QMatrix range    [1e+00, 1e+00]
  QLMatrix range   [1e+00, 1e+00]
  Objective range  [1e+00, 1e+00]
  Bounds range     [5e-01, 1e+00]
  RHS range        [1e+00, 1e+00]

Found heuristic solution: objective -0.0000000
Presolve time: 0.00s
Presolved: 329 rows, 100 columns, 1114 nonzeros
Presolved model has 50 bilinear constraint(s)

Solving non-convex MIQCP to global optimality

Variable types: 66 continuous, 34 integer (34 binary)
Root relaxation presolve removed 50 rows and 1 columns
Root relaxation presolved: 279 rows, 99 columns, 1064 nonzeros


Root relaxation: objective 1.250000e-01, 150 iterations, 0.00 seconds (0.00 work units)

    Nodes    |    Current Node    |     Objective Bounds      |     Work
 Expl Unexpl |  Obj  Depth IntInf | Incumbent    BestBd   Gap | It/Node Time

     0     0    0.12500    0   51   -0.00000    0.12500      -     -    0s
     0     0    0.09091    0   59   -0.00000    0.09091      -     -    0s
     0     0    0.08824    0   60   -0.00000    0.08824      -     -    0s
     0     0    0.08824    0   60   -0.00000    0.08824      -     -    0s
     0     0    0.08694    0   58   -0.00000    0.08694      -     -    0s
     0     0    0.08682    0   58   -0.00000    0.08682      -     -    0s
     0     0    0.08405    0   60   -0.00000    0.08405      -     -    0s
     0     0    0.08405    0   59   -0.00000    0.08405      -     -    0s
     0     0    0.08405    0   59   -0.00000    0.08405      -     -    0s
     0     0    0.08405    0   60   -0.00000    0.08405      -     -    0s
     0     0    0.08405    0   61   -0.00000    0.08405      -     -    0s
     0     0    0.08405    0   62   -0.00000    0.08405      -     -    0s
     0     0    0.08333    0   62   -0.00000    0.08333      -     -    0s
     0     0    0.08333    0   62   -0.00000    0.08333      -     -    0s
     0     0    0.08333    0   62   -0.00000    0.08333      -     -    0s
     0     0    0.08333    0   62   -0.00000    0.08333      -     -    0s
     0     2    0.08333    0   60   -0.00000    0.08333      -     -    0s
*  583   603              88       0.0000000    0.08333      -  26.6    0s
*  586   603              89       0.0000000    0.08333      -  26.5    0s
*  759   702             106       0.0000002    0.08333      -  25.1    0s
*  760   702             106       0.0000002    0.08333      -  25.0    0s
*  815   751             108       0.0000004    0.08333      -  24.8    0s
H 1144   918                       0.0000006    0.08333      -  24.4    1s
* 1834  1258              96       0.0000007    0.04252      -  23.3    1s
* 1835  1214              96       0.0000007    0.04252      -  23.3    1s
* 1836  1170              96       0.0000007    0.04252      -  23.3    1s
H 3091  1742                       0.0000010    0.04252      -  22.1    2s
H 4774  3058                       0.0000010    0.04252      -  19.3    3s
 10717  7493    0.00002   40   39    0.00000    0.03801      -  19.9    5s
 29759 19446    0.01013   30   40    0.00000    0.03169      -  20.1   10s
 55082 35519    0.00001   99   25    0.00000    0.02912      -  20.2   15s
H55474 35510                       0.0000010    0.02909      -  20.2   15s
 76238 48050    0.01878   23   53    0.00000    0.02803      -  20.1   20s
 92453 58593    0.01200   36   50    0.00000    0.02751      -  20.0   25s

Cutting planes:
  Gomory: 3
  Implied bound: 1
  MIR: 2
  Flow cover: 6
  RLT: 57
  BQP: 11

Explored 98218 nodes (1935388 simplex iterations) in 25.83 seconds (24.37 work units)
Thread count was 4 (of 4 available processors)

Solution count 10: 1.02e-06 1.0093e-06 1.00706e-06 ... 2.04349e-07

Optimization achieved user objective limit
Best objective 1.019996461639e-06, best bound 2.742231715872e-02, gap 2688371.7928%
{"verdict": "PROVED", "status": "BOUND_REACHED", "runtime": 25.8370361328125, "objval": 1.0199964616394603e-06, "objbound": 0.027422317158721763, "binaries": 34}
