Set parameter NodefileStart to value 6
Read parameters from file gurobi.env
Restricted license - for non-production use only - expires 2027-11-29
Set parameter OutputFlag to value 1
Set parameter Threads to value 4
Set parameter TimeLimit to value 360
Set parameter MIPGap to value 5e-05
Set parameter MIPFocus to value 2
Set parameter NonConvex to value 2
Set parameter BestBdStop to value 2.7426211734693878e-02
Gurobi Optimizer version 13.0.3 build v13.0.3rc0 (linux64 - "Ubuntu 24.04.5 LTS")

CPU model: AMD EPYC 7763 64-Core Processor, instruction set [SSE2|AVX|AVX2]
Thread count: 2 physical cores, 4 logical processors, using up to 4 threads

Non-default parameters:
TimeLimit  360
BestBdStop  2.7426211734693878e-02
MIPGap  5e-05
MIPFocus  2
NodefileStart  6
NonConvex  2
Threads  4

Optimize a model with 141 rows, 111 columns and 810 nonzeros (Max)
Model fingerprint: 0x076369e1
Model has 1 linear objective coefficients
Model has 50 quadratic constraints
Variable types: 65 continuous, 46 integer (46 binary)
Coefficient statistics:
  Matrix range     [5e-01, 1e+00]
  QMatrix range    [1e+00, 1e+00]
  QLMatrix range   [1e+00, 1e+00]
  Objective range  [1e+00, 1e+00]
  Bounds range     [5e-01, 1e+00]
  RHS range        [1e+00, 1e+00]

Found heuristic solution: objective -0.0000000
Presolve time: 0.00s
Presolved: 341 rows, 112 columns, 1210 nonzeros
Presolved model has 50 bilinear constraint(s)

Solving non-convex MIQCP to global optimality

Variable types: 66 continuous, 46 integer (46 binary)
Root relaxation presolve removed 50 rows and 1 columns
Root relaxation presolved: 291 rows, 111 columns, 1160 nonzeros


Root relaxation: objective 8.333333e-02, 120 iterations, 0.00 seconds (0.00 work units)

    Nodes    |    Current Node    |     Objective Bounds      |     Work
 Expl Unexpl |  Obj  Depth IntInf | Incumbent    BestBd   Gap | It/Node Time

     0     0    0.08333    0   50   -0.00000    0.08333      -     -    0s
H    0     0                       0.0000000    0.08333      -     -    0s
     0     0    0.08333    0   57    0.00000    0.08333      -     -    0s
     0     0    0.08333    0   64    0.00000    0.08333      -     -    0s
     0     0    0.08333    0   61    0.00000    0.08333      -     -    0s
     0     0    0.08333    0   40    0.00000    0.08333      -     -    0s
     0     0    0.08333    0   50    0.00000    0.08333      -     -    0s
     0     0    0.08333    0   52    0.00000    0.08333      -     -    0s
     0     0    0.08333    0   51    0.00000    0.08333      -     -    0s
     0     0    0.08224    0   51    0.00000    0.08224      -     -    0s
     0     0    0.08224    0   51    0.00000    0.08224      -     -    0s
     0     2    0.08224    0   51    0.00000    0.08224      -     -    0s
H  117   136                       0.0000001    0.08224      -  27.3    0s
H  129   136                       0.0000002    0.08224      -  25.7    0s
H  243   271                       0.0000002    0.08224      -  27.6    0s
*  813   740              88       0.0000003    0.08224      -  25.3    0s
*  814   740              88       0.0000003    0.08224      -  25.3    0s
H  960   794                       0.0000005    0.08224      -  24.8    0s
H 1795  1191                       0.0028901    0.06319  2087%  23.8    1s
* 1808  1139              86       0.0028925    0.06319  2085%  23.6    1s
H 1850  1064                       0.0028925    0.05987  1970%  23.3    1s
H 2812  1479                       0.0028930    0.05292  1729%  26.2    2s
H 3832  1704                       0.0056253    0.05046   797%  27.4    2s
H 4534  2094                       0.0059993    0.04976   729%  28.0    2s
H 4677  2171                       0.0059993    0.04976   729%  28.2    2s
H 5714  2626                       0.0060162    0.04919   718%  29.1    3s
 11896  5242    0.00941   31   49    0.00602    0.04618   668%  33.8    5s
H15147  6427                       0.0062471    0.04511   622%  35.0    6s
H15203  6576                       0.0062471    0.04511   622%  35.0    6s
 26630 11393    0.02638   32   60    0.00625    0.04292   587%  36.9   10s
H28169 11766                       0.0067565    0.04264   531%  37.3   10s
 42768 17531    0.01207   39   56    0.00676    0.04099   507%  38.1   15s
 61926 25269    0.02132   36   55    0.00676    0.03979   489%  38.5   20s
 81361 32712    0.03685   27   61    0.00676    0.03885   475%  38.8   25s
 100921 40153    0.01815   35   60    0.00676    0.03812   464%  38.8   30s
 121124 47899    0.02312   31   57    0.00676    0.03748   455%  38.8   35s
 140953 55209     cutoff   36         0.00676    0.03697   447%  38.8   40s
*153516 57572              92       0.0075475    0.03664   385%  38.7   43s
*153523 57569              94       0.0075477    0.03664   385%  38.7   43s
*153524 57569              94       0.0075477    0.03664   385%  38.7   43s
 156909 58844    0.00853   41   57    0.00755    0.03655   384%  38.7   45s
H164700 60719                       0.0077973    0.03632   366%  38.7   46s
H165871 60953                       0.0077973    0.03629   365%  38.7   47s
 173071 63710    0.01368   42   57    0.00780    0.03612   363%  38.7   50s
 193247 70299     cutoff   35         0.00780    0.03564   357%  38.6   55s
 213212 76679 infeasible   46         0.00780    0.03525   352%  38.5   60s
 233604 83343     cutoff   35         0.00780    0.03486   347%  38.5   65s
 253670 89896    0.01634   37   52    0.00780    0.03447   342%  38.4   70s
 273509 96205    0.02531   41   55    0.00780    0.03414   338%  38.4   75s
 294304 102855     cutoff   42         0.00780    0.03382   334%  38.3   80s
 308690 107440    0.00983   40   26    0.00780    0.03359   331%  38.3   85s
H312676 107241                       0.0081106    0.03354   313%  38.3   85s
H312937 107408                       0.0081106    0.03353   313%  38.2   86s
H313971 107634                       0.0081106    0.03352   313%  38.2   86s
 326787 111409    0.02678   32   50    0.00811    0.03335   311%  38.2   90s
 347099 117798     cutoff   39         0.00811    0.03309   308%  38.2   95s
 367305 123638    0.00838   39   36    0.00811    0.03283   305%  38.2  100s
 387519 130120    0.00854   46   51    0.00811    0.03260   302%  38.2  105s
 407335 136284    0.02626   33   61    0.00811    0.03238   299%  38.2  110s
 427995 142172    0.01050   34   51    0.00811    0.03216   297%  38.1  115s
 448715 148217     cutoff   36         0.00811    0.03194   294%  38.1  120s
 465284 152994    0.02517   33   44    0.00811    0.03179   292%  38.0  125s
 485225 158682    0.00871   44   54    0.00811    0.03161   290%  38.0  130s
 505529 164484    0.01967   35   55    0.00811    0.03141   287%  38.0  135s
 525945 170214    0.01705   35   53    0.00811    0.03122   285%  38.0  140s
 545556 175642    0.01295   32   50    0.00811    0.03104   283%  37.9  145s
 565857 181081    0.01018   46   52    0.00811    0.03087   281%  37.9  150s
 585912 186643 infeasible   45         0.00811    0.03072   279%  37.9  155s
 605312 191875     cutoff   48         0.00811    0.03057   277%  37.9  160s
 622127 196442    0.01797   40   50    0.00811    0.03046   276%  37.9  165s
 642376 202002     cutoff   38         0.00811    0.03031   274%  37.9  170s
 662604 207240     cutoff   40         0.00811    0.03017   272%  37.8  175s
 682908 213130    0.02592   35   50    0.00811    0.03002   270%  37.8  180s
 702890 218496    0.02383   34   55    0.00811    0.02987   268%  37.8  185s
H704735 218489                       0.0081561    0.02986   266%  37.8  185s
H704890 218633                       0.0081561    0.02986   266%  37.8  185s
H705354 218775                       0.0081561    0.02986   266%  37.8  185s
 720848 223202    0.01599   38   56    0.00816    0.02975   265%  37.8  190s
 741333 228594    0.00854   38   51    0.00816    0.02961   263%  37.8  195s
 761637 234145    0.00927   35   45    0.00816    0.02950   262%  37.8  200s
 779853 238957    0.01219   33   52    0.00816    0.02938   260%  37.8  205s
 796534 243160    0.01432   35   58    0.00816    0.02928   259%  37.7  210s
 817119 248510    0.00870   34   45    0.00816    0.02916   257%  37.7  215s
H831197 242912                       0.0088575    0.02908   228%  37.7  218s
H831253 242989                       0.0088575    0.02908   228%  37.7  218s
H831792 243096                       0.0088576    0.02907   228%  37.7  218s
 834559 243779    0.01954   35   59    0.00886    0.02906   228%  37.7  220s
 855136 248652    0.01303   36   51    0.00886    0.02893   227%  37.7  225s
 875274 253520    0.02579   35   54    0.00886    0.02882   225%  37.7  230s
 895845 258413    0.01059   37   50    0.00886    0.02870   224%  37.6  235s
 915760 263258    0.01047   38   45    0.00886    0.02859   223%  37.6  240s
 936600 268196    0.00908   41   52    0.00886    0.02848   222%  37.6  245s
 956867 273046    0.01368   38   49    0.00886    0.02837   220%  37.6  250s
 975391 277419    0.01071   40   48    0.00886    0.02827   219%  37.6  255s
 990482 280978    0.01347   34   50    0.00886    0.02820   218%  37.6  260s
 1009685 285422     cutoff   45         0.00886    0.02810   217%  37.5  265s
 1028029 289590     cutoff   39         0.00886    0.02800   216%  37.5  270s
 1047072 293974    0.01851   42   51    0.00886    0.02791   215%  37.5  275s
 1066485 298472    0.00921   37   53    0.00886    0.02783   214%  37.4  280s
 1086184 302675    0.01078   38   52    0.00886    0.02774   213%  37.4  285s
 1106183 307786    0.01277   39   57    0.00886    0.02765   212%  37.4  290s
 1126264 312381    0.00928   41   54    0.00886    0.02756   211%  37.4  295s
 1147130 317055     cutoff   36         0.00886    0.02748   210%  37.3  300s

Cutting planes:
  Gomory: 11
  Lift-and-project: 7
  Implied bound: 4
  MIR: 9
  Flow cover: 13
  Inf proof: 2
  RLT: 61
  Relax-and-lift: 5
  BQP: 27

Explored 1159238 nodes (43276611 simplex iterations) in 303.71 seconds (334.74 work units)
Thread count was 4 (of 4 available processors)

Solution count 10: 0.00885755 0.00815613 0.00811057 ... 0.00601618

Optimization achieved user objective limit
Best objective 8.857549566653e-03, best bound 2.742492899845e-02, gap 209.6221%
{"verdict": "PROVED", "status": "BOUND_REACHED", "runtime": 303.71339988708496, "objval": 0.008857549566653482, "objbound": 0.02742492899844792, "binaries": 46}
