Set parameter NodefileStart to value 6
Read parameters from file gurobi.env
Restricted license - for non-production use only - expires 2027-11-29
Set parameter OutputFlag to value 1
Set parameter Threads to value 4
Set parameter TimeLimit to value 360
Set parameter MIPGap to value 5e-05
Set parameter MIPFocus to value 2
Set parameter NonConvex to value 2
Set parameter BestBdStop to value 2.7426211734693878e-02
Gurobi Optimizer version 13.0.3 build v13.0.3rc0 (linux64 - "Ubuntu 24.04.5 LTS")

CPU model: AMD EPYC 7763 64-Core Processor, instruction set [SSE2|AVX|AVX2]
Thread count: 2 physical cores, 4 logical processors, using up to 4 threads

Non-default parameters:
TimeLimit  360
BestBdStop  2.7426211734693878e-02
MIPGap  5e-05
MIPFocus  2
NodefileStart  6
NonConvex  2
Threads  4

Optimize a model with 141 rows, 111 columns and 810 nonzeros (Max)
Model fingerprint: 0xa4df3605
Model has 1 linear objective coefficients
Model has 50 quadratic constraints
Variable types: 65 continuous, 46 integer (46 binary)
Coefficient statistics:
  Matrix range     [5e-01, 1e+00]
  QMatrix range    [1e+00, 1e+00]
  QLMatrix range   [1e+00, 1e+00]
  Objective range  [1e+00, 1e+00]
  Bounds range     [5e-01, 1e+00]
  RHS range        [1e+00, 1e+00]

Found heuristic solution: objective -0.0000000
Presolve time: 0.00s
Presolved: 341 rows, 112 columns, 1210 nonzeros
Presolved model has 50 bilinear constraint(s)

Solving non-convex MIQCP to global optimality

Variable types: 66 continuous, 46 integer (46 binary)
Root relaxation presolve removed 50 rows and 1 columns
Root relaxation presolved: 291 rows, 111 columns, 1160 nonzeros


Root relaxation: objective 8.333333e-02, 126 iterations, 0.00 seconds (0.00 work units)

    Nodes    |    Current Node    |     Objective Bounds      |     Work
 Expl Unexpl |  Obj  Depth IntInf | Incumbent    BestBd   Gap | It/Node Time

     0     0    0.08333    0   46   -0.00000    0.08333      -     -    0s
     0     0    0.08333    0   57   -0.00000    0.08333      -     -    0s
     0     0    0.08333    0   53   -0.00000    0.08333      -     -    0s
     0     0    0.08333    0   52   -0.00000    0.08333      -     -    0s
     0     0    0.07116    0   38   -0.00000    0.07116      -     -    0s
     0     0    0.06912    0   48   -0.00000    0.06912      -     -    0s
     0     0    0.06906    0   50   -0.00000    0.06906      -     -    0s
     0     0    0.06849    0   46   -0.00000    0.06849      -     -    0s
     0     0    0.06848    0   46   -0.00000    0.06848      -     -    0s
H    0     0                       0.0000000    0.06848      -     -    0s
     0     2    0.06848    0   46    0.00000    0.06848      -     -    0s
*  805   709             111       0.0000002    0.06848      -  27.2    0s
H 1247   951                       0.0000003    0.06848      -  29.6    1s
H 1312   953                       0.0000003    0.06848      -  30.7    1s
H 2027  1269                       0.0000004    0.06848      -  25.7    2s
H 6989  4424                       0.0000006    0.05009      -  22.2    3s
H 7083  4405                       0.0000006    0.04988      -  22.3    3s
 13388  8787    0.00644   40   50    0.00000    0.04341      -  22.1    5s
 32172 21588    0.00000   67   19    0.00000    0.03623      -  21.5   10s
 49953 34519    0.00001   78   37    0.00000    0.03378      -  21.4   15s
 71792 50023    0.00001   59   27    0.00000    0.03195      -  21.3   20s
 93146 64602    0.00583   38   53    0.00000    0.03062      -  21.2   25s
 111721 77164    0.00003   58   24    0.00000    0.02964      -  21.3   30s
 132107 90452    0.00000   69   18    0.00000    0.02864      -  21.4   35s
 153022 104180    0.00007   60   52    0.00000    0.02745      -  21.4   40s

Cutting planes:
  Gomory: 6
  Implied bound: 24
  MIR: 3
  Flow cover: 31
  Inf proof: 1
  RLT: 79
  Relax-and-lift: 7
  BQP: 33

Explored 153546 nodes (3286830 simplex iterations) in 40.33 seconds (41.17 work units)
Thread count was 4 (of 4 available processors)

Solution count 8: 6.10219e-07 5.5022e-07 3.82807e-07 ... -0

Optimization achieved user objective limit
Best objective 6.102192027513e-07, best bound 2.742034231528e-02, gap -
{"verdict": "PROVED", "status": "BOUND_REACHED", "runtime": 40.33649277687073, "objval": 6.102192027512833e-07, "objbound": 0.027420342315277284, "binaries": 46}
