Set parameter NodefileStart to value 6
Read parameters from file gurobi.env
Restricted license - for non-production use only - expires 2027-11-29
Set parameter OutputFlag to value 1
Set parameter Threads to value 4
Set parameter TimeLimit to value 360
Set parameter MIPGap to value 5e-05
Set parameter MIPFocus to value 2
Set parameter NonConvex to value 2
Set parameter BestBdStop to value 2.7426211734693878e-02
Gurobi Optimizer version 13.0.3 build v13.0.3rc0 (linux64 - "Ubuntu 24.04.5 LTS")

CPU model: AMD EPYC 7763 64-Core Processor, instruction set [SSE2|AVX|AVX2]
Thread count: 2 physical cores, 4 logical processors, using up to 4 threads

Non-default parameters:
TimeLimit  360
BestBdStop  2.7426211734693878e-02
MIPGap  5e-05
MIPFocus  2
NodefileStart  6
NonConvex  2
Threads  4

Optimize a model with 129 rows, 99 columns and 714 nonzeros (Max)
Model fingerprint: 0xfc7c21fe
Model has 1 linear objective coefficients
Model has 50 quadratic constraints
Variable types: 65 continuous, 34 integer (34 binary)
Coefficient statistics:
  Matrix range     [5e-01, 1e+00]
  QMatrix range    [1e+00, 1e+00]
  QLMatrix range   [1e+00, 1e+00]
  Objective range  [1e+00, 1e+00]
  Bounds range     [5e-01, 1e+00]
  RHS range        [1e+00, 1e+00]

Found heuristic solution: objective -0.0000000
Presolve time: 0.00s
Presolved: 329 rows, 100 columns, 1114 nonzeros
Presolved model has 50 bilinear constraint(s)

Solving non-convex MIQCP to global optimality

Variable types: 66 continuous, 34 integer (34 binary)
Root relaxation presolve removed 50 rows and 1 columns
Root relaxation presolved: 279 rows, 99 columns, 1064 nonzeros


Root relaxation: objective 7.500000e-02, 137 iterations, 0.00 seconds (0.00 work units)

    Nodes    |    Current Node    |     Objective Bounds      |     Work
 Expl Unexpl |  Obj  Depth IntInf | Incumbent    BestBd   Gap | It/Node Time

     0     0    0.07500    0   51   -0.00000    0.07500      -     -    0s
     0     0    0.06481    0   61   -0.00000    0.06481      -     -    0s
     0     0    0.05769    0   55   -0.00000    0.05769      -     -    0s
     0     0    0.05769    0   56   -0.00000    0.05769      -     -    0s
     0     0    0.05556    0   55   -0.00000    0.05556      -     -    0s
     0     0    0.05357    0   48   -0.00000    0.05357      -     -    0s
     0     0    0.05357    0   51   -0.00000    0.05357      -     -    0s
     0     0    0.05357    0   51   -0.00000    0.05357      -     -    0s
     0     0    0.05357    0   58   -0.00000    0.05357      -     -    0s
     0     0    0.05357    0   58   -0.00000    0.05357      -     -    0s
     0     0    0.05357    0   58   -0.00000    0.05357      -     -    0s
     0     0    0.05357    0   50   -0.00000    0.05357      -     -    0s
     0     0    0.05357    0   51   -0.00000    0.05357      -     -    0s
     0     0    0.05357    0   53   -0.00000    0.05357      -     -    0s
     0     0    0.05357    0   53   -0.00000    0.05357      -     -    0s
     0     2    0.05357    0   53   -0.00000    0.05357      -     -    0s
*  476   483              71       0.0000000    0.05357      -  27.3    0s
*  480   483              73       0.0000001    0.05357      -  27.0    0s
*  482   483              73       0.0000001    0.05357      -  26.9    0s
*  546   556              84       0.0000001    0.05357      -  26.7    0s
*  908   812              98       0.0000001    0.05357      -  26.6    1s
H 1091   960                       0.0000002    0.05357      -  26.4    1s

Cutting planes:
  Gomory: 1
  RLT: 26
  BQP: 4

Explored 1554 nodes (44344 simplex iterations) in 2.00 seconds (1.22 work units)
Thread count was 4 (of 4 available processors)

Solution count 7: 2.44361e-07 1.13682e-07 1.07715e-07 ... -0

Optimization achieved user objective limit
Best objective 2.443609323742e-07, best bound 2.444926250204e-02, gap -
{"verdict": "PROVED", "status": "BOUND_REACHED", "runtime": 1.998764991760254, "objval": 2.443609323742047e-07, "objbound": 0.024449262502043965, "binaries": 34}
