Set parameter NodefileStart to value 6
Read parameters from file gurobi.env
Restricted license - for non-production use only - expires 2027-11-29
Set parameter OutputFlag to value 1
Set parameter Threads to value 4
Set parameter TimeLimit to value 360
Set parameter MIPGap to value 5e-05
Set parameter MIPFocus to value 2
Set parameter NonConvex to value 2
Set parameter BestBdStop to value 2.7426211734693878e-02
Gurobi Optimizer version 13.0.3 build v13.0.3rc0 (linux64 - "Ubuntu 24.04.5 LTS")

CPU model: AMD EPYC 7763 64-Core Processor, instruction set [SSE2|AVX|AVX2]
Thread count: 2 physical cores, 4 logical processors, using up to 4 threads

Non-default parameters:
TimeLimit  360
BestBdStop  2.7426211734693878e-02
MIPGap  5e-05
MIPFocus  2
NodefileStart  6
NonConvex  2
Threads  4

Optimize a model with 141 rows, 111 columns and 810 nonzeros (Max)
Model fingerprint: 0xe7b0364a
Model has 1 linear objective coefficients
Model has 50 quadratic constraints
Variable types: 65 continuous, 46 integer (46 binary)
Coefficient statistics:
  Matrix range     [5e-01, 1e+00]
  QMatrix range    [1e+00, 1e+00]
  QLMatrix range   [1e+00, 1e+00]
  Objective range  [1e+00, 1e+00]
  Bounds range     [5e-01, 1e+00]
  RHS range        [1e+00, 1e+00]

Found heuristic solution: objective -0.0000000
Presolve time: 0.00s
Presolved: 341 rows, 112 columns, 1210 nonzeros
Presolved model has 50 bilinear constraint(s)

Solving non-convex MIQCP to global optimality

Variable types: 66 continuous, 46 integer (46 binary)
Root relaxation presolve removed 50 rows and 1 columns
Root relaxation presolved: 291 rows, 111 columns, 1160 nonzeros


Root relaxation: objective 8.333333e-02, 111 iterations, 0.00 seconds (0.00 work units)

    Nodes    |    Current Node    |     Objective Bounds      |     Work
 Expl Unexpl |  Obj  Depth IntInf | Incumbent    BestBd   Gap | It/Node Time

     0     0    0.08333    0   52   -0.00000    0.08333      -     -    0s
     0     0    0.08333    0   58   -0.00000    0.08333      -     -    0s
     0     0    0.08333    0   49   -0.00000    0.08333      -     -    0s
     0     0    0.08333    0   43   -0.00000    0.08333      -     -    0s
H    0     0                       0.0000000    0.08333      -     -    0s
H    0     0                       0.0000000    0.08333      -     -    0s
     0     0    0.07692    0   42    0.00000    0.07692      -     -    0s
     0     0    0.07143    0   42    0.00000    0.07143      -     -    0s
     0     0    0.07143    0   42    0.00000    0.07143      -     -    0s
     0     0    0.07143    0   42    0.00000    0.07143      -     -    0s
     0     2    0.07143    0   42    0.00000    0.07143      -     -    0s
*  482   449              67       0.0000001    0.07143      -  16.3    0s
*  565   525              78       0.0000002    0.07143      -  17.0    0s
*  566   525              78       0.0000002    0.07143      -  17.0    0s
H 1151   944                       0.0000002    0.07143      -  18.7    1s
* 1892  1411             115       0.0000004    0.07011      -  18.1    1s
H 1994  1356                       0.0000015    0.07011      -  17.2    1s
* 1998  1312             130       0.0000018    0.07011      -  17.2    1s
* 2002  1266             130       0.0000020    0.07011      -  17.2    1s
 14429 10422    0.00894   43   50    0.00000    0.05029      -  19.0    5s
 30470 21718    0.00411   46   43    0.00000    0.04672      -  19.2   10s
 51754 37226    0.00007   77   50    0.00000    0.04532      -  20.0   15s
 74872 53341    0.03290   34   53    0.00000    0.04459      -  20.1   20s
 97742 69577    0.00000  102   36    0.00000    0.04426      -  20.1   25s
 121312 86889    0.00583   47   50    0.00000    0.04391      -  20.0   30s
 145249 104246    0.00496   49   51    0.00000    0.04328      -  20.2   35s
 163177 116464     cutoff   69         0.00000    0.04296      -  20.2   40s
 170841 122115    0.04166   30   53    0.00000    0.04289      -  20.3   45s
 196110 139808    0.00074   56   42    0.00000    0.04267      -  20.2   50s
 220448 156157    0.00171   50   53    0.00000    0.04244      -  20.0   55s
 244011 172555    0.00381   64   46    0.00000    0.04218      -  20.0   60s
 266680 188359    0.00597   51   50    0.00000    0.04201      -  19.8   65s
 288673 204349    0.00080   52   53    0.00000    0.04178      -  19.8   70s
 312633 221317    0.01651   47   51    0.00000    0.04161      -  19.8   75s
 335821 237193    0.02878   38   51    0.00000    0.04154      -  19.9   80s
 362058 255115    0.00001  116   41    0.00000    0.04133      -  19.9   85s
 385728 271579    0.00032   57   58    0.00000    0.04120      -  19.9   90s
 407417 286773    0.00040   57   51    0.00000    0.04106      -  19.9   95s
 433968 305446    0.03718   36   56    0.00000    0.04106      -  19.7  101s
 454629 319772    0.01097   46   50    0.00000    0.04104      -  19.6  105s
 478498 336307    0.00587   45   50    0.00000    0.04096      -  19.6  110s
 503213 353586    0.00001  109   43    0.00000    0.04086      -  19.6  115s
 529151 371596    0.00219   67   52    0.00000    0.04076      -  19.6  120s
 553527 388436    0.00001  115   40    0.00000    0.04067      -  19.6  125s
 577854 405124    0.00025   80   50    0.00000    0.04058      -  19.6  130s
 602563 421491    0.03049   36   54    0.00000    0.04050      -  19.6  135s
 627887 438836    0.00245   47   50    0.00000    0.04042      -  19.6  140s
 646712 451089    0.00036   75   51    0.00000    0.04036      -  19.6  145s
 653508 455984    0.00078   53   50    0.00000    0.04032      -  19.6  150s
 677830 472149    0.00001   88   48    0.00000    0.04023      -  19.5  155s
 701031 488359    0.02988   34   51    0.00000    0.04015      -  19.5  160s
 725802 504693    0.01139   40   50    0.00000    0.04005      -  19.5  165s
 751842 522304    0.00172   53   54    0.00000    0.03997      -  19.5  170s
 774932 538283    0.00562   49   45    0.00000    0.03990      -  19.5  175s
 798892 554499    0.02325   35   44    0.00000    0.03985      -  19.6  180s
 823459 572024    0.00258   45   51    0.00000    0.03981      -  19.5  185s
 848666 588583    0.00644   51   51    0.00000    0.03975      -  19.5  190s
 873879 605557    0.00805   51   52    0.00000    0.03968      -  19.5  195s
 895965 620203    0.00090   58   50    0.00000    0.03962      -  19.5  200s
 914521 632766    0.00640   59   54    0.00000    0.03957      -  19.5  205s
 941070 650165    0.00860   56   51    0.00000    0.03949      -  19.5  210s
 962346 664922    0.00711   44   50    0.00000    0.03944      -  19.5  215s
 987434 682252    0.00215   57   44    0.00000    0.03939      -  19.4  220s
 1012509 699851    0.02080   52   51    0.00000    0.03935      -  19.4  225s
 1039719 719436    0.00000   74   39    0.00000    0.03932      -  19.4  230s
 1064359 735847    0.01124   57   50    0.00000    0.03930      -  19.4  235s
 1088514 751666    0.01026   45   53    0.00000    0.03928      -  19.4  240s
 1112769 767033    0.02261   39   54    0.00000    0.03925      -  19.4  245s
 1137361 783346    0.00931   50   50    0.00000    0.03923      -  19.4  250s
 1151532 792737    0.01988   39   57    0.00000    0.03921      -  19.4  255s
 1175813 808022    0.03094   39   52    0.00000    0.03918      -  19.4  260s
 1200281 824579    0.00002  108   44    0.00000    0.03915      -  19.3  265s
 1225683 842444    0.00025   55   50    0.00000    0.03913      -  19.3  270s
 1252357 859549    0.02069   46   51    0.00000    0.03909      -  19.3  275s
 1276750 875495    0.00016   92   53    0.00000    0.03906      -  19.3  280s
 1301569 892643    0.00124   61   54    0.00000    0.03901      -  19.3  285s
 1325965 908923    0.03789   40   50    0.00000    0.03898      -  19.3  290s
 1350126 925604    0.00001   75   43    0.00000    0.03894      -  19.3  295s
 1374843 942015    0.01563   46   53    0.00000    0.03890      -  19.3  300s
 1399115 958416    0.00000   90   43    0.00000    0.03887      -  19.3  305s
 1424933 975759    0.00356   56   51    0.00000    0.03882      -  19.3  310s
 1442377 987058    0.00001   79   50    0.00000    0.03879      -  19.3  315s
 1467176 1003854    0.01807   52   53    0.00000    0.03875      -  19.2  320s
 1493760 1022220    0.01610   46   51    0.00000    0.03871      -  19.2  325s
 1518149 1038362    0.00339   67   50    0.00000    0.03867      -  19.2  330s
 1542383 1054337    0.00004   72   37    0.00000    0.03863      -  19.2  335s
 1567149 1070263    0.01923   37   53    0.00000    0.03858      -  19.2  340s
 1592204 1086691    0.02438   42   51    0.00000    0.03856      -  19.2  345s
 1617739 1103897    0.00028   84   43    0.00000    0.03853      -  19.2  350s
 1642378 1120430    0.00436   58   51    0.00000    0.03849      -  19.2  355s
 1666367 1136316    0.02906   40   53    0.00000    0.03846      -  19.2  360s

Cutting planes:
  Gomory: 5
  Implied bound: 19
  MIR: 2
  Flow cover: 42
  Inf proof: 5
  RLT: 70
  Relax-and-lift: 6
  BQP: 24

Explored 1666378 nodes (32038496 simplex iterations) in 360.00 seconds (384.46 work units)
Thread count was 4 (of 4 available processors)

Solution count 10: 1.96006e-06 1.47516e-06 3.83617e-07 ... -0

Time limit reached
Best objective 1.960059238085e-06, best bound 3.846076107772e-02, gap 1962124.4231%
{"verdict": "UNRESOLVED", "status": "TIME_LIMIT", "runtime": 360.00197410583496, "objval": 1.9600592380854265e-06, "objbound": 0.03846076107771624, "binaries": 46}
