Set parameter NodefileStart to value 6
Read parameters from file gurobi.env
Restricted license - for non-production use only - expires 2027-11-29
Set parameter OutputFlag to value 1
Set parameter Threads to value 4
Set parameter TimeLimit to value 360
Set parameter MIPGap to value 5e-05
Set parameter MIPFocus to value 2
Set parameter NonConvex to value 2
Set parameter BestBdStop to value 2.7426211734693878e-02
Gurobi Optimizer version 13.0.3 build v13.0.3rc0 (linux64 - "Ubuntu 24.04.5 LTS")

CPU model: INTEL(R) XEON(R) PLATINUM 8573C, instruction set [SSE2|AVX|AVX2|AVX512]
Thread count: 2 physical cores, 4 logical processors, using up to 4 threads

Non-default parameters:
TimeLimit  360
BestBdStop  2.7426211734693878e-02
MIPGap  5e-05
MIPFocus  2
NodefileStart  6
NonConvex  2
Threads  4

Optimize a model with 145 rows, 115 columns and 846 nonzeros (Max)
Model fingerprint: 0x7236225e
Model has 1 linear objective coefficients
Model has 50 quadratic constraints
Variable types: 65 continuous, 50 integer (50 binary)
Coefficient statistics:
  Matrix range     [5e-01, 1e+00]
  QMatrix range    [1e+00, 1e+00]
  QLMatrix range   [1e+00, 1e+00]
  Objective range  [1e+00, 1e+00]
  Bounds range     [5e-01, 1e+00]
  RHS range        [1e+00, 1e+00]

Found heuristic solution: objective -0.0000000
Presolve time: 0.00s
Presolved: 345 rows, 116 columns, 1246 nonzeros
Presolved model has 50 bilinear constraint(s)

Solving non-convex MIQCP to global optimality

Variable types: 66 continuous, 50 integer (50 binary)
Root relaxation presolve removed 50 rows and 1 columns
Root relaxation presolved: 295 rows, 115 columns, 1196 nonzeros


Root relaxation: objective 8.333333e-02, 112 iterations, 0.00 seconds (0.00 work units)

    Nodes    |    Current Node    |     Objective Bounds      |     Work
 Expl Unexpl |  Obj  Depth IntInf | Incumbent    BestBd   Gap | It/Node Time

     0     0    0.08333    0   49   -0.00000    0.08333      -     -    0s
     0     0    0.06329    0   62   -0.00000    0.06329      -     -    0s
     0     0    0.06329    0   63   -0.00000    0.06329      -     -    0s
     0     0    0.05000    0   64   -0.00000    0.05000      -     -    0s
H    0     0                       0.0000000    0.05000      -     -    0s
H    0     0                       0.0000000    0.05000      -     -    0s
     0     0    0.05000    0   73    0.00000    0.05000      -     -    0s
     0     0    0.05000    0   62    0.00000    0.05000      -     -    0s
     0     0    0.05000    0   56    0.00000    0.05000      -     -    0s
     0     0    0.05000    0   65    0.00000    0.05000      -     -    0s
     0     0    0.05000    0   45    0.00000    0.05000      -     -    0s
     0     0    0.05000    0   47    0.00000    0.05000      -     -    0s
     0     0    0.05000    0   50    0.00000    0.05000      -     -    0s
     0     0    0.05000    0   52    0.00000    0.05000      -     -    0s
     0     0    0.05000    0   57    0.00000    0.05000      -     -    0s
     0     0    0.05000    0   57    0.00000    0.05000      -     -    0s
     0     2    0.05000    0   57    0.00000    0.05000      -     -    0s
*  281   260              38       0.0000000    0.05000      -  30.1    1s
*  282   260              39       0.0000000    0.05000      -  30.0    1s
*  577   474              89       0.0000001    0.05000      -  28.1    1s
H  705   564                       0.0000001    0.05000      -  28.9    1s
H  758   646                       0.0000002    0.05000      -  29.3    1s
H  814   642                       0.0000002    0.05000      -  28.9    1s
H  851   670                       0.0000003    0.05000      -  28.6    1s
H 1093   885                       0.0000003    0.05000      -  29.3    1s
H 1119   922                       0.0000003    0.05000      -  29.2    1s
H 1130   918                       0.0000004    0.05000      -  29.5    1s
H 1164   877                       0.0000004    0.05000      -  29.9    1s

Cutting planes:
  Gomory: 7
  Implied bound: 2
  MIR: 2
  Flow cover: 3
  RLT: 42
  Relax-and-lift: 1
  BQP: 10

Explored 1172 nodes (36873 simplex iterations) in 2.00 seconds (0.91 work units)
Thread count was 4 (of 4 available processors)

Solution count 10: 4.13908e-07 3.82613e-07 2.53633e-07 ... 3.6127e-09

Optimization achieved user objective limit
Best objective 4.139082061122e-07, best bound 2.703469892779e-02, gap -
{"verdict": "PROVED", "status": "BOUND_REACHED", "runtime": 1.9992389678955078, "objval": 4.1390820611220135e-07, "objbound": 0.02703469892779282, "binaries": 50}
