Set parameter NodefileStart to value 6
Read parameters from file gurobi.env
Restricted license - for non-production use only - expires 2027-11-29
Set parameter OutputFlag to value 1
Set parameter Threads to value 4
Set parameter TimeLimit to value 360
Set parameter MIPGap to value 5e-05
Set parameter MIPFocus to value 2
Set parameter NonConvex to value 2
Set parameter BestBdStop to value 2.7426211734693878e-02
Gurobi Optimizer version 13.0.3 build v13.0.3rc0 (linux64 - "Ubuntu 24.04.5 LTS")

CPU model: AMD EPYC 7763 64-Core Processor, instruction set [SSE2|AVX|AVX2]
Thread count: 2 physical cores, 4 logical processors, using up to 4 threads

Non-default parameters:
TimeLimit  360
BestBdStop  2.7426211734693878e-02
MIPGap  5e-05
MIPFocus  2
NodefileStart  6
NonConvex  2
Threads  4

Optimize a model with 133 rows, 103 columns and 742 nonzeros (Max)
Model fingerprint: 0x7e7ec08e
Model has 1 linear objective coefficients
Model has 50 quadratic constraints
Variable types: 65 continuous, 38 integer (38 binary)
Coefficient statistics:
  Matrix range     [5e-01, 1e+00]
  QMatrix range    [1e+00, 1e+00]
  QLMatrix range   [1e+00, 1e+00]
  Objective range  [1e+00, 1e+00]
  Bounds range     [5e-01, 1e+00]
  RHS range        [1e+00, 1e+00]

Found heuristic solution: objective -0.0000000
Presolve time: 0.00s
Presolved: 333 rows, 104 columns, 1142 nonzeros
Presolved model has 50 bilinear constraint(s)

Solving non-convex MIQCP to global optimality

Variable types: 66 continuous, 38 integer (38 binary)
Root relaxation presolve removed 50 rows and 1 columns
Root relaxation presolved: 283 rows, 103 columns, 1092 nonzeros


Root relaxation: objective 1.250000e-01, 122 iterations, 0.00 seconds (0.00 work units)

    Nodes    |    Current Node    |     Objective Bounds      |     Work
 Expl Unexpl |  Obj  Depth IntInf | Incumbent    BestBd   Gap | It/Node Time

     0     0    0.12500    0   50   -0.00000    0.12500      -     -    0s
     0     0    0.10000    0   57   -0.00000    0.10000      -     -    0s
     0     0    0.10000    0   47   -0.00000    0.10000      -     -    0s
     0     0    0.10000    0   42   -0.00000    0.10000      -     -    0s
     0     0    0.10000    0   50   -0.00000    0.10000      -     -    0s
     0     0    0.10000    0   47   -0.00000    0.10000      -     -    0s
     0     0    0.10000    0   48   -0.00000    0.10000      -     -    0s
     0     0    0.10000    0   58   -0.00000    0.10000      -     -    0s
     0     0    0.10000    0   46   -0.00000    0.10000      -     -    0s
     0     0    0.10000    0   59   -0.00000    0.10000      -     -    0s
     0     0    0.09524    0   65   -0.00000    0.09524      -     -    0s
     0     0    0.09524    0   65   -0.00000    0.09524      -     -    0s
     0     0    0.09524    0   63   -0.00000    0.09524      -     -    0s
     0     0    0.09524    0   64   -0.00000    0.09524      -     -    0s
     0     0    0.09524    0   61   -0.00000    0.09524      -     -    0s
     0     0    0.09524    0   60   -0.00000    0.09524      -     -    0s
     0     0    0.09524    0   60   -0.00000    0.09524      -     -    0s
     0     0    0.09524    0   60   -0.00000    0.09524      -     -    0s
     0     0    0.09524    0   60   -0.00000    0.09524      -     -    0s
     0     0    0.09524    0   59   -0.00000    0.09524      -     -    0s
     0     2    0.09524    0   59   -0.00000    0.09524      -     -    0s
*  962   881             105       0.0000001    0.08824      -  20.0    0s
*  963   881             105       0.0000001    0.08824      -  20.0    0s
* 1001   956             104       0.0000001    0.08824      -  20.1    0s
* 1002   956             104       0.0000001    0.08824      -  20.1    0s
H 1187  1005                       0.0000003    0.08824      -  20.7    1s
* 1856  1297             105       0.0000006    0.04760      -  26.1    2s
* 1857  1247             105       0.0000006    0.04760      -  26.1    2s
* 1871  1197             105       0.0000006    0.04760      -  25.9    2s
H 7404  4268                       0.0000007    0.04649      -  29.1    3s
H 8493  4931                       0.0000008    0.04553      -  29.7    4s
 10069  6006     cutoff   42         0.00000    0.04385      -  29.2    5s
H14488  9235                       0.0000008    0.04068      -  28.6    6s
H25968 16220                       0.0000009    0.03682      -  28.9    9s
 28093 17801     cutoff   93         0.00000    0.03643      -  28.8   10s
H34065 21304                       0.0000010    0.03483      -  29.1   11s
 47330 29059    0.00249   32   50    0.00000    0.03204      -  28.7   15s
 67102 41866    0.00000   67   34    0.00000    0.03027      -  28.9   20s
 88088 54670    0.00562   27   50    0.00000    0.02853      -  28.9   25s
 109019 67755    0.00276   38   50    0.00000    0.02757      -  28.9   30s

Cutting planes:
  Gomory: 21
  Lift-and-project: 1
  Implied bound: 2
  MIR: 7
  Flow cover: 32
  RLT: 73
  Relax-and-lift: 4
  BQP: 10

Explored 111835 nodes (3220182 simplex iterations) in 30.51 seconds (29.69 work units)
Thread count was 4 (of 4 available processors)

Solution count 10: 9.84825e-07 8.65513e-07 8.38756e-07 ... 1.08249e-07

Optimization achieved user objective limit
Best objective 9.848246698765e-07, best bound 2.741078321646e-02, gap -
{"verdict": "PROVED", "status": "BOUND_REACHED", "runtime": 30.511322021484375, "objval": 9.848246698765386e-07, "objbound": 0.02741078321645966, "binaries": 38}
