Set parameter NodefileStart to value 6
Read parameters from file gurobi.env
Restricted license - for non-production use only - expires 2027-11-29
Set parameter OutputFlag to value 1
Set parameter Threads to value 4
Set parameter TimeLimit to value 360
Set parameter MIPGap to value 5e-05
Set parameter MIPFocus to value 2
Set parameter NonConvex to value 2
Set parameter BestBdStop to value 2.7426211734693878e-02
Gurobi Optimizer version 13.0.3 build v13.0.3rc0 (linux64 - "Ubuntu 24.04.5 LTS")

CPU model: AMD EPYC 9V45 96-Core Processor, instruction set [SSE2|AVX|AVX2|AVX512]
Thread count: 2 physical cores, 4 logical processors, using up to 4 threads

Non-default parameters:
TimeLimit  360
BestBdStop  2.7426211734693878e-02
MIPGap  5e-05
MIPFocus  2
NodefileStart  6
NonConvex  2
Threads  4

Optimize a model with 141 rows, 111 columns and 810 nonzeros (Max)
Model fingerprint: 0xdaa82d18
Model has 1 linear objective coefficients
Model has 50 quadratic constraints
Variable types: 65 continuous, 46 integer (46 binary)
Coefficient statistics:
  Matrix range     [5e-01, 1e+00]
  QMatrix range    [1e+00, 1e+00]
  QLMatrix range   [1e+00, 1e+00]
  Objective range  [1e+00, 1e+00]
  Bounds range     [5e-01, 1e+00]
  RHS range        [1e+00, 1e+00]

Found heuristic solution: objective -0.0000000
Presolve time: 0.00s
Presolved: 341 rows, 112 columns, 1210 nonzeros
Presolved model has 50 bilinear constraint(s)

Solving non-convex MIQCP to global optimality

Variable types: 66 continuous, 46 integer (46 binary)
Root relaxation presolve removed 50 rows and 1 columns
Root relaxation presolved: 291 rows, 111 columns, 1160 nonzeros


Root relaxation: objective 8.333333e-02, 127 iterations, 0.00 seconds (0.00 work units)

    Nodes    |    Current Node    |     Objective Bounds      |     Work
 Expl Unexpl |  Obj  Depth IntInf | Incumbent    BestBd   Gap | It/Node Time

     0     0    0.08333    0   56   -0.00000    0.08333      -     -    0s
     0     0    0.08333    0   66   -0.00000    0.08333      -     -    0s
     0     0    0.08333    0   51   -0.00000    0.08333      -     -    0s
     0     0    0.08333    0   43   -0.00000    0.08333      -     -    0s
     0     0    0.08333    0   36   -0.00000    0.08333      -     -    0s
     0     0    0.08333    0   57   -0.00000    0.08333      -     -    0s
     0     0    0.08333    0   57   -0.00000    0.08333      -     -    0s
     0     0    0.08333    0   61   -0.00000    0.08333      -     -    0s
     0     0    0.08333    0   57   -0.00000    0.08333      -     -    0s
     0     0    0.08333    0   57   -0.00000    0.08333      -     -    0s
     0     0    0.08333    0   57   -0.00000    0.08333      -     -    0s
     0     0    0.08333    0   44   -0.00000    0.08333      -     -    0s
H    0     0                       0.0000000    0.08333      -     -    0s
     0     2    0.08333    0   44    0.00000    0.08333      -     -    0s
*  885   821              81       0.0000001    0.07709      -  20.4    0s
* 1091   958              88       0.0000001    0.07609      -  20.2    0s
H 1143   912                       0.0000005    0.07500      -  20.4    0s
* 1809  1312              94       0.0000012    0.05440      -  21.5    0s
 25218 17628    0.00014   72   29    0.00000    0.04569      -  30.1    5s
 58130 40196    0.00235   48   44    0.00000    0.04367      -  29.7   10s
 89668 61914    0.00035   66   50    0.00000    0.04291      -  30.3   15s
 124192 85635    0.00006   60   50    0.00000    0.04242      -  29.6   20s
 156256 107688    0.00000   55   37    0.00000    0.04202      -  28.8   25s
 192537 131600    0.00230   39   52    0.00000    0.04158      -  28.3   30s
 226810 154305    0.00940   33   42    0.00000    0.04120      -  28.0   35s
 258861 174417    0.01072   44   52    0.00000    0.04091      -  28.3   40s
 289118 193389     cutoff   43         0.00000    0.04076      -  28.6   45s
 320296 212666    0.00092   61   50    0.00000    0.04066      -  28.9   50s
 353020 233203    0.03807   34   55    0.00000    0.04039      -  29.0   55s
 385801 253886    0.00012   43   39    0.00000    0.04017      -  29.0   60s
 413958 271852    0.00691   43   45    0.00000    0.04001      -  29.2   65s
 443589 290074    0.00012   37   45    0.00000    0.03982      -  29.3   70s
 474068 309588    0.00001   93   33    0.00000    0.03966      -  29.3   75s
 505088 329298     cutoff   51         0.00000    0.03950      -  29.4   80s
 535450 348449    0.00087   53   45    0.00000    0.03931      -  29.5   85s
 564268 365944    0.00871   44   50    0.00000    0.03914      -  29.6   90s
 593327 384408    0.00009   62   44    0.00000    0.03901      -  29.7   95s
 623458 402664    0.00012   65   50    0.00000    0.03886      -  29.8  100s
 653128 420473    0.00006   69   44    0.00000    0.03873      -  29.9  105s
 683772 438860    0.01280   36   51    0.00000    0.03857      -  30.0  110s
 711441 455611    0.00002   79   43    0.00000    0.03843      -  30.0  115s
 742545 474403    0.02191   35   51    0.00000    0.03828      -  30.0  120s
 772322 492212     cutoff   44         0.00000    0.03813      -  30.1  125s
 803494 511348    0.00759   44   46    0.00000    0.03802      -  30.2  130s
 831672 528792     cutoff   82         0.00000    0.03790      -  30.2  135s
 863235 547785    0.00843   39   44    0.00000    0.03778      -  30.2  140s
 894621 566122    0.00059   55   44    0.00000    0.03763      -  30.3  145s
 922972 583419     cutoff   38         0.00000    0.03751      -  30.3  150s
 951003 599598    0.00514   44   50    0.00000    0.03737      -  30.4  155s
 979604 616464     cutoff   37         0.00000    0.03725      -  30.4  160s
 1008511 635453    0.01737   35   51    0.00000    0.03713      -  30.4  165s
 1041618 653449    0.03696   33   61    0.00000    0.03699      -  30.4  170s
 1073670 672568    0.02103   33   53    0.00000    0.03688      -  30.4  175s
 1100146 688228    0.00001   73   42    0.00000    0.03678      -  30.4  180s
 1127093 704447    0.00058   44   35    0.00000    0.03669      -  30.4  185s
 1158104 722951    0.01404   41   51    0.00000    0.03657      -  30.5  190s
 1189599 741696    0.01955   35   54    0.00000    0.03647      -  30.5  195s
 1221309 760450    0.00717   42   50    0.00000    0.03637      -  30.5  200s
 1250703 778024     cutoff   45         0.00000    0.03629      -  30.5  205s
 1282070 796405    0.00008   46   37    0.00000    0.03619      -  30.6  210s
 1314125 815418    0.00467   40   51    0.00000    0.03610      -  30.6  215s
 1340622 831583    0.00128   30   43    0.00000    0.03601      -  30.6  220s
 1371126 849975    0.00629   34   51    0.00000    0.03591      -  30.6  225s
 1398848 866797 infeasible   63         0.00000    0.03584      -  30.6  230s
 1429122 884640    0.00004   64   49    0.00000    0.03576      -  30.6  235s
 1456936 900769     cutoff   65         0.00000    0.03567      -  30.6  240s
 1488802 920218     cutoff   62         0.00000    0.03559      -  30.6  245s
 1519894 938793    0.01432   41   51    0.00000    0.03550      -  30.6  250s
 1552321 957809    0.00023   57   51    0.00000    0.03541      -  30.6  255s
 1584329 976514    0.00264   43   54    0.00000    0.03531      -  30.6  260s
 1613101 993300    0.00011   48   53    0.00000    0.03523      -  30.7  265s
 1644809 1012282    0.00605   41   47    0.00000    0.03514      -  30.7  270s
 1677607 1031497    0.02899   34   55    0.00000    0.03504      -  30.7  275s
 1708897 1050298    0.00001   71   53    0.00000    0.03496      -  30.7  280s
 1740026 1068780     cutoff   35         0.00000    0.03488      -  30.7  285s
 1764220 1083178    0.00003   72   43    0.00000    0.03483      -  30.7  290s
 1794821 1101686    0.00024   51   43    0.00000    0.03476      -  30.8  295s
 1826098 1119206     cutoff   60         0.00000    0.03469      -  30.8  300s
 1857492 1137759    0.00002   63   52    0.00000    0.03462      -  30.7  305s
 1887686 1155805     cutoff   84         0.00000    0.03455      -  30.7  310s
 1918249 1174046    0.00171   38   32    0.00000    0.03449      -  30.8  315s
 1943483 1188379    0.02550   38   52    0.00000    0.03443      -  30.8  320s
 1972316 1205024    0.00075   54   54    0.00000    0.03436      -  30.8  325s
 2002409 1222355    0.01419   36   33    0.00000    0.03429      -  30.8  330s
 2032062 1239700     cutoff   48         0.00000    0.03421      -  30.8  335s
 2058785 1255910 infeasible   65         0.00000    0.03417      -  30.8  340s
 2090383 1274224    0.00014   35   43    0.00000    0.03410      -  30.9  345s
 2120162 1291765    0.00439   45   50    0.00000    0.03404      -  30.9  350s
 2151248 1310277    0.00002   68   53    0.00000    0.03397      -  30.9  355s
 2181337 1327919    0.03120   36   53    0.00000    0.03391      -  30.9  360s

Cutting planes:
  Gomory: 13
  Lift-and-project: 2
  Implied bound: 36
  MIR: 9
  Flow cover: 89
  Inf proof: 12
  RLT: 103
  Relax-and-lift: 38
  BQP: 27

Explored 2181603 nodes (67402718 simplex iterations) in 360.00 seconds (631.27 work units)
Thread count was 4 (of 4 available processors)

Solution count 6: 1.23076e-06 5.36584e-07 1.38411e-07 ... -0

Time limit reached
Best objective 1.230762564763e-06, best bound 3.391267643756e-02, gap 2755319.8843%
{"verdict": "UNRESOLVED", "status": "TIME_LIMIT", "runtime": 360.0020680427551, "objval": 1.2307625647627052e-06, "objbound": 0.03391267643755889, "binaries": 46}
