Set parameter NodefileStart to value 6
Read parameters from file gurobi.env
Restricted license - for non-production use only - expires 2027-11-29
Set parameter OutputFlag to value 1
Set parameter Threads to value 4
Set parameter TimeLimit to value 360
Set parameter MIPGap to value 5e-05
Set parameter MIPFocus to value 2
Set parameter NonConvex to value 2
Set parameter BestBdStop to value 2.7426211734693878e-02
Gurobi Optimizer version 13.0.3 build v13.0.3rc0 (linux64 - "Ubuntu 24.04.5 LTS")

CPU model: INTEL(R) XEON(R) PLATINUM 8573C, instruction set [SSE2|AVX|AVX2|AVX512]
Thread count: 2 physical cores, 4 logical processors, using up to 4 threads

Non-default parameters:
TimeLimit  360
BestBdStop  2.7426211734693878e-02
MIPGap  5e-05
MIPFocus  2
NodefileStart  6
NonConvex  2
Threads  4

Optimize a model with 149 rows, 119 columns and 871 nonzeros (Max)
Model fingerprint: 0x9122a77e
Model has 1 linear objective coefficients
Model has 50 quadratic constraints
Variable types: 65 continuous, 54 integer (54 binary)
Coefficient statistics:
  Matrix range     [5e-01, 1e+00]
  QMatrix range    [1e+00, 1e+00]
  QLMatrix range   [1e+00, 1e+00]
  Objective range  [1e+00, 1e+00]
  Bounds range     [5e-01, 1e+00]
  RHS range        [1e+00, 1e+00]

Found heuristic solution: objective -0.0000000
Presolve time: 0.00s
Presolved: 349 rows, 120 columns, 1271 nonzeros
Presolved model has 50 bilinear constraint(s)

Solving non-convex MIQCP to global optimality

Variable types: 66 continuous, 54 integer (54 binary)
Root relaxation presolve removed 50 rows and 1 columns
Root relaxation presolved: 299 rows, 119 columns, 1221 nonzeros


Root relaxation: objective 8.333333e-02, 143 iterations, 0.00 seconds (0.00 work units)

    Nodes    |    Current Node    |     Objective Bounds      |     Work
 Expl Unexpl |  Obj  Depth IntInf | Incumbent    BestBd   Gap | It/Node Time

     0     0    0.08333    0   48   -0.00000    0.08333      -     -    0s
     0     0    0.06250    0   54   -0.00000    0.06250      -     -    0s
     0     0    0.06250    0   55   -0.00000    0.06250      -     -    0s
     0     0    0.06250    0   60   -0.00000    0.06250      -     -    0s
     0     0    0.06250    0   51   -0.00000    0.06250      -     -    0s
     0     0    0.06250    0   59   -0.00000    0.06250      -     -    0s
     0     0    0.06250    0   58   -0.00000    0.06250      -     -    0s
     0     0    0.06250    0   56   -0.00000    0.06250      -     -    0s
     0     0    0.06250    0   55   -0.00000    0.06250      -     -    0s
     0     0    0.06250    0   56   -0.00000    0.06250      -     -    0s
     0     0    0.06250    0   52   -0.00000    0.06250      -     -    0s
     0     0    0.06250    0   57   -0.00000    0.06250      -     -    0s
     0     0    0.06250    0   57   -0.00000    0.06250      -     -    0s
     0     2    0.06250    0   57   -0.00000    0.06250      -     -    0s
H 1467  1083                       0.0016548    0.06250  3677%  25.7    1s
* 1525  1024              66       0.0018193    0.06250  3335%  25.1    1s
* 1531   978              69       0.0020009    0.06250  3024%  25.1    1s
* 1532   936              70       0.0020380    0.06250  2967%  25.0    1s
* 1533   895              70       0.0020384    0.06250  2966%  25.0    1s
H 2557  1343                       0.0020464    0.05687  2679%  27.3    2s
H 2787  1201                       0.0052704    0.05052   858%  26.7    2s
H 2926  1149                       0.0056055    0.05052   801%  26.3    2s
H 4036  1450                       0.0071045    0.04199   491%  27.4    2s
 11079  3994     cutoff   32         0.00710    0.03342   370%  28.9    5s
 28077  9108     cutoff   39         0.00710    0.02950   315%  32.5   10s
H35214 10934                       0.0071047    0.02840   300%  33.3   13s
 41798 12831    0.00993   25   54    0.00710    0.02778   291%  33.7   15s

Cutting planes:
  Gomory: 4
  Implied bound: 10
  MIR: 3
  Mixing: 1
  Flow cover: 15
  RLT: 66
  Relax-and-lift: 4
  BQP: 20

Explored 45710 nodes (1550281 simplex iterations) in 16.13 seconds (14.16 work units)
Thread count was 4 (of 4 available processors)

Solution count 10: 0.00710468 0.00710452 0.0056055 ... 0.0016548

Optimization achieved user objective limit
Best objective 7.104683570828e-03, best bound 2.740610553441e-02, gap 285.7470%
{"verdict": "PROVED", "status": "BOUND_REACHED", "runtime": 16.13071608543396, "objval": 0.0071046835708284475, "objbound": 0.027406105534414804, "binaries": 54}
