Set parameter NodefileStart to value 6
Read parameters from file gurobi.env
Restricted license - for non-production use only - expires 2027-11-29
Set parameter OutputFlag to value 1
Set parameter Threads to value 4
Set parameter TimeLimit to value 360
Set parameter MIPGap to value 5e-05
Set parameter MIPFocus to value 2
Set parameter NonConvex to value 2
Set parameter BestBdStop to value 2.7426211734693878e-02
Gurobi Optimizer version 13.0.3 build v13.0.3rc0 (linux64 - "Ubuntu 24.04.5 LTS")

CPU model: AMD EPYC 9V45 96-Core Processor, instruction set [SSE2|AVX|AVX2|AVX512]
Thread count: 2 physical cores, 4 logical processors, using up to 4 threads

Non-default parameters:
TimeLimit  360
BestBdStop  2.7426211734693878e-02
MIPGap  5e-05
MIPFocus  2
NodefileStart  6
NonConvex  2
Threads  4

Optimize a model with 129 rows, 99 columns and 714 nonzeros (Max)
Model fingerprint: 0x2cc63252
Model has 1 linear objective coefficients
Model has 50 quadratic constraints
Variable types: 65 continuous, 34 integer (34 binary)
Coefficient statistics:
  Matrix range     [5e-01, 1e+00]
  QMatrix range    [1e+00, 1e+00]
  QLMatrix range   [1e+00, 1e+00]
  Objective range  [1e+00, 1e+00]
  Bounds range     [5e-01, 1e+00]
  RHS range        [1e+00, 1e+00]

Found heuristic solution: objective -0.0000000
Presolve time: 0.00s
Presolved: 329 rows, 100 columns, 1114 nonzeros
Presolved model has 50 bilinear constraint(s)

Solving non-convex MIQCP to global optimality

Variable types: 66 continuous, 34 integer (34 binary)
Root relaxation presolve removed 50 rows and 1 columns
Root relaxation presolved: 279 rows, 99 columns, 1064 nonzeros


Root relaxation: objective 1.041667e-01, 136 iterations, 0.00 seconds (0.00 work units)

    Nodes    |    Current Node    |     Objective Bounds      |     Work
 Expl Unexpl |  Obj  Depth IntInf | Incumbent    BestBd   Gap | It/Node Time

     0     0    0.10417    0   58   -0.00000    0.10417      -     -    0s
     0     0    0.07143    0   48   -0.00000    0.07143      -     -    0s
     0     0    0.06250    0   44   -0.00000    0.06250      -     -    0s
     0     0    0.06250    0   54   -0.00000    0.06250      -     -    0s
     0     0    0.06250    0   53   -0.00000    0.06250      -     -    0s
     0     0    0.06250    0   44   -0.00000    0.06250      -     -    0s
H    0     0                       0.0000000    0.06250      -     -    0s
H    0     0                       0.0000001    0.06250      -     -    0s
H    0     0                       0.0000001    0.06250      -     -    0s
H    0     0                       0.0000002    0.06250      -     -    0s
H    0     0                       0.0000002    0.06250      -     -    0s
H    0     0                       0.0000002    0.06250      -     -    0s
     0     0    0.06250    0   46    0.00000    0.06250      -     -    0s
     0     0    0.06250    0   47    0.00000    0.06250      -     -    0s
     0     0    0.06250    0   47    0.00000    0.06250      -     -    0s
     0     2    0.06250    0   47    0.00000    0.06250      -     -    0s
H   71    92                       0.0000004    0.06250      -  21.2    0s
H  668   607                       0.0000005    0.06250      -  21.1    0s
* 1743  1375              89       0.0000006    0.04940      -  22.8    1s
* 1753  1323              88       0.0000006    0.04940      -  22.7    1s
* 1826  1251              85       0.0000006    0.04940      -  22.2    1s
* 1841  1202              86       0.0000006    0.04940      -  22.0    1s
* 1844  1158              86       0.0000006    0.04940      -  22.0    1s
* 1911  1167             100       0.0000008    0.04940      -  21.7    1s
* 1917  1127             101       0.0000008    0.04940      -  21.6    1s
H 3327  1788                       0.0000011    0.04826      -  20.3    1s
H 3658  2089                       0.0000011    0.04281      -  21.0    1s
H 7893  5088                       0.0000016    0.03773      -  16.9    2s
 31217 21684    0.00000   97   19    0.00000    0.03365      -  16.6    5s
 68386 46411    0.00433   41   44    0.00000    0.03261      -  18.1   10s
 110232 73025    0.00000   70   41    0.00000    0.03153      -  18.4   15s
 149433 97215    0.00114   55   50    0.00000    0.03069      -  18.7   20s
 191789 124370    0.00247   36   38    0.00000    0.03008      -  18.9   25s
 229657 148708    0.01254   28   51    0.00000    0.02961      -  19.1   30s
 266641 170649    0.00112   50   44    0.00000    0.02917      -  19.2   35s
 302395 193053    0.02368   27   51    0.00000    0.02887      -  19.3   40s
 339100 215656     cutoff   50         0.00000    0.02850      -  19.4   45s
 378511 238731    0.00100   47   45    0.00000    0.02811      -  19.4   50s
 415968 261668    0.00007   60   27    0.00000    0.02782      -  19.4   55s
*420185 263805              89       0.0000016    0.02778      -  19.4   55s
 452023 283155    0.00620   33   39    0.00000    0.02753      -  19.4   60s

Cutting planes:
  Gomory: 16
  MIR: 1
  Flow cover: 9
  RLT: 54
  Relax-and-lift: 1
  BQP: 23

Explored 470048 nodes (9124014 simplex iterations) in 62.57 seconds (107.02 work units)
Thread count was 4 (of 4 available processors)

Solution count 10: 1.60589e-06 1.60589e-06 1.59021e-06 ... 5.77942e-07

Optimization achieved user objective limit
Best objective 1.605892308710e-06, best bound 2.742388382117e-02, gap 1707603.7901%
{"verdict": "PROVED", "status": "BOUND_REACHED", "runtime": 62.57518482208252, "objval": 1.605892308709599e-06, "objbound": 0.027423883821166197, "binaries": 34}
