Set parameter NodefileStart to value 6
Read parameters from file gurobi.env
Restricted license - for non-production use only - expires 2027-11-29
Set parameter OutputFlag to value 1
Set parameter Threads to value 4
Set parameter TimeLimit to value 360
Set parameter MIPGap to value 5e-05
Set parameter MIPFocus to value 2
Set parameter NonConvex to value 2
Set parameter BestBdStop to value 2.7426211734693878e-02
Gurobi Optimizer version 13.0.3 build v13.0.3rc0 (linux64 - "Ubuntu 24.04.5 LTS")

CPU model: AMD EPYC 7763 64-Core Processor, instruction set [SSE2|AVX|AVX2]
Thread count: 2 physical cores, 4 logical processors, using up to 4 threads

Non-default parameters:
TimeLimit  360
BestBdStop  2.7426211734693878e-02
MIPGap  5e-05
MIPFocus  2
NodefileStart  6
NonConvex  2
Threads  4

Optimize a model with 137 rows, 107 columns and 774 nonzeros (Max)
Model fingerprint: 0x7e5ca766
Model has 1 linear objective coefficients
Model has 50 quadratic constraints
Variable types: 65 continuous, 42 integer (42 binary)
Coefficient statistics:
  Matrix range     [5e-01, 1e+00]
  QMatrix range    [1e+00, 1e+00]
  QLMatrix range   [1e+00, 1e+00]
  Objective range  [1e+00, 1e+00]
  Bounds range     [5e-01, 1e+00]
  RHS range        [1e+00, 1e+00]

Found heuristic solution: objective -0.0000000
Presolve time: 0.00s
Presolved: 337 rows, 108 columns, 1174 nonzeros
Presolved model has 50 bilinear constraint(s)

Solving non-convex MIQCP to global optimality

Variable types: 66 continuous, 42 integer (42 binary)
Found heuristic solution: objective 0.0000000
Root relaxation presolve removed 50 rows and 1 columns
Root relaxation presolved: 287 rows, 107 columns, 1124 nonzeros


Root relaxation: objective 1.250000e-01, 107 iterations, 0.00 seconds (0.00 work units)

    Nodes    |    Current Node    |     Objective Bounds      |     Work
 Expl Unexpl |  Obj  Depth IntInf | Incumbent    BestBd   Gap | It/Node Time

     0     0    0.12500    0   43    0.00000    0.12500      -     -    0s
     0     0    0.10000    0   56    0.00000    0.10000      -     -    0s
     0     0    0.10000    0   56    0.00000    0.10000      -     -    0s
     0     0    0.10000    0   55    0.00000    0.10000      -     -    0s
     0     0    0.10000    0   47    0.00000    0.10000      -     -    0s
     0     0    0.10000    0   47    0.00000    0.10000      -     -    0s
     0     0    0.10000    0   48    0.00000    0.10000      -     -    0s
     0     0    0.10000    0   48    0.00000    0.10000      -     -    0s
H    0     0                       0.0000000    0.10000      -     -    0s
     0     2    0.10000    0   48    0.00000    0.10000      -     -    0s
H  536   576                       0.0000000    0.08974      -  16.1    0s
H  702   670                       0.0000001    0.08824      -  16.0    0s
*  988   940              93       0.0000002    0.08824      -  15.3    0s
H 1031   938                       0.0000003    0.08824      -  15.4    0s
H 1125   995                       0.0000005    0.08824      -  15.1    0s
H 1783  1193                       0.0000006    0.04903      -  20.5    1s
H 1860  1184                       0.0000006    0.04903      -  20.4    1s
H 3103  1697                       0.0000008    0.04903      -  23.7    2s
 12268  7873    0.00000   55   31    0.00000    0.04903      -  25.3    5s
 29318 19368     cutoff   45         0.00000    0.04903      -  27.3   10s
H39148 25691                       0.0000009    0.04903      -  28.5   12s
 45236 30325    0.00076   40   31    0.00000    0.04903      -  28.3   15s
H48706 32528                       0.0000009    0.04903      -  28.3   15s
 64528 42618    0.01479   38   50    0.00000    0.04903      -  28.7   20s
 86351 56840    0.00712   37   50    0.00000    0.04849      -  29.0   25s
 106408 69790    0.00000   73   29    0.00000    0.04724      -  29.3   30s
 125704 81954 infeasible   55         0.00000    0.04632      -  29.4   35s
 146187 94484    0.00003   52   22    0.00000    0.04539      -  29.4   40s
 166842 106835    0.00059   43   50    0.00000    0.04453      -  29.5   45s
 183409 116821    0.03674   31   56    0.00000    0.04401      -  29.6   50s
 203445 129172    0.00026   44   43    0.00000    0.04348      -  29.7   55s
 223245 141232    0.02475   32   50    0.00000    0.04306      -  29.8   60s
 243542 153994    0.01979   38   50    0.00000    0.04261      -  29.8   65s
 262977 166040    0.00428   42   50    0.00000    0.04220      -  30.0   70s
 282012 177741    0.00373   42   44    0.00000    0.04183      -  30.0   75s
 301306 190301    0.01629   36   51    0.00000    0.04157      -  30.2   80s
 321506 202283     cutoff   41         0.00000    0.04116      -  30.2   85s
 338350 211838    0.03540   30   50    0.00000    0.04092      -  30.2   90s
 357494 223483 infeasible   59         0.00000    0.04059      -  30.4   95s
 378974 236555    0.02504   32   51    0.00000    0.04029      -  30.4  100s
 398471 247728    0.00098   46   36    0.00000    0.04002      -  30.4  105s
 417292 258410    0.01863   34   52    0.00000    0.03980      -  30.5  110s
 437349 270150    0.00004   66   32    0.00000    0.03956      -  30.5  115s
 456847 281872    0.00000   69   37    0.00000    0.03936      -  30.5  120s
 474783 292415    0.02002   32   50    0.00000    0.03915      -  30.6  125s
 488627 300479    0.00193   47   51    0.00000    0.03900      -  30.6  130s
 507153 311242    0.00238   42   44    0.00000    0.03880      -  30.6  135s
 527520 323345    0.01689   37   50    0.00000    0.03859      -  30.6  140s
 545280 333646    0.00003   64   44    0.00000    0.03844      -  30.6  145s
 564536 344724    0.00093   47   50    0.00000    0.03824      -  30.7  150s
 585238 356856    0.00256   48   50    0.00000    0.03802      -  30.7  155s
 604851 368538    0.00326   44   50    0.00000    0.03785      -  30.8  160s
H606745 368419                       0.0000010    0.03783      -  30.8  160s
 622348 377653 infeasible   53         0.00000    0.03769      -  30.8  165s
 641507 388744    0.03502   34   55    0.00000    0.03753      -  30.8  170s
 661110 400413    0.00146   60   38    0.00000    0.03739      -  30.8  175s
 678199 410808 infeasible   66         0.00000    0.03727      -  30.8  180s
 698030 422602    0.02750   30   52    0.00000    0.03712      -  30.8  185s
 716723 433586    0.01586   37   51    0.00000    0.03698      -  30.8  190s
 736386 444833    0.00031   53   51    0.00000    0.03684      -  30.8  195s
 756219 456785 infeasible   50         0.00000    0.03670      -  30.8  200s
 775676 468277     cutoff   41         0.00000    0.03656      -  30.8  205s
 796050 480368    0.00004   63   46    0.00000    0.03643      -  30.8  210s
 815572 492351    0.00001   66   27    0.00000    0.03632      -  30.8  215s
 831879 502054    0.00001   65   37    0.00000    0.03623      -  30.8  220s
 850392 513196    0.02724   31   51    0.00000    0.03611      -  30.8  225s
 869442 523797    0.00008   49   50    0.00000    0.03599      -  30.8  230s
 888851 535020    0.00143   47   52    0.00000    0.03586      -  30.8  235s
 909371 546974    0.00000   50   16    0.00000    0.03575      -  30.9  240s
 927526 557035     cutoff   48         0.00000    0.03563      -  30.9  245s
 945803 567648    0.00079   41   53    0.00000    0.03552      -  30.9  250s
 960332 575724    0.00519   41   51    0.00000    0.03543      -  30.9  255s
 979573 586404    0.02744   33   52    0.00000    0.03531      -  30.9  260s
 996097 596229     cutoff   63         0.00000    0.03521      -  30.9  265s
 1014564 606429     cutoff   45         0.00000    0.03511      -  30.9  270s
 1031422 616157    0.00004   63   38    0.00000    0.03503      -  30.9  275s
 1048791 626490    0.00000   82   44    0.00000    0.03495      -  31.0  280s
 1068346 637293    0.00000   59   47    0.00000    0.03483      -  31.0  285s
 1087270 648362    0.00101   41   37    0.00000    0.03473      -  31.0  290s
 1105796 658462    0.00033   44   37    0.00000    0.03463      -  31.0  295s
 1114379 663748    0.00192   39   37    0.00000    0.03459      -  31.0  300s
 1134879 674255    0.00995   35   50    0.00000    0.03447      -  31.0  305s
 1154001 685446     cutoff   39         0.00000    0.03439      -  31.0  310s
 1172736 695447    0.01175   35   52    0.00000    0.03430      -  31.0  315s
 1191539 706095    0.00531   43   50    0.00000    0.03421      -  31.0  320s
 1211510 717486    0.02903   34   57    0.00000    0.03411      -  31.0  325s
 1229917 727382     cutoff   39         0.00000    0.03403      -  31.0  330s
 1249514 738132     cutoff   48         0.00000    0.03393      -  31.1  335s
 1268800 748895     cutoff   42         0.00000    0.03384      -  31.1  340s
 1287680 759340    0.00759   35   43    0.00000    0.03375      -  31.1  345s
 1308178 770411    0.00069   56   50    0.00000    0.03366      -  31.1  350s
 1327485 780718    0.00000   74   33    0.00000    0.03357      -  31.1  355s
 1346819 791047     cutoff   71         0.00000    0.03349      -  31.1  360s

Cutting planes:
  Gomory: 23
  Implied bound: 3
  MIR: 14
  Flow cover: 34
  RLT: 99
  Relax-and-lift: 9
  BQP: 17

Explored 1346823 nodes (41885257 simplex iterations) in 360.00 seconds (359.29 work units)
Thread count was 4 (of 4 available processors)

Solution count 10: 9.85968e-07 9.01026e-07 7.60839e-07 ... 6.70329e-09

Time limit reached
Best objective 9.859678783974e-07, best bound 3.349297313006e-02, gap -
{"verdict": "UNRESOLVED", "status": "TIME_LIMIT", "runtime": 360.0022530555725, "objval": 9.859678783974428e-07, "objbound": 0.03349297313006217, "binaries": 42}
