16:19:29 UTC start: 1 unresolved seed region(s) and 0 missing piece(s) under [[[0,2,4],1],[[0,2,5],1],[[0,2,6],1],[[0,2,7],1],[[0,2,8],0],[[0,3,4],0],[[0,3,5],0],[[0,3,6],0],[[0,3,7],0],[[0,3,8],0],[[1,2,4],1],[[1,2,5],1],[[1,2,6],1],[[1,2,7],1],[[1,2,8],0],[[1,3,4],1],[[1,3,5],1],[[1,3,6],1],[[1,3,7],0],[[1,3,8],0],[[2,3,4],1],[[2,3,5],1],[[2,3,6],1],[[2,3,7],1],[[2,3,8],1],[[4,5,6],1],[[4,5,7],1],[[4,5,8],1],[[4,6,7],1]]
16:33:15 UTC split region (bound/target 36.461) on [[4,6,8],[4,7,8],[5,6,7],[5,6,8]]: 5 pieces proved, 11 open; total runs 16, proved 5, open regions 11
16:35:32 UTC split region (bound/target 1.097) on [[5,7,8],[6,7,8],[0,4,5],[0,4,6]]: 14 pieces proved, 2 open; total runs 32, proved 19, open regions 12
16:36:46 UTC split region (bound/target 1.178) on [[0,4,7],[0,4,8],[0,5,6],[0,5,7]]: 16 pieces proved, 0 open; total runs 48, proved 35, open regions 11
16:42:51 UTC split region (bound/target 1.223) on [[5,7,8],[6,7,8],[0,4,5],[0,4,6]]: 12 pieces proved, 4 open; total runs 64, proved 47, open regions 14
16:44:58 UTC split region (bound/target 1.057) on [[0,4,7],[0,4,8],[0,5,6],[0,5,7]]: 15 pieces proved, 1 open; total runs 80, proved 62, open regions 14
16:46:20 UTC split region (bound/target 1.029) on [[0,5,8],[0,6,7],[0,6,8],[0,7,8]]: 15 pieces proved, 1 open; total runs 96, proved 77, open regions 14
16:48:04 UTC split region (bound/target 1.039) on [[1,4,5],[1,4,6],[1,4,7],[1,4,8]]: 16 pieces proved, 0 open; total runs 112, proved 93, open regions 13
16:50:02 UTC split region (bound/target 1.141) on [[0,4,7],[0,4,8],[0,5,6],[0,5,7]]: 15 pieces proved, 1 open; total runs 128, proved 108, open regions 13
16:51:34 UTC split region (bound/target 1.117) on [[0,5,8],[0,6,7],[0,6,8],[0,7,8]]: 15 pieces proved, 1 open; total runs 144, proved 123, open regions 13
16:53:55 UTC split region (bound/target 1.209) on [[0,4,7],[0,4,8],[0,5,6],[0,5,7]]: 15 pieces proved, 1 open; total runs 160, proved 138, open regions 13
16:54:29 UTC split region (bound/target 1.135) on [[0,5,8],[0,6,7],[0,6,8],[0,7,8]]: 16 pieces proved, 0 open; total runs 176, proved 154, open regions 12
16:56:34 UTC split region (bound/target 1.228) on [[0,4,7],[0,4,8],[0,5,6],[0,5,7]]: 15 pieces proved, 1 open; total runs 192, proved 169, open regions 12
16:57:27 UTC split region (bound/target 1.237) on [[1,4,5],[1,4,6],[1,4,7],[1,4,8]]: 16 pieces proved, 0 open; total runs 208, proved 185, open regions 11
17:07:04 UTC split region (bound/target 1.240) on [[5,7,8],[6,7,8],[0,4,5],[0,4,6]]: 9 pieces proved, 7 open; total runs 224, proved 194, open regions 17
17:09:37 UTC split region (bound/target 1.047) on [[0,4,7],[0,4,8],[0,5,6],[0,5,7]]: 15 pieces proved, 1 open; total runs 240, proved 209, open regions 17
17:11:06 UTC split region (bound/target 1.051) on [[0,5,8],[0,6,7],[0,6,8],[0,7,8]]: 16 pieces proved, 0 open; total runs 256, proved 225, open regions 16
17:12:46 UTC split region (bound/target 1.064) on [[0,4,7],[0,4,8],[0,5,6],[0,5,7]]: 15 pieces proved, 1 open; total runs 272, proved 240, open regions 16
17:13:26 UTC split region (bound/target 1.079) on [[0,4,7],[0,4,8],[0,5,6],[0,5,7]]: 16 pieces proved, 0 open; total runs 288, proved 256, open regions 15
17:14:01 UTC split region (bound/target 1.099) on [[0,4,7],[0,4,8],[0,5,6],[0,5,7]]: 16 pieces proved, 0 open; total runs 304, proved 272, open regions 14
17:14:49 UTC split region (bound/target 1.112) on [[0,4,7],[0,4,8],[0,5,6],[0,5,7]]: 16 pieces proved, 0 open; total runs 320, proved 288, open regions 13
17:15:47 UTC split region (bound/target 1.130) on [[0,5,8],[0,6,7],[0,6,8],[0,7,8]]: 16 pieces proved, 0 open; total runs 336, proved 304, open regions 12
17:17:30 UTC split region (bound/target 1.161) on [[0,4,7],[0,4,8],[0,5,6],[0,5,7]]: 15 pieces proved, 1 open; total runs 352, proved 319, open regions 12
17:18:25 UTC split region (bound/target 1.157) on [[0,5,8],[0,6,7],[0,6,8],[0,7,8]]: 16 pieces proved, 0 open; total runs 368, proved 335, open regions 11
17:21:00 UTC split region (bound/target 1.234) on [[0,4,7],[0,4,8],[0,5,6],[0,5,7]]: 14 pieces proved, 2 open; total runs 384, proved 349, open regions 12
17:22:17 UTC split region (bound/target 1.202) on [[0,5,8],[0,6,7],[0,6,8],[0,7,8]]: 15 pieces proved, 1 open; total runs 400, proved 364, open regions 12
17:23:49 UTC split region (bound/target 1.109) on [[1,4,5],[1,4,6],[1,4,7],[1,4,8]]: 15 pieces proved, 1 open; total runs 416, proved 379, open regions 12
17:24:45 UTC split region (bound/target 1.045) on [[1,5,6],[1,5,7],[1,5,8],[1,6,7]]: 16 pieces proved, 0 open; total runs 432, proved 395, open regions 11
17:26:02 UTC split region (bound/target 1.216) on [[0,5,8],[0,6,7],[0,6,8],[0,7,8]]: 15 pieces proved, 1 open; total runs 448, proved 410, open regions 11
17:28:27 UTC split region (bound/target 1.259) on [[0,4,7],[0,4,8],[0,5,6],[0,5,7]]: 14 pieces proved, 2 open; total runs 464, proved 424, open regions 12
17:29:29 UTC split region (bound/target 1.108) on [[0,5,8],[0,6,7],[0,6,8],[0,7,8]]: 16 pieces proved, 0 open; total runs 480, proved 440, open regions 11
17:30:17 UTC split region (bound/target 1.161) on [[0,5,8],[0,6,7],[0,6,8],[0,7,8]]: 16 pieces proved, 0 open; total runs 496, proved 456, open regions 10
17:37:31 UTC split region (bound/target 1.283) on [[5,7,8],[6,7,8],[0,4,5],[0,4,6]]: 10 pieces proved, 6 open; total runs 512, proved 466, open regions 15
17:40:28 UTC split region (bound/target 1.235) on [[0,4,7],[0,4,8],[0,5,6],[0,5,7]]: 14 pieces proved, 2 open; total runs 528, proved 480, open regions 16
17:41:49 UTC split region (bound/target 1.303) on [[0,5,8],[0,6,7],[0,6,8],[0,7,8]]: 15 pieces proved, 1 open; total runs 544, proved 495, open regions 16
17:43:34 UTC split region (bound/target 1.291) on [[1,4,5],[1,4,6],[1,4,7],[1,4,8]]: 15 pieces proved, 1 open; total runs 560, proved 510, open regions 16
17:45:27 UTC split region (bound/target 1.228) on [[1,5,6],[1,5,7],[1,5,8],[1,6,7]]: 15 pieces proved, 1 open; total runs 576, proved 525, open regions 16
17:46:02 UTC split region (bound/target 1.049) on [[1,6,8],[1,7,8],[2,4,5],[2,4,6]]: 16 pieces proved, 0 open; total runs 592, proved 541, open regions 15
17:52:05 UTC split region (bound/target 1.322) on [[5,7,8],[6,7,8],[0,4,5],[0,4,6]]: 11 pieces proved, 5 open; total runs 608, proved 552, open regions 19
17:55:06 UTC split region (bound/target 1.149) on [[0,4,7],[0,4,8],[0,5,6],[0,5,7]]: 14 pieces proved, 2 open; total runs 624, proved 566, open regions 20
17:56:10 UTC region PROVED by a 300 s run (64 s); open 19
17:57:52 UTC split region (bound/target 1.035) on [[0,5,8],[0,6,7],[0,6,8],[0,7,8]]: 15 pieces proved, 1 open; total runs 641, proved 582, open regions 19
17:58:57 UTC split region (bound/target 1.047) on [[1,4,5],[1,4,6],[1,4,7],[1,4,8]]: 16 pieces proved, 0 open; total runs 657, proved 598, open regions 18
18:01:03 UTC split region (bound/target 1.322) on [[0,4,7],[0,4,8],[0,5,6],[0,5,7]]: 15 pieces proved, 1 open; total runs 673, proved 613, open regions 18
18:03:11 UTC split region (bound/target 1.289) on [[0,5,8],[0,6,7],[0,6,8],[0,7,8]]: 15 pieces proved, 1 open; total runs 689, proved 628, open regions 18
18:05:42 UTC split region (bound/target 1.278) on [[1,4,5],[1,4,6],[1,4,7],[1,4,8]]: 15 pieces proved, 1 open; total runs 705, proved 643, open regions 18
18:06:49 UTC region PROVED by a 300 s run (67 s); open 17
18:08:26 UTC split region (bound/target 1.349) on [[0,5,8],[0,6,7],[0,6,8],[0,7,8]]: 16 pieces proved, 0 open; total runs 722, proved 660, open regions 16
18:10:26 UTC split region (bound/target 1.364) on [[1,4,5],[1,4,6],[1,4,7],[1,4,8]]: 16 pieces proved, 0 open; total runs 738, proved 676, open regions 15
18:12:04 UTC split region (bound/target 1.365) on [[0,5,8],[0,6,7],[0,6,8],[0,7,8]]: 15 pieces proved, 1 open; total runs 754, proved 691, open regions 15
18:14:18 UTC split region (bound/target 1.362) on [[1,4,5],[1,4,6],[1,4,7],[1,4,8]]: 15 pieces proved, 1 open; total runs 770, proved 706, open regions 15
18:16:48 UTC split region (bound/target 1.330) on [[1,5,6],[1,5,7],[1,5,8],[1,6,7]]: 14 pieces proved, 2 open; total runs 786, proved 720, open regions 16
18:18:20 UTC split region (bound/target 1.120) on [[1,6,8],[1,7,8],[2,4,5],[2,4,6]]: 15 pieces proved, 1 open; total runs 802, proved 735, open regions 16
18:20:10 UTC split region (bound/target 1.021) on [[2,4,7],[2,4,8],[2,5,6],[2,5,7]]: 16 pieces proved, 0 open; total runs 818, proved 751, open regions 15
18:21:37 UTC split region (bound/target 1.212) on [[1,6,8],[1,7,8],[2,4,5],[2,4,6]]: 15 pieces proved, 1 open; total runs 834, proved 766, open regions 15
18:23:03 UTC split region (bound/target 1.172) on [[2,4,7],[2,4,8],[2,5,6],[2,5,7]]: 16 pieces proved, 0 open; total runs 850, proved 782, open regions 14
18:26:18 UTC split region (bound/target 1.377) on [[0,4,7],[0,4,8],[0,5,6],[0,5,7]]: 13 pieces proved, 3 open; total runs 866, proved 795, open regions 16
18:28:30 UTC split region (bound/target 1.173) on [[0,5,8],[0,6,7],[0,6,8],[0,7,8]]: 15 pieces proved, 1 open; total runs 882, proved 810, open regions 16
18:29:20 UTC split region (bound/target 1.042) on [[1,4,5],[1,4,6],[1,4,7],[1,4,8]]: 16 pieces proved, 0 open; total runs 898, proved 826, open regions 15
18:30:35 UTC split region (bound/target 1.192) on [[0,5,8],[0,6,7],[0,6,8],[0,7,8]]: 15 pieces proved, 1 open; total runs 914, proved 841, open regions 15
18:32:29 UTC split region (bound/target 1.210) on [[1,4,5],[1,4,6],[1,4,7],[1,4,8]]: 15 pieces proved, 1 open; total runs 930, proved 856, open regions 15
18:33:02 UTC split region (bound/target 1.069) on [[1,5,6],[1,5,7],[1,5,8],[1,6,7]]: 16 pieces proved, 0 open; total runs 946, proved 872, open regions 14
18:35:05 UTC split region (bound/target 1.394) on [[0,5,8],[0,6,7],[0,6,8],[0,7,8]]: 15 pieces proved, 1 open; total runs 962, proved 887, open regions 14
18:36:13 UTC split region (bound/target 1.248) on [[1,4,5],[1,4,6],[1,4,7],[1,4,8]]: 16 pieces proved, 0 open; total runs 978, proved 903, open regions 13
18:38:54 UTC split region (bound/target 1.423) on [[0,4,7],[0,4,8],[0,5,6],[0,5,7]]: 14 pieces proved, 2 open; total runs 994, proved 917, open regions 14
18:39:22 UTC split region (bound/target 1.025) on [[0,5,8],[0,6,7],[0,6,8],[0,7,8]]: 16 pieces proved, 0 open; total runs 1010, proved 933, open regions 13
18:40:55 UTC split region (bound/target 1.109) on [[0,5,8],[0,6,7],[0,6,8],[0,7,8]]: 15 pieces proved, 1 open; total runs 1026, proved 948, open regions 13
18:42:22 UTC split region (bound/target 1.099) on [[1,4,5],[1,4,6],[1,4,7],[1,4,8]]: 16 pieces proved, 0 open; total runs 1042, proved 964, open regions 12
18:45:38 UTC split region (bound/target 1.434) on [[0,4,7],[0,4,8],[0,5,6],[0,5,7]]: 13 pieces proved, 3 open; total runs 1058, proved 977, open regions 14
18:48:22 UTC split region (bound/target 1.143) on [[0,5,8],[0,6,7],[0,6,8],[0,7,8]]: 15 pieces proved, 1 open; total runs 1074, proved 992, open regions 14
18:49:52 UTC split region (bound/target 1.031) on [[1,4,5],[1,4,6],[1,4,7],[1,4,8]]: 16 pieces proved, 0 open; total runs 1090, proved 1008, open regions 13
18:51:00 UTC split region (bound/target 1.240) on [[0,5,8],[0,6,7],[0,6,8],[0,7,8]]: 16 pieces proved, 0 open; total runs 1106, proved 1024, open regions 12
18:52:04 UTC split region (bound/target 1.259) on [[0,5,8],[0,6,7],[0,6,8],[0,7,8]]: 16 pieces proved, 0 open; total runs 1122, proved 1040, open regions 11
19:01:15 UTC split region (bound/target 1.437) on [[5,7,8],[6,7,8],[0,4,5],[0,4,6]]: 7 pieces proved, 9 open; total runs 1138, proved 1047, open regions 19
19:03:43 UTC split region (bound/target 1.069) on [[0,4,7],[0,4,8],[0,5,6],[0,5,7]]: 15 pieces proved, 1 open; total runs 1154, proved 1062, open regions 19
19:05:12 UTC split region (bound/target 1.073) on [[0,4,7],[0,4,8],[0,5,6],[0,5,7]]: 16 pieces proved, 0 open; total runs 1170, proved 1078, open regions 18
19:08:25 UTC split region (bound/target 1.088) on [[0,4,7],[0,4,8],[0,5,6],[0,5,7]]: 14 pieces proved, 2 open; total runs 1186, proved 1092, open regions 19
19:09:57 UTC split region (bound/target 1.024) on [[0,5,8],[0,6,7],[0,6,8],[0,7,8]]: 15 pieces proved, 1 open; total runs 1202, proved 1107, open regions 19
19:11:44 UTC split region (bound/target 1.108) on [[1,4,5],[1,4,6],[1,4,7],[1,4,8]]: 15 pieces proved, 1 open; total runs 1218, proved 1122, open regions 19
19:12:27 UTC split region (bound/target 1.022) on [[1,5,6],[1,5,7],[1,5,8],[1,6,7]]: 16 pieces proved, 0 open; total runs 1234, proved 1138, open regions 18
19:14:54 UTC split region (bound/target 1.177) on [[0,5,8],[0,6,7],[0,6,8],[0,7,8]]: 14 pieces proved, 2 open; total runs 1250, proved 1152, open regions 19
19:15:58 UTC region PROVED by a 300 s run (64 s); open 18
19:18:08 UTC split region (bound/target 1.141) on [[1,4,5],[1,4,6],[1,4,7],[1,4,8]]: 15 pieces proved, 1 open; total runs 1267, proved 1168, open regions 18
19:19:33 UTC split region (bound/target 1.033) on [[1,5,6],[1,5,7],[1,5,8],[1,6,7]]: 15 pieces proved, 1 open; total runs 1283, proved 1183, open regions 18
19:21:08 UTC split region (bound/target 1.090) on [[1,6,8],[1,7,8],[2,4,5],[2,4,6]]: 16 pieces proved, 0 open; total runs 1299, proved 1199, open regions 17
19:22:43 UTC split region (bound/target 1.177) on [[0,4,7],[0,4,8],[0,5,6],[0,5,7]]: 16 pieces proved, 0 open; total runs 1315, proved 1215, open regions 16
19:25:24 UTC split region (bound/target 1.273) on [[0,5,8],[0,6,7],[0,6,8],[0,7,8]]: 14 pieces proved, 2 open; total runs 1331, proved 1229, open regions 17
19:26:03 UTC split region (bound/target 1.023) on [[1,4,5],[1,4,6],[1,4,7],[1,4,8]]: 16 pieces proved, 0 open; total runs 1347, proved 1245, open regions 16
19:27:29 UTC split region (bound/target 1.289) on [[0,4,7],[0,4,8],[0,5,6],[0,5,7]]: 16 pieces proved, 0 open; total runs 1363, proved 1261, open regions 15
19:30:52 UTC split region (bound/target 1.365) on [[1,4,5],[1,4,6],[1,4,7],[1,4,8]]: 13 pieces proved, 3 open; total runs 1379, proved 1274, open regions 17
19:31:28 UTC split region (bound/target 1.036) on [[1,5,6],[1,5,7],[1,5,8],[1,6,7]]: 16 pieces proved, 0 open; total runs 1395, proved 1290, open regions 16
19:33:09 UTC split region (bound/target 1.160) on [[1,5,6],[1,5,7],[1,5,8],[1,6,7]]: 15 pieces proved, 1 open; total runs 1411, proved 1305, open regions 16
19:34:37 UTC split region (bound/target 1.030) on [[1,6,8],[1,7,8],[2,4,5],[2,4,6]]: 16 pieces proved, 0 open; total runs 1427, proved 1321, open regions 15
19:36:07 UTC split region (bound/target 1.240) on [[1,5,6],[1,5,7],[1,5,8],[1,6,7]]: 15 pieces proved, 1 open; total runs 1443, proved 1336, open regions 15
19:38:47 UTC split region (bound/target 1.163) on [[1,6,8],[1,7,8],[2,4,5],[2,4,6]]: 15 pieces proved, 1 open; total runs 1459, proved 1351, open regions 15
19:40:21 UTC split region (bound/target 1.046) on [[2,4,7],[2,4,8],[2,5,6],[2,5,7]]: 15 pieces proved, 1 open; total runs 1475, proved 1366, open regions 15
19:41:23 UTC region PROVED by a 300 s run (62 s); open 14
19:44:49 UTC split region (bound/target 1.404) on [[0,4,7],[0,4,8],[0,5,6],[0,5,7]]: 14 pieces proved, 2 open; total runs 1492, proved 1381, open regions 15
19:47:21 UTC split region (bound/target 1.188) on [[0,5,8],[0,6,7],[0,6,8],[0,7,8]]: 14 pieces proved, 2 open; total runs 1508, proved 1395, open regions 16
19:50:03 UTC split region (bound/target 1.148) on [[1,4,5],[1,4,6],[1,4,7],[1,4,8]]: 14 pieces proved, 2 open; total runs 1524, proved 1409, open regions 17
19:50:58 UTC split region (bound/target 1.035) on [[1,5,6],[1,5,7],[1,5,8],[1,6,7]]: 16 pieces proved, 0 open; total runs 1540, proved 1425, open regions 16
19:52:28 UTC split region (bound/target 1.158) on [[1,5,6],[1,5,7],[1,5,8],[1,6,7]]: 15 pieces proved, 1 open; total runs 1556, proved 1440, open regions 16
19:54:23 UTC split region (bound/target 1.061) on [[1,6,8],[1,7,8],[2,4,5],[2,4,6]]: 16 pieces proved, 0 open; total runs 1572, proved 1456, open regions 15
19:55:14 UTC split region (bound/target 1.249) on [[0,5,8],[0,6,7],[0,6,8],[0,7,8]]: 16 pieces proved, 0 open; total runs 1588, proved 1472, open regions 14
19:58:14 UTC split region (bound/target 1.297) on [[1,4,5],[1,4,6],[1,4,7],[1,4,8]]: 14 pieces proved, 2 open; total runs 1604, proved 1486, open regions 15
20:00:29 UTC split region (bound/target 1.034) on [[1,5,6],[1,5,7],[1,5,8],[1,6,7]]: 15 pieces proved, 1 open; total runs 1620, proved 1501, open regions 15
20:01:13 UTC split region (bound/target 1.033) on [[1,6,8],[1,7,8],[2,4,5],[2,4,6]]: 16 pieces proved, 0 open; total runs 1636, proved 1517, open regions 14
20:02:39 UTC split region (bound/target 1.144) on [[1,5,6],[1,5,7],[1,5,8],[1,6,7]]: 16 pieces proved, 0 open; total runs 1652, proved 1533, open regions 13
20:05:36 UTC split region (bound/target 1.434) on [[0,4,7],[0,4,8],[0,5,6],[0,5,7]]: 14 pieces proved, 2 open; total runs 1668, proved 1547, open regions 14
20:06:44 UTC split region (bound/target 1.251) on [[0,5,8],[0,6,7],[0,6,8],[0,7,8]]: 15 pieces proved, 1 open; total runs 1684, proved 1562, open regions 14
20:09:36 UTC split region (bound/target 1.188) on [[1,4,5],[1,4,6],[1,4,7],[1,4,8]]: 15 pieces proved, 1 open; total runs 1700, proved 1577, open regions 14
20:10:43 UTC split region (bound/target 1.102) on [[1,5,6],[1,5,7],[1,5,8],[1,6,7]]: 16 pieces proved, 0 open; total runs 1716, proved 1593, open regions 13
20:12:02 UTC split region (bound/target 1.434) on [[0,5,8],[0,6,7],[0,6,8],[0,7,8]]: 15 pieces proved, 1 open; total runs 1732, proved 1608, open regions 13
20:15:31 UTC split region (bound/target 1.284) on [[1,4,5],[1,4,6],[1,4,7],[1,4,8]]: 13 pieces proved, 3 open; total runs 1748, proved 1621, open regions 15
20:16:34 UTC region PROVED by a 300 s run (63 s); open 14
20:17:12 UTC split region (bound/target 1.061) on [[1,5,6],[1,5,7],[1,5,8],[1,6,7]]: 16 pieces proved, 0 open; total runs 1765, proved 1638, open regions 13
20:18:13 UTC split region (bound/target 1.397) on [[1,5,6],[1,5,7],[1,5,8],[1,6,7]]: 16 pieces proved, 0 open; total runs 1781, proved 1654, open regions 12
20:20:13 UTC STOP file or time limit reached mid-region; it will be redone on resume (finished pieces are reused)
