Set parameter NodefileStart to value 6
Read parameters from file gurobi.env
Restricted license - for non-production use only - expires 2027-11-29
Set parameter OutputFlag to value 1
Set parameter Threads to value 4
Set parameter TimeLimit to value 360
Set parameter MIPGap to value 5e-05
Set parameter MIPFocus to value 2
Set parameter NonConvex to value 2
Set parameter BestBdStop to value 2.7426211734693878e-02
Gurobi Optimizer version 13.0.3 build v13.0.3rc0 (linux64 - "Ubuntu 24.04.5 LTS")

CPU model: AMD EPYC 9V74 80-Core Processor, instruction set [SSE2|AVX|AVX2]
Thread count: 2 physical cores, 4 logical processors, using up to 4 threads

Non-default parameters:
TimeLimit  360
BestBdStop  2.7426211734693878e-02
MIPGap  5e-05
MIPFocus  2
NodefileStart  6
NonConvex  2
Threads  4

Optimize a model with 145 rows, 115 columns and 846 nonzeros (Max)
Model fingerprint: 0x0d22799f
Model has 1 linear objective coefficients
Model has 50 quadratic constraints
Variable types: 65 continuous, 50 integer (50 binary)
Coefficient statistics:
  Matrix range     [5e-01, 1e+00]
  QMatrix range    [1e+00, 1e+00]
  QLMatrix range   [1e+00, 1e+00]
  Objective range  [1e+00, 1e+00]
  Bounds range     [5e-01, 1e+00]
  RHS range        [1e+00, 1e+00]

Found heuristic solution: objective -0.0000000
Presolve time: 0.00s
Presolved: 345 rows, 116 columns, 1246 nonzeros
Presolved model has 50 bilinear constraint(s)

Solving non-convex MIQCP to global optimality

Variable types: 66 continuous, 50 integer (50 binary)
Root relaxation presolve removed 50 rows and 1 columns
Root relaxation presolved: 295 rows, 115 columns, 1196 nonzeros


Root relaxation: objective 8.333333e-02, 127 iterations, 0.00 seconds (0.00 work units)

    Nodes    |    Current Node    |     Objective Bounds      |     Work
 Expl Unexpl |  Obj  Depth IntInf | Incumbent    BestBd   Gap | It/Node Time

     0     0    0.08333    0   49   -0.00000    0.08333      -     -    0s
     0     0    0.06897    0   65   -0.00000    0.06897      -     -    0s
     0     0    0.06897    0   69   -0.00000    0.06897      -     -    0s
     0     0    0.05882    0   66   -0.00000    0.05882      -     -    0s
     0     0    0.05882    0   66   -0.00000    0.05882      -     -    0s
     0     0    0.05882    0   61   -0.00000    0.05882      -     -    0s
     0     0    0.05882    0   59   -0.00000    0.05882      -     -    0s
     0     0    0.05882    0   55   -0.00000    0.05882      -     -    0s
     0     0    0.05882    0   55   -0.00000    0.05882      -     -    0s
     0     0    0.05882    0   58   -0.00000    0.05882      -     -    0s
     0     0    0.05882    0   53   -0.00000    0.05882      -     -    0s
     0     0    0.05882    0   52   -0.00000    0.05882      -     -    0s
     0     0    0.05882    0   51   -0.00000    0.05882      -     -    0s
     0     0    0.05882    0   51   -0.00000    0.05882      -     -    0s
H    0     0                       0.0099962    0.05882   488%     -    0s
H    0     2                       0.0106847    0.05875   450%     -    0s
     0     2    0.05875    0   53    0.01068    0.05875   450%     -    0s
H  564   504                       0.0112747    0.05875   421%  20.3    0s
H  867   771                       0.0120131    0.05875   389%  23.1    0s
H  917   817                       0.0120131    0.05875   389%  23.6    0s
H 1178   931                       0.0129356    0.05233   305%  25.0    1s
H 1178   885                       0.0129363    0.05233   305%  25.0    1s
H 1178   840                       0.0129380    0.05233   305%  25.0    1s
H 1194   809                       0.0130513    0.04455   241%  25.4    2s
H 1266   824                       0.0130707    0.04455   241%  26.4    2s
H 1275   781                       0.0138331    0.04455   222%  26.3    2s
H 1355   802                       0.0138331    0.04455   222%  26.3    2s
H 1590   878                       0.0140497    0.04455   217%  25.5    2s
H 1682   881                       0.0147507    0.04455   202%  25.6    2s
H 2523   934                       0.0196057    0.04455   127%  24.1    3s
H 2941   980                       0.0196057    0.04455   127%  26.5    3s
H 3691  1187                       0.0196057    0.04455   127%  27.2    3s
  7040  2575    0.02629   41   50    0.01961    0.04455   127%  30.2    5s
H17003  5366                       0.0214520    0.04167  94.2%  31.3    7s
H17238  5363                       0.0214520    0.04159  93.9%  31.3    7s
 22454  6960    0.02739   40   38    0.02145    0.04060  89.3%  30.6   10s
 43841 12845     cutoff   57         0.02145    0.03844  79.2%  29.0   15s
 67506 18634     cutoff   42         0.02145    0.03777  76.1%  28.6   20s
 90496 23784    0.02611   42   54    0.02145    0.03716  73.2%  28.5   25s
H96352 23254                       0.0225057    0.03696  64.2%  28.4   26s
H96450 23354                       0.0225057    0.03694  64.1%  28.4   26s
 110971 26160    0.02434   44   57    0.02251    0.03654  62.4%  28.2   30s
 133925 30505 infeasible   57         0.02251    0.03602  60.1%  28.1   35s
 157213 34779 infeasible   58         0.02251    0.03565  58.4%  27.9   40s
 178661 38505     cutoff   44         0.02251    0.03536  57.1%  27.8   45s
 202650 43249     cutoff   49         0.02251    0.03507  55.8%  27.5   50s
 225427 47200     cutoff   51         0.02251    0.03481  54.7%  27.3   55s
 246687 50980    0.03450   39   58    0.02251    0.03454  53.5%  27.1   60s
 270285 55571     cutoff   39         0.02251    0.03428  52.3%  26.8   65s
 294913 59572    0.02306   38   51    0.02251    0.03404  51.3%  26.7   70s
 319751 64303 infeasible   50         0.02251    0.03384  50.4%  26.5   75s
 343071 68248    0.02961   40   58    0.02251    0.03367  49.6%  26.3   80s
 367919 72270    0.02426   47   51    0.02251    0.03349  48.8%  26.2   85s
 392368 76112     cutoff   48         0.02251    0.03329  47.9%  26.0   90s
 413887 79594     cutoff   45         0.02251    0.03314  47.3%  25.9   95s
 438100 82826     cutoff   50         0.02251    0.03299  46.6%  25.8  100s
 462616 86180    0.03048   47   58    0.02251    0.03284  45.9%  25.7  105s
 487440 90625     cutoff   50         0.02251    0.03270  45.3%  25.5  110s
 512565 94190     cutoff   42         0.02251    0.03257  44.7%  25.4  115s
 536816 97877    0.02266   47   54    0.02251    0.03244  44.2%  25.3  120s
 562058 101522    0.02876   43   51    0.02251    0.03231  43.5%  25.2  125s
 586277 104935    0.02776   54   42    0.02251    0.03217  42.9%  25.1  130s
 611323 108310    0.02290   55   51    0.02251    0.03205  42.4%  25.0  135s
 632574 111336     cutoff   48         0.02251    0.03196  42.0%  24.9  140s
 657336 114725    0.02409   42   44    0.02251    0.03184  41.5%  24.8  145s
 682617 117791    0.03132   47   50    0.02251    0.03173  41.0%  24.7  150s
 707871 121032    0.03097   42   56    0.02251    0.03162  40.5%  24.6  155s
 732578 124907    0.02578   50   60    0.02251    0.03152  40.1%  24.5  160s
 755698 127579     cutoff   53         0.02251    0.03143  39.6%  24.5  165s
 778220 130482     cutoff   42         0.02251    0.03135  39.3%  24.4  170s
 800063 132987    0.02724   40   50    0.02251    0.03126  38.9%  24.4  175s
 823996 136044    0.02287   61   22    0.02251    0.03117  38.5%  24.3  180s
 849471 138754     cutoff   58         0.02251    0.03108  38.1%  24.2  185s
 874104 142122    0.02680   46   55    0.02251    0.03099  37.7%  24.1  190s
 899936 145012     cutoff   46         0.02251    0.03090  37.3%  24.1  195s
 925329 148418     cutoff   41         0.02251    0.03080  36.9%  24.0  200s
 951438 151262    0.02894   42   55    0.02251    0.03071  36.4%  23.9  205s
 977415 154032    0.02349   54   52    0.02251    0.03061  36.0%  23.8  210s
 1002652 156821     cutoff   47         0.02251    0.03053  35.6%  23.8  215s
 1024201 159358     cutoff   50         0.02251    0.03046  35.4%  23.7  220s
 1048922 161815    0.02330   50   50    0.02251    0.03039  35.0%  23.7  225s
 1075206 164653    0.02611   49   41    0.02251    0.03030  34.6%  23.6  230s
 1099003 167631    0.03003   42   55    0.02251    0.03023  34.3%  23.6  235s
 1123238 170490    0.02667   44   53    0.02251    0.03016  34.0%  23.5  240s
 1149090 173216    0.02755   42   59    0.02251    0.03010  33.7%  23.5  245s
 1173783 175796     cutoff   43         0.02251    0.03004  33.5%  23.5  250s
 1198066 178612    0.02987   42   59    0.02251    0.02997  33.2%  23.4  255s
 1224434 181022    0.02302   53   32    0.02251    0.02990  32.9%  23.4  260s
 1245624 183144     cutoff   40         0.02251    0.02984  32.6%  23.4  265s
 1270983 186195    0.02678   43   32    0.02251    0.02978  32.3%  23.3  270s
 1295599 188408     cutoff   52         0.02251    0.02972  32.0%  23.3  275s
 1320255 190931     cutoff   49         0.02251    0.02966  31.8%  23.2  280s
 1345536 193281     cutoff   55         0.02251    0.02960  31.5%  23.2  285s
 1371560 195789    0.02619   47   45    0.02251    0.02954  31.3%  23.1  290s
 1395894 197839     cutoff   52         0.02251    0.02949  31.0%  23.1  295s
 1419596 199955    0.02446   49   52    0.02251    0.02943  30.8%  23.1  300s
 1441290 201983     cutoff   49         0.02251    0.02938  30.6%  23.0  305s
 1465982 203941    0.02379   54   56    0.02251    0.02933  30.3%  23.0  310s
 1492108 205908    0.02580   59   36    0.02251    0.02927  30.1%  22.9  315s
 1518221 208396    0.02286   47   59    0.02251    0.02921  29.8%  22.9  320s
 1542938 210385     cutoff   57         0.02251    0.02916  29.5%  22.8  325s
 1567605 212308     cutoff   60         0.02251    0.02910  29.3%  22.8  330s
 1593571 214155    0.02494   40   46    0.02251    0.02905  29.1%  22.8  335s
 1619135 216666    0.02607   49   54    0.02251    0.02899  28.8%  22.7  340s
 1641083 218292    0.02351   52   54    0.02251    0.02895  28.6%  22.7  345s
 1667690 220644    0.02844   45   47    0.02251    0.02890  28.4%  22.6  350s
 1693330 222974    0.02546   50   37    0.02251    0.02885  28.2%  22.6  355s
 1719149 225149    0.02269   46   47    0.02251    0.02881  28.0%  22.6  360s

Cutting planes:
  Gomory: 5
  Implied bound: 5
  MIR: 3
  Mixing: 1
  Flow cover: 10
  Inf proof: 1
  RLT: 80
  BQP: 10

Explored 1719297 nodes (38782056 simplex iterations) in 360.00 seconds (371.96 work units)
Thread count was 4 (of 4 available processors)

Solution count 10: 0.0225057 0.021452 0.0196057 ... 0.012938

Time limit reached
Best objective 2.250573736841e-02, best bound 2.880820212595e-02, gap 28.0038%
{"verdict": "UNRESOLVED", "status": "TIME_LIMIT", "runtime": 360.00199007987976, "objval": 0.02250573736840728, "objbound": 0.02880820212595311, "binaries": 50}
