Set parameter NodefileStart to value 6
Read parameters from file gurobi.env
Restricted license - for non-production use only - expires 2027-11-29
Set parameter OutputFlag to value 1
Set parameter Threads to value 4
Set parameter TimeLimit to value 360
Set parameter MIPGap to value 5e-05
Set parameter MIPFocus to value 2
Set parameter NonConvex to value 2
Set parameter BestBdStop to value 2.7426211734693878e-02
Gurobi Optimizer version 13.0.3 build v13.0.3rc0 (linux64 - "Ubuntu 24.04.5 LTS")

CPU model: AMD EPYC 7763 64-Core Processor, instruction set [SSE2|AVX|AVX2]
Thread count: 2 physical cores, 4 logical processors, using up to 4 threads

Non-default parameters:
TimeLimit  360
BestBdStop  2.7426211734693878e-02
MIPGap  5e-05
MIPFocus  2
NodefileStart  6
NonConvex  2
Threads  4

Optimize a model with 145 rows, 115 columns and 846 nonzeros (Max)
Model fingerprint: 0x7b162cd6
Model has 1 linear objective coefficients
Model has 50 quadratic constraints
Variable types: 65 continuous, 50 integer (50 binary)
Coefficient statistics:
  Matrix range     [5e-01, 1e+00]
  QMatrix range    [1e+00, 1e+00]
  QLMatrix range   [1e+00, 1e+00]
  Objective range  [1e+00, 1e+00]
  Bounds range     [5e-01, 1e+00]
  RHS range        [1e+00, 1e+00]

Found heuristic solution: objective -0.0000000
Presolve time: 0.00s
Presolved: 345 rows, 116 columns, 1246 nonzeros
Presolved model has 50 bilinear constraint(s)

Solving non-convex MIQCP to global optimality

Variable types: 66 continuous, 50 integer (50 binary)
Root relaxation presolve removed 50 rows and 1 columns
Root relaxation presolved: 295 rows, 115 columns, 1196 nonzeros


Root relaxation: objective 8.333333e-02, 112 iterations, 0.00 seconds (0.00 work units)

    Nodes    |    Current Node    |     Objective Bounds      |     Work
 Expl Unexpl |  Obj  Depth IntInf | Incumbent    BestBd   Gap | It/Node Time

     0     0    0.08333    0   48   -0.00000    0.08333      -     -    0s
     0     0    0.08333    0   44   -0.00000    0.08333      -     -    0s
     0     0    0.08333    0   55   -0.00000    0.08333      -     -    0s
     0     0    0.08333    0   35   -0.00000    0.08333      -     -    0s
     0     0    0.08333    0   43   -0.00000    0.08333      -     -    0s
     0     0    0.08333    0   52   -0.00000    0.08333      -     -    0s
     0     0    0.08333    0   36   -0.00000    0.08333      -     -    0s
     0     0    0.08333    0   36   -0.00000    0.08333      -     -    0s
     0     0    0.08333    0   35   -0.00000    0.08333      -     -    0s
     0     0    0.08333    0   35   -0.00000    0.08333      -     -    0s
     0     2    0.08333    0   35   -0.00000    0.08333      -     -    0s
*  751   672             106       0.0000001    0.08100      -  18.2    0s
*  752   672             106       0.0000001    0.08100      -  18.2    0s
H 1197   972                       0.0000001    0.08100      -  20.2    1s
H 1197   924                       0.0000002    0.08100      -  20.2    1s
H 1257   937                       0.0000004    0.06253      -  21.6    1s
* 1802  1223              83       0.0000004    0.06253      -  20.0    1s
* 1864  1268              99       0.0000007    0.06253      -  19.7    1s
* 1867  1225             100       0.0000011    0.06253      -  19.7    1s
H 1943  1216                       0.0000013    0.06253      -  19.3    1s
H 2026  1181                       0.0000082    0.06207      -  19.7    1s
* 2032   940             111       0.0023798    0.06207  2508%  19.7    1s
H 2253   919                       0.0051254    0.06040  1078%  20.0    1s
H 2387   768                       0.0064135    0.06040   842%  20.5    1s
H 3342  1178                       0.0066178    0.04717   613%  23.5    2s
H 4370  1489                       0.0099616    0.04336   335%  24.9    2s
H10259  4171                       0.0120954    0.04133   242%  27.8    4s
 13032  4519    0.03748   22   51    0.01210    0.04069   236%  28.1    5s
H20174  5917                       0.0144443    0.03878   168%  28.1    7s
H29322  8208                       0.0149786    0.03687   146%  28.3    9s
H29325  8078                       0.0151916    0.03687   143%  28.3    9s
H29326  7985                       0.0153804    0.03687   140%  28.3    9s
 32326  8953    0.01873   38   44    0.01538    0.03657   138%  28.2   10s
H42611 11414                       0.0154968    0.03568   130%  28.2   12s
H42617 11405                       0.0155153    0.03568   130%  28.2   12s
H42621 11406                       0.0155154    0.03568   130%  28.2   12s
 50950 13848    0.03256   23   51    0.01552    0.03506   126%  28.1   15s
H53863 14420                       0.0155536    0.03489   124%  28.0   15s
H54415 14603                       0.0155537    0.03484   124%  28.0   15s
H69122 18320                       0.0155606    0.03406   119%  27.9   19s
 72548 19490    0.02003   42   48    0.01556    0.03391   118%  27.8   20s
 93095 24539    0.01910   27   51    0.01556    0.03304   112%  27.4   25s
 116283 29893    0.01780   35   51    0.01556    0.03226   107%  27.1   30s
 139700 35054     cutoff   36         0.01556    0.03162   103%  26.9   35s
 163967 40473     cutoff   51         0.01556    0.03109   100%  26.6   40s
 187109 45498    0.02289   34   55    0.01556    0.03064  96.9%  26.4   45s
H202708 48579                       0.0156369    0.03035  94.1%  26.3   49s
H203895 48844                       0.0156566    0.03034  93.8%  26.3   49s
 204986 49042    0.02491   35   56    0.01566    0.03033  93.7%  26.3   50s
H204990 49012                       0.0156656    0.03033  93.6%  26.3   50s
H206260 49185                       0.0157026    0.03030  93.0%  26.3   50s
H207508 49008                       0.0158561    0.03028  91.0%  26.3   50s
 225521 52764     cutoff   36         0.01586    0.02997  89.0%  26.2   55s
 249533 57648    0.02755   43   39    0.01586    0.02965  87.0%  26.1   60s
 272595 62271    0.01892   39   54    0.01586    0.02932  84.9%  25.9   65s
 297341 67101     cutoff   37         0.01586    0.02903  83.1%  25.8   70s
 321785 71846    0.02795   34   57    0.01586    0.02878  81.5%  25.7   75s
 344960 76152    0.02174   29   54    0.01586    0.02853  80.0%  25.6   80s
H353161 77652                       0.0158561    0.02846  79.5%  25.6   82s
 365353 79989     cutoff   35         0.01586    0.02834  78.8%  25.5   85s
 386652 84398    0.02605   24   47    0.01586    0.02819  77.8%  25.5   90s
 412118 89160    0.02239   34   56    0.01586    0.02799  76.5%  25.4   95s
 436923 93254     cutoff   35         0.01586    0.02782  75.4%  25.2  100s
 460355 97244 infeasible   42         0.01586    0.02765  74.4%  25.2  105s
 485421 101660     cutoff   37         0.01586    0.02750  73.4%  25.1  110s

Cutting planes:
  Gomory: 15
  Implied bound: 36
  MIR: 24
  Flow cover: 84
  Inf proof: 3
  RLT: 73
  Relax-and-lift: 16
  BQP: 23

Explored 500413 nodes (12537695 simplex iterations) in 113.02 seconds (120.22 work units)
Thread count was 4 (of 4 available processors)

Solution count 10: 0.0158561 0.0157026 0.0156656 ... 0.0154968

Optimization achieved user objective limit
Best objective 1.585613551524e-02, best bound 2.742573907217e-02, gap 72.9661%
{"verdict": "PROVED", "status": "BOUND_REACHED", "runtime": 113.0185809135437, "objval": 0.015856135515241385, "objbound": 0.027425739072169865, "binaries": 50}
