Set parameter NodefileStart to value 6
Read parameters from file gurobi.env
Restricted license - for non-production use only - expires 2027-11-29
Set parameter OutputFlag to value 1
Set parameter Threads to value 4
Set parameter TimeLimit to value 360
Set parameter MIPGap to value 5e-05
Set parameter MIPFocus to value 2
Set parameter NonConvex to value 2
Set parameter BestBdStop to value 2.7426211734693878e-02
Gurobi Optimizer version 13.0.3 build v13.0.3rc0 (linux64 - "Ubuntu 24.04.5 LTS")

CPU model: AMD EPYC 9V74 80-Core Processor, instruction set [SSE2|AVX|AVX2]
Thread count: 2 physical cores, 4 logical processors, using up to 4 threads

Non-default parameters:
TimeLimit  360
BestBdStop  2.7426211734693878e-02
MIPGap  5e-05
MIPFocus  2
NodefileStart  6
NonConvex  2
Threads  4

Optimize a model with 141 rows, 111 columns and 810 nonzeros (Max)
Model fingerprint: 0x80ec038f
Model has 1 linear objective coefficients
Model has 50 quadratic constraints
Variable types: 65 continuous, 46 integer (46 binary)
Coefficient statistics:
  Matrix range     [5e-01, 1e+00]
  QMatrix range    [1e+00, 1e+00]
  QLMatrix range   [1e+00, 1e+00]
  Objective range  [1e+00, 1e+00]
  Bounds range     [5e-01, 1e+00]
  RHS range        [1e+00, 1e+00]

Found heuristic solution: objective -0.0000000
Presolve time: 0.00s
Presolved: 341 rows, 112 columns, 1210 nonzeros
Presolved model has 50 bilinear constraint(s)

Solving non-convex MIQCP to global optimality

Variable types: 66 continuous, 46 integer (46 binary)
Root relaxation presolve removed 50 rows and 1 columns
Root relaxation presolved: 291 rows, 111 columns, 1160 nonzeros


Root relaxation: objective 8.333333e-02, 98 iterations, 0.00 seconds (0.00 work units)

    Nodes    |    Current Node    |     Objective Bounds      |     Work
 Expl Unexpl |  Obj  Depth IntInf | Incumbent    BestBd   Gap | It/Node Time

     0     0    0.08333    0   46   -0.00000    0.08333      -     -    0s
     0     0    0.07246    0   74   -0.00000    0.07246      -     -    0s
     0     0    0.06250    0   71   -0.00000    0.06250      -     -    0s
     0     0    0.06250    0   63   -0.00000    0.06250      -     -    0s
     0     0    0.05556    0   60   -0.00000    0.05556      -     -    0s
     0     0    0.05556    0   64   -0.00000    0.05556      -     -    0s
     0     0    0.05556    0   53   -0.00000    0.05556      -     -    0s
     0     0    0.05556    0   49   -0.00000    0.05556      -     -    0s
     0     0    0.05556    0   52   -0.00000    0.05556      -     -    0s
     0     0    0.05556    0   52   -0.00000    0.05556      -     -    0s
     0     0    0.05556    0   44   -0.00000    0.05556      -     -    0s
     0     0    0.05556    0   48   -0.00000    0.05556      -     -    0s
     0     0    0.05556    0   48   -0.00000    0.05556      -     -    0s
     0     2    0.05556    0   48   -0.00000    0.05556      -     -    0s
H   91   104                       0.0000001    0.05053      -  15.4    0s
H 1170   932                       0.0000001    0.05053      -  19.8    1s
H 1235   935                       0.0000002    0.05053      -  21.9    1s
* 2192  1403             138       0.0000004    0.04342      -  21.5    1s
* 2283  1364             138       0.0000004    0.04342      -  21.3    2s
H 3043  1764                       0.0000006    0.04078      -  22.1    2s
* 4972  3118              99       0.0000006    0.03618      -  20.4    3s
* 4975  3118              99       0.0000006    0.03618      -  20.4    3s
 12454  8620    0.01752   29   53    0.00000    0.02902      -  18.7    5s
*14111  9585              66       0.0000006    0.02832      -  18.3    5s
*14124  9579              78       0.0000006    0.02832      -  18.3    5s
*14127  9579              80       0.0000006    0.02832      -  18.3    5s

Cutting planes:
  Gomory: 8
  Implied bound: 16
  MIR: 6
  Flow cover: 21
  Inf proof: 1
  RLT: 83
  Relax-and-lift: 4
  BQP: 16

Explored 16589 nodes (305518 simplex iterations) in 5.93 seconds (5.23 work units)
Thread count was 4 (of 4 available processors)

Solution count 10: 5.97345e-07 5.97129e-07 5.95966e-07 ... 1.40265e-07

Optimization achieved user objective limit
Best objective 5.973449195048e-07, best bound 2.738043211986e-02, gap -
{"verdict": "PROVED", "status": "BOUND_REACHED", "runtime": 5.932447195053101, "objval": 5.973449195048019e-07, "objbound": 0.027380432119856777, "binaries": 46}
