Set parameter NodefileStart to value 6
Read parameters from file gurobi.env
Restricted license - for non-production use only - expires 2027-11-29
Set parameter OutputFlag to value 1
Set parameter Threads to value 4
Set parameter TimeLimit to value 360
Set parameter MIPGap to value 5e-05
Set parameter MIPFocus to value 2
Set parameter NonConvex to value 2
Set parameter BestBdStop to value 2.7426211734693878e-02
Gurobi Optimizer version 13.0.3 build v13.0.3rc0 (linux64 - "Ubuntu 24.04.5 LTS")

CPU model: AMD EPYC 7763 64-Core Processor, instruction set [SSE2|AVX|AVX2]
Thread count: 2 physical cores, 4 logical processors, using up to 4 threads

Non-default parameters:
TimeLimit  360
BestBdStop  2.7426211734693878e-02
MIPGap  5e-05
MIPFocus  2
NodefileStart  6
NonConvex  2
Threads  4

Optimize a model with 133 rows, 103 columns and 742 nonzeros (Max)
Model fingerprint: 0xd6f3ccab
Model has 1 linear objective coefficients
Model has 50 quadratic constraints
Variable types: 65 continuous, 38 integer (38 binary)
Coefficient statistics:
  Matrix range     [5e-01, 1e+00]
  QMatrix range    [1e+00, 1e+00]
  QLMatrix range   [1e+00, 1e+00]
  Objective range  [1e+00, 1e+00]
  Bounds range     [5e-01, 1e+00]
  RHS range        [1e+00, 1e+00]

Found heuristic solution: objective -0.0000000
Presolve time: 0.00s
Presolved: 333 rows, 104 columns, 1142 nonzeros
Presolved model has 50 bilinear constraint(s)

Solving non-convex MIQCP to global optimality

Variable types: 66 continuous, 38 integer (38 binary)
Root relaxation presolve removed 50 rows and 1 columns
Root relaxation presolved: 283 rows, 103 columns, 1092 nonzeros


Root relaxation: objective 1.250000e-01, 116 iterations, 0.00 seconds (0.00 work units)

    Nodes    |    Current Node    |     Objective Bounds      |     Work
 Expl Unexpl |  Obj  Depth IntInf | Incumbent    BestBd   Gap | It/Node Time

     0     0    0.12500    0   57   -0.00000    0.12500      -     -    0s
     0     0    0.10000    0   64   -0.00000    0.10000      -     -    0s
     0     0    0.08333    0   49   -0.00000    0.08333      -     -    0s
     0     0    0.08333    0   66   -0.00000    0.08333      -     -    0s
     0     0    0.08333    0   65   -0.00000    0.08333      -     -    0s
     0     0    0.08333    0   66   -0.00000    0.08333      -     -    0s
     0     0    0.08333    0   66   -0.00000    0.08333      -     -    0s
     0     0    0.08333    0   66   -0.00000    0.08333      -     -    0s
     0     0    0.08333    0   65   -0.00000    0.08333      -     -    0s
     0     2    0.08333    0   65   -0.00000    0.08333      -     -    0s
H  147   156                       0.0000001    0.08125      -  26.6    0s
H  966   945                       0.0000002    0.07937      -  30.1    0s
* 1094   998              82       0.0000003    0.07937      -  29.8    0s
H 1167   953                       0.0000005    0.07937      -  30.1    1s
H 1168   905                       0.0000007    0.07937      -  30.1    1s
H 3542  2105                       0.0000008    0.04463      -  30.8    2s
 11147  8052    0.00394   53   52    0.00000    0.04463      -  31.0    5s
 31220 22581    0.00004   76   43    0.00000    0.04463      -  30.9   10s
 51426 37316    0.01437   36   50    0.00000    0.04463      -  30.2   15s
 72520 51710    0.01807   37   54    0.00000    0.04463      -  29.7   20s
 93952 66221    0.00001   75   42    0.00000    0.04463      -  29.9   25s
 115217 81730    0.01918   35   50    0.00000    0.04445      -  30.0   30s
 136973 97038    0.01322   38   50    0.00000    0.04370      -  29.8   35s
 156631 110483    0.00034   53   52    0.00000    0.04316      -  29.9   40s
 176715 124672     cutoff   60         0.00000    0.04261      -  29.8   45s
 197697 138832    0.00001   79   36    0.00000    0.04197      -  29.7   50s
 219080 154031     cutoff   85         0.00000    0.04152      -  29.7   55s
 239527 168141     cutoff   65         0.00000    0.04108      -  29.6   60s
 259555 181826    0.00419   51   50    0.00000    0.04064      -  29.5   65s
 281567 196975    0.00000   89   36    0.00000    0.04029      -  29.4   70s
 299319 209131    0.00001   59   36    0.00000    0.03991      -  29.4   75s
 320134 223203    0.00245   52   50    0.00000    0.03962      -  29.5   80s
 340778 237051 infeasible   79         0.00000    0.03937      -  29.4   85s
 361687 251984     cutoff   72         0.00000    0.03919      -  29.5   90s
 381187 265553 infeasible   45         0.00000    0.03897      -  29.5   95s
 402602 280628    0.00000   98   28    0.00000    0.03873      -  29.5  100s
 420805 293534    0.01147   37   51    0.00000    0.03854      -  29.5  105s
 438936 306226    0.03815   32   50    0.00000    0.03842      -  29.5  110s
 456174 318583    0.00000   79   42    0.00000    0.03827      -  29.6  115s
 476738 331812    0.01114   37   43    0.00000    0.03810      -  29.6  120s
 497501 346096    0.00262   52   51    0.00000    0.03790      -  29.6  125s
 518277 360299    0.00307   51   51    0.00000    0.03773      -  29.6  130s
 537708 373319     cutoff   78         0.00000    0.03757      -  29.6  135s
 558613 387927    0.00326   47   45    0.00000    0.03740      -  29.6  140s
 576142 400177    0.00173   57   50    0.00000    0.03727      -  29.5  145s
 596635 414586    0.02598   32   50    0.00000    0.03710      -  29.6  150s
 618366 429487    0.00006   63   47    0.00000    0.03693      -  29.5  155s
 639087 443075    0.02008   37   54    0.00000    0.03677      -  29.6  160s
 659298 456769    0.02615   35   54    0.00000    0.03660      -  29.6  165s
 680655 470905    0.01840   38   51    0.00000    0.03647      -  29.6  170s
 701842 485592    0.00010   75   35    0.00000    0.03634      -  29.6  175s
 721422 499086    0.00105   57   51    0.00000    0.03618      -  29.6  180s
 739375 511395    0.00001   90   40    0.00000    0.03607      -  29.6  185s
 760953 525649    0.00002   73   41    0.00000    0.03594      -  29.6  190s
 781890 539501    0.00012   59   38    0.00000    0.03581      -  29.6  195s
 801803 553104    0.01276   43   50    0.00000    0.03571      -  29.6  200s
 822927 567117    0.00011   46   50    0.00000    0.03559      -  29.5  205s
 844438 580937    0.00045   55   44    0.00000    0.03546      -  29.5  210s
 860848 592232    0.01634   37   51    0.00000    0.03537      -  29.5  215s
 877327 603176    0.00038   52   45    0.00000    0.03530      -  29.5  220s
 892454 613055    0.01622   34   50    0.00000    0.03521      -  29.5  225s
 914130 628059    0.00007   58   50    0.00000    0.03512      -  29.5  230s
 931471 638926    0.00000  106   33    0.00000    0.03501      -  29.5  235s
 952123 652698    0.00003   61   42    0.00000    0.03489      -  29.5  240s
 972704 666701    0.00063   66   43    0.00000    0.03478      -  29.5  245s
 993870 680725    0.01577   41   52    0.00000    0.03467      -  29.5  250s
 1013797 693981    0.00227   44   44    0.00000    0.03457      -  29.5  255s
 1031907 705951    0.00013   55   42    0.00000    0.03450      -  29.5  260s
 1052788 720047    0.00310   50   51    0.00000    0.03442      -  29.5  265s
 1073228 734115    0.00128   50   43    0.00000    0.03433      -  29.5  270s
 1094363 747866    0.01969   36   50    0.00000    0.03424      -  29.5  275s
 1114153 760999    0.01331   42   44    0.00000    0.03416      -  29.5  280s
 1135529 775370    0.00084   54   50    0.00000    0.03408      -  29.5  285s
 1156269 789210    0.00024   56   50    0.00000    0.03401      -  29.5  290s
 1174383 801263    0.00000   56   25    0.00000    0.03394      -  29.5  295s
 1194538 814950     cutoff  103         0.00000    0.03387      -  29.5  300s
 1214332 827706    0.01290   41   50    0.00000    0.03379      -  29.5  305s
 1234933 842147    0.01322   40   52    0.00000    0.03374      -  29.5  310s
 1254768 855535    0.03362   35   52    0.00000    0.03368      -  29.6  315s
 1275224 868393    0.00001   62   43    0.00000    0.03359      -  29.6  320s
 1296223 882219    0.00725   46   50    0.00000    0.03351      -  29.6  325s
 1314354 894052    0.00069   46   43    0.00000    0.03345      -  29.6  330s
 1334672 907424    0.01179   35   50    0.00000    0.03339      -  29.5  335s
 1354730 920550    0.00003   62   44    0.00000    0.03333      -  29.5  340s
 1373324 932670    0.00003   79   48    0.00000    0.03327      -  29.5  345s
 1391976 944818     cutoff   64         0.00000    0.03322      -  29.5  350s
 1412861 959356    0.00485   47   50    0.00000    0.03317      -  29.5  355s
 1428788 970087    0.00047   54   50    0.00000    0.03312      -  29.5  360s

Cutting planes:
  Gomory: 22
  MIR: 4
  Flow cover: 10
  RLT: 65
  BQP: 30

Explored 1428792 nodes (42213289 simplex iterations) in 360.00 seconds (348.88 work units)
Thread count was 4 (of 4 available processors)

Solution count 6: 7.69102e-07 6.6751e-07 5.49175e-07 ... -0

Time limit reached
Best objective 7.691024334067e-07, best bound 3.312428233905e-02, gap -
{"verdict": "UNRESOLVED", "status": "TIME_LIMIT", "runtime": 360.0019609928131, "objval": 7.691024334066654e-07, "objbound": 0.03312428233905036, "binaries": 38}
