Set parameter NodefileStart to value 6
Read parameters from file gurobi.env
Restricted license - for non-production use only - expires 2027-11-29
Set parameter OutputFlag to value 1
Set parameter Threads to value 4
Set parameter TimeLimit to value 360
Set parameter MIPGap to value 5e-05
Set parameter MIPFocus to value 2
Set parameter NonConvex to value 2
Set parameter BestBdStop to value 2.7426211734693878e-02
Gurobi Optimizer version 13.0.3 build v13.0.3rc0 (linux64 - "Ubuntu 24.04.5 LTS")

CPU model: AMD EPYC 9V74 80-Core Processor, instruction set [SSE2|AVX|AVX2]
Thread count: 2 physical cores, 4 logical processors, using up to 4 threads

Non-default parameters:
TimeLimit  360
BestBdStop  2.7426211734693878e-02
MIPGap  5e-05
MIPFocus  2
NodefileStart  6
NonConvex  2
Threads  4

Optimize a model with 141 rows, 111 columns and 810 nonzeros (Max)
Model fingerprint: 0x53222f34
Model has 1 linear objective coefficients
Model has 50 quadratic constraints
Variable types: 65 continuous, 46 integer (46 binary)
Coefficient statistics:
  Matrix range     [5e-01, 1e+00]
  QMatrix range    [1e+00, 1e+00]
  QLMatrix range   [1e+00, 1e+00]
  Objective range  [1e+00, 1e+00]
  Bounds range     [5e-01, 1e+00]
  RHS range        [1e+00, 1e+00]

Found heuristic solution: objective -0.0000000
Presolve time: 0.00s
Presolved: 341 rows, 112 columns, 1210 nonzeros
Presolved model has 50 bilinear constraint(s)

Solving non-convex MIQCP to global optimality

Variable types: 66 continuous, 46 integer (46 binary)
Root relaxation presolve removed 50 rows and 1 columns
Root relaxation presolved: 291 rows, 111 columns, 1160 nonzeros


Root relaxation: objective 8.333333e-02, 106 iterations, 0.00 seconds (0.00 work units)

    Nodes    |    Current Node    |     Objective Bounds      |     Work
 Expl Unexpl |  Obj  Depth IntInf | Incumbent    BestBd   Gap | It/Node Time

     0     0    0.08333    0   50   -0.00000    0.08333      -     -    0s
     0     0    0.08333    0   59   -0.00000    0.08333      -     -    0s
     0     0    0.08333    0   69   -0.00000    0.08333      -     -    0s
     0     0    0.08333    0   48   -0.00000    0.08333      -     -    0s
H    0     0                       0.0000001    0.08333      -     -    0s
H    0     0                       0.0000001    0.08333      -     -    0s
H    0     0                       0.0000003    0.08333      -     -    0s
H    0     0                       0.0000003    0.08333      -     -    0s
     0     0    0.08333    0   41    0.00000    0.08333      -     -    0s
     0     0    0.08229    0   56    0.00000    0.08229      -     -    0s
     0     0    0.08229    0   40    0.00000    0.08229      -     -    0s
     0     0    0.08229    0   40    0.00000    0.08229      -     -    0s
     0     0    0.08229    0   43    0.00000    0.08229      -     -    0s
     0     0    0.08229    0   43    0.00000    0.08229      -     -    0s
H    0     0                       0.0034722    0.08229  2270%     -    0s
H    0     0                       0.0039911    0.08229  1962%     -    0s
     0     2    0.08229    0   70    0.00399    0.08229  1962%     -    0s
H   21    31                       0.0039911    0.08229  1962%  37.0    0s
H 1042   818                       0.0057398    0.08229  1334%  29.4    1s
H 1147   918                       0.0057400    0.08229  1334%  29.4    1s
H 1613  1187                       0.0069235    0.08072  1066%  32.9    2s
* 1878  1230             109       0.0085065    0.07961   836%  32.5    2s
* 1879  1187             109       0.0085065    0.07961   836%  32.4    2s
H 2475  1350                       0.0085090    0.06833   703%  36.7    2s
H 3564  1247                       0.0135731    0.06229   359%  37.8    3s
H 4013  1530                       0.0137601    0.06142   346%  39.5    3s
  8002  3376    0.04100   29   62    0.01376    0.05508   300%  42.6    5s
 21808  9152    0.04231   30   57    0.01376    0.04888   255%  41.7   10s
 35149 13998    0.01498   38   58    0.01376    0.04682   240%  41.4   15s
 51045 19335     cutoff   39         0.01376    0.04472   225%  41.1   20s
 67422 24617    0.03669   33   66    0.01376    0.04348   216%  40.8   25s
 83606 29884    0.01773   39   60    0.01376    0.04266   210%  41.1   30s
 99352 34550    0.03307   34   65    0.01376    0.04194   205%  41.1   35s
 115705 39306    0.01711   35   44    0.01376    0.04128   200%  41.1   40s
 131938 44060    0.01632   30   56    0.01376    0.04065   195%  41.1   45s
 148488 48976    0.02689   35   56    0.01376    0.04020   192%  40.9   50s
 162039 52741     cutoff   40         0.01376    0.03985   190%  41.0   55s
 177755 57452    0.03662   33   59    0.01376    0.03945   187%  40.9   60s
 193976 61929     cutoff   43         0.01376    0.03903   184%  40.8   65s
 210526 66510    0.01793   41   56    0.01376    0.03864   181%  40.7   70s
 226449 70987    0.01405   45   36    0.01376    0.03827   178%  40.6   75s
 243101 75341    0.03696   27   61    0.01376    0.03792   176%  40.5   80s
 259973 79671    0.02895   38   58    0.01376    0.03762   173%  40.4   85s
 271061 83408    0.03385   35   61    0.01376    0.03743   172%  40.3   90s
 290078 87290    0.01873   34   61    0.01376    0.03715   170%  40.3   95s
 306846 91792    0.02235   34   54    0.01376    0.03693   168%  40.2  100s
 318283 94565    0.01920   37   54    0.01376    0.03677   167%  40.2  105s
 334377 98535     cutoff   38         0.01376    0.03654   166%  40.1  110s
H346802 101785                       0.0137602    0.03637   164%  40.1  113s
 348955 102384    0.03198   33   55    0.01376    0.03634   164%  40.1  115s
 365587 106538    0.02921   38   58    0.01376    0.03614   163%  40.0  120s
 381995 110548    0.02970   33   51    0.01376    0.03594   161%  40.0  125s
 398488 114458    0.01606   38   47    0.01376    0.03574   160%  40.0  130s
 414994 118005    0.01946   34   49    0.01376    0.03553   158%  39.9  135s
 430517 121580    0.02690   36   58    0.01376    0.03536   157%  39.9  140s
 446568 125411 infeasible   37         0.01376    0.03519   156%  39.8  145s
H460151 114834                       0.0161205    0.03505   117%  39.8  149s
H460327 114849                       0.0161205    0.03505   117%  39.8  149s
 461759 115127    0.03439   32   55    0.01612    0.03503   117%  39.8  150s
 475088 117742 infeasible   39         0.01612    0.03487   116%  39.7  155s
 491403 120840     cutoff   42         0.01612    0.03470   115%  39.7  160s
 508648 123754    0.02928   34   44    0.01612    0.03453   114%  39.6  165s
 525039 126596    0.02308   42   59    0.01612    0.03436   113%  39.5  170s
 541798 129228    0.01882   34   53    0.01612    0.03419   112%  39.5  175s
 558017 131837     cutoff   37         0.01612    0.03404   111%  39.4  180s
 575007 134740    0.02678   36   53    0.01612    0.03388   110%  39.3  185s
 591549 137296     cutoff   43         0.01612    0.03374   109%  39.3  190s
 608452 140069    0.02063   38   51    0.01612    0.03361   108%  39.2  195s
 625791 143060    0.01703   39   61    0.01612    0.03347   108%  39.1  200s
 637903 145058     cutoff   42         0.01612    0.03338   107%  39.1  205s
 654691 148094    0.01913   44   48    0.01612    0.03325   106%  39.0  210s
 671885 150739     cutoff   33         0.01612    0.03313   105%  39.0  215s
 688136 153515     cutoff   38         0.01612    0.03301   105%  39.0  220s
 705072 156132     cutoff   40         0.01612    0.03290   104%  38.9  225s
 722259 158938     cutoff   42         0.01612    0.03278   103%  38.8  230s
 739087 161719    0.02928   38   53    0.01612    0.03267   103%  38.8  235s
 754209 164097 infeasible   39         0.01612    0.03257   102%  38.7  240s
 770618 166464    0.01859   36   50    0.01612    0.03247   101%  38.7  245s
 787035 168965     cutoff   37         0.01612    0.03237   101%  38.6  250s
 804947 171705    0.02721   36   54    0.01612    0.03226   100%  38.6  255s
 821369 174137    0.02446   31   42    0.01612    0.03216  99.5%  38.5  260s
 838704 176984    0.02091   37   56    0.01612    0.03206  98.9%  38.5  265s
 855104 179408    0.02080   35   51    0.01612    0.03196  98.3%  38.4  270s
 870223 181538     cutoff   36         0.01612    0.03188  97.8%  38.4  275s
 887158 183855     cutoff   41         0.01612    0.03179  97.2%  38.3  280s
 904009 186315    0.01612   47   52    0.01612    0.03170  96.6%  38.3  285s
 920703 188815     cutoff   38         0.01612    0.03161  96.1%  38.2  290s
 937227 191275    0.01628   41   59    0.01612    0.03152  95.5%  38.2  295s
 954269 193496     cutoff   41         0.01612    0.03144  95.0%  38.2  300s
 971138 195810     cutoff   37         0.01612    0.03135  94.5%  38.1  305s
 985362 197962     cutoff   39         0.01612    0.03127  94.0%  38.1  310s
 1002304 200126    0.01652   39   45    0.01612    0.03119  93.5%  38.1  315s
 1019636 202458     cutoff   36         0.01612    0.03111  93.0%  38.0  320s
 1036895 205124    0.03053   33   58    0.01612    0.03103  92.5%  38.0  325s
 1053935 207438    0.01972   42   49    0.01612    0.03095  92.0%  37.9  330s
 1071218 209957     cutoff   44         0.01612    0.03088  91.5%  37.9  335s
*1077398 210849              65       0.0161210    0.03085  91.4%  37.9  336s
*1077402 210846              64       0.0161215    0.03085  91.4%  37.9  336s
 1087299 212165    0.01738   44   61    0.01612    0.03080  91.1%  37.9  340s
 1104568 214715    0.02443   34   55    0.01612    0.03074  90.6%  37.8  345s
 1121925 217258    0.01930   38   51    0.01612    0.03067  90.3%  37.8  350s
 1134539 219315    0.01765   35   56    0.01612    0.03062  89.9%  37.7  355s
 1150869 221780    0.01740   47   57    0.01612    0.03056  89.5%  37.7  360s

Cutting planes:
  Gomory: 20
  Implied bound: 37
  MIR: 19
  Flow cover: 68
  Inf proof: 57
  RLT: 118
  Relax-and-lift: 1
  BQP: 66

Explored 1151164 nodes (43390038 simplex iterations) in 360.00 seconds (400.97 work units)
Thread count was 4 (of 4 available processors)

Solution count 10: 0.0161215 0.016121 0.0161205 ... 0.00399111

Time limit reached
Best objective 1.612147369254e-02, best bound 3.055562769800e-02, gap 89.5337%
{"verdict": "UNRESOLVED", "status": "TIME_LIMIT", "runtime": 360.0030891895294, "objval": 0.01612147369253648, "objbound": 0.030555627698000673, "binaries": 46}
