Set parameter NodefileStart to value 6
Read parameters from file gurobi.env
Restricted license - for non-production use only - expires 2027-11-29
Set parameter OutputFlag to value 1
Set parameter Threads to value 4
Set parameter TimeLimit to value 360
Set parameter MIPGap to value 5e-05
Set parameter MIPFocus to value 2
Set parameter NonConvex to value 2
Set parameter BestBdStop to value 2.7426211734693878e-02
Gurobi Optimizer version 13.0.3 build v13.0.3rc0 (linux64 - "Ubuntu 24.04.5 LTS")

CPU model: AMD EPYC 7763 64-Core Processor, instruction set [SSE2|AVX|AVX2]
Thread count: 2 physical cores, 4 logical processors, using up to 4 threads

Non-default parameters:
TimeLimit  360
BestBdStop  2.7426211734693878e-02
MIPGap  5e-05
MIPFocus  2
NodefileStart  6
NonConvex  2
Threads  4

Optimize a model with 145 rows, 115 columns and 846 nonzeros (Max)
Model fingerprint: 0x5c636c00
Model has 1 linear objective coefficients
Model has 50 quadratic constraints
Variable types: 65 continuous, 50 integer (50 binary)
Coefficient statistics:
  Matrix range     [5e-01, 1e+00]
  QMatrix range    [1e+00, 1e+00]
  QLMatrix range   [1e+00, 1e+00]
  Objective range  [1e+00, 1e+00]
  Bounds range     [5e-01, 1e+00]
  RHS range        [1e+00, 1e+00]

Found heuristic solution: objective -0.0000000
Presolve time: 0.00s
Presolved: 345 rows, 116 columns, 1246 nonzeros
Presolved model has 50 bilinear constraint(s)

Solving non-convex MIQCP to global optimality

Variable types: 66 continuous, 50 integer (50 binary)
Root relaxation presolve removed 50 rows and 1 columns
Root relaxation presolved: 295 rows, 115 columns, 1196 nonzeros


Root relaxation: objective 8.333333e-02, 122 iterations, 0.00 seconds (0.00 work units)

    Nodes    |    Current Node    |     Objective Bounds      |     Work
 Expl Unexpl |  Obj  Depth IntInf | Incumbent    BestBd   Gap | It/Node Time

     0     0    0.08333    0   50   -0.00000    0.08333      -     -    0s
     0     0    0.07143    0   49   -0.00000    0.07143      -     -    0s
     0     0    0.07143    0   45   -0.00000    0.07143      -     -    0s
     0     0    0.07143    0   44   -0.00000    0.07143      -     -    0s
     0     0    0.07143    0   41   -0.00000    0.07143      -     -    0s
     0     0    0.07143    0   51   -0.00000    0.07143      -     -    0s
     0     0    0.07143    0   37   -0.00000    0.07143      -     -    0s
     0     0    0.07143    0   38   -0.00000    0.07143      -     -    0s
     0     0    0.07143    0   38   -0.00000    0.07143      -     -    0s
H    0     0                       0.0000000    0.07143      -     -    0s
     0     2    0.07143    0   38    0.00000    0.07143      -     -    0s
*  983   889              90       0.0000001    0.07143      -  19.6    0s
*  987   889              89       0.0000001    0.07143      -  19.6    0s
H 1152   933                       0.0000003    0.07143      -  19.9    1s
H 1166   895                       0.0078825    0.06840   768%  19.7    1s
H 1166   850                       0.0111976    0.06840   511%  19.7    1s
H 2183  1080                       0.0128140    0.05870   358%  25.7    1s
H 4974  1948                       0.0129995    0.05155   297%  29.6    2s
H 5025  1922                       0.0132625    0.05155   289%  29.5    2s
H 5079  1858                       0.0138943    0.05155   271%  29.4    2s
H 5712  2080                       0.0140106    0.05146   267%  29.8    2s
H 6995  2357                       0.0162548    0.05054   211%  31.0    3s
H 7092  2459                       0.0162548    0.05035   210%  31.0    3s
 11939  4205     cutoff   39         0.01625    0.04777   194%  32.2    5s
H13445  4727                       0.0162548    0.04726   191%  32.3    5s
H20073  6636                       0.0178280    0.04590   157%  32.0    7s
 30079  9771    0.01927   40   48    0.01783    0.04435   149%  32.4   10s
H33145 10177                       0.0186765    0.04406   136%  32.2   10s
 48895 15058    0.03126   29   53    0.01868    0.04305   131%  31.9   15s
*63051 18998              69       0.0186829    0.04247   127%  31.6   17s
*63053 18998              70       0.0186832    0.04247   127%  31.6   17s
H63351 16054                       0.0224651    0.04245  89.0%  31.6   18s
H63357 16156                       0.0224651    0.04245  89.0%  31.6   18s
H71221 17754                       0.0224652    0.04211  87.4%  31.3   19s
 71773 17920     cutoff   38         0.02247    0.04208  87.3%  31.2   20s
H73507 17804                       0.0228691    0.04202  83.7%  31.2   20s
H79172 18966                       0.0228691    0.04176  82.6%  31.1   22s
H85407 19828                       0.0232453    0.04153  78.6%  31.0   23s
 89910 20810    0.03288   39   53    0.02325    0.04134  77.8%  30.9   25s
 111474 24605    0.02435   40   33    0.02325    0.04058  74.6%  30.6   30s
 135500 28959    0.03510   36   46    0.02325    0.03991  71.7%  30.4   35s
H142348 30141                       0.0232498    0.03972  70.8%  30.2   36s
H147032 30902                       0.0232498    0.03961  70.4%  30.2   37s
 157503 32680 infeasible   39         0.02325    0.03937  69.3%  30.1   40s
 181442 36158    0.02815   36   52    0.02325    0.03879  66.9%  29.9   45s
 202432 38941    0.02499   28   53    0.02325    0.03834  64.9%  29.9   50s
 225902 42299    0.02417   37   51    0.02325    0.03792  63.1%  29.8   55s
 249973 45447     cutoff   35         0.02325    0.03747  61.2%  29.6   60s
 269930 47978     cutoff   36         0.02325    0.03712  59.7%  29.5   65s
 293864 51039     cutoff   36         0.02325    0.03678  58.2%  29.4   70s
 317557 53748     cutoff   36         0.02325    0.03644  56.7%  29.3   75s
 338709 55924     cutoff   39         0.02325    0.03615  55.5%  29.2   80s
 361767 58241    0.03147   37   53    0.02325    0.03586  54.2%  29.1   85s
 384596 60402     cutoff   38         0.02325    0.03556  52.9%  29.1   90s
 408320 62705     cutoff   38         0.02325    0.03529  51.8%  29.0   95s
 428800 64678     cutoff   38         0.02325    0.03507  50.8%  28.9  100s
 452808 66831    0.02668   36   45    0.02325    0.03481  49.7%  28.8  105s
 476541 68898     cutoff   41         0.02325    0.03457  48.7%  28.8  110s
 500384 70942     cutoff   33         0.02325    0.03434  47.7%  28.7  115s
 523995 72660    0.02381   31   26    0.02325    0.03413  46.8%  28.6  120s
 547159 74300    0.02621   28   62    0.02325    0.03391  45.8%  28.6  125s
 570642 75981    0.02540   38   43    0.02325    0.03370  45.0%  28.5  130s
 594955 77585    0.02590   43   29    0.02325    0.03352  44.2%  28.4  135s
 613790 78715    0.02624   37   53    0.02325    0.03335  43.4%  28.4  140s
 637768 80210    0.02633   27   50    0.02325    0.03314  42.6%  28.3  145s
 661263 81416    0.02487   31   49    0.02325    0.03294  41.7%  28.3  150s
 685249 82417    0.02580   32   54    0.02325    0.03275  40.9%  28.2  155s
 708871 83587    0.02757   32   56    0.02325    0.03257  40.1%  28.2  160s
 732341 84934     cutoff   34         0.02325    0.03239  39.3%  28.1  165s
 755639 85810    0.02988   30   57    0.02325    0.03222  38.6%  28.0  170s
 778599 86629     cutoff   37         0.02325    0.03206  37.9%  28.0  175s
 801990 87391    0.03058   32   63    0.02325    0.03189  37.2%  27.9  180s
 822853 88201    0.02846   36   44    0.02325    0.03175  36.6%  27.9  185s
 844025 89004     cutoff   36         0.02325    0.03161  35.9%  27.8  190s
 867348 89851     cutoff   35         0.02325    0.03144  35.2%  27.8  195s
 891662 90504     cutoff   49         0.02325    0.03127  34.5%  27.7  200s
 916277 91062     cutoff   35         0.02325    0.03111  33.8%  27.6  205s
 940086 91339    0.02357   29   52    0.02325    0.03094  33.1%  27.5  210s
 964824 91667    0.02381   36   55    0.02325    0.03077  32.4%  27.5  215s
 988591 92129     cutoff   41         0.02325    0.03062  31.7%  27.4  220s
 1009618 92077    0.02389   34   55    0.02325    0.03048  31.1%  27.3  225s
 1034127 92258     cutoff   33         0.02325    0.03032  30.4%  27.3  230s
 1058798 92860     cutoff   33         0.02325    0.03018  29.8%  27.2  235s
 1083467 92936    0.02562   37   62    0.02325    0.03003  29.2%  27.1  240s
 1108396 93112     cutoff   32         0.02325    0.02988  28.5%  27.1  245s
 1133297 93167     cutoff   36         0.02325    0.02973  27.9%  27.0  250s
 1158598 92973 infeasible   45         0.02325    0.02959  27.3%  26.9  255s
 1179967 92964    0.02710   45   51    0.02325    0.02947  26.8%  26.9  260s
 1204625 93076     cutoff   48         0.02325    0.02934  26.2%  26.8  265s
 1229107 92546 infeasible   46         0.02325    0.02920  25.6%  26.7  270s
 1254289 92268     cutoff   38         0.02325    0.02905  25.0%  26.7  275s
 1279143 92111     cutoff   39         0.02325    0.02891  24.4%  26.6  280s
 1303425 91523     cutoff   39         0.02325    0.02878  23.8%  26.5  285s
 1328272 91043     cutoff   36         0.02325    0.02863  23.2%  26.4  290s
 1353412 90566     cutoff   41         0.02325    0.02849  22.6%  26.3  295s
 1374355 90572     cutoff   36         0.02325    0.02839  22.1%  26.3  300s
 1397274 90290    0.02363   48   37    0.02325    0.02827  21.6%  26.2  305s
 1421782 89722    0.02636   40   56    0.02325    0.02814  21.0%  26.1  310s
 1447179 89106    0.02384   46   53    0.02325    0.02801  20.5%  26.0  315s
 1472437 88559    0.02415   43   30    0.02325    0.02787  19.9%  26.0  320s
 1497585 88166     cutoff   35         0.02325    0.02775  19.3%  25.9  325s
 1521578 87800    0.02396   51   24    0.02325    0.02763  18.8%  25.8  330s
 1547704 87889     cutoff   35         0.02325    0.02750  18.3%  25.7  335s

Cutting planes:
  Gomory: 10
  Implied bound: 25
  MIR: 3
  Flow cover: 20
  RLT: 98
  Relax-and-lift: 7
  BQP: 10

Explored 1564101 nodes (40095392 simplex iterations) in 338.82 seconds (361.55 work units)
Thread count was 4 (of 4 available processors)

Solution count 10: 0.0232498 0.0232453 0.0228691 ... 0.0162548

Optimization achieved user objective limit
Best objective 2.324976667468e-02, best bound 2.742486027603e-02, gap 17.9576%
{"verdict": "PROVED", "status": "BOUND_REACHED", "runtime": 338.82426595687866, "objval": 0.023249766674677968, "objbound": 0.027424860276029053, "binaries": 50}
