Set parameter NodefileStart to value 6
Read parameters from file gurobi.env
Restricted license - for non-production use only - expires 2027-11-29
Set parameter OutputFlag to value 1
Set parameter Threads to value 4
Set parameter TimeLimit to value 3600
Set parameter MIPGap to value 5e-05
Set parameter MIPFocus to value 2
Set parameter NonConvex to value 2
Set parameter BestBdStop to value 2.7426211734693878e-02
Gurobi Optimizer version 13.0.3 build v13.0.3rc0 (linux64 - "Ubuntu 24.04.5 LTS")

CPU model: INTEL(R) XEON(R) PLATINUM 8573C, instruction set [SSE2|AVX|AVX2|AVX512]
Thread count: 2 physical cores, 4 logical processors, using up to 4 threads

Non-default parameters:
TimeLimit  3600
BestBdStop  2.7426211734693878e-02
MIPGap  5e-05
MIPFocus  2
NodefileStart  6
NonConvex  2
Threads  4

Optimize a model with 161 rows, 131 columns and 950 nonzeros (Max)
Model fingerprint: 0xb822258e
Model has 1 linear objective coefficients
Model has 50 quadratic constraints
Variable types: 65 continuous, 66 integer (66 binary)
Coefficient statistics:
  Matrix range     [5e-01, 1e+00]
  QMatrix range    [1e+00, 1e+00]
  QLMatrix range   [1e+00, 1e+00]
  Objective range  [1e+00, 1e+00]
  Bounds range     [5e-01, 1e+00]
  RHS range        [1e+00, 1e+00]

Found heuristic solution: objective -0.0000000
Presolve time: 0.00s
Presolved: 361 rows, 132 columns, 1350 nonzeros
Presolved model has 50 bilinear constraint(s)

Solving non-convex MIQCP to global optimality

Variable types: 66 continuous, 66 integer (66 binary)
Root relaxation presolve removed 50 rows and 1 columns
Root relaxation presolved: 311 rows, 131 columns, 1300 nonzeros


Root relaxation: objective 1.250000e-01, 118 iterations, 0.00 seconds (0.00 work units)

    Nodes    |    Current Node    |     Objective Bounds      |     Work
 Expl Unexpl |  Obj  Depth IntInf | Incumbent    BestBd   Gap | It/Node Time

     0     0    0.12500    0   45   -0.00000    0.12500      -     -    0s
     0     0    0.12500    0   59   -0.00000    0.12500      -     -    0s
     0     0    0.10000    0   61   -0.00000    0.10000      -     -    0s
     0     0    0.10000    0   61   -0.00000    0.10000      -     -    0s
H    0     0                       0.0000000    0.10000      -     -    0s
     0     0    0.10000    0   61    0.00000    0.10000      -     -    0s
     0     0    0.10000    0   66    0.00000    0.10000      -     -    0s
     0     0    0.10000    0   61    0.00000    0.10000      -     -    0s
     0     0    0.10000    0   60    0.00000    0.10000      -     -    0s
     0     0    0.10000    0   50    0.00000    0.10000      -     -    0s
     0     0    0.10000    0   55    0.00000    0.10000      -     -    0s
     0     0    0.10000    0   45    0.00000    0.10000      -     -    0s
     0     0    0.10000    0   43    0.00000    0.10000      -     -    0s
     0     0    0.10000    0   43    0.00000    0.10000      -     -    0s
     0     2    0.10000    0   43    0.00000    0.10000      -     -    0s
H  101   112                       0.0000000    0.10000      -  21.7    0s
*  704   729             114       0.0000002    0.10000      -  17.4    0s
*  711   729             117       0.0000002    0.10000      -  17.2    0s
H 1154   968                       0.0000004    0.10000      -  17.3    1s
H 1154   919                       0.0000004    0.09757      -  17.3    1s
H 1388  1039                       0.0000005    0.09130      -  18.8    1s
H 1661  1216                       0.0008025    0.09130      -  17.5    1s
H 1687  1163                       0.0011288    0.09130  7989%  17.3    1s
H 1765  1158                       0.0014053    0.09130  6397%  16.9    1s
H 1796  1111                       0.0030093    0.09130  2934%  16.6    1s
* 1899  1129             117       0.0088181    0.09130   935%  16.2    1s
H 2946  1123                       0.0143757    0.09130   535%  18.2    2s
 10705  5822    0.07070   30   73    0.01438    0.08360   482%  31.3    5s
 25531 11734    0.02447   28   51    0.01438    0.07757   440%  35.1   10s
*37572 16717             120       0.0145673    0.07479   413%  36.1   14s
H38863 17165                       0.0145676    0.07460   412%  36.2   14s
 39488 17712     cutoff   42         0.01457    0.07442   411%  36.3   15s
H39953 15761                       0.0189790    0.07441   292%  36.3   15s
H39957 15761                       0.0189790    0.07441   292%  36.3   15s
H40998 15717                       0.0199779    0.07419   271%  36.3   15s
H42308 16049                       0.0203565    0.07379   262%  36.4   16s
H43583 16481                       0.0203565    0.07348   261%  36.4   16s
H43587 16625                       0.0204027    0.07348   260%  36.4   16s
H43670 16603                       0.0204680    0.07348   259%  36.5   16s
 51151 19664    0.03283   37   57    0.02047    0.07218   253%  36.7   20s
 66007 24984    0.03553   31   55    0.02047    0.07031   244%  37.0   25s
 81239 30609    0.02407   33   56    0.02047    0.06940   239%  37.3   30s
 96525 36397     cutoff   46         0.02047    0.06863   235%  37.4   35s
 111086 41725    0.03547   38   48    0.02047    0.06805   232%  37.7   40s
 126303 46838    0.03134   37   54    0.02047    0.06741   229%  37.9   45s
 140982 51950     cutoff   34         0.02047    0.06680   226%  38.0   50s
 152003 55818     cutoff   39         0.02047    0.06643   225%  38.2   55s
 164223 59833    0.03951   39   61    0.02047    0.06595   222%  38.2   60s
 180190 65397    0.03791   36   64    0.02047    0.06551   220%  38.2   65s
 194905 70310     cutoff   46         0.02047    0.06505   218%  38.3   70s
 210026 75359    0.04789   30   48    0.02047    0.06467   216%  38.3   75s
 223781 79920    0.02375   42   58    0.02047    0.06433   214%  38.3   80s
 237886 84412    0.03294   35   60    0.02047    0.06397   213%  38.4   85s
 251696 88931    0.03894   29   56    0.02047    0.06365   211%  38.4   90s
H262467 91304                       0.0210409    0.06347   202%  38.3   93s
*262498 90442             126       0.0214630    0.06347   196%  38.3   93s
*262500 90442             125       0.0214630    0.06347   196%  38.3   93s
H263826 90130                       0.0218177    0.06344   191%  38.3   94s
H265103 90602                       0.0218178    0.06342   191%  38.3   94s
H265212 89562                       0.0223364    0.06342   184%  38.3   94s
H265213 89351                       0.0224355    0.06342   183%  38.3   94s
 265435 89442     cutoff   28         0.02244    0.06342   183%  38.3   95s
H266345 88578                       0.0228151    0.06339   178%  38.3   95s
H267568 86858                       0.0237456    0.06336   167%  38.3   96s
H268615 87206                       0.0237457    0.06334   167%  38.4   96s
 276648 89684    0.05086   40   59    0.02375    0.06316   166%  38.4  100s
 292606 94429    0.03337   41   52    0.02375    0.06284   165%  38.4  105s
 305706 98531    0.04907   34   54    0.02375    0.06260   164%  38.4  110s
 316124 101479     cutoff   41         0.02375    0.06241   163%  38.5  115s
 330706 106009    0.04717   27   58    0.02375    0.06218   162%  38.6  120s
 344162 109804    0.03213   33   50    0.02375    0.06198   161%  38.6  125s
 358747 113910    0.02742   40   57    0.02375    0.06175   160%  38.7  130s
 372088 117271    0.06140   27   57    0.02375    0.06154   159%  38.7  135s
 387444 121585    0.05022   32   65    0.02375    0.06133   158%  38.8  140s
 400913 124991    0.04236   34   54    0.02375    0.06114   157%  38.8  145s
 415110 128766    0.05984   29   59    0.02375    0.06095   157%  38.9  150s
 429530 132640    0.03600   42   56    0.02375    0.06075   156%  39.0  155s
 443235 136429    0.02691   43   53    0.02375    0.06058   155%  39.0  160s
 452628 138830    0.03134   33   52    0.02375    0.06045   155%  39.0  165s
 466135 142296    0.02389   42   48    0.02375    0.06028   154%  39.0  170s
 480191 145873    0.02635   45   60    0.02375    0.06013   153%  39.0  175s
 494416 149587    0.02551   40   52    0.02375    0.05996   153%  39.1  180s
 508893 153080    0.04649   33   56    0.02375    0.05982   152%  39.1  185s
 523231 156536     cutoff   40         0.02375    0.05969   151%  39.1  190s
 537925 160011    0.05580   31   65    0.02375    0.05951   151%  39.1  195s
 552270 163607     cutoff   43         0.02375    0.05935   150%  39.1  200s
 566826 167413    0.04913   35   56    0.02375    0.05919   149%  39.2  205s
 581200 171134    0.02384   45   55    0.02375    0.05904   149%  39.2  210s
 594928 174413    0.04184   27   63    0.02375    0.05889   148%  39.2  215s
 606467 177368     cutoff   35         0.02375    0.05878   148%  39.2  220s
 620105 180858    0.04682   39   58    0.02375    0.05864   147%  39.2  225s
 635070 184376    0.03963   38   35    0.02375    0.05851   146%  39.3  230s
 649138 187752    0.03158   41   58    0.02375    0.05837   146%  39.3  235s
 663088 191178    0.03921   40   58    0.02375    0.05823   145%  39.3  240s
 678099 194854     cutoff   37         0.02375    0.05809   145%  39.3  245s
 691518 197872     cutoff   46         0.02375    0.05796   144%  39.3  250s
 706565 201502    0.04468   37   61    0.02375    0.05784   144%  39.3  255s
 719917 204694     cutoff   37         0.02375    0.05771   143%  39.3  260s
 733344 207486    0.05169   36   46    0.02375    0.05759   143%  39.4  265s
 745746 210531    0.05282   38   58    0.02375    0.05748   142%  39.4  270s
 758089 213655    0.03358   35   53    0.02375    0.05740   142%  39.4  275s
 771693 217151    0.04036   29   54    0.02375    0.05730   141%  39.4  280s
 784469 220355     cutoff   40         0.02375    0.05719   141%  39.4  285s
 800140 223713    0.02441   35   51    0.02375    0.05708   140%  39.4  290s
 814585 227007    0.02691   35   55    0.02375    0.05696   140%  39.4  295s
 828846 230343 infeasible   44         0.02375    0.05685   139%  39.4  300s
 843518 233704    0.05598   37   63    0.02375    0.05674   139%  39.4  305s
 858897 237426    0.03219   38   56    0.02375    0.05664   139%  39.4  310s
 873523 240899     cutoff   40         0.02375    0.05655   138%  39.4  315s
 888921 244481    0.02873   42   52    0.02375    0.05647   138%  39.4  320s
 901767 247400     cutoff   38         0.02375    0.05639   137%  39.5  325s
 915797 250779    0.03078   33   65    0.02375    0.05631   137%  39.5  330s
 930155 254081    0.03489   35   65    0.02375    0.05623   137%  39.5  335s
 943144 256896    0.04090   33   55    0.02375    0.05615   136%  39.5  340s
 953245 259295    0.02884   46   55    0.02375    0.05609   136%  39.5  345s
 965193 262141    0.02863   33   56    0.02375    0.05603   136%  39.5  350s
 981040 265446    0.02407   51   56    0.02375    0.05593   136%  39.5  355s
 994592 268440    0.03084   38   56    0.02375    0.05585   135%  39.5  360s
 1007514 271335    0.04991   41   61    0.02375    0.05577   135%  39.5  365s
 1020850 274449    0.04768   33   54    0.02375    0.05570   135%  39.5  370s
 1034832 277304    0.02990   41   58    0.02375    0.05562   134%  39.5  375s
 1048114 280403     cutoff   45         0.02375    0.05555   134%  39.5  380s
 1061710 283583     cutoff   39         0.02375    0.05547   134%  39.5  385s
 1076508 286704     cutoff   48         0.02375    0.05539   133%  39.5  390s
 1090712 290262    0.03198   25   55    0.02375    0.05532   133%  39.5  395s
 1104568 293251    0.03049   35   56    0.02375    0.05525   133%  39.5  400s
 1117709 296096    0.05227   37   59    0.02375    0.05518   132%  39.5  405s
 1132941 299196    0.03069   31   52    0.02375    0.05511   132%  39.5  410s
 1147605 302186    0.03832   39   64    0.02375    0.05504   132%  39.5  415s
 1160674 305441    0.03474   36   57    0.02375    0.05497   132%  39.5  420s
 1174512 308025    0.05101   34   51    0.02375    0.05490   131%  39.5  425s
 1189771 310940    0.02593   39   39    0.02375    0.05483   131%  39.5  430s
 1203028 313933     cutoff   42         0.02375    0.05476   131%  39.5  435s
 1214053 316215    0.04738   41   61    0.02375    0.05472   130%  39.5  440s
 1229004 319771    0.03164   38   52    0.02375    0.05465   130%  39.5  445s
 1242755 323026     cutoff   29         0.02375    0.05460   130%  39.4  450s
 1257912 326345    0.03160   36   58    0.02375    0.05453   130%  39.4  455s
 1269094 328606    0.05425   35   62    0.02375    0.05448   129%  39.4  460s
 1285435 331927    0.03635   36   58    0.02375    0.05440   129%  39.4  465s
 1302021 335591    0.03368   35   61    0.02375    0.05433   129%  39.3  470s
 1316488 338531    0.03839   35   65    0.02375    0.05427   129%  39.3  475s
 1331130 341885    0.02652   40   60    0.02375    0.05420   128%  39.3  480s
 1346671 345040    0.02376   50   55    0.02375    0.05414   128%  39.3  485s
 1361439 348130     cutoff   43         0.02375    0.05407   128%  39.2  490s
 1377256 351452    0.02855   26   76    0.02375    0.05400   127%  39.2  495s
 1390534 354095     cutoff   46         0.02375    0.05395   127%  39.2  500s
 1405736 356938    0.02463   46   57    0.02375    0.05389   127%  39.1  505s
 1421543 360333     cutoff   41         0.02375    0.05383   127%  39.1  510s
 1436889 363511    0.03587   36   52    0.02375    0.05377   126%  39.1  515s
 1451562 366454     cutoff   40         0.02375    0.05372   126%  39.1  520s
 1464037 368722     cutoff   36         0.02375    0.05367   126%  39.0  525s
 1479455 372500     cutoff   37         0.02375    0.05362   126%  39.0  530s
 1495373 376030    0.03269   34   55    0.02375    0.05357   126%  39.0  535s
 1510998 379561     cutoff   38         0.02375    0.05352   125%  39.0  540s
 1526327 382576    0.02920   40   51    0.02375    0.05347   125%  38.9  545s
 1542212 385777    0.04087   39   60    0.02375    0.05340   125%  38.9  550s
 1556454 388812     cutoff   40         0.02375    0.05335   125%  38.9  555s
 1571972 392496     cutoff   40         0.02375    0.05330   124%  38.9  560s
 1587909 395953     cutoff   43         0.02375    0.05325   124%  38.9  565s
 1603380 399103     cutoff   23         0.02375    0.05320   124%  38.9  570s
 1618357 401788    0.02421   29   52    0.02375    0.05315   124%  38.8  575s
 1632763 404520    0.03946   40   56    0.02375    0.05311   124%  38.8  580s
 1644599 406953    0.02717   39   56    0.02375    0.05307   124%  38.8  585s
 1659331 409627    0.04992   30   67    0.02375    0.05302   123%  38.8  590s
 1674067 412809    0.02412   49   55    0.02375    0.05298   123%  38.7  595s
 1689729 416176    0.04653   29   74    0.02375    0.05293   123%  38.7  600s
 1703418 418848     cutoff   28         0.02375    0.05289   123%  38.7  605s
 1717802 421946    0.03118   40   67    0.02375    0.05285   123%  38.7  610s
 1733300 424902    0.03955   36   56    0.02375    0.05280   122%  38.7  616s
 1747806 428326    0.03292   36   54    0.02375    0.05275   122%  38.6  620s
 1762314 431195    0.02869   35   49    0.02375    0.05271   122%  38.6  625s
 1778212 434302     cutoff   40         0.02375    0.05266   122%  38.6  630s
 1795304 437703    0.04860   35   66    0.02375    0.05262   122%  38.6  635s
 1810830 440613    0.03382   41   47    0.02375    0.05257   121%  38.6  640s
 1825023 443282    0.02716   38   60    0.02375    0.05253   121%  38.5  645s
 1839786 446024    0.03094   42   64    0.02375    0.05249   121%  38.5  650s
 1856285 449395    0.03823   35   40    0.02375    0.05245   121%  38.5  655s
 1870480 452208    0.04409   36   69    0.02375    0.05241   121%  38.5  660s
 1885428 455423    0.03759   39   61    0.02375    0.05236   121%  38.5  665s
 1900594 458390    0.02563   36   46    0.02375    0.05232   120%  38.5  670s
 1913187 460914    0.02574   35   61    0.02375    0.05228   120%  38.4  675s
 1928821 464194     cutoff   46         0.02375    0.05223   120%  38.4  680s
 1942596 467332    0.02705   49   46    0.02375    0.05220   120%  38.4  685s
 1959437 470889    0.03824   33   58    0.02375    0.05216   120%  38.4  690s
 1974758 473549    0.03993   38   50    0.02375    0.05212   119%  38.4  695s
 1989972 476562     cutoff   36         0.02375    0.05208   119%  38.4  700s
 2002833 479170     cutoff   32         0.02375    0.05204   119%  38.4  705s
 2019432 482198    0.02692   45   49    0.02375    0.05199   119%  38.3  710s
 2034677 485055    0.04283   37   63    0.02375    0.05195   119%  38.3  715s
 2050086 487633     cutoff   33         0.02375    0.05191   119%  38.3  720s
 2065464 490649    0.02535   39   52    0.02375    0.05186   118%  38.3  725s
 2079594 493226    0.02859   44   57    0.02375    0.05183   118%  38.3  730s
 2093322 495955    0.03319   39   65    0.02375    0.05179   118%  38.3  735s
 2108569 498606    0.04501   32   62    0.02375    0.05175   118%  38.2  740s
 2123265 501856     cutoff   35         0.02375    0.05172   118%  38.2  745s
 2136661 504445    0.04113   42   60    0.02375    0.05168   118%  38.2  750s
 2151826 507524     cutoff   42         0.02375    0.05164   117%  38.2  755s
 2166530 510437    0.04108   40   63    0.02375    0.05160   117%  38.2  760s
 2179667 513105     cutoff   44         0.02375    0.05157   117%  38.2  765s
 2193956 515991    0.03817   33   49    0.02375    0.05153   117%  38.2  770s
 2210354 519106     cutoff   48         0.02375    0.05149   117%  38.2  775s
 2227617 522702    0.03726   41   60    0.02375    0.05147   117%  38.2  780s
 2244530 525702     cutoff   44         0.02375    0.05143   117%  38.1  785s
 2259594 528822    0.02791   37   55    0.02375    0.05139   116%  38.1  790s
 2275927 532033     cutoff   42         0.02375    0.05135   116%  38.1  795s
 2291522 535062    0.05132   31   63    0.02375    0.05132   116%  38.1  800s
 2307958 538078    0.04577   36   63    0.02375    0.05128   116%  38.1  805s
 2323174 541069    0.04037   41   53    0.02375    0.05124   116%  38.1  810s
 2336986 543412    0.03542   33   64    0.02375    0.05121   116%  38.1  815s
 2347279 545044     cutoff   33         0.02375    0.05119   116%  38.1  820s
 2362656 547904    0.02902   32   52    0.02375    0.05115   115%  38.0  825s
 2377462 551033    0.04146   33   54    0.02375    0.05112   115%  38.0  830s
 2391226 553519    0.02790   39   53    0.02375    0.05109   115%  38.0  835s
 2405936 555968    0.02757   35   52    0.02375    0.05106   115%  38.0  840s
 2421416 558771    0.02401   46   63    0.02375    0.05102   115%  38.0  845s
 2435777 561487     cutoff   47         0.02375    0.05099   115%  38.0  850s
 2449376 563807    0.03211   40   58    0.02375    0.05096   115%  38.0  855s
 2464971 566462    0.02486   40   60    0.02375    0.05093   114%  38.0  860s
 2480396 569236    0.02957   44   63    0.02375    0.05089   114%  37.9  865s
 2494400 571446    0.04304   37   53    0.02375    0.05086   114%  37.9  870s
 2509629 574077    0.02590   41   51    0.02375    0.05082   114%  37.9  875s
 2523829 576727    0.02485   34   59    0.02375    0.05080   114%  37.9  880s
 2540425 579633    0.02730   39   55    0.02375    0.05076   114%  37.9  885s
 2551922 582041     cutoff   45         0.02375    0.05073   114%  37.9  890s
 2567771 584662    0.02544   34   52    0.02375    0.05070   114%  37.9  895s
 2582022 587406    0.02444   36   56    0.02375    0.05067   113%  37.9  900s
 2597784 590256     cutoff   35         0.02375    0.05064   113%  37.9  905s
 2612690 593152    0.03485   31   50    0.02375    0.05061   113%  37.9  910s
 2627071 595540     cutoff   49         0.02375    0.05058   113%  37.9  915s
 2640599 597873     cutoff   56         0.02375    0.05055   113%  37.9  920s
 2654140 600502    0.02448   43   57    0.02375    0.05052   113%  37.9  925s
 2666740 602838     cutoff   34         0.02375    0.05050   113%  37.9  930s
 2678535 604767    0.02942   38   56    0.02375    0.05047   113%  37.9  935s
 2690851 607103    0.03001   39   57    0.02375    0.05045   112%  37.9  940s
 2707221 610010    0.03146   35   49    0.02375    0.05041   112%  37.9  945s
 2721412 612438    0.03712   38   48    0.02375    0.05038   112%  37.9  950s
 2733983 614539    0.02553   33   52    0.02375    0.05036   112%  37.9  955s
 2748479 616829     cutoff   42         0.02375    0.05033   112%  37.9  960s
 2762504 619266    0.02959   38   51    0.02375    0.05030   112%  37.9  965s
 2777589 621674    0.03696   34   51    0.02375    0.05027   112%  37.9  970s
 2792500 624551    0.03206   30   54    0.02375    0.05024   112%  37.9  975s
 2806173 627053    0.02787   37   49    0.02375    0.05021   111%  37.9  980s
 2820949 629595    0.02941   43   60    0.02375    0.05018   111%  37.9  985s
 2835953 632402     cutoff   35         0.02375    0.05015   111%  37.9  990s
 2849438 634620    0.02590   39   57    0.02375    0.05013   111%  37.9  995s
 2864463 637232     cutoff   37         0.02375    0.05010   111%  37.9 1000s
 2878498 639855    0.03307   37   55    0.02375    0.05007   111%  37.9 1005s
 2891912 642260    0.02874   37   53    0.02375    0.05004   111%  37.9 1010s
 2903629 644099    0.02675   35   51    0.02375    0.05001   111%  37.9 1015s
 2918246 646605     cutoff   41         0.02375    0.04998   110%  37.9 1020s
 2932505 648899    0.03524   45   55    0.02375    0.04996   110%  37.9 1025s
 2947366 651575    0.03900   35   55    0.02375    0.04993   110%  37.9 1030s
 2962641 653913    0.03020   36   64    0.02375    0.04990   110%  37.9 1035s
 2976048 655888    0.02878   32   47    0.02375    0.04988   110%  37.9 1040s
 2989598 658367     cutoff   44         0.02375    0.04985   110%  37.9 1045s
 3004182 660797    0.04235   34   59    0.02375    0.04982   110%  37.9 1050s
 3016719 663062     cutoff   41         0.02375    0.04980   110%  37.9 1055s
 3031062 665430    0.02428   33   50    0.02375    0.04977   110%  37.9 1060s
 3045160 667759    0.04430   41   62    0.02375    0.04974   109%  37.9 1065s
 3058358 669954    0.03239   44   59    0.02375    0.04972   109%  37.9 1070s
 3071966 672151    0.02575   34   55    0.02375    0.04969   109%  37.9 1075s
 3086696 674569    0.02853   33   52    0.02375    0.04966   109%  37.9 1080s
 3096360 676247    0.02622   41   52    0.02375    0.04965   109%  37.9 1085s
 3112851 678730     cutoff   34         0.02375    0.04962   109%  37.9 1090s
 3126872 680997    0.03294   26   54    0.02375    0.04959   109%  37.9 1095s
 3138478 683058     cutoff   41         0.02375    0.04957   109%  37.9 1100s
 3153287 685471     cutoff   39         0.02375    0.04954   109%  37.9 1105s
 3166652 687789    0.02454   40   52    0.02375    0.04951   109%  37.9 1110s
 3181245 690360    0.03335   37   59    0.02375    0.04949   108%  37.9 1115s
 3196228 692903    0.02788   47   55    0.02375    0.04947   108%  37.9 1120s
 3210099 695210    0.02847   51   45    0.02375    0.04944   108%  37.9 1125s
 3224129 697512     cutoff   49         0.02375    0.04942   108%  37.9 1130s
 3238439 699419     cutoff   46         0.02375    0.04939   108%  37.9 1135s
 3253770 701661     cutoff   39         0.02375    0.04936   108%  37.9 1140s
 3267601 703945    0.04781   36   60    0.02375    0.04934   108%  37.9 1145s
 3280226 705961     cutoff   52         0.02375    0.04931   108%  37.9 1150s
 3292723 707969    0.02384   43   53    0.02375    0.04929   108%  37.9 1155s
 3307639 710551    0.03499   43   59    0.02375    0.04927   107%  37.9 1160s
 3321922 712838    0.02396   38   51    0.02375    0.04924   107%  37.9 1165s
 3336458 715051    0.02837   43   57    0.02375    0.04922   107%  37.9 1170s
 3350111 717190    0.04171   41   60    0.02375    0.04919   107%  37.9 1175s
 3364937 719483    0.02597   33   53    0.02375    0.04917   107%  37.9 1180s
 3379606 721655     cutoff   36         0.02375    0.04914   107%  37.9 1185s
 3397895 724529    0.02471   42   59    0.02375    0.04911   107%  37.8 1190s
 3413043 726896     cutoff   39         0.02375    0.04909   107%  37.8 1195s
 3427704 729255     cutoff   37         0.02375    0.04906   107%  37.8 1200s
 3443194 731667     cutoff   38         0.02375    0.04903   106%  37.8 1205s
 3458514 733912    0.02556   55   44    0.02375    0.04901   106%  37.8 1210s
 3469252 735765    0.02557   39   50    0.02375    0.04899   106%  37.8 1215s
 3483610 738139     cutoff   43         0.02375    0.04896   106%  37.8 1220s
 3499420 740699    0.03992   47   60    0.02375    0.04893   106%  37.8 1225s
 3514581 743043    0.02791   37   55    0.02375    0.04891   106%  37.8 1230s
 3529914 745687     cutoff   35         0.02375    0.04888   106%  37.8 1235s
 3545072 748064    0.04813   39   61    0.02375    0.04886   106%  37.8 1240s
 3559657 750302    0.03179   40   55    0.02375    0.04883   106%  37.8 1245s
 3573267 752653     cutoff   34         0.02375    0.04881   106%  37.8 1250s
 3588469 755120     cutoff   45         0.02375    0.04878   105%  37.8 1255s
 3602218 757302    0.03630   39   51    0.02375    0.04876   105%  37.8 1260s
 3617415 759796     cutoff   50         0.02375    0.04874   105%  37.8 1265s
 3627218 761363    0.02524   36   43    0.02375    0.04873   105%  37.8 1270s
 3641517 763870     cutoff   38         0.02375    0.04870   105%  37.8 1275s
 3657083 766579     cutoff   41         0.02375    0.04868   105%  37.8 1280s
 3672784 769008    0.04782   39   66    0.02375    0.04865   105%  37.8 1285s
 3688088 771628    0.02773   34   54    0.02375    0.04863   105%  37.8 1290s
 3702484 774026    0.02690   35   59    0.02375    0.04860   105%  37.8 1295s
 3717956 776581     cutoff   50         0.02375    0.04858   105%  37.8 1300s
 3733100 779114    0.02494   27   54    0.02375    0.04856   104%  37.8 1305s
 3748879 781663    0.02756   43   48    0.02375    0.04853   104%  37.8 1310s
 3764923 784353    0.02773   39   68    0.02375    0.04851   104%  37.8 1315s
 3779371 786852    0.02840   37   47    0.02375    0.04849   104%  37.8 1320s
 3795047 789804    0.02624   41   55    0.02375    0.04847   104%  37.8 1325s
 3809749 792176    0.02498   50   55    0.02375    0.04845   104%  37.8 1330s
 3824996 794822    0.03299   34   62    0.02375    0.04843   104%  37.8 1335s
 3837312 796854     cutoff   37         0.02375    0.04841   104%  37.8 1340s
 3853112 799529     cutoff   39         0.02375    0.04839   104%  37.8 1345s
 3868134 801820    0.03166   38   52    0.02375    0.04837   104%  37.8 1350s
 3883349 804164     cutoff   42         0.02375    0.04835   104%  37.8 1355s
 3900566 806723    0.02481   44   57    0.02375    0.04832   103%  37.8 1360s
 3916302 809606    0.02655   43   56    0.02375    0.04830   103%  37.8 1365s
 3931989 811991    0.04827   32   54    0.02375    0.04828   103%  37.8 1370s
 3948003 814973     cutoff   41         0.02375    0.04825   103%  37.8 1375s
 3963766 817398     cutoff   43         0.02375    0.04823   103%  37.8 1380s
 3976862 819384    0.03115   36   50    0.02375    0.04821   103%  37.8 1385s
 3991669 821762    0.03001   38   56    0.02375    0.04819   103%  37.8 1390s
 4006738 824219    0.03578   36   63    0.02375    0.04817   103%  37.7 1395s
 4022432 826688    0.03914   40   59    0.02375    0.04815   103%  37.7 1400s
 4038072 829251    0.02981   36   58    0.02375    0.04812   103%  37.7 1405s
 4052991 831727    0.03011   45   49    0.02375    0.04810   103%  37.7 1410s
 4068652 834153     cutoff   38         0.02375    0.04808   102%  37.7 1415s
 4083299 836363    0.03999   37   56    0.02375    0.04806   102%  37.7 1420s
 4098339 838565    0.02525   35   56    0.02375    0.04804   102%  37.7 1425s
 4111302 840605    0.03020   39   55    0.02375    0.04802   102%  37.7 1430s
 4124131 842670    0.04800   32   61    0.02375    0.04800   102%  37.7 1435s
 4139690 844918    0.04629   32   51    0.02375    0.04798   102%  37.7 1440s
 4154518 847021    0.02401   38   49    0.02375    0.04796   102%  37.7 1445s
 4165567 848668     cutoff   48         0.02375    0.04795   102%  37.7 1450s
 4179801 851009     cutoff   44         0.02375    0.04793   102%  37.7 1455s
 4194884 853354     cutoff   40         0.02375    0.04791   102%  37.7 1460s
 4209301 855660     cutoff   45         0.02375    0.04789   102%  37.7 1465s
 4224792 858057    0.03032   39   50    0.02375    0.04786   102%  37.7 1470s
 4239789 860354    0.04784   30   60    0.02375    0.04784   101%  37.7 1475s
 4254340 862663 infeasible   47         0.02375    0.04782   101%  37.7 1480s
 4269369 865008     cutoff   39         0.02375    0.04781   101%  37.7 1485s
 4281449 866927    0.02485   41   45    0.02375    0.04779   101%  37.7 1490s
 4295575 869231    0.04156   31   54    0.02375    0.04777   101%  37.7 1495s
 4309684 871344     cutoff   39         0.02375    0.04775   101%  37.7 1500s
 4320810 873117    0.03303   40   60    0.02375    0.04774   101%  37.7 1505s
 4337029 875600    0.02452   41   55    0.02375    0.04772   101%  37.7 1510s
 4352192 877942    0.03863   42   62    0.02375    0.04769   101%  37.7 1515s
 4365024 879951     cutoff   35         0.02375    0.04768   101%  37.7 1520s
 4379689 882041    0.02454   45   54    0.02375    0.04766   101%  37.7 1525s
 4394092 884342    0.02693   33   37    0.02375    0.04764   101%  37.7 1530s
 4408949 886520     cutoff   37         0.02375    0.04762   101%  37.7 1535s
 4424911 888965    0.02787   35   58    0.02375    0.04760   100%  37.7 1540s
 4438989 891104    0.02545   37   56    0.02375    0.04758   100%  37.7 1545s
 4454216 893285    0.02571   45   49    0.02375    0.04756   100%  37.7 1550s
 4469673 895649    0.02856   41   50    0.02375    0.04754   100%  37.7 1555s
 4485618 898057     cutoff   40         0.02375    0.04752   100%  37.7 1560s
 4499771 899999 infeasible   34         0.02375    0.04751   100%  37.7 1565s
 4514514 902444     cutoff   47         0.02375    0.04749   100%  37.7 1570s
 4531418 905253     cutoff   43         0.02375    0.04747   100%  37.7 1575s
 4546390 907475    0.03835   43   59    0.02375    0.04745   100%  37.6 1580s
 4557410 909277    0.03388   41   55    0.02375    0.04743   100%  37.6 1585s
 4575251 912056     cutoff   43         0.02375    0.04741   100%  37.6 1590s
 4590396 914415    0.02691   35   52    0.02375    0.04739   100%  37.6 1595s
 4603172 916237    0.02990   33   55    0.02375    0.04738   100%  37.6 1600s
 4618433 918605     cutoff   36         0.02375    0.04736  99.4%  37.6 1605s
 4632178 920567    0.04319   37   66    0.02375    0.04734  99.4%  37.6 1610s
 4648546 923187     cutoff   40         0.02375    0.04732  99.3%  37.6 1615s
 4665095 925656    0.03605   37   59    0.02375    0.04730  99.2%  37.6 1620s
 4680764 927921     cutoff   42         0.02375    0.04728  99.1%  37.6 1625s
 4696478 930429    0.04629   42   66    0.02375    0.04726  99.0%  37.6 1630s
 4711418 932606    0.04594   31   66    0.02375    0.04724  99.0%  37.6 1635s
 4726905 935054    0.03564   44   60    0.02375    0.04723  98.9%  37.6 1640s
 4738214 936909    0.02376   44   47    0.02375    0.04721  98.8%  37.6 1645s
 4753855 939104    0.02706   46   58    0.02375    0.04719  98.7%  37.6 1650s
 4769376 941708    0.02418   45   61    0.02375    0.04717  98.7%  37.6 1655s
 4784792 943785     cutoff   37         0.02375    0.04715  98.6%  37.6 1660s
 4800183 945974    0.03451   33   57    0.02375    0.04713  98.5%  37.6 1665s
 4815889 948256    0.02382   43   52    0.02375    0.04712  98.4%  37.6 1670s
 4830058 950307     cutoff   41         0.02375    0.04710  98.4%  37.6 1675s
 4844776 952471    0.02721   47   55    0.02375    0.04708  98.3%  37.6 1680s
 4858906 954734    0.03992   40   57    0.02375    0.04706  98.2%  37.6 1686s
 4872193 956882    0.03906   45   59    0.02375    0.04705  98.1%  37.6 1690s
 4887265 959002    0.02574   40   54    0.02375    0.04703  98.1%  37.6 1695s
 4903017 961312    0.04271   30   64    0.02375    0.04701  98.0%  37.6 1700s
 4916638 963563     cutoff   43         0.02375    0.04700  97.9%  37.6 1705s
 4928124 965276    0.02733   42   52    0.02375    0.04698  97.9%  37.6 1710s
 4943557 967839    0.03398   39   57    0.02375    0.04696  97.8%  37.6 1715s
 4958708 970030    0.04164   40   61    0.02375    0.04695  97.7%  37.6 1720s
 4972262 972176    0.02439   41   55    0.02375    0.04693  97.6%  37.6 1725s
 4988699 974532     cutoff   35         0.02375    0.04691  97.6%  37.6 1730s
 5005510 976911    0.02972   34   65    0.02375    0.04689  97.5%  37.5 1735s
 5019958 979446    0.02977   38   66    0.02375    0.04688  97.4%  37.5 1740s
 5035590 981943    0.03749   38   48    0.02375    0.04686  97.3%  37.5 1745s
 5050273 984310     cutoff   47         0.02375    0.04685  97.3%  37.5 1750s
 5066041 986841     cutoff   35         0.02375    0.04683  97.2%  37.5 1755s
 5080238 988876     cutoff   34         0.02375    0.04681  97.1%  37.5 1760s
 5093768 990927    0.02710   42   56    0.02375    0.04680  97.1%  37.5 1765s
 5106212 992888    0.04259   39   59    0.02375    0.04679  97.0%  37.5 1770s
 5120373 994945     cutoff   36         0.02375    0.04677  97.0%  37.5 1775s
 5135711 997228    0.03200   34   48    0.02375    0.04675  96.9%  37.5 1780s
 5150142 999408     cutoff   40         0.02375    0.04674  96.8%  37.5 1785s
 5164401 1001660    0.03021   30   60    0.02375    0.04672  96.8%  37.5 1790s
 5178229 1003474    0.02529   49   48    0.02375    0.04671  96.7%  37.5 1795s
 5194824 1005967     cutoff   42         0.02375    0.04669  96.6%  37.5 1800s
 5208952 1008240     cutoff   44         0.02375    0.04668  96.6%  37.5 1805s
 5224020 1010608    0.03664   34   53    0.02375    0.04666  96.5%  37.5 1810s
 5239879 1012993     cutoff   42         0.02375    0.04665  96.4%  37.5 1815s
 5253871 1015079    0.03023   45   60    0.02375    0.04663  96.4%  37.5 1820s
 5264949 1016781     cutoff   51         0.02375    0.04662  96.3%  37.5 1825s
 5280640 1019356     cutoff   39         0.02375    0.04660  96.2%  37.5 1830s
 5296753 1022177     cutoff   36         0.02375    0.04658  96.2%  37.5 1835s
 5311588 1024456    0.03063   36   56    0.02375    0.04656  96.1%  37.5 1840s
 5325735 1026620    0.02957   42   57    0.02375    0.04655  96.0%  37.5 1845s
 5340071 1028832    0.02702   36   43    0.02375    0.04654  96.0%  37.5 1850s
 5355863 1031228    0.03800   43   61    0.02375    0.04652  95.9%  37.5 1855s
 5370873 1033465    0.02625   42   57    0.02375    0.04651  95.8%  37.5 1860s
 5385614 1035462    0.04005   34   51    0.02375    0.04649  95.8%  37.5 1865s
 5400256 1037664    0.03252   42   51    0.02375    0.04647  95.7%  37.4 1870s
 5411536 1039132    0.02987   32   54    0.02375    0.04646  95.7%  37.4 1875s
 5426781 1041165    0.03808   38   58    0.02375    0.04645  95.6%  37.4 1880s
 5437922 1042820    0.02456   51   48    0.02375    0.04643  95.5%  37.4 1885s
 5453194 1045132     cutoff   44         0.02375    0.04642  95.5%  37.4 1890s
 5466713 1047271    0.04125   39   56    0.02375    0.04640  95.4%  37.4 1895s
 5483759 1049901    0.04104   34   52    0.02375    0.04639  95.3%  37.4 1900s
 5497818 1051920    0.02500   41   58    0.02375    0.04637  95.3%  37.4 1905s
 5514324 1054150     cutoff   46         0.02375    0.04635  95.2%  37.4 1910s
 5528977 1056161     cutoff   34         0.02375    0.04634  95.1%  37.4 1915s
 5543285 1058170    0.03014   38   62    0.02375    0.04632  95.1%  37.4 1920s
 5554409 1059967    0.02584   38   49    0.02375    0.04631  95.0%  37.4 1925s
 5568864 1062134    0.03723   34   59    0.02375    0.04630  95.0%  37.4 1930s
 5582097 1064344     cutoff   45         0.02375    0.04628  94.9%  37.4 1935s
 5597473 1066601     cutoff   40         0.02375    0.04627  94.8%  37.4 1940s
 5612652 1068663    0.04118   31   53    0.02375    0.04625  94.8%  37.4 1945s
 5628261 1070816    0.03601   43   60    0.02375    0.04624  94.7%  37.4 1950s
 5642070 1072937    0.03769   31   48    0.02375    0.04622  94.6%  37.4 1955s
 5657797 1075095    0.03111   38   58    0.02375    0.04621  94.6%  37.4 1960s
 5673500 1077483    0.04456   37   63    0.02375    0.04619  94.5%  37.4 1965s
 5689225 1079677     cutoff   47         0.02375    0.04617  94.4%  37.4 1970s
 5705025 1082258    0.02611   42   60    0.02375    0.04616  94.4%  37.4 1975s
 5720466 1084573    0.03536   30   51    0.02375    0.04614  94.3%  37.4 1980s
 5732684 1086400    0.03566   39   60    0.02375    0.04613  94.3%  37.4 1985s
 5748580 1088674    0.02709   45   62    0.02375    0.04611  94.2%  37.3 1990s
 5764334 1090969     cutoff   48         0.02375    0.04610  94.1%  37.3 1995s
 5780971 1093290    0.04089   40   58    0.02375    0.04608  94.1%  37.3 2000s
 5797821 1095615    0.03444   32   59    0.02375    0.04606  94.0%  37.3 2005s
 5814180 1097964     cutoff   38         0.02375    0.04605  93.9%  37.3 2010s
 5829277 1100104    0.02855   43   57    0.02375    0.04603  93.8%  37.3 2015s
 5846735 1102858    0.02785   43   53    0.02375    0.04602  93.8%  37.3 2020s
 5863692 1105406    0.02438   42   54    0.02375    0.04600  93.7%  37.3 2025s
 5880488 1107619     cutoff   49         0.02375    0.04598  93.6%  37.3 2030s
 5894187 1109625    0.02402   46   58    0.02375    0.04597  93.6%  37.3 2035s
 5907922 1111711    0.02944   37   60    0.02375    0.04595  93.5%  37.3 2040s
 5924751 1114137    0.04434   41   59    0.02375    0.04594  93.5%  37.3 2045s
 5940043 1116502    0.03686   43   60    0.02375    0.04593  93.4%  37.3 2050s
 5955507 1118977     cutoff   42         0.02375    0.04591  93.4%  37.3 2055s
 5971585 1121317     cutoff   38         0.02375    0.04590  93.3%  37.3 2060s
 5986983 1123289    0.02521   43   53    0.02375    0.04588  93.2%  37.3 2065s
H5990321 1041366                       0.0255686    0.04588  79.4%  37.3 2066s
H5991419 1041380                       0.0255686    0.04588  79.4%  37.3 2066s
 6000235 1042452    0.03090   41   61    0.02557    0.04587  79.4%  37.3 2070s
 6015599 1044144     cutoff   34         0.02557    0.04585  79.3%  37.3 2075s
 6032162 1046081    0.03472   38   63    0.02557    0.04583  79.2%  37.3 2080s
 6046880 1047721    0.04406   31   55    0.02557    0.04581  79.2%  37.3 2085s
 6062066 1049356    0.04554   37   54    0.02557    0.04579  79.1%  37.3 2090s
 6074515 1050676     cutoff   40         0.02557    0.04578  79.0%  37.3 2095s
 6089030 1052478    0.02986   38   53    0.02557    0.04576  79.0%  37.3 2100s
 6104738 1054229     cutoff   43         0.02557    0.04574  78.9%  37.3 2105s
 6119638 1055887    0.02840   31   55    0.02557    0.04572  78.8%  37.2 2110s
 6134910 1057608     cutoff   41         0.02557    0.04571  78.8%  37.2 2115s
 6151545 1059681    0.03579   38   56    0.02557    0.04569  78.7%  37.2 2120s
 6164678 1061174    0.03416   34   54    0.02557    0.04567  78.6%  37.2 2125s
 6180092 1062890    0.04330   41   65    0.02557    0.04566  78.6%  37.2 2130s
 6195489 1064687    0.03175   43   58    0.02557    0.04564  78.5%  37.2 2135s
 6210667 1066608     cutoff   33         0.02557    0.04562  78.4%  37.2 2140s
 6225452 1068266    0.03531   42   56    0.02557    0.04560  78.4%  37.2 2145s
 6239384 1070028     cutoff   40         0.02557    0.04559  78.3%  37.2 2150s
 6254920 1071838    0.04516   35   57    0.02557    0.04557  78.2%  37.2 2155s
 6267775 1073255    0.04325   31   53    0.02557    0.04556  78.2%  37.2 2160s
 6282425 1075088    0.03985   40   55    0.02557    0.04554  78.1%  37.2 2165s
 6296143 1076573    0.04090   35   65    0.02557    0.04553  78.1%  37.2 2170s
 6311295 1078269     cutoff   42         0.02557    0.04551  78.0%  37.2 2175s
 6326004 1079932     cutoff   45         0.02557    0.04549  77.9%  37.2 2180s
 6340705 1081433    0.04203   45   59    0.02557    0.04548  77.9%  37.2 2185s
 6355891 1083299 infeasible   36         0.02557    0.04546  77.8%  37.2 2190s
 6370081 1084826     cutoff   32         0.02557    0.04545  77.7%  37.2 2195s
 6385554 1086518     cutoff   37         0.02557    0.04543  77.7%  37.2 2200s
 6400593 1088107    0.02645   33   55    0.02557    0.04542  77.6%  37.2 2205s
 6411426 1089353    0.02985   45   58    0.02557    0.04541  77.6%  37.2 2210s
 6426411 1091113    0.03346   46   55    0.02557    0.04539  77.5%  37.1 2215s
 6441414 1092860     cutoff   36         0.02557    0.04538  77.5%  37.1 2220s
 6456631 1094544    0.03028   40   57    0.02557    0.04536  77.4%  37.1 2225s
 6471848 1096300    0.03274   39   66    0.02557    0.04534  77.3%  37.1 2230s
 6487081 1097856    0.03762   25   48    0.02557    0.04533  77.3%  37.1 2235s
 6502623 1099584    0.04222   37   63    0.02557    0.04531  77.2%  37.1 2240s
 6517155 1101381    0.03241   31   67    0.02557    0.04530  77.2%  37.1 2245s
 6531993 1102916     cutoff   41         0.02557    0.04528  77.1%  37.1 2250s
 6546469 1104700    0.02835   45   63    0.02557    0.04527  77.1%  37.1 2255s
 6558788 1106355    0.03158   35   55    0.02557    0.04526  77.0%  37.1 2260s
 6573014 1108079    0.04291   37   59    0.02557    0.04525  77.0%  37.1 2265s
 6584329 1109483    0.02575   45   45    0.02557    0.04524  76.9%  37.1 2270s
 6598907 1111116    0.02709   37   54    0.02557    0.04522  76.9%  37.1 2275s
 6614060 1112923     cutoff   43         0.02557    0.04521  76.8%  37.1 2280s
 6627976 1114696    0.04078   35   60    0.02557    0.04520  76.8%  37.1 2285s
 6641354 1116208    0.04501   29   55    0.02557    0.04518  76.7%  37.1 2290s
 6655570 1117716     cutoff   45         0.02557    0.04517  76.7%  37.1 2295s
 6668024 1119027    0.03239   36   66    0.02557    0.04516  76.6%  37.1 2300s
 6685572 1120976    0.02620   34   54    0.02557    0.04514  76.5%  37.1 2305s
 6699642 1122669    0.04047   45   59    0.02557    0.04513  76.5%  37.1 2310s
 6714706 1124328    0.03872   50   60    0.02557    0.04511  76.4%  37.1 2315s
 6728987 1126115    0.03012   44   55    0.02557    0.04510  76.4%  37.1 2320s
 6743366 1127645    0.04296   44   55    0.02557    0.04508  76.3%  37.1 2325s
 6755325 1128904     cutoff   41         0.02557    0.04507  76.3%  37.0 2330s
 6771229 1130718    0.02712   45   51    0.02557    0.04505  76.2%  37.0 2335s
 6786272 1132634     cutoff   41         0.02557    0.04504  76.1%  37.0 2340s
 6800942 1134373    0.02667   43   54    0.02557    0.04502  76.1%  37.0 2345s
 6814857 1135940 infeasible   46         0.02557    0.04501  76.0%  37.0 2350s
 6828808 1137540     cutoff   32         0.02557    0.04500  76.0%  37.0 2355s
 6841367 1138858    0.02624   41   51    0.02557    0.04499  76.0%  37.0 2360s
 6855574 1140598    0.02871   39   63    0.02557    0.04498  75.9%  37.0 2365s
 6870009 1142197    0.02669   50   56    0.02557    0.04496  75.9%  37.0 2370s
 6884083 1143957     cutoff   42         0.02557    0.04495  75.8%  37.0 2375s
 6898886 1145497    0.02622   45   55    0.02557    0.04494  75.8%  37.0 2380s
 6913931 1147449    0.02923   40   53    0.02557    0.04492  75.7%  37.0 2385s
 6928968 1149310     cutoff   45         0.02557    0.04491  75.6%  37.0 2390s
 6940514 1150543     cutoff   44         0.02557    0.04490  75.6%  37.0 2395s
 6955758 1152413    0.04321   32   45    0.02557    0.04488  75.5%  37.0 2400s
 6971930 1154175    0.03786   33   61    0.02557    0.04487  75.5%  37.0 2405s
 6988569 1156136    0.02671   40   58    0.02557    0.04485  75.4%  37.0 2410s
 7003932 1157769     cutoff   31         0.02557    0.04484  75.4%  37.0 2415s
 7019490 1159522    0.04146   41   63    0.02557    0.04483  75.3%  37.0 2420s
 7033886 1161050     cutoff   43         0.02557    0.04481  75.3%  37.0 2425s
 7047751 1162670     cutoff   39         0.02557    0.04480  75.2%  37.0 2430s
 7062735 1164365    0.04279   31   66    0.02557    0.04479  75.2%  36.9 2435s
 7075512 1166056    0.02559   41   63    0.02557    0.04477  75.1%  36.9 2440s
 7091415 1167911    0.02843   38   54    0.02557    0.04476  75.1%  36.9 2445s
 7106859 1169623    0.03400   41   58    0.02557    0.04474  75.0%  36.9 2450s
 7122444 1171519     cutoff   37         0.02557    0.04473  74.9%  36.9 2455s
 7132377 1172582    0.02738   41   51    0.02557    0.04472  74.9%  36.9 2460s
 7149377 1174582    0.04349   39   59    0.02557    0.04470  74.8%  36.9 2465s
 7166525 1176604    0.02909   39   58    0.02557    0.04469  74.8%  36.9 2470s
 7180879 1178209     cutoff   34         0.02557    0.04468  74.7%  36.9 2475s
 7196299 1180011     cutoff   45         0.02557    0.04466  74.7%  36.9 2480s
 7211578 1181731    0.02808   41   54    0.02557    0.04465  74.6%  36.9 2485s
 7226260 1183423    0.02769   46   63    0.02557    0.04464  74.6%  36.9 2490s
 7241910 1185085     cutoff   43         0.02557    0.04462  74.5%  36.9 2495s
 7252283 1186190 infeasible   46         0.02557    0.04461  74.5%  36.9 2500s
 7269234 1188088     cutoff   43         0.02557    0.04460  74.4%  36.9 2505s
 7285189 1189870     cutoff   51         0.02557    0.04458  74.4%  36.9 2510s
 7300624 1191567    0.04257   37   61    0.02557    0.04457  74.3%  36.9 2515s
 7315785 1193209    0.03814   29   59    0.02557    0.04456  74.3%  36.9 2520s
 7328370 1194795     cutoff   40         0.02557    0.04454  74.2%  36.9 2525s
 7344606 1196584     cutoff   40         0.02557    0.04453  74.2%  36.9 2530s
 7360015 1198147     cutoff   38         0.02557    0.04452  74.1%  36.9 2535s
 7376097 1200067    0.02868   38   55    0.02557    0.04450  74.1%  36.9 2540s
 7390747 1201781    0.02766   45   54    0.02557    0.04449  74.0%  36.9 2545s
 7405672 1203430     cutoff   43         0.02557    0.04448  73.9%  36.9 2550s
 7421660 1205112    0.03938   39   59    0.02557    0.04446  73.9%  36.9 2555s
 7435570 1206642    0.03647   36   50    0.02557    0.04445  73.8%  36.8 2560s
 7451240 1208174    0.03092   45   61    0.02557    0.04443  73.8%  36.8 2565s
 7466861 1209823     cutoff   46         0.02557    0.04442  73.7%  36.8 2570s
 7483828 1211537     cutoff   43         0.02557    0.04441  73.7%  36.8 2575s
 7497843 1213211    0.03499   29   58    0.02557    0.04440  73.6%  36.8 2580s
 7511384 1214775    0.02679   38   53    0.02557    0.04438  73.6%  36.8 2585s
 7526188 1216311    0.04350   35   59    0.02557    0.04437  73.5%  36.8 2590s
 7539343 1217841    0.02604   51   47    0.02557    0.04436  73.5%  36.8 2595s
 7554312 1219434     cutoff   36         0.02557    0.04435  73.4%  36.8 2600s
 7570011 1221253    0.03269   36   48    0.02557    0.04433  73.4%  36.8 2605s
 7584342 1222881     cutoff   37         0.02557    0.04432  73.3%  36.8 2610s
 7599589 1224544    0.03288   42   59    0.02557    0.04431  73.3%  36.8 2615s
 7615448 1226281 infeasible   44         0.02557    0.04430  73.2%  36.8 2620s
 7631450 1227962     cutoff   42         0.02557    0.04428  73.2%  36.8 2625s
 7646034 1229492    0.03314   40   55    0.02557    0.04427  73.1%  36.8 2630s
 7660581 1231347    0.02608   41   53    0.02557    0.04426  73.1%  36.8 2635s
 7675460 1232994     cutoff   38         0.02557    0.04425  73.1%  36.8 2640s
 7687320 1234240    0.02840   39   58    0.02557    0.04424  73.0%  36.8 2645s
 7702513 1235706     cutoff   37         0.02557    0.04422  73.0%  36.8 2650s
 7718376 1237655    0.03516   38   59    0.02557    0.04421  72.9%  36.8 2655s
 7734024 1239444    0.03122   44   59    0.02557    0.04420  72.9%  36.8 2660s
 7750294 1241247     cutoff   46         0.02557    0.04419  72.8%  36.8 2665s
 7765433 1242766    0.02894   33   58    0.02557    0.04417  72.8%  36.8 2670s
 7780194 1244375    0.02607   50   57    0.02557    0.04416  72.7%  36.7 2675s
 7795233 1246220    0.02638   46   49    0.02557    0.04415  72.7%  36.7 2680s
 7810931 1248001    0.02983   38   55    0.02557    0.04414  72.6%  36.7 2685s
 7825580 1249507    0.04399   41   56    0.02557    0.04412  72.6%  36.7 2690s
 7840912 1251238    0.02628   42   61    0.02557    0.04411  72.5%  36.7 2695s
 7855979 1252749    0.03675   42   56    0.02557    0.04410  72.5%  36.7 2700s
 7869713 1254151    0.03400   31   56    0.02557    0.04409  72.4%  36.7 2705s
 7886287 1255926    0.03142   44   58    0.02557    0.04407  72.4%  36.7 2710s
 7901933 1257768    0.02664   46   51    0.02557    0.04406  72.3%  36.7 2715s
 7917294 1259401    0.02666   38   60    0.02557    0.04405  72.3%  36.7 2720s
 7932791 1261069    0.04367   35   61    0.02557    0.04404  72.2%  36.7 2725s
 7947919 1262918    0.03318   48   50    0.02557    0.04402  72.2%  36.7 2730s
 7962901 1264542    0.02725   39   54    0.02557    0.04401  72.1%  36.7 2735s
 7977875 1266009     cutoff   39         0.02557    0.04400  72.1%  36.7 2740s
 7994216 1267820     cutoff   41         0.02557    0.04399  72.0%  36.7 2745s
 8009586 1269697    0.02618   41   50    0.02557    0.04398  72.0%  36.7 2750s
 8020091 1270804    0.03121   35   51    0.02557    0.04397  72.0%  36.7 2755s
 8032676 1272168    0.02813   46   64    0.02557    0.04396  71.9%  36.7 2760s
 8047795 1273703     cutoff   47         0.02557    0.04395  71.9%  36.7 2765s
 8062353 1275178     cutoff   42         0.02557    0.04393  71.8%  36.7 2770s
 8077483 1276840     cutoff   34         0.02557    0.04392  71.8%  36.7 2775s
 8094581 1278704    0.03961   42   63    0.02557    0.04391  71.7%  36.7 2780s
 8111109 1280575     cutoff   46         0.02557    0.04390  71.7%  36.7 2785s
 8126829 1282179    0.03036   39   58    0.02557    0.04388  71.6%  36.7 2790s
 8141496 1283986     cutoff   42         0.02557    0.04387  71.6%  36.6 2795s
 8156875 1285715    0.04216   39   62    0.02557    0.04386  71.5%  36.6 2800s
 8172602 1287461    0.03113   42   54    0.02557    0.04385  71.5%  36.6 2805s
 8187975 1288990     cutoff   40         0.02557    0.04384  71.4%  36.6 2810s
 8202306 1290366     cutoff   44         0.02557    0.04382  71.4%  36.6 2815s
 8218895 1291970     cutoff   41         0.02557    0.04381  71.3%  36.6 2820s
 8230698 1293151     cutoff   40         0.02557    0.04380  71.3%  36.6 2825s
 8248485 1294963     cutoff   43         0.02557    0.04379  71.3%  36.6 2830s
 8263768 1296584    0.02833   48   55    0.02557    0.04378  71.2%  36.6 2835s
 8279151 1298124     cutoff   44         0.02557    0.04376  71.2%  36.6 2840s
 8294739 1299745    0.03013   44   54    0.02557    0.04375  71.1%  36.6 2845s
 8310314 1301267     cutoff   49         0.02557    0.04374  71.1%  36.6 2850s
 8327390 1303048    0.02850   42   53    0.02557    0.04373  71.0%  36.6 2855s
 8343090 1304590     cutoff   43         0.02557    0.04371  71.0%  36.6 2860s
 8358584 1306098     cutoff   46         0.02557    0.04370  70.9%  36.6 2865s
 8374837 1307924     cutoff   43         0.02557    0.04369  70.9%  36.6 2870s
 8389767 1309832    0.02577   34   53    0.02557    0.04368  70.8%  36.6 2875s
 8405792 1311532    0.03792   38   56    0.02557    0.04367  70.8%  36.6 2880s
 8419136 1312932    0.03398   35   59    0.02557    0.04366  70.8%  36.6 2885s
 8434628 1314532    0.03480   38   56    0.02557    0.04365  70.7%  36.6 2890s
 8450167 1316103     cutoff   46         0.02557    0.04364  70.7%  36.6 2895s
 8465232 1317654    0.03765   30   58    0.02557    0.04363  70.6%  36.6 2900s
 8478115 1319007    0.03305   43   64    0.02557    0.04361  70.6%  36.6 2905s
 8495444 1320670    0.03145   41   54    0.02557    0.04360  70.5%  36.6 2910s
 8510705 1322469     cutoff   48         0.02557    0.04359  70.5%  36.6 2915s
 8524959 1323925    0.03606   39   59    0.02557    0.04358  70.4%  36.6 2920s
 8537123 1325171    0.03662   38   53    0.02557    0.04357  70.4%  36.5 2925s
 8551006 1326481    0.03136   35   56    0.02557    0.04356  70.4%  36.5 2930s
 8566243 1328082    0.02645   36   56    0.02557    0.04355  70.3%  36.5 2935s
 8580294 1329686     cutoff   47         0.02557    0.04353  70.3%  36.5 2940s
 8596831 1331296    0.02770   39   50    0.02557    0.04352  70.2%  36.5 2945s
 8610203 1332599     cutoff   39         0.02557    0.04351  70.2%  36.5 2950s
 8627851 1334377    0.02934   42   55    0.02557    0.04350  70.1%  36.5 2955s
 8643094 1336033    0.04226   40   55    0.02557    0.04349  70.1%  36.5 2960s
 8656571 1337618     cutoff   45         0.02557    0.04348  70.0%  36.5 2965s
 8672047 1339160    0.03786   36   48    0.02557    0.04347  70.0%  36.5 2970s
 8687010 1340562    0.03913   44   66    0.02557    0.04346  70.0%  36.5 2975s
 8701608 1341969     cutoff   40         0.02557    0.04345  69.9%  36.5 2980s
 8716635 1343390     cutoff   41         0.02557    0.04343  69.9%  36.5 2985s
 8729526 1344727    0.03379   36   54    0.02557    0.04342  69.8%  36.5 2990s
 8745140 1346301    0.03282   41   53    0.02557    0.04341  69.8%  36.5 2995s
 8762072 1348146    0.04070   34   64    0.02557    0.04340  69.7%  36.5 3000s
 8776513 1349610     cutoff   43         0.02557    0.04339  69.7%  36.5 3005s
 8792083 1351243     cutoff   40         0.02557    0.04338  69.7%  36.5 3010s
 8807959 1352932    0.02760   40   56    0.02557    0.04337  69.6%  36.5 3015s
 8824171 1354555    0.03635   42   56    0.02557    0.04336  69.6%  36.5 3020s
 8839061 1356204     cutoff   42         0.02557    0.04334  69.5%  36.5 3025s
 8855473 1357859    0.03223   41   59    0.02557    0.04333  69.5%  36.5 3030s
 8869831 1359468    0.02707   36   74    0.02557    0.04332  69.4%  36.5 3035s
 8886472 1361072     cutoff   44         0.02557    0.04331  69.4%  36.5 3040s
 8903532 1362825     cutoff   39         0.02557    0.04330  69.3%  36.5 3045s
 8917428 1364368     cutoff   38         0.02557    0.04329  69.3%  36.5 3050s
 8933636 1365855     cutoff   48         0.02557    0.04328  69.3%  36.4 3055s
 8950428 1367366     cutoff   38         0.02557    0.04326  69.2%  36.4 3060s
 8966464 1368937    0.03332   42   54    0.02557    0.04325  69.2%  36.4 3065s
 8982628 1370577    0.02951   41   45    0.02557    0.04324  69.1%  36.4 3070s
 8998614 1372321    0.02704   43   61    0.02557    0.04323  69.1%  36.4 3075s
 9015319 1373841     cutoff   39         0.02557    0.04322  69.0%  36.4 3080s
 9028818 1375388    0.04310   30   52    0.02557    0.04321  69.0%  36.4 3085s
 9044871 1377031    0.02579   43   50    0.02557    0.04320  68.9%  36.4 3090s
 9060233 1378455    0.04011   41   62    0.02557    0.04319  68.9%  36.4 3095s
 9073535 1379704     cutoff   42         0.02557    0.04318  68.9%  36.4 3100s
 9087762 1381128    0.02992   40   57    0.02557    0.04317  68.8%  36.4 3105s
 9103415 1382574    0.04293   28   49    0.02557    0.04316  68.8%  36.4 3110s
 9120169 1384564     cutoff   43         0.02557    0.04315  68.7%  36.4 3115s
 9135783 1386416    0.02804   37   59    0.02557    0.04314  68.7%  36.4 3120s
 9151314 1387903     cutoff   39         0.02557    0.04313  68.7%  36.4 3125s
 9166627 1389436     cutoff   38         0.02557    0.04311  68.6%  36.4 3130s
 9181661 1390922     cutoff   44         0.02557    0.04310  68.6%  36.4 3135s
 9197256 1392366    0.03738   43   58    0.02557    0.04309  68.5%  36.4 3140s
 9212104 1393747     cutoff   37         0.02557    0.04308  68.5%  36.4 3145s
 9227427 1395254     cutoff   51         0.02557    0.04307  68.5%  36.4 3150s
 9242758 1396843     cutoff   43         0.02557    0.04306  68.4%  36.4 3155s
 9254840 1398015    0.03402   42   57    0.02557    0.04305  68.4%  36.4 3160s
 9269543 1399403     cutoff   40         0.02557    0.04304  68.3%  36.4 3165s
 9285104 1400992     cutoff   46         0.02557    0.04303  68.3%  36.4 3170s
 9299845 1402589    0.03495   34   59    0.02557    0.04302  68.3%  36.4 3175s
 9315657 1404127     cutoff   37         0.02557    0.04301  68.2%  36.4 3180s
 9330648 1405645     cutoff   44         0.02557    0.04300  68.2%  36.4 3185s
 9345679 1407156    0.02877   40   55    0.02557    0.04299  68.2%  36.4 3190s
 9361158 1408764    0.03470   36   62    0.02557    0.04298  68.1%  36.3 3195s
 9376313 1410082     cutoff   41         0.02557    0.04297  68.1%  36.3 3200s
 9391442 1411636    0.02582   44   53    0.02557    0.04296  68.0%  36.3 3205s
 9405452 1412887     cutoff   34         0.02557    0.04295  68.0%  36.3 3210s
 9417601 1414007     cutoff   37         0.02557    0.04294  68.0%  36.3 3215s
 9433359 1415801    0.02560   41   61    0.02557    0.04293  67.9%  36.3 3220s
 9448980 1417140     cutoff   35         0.02557    0.04292  67.9%  36.3 3225s
 9461828 1418476     cutoff   38         0.02557    0.04291  67.8%  36.3 3230s
 9478255 1420070     cutoff   37         0.02557    0.04290  67.8%  36.3 3235s
 9493007 1421572     cutoff   48         0.02557    0.04289  67.8%  36.3 3240s
 9508516 1423120    0.03501   40   56    0.02557    0.04288  67.7%  36.3 3245s
 9520775 1424374     cutoff   38         0.02557    0.04288  67.7%  36.3 3250s
 9535662 1425766    0.03008   40   57    0.02557    0.04286  67.6%  36.3 3255s
 9550176 1427137    0.03965   33   61    0.02557    0.04285  67.6%  36.3 3260s
 9567567 1428845    0.03786   44   47    0.02557    0.04284  67.6%  36.3 3265s
 9582878 1430377    0.04183   32   67    0.02557    0.04283  67.5%  36.3 3270s
 9594530 1431278    0.03644   45   57    0.02557    0.04283  67.5%  36.3 3275s
 9607431 1432570    0.03297   46   49    0.02557    0.04282  67.5%  36.3 3280s
 9623770 1434057    0.04281   40   66    0.02557    0.04281  67.4%  36.3 3285s
 9639765 1435700    0.02899   47   54    0.02557    0.04280  67.4%  36.3 3290s
 9653010 1436959     cutoff   33         0.02557    0.04279  67.4%  36.3 3295s
 9671216 1438771     cutoff   37         0.02557    0.04278  67.3%  36.3 3300s
 9685354 1440119     cutoff   38         0.02557    0.04277  67.3%  36.3 3305s
 9699545 1441485    0.03692   46   58    0.02557    0.04276  67.2%  36.3 3310s
 9714931 1442959    0.04246   43   58    0.02557    0.04275  67.2%  36.3 3315s
 9730781 1444442    0.02959   40   56    0.02557    0.04274  67.2%  36.3 3320s
 9748157 1446131    0.03880   42   62    0.02557    0.04273  67.1%  36.3 3325s
 9763705 1447745    0.04230   34   63    0.02557    0.04272  67.1%  36.3 3330s
 9778312 1449036    0.02591   42   57    0.02557    0.04271  67.0%  36.3 3335s
 9790151 1450199    0.04100   36   61    0.02557    0.04270  67.0%  36.2 3340s
 9805585 1451789     cutoff   40         0.02557    0.04269  67.0%  36.2 3345s
 9820645 1453159     cutoff   48         0.02557    0.04268  66.9%  36.2 3350s
 9836218 1454711    0.03817   39   57    0.02557    0.04267  66.9%  36.2 3355s
 9852192 1456267     cutoff   46         0.02557    0.04267  66.9%  36.2 3360s
 9868237 1457943     cutoff   50         0.02557    0.04266  66.8%  36.2 3365s
 9883573 1459701     cutoff   40         0.02557    0.04265  66.8%  36.2 3370s
 9899049 1461207     cutoff   38         0.02557    0.04263  66.7%  36.2 3375s
 9915862 1462813    0.03191   37   63    0.02557    0.04262  66.7%  36.2 3380s
 9931253 1464166    0.03512   36   55    0.02557    0.04262  66.7%  36.2 3385s
 9947236 1465594    0.03918   35   57    0.02557    0.04261  66.6%  36.2 3390s
 9958973 1466581     cutoff   49         0.02557    0.04260  66.6%  36.2 3395s
 9974886 1468297    0.03297   45   56    0.02557    0.04259  66.6%  36.2 3400s
 9990391 1470127    0.03441   41   46    0.02557    0.04258  66.5%  36.2 3405s
 10006270 1471820    0.02983   45   47    0.02557    0.04257  66.5%  36.2 3410s
 10021076 1473162     cutoff   43         0.02557    0.04256  66.5%  36.2 3415s
 10035420 1474493     cutoff   47         0.02557    0.04255  66.4%  36.2 3420s
 10051984 1476034    0.02842   43   55    0.02557    0.04255  66.4%  36.2 3425s
 10067420 1477562    0.03837   41   60    0.02557    0.04254  66.4%  36.2 3430s
 10082522 1479012     cutoff   40         0.02557    0.04253  66.3%  36.2 3435s
 10097767 1480423    0.02695   55   54    0.02557    0.04252  66.3%  36.2 3440s
 10114118 1482091    0.03271   36   65    0.02557    0.04251  66.3%  36.2 3445s
 10128037 1483449    0.03786   35   45    0.02557    0.04250  66.2%  36.2 3450s
 10142792 1484896     cutoff   32         0.02557    0.04249  66.2%  36.2 3455s
 10158491 1486351     cutoff   42         0.02557    0.04248  66.1%  36.2 3460s
 10172911 1487683    0.03115   41   53    0.02557    0.04247  66.1%  36.2 3465s
 10189308 1489133    0.03886   42   63    0.02557    0.04246  66.1%  36.1 3470s
 10205410 1490795    0.03648   35   59    0.02557    0.04245  66.0%  36.1 3475s
 10220705 1492324    0.02624   36   24    0.02557    0.04244  66.0%  36.1 3480s
 10237842 1493945     cutoff   44         0.02557    0.04243  66.0%  36.1 3485s
 10251689 1495288    0.02590   39   52    0.02557    0.04242  65.9%  36.1 3490s
 10267312 1496775    0.02765   35   57    0.02557    0.04241  65.9%  36.1 3495s
 10279178 1497925    0.02586   47   62    0.02557    0.04241  65.9%  36.1 3500s
 10294468 1499287    0.03158   39   59    0.02557    0.04240  65.8%  36.1 3505s
 10309497 1500843     cutoff   34         0.02557    0.04239  65.8%  36.1 3510s
 10325289 1502194    0.03038   41   58    0.02557    0.04238  65.7%  36.1 3515s
 10340442 1503701 infeasible   44         0.02557    0.04237  65.7%  36.1 3520s
 10356801 1505287    0.03256   48   61    0.02557    0.04236  65.7%  36.1 3525s
 10372441 1506692    0.03130   42   55    0.02557    0.04235  65.6%  36.1 3530s
 10388293 1508138    0.03375   38   66    0.02557    0.04234  65.6%  36.1 3535s
 10404573 1509647    0.02633   41   57    0.02557    0.04233  65.6%  36.1 3540s
 10420012 1511165    0.03917   42   55    0.02557    0.04232  65.5%  36.1 3545s
 10435501 1512649    0.02651   40   59    0.02557    0.04231  65.5%  36.1 3550s
 10451699 1514368     cutoff   40         0.02557    0.04230  65.5%  36.1 3555s
 10466630 1515910    0.04213   46   61    0.02557    0.04229  65.4%  36.1 3560s
 10478447 1517038    0.02674   46   61    0.02557    0.04229  65.4%  36.1 3565s
 10494340 1518545    0.02757   46   53    0.02557    0.04228  65.3%  36.1 3570s
 10509940 1519919    0.03167   35   53    0.02557    0.04227  65.3%  36.1 3575s
 10525615 1521415    0.04151   41   46    0.02557    0.04226  65.3%  36.1 3580s
 10539155 1522713    0.03416   36   36    0.02557    0.04225  65.2%  36.1 3585s
 10554317 1524326     cutoff   35         0.02557    0.04224  65.2%  36.1 3590s
 10567600 1525843     cutoff   39         0.02557    0.04223  65.2%  36.1 3595s
 10582647 1527301    0.04222   37   58    0.02557    0.04223  65.1%  36.1 3600s

Cutting planes:
  Gomory: 52
  Implied bound: 27
  MIR: 9
  Mixing: 1
  Flow cover: 69
  Inf proof: 6
  RLT: 152
  Relax-and-lift: 26
  BQP: 43

Explored 10582681 nodes (381592828 simplex iterations) in 3600.00 seconds (3596.74 work units)
Thread count was 4 (of 4 available processors)

Solution count 10: 0.0255686 0.0237457 0.0228151 ... 0.020468

Time limit reached
Best objective 2.556856880648e-02, best bound 4.222606021623e-02, gap 65.1483%
{"verdict": "UNRESOLVED", "status": "TIME_LIMIT", "runtime": 3600.0018401145935, "objval": 0.02556856880648088, "objbound": 0.04222606021622985, "binaries": 66}
