Set parameter NodefileStart to value 6
Read parameters from file gurobi.env
Restricted license - for non-production use only - expires 2027-11-29
Set parameter OutputFlag to value 1
Set parameter Threads to value 4
Set parameter TimeLimit to value 360
Set parameter MIPGap to value 5e-05
Set parameter MIPFocus to value 2
Set parameter NonConvex to value 2
Set parameter BestBdStop to value 2.7426211734693878e-02
Gurobi Optimizer version 13.0.3 build v13.0.3rc0 (linux64 - "Ubuntu 24.04.5 LTS")

CPU model: Intel(R) Xeon(R) Platinum 8370C CPU @ 2.80GHz, instruction set [SSE2|AVX|AVX2|AVX512]
Thread count: 2 physical cores, 4 logical processors, using up to 4 threads

Non-default parameters:
TimeLimit  360
BestBdStop  2.7426211734693878e-02
MIPGap  5e-05
MIPFocus  2
NodefileStart  6
NonConvex  2
Threads  4

Optimize a model with 145 rows, 115 columns and 846 nonzeros (Max)
Model fingerprint: 0x1e87001a
Model has 1 linear objective coefficients
Model has 50 quadratic constraints
Variable types: 65 continuous, 50 integer (50 binary)
Coefficient statistics:
  Matrix range     [5e-01, 1e+00]
  QMatrix range    [1e+00, 1e+00]
  QLMatrix range   [1e+00, 1e+00]
  Objective range  [1e+00, 1e+00]
  Bounds range     [5e-01, 1e+00]
  RHS range        [1e+00, 1e+00]

Found heuristic solution: objective -0.0000000
Presolve time: 0.00s
Presolved: 345 rows, 116 columns, 1246 nonzeros
Presolved model has 50 bilinear constraint(s)

Solving non-convex MIQCP to global optimality

Variable types: 66 continuous, 50 integer (50 binary)
Root relaxation presolve removed 50 rows and 1 columns
Root relaxation presolved: 295 rows, 115 columns, 1196 nonzeros


Root relaxation: objective 8.333333e-02, 139 iterations, 0.00 seconds (0.00 work units)

    Nodes    |    Current Node    |     Objective Bounds      |     Work
 Expl Unexpl |  Obj  Depth IntInf | Incumbent    BestBd   Gap | It/Node Time

     0     0    0.08333    0   50   -0.00000    0.08333      -     -    0s
     0     0    0.07143    0   53   -0.00000    0.07143      -     -    0s
     0     0    0.07143    0   58   -0.00000    0.07143      -     -    0s
     0     0    0.07143    0   60   -0.00000    0.07143      -     -    0s
H    0     0                       0.0000000    0.07143      -     -    0s
     0     0    0.07143    0   53    0.00000    0.07143      -     -    0s
     0     0    0.07143    0   53    0.00000    0.07143      -     -    0s
     0     0    0.07143    0   50    0.00000    0.07143      -     -    0s
     0     0    0.07143    0   50    0.00000    0.07143      -     -    0s
H    0     0                       0.0018553    0.07143  3750%     -    0s
H    0     0                       0.0048390    0.07143  1376%     -    0s
H    0     0                       0.0055222    0.07143  1193%     -    0s
     0     2    0.07133    0   53    0.00552    0.07133  1192%     -    0s
H  573   502                       0.0055222    0.07132  1192%  31.4    0s
H 1144   934                       0.0055222    0.07131  1191%  33.4    1s
  9202  3997    0.04023   18   49    0.00552    0.04026   629%  34.4    5s
H14303  5856                       0.0062795    0.03870   516%  34.5    7s
*16128  6401              65       0.0064471    0.03822   493%  34.0    7s
*16130  6388              66       0.0064770    0.03822   490%  34.0    7s
*16133  6388              68       0.0064822    0.03822   490%  34.0    7s
*16135  6388              69       0.0064835    0.03822   490%  34.0    7s
*16137  6388              70       0.0064837    0.03822   490%  34.0    7s
H16710  6528                       0.0064838    0.03812   488%  34.1    8s
H16775  6441                       0.0071354    0.03812   434%  34.1    8s
H18073  6697                       0.0074358    0.03778   408%  34.0    8s
H18598  6624                       0.0079774    0.03776   373%  34.0    9s
H19253  6890                       0.0081168    0.03747   362%  34.0    9s
H20461  5939                       0.0113540    0.03712   227%  33.9    9s
 20462  5995    0.02239   22   55    0.01135    0.03712   227%  33.9   10s
 35724  9929    0.01758   33   46    0.01135    0.03426   202%  33.7   15s
 52006 13623    0.02953   25   54    0.01135    0.03212   183%  33.5   20s
 67500 17333     cutoff   28         0.01135    0.03069   170%  33.1   25s
H82600 19563                       0.0121047    0.02967   145%  33.1   29s
 83069 19714    0.01986   28   50    0.01210    0.02963   145%  33.1   30s
H86172 19869                       0.0126111    0.02957   134%  33.0   32s
H93102 20713                       0.0126111    0.02903   130%  32.9   34s
 94194 21541    0.02178   30   42    0.01261    0.02897   130%  32.9   36s
 109249 23405    0.01618   36   42    0.01261    0.02814   123%  32.8   40s
 125672 25941    0.01829   33   47    0.01261    0.02747   118%  32.5   45s

Cutting planes:
  Gomory: 2
  Implied bound: 4
  MIR: 1
  Flow cover: 1
  RLT: 49
  BQP: 9

Explored 127316 nodes (4141898 simplex iterations) in 45.49 seconds (33.82 work units)
Thread count was 4 (of 4 available processors)

Solution count 10: 0.0126111 0.0121047 0.011354 ... 0.00648224

Optimization achieved user objective limit
Best objective 1.261107722265e-02, best bound 2.740909873266e-02, gap 117.3415%
{"verdict": "PROVED", "status": "BOUND_REACHED", "runtime": 45.49272704124451, "objval": 0.012611077222650098, "objbound": 0.027409098732660075, "binaries": 50}
