Set parameter NodefileStart to value 6
Read parameters from file gurobi.env
Restricted license - for non-production use only - expires 2027-11-29
Set parameter OutputFlag to value 1
Set parameter Threads to value 4
Set parameter TimeLimit to value 360
Set parameter MIPGap to value 5e-05
Set parameter MIPFocus to value 2
Set parameter NonConvex to value 2
Set parameter BestBdStop to value 2.7426211734693878e-02
Gurobi Optimizer version 13.0.3 build v13.0.3rc0 (linux64 - "Ubuntu 24.04.5 LTS")

CPU model: AMD EPYC 7763 64-Core Processor, instruction set [SSE2|AVX|AVX2]
Thread count: 2 physical cores, 4 logical processors, using up to 4 threads

Non-default parameters:
TimeLimit  360
BestBdStop  2.7426211734693878e-02
MIPGap  5e-05
MIPFocus  2
NodefileStart  6
NonConvex  2
Threads  4

Optimize a model with 125 rows, 95 columns and 686 nonzeros (Max)
Model fingerprint: 0x1ea80e92
Model has 1 linear objective coefficients
Model has 50 quadratic constraints
Variable types: 65 continuous, 30 integer (30 binary)
Coefficient statistics:
  Matrix range     [5e-01, 1e+00]
  QMatrix range    [1e+00, 1e+00]
  QLMatrix range   [1e+00, 1e+00]
  Objective range  [1e+00, 1e+00]
  Bounds range     [5e-01, 1e+00]
  RHS range        [1e+00, 1e+00]

Found heuristic solution: objective -0.0000000
Presolve time: 0.00s
Presolved: 325 rows, 96 columns, 1086 nonzeros
Presolved model has 50 bilinear constraint(s)

Solving non-convex MIQCP to global optimality

Variable types: 66 continuous, 30 integer (30 binary)
Root relaxation presolve removed 50 rows and 1 columns
Root relaxation presolved: 275 rows, 95 columns, 1036 nonzeros


Root relaxation: objective 8.333333e-02, 121 iterations, 0.00 seconds (0.00 work units)

    Nodes    |    Current Node    |     Objective Bounds      |     Work
 Expl Unexpl |  Obj  Depth IntInf | Incumbent    BestBd   Gap | It/Node Time

     0     0    0.08333    0   53   -0.00000    0.08333      -     -    0s
     0     0    0.06250    0   54   -0.00000    0.06250      -     -    0s
     0     0    0.04545    0   52   -0.00000    0.04545      -     -    0s
     0     0    0.04545    0   53   -0.00000    0.04545      -     -    0s
     0     0    0.04545    0   48   -0.00000    0.04545      -     -    0s
     0     0    0.04545    0   48   -0.00000    0.04545      -     -    0s
     0     0    0.04545    0   46   -0.00000    0.04545      -     -    0s
     0     0    0.04545    0   45   -0.00000    0.04545      -     -    0s
     0     0    0.04545    0   45   -0.00000    0.04545      -     -    0s
     0     0    0.04545    0   44   -0.00000    0.04545      -     -    0s
     0     0    0.04545    0   44   -0.00000    0.04545      -     -    0s
     0     2    0.04545    0   44   -0.00000    0.04545      -     -    0s
*  508   469              78       0.0000001    0.04545      -  32.6    0s
H  611   503                       0.0000004    0.04545      -  30.8    0s
H  661   539                       0.0000006    0.04545      -  30.6    0s

Cutting planes:
  Gomory: 4
  RLT: 34
  BQP: 12

Explored 1876 nodes (63732 simplex iterations) in 2.08 seconds (1.36 work units)
Thread count was 4 (of 4 available processors)

Solution count 4: 6.47019e-07 3.54499e-07 9.78083e-08 -0 

Optimization achieved user objective limit
Best objective 6.470194019725e-07, best bound 2.626323590067e-02, gap -
{"verdict": "PROVED", "status": "BOUND_REACHED", "runtime": 2.0799479484558105, "objval": 6.470194019725374e-07, "objbound": 0.02626323590066945, "binaries": 30}
