Set parameter NodefileStart to value 6
Read parameters from file gurobi.env
Restricted license - for non-production use only - expires 2027-11-29
Set parameter OutputFlag to value 1
Set parameter Threads to value 4
Set parameter TimeLimit to value 360
Set parameter MIPGap to value 5e-05
Set parameter MIPFocus to value 2
Set parameter NonConvex to value 2
Set parameter BestBdStop to value 2.7426211734693878e-02
Gurobi Optimizer version 13.0.3 build v13.0.3rc0 (linux64 - "Ubuntu 24.04.5 LTS")

CPU model: AMD EPYC 9V45 96-Core Processor, instruction set [SSE2|AVX|AVX2|AVX512]
Thread count: 2 physical cores, 4 logical processors, using up to 4 threads

Non-default parameters:
TimeLimit  360
BestBdStop  2.7426211734693878e-02
MIPGap  5e-05
MIPFocus  2
NodefileStart  6
NonConvex  2
Threads  4

Optimize a model with 141 rows, 111 columns and 810 nonzeros (Max)
Model fingerprint: 0x378a955a
Model has 1 linear objective coefficients
Model has 50 quadratic constraints
Variable types: 65 continuous, 46 integer (46 binary)
Coefficient statistics:
  Matrix range     [5e-01, 1e+00]
  QMatrix range    [1e+00, 1e+00]
  QLMatrix range   [1e+00, 1e+00]
  Objective range  [1e+00, 1e+00]
  Bounds range     [5e-01, 1e+00]
  RHS range        [1e+00, 1e+00]

Found heuristic solution: objective -0.0000000
Presolve time: 0.00s
Presolved: 341 rows, 112 columns, 1210 nonzeros
Presolved model has 50 bilinear constraint(s)

Solving non-convex MIQCP to global optimality

Variable types: 66 continuous, 46 integer (46 binary)
Root relaxation presolve removed 50 rows and 1 columns
Root relaxation presolved: 291 rows, 111 columns, 1160 nonzeros


Root relaxation: objective 8.333333e-02, 100 iterations, 0.00 seconds (0.00 work units)

    Nodes    |    Current Node    |     Objective Bounds      |     Work
 Expl Unexpl |  Obj  Depth IntInf | Incumbent    BestBd   Gap | It/Node Time

     0     0    0.08333    0   52   -0.00000    0.08333      -     -    0s
     0     0    0.08333    0   56   -0.00000    0.08333      -     -    0s
     0     0    0.07143    0   58   -0.00000    0.07143      -     -    0s
     0     0    0.07143    0   55   -0.00000    0.07143      -     -    0s
     0     0    0.07143    0   53   -0.00000    0.07143      -     -    0s
     0     0    0.07143    0   58   -0.00000    0.07143      -     -    0s
     0     0    0.07143    0   58   -0.00000    0.07143      -     -    0s
     0     0    0.07143    0   36   -0.00000    0.07143      -     -    0s
     0     0    0.07143    0   49   -0.00000    0.07143      -     -    0s
     0     0    0.06667    0   42   -0.00000    0.06667      -     -    0s
     0     0    0.06667    0   42   -0.00000    0.06667      -     -    0s
     0     0    0.06667    0   48   -0.00000    0.06667      -     -    0s
     0     0    0.06667    0   40   -0.00000    0.06667      -     -    0s
     0     0    0.06667    0   40   -0.00000    0.06667      -     -    0s
     0     2    0.06667    0   40   -0.00000    0.06667      -     -    0s
* 1083  1008             111       0.0000002    0.06269      -  31.5    0s
* 1084  1008             111       0.0000002    0.06269      -  31.5    0s
H 1188  1024                       0.0000004    0.06269      -  32.3    0s
* 4870  3012              61       0.0000005    0.05760      -  24.4    1s
H 6227  3808                       0.0000006    0.05437      -  23.6    2s
 24660 16889    0.02837   30   52    0.00000    0.04386      -  22.6    5s
H25553 17460                       0.0000006    0.04383      -  22.6    5s
H25848 17275                       0.0000008    0.04369      -  22.6    5s
 55235 36679     cutoff   66         0.00000    0.03950      -  22.6   10s
 88096 57334    0.00038   52   43    0.00000    0.03718      -  23.1   15s
H112478 72445                       0.0000009    0.03606      -  23.2   18s
H117311 74954                       0.0000010    0.03584      -  23.2   19s
 119251 76174    0.01654   37   50    0.00000    0.03573      -  23.2   20s
 153952 98166    0.00000   55   22    0.00000    0.03467      -  23.0   25s
 184304 117673    0.00724   45   51    0.00000    0.03404      -  22.9   30s
 216601 137556     cutoff   47         0.00000    0.03331      -  22.9   35s
*232686 146313              81       0.0000010    0.03297      -  22.9   37s
*232687 145618              81       0.0000011    0.03297      -  22.9   37s
 247852 155218    0.00003   73   37    0.00000    0.03279      -  22.9   40s
 285292 179697    0.00000   79   35    0.00000    0.03227      -  22.8   45s
H295249 185900                       0.0000011    0.03214      -  22.8   46s
 316930 199289    0.00004   70   45    0.00000    0.03182      -  22.8   50s
 349492 219943    0.00011   69   50    0.00000    0.03140      -  22.8   55s
 383372 240810    0.01987   34   50    0.00000    0.03096      -  22.9   60s
 415594 260042    0.00000   96   22    0.00000    0.03054      -  22.9   65s
 450327 281094    0.00109   42   50    0.00000    0.03016      -  22.9   70s
 483096 301543    0.00001   57   36    0.00000    0.02984      -  22.9   75s
 517612 323716    0.00325   38   51    0.00000    0.02957      -  22.8   80s
 548765 342427     cutoff   71         0.00000    0.02928      -  22.8   85s
 583656 364212    0.00014   60   24    0.00000    0.02901      -  22.8   90s
 618411 385532    0.00780   40   43    0.00000    0.02877      -  22.8   95s
 650739 406490    0.00102   53   43    0.00000    0.02858      -  22.7  100s
 686494 428025    0.00028   50   33    0.00000    0.02834      -  22.7  105s
 720711 448592     cutoff   65         0.00000    0.02816      -  22.7  110s
 754793 468891     cutoff   62         0.00000    0.02797      -  22.6  115s
 788304 489241    0.00001   91   43    0.00000    0.02779      -  22.6  120s
 824403 511261     cutoff   37         0.00000    0.02760      -  22.6  125s
 860031 532739     cutoff   47         0.00000    0.02743      -  22.5  130s

Cutting planes:
  Gomory: 7
  Implied bound: 24
  MIR: 4
  Flow cover: 26
  Inf proof: 2
  RLT: 74
  Relax-and-lift: 4
  BQP: 24

Explored 861084 nodes (19408921 simplex iterations) in 130.12 seconds (237.40 work units)
Thread count was 4 (of 4 available processors)

Solution count 10: 1.10195e-06 1.10195e-06 1.10063e-06 ... 4.50895e-07

Optimization achieved user objective limit
Best objective 1.101951618456e-06, best bound 2.742536449932e-02, gap 2488699.3302%
{"verdict": "PROVED", "status": "BOUND_REACHED", "runtime": 130.11718106269836, "objval": 1.1019516184562725e-06, "objbound": 0.027425364499317012, "binaries": 46}
