Set parameter NodefileStart to value 6
Read parameters from file gurobi.env
Restricted license - for non-production use only - expires 2027-11-29
Set parameter OutputFlag to value 1
Set parameter Threads to value 4
Set parameter TimeLimit to value 360
Set parameter MIPGap to value 5e-05
Set parameter MIPFocus to value 2
Set parameter NonConvex to value 2
Set parameter BestBdStop to value 2.7426211734693878e-02
Gurobi Optimizer version 13.0.3 build v13.0.3rc0 (linux64 - "Ubuntu 24.04.5 LTS")

CPU model: AMD EPYC 9V45 96-Core Processor, instruction set [SSE2|AVX|AVX2|AVX512]
Thread count: 2 physical cores, 4 logical processors, using up to 4 threads

Non-default parameters:
TimeLimit  360
BestBdStop  2.7426211734693878e-02
MIPGap  5e-05
MIPFocus  2
NodefileStart  6
NonConvex  2
Threads  4

Optimize a model with 141 rows, 111 columns and 810 nonzeros (Max)
Model fingerprint: 0x23793345
Model has 1 linear objective coefficients
Model has 50 quadratic constraints
Variable types: 65 continuous, 46 integer (46 binary)
Coefficient statistics:
  Matrix range     [5e-01, 1e+00]
  QMatrix range    [1e+00, 1e+00]
  QLMatrix range   [1e+00, 1e+00]
  Objective range  [1e+00, 1e+00]
  Bounds range     [5e-01, 1e+00]
  RHS range        [1e+00, 1e+00]

Found heuristic solution: objective -0.0000000
Presolve time: 0.00s
Presolved: 341 rows, 112 columns, 1210 nonzeros
Presolved model has 50 bilinear constraint(s)

Solving non-convex MIQCP to global optimality

Variable types: 66 continuous, 46 integer (46 binary)
Root relaxation presolve removed 50 rows and 1 columns
Root relaxation presolved: 291 rows, 111 columns, 1160 nonzeros


Root relaxation: objective 8.333333e-02, 112 iterations, 0.00 seconds (0.00 work units)

    Nodes    |    Current Node    |     Objective Bounds      |     Work
 Expl Unexpl |  Obj  Depth IntInf | Incumbent    BestBd   Gap | It/Node Time

     0     0    0.08333    0   48   -0.00000    0.08333      -     -    0s
     0     0    0.07143    0   61   -0.00000    0.07143      -     -    0s
     0     0    0.07143    0   58   -0.00000    0.07143      -     -    0s
     0     0    0.07143    0   65   -0.00000    0.07143      -     -    0s
     0     0    0.07143    0   43   -0.00000    0.07143      -     -    0s
     0     0    0.07143    0   50   -0.00000    0.07143      -     -    0s
     0     0    0.07143    0   43   -0.00000    0.07143      -     -    0s
     0     0    0.07143    0   43   -0.00000    0.07143      -     -    0s
     0     0    0.07143    0   53   -0.00000    0.07143      -     -    0s
     0     0    0.07143    0   53   -0.00000    0.07143      -     -    0s
     0     2    0.07143    0   53   -0.00000    0.07143      -     -    0s
H  680   717                       0.0000000    0.07143      -  18.8    0s
*  681   717             101       0.0000003    0.07143      -  18.8    0s
H 1099  1029                       0.0000004    0.07095      -  17.9    0s
H 1158   964                       0.0000005    0.05918      -  17.9    0s
H 1222   970                       0.0000007    0.03974      -  20.8    1s
* 2498  1628             109       0.0000007    0.03974      -  20.1    1s
* 2550  1566             117       0.0000007    0.03974      -  20.1    1s
* 2553  1523             118       0.0000008    0.03974      -  20.0    1s
H 2818  1610                       0.0000009    0.03974      -  21.9    1s
 21999 15414    0.00002   49   43    0.00000    0.03870      -  27.0    5s
 55015 37984    0.00473   38   37    0.00000    0.03440      -  24.5   10s
H76988 52466                       0.0000009    0.03292      -  23.5   13s
 86899 58962    0.00005   61   45    0.00000    0.03232      -  23.4   15s
 120864 81920    0.00005   80   43    0.00000    0.03076      -  22.8   20s
 154697 104595    0.00384   39   37    0.00000    0.02994      -  22.2   25s
 188897 127089    0.00050   66   45    0.00000    0.02919      -  22.0   30s
 219505 147772     cutoff   68         0.00000    0.02869      -  21.7   35s
 252826 169531    0.01449   37   52    0.00000    0.02807      -  21.6   40s
 286158 192196    0.00127   38   46    0.00000    0.02759      -  21.6   45s

Cutting planes:
  Gomory: 6
  Implied bound: 6
  MIR: 6
  Flow cover: 21
  RLT: 82
  Relax-and-lift: 6
  BQP: 18

Explored 298375 nodes (6426642 simplex iterations) in 46.74 seconds (76.55 work units)
Thread count was 4 (of 4 available processors)

Solution count 10: 8.73355e-07 7.65061e-07 6.74696e-07 ... -0

Optimization achieved user objective limit
Best objective 8.733546787111e-07, best bound 2.742362232639e-02, gap -
{"verdict": "PROVED", "status": "BOUND_REACHED", "runtime": 46.73711013793945, "objval": 8.733546787111041e-07, "objbound": 0.02742362232639326, "binaries": 46}
