Set parameter NodefileStart to value 6
Read parameters from file gurobi.env
Restricted license - for non-production use only - expires 2027-11-29
Set parameter OutputFlag to value 1
Set parameter Threads to value 4
Set parameter TimeLimit to value 360
Set parameter MIPGap to value 5e-05
Set parameter MIPFocus to value 2
Set parameter NonConvex to value 2
Set parameter BestBdStop to value 2.7426211734693878e-02
Gurobi Optimizer version 13.0.3 build v13.0.3rc0 (linux64 - "Ubuntu 24.04.5 LTS")

CPU model: AMD EPYC 7763 64-Core Processor, instruction set [SSE2|AVX|AVX2]
Thread count: 2 physical cores, 4 logical processors, using up to 4 threads

Non-default parameters:
TimeLimit  360
BestBdStop  2.7426211734693878e-02
MIPGap  5e-05
MIPFocus  2
NodefileStart  6
NonConvex  2
Threads  4

Optimize a model with 141 rows, 111 columns and 810 nonzeros (Max)
Model fingerprint: 0x4918abdb
Model has 1 linear objective coefficients
Model has 50 quadratic constraints
Variable types: 65 continuous, 46 integer (46 binary)
Coefficient statistics:
  Matrix range     [5e-01, 1e+00]
  QMatrix range    [1e+00, 1e+00]
  QLMatrix range   [1e+00, 1e+00]
  Objective range  [1e+00, 1e+00]
  Bounds range     [5e-01, 1e+00]
  RHS range        [1e+00, 1e+00]

Found heuristic solution: objective -0.0000000
Presolve time: 0.00s
Presolved: 341 rows, 112 columns, 1210 nonzeros
Presolved model has 50 bilinear constraint(s)

Solving non-convex MIQCP to global optimality

Variable types: 66 continuous, 46 integer (46 binary)
Root relaxation presolve removed 50 rows and 1 columns
Root relaxation presolved: 291 rows, 111 columns, 1160 nonzeros


Root relaxation: objective 8.333333e-02, 130 iterations, 0.00 seconds (0.00 work units)

    Nodes    |    Current Node    |     Objective Bounds      |     Work
 Expl Unexpl |  Obj  Depth IntInf | Incumbent    BestBd   Gap | It/Node Time

     0     0    0.08333    0   50   -0.00000    0.08333      -     -    0s
     0     0    0.08333    0   51   -0.00000    0.08333      -     -    0s
     0     0    0.08209    0   47   -0.00000    0.08209      -     -    0s
H    0     0                       0.0000000    0.08209      -     -    0s
     0     0    0.08000    0   68    0.00000    0.08000      -     -    0s
     0     0    0.07692    0   55    0.00000    0.07692      -     -    0s
     0     0    0.07692    0   59    0.00000    0.07692      -     -    0s
     0     0    0.07692    0   63    0.00000    0.07692      -     -    0s
     0     0    0.07692    0   60    0.00000    0.07692      -     -    0s
     0     0    0.07500    0   70    0.00000    0.07500      -     -    0s
     0     0    0.07500    0   70    0.00000    0.07500      -     -    0s
     0     0    0.07500    0   70    0.00000    0.07500      -     -    0s
     0     0    0.07500    0   70    0.00000    0.07500      -     -    0s
     0     2    0.07500    0   51    0.00000    0.07500      -     -    0s
*  491   488              77       0.0000002    0.07500      -  28.5    0s
H 1185   971                       0.0000004    0.06780      -  29.2    1s
H 1195   921                       0.0000004    0.06780      -  29.2    1s
* 1714  1173              96       0.0000005    0.06452      -  27.6    1s
* 1717  1130              97       0.0000006    0.06452      -  27.6    1s
H 1877  1092                       0.0000007    0.06269      -  27.2    1s
H 2487  1306                       0.0000011    0.05362      -  27.3    1s
 11670  7116    0.00606   39   58    0.00000    0.04068      -  28.5    5s
 29708 18397    0.00776   35   56    0.00000    0.03669      -  29.4   10s
 51189 31347    0.00003   48   33    0.00000    0.03483      -  29.3   15s
 72336 44063    0.01972   36   48    0.00000    0.03385      -  29.2   20s
 94911 57181    0.00035   52   30    0.00000    0.03302      -  29.1   25s
 115945 69088    0.01987   36   52    0.00000    0.03244      -  29.2   30s
 132582 77537    0.02816   31   60    0.00000    0.03193      -  29.4   35s
 154435 89678    0.00162   43   37    0.00000    0.03142      -  29.5   40s
 175328 101419    0.01060   38   49    0.00000    0.03108      -  29.4   45s
 195948 113034    0.00002   58   47    0.00000    0.03075      -  29.6   50s
 216370 124079    0.00011   57   51    0.00000    0.03041      -  29.7   55s
 238266 137122    0.00033   59   33    0.00000    0.03016      -  29.7   60s
 258584 147981    0.00493   41   50    0.00000    0.02989      -  29.7   65s
 276548 157691     cutoff   75         0.00000    0.02968      -  29.7   70s
 299019 170131    0.00002   50   33    0.00000    0.02943      -  29.7   75s
 320126 182509    0.01733   38   51    0.00000    0.02922      -  29.6   80s
 340809 193664    0.00000   67   47    0.00000    0.02906      -  29.6   85s
 359879 204723    0.00100   41   52    0.00000    0.02890      -  29.6   90s
 382252 218040    0.00067   44   50    0.00000    0.02875      -  29.5   95s
H399049 226369                       0.0000013    0.02863      -  29.5   99s
 400302 227097    0.01037   40   54    0.00000    0.02862      -  29.5  100s
 419285 238271 infeasible   37         0.00000    0.02847      -  29.5  105s
 441876 250514    0.00018   69   38    0.00000    0.02829      -  29.5  110s
 462815 262183    0.00108   37   50    0.00000    0.02815      -  29.5  115s
 483360 273347     cutoff   40         0.00000    0.02801      -  29.5  120s
 499700 283252     cutoff   97         0.00000    0.02793      -  29.5  125s
 518977 294394    0.01186   36   51    0.00000    0.02782      -  29.5  130s
H535870 300606                       0.0000016    0.02770      -  29.5  135s
 550834 309329    0.00000   58   39    0.00000    0.02763      -  29.4  140s
 572568 320793    0.00197   37   44    0.00000    0.02752      -  29.5  145s

Cutting planes:
  Gomory: 6
  Implied bound: 27
  MIR: 5
  Mixing: 1
  Flow cover: 30
  Inf proof: 4
  RLT: 74
  Relax-and-lift: 5
  BQP: 23

Explored 588264 nodes (17331238 simplex iterations) in 148.94 seconds (147.97 work units)
Thread count was 4 (of 4 available processors)

Solution count 10: 1.55591e-06 1.14779e-06 7.31019e-07 ... -0

Optimization achieved user objective limit
Best objective 1.555910767715e-06, best bound 2.742475442176e-02, gap 1762517.4322%
{"verdict": "PROVED", "status": "BOUND_REACHED", "runtime": 148.94035816192627, "objval": 1.5559107677150241e-06, "objbound": 0.027424754421758575, "binaries": 46}
