Set parameter NodefileStart to value 6
Read parameters from file gurobi.env
Restricted license - for non-production use only - expires 2027-11-29
Set parameter OutputFlag to value 1
Set parameter Threads to value 4
Set parameter TimeLimit to value 360
Set parameter MIPGap to value 5e-05
Set parameter MIPFocus to value 2
Set parameter NonConvex to value 2
Set parameter BestBdStop to value 2.7426211734693878e-02
Gurobi Optimizer version 13.0.3 build v13.0.3rc0 (linux64 - "Ubuntu 24.04.5 LTS")

CPU model: AMD EPYC 7763 64-Core Processor, instruction set [SSE2|AVX|AVX2]
Thread count: 2 physical cores, 4 logical processors, using up to 4 threads

Non-default parameters:
TimeLimit  360
BestBdStop  2.7426211734693878e-02
MIPGap  5e-05
MIPFocus  2
NodefileStart  6
NonConvex  2
Threads  4

Optimize a model with 145 rows, 115 columns and 846 nonzeros (Max)
Model fingerprint: 0xc5df2205
Model has 1 linear objective coefficients
Model has 50 quadratic constraints
Variable types: 65 continuous, 50 integer (50 binary)
Coefficient statistics:
  Matrix range     [5e-01, 1e+00]
  QMatrix range    [1e+00, 1e+00]
  QLMatrix range   [1e+00, 1e+00]
  Objective range  [1e+00, 1e+00]
  Bounds range     [5e-01, 1e+00]
  RHS range        [1e+00, 1e+00]

Found heuristic solution: objective -0.0000000
Presolve time: 0.00s
Presolved: 345 rows, 116 columns, 1246 nonzeros
Presolved model has 50 bilinear constraint(s)

Solving non-convex MIQCP to global optimality

Variable types: 66 continuous, 50 integer (50 binary)
Root relaxation presolve removed 70 rows and 11 columns
Root relaxation presolved: 275 rows, 105 columns, 1076 nonzeros


Root relaxation: objective 7.142857e-02, 99 iterations, 0.00 seconds (0.00 work units)

    Nodes    |    Current Node    |     Objective Bounds      |     Work
 Expl Unexpl |  Obj  Depth IntInf | Incumbent    BestBd   Gap | It/Node Time

     0     0    0.07143    0   44   -0.00000    0.07143      -     -    0s
     0     0    0.06250    0   61   -0.00000    0.06250      -     -    0s
     0     0    0.06250    0   61   -0.00000    0.06250      -     -    0s
H    0     0                       0.0000000    0.06250      -     -    0s
     0     0    0.06250    0   61    0.00000    0.06250      -     -    0s
     0     0    0.06250    0   58    0.00000    0.06250      -     -    0s
     0     0    0.06250    0   43    0.00000    0.06250      -     -    0s
     0     0    0.06250    0   45    0.00000    0.06250      -     -    0s
     0     0    0.06250    0   46    0.00000    0.06250      -     -    0s
     0     0    0.06250    0   49    0.00000    0.06250      -     -    0s
     0     0    0.06250    0   49    0.00000    0.06250      -     -    0s
     0     0    0.06250    0   49    0.00000    0.06250      -     -    0s
H    0     0                       0.0036306    0.06250  1622%     -    0s
H    0     0                       0.0040968    0.06250  1426%     -    0s
H    0     0                       0.0048893    0.06250  1178%     -    0s
H    0     0                       0.0052941    0.06250  1081%     -    0s
H    0     0                       0.0057414    0.06250   989%     -    0s
     0     2    0.06221    0   64    0.00574    0.06221   984%     -    0s
H   29    32                       0.0057414    0.06221   984%  41.3    0s
H   75    91                       0.0105867    0.06221   488%  32.8    0s
H  343   309                       0.0116225    0.06221   435%  26.0    0s
H  374   366                       0.0121898    0.06221   410%  26.9    0s
H 1294  1019                       0.0133278    0.05431   307%  29.3    2s
* 1739  1159              61       0.0146732    0.05431   270%  26.8    2s
H 2157  1215                       0.0203133    0.05431   167%  26.8    2s
  9302  3261    0.02784   25   23    0.02031    0.04851   139%  28.7    5s
H14140  4364                       0.0217812    0.04687   115%  28.6    6s
H14935  4584                       0.0218715    0.04667   113%  28.4    7s
H15429  4726                       0.0218716    0.04653   113%  28.5    7s
H16131  4966                       0.0219295    0.04636   111%  28.4    7s
H16350  4962                       0.0219460    0.04636   111%  28.4    7s
H20345  5891                       0.0230873    0.04579  98.3%  27.7    8s
 26856  7841    0.03983   30   50    0.02309    0.04482  94.1%  27.6   10s
H33362  8778                       0.0243823    0.04399  80.4%  27.8   11s
H41171  9659                       0.0258451    0.04327  67.4%  28.3   13s
H44801 10309                       0.0258451    0.04295  66.2%  28.3   14s
 45541 10438     cutoff   33         0.02585    0.04286  65.8%  28.3   15s
H46504 10147                       0.0264389    0.04274  61.7%  28.4   15s
H47480 10320                       0.0264389    0.04269  61.5%  28.4   15s
H55391 11358                       0.0264389    0.04201  58.9%  28.5   17s
 67125 12684    0.02780   27   56    0.02644    0.04107  55.4%  28.5   20s
 87877 14783    0.02714   22   51    0.02644    0.03976  50.4%  28.3   25s
 107786 16555    0.02895   42   41    0.02644    0.03867  46.3%  27.3   30s
 130359 18297    0.03049   30   55    0.02644    0.03761  42.3%  26.3   35s
 150530 19330    0.03033   24   51    0.02644    0.03672  38.9%  25.5   40s
 172794 20165    0.02757   27   58    0.02644    0.03584  35.6%  24.9   45s
 195639 20624     cutoff   28         0.02644    0.03499  32.3%  24.4   50s
 218384 20617    0.03084   32   43    0.02644    0.03418  29.3%  23.8   55s
 236509 20897     cutoff   33         0.02644    0.03361  27.1%  23.4   60s
 258623 20869     cutoff   29         0.02644    0.03292  24.5%  23.0   65s
 280516 21047     cutoff   24         0.02644    0.03226  22.0%  22.6   70s
 303167 20924    0.02772   28   50    0.02644    0.03162  19.6%  22.1   75s
 326176 19704    0.02825   37   44    0.02644    0.03095  17.1%  21.7   80s
 349321 18025    0.02919   35   56    0.02644    0.03034  14.8%  21.4   85s
 372538 15786     cutoff   31         0.02644    0.02970  12.3%  21.1   90s
 395403 12861     cutoff   44         0.02644    0.02905  9.89%  20.7   95s
 416068  9466     cutoff   30         0.02644    0.02841  7.45%  20.5  100s
 438638  4451    0.02746   47   34    0.02644    0.02749  3.97%  20.1  105s

Cutting planes:
  Gomory: 8
  Implied bound: 17
  MIR: 1
  Flow cover: 20
  RLT: 79
  Relax-and-lift: 10
  BQP: 20

Explored 439949 nodes (8854729 simplex iterations) in 105.26 seconds (112.32 work units)
Thread count was 4 (of 4 available processors)

Solution count 10: 0.0264389 0.0258451 0.0243823 ... 0.0203133

Optimization achieved user objective limit
Best objective 2.643886153285e-02, best bound 2.741345140126e-02, gap 3.6862%
{"verdict": "PROVED", "status": "BOUND_REACHED", "runtime": 105.2586920261383, "objval": 0.026438861532848856, "objbound": 0.027413451401261918, "binaries": 50}
