Set parameter NodefileStart to value 6
Read parameters from file gurobi.env
Restricted license - for non-production use only - expires 2027-11-29
Set parameter OutputFlag to value 1
Set parameter Threads to value 4
Set parameter TimeLimit to value 19800
Set parameter MIPGap to value 5e-05
Set parameter MIPFocus to value 2
Set parameter NonConvex to value 2
Set parameter BestBdStop to value 2.7426211734693878e-02
Gurobi Optimizer version 13.0.3 build v13.0.3rc0 (linux64 - "Ubuntu 24.04.5 LTS")

CPU model: AMD EPYC 9V45 96-Core Processor, instruction set [SSE2|AVX|AVX2|AVX512]
Thread count: 2 physical cores, 4 logical processors, using up to 4 threads

Non-default parameters:
TimeLimit  19800
BestBdStop  2.7426211734693878e-02
MIPGap  5e-05
MIPFocus  2
NodefileStart  6
NonConvex  2
Threads  4

Optimize a model with 165 rows, 135 columns and 976 nonzeros (Max)
Model fingerprint: 0xfe253804
Model has 1 linear objective coefficients
Model has 50 quadratic constraints
Variable types: 65 continuous, 70 integer (70 binary)
Coefficient statistics:
  Matrix range     [5e-01, 1e+00]
  QMatrix range    [1e+00, 1e+00]
  QLMatrix range   [1e+00, 1e+00]
  Objective range  [1e+00, 1e+00]
  Bounds range     [5e-01, 1e+00]
  RHS range        [1e+00, 1e+00]

Found heuristic solution: objective -0.0000000
Presolve time: 0.00s
Presolved: 365 rows, 136 columns, 1376 nonzeros
Presolved model has 50 bilinear constraint(s)

Solving non-convex MIQCP to global optimality

Variable types: 66 continuous, 70 integer (70 binary)
Root relaxation presolve removed 50 rows and 1 columns
Root relaxation presolved: 315 rows, 135 columns, 1326 nonzeros


Root relaxation: objective 2.500000e-01, 108 iterations, 0.00 seconds (0.00 work units)

    Nodes    |    Current Node    |     Objective Bounds      |     Work
 Expl Unexpl |  Obj  Depth IntInf | Incumbent    BestBd   Gap | It/Node Time

     0     0    0.25000    0   43   -0.00000    0.25000      -     -    0s
H    0     0                       0.0000001    0.25000      -     -    0s
H    0     0                       0.0000003    0.25000      -     -    0s
     0     0    0.12500    0   99    0.00000    0.12500      -     -    0s
     0     0    0.12500    0   97    0.00000    0.12500      -     -    0s
     0     0    0.12500    0   97    0.00000    0.12500      -     -    0s
     0     0    0.12500    0   97    0.00000    0.12500      -     -    0s
     0     0    0.12500    0   91    0.00000    0.12500      -     -    0s
     0     0    0.12500    0   98    0.00000    0.12500      -     -    0s
     0     0    0.12500    0   92    0.00000    0.12500      -     -    0s
H    0     0                       0.0000004    0.12500      -     -    0s
     0     0    0.12500    0   92    0.00000    0.12500      -     -    0s
     0     0    0.12500    0   88    0.00000    0.12500      -     -    0s
     0     0    0.12500    0   88    0.00000    0.12500      -     -    0s
     0     0    0.12500    0   87    0.00000    0.12500      -     -    0s
     0     0    0.12500    0   93    0.00000    0.12500      -     -    0s
     0     0    0.12500    0   95    0.00000    0.12500      -     -    0s
     0     0    0.12500    0   92    0.00000    0.12500      -     -    0s
     0     0    0.12500    0   90    0.00000    0.12500      -     -    0s
     0     0    0.12500    0   90    0.00000    0.12500      -     -    0s
     0     0    0.12500    0   90    0.00000    0.12500      -     -    0s
     0     0    0.12500    0   89    0.00000    0.12500      -     -    0s
     0     2    0.12500    0   86    0.00000    0.12500      -     -    0s
H   11    30                       0.0000006    0.12500      -  48.2    0s
H  405   399                       0.0000007    0.12500      -  30.1    0s
H 1197   966                       0.0021959    0.10643  4747%  25.2    1s
H 1198   918                       0.0091394    0.09946   988%  25.2    1s
H 1199   873                       0.0091394    0.09886   982%  25.2    1s
H 1208   835                       0.0101455    0.09610   847%  25.0    1s
H 1208   793                       0.0101456    0.09610   847%  25.0    1s
H 1210   753                       0.0101457    0.09606   847%  24.9    1s
H 1210   715                       0.0118653    0.09601   709%  24.9    1s
H 1211   680                       0.0118653    0.09598   709%  24.9    1s
H 1226   656                       0.0118653    0.09573   707%  27.6    2s
H 1230   626                       0.0118663    0.09573   707%  27.6    2s
H 1905   882                       0.0118663    0.09229   678%  39.1    2s
H 3114  1234                       0.0125860    0.09229   633%  36.9    3s
H 3136  1211                       0.0142108    0.09229   549%  36.9    3s
H 4368  1787                       0.0148921    0.09229   520%  39.9    3s
  8181  3969    0.02423   50   53    0.01489    0.08348   461%  42.9    5s
*25335 10827              66       0.0150923    0.07534   399%  43.8    9s
*25337 10808              67       0.0151350    0.07534   398%  43.8    9s
 25912 11104    0.02793   37   58    0.01514    0.07515   397%  43.7   10s
H26841 10767                       0.0167209    0.07480   347%  43.7   10s
H26845 10762                       0.0167451    0.07480   347%  43.7   10s
H28199 11234                       0.0168946    0.07444   341%  43.7   10s
H29638 11676                       0.0169890    0.07396   335%  43.6   11s
H29892 11804                       0.0169890    0.07393   335%  43.6   11s
 43168 16749    0.05439   35   76    0.01699    0.07073   316%  42.8   15s
 61369 24014     cutoff   50         0.01699    0.06860   304%  42.0   20s
 80968 30979     cutoff   43         0.01699    0.06646   291%  41.8   25s
 98423 37310    0.01794   46   61    0.01699    0.06506   283%  41.8   30s
 117409 44020    0.02728   38   61    0.01699    0.06368   275%  41.7   35s
H130381 47826                       0.0174012    0.06278   261%  41.5   38s
H130830 47892                       0.0174012    0.06277   261%  41.5   38s
H130946 47892                       0.0174012    0.06277   261%  41.5   38s
H133599 48830                       0.0174012    0.06258   260%  41.5   39s
H133686 48830                       0.0174012    0.06258   260%  41.5   39s
 137182 50210     cutoff   45         0.01740    0.06237   258%  41.5   40s
H139758 50718                       0.0174903    0.06223   256%  41.5   40s
H139810 50806                       0.0174903    0.06223   256%  41.5   40s
H140448 50963                       0.0174903    0.06221   256%  41.5   41s
H141496 45973                       0.0216325    0.06212   187%  41.4   41s
H142645 46005                       0.0218895    0.06207   184%  41.4   41s
H142649 45967                       0.0219171    0.06207   183%  41.4   41s
H143934 46075                       0.0220988    0.06198   180%  41.4   42s
 153751 48727     cutoff   45         0.02210    0.06125   177%  41.3   45s
 173412 54254     cutoff   44         0.02210    0.06020   172%  41.1   50s
 193646 59486    0.02968   44   56    0.02210    0.05944   169%  41.0   55s
 213710 64761    0.04743   46   58    0.02210    0.05878   166%  41.0   60s
H216374 64397                       0.0226672    0.05871   159%  41.0   60s
H216381 61866                       0.0241106    0.05871   143%  41.0   60s
H223703 63443                       0.0241106    0.05846   142%  41.0   62s
 233390 65635     cutoff   42         0.02411    0.05811   141%  41.0   65s
 253378 70169    0.02427   41   50    0.02411    0.05756   139%  40.8   70s
 274850 75462    0.04133   40   58    0.02411    0.05696   136%  40.7   75s
 295986 79455    0.03870   36   64    0.02411    0.05641   134%  40.6   80s
 318951 84253    0.02800   42   54    0.02411    0.05585   132%  40.6   85s
 339580 88319    0.02703   43   54    0.02411    0.05541   130%  40.6   90s
 360079 91989    0.03503   58   56    0.02411    0.05492   128%  40.5   95s
 382123 96098     cutoff   45         0.02411    0.05445   126%  40.5  100s
H400085 99854                       0.0241106    0.05410   124%  40.4  104s
 400321 99903     cutoff   46         0.02411    0.05409   124%  40.4  105s
 420005 103670     cutoff   46         0.02411    0.05374   123%  40.4  110s
 440356 107515    0.03502   47   58    0.02411    0.05339   121%  40.4  115s
 458319 110613    0.03210   43   59    0.02411    0.05311   120%  40.4  120s
 478944 114030    0.02465   47   55    0.02411    0.05282   119%  40.4  125s
 499803 117659    0.04473   35   70    0.02411    0.05251   118%  40.4  130s
 520549 121014     cutoff   45         0.02411    0.05221   117%  40.3  135s
 542677 124370    0.03194   43   62    0.02411    0.05191   115%  40.3  140s
 560597 127497    0.02468   68   16    0.02411    0.05167   114%  40.2  145s
 580541 130269    0.04590   37   53    0.02411    0.05140   113%  40.2  150s
 602007 133474    0.02427   47   52    0.02411    0.05111   112%  40.2  155s
 623502 136649    0.02832   49   53    0.02411    0.05082   111%  40.2  160s
 644125 139482     cutoff   45         0.02411    0.05056   110%  40.2  165s
 665506 142564    0.02667   43   52    0.02411    0.05033   109%  40.1  170s
 686126 145257     cutoff   40         0.02411    0.05008   108%  40.1  175s
 706339 148253    0.03016   42   51    0.02411    0.04986   107%  40.0  180s
 729864 151279     cutoff   48         0.02411    0.04959   106%  40.0  185s
 752148 154633    0.02631   46   53    0.02411    0.04935   105%  39.9  190s
 775041 158517    0.02488   49   55    0.02411    0.04912   104%  39.8  195s
 795311 161622    0.02697   57   15    0.02411    0.04892   103%  39.8  200s
 817537 164840     cutoff   46         0.02411    0.04871   102%  39.7  205s
 840299 168224    0.02914   46   58    0.02411    0.04849   101%  39.6  210s
 860048 171307     cutoff   41         0.02411    0.04831   100%  39.6  215s
 881518 174713    0.02675   55   60    0.02411    0.04813   100%  39.5  220s
 902870 177543     cutoff   44         0.02411    0.04793  98.8%  39.5  225s
 926086 180783    0.02763   45   58    0.02411    0.04773  98.0%  39.4  230s
 947827 184061     cutoff   50         0.02411    0.04756  97.3%  39.4  235s
 970700 186973    0.03391   40   57    0.02411    0.04737  96.5%  39.3  240s
 991143 189419     cutoff   46         0.02411    0.04720  95.8%  39.3  245s
 1014191 192502 infeasible   44         0.02411    0.04703  95.0%  39.2  250s
 1036200 195559    0.03027   38   56    0.02411    0.04685  94.3%  39.2  255s
 1058183 199054    0.02827   40   55    0.02411    0.04670  93.7%  39.1  260s
H1072288 193948                       0.0249673    0.04661  86.7%  39.1  262s
H1072544 193969                       0.0249673    0.04660  86.7%  39.1  262s
H1073048 193998                       0.0249673    0.04660  86.6%  39.1  263s
 1081440 194993     cutoff   47         0.02497    0.04653  86.4%  39.1  265s
 1104236 197140     cutoff   46         0.02497    0.04635  85.6%  39.0  270s
H1107255 197465                       0.0249673    0.04632  85.5%  39.0  270s
H1107550 197466                       0.0249673    0.04632  85.5%  39.0  270s
 1124920 199594     cutoff   45         0.02497    0.04620  85.0%  39.0  275s
 1147621 202357     cutoff   47         0.02497    0.04604  84.4%  38.9  280s
 1170689 204778    0.04487   42   62    0.02497    0.04588  83.8%  38.9  285s
 1190117 206876     cutoff   44         0.02497    0.04574  83.2%  38.8  290s
 1210820 208972    0.03749   48   57    0.02497    0.04560  82.6%  38.8  295s
 1232793 211413     cutoff   47         0.02497    0.04546  82.1%  38.8  300s
 1255149 214085 infeasible   49         0.02497    0.04530  81.4%  38.7  305s
 1279219 216959     cutoff   45         0.02497    0.04515  80.8%  38.7  310s
 1301316 219436     cutoff   48         0.02497    0.04501  80.3%  38.6  315s
 1323663 221845    0.03103   44   59    0.02497    0.04488  79.8%  38.6  320s
 1344751 224340    0.03612   45   30    0.02497    0.04475  79.3%  38.5  325s
H1346491 217538                       0.0255963    0.04475  74.8%  38.5  325s
 1359242 218563    0.03146   46   61    0.02560    0.04466  74.5%  38.5  330s
 1381823 220604    0.03438   42   57    0.02560    0.04452  73.9%  38.4  335s
 1404358 222999    0.03521   43   55    0.02560    0.04440  73.5%  38.4  340s
H1422295 224548                       0.0255963    0.04429  73.0%  38.4  343s
 1425838 224929    0.02998   40   57    0.02560    0.04427  72.9%  38.4  345s
 1444225 226872     cutoff   43         0.02560    0.04416  72.5%  38.3  350s
 1466613 228852 infeasible   64         0.02560    0.04403  72.0%  38.3  355s
 1485326 230985     cutoff   45         0.02560    0.04392  71.6%  38.2  360s
 1505515 234292     cutoff   43         0.02560    0.04382  71.2%  38.2  365s
 1527180 236561    0.02669   48   51    0.02560    0.04371  70.8%  38.1  370s
 1548097 238540    0.02768   41   54    0.02560    0.04359  70.3%  38.1  375s
 1569327 240680    0.03704   43   59    0.02560    0.04348  69.9%  38.0  380s
 1589040 242606 infeasible   54         0.02560    0.04338  69.5%  38.0  385s
 1611148 244594     cutoff   46         0.02560    0.04327  69.1%  37.9  390s
 1632454 246716    0.02715   48   55    0.02560    0.04316  68.6%  37.9  395s
 1652487 248245    0.02824   47   61    0.02560    0.04305  68.2%  37.8  400s
 1673871 249863     cutoff   51         0.02560    0.04294  67.8%  37.8  405s
 1692889 251706    0.02660   48   57    0.02560    0.04284  67.4%  37.8  410s
 1712469 252997     cutoff   37         0.02560    0.04274  67.0%  37.7  415s
 1731988 254797    0.02611   54   54    0.02560    0.04265  66.6%  37.7  420s
 1756199 256781    0.02590   63   32    0.02560    0.04253  66.1%  37.7  425s
 1778511 258620     cutoff   45         0.02560    0.04242  65.7%  37.6  430s
 1801640 260518     cutoff   57         0.02560    0.04231  65.3%  37.6  435s
 1824819 262158    0.02773   50   61    0.02560    0.04219  64.8%  37.6  440s
 1848206 263862     cutoff   51         0.02560    0.04208  64.4%  37.5  445s
 1871843 265994    0.04137   50   60    0.02560    0.04198  64.0%  37.5  450s
 1895384 268101    0.03099   44   56    0.02560    0.04186  63.6%  37.4  455s
 1917674 270085    0.02615   45   46    0.02560    0.04176  63.2%  37.4  460s
 1948340 280150     cutoff   49         0.02560    0.04170  62.9%  37.1  465s
 1969784 281781     cutoff   51         0.02560    0.04161  62.5%  37.1  470s
 1992094 283667     cutoff   44         0.02560    0.04151  62.2%  37.1  475s
 2015510 285475    0.02979   46   57    0.02560    0.04141  61.8%  37.1  480s
 2039158 287809     cutoff   49         0.02560    0.04132  61.4%  37.0  485s
 2060573 289519    0.02707   88    7    0.02560    0.04123  61.1%  37.0  490s
 2084475 291002    0.03895   54   57    0.02560    0.04112  60.7%  36.9  495s
 2107815 292828    0.03895   38   57    0.02560    0.04103  60.3%  36.9  500s
 2129374 294389     cutoff   46         0.02560    0.04094  60.0%  36.9  505s
 2152609 296162    0.03781   43   65    0.02560    0.04085  59.6%  36.8  510s
 2175262 297418    0.03079   52   56    0.02560    0.04076  59.2%  36.8  515s
 2192718 298849     cutoff   45         0.02560    0.04069  59.0%  36.8  520s
 2216047 300681     cutoff   53         0.02560    0.04060  58.6%  36.7  525s
 2239075 302587     cutoff   48         0.02560    0.04051  58.3%  36.7  530s
 2262728 304445     cutoff   45         0.02560    0.04042  57.9%  36.7  535s
 2290939 309483     cutoff   47         0.02560    0.04034  57.6%  36.5  540s
 2316523 313048    0.02805   50   62    0.02560    0.04027  57.3%  36.4  545s
 2340942 315052    0.03377   43   54    0.02560    0.04019  57.0%  36.4  550s
 2366454 317367    0.02838   44   52    0.02560    0.04011  56.7%  36.3  555s
 2389324 318971    0.02619   47   58    0.02560    0.04003  56.4%  36.3  560s
 2413074 320982    0.03136   49   52    0.02560    0.03995  56.1%  36.2  565s
 2437872 324901    0.02580   82   29    0.02560    0.03989  55.8%  36.1  570s
 2465841 329743    0.03137   43   57    0.02560    0.03982  55.6%  36.0  575s
 2493816 335662    0.03054   45   58    0.02560    0.03976  55.3%  35.9  580s
 2518709 340118    0.02791   58   46    0.02560    0.03970  55.1%  35.7  585s
 2543635 341830     cutoff   48         0.02560    0.03962  54.8%  35.7  590s
 2569398 344622    0.03489   48   58    0.02560    0.03954  54.5%  35.7  595s
 2597898 349701    0.02562   94   23    0.02560    0.03948  54.3%  35.5  600s
 2629440 358251    0.02576   84   25    0.02560    0.03944  54.1%  35.3  605s
 2654208 362801     cutoff   44         0.02560    0.03939  53.9%  35.2  610s
 2676315 367599    0.02618   53   49    0.02560    0.03935  53.7%  35.1  615s
 2702230 370487     cutoff   50         0.02560    0.03928  53.5%  35.0  620s
 2724671 372281    0.03280   48   51    0.02560    0.03921  53.2%  35.0  625s
 2748295 374005     cutoff   43         0.02560    0.03914  52.9%  35.0  630s
 2771826 375639     cutoff   44         0.02560    0.03907  52.6%  34.9  635s
 2795486 377596    0.03799   50   62    0.02560    0.03900  52.4%  34.9  640s
 2819779 379860    0.02644   48   52    0.02560    0.03894  52.1%  34.9  645s
 2843049 382259     cutoff   49         0.02560    0.03888  51.9%  34.8  650s
 2867290 385389    0.02661   47   52    0.02560    0.03882  51.7%  34.8  655s
 2892521 388527     cutoff   55         0.02560    0.03876  51.4%  34.7  660s
 2916366 390884    0.03721   62   38    0.02560    0.03871  51.2%  34.6  665s
 2939171 392644     cutoff   50         0.02560    0.03865  51.0%  34.6  670s
 2961442 394693     cutoff   45         0.02560    0.03860  50.8%  34.6  675s
 2987101 396678    0.03193   45   59    0.02560    0.03853  50.5%  34.5  680s
 3011027 399062    0.03166   45   58    0.02560    0.03848  50.3%  34.5  685s
 3034653 400786    0.02627   48   60    0.02560    0.03841  50.1%  34.4  690s
 3059387 402708    0.02586   70   32    0.02560    0.03835  49.8%  34.4  695s
 3084661 404931    0.03011   46   56    0.02560    0.03828  49.6%  34.4  700s
 3109588 406646     cutoff   42         0.02560    0.03822  49.3%  34.3  705s
 3135084 408831    0.03061   42   58    0.02560    0.03816  49.1%  34.3  710s
 3160055 411166    0.03095   46   56    0.02560    0.03810  48.9%  34.2  715s
 3184991 413244    0.03226   40   56    0.02560    0.03804  48.6%  34.2  720s
 3210195 414954    0.02734   45   59    0.02560    0.03799  48.4%  34.2  725s
 3232643 416880     cutoff   47         0.02560    0.03793  48.2%  34.1  730s
 3255867 418696    0.02834   55   41    0.02560    0.03788  48.0%  34.1  735s
 3281023 421344    0.03434   41   63    0.02560    0.03784  47.8%  34.0  740s
 3309176 425019     cutoff   77         0.02560    0.03781  47.7%  33.9  745s
 3335112 428521    0.03165   43   57    0.02560    0.03778  47.6%  33.8  750s
 3357308 430268    0.03140   45   51    0.02560    0.03774  47.4%  33.8  755s
 3380832 432140    0.03762   54   61    0.02560    0.03769  47.2%  33.8  760s
 3402634 433560    0.03141   53   59    0.02560    0.03764  47.0%  33.7  765s
 3426297 435436    0.02685   46   61    0.02560    0.03759  46.8%  33.7  770s
 3451297 437181     cutoff   49         0.02560    0.03753  46.6%  33.7  775s
 3476194 439145     cutoff   50         0.02560    0.03748  46.4%  33.6  780s
 3499171 441075    0.02654   61   16    0.02560    0.03744  46.3%  33.6  785s
 3524288 442969    0.02646   57   41    0.02560    0.03739  46.1%  33.6  790s
 3546038 444813     cutoff   46         0.02560    0.03734  45.9%  33.6  795s
 3570089 447177    0.02799   47   65    0.02560    0.03730  45.7%  33.5  800s
 3594263 449122     cutoff   44         0.02560    0.03725  45.5%  33.5  805s
 3616018 450950     cutoff   52         0.02560    0.03721  45.4%  33.5  810s
 3641701 453092     cutoff   55         0.02560    0.03716  45.2%  33.4  815s
 3665514 454869     cutoff   52         0.02560    0.03711  45.0%  33.4  820s
 3691038 457197    0.02691   45   54    0.02560    0.03707  44.8%  33.3  825s
 3710343 458904     cutoff   51         0.02560    0.03703  44.7%  33.3  830s
 3734939 460963    0.02718   48   33    0.02560    0.03699  44.5%  33.3  835s
 3757628 462622    0.02814   45   53    0.02560    0.03694  44.3%  33.3  840s
 3780832 464560     cutoff   53         0.02560    0.03690  44.2%  33.2  845s
 3805146 466339     cutoff   46         0.02560    0.03685  44.0%  33.2  850s
 3829196 468007    0.03314   36   56    0.02560    0.03681  43.8%  33.2  855s
 3850710 469324     cutoff   52         0.02560    0.03677  43.7%  33.1  860s
 3874933 471485    0.02636   80   24    0.02560    0.03674  43.5%  33.1  865s
 3904774 476642 infeasible   92         0.02560    0.03671  43.4%  33.0  870s
 3926855 478175    0.02707   46   58    0.02560    0.03667  43.3%  33.0  875s
 3949778 479362     cutoff   49         0.02560    0.03663  43.1%  32.9  880s
 3970772 480611    0.03255   45   59    0.02560    0.03659  42.9%  32.9  885s
 3991622 481978    0.03005   37   61    0.02560    0.03655  42.8%  32.9  890s
 4013751 483353    0.02697   52   56    0.02560    0.03651  42.6%  32.9  895s
 4037477 484785    0.02702   46   54    0.02560    0.03646  42.5%  32.8  900s
 4061066 485861     cutoff   47         0.02560    0.03642  42.3%  32.8  905s
 4082442 486905    0.02927   46   53    0.02560    0.03639  42.2%  32.8  910s
 4106393 488207     cutoff   44         0.02560    0.03635  42.0%  32.7  915s
 4129883 489951    0.03352   52   45    0.02560    0.03631  41.8%  32.7  920s
 4152355 491407     cutoff   49         0.02560    0.03626  41.7%  32.7  925s
 4176069 492881 infeasible   41         0.02560    0.03622  41.5%  32.7  930s
 4198720 494389    0.03124   46   61    0.02560    0.03619  41.4%  32.6  935s
 4221493 495720    0.03219   48   64    0.02560    0.03615  41.2%  32.6  940s
 4238987 497322    0.02586   72   15    0.02560    0.03612  41.1%  32.6  945s
 4264064 498880    0.02761   41   55    0.02560    0.03608  40.9%  32.6  950s
 4288144 500420     cutoff   50         0.02560    0.03604  40.8%  32.5  955s
 4313849 501966    0.02758   44   67    0.02560    0.03599  40.6%  32.5  960s
 4338715 503720     cutoff   49         0.02560    0.03595  40.5%  32.5  965s
 4363536 505254    0.02697   84   14    0.02560    0.03591  40.3%  32.4  970s
 4390084 507463    0.03578   41   61    0.02560    0.03587  40.1%  32.4  975s
 4416327 508919    0.02782   77   26    0.02560    0.03583  40.0%  32.4  980s
 4440396 510219    0.02744   45   54    0.02560    0.03579  39.8%  32.4  985s
 4464653 511720     cutoff   49         0.02560    0.03575  39.6%  32.3  990s
 4489287 512950     cutoff   45         0.02560    0.03570  39.5%  32.3  995s
 4510892 514061    0.02751   49   49    0.02560    0.03567  39.3%  32.3 1000s
 4536178 515254    0.03561   40   56    0.02560    0.03562  39.2%  32.3 1005s
 4562673 517372    0.02801   46   53    0.02560    0.03558  39.0%  32.2 1010s
 4588244 519292    0.02561   53   60    0.02560    0.03554  38.8%  32.2 1015s
 4614144 521350    0.03395   49   62    0.02560    0.03550  38.7%  32.2 1020s
 4638814 522949    0.02727   65   51    0.02560    0.03546  38.5%  32.1 1025s
 4665208 525441    0.03504   55   46    0.02560    0.03542  38.4%  32.1 1030s
 4689332 527470    0.03399   46   47    0.02560    0.03538  38.2%  32.1 1035s
 4716285 529467 infeasible   46         0.02560    0.03534  38.1%  32.0 1040s
 4741959 530885    0.02964   55   48    0.02560    0.03530  37.9%  32.0 1045s
 4765787 532306    0.03506   50   64    0.02560    0.03526  37.8%  32.0 1050s
 4792305 534474     cutoff   46         0.02560    0.03522  37.6%  32.0 1055s
 4817725 535931     cutoff   53         0.02560    0.03518  37.5%  31.9 1060s
 4839655 537342    0.02977   52   59    0.02560    0.03515  37.3%  31.9 1065s
 4863971 538696     cutoff   47         0.02560    0.03511  37.2%  31.9 1070s
 4888019 540000     cutoff   47         0.02560    0.03508  37.0%  31.9 1075s
 4914541 541503    0.02560  139    2    0.02560    0.03504  36.9%  31.8 1080s
 4939701 542744    0.02564   44   57    0.02560    0.03500  36.7%  31.8 1085s
 4966104 544194    0.03398   43   58    0.02560    0.03496  36.6%  31.8 1090s
 4992871 545680     cutoff   50         0.02560    0.03492  36.4%  31.8 1095s
 5018614 547214    0.02614   65   24    0.02560    0.03488  36.3%  31.7 1100s
 5042189 548561    0.02700   48   53    0.02560    0.03485  36.1%  31.7 1105s
 5066147 550353     cutoff   46         0.02560    0.03482  36.0%  31.7 1110s
 5089792 551216    0.02645   50   57    0.02560    0.03478  35.9%  31.7 1115s
 5116400 552800    0.02937   46   62    0.02560    0.03474  35.7%  31.6 1120s
 5139959 554209     cutoff   52         0.02560    0.03470  35.6%  31.6 1125s
 5165522 555422     cutoff   50         0.02560    0.03466  35.4%  31.6 1130s
 5191934 556308    0.02560   84    9    0.02560    0.03463  35.3%  31.6 1135s
 5216797 557406 infeasible   45         0.02560    0.03459  35.1%  31.6 1140s
 5243148 558682    0.02856   52   46    0.02560    0.03455  35.0%  31.5 1145s
 5269818 560096     cutoff   55         0.02560    0.03451  34.8%  31.5 1150s
 5294827 561398    0.03448   49   64    0.02560    0.03448  34.7%  31.5 1155s
 5321066 562834     cutoff   45         0.02560    0.03444  34.6%  31.5 1160s
 5350087 564266    0.02851   53   58    0.02560    0.03441  34.4%  31.4 1165s
 5374577 565370     cutoff   52         0.02560    0.03437  34.3%  31.4 1170s
 5401632 566739    0.02772   53   57    0.02560    0.03434  34.2%  31.4 1175s
 5429884 568188    0.02703   52   56    0.02560    0.03430  34.0%  31.3 1180s
 5455336 569262     cutoff   46         0.02560    0.03427  33.9%  31.3 1185s
 5482381 570663     cutoff   42         0.02560    0.03423  33.7%  31.3 1190s
 5508551 572304    0.02632   50   55    0.02560    0.03420  33.6%  31.3 1195s
 5532493 573643    0.02626   62   46    0.02560    0.03417  33.5%  31.2 1200s
 5558417 575083    0.02684   46   58    0.02560    0.03413  33.4%  31.2 1205s
 5583184 576147     cutoff   52         0.02560    0.03410  33.2%  31.2 1210s
 5604466 577143    0.02650   78   16    0.02560    0.03408  33.1%  31.2 1215s
 5630375 578680    0.02563   55   61    0.02560    0.03404  33.0%  31.1 1220s
 5655598 579856    0.02942   47   56    0.02560    0.03401  32.9%  31.1 1225s
 5681554 580845     cutoff   51         0.02560    0.03397  32.7%  31.1 1230s
 5706365 581694    0.02730   43   54    0.02560    0.03394  32.6%  31.1 1235s
 5732132 582881    0.03368   42   60    0.02560    0.03391  32.5%  31.1 1240s
 5762255 583820    0.02927   54   52    0.02560    0.03388  32.3%  31.0 1245s
 5785106 584748     cutoff   48         0.02560    0.03384  32.2%  31.0 1250s
 5810619 586045    0.02739   45   48    0.02560    0.03381  32.1%  31.0 1255s
 5835501 587103     cutoff   57         0.02560    0.03378  32.0%  30.9 1260s
 5861716 588202     cutoff   59         0.02560    0.03374  31.8%  30.9 1265s
 5887831 589362     cutoff   56         0.02560    0.03371  31.7%  30.9 1270s
 5914454 590555    0.03041   48   60    0.02560    0.03368  31.6%  30.9 1275s
 5938207 591644 infeasible   94         0.02560    0.03365  31.5%  30.8 1280s
 5964760 593081    0.02833   43   60    0.02560    0.03362  31.3%  30.8 1285s
 5991399 594462     cutoff   44         0.02560    0.03359  31.2%  30.8 1290s
 6013628 595553     cutoff   47         0.02560    0.03356  31.1%  30.8 1295s
 6039895 596804     cutoff   50         0.02560    0.03353  31.0%  30.7 1300s
 6067297 598522     cutoff   52         0.02560    0.03350  30.9%  30.7 1305s
 6095214 600047    0.02830   46   60    0.02560    0.03346  30.7%  30.7 1310s
 6121575 601333    0.02670   51   58    0.02560    0.03343  30.6%  30.7 1315s
 6149034 602606    0.02787   53   54    0.02560    0.03340  30.5%  30.6 1320s
 6176263 603768     cutoff   50         0.02560    0.03337  30.4%  30.6 1325s
 6203237 605002    0.02972   48   59    0.02560    0.03333  30.2%  30.6 1330s
 6230739 606390    0.02937   44   60    0.02560    0.03330  30.1%  30.6 1335s
 6256821 607873    0.02630   63   29    0.02560    0.03327  30.0%  30.5 1340s
 6282876 609081    0.03102   44   61    0.02560    0.03324  29.9%  30.5 1345s
 6303693 610070     cutoff   55         0.02560    0.03322  29.8%  30.5 1350s
 6329538 611353    0.02583   48   55    0.02560    0.03319  29.7%  30.5 1355s
 6355559 612231     cutoff   54         0.02560    0.03316  29.5%  30.5 1360s
 6376423 613283     cutoff   51         0.02560    0.03314  29.5%  30.4 1365s
 6403390 614218 infeasible   56         0.02560    0.03310  29.3%  30.4 1370s
 6430913 615457    0.02628   68   35    0.02560    0.03307  29.2%  30.4 1375s
 6459086 616453    0.02873   57   58    0.02560    0.03304  29.1%  30.4 1380s
 6484625 617238     cutoff   51         0.02560    0.03301  29.0%  30.4 1385s
 6510186 618671    0.02606   45   54    0.02560    0.03298  28.8%  30.3 1390s
 6537105 620044    0.02660   47   58    0.02560    0.03295  28.7%  30.3 1395s
 6564445 621544    0.02693   48   58    0.02560    0.03292  28.6%  30.3 1400s
 6589432 623137    0.02875   50   59    0.02560    0.03289  28.5%  30.3 1405s
 6616842 624415     cutoff   50         0.02560    0.03286  28.4%  30.2 1410s
 6641754 625063     cutoff   51         0.02560    0.03283  28.3%  30.2 1415s
 6676983 626533    0.03014   68   23    0.02560    0.03282  28.2%  30.2 1420s
 6702616 627382    0.02593   52   58    0.02560    0.03279  28.1%  30.1 1425s
 6725495 628315    0.02736   46   60    0.02560    0.03277  28.0%  30.1 1430s
 6754055 629985    0.02695   51   63    0.02560    0.03274  27.9%  30.1 1435s
 6782806 631230    0.02623   56   61    0.02560    0.03271  27.8%  30.1 1440s
 6806252 632236     cutoff   50         0.02560    0.03268  27.7%  30.1 1445s
 6833464 633361    0.02847   47   57    0.02560    0.03266  27.6%  30.0 1450s
 6859391 634345    0.03263   45   57    0.02560    0.03263  27.5%  30.0 1455s
 6886669 636034    0.02610   50   60    0.02560    0.03260  27.4%  30.0 1460s
 6915296 638322     cutoff   50         0.02560    0.03257  27.3%  30.0 1465s
 6941873 639592    0.02875   55   57    0.02560    0.03255  27.2%  29.9 1470s
 6970050 640833    0.02592   55   58    0.02560    0.03252  27.0%  29.9 1475s
 6993492 641707    0.03232   51   52    0.02560    0.03249  26.9%  29.9 1480s
 7020818 642882    0.03036   49   60    0.02560    0.03247  26.9%  29.9 1485s
 7048817 644001     cutoff   51         0.02560    0.03244  26.7%  29.9 1490s
 7076017 644620     cutoff   62         0.02560    0.03241  26.6%  29.8 1495s
 7103252 645805    0.02721   48   57    0.02560    0.03239  26.5%  29.8 1500s
 7130640 646714    0.03230   55   59    0.02560    0.03236  26.4%  29.8 1505s
 7156939 647636    0.02691   62   52    0.02560    0.03233  26.3%  29.8 1510s
 7185665 648307     cutoff   52         0.02560    0.03230  26.2%  29.7 1515s
H7192897 627228                       0.0256749    0.03230  25.8%  29.7 1516s
 7211381 627714    0.02882   54   47    0.02567    0.03228  25.7%  29.7 1520s
 7230189 628223    0.02683   50   44    0.02567    0.03226  25.6%  29.7 1525s
H7236691 628331                       0.0256749    0.03225  25.6%  29.7 1525s
 7256818 628890     cutoff   55         0.02567    0.03223  25.5%  29.7 1530s
 7282652 629544     cutoff   50         0.02567    0.03220  25.4%  29.7 1535s
 7311751 630356     cutoff   83         0.02567    0.03218  25.3%  29.6 1540s
 7338227 631150     cutoff   45         0.02567    0.03215  25.2%  29.6 1545s
 7363015 631996     cutoff   55         0.02567    0.03213  25.1%  29.6 1550s
 7390106 632583    0.02884   49   60    0.02567    0.03210  25.0%  29.6 1555s
 7415063 633090    0.02752   51   60    0.02567    0.03208  24.9%  29.6 1560s
 7444434 633672     cutoff   52         0.02567    0.03205  24.8%  29.5 1565s
 7473514 634087     cutoff   46         0.02567    0.03203  24.8%  29.5 1570s
 7501155 634701     cutoff   47         0.02567    0.03201  24.7%  29.5 1575s
 7529858 635373     cutoff   48         0.02567    0.03198  24.6%  29.5 1580s
 7558371 635860     cutoff   51         0.02567    0.03195  24.5%  29.4 1585s
 7586092 636290     cutoff   46         0.02567    0.03193  24.4%  29.4 1590s
 7615105 637003    0.03029   48   68    0.02567    0.03190  24.3%  29.4 1595s
 7644204 637597    0.02837   56   46    0.02567    0.03188  24.2%  29.4 1600s
 7670432 638401     cutoff   49         0.02567    0.03185  24.1%  29.4 1605s
 7697678 638702     cutoff   50         0.02567    0.03183  24.0%  29.3 1610s
 7724751 639057    0.02585   57   56    0.02567    0.03180  23.9%  29.3 1615s
 7752992 639425    0.02609   50   63    0.02567    0.03178  23.8%  29.3 1620s
 7779369 639800     cutoff   46         0.02567    0.03176  23.7%  29.3 1625s
 7807170 640251 infeasible   46         0.02567    0.03174  23.6%  29.3 1630s
 7836096 640929     cutoff   51         0.02567    0.03171  23.5%  29.2 1635s
 7864964 641527     cutoff   49         0.02567    0.03169  23.4%  29.2 1640s
 7890645 642034     cutoff   56         0.02567    0.03166  23.3%  29.2 1645s
 7917493 642695     cutoff   56         0.02567    0.03164  23.2%  29.2 1650s
 7945461 643275     cutoff   50         0.02567    0.03162  23.1%  29.2 1655s
 7971861 643759    0.02588   47   56    0.02567    0.03160  23.1%  29.1 1660s
 7999808 644249    0.02635   48   42    0.02567    0.03157  23.0%  29.1 1665s
 8028459 644453    0.02939   51   61    0.02567    0.03155  22.9%  29.1 1670s
 8053398 644913    0.02982   47   51    0.02567    0.03153  22.8%  29.1 1675s
 8079175 645267    0.02654   57   36    0.02567    0.03151  22.7%  29.1 1680s
 8106785 645841    0.02883   51   55    0.02567    0.03149  22.7%  29.0 1685s
 8134903 645994     cutoff   45         0.02567    0.03147  22.6%  29.0 1690s
 8162823 646942     cutoff   51         0.02567    0.03145  22.5%  29.0 1695s
 8188046 647359     cutoff   54         0.02567    0.03143  22.4%  29.0 1700s
 8214618 647603    0.02687   58   54    0.02567    0.03141  22.3%  29.0 1705s
 8241175 648173    0.02621   56   57    0.02567    0.03138  22.2%  28.9 1710s
 8266254 648710    0.03136   47   56    0.02567    0.03137  22.2%  28.9 1715s
 8291124 648903     cutoff   51         0.02567    0.03135  22.1%  28.9 1720s
 8316982 649341    0.03047   47   58    0.02567    0.03132  22.0%  28.9 1725s
 8338452 649631     cutoff   58         0.02567    0.03131  21.9%  28.9 1730s
 8364407 650385     cutoff   47         0.02567    0.03129  21.9%  28.9 1735s
 8389576 650651    0.02729   55   57    0.02567    0.03127  21.8%  28.8 1740s
 8411545 651580     cutoff   59         0.02567    0.03125  21.7%  28.8 1745s
 8436706 652149    0.02583   46   53    0.02567    0.03123  21.6%  28.8 1750s
 8462912 652593    0.02839   71   20    0.02567    0.03121  21.6%  28.8 1755s
 8489461 652795    0.02770   56   47    0.02567    0.03119  21.5%  28.8 1760s
 8514782 653120    0.03070   49   64    0.02567    0.03117  21.4%  28.7 1765s
 8538777 653364    0.03024   47   56    0.02567    0.03115  21.3%  28.7 1770s
 8564035 655259    0.02572  106    8    0.02567    0.03114  21.3%  28.7 1775s
 8587706 656205    0.02973   52   58    0.02567    0.03112  21.2%  28.7 1780s
 8613868 656607    0.03109   43   53    0.02567    0.03110  21.1%  28.7 1785s
 8638252 656628    0.02745   48   58    0.02567    0.03108  21.1%  28.7 1790s
 8661583 656840    0.03106   69   30    0.02567    0.03106  21.0%  28.6 1795s
 8686880 657034    0.02833   53   56    0.02567    0.03105  20.9%  28.6 1800s
 8711676 657183    0.02672   47   60    0.02567    0.03103  20.8%  28.6 1805s
 8733146 657426     cutoff   51         0.02567    0.03101  20.8%  28.6 1810s
 8753765 657353     cutoff   53         0.02567    0.03100  20.7%  28.6 1815s
 8779184 657417 infeasible   67         0.02567    0.03098  20.7%  28.6 1820s
 8799538 657495     cutoff   57         0.02567    0.03096  20.6%  28.5 1825s
 8817912 657587    0.02829   48   56    0.02567    0.03095  20.5%  28.5 1830s
 8841042 657530    0.02596   52   58    0.02567    0.03093  20.5%  28.5 1835s
 8865668 657477     cutoff   55         0.02567    0.03091  20.4%  28.5 1840s
 8889629 657523    0.03083   47   68    0.02567    0.03089  20.3%  28.5 1845s
 8908805 657424    0.02842   47   60    0.02567    0.03088  20.3%  28.5 1850s
 8933878 657209     cutoff   47         0.02567    0.03086  20.2%  28.4 1855s
 8959410 657139    0.02839   53   64    0.02567    0.03084  20.1%  28.4 1860s
 8985014 657103    0.03057   55   36    0.02567    0.03082  20.0%  28.4 1865s
 9010151 657216     cutoff   57         0.02567    0.03080  20.0%  28.4 1870s
 9033937 657541     cutoff   52         0.02567    0.03078  19.9%  28.4 1875s
 9058685 657532     cutoff   56         0.02567    0.03077  19.8%  28.4 1880s
 9084431 657369     cutoff   57         0.02567    0.03074  19.7%  28.3 1885s
 9108689 657237     cutoff   55         0.02567    0.03073  19.7%  28.3 1890s
 9133972 657247    0.02712   53   58    0.02567    0.03071  19.6%  28.3 1895s
 9156892 657082     cutoff   44         0.02567    0.03069  19.5%  28.3 1900s
 9183799 657139     cutoff   47         0.02567    0.03067  19.4%  28.3 1905s
 9209811 657258     cutoff   44         0.02567    0.03065  19.4%  28.3 1910s
 9235344 657463 infeasible   53         0.02567    0.03063  19.3%  28.2 1915s
 9258638 657456    0.02597   54   52    0.02567    0.03061  19.2%  28.2 1920s
 9281556 657339    0.02876   42   59    0.02567    0.03060  19.2%  28.2 1925s
 9306824 657069    0.02858   54   46    0.02567    0.03058  19.1%  28.2 1930s
 9331771 656634     cutoff   49         0.02567    0.03056  19.0%  28.2 1935s
 9355827 656410    0.02760   50   63    0.02567    0.03054  18.9%  28.2 1940s
 9383060 655890     cutoff   55         0.02567    0.03052  18.9%  28.1 1945s
 9409247 655907    0.02653   72   26    0.02567    0.03050  18.8%  28.1 1950s
 9431885 655829    0.02677   50   60    0.02567    0.03048  18.7%  28.1 1955s
 9451175 655565     cutoff   48         0.02567    0.03046  18.7%  28.1 1960s
 9477825 655152     cutoff   53         0.02567    0.03044  18.6%  28.1 1965s
 9502706 654842    0.02959   47   65    0.02567    0.03042  18.5%  28.1 1970s
 9528560 654650     cutoff   52         0.02567    0.03040  18.4%  28.0 1975s
 9559265 654562    0.02912   45   58    0.02567    0.03040  18.4%  28.0 1980s
 9573472 654402    0.02910   46   56    0.02567    0.03039  18.4%  28.0 1985s
 9597464 653790    0.03029   49   66    0.02567    0.03037  18.3%  28.0 1990s
 9619489 653552     cutoff   55         0.02567    0.03035  18.2%  28.0 1995s
 9643472 653324     cutoff   65         0.02567    0.03034  18.2%  28.0 2000s
 9666612 652944    0.02722   52   60    0.02567    0.03032  18.1%  27.9 2005s
 9693798 652457     cutoff   51         0.02567    0.03030  18.0%  27.9 2010s
 9718745 652165     cutoff   54         0.02567    0.03028  17.9%  27.9 2015s
 9742827 651811     cutoff   46         0.02567    0.03026  17.9%  27.9 2020s
 9767642 651366    0.02715   53   52    0.02567    0.03024  17.8%  27.9 2025s
 9790127 650993    0.02766   53   52    0.02567    0.03022  17.7%  27.9 2030s
 9816054 650249     cutoff   51         0.02567    0.03020  17.6%  27.9 2035s
 9841233 649929     cutoff   53         0.02567    0.03018  17.6%  27.8 2040s
 9866717 649350 infeasible   63         0.02567    0.03017  17.5%  27.8 2045s
 9891232 648736    0.02774   52   59    0.02567    0.03015  17.4%  27.8 2050s
 9918428 648210     cutoff   67         0.02567    0.03013  17.3%  27.8 2055s
 9944618 648089    0.02978   55   55    0.02567    0.03011  17.3%  27.8 2060s
 9968672 647728    0.02736   50   54    0.02567    0.03009  17.2%  27.8 2065s
 9998428 647161     cutoff   47         0.02567    0.03007  17.1%  27.7 2070s
 10024808 646507    0.02614   53   56    0.02567    0.03005  17.0%  27.7 2075s
 10050163 645719    0.02634   47   60    0.02567    0.03003  16.9%  27.7 2080s
 10077617 645439     cutoff   67         0.02567    0.03001  16.9%  27.7 2085s
 10105080 644667    0.02838   56   41    0.02567    0.02998  16.8%  27.7 2090s
 10131818 644625    0.02883   51   61    0.02567    0.02996  16.7%  27.6 2095s
 10158932 644051 infeasible   54         0.02567    0.02994  16.6%  27.6 2100s
 10186669 643531    0.02740   57   57    0.02567    0.02992  16.5%  27.6 2105s
 10212244 643259    0.02573   86    6    0.02567    0.02990  16.5%  27.6 2110s
 10240297 642556     cutoff   49         0.02567    0.02988  16.4%  27.6 2115s
 10266072 642276 infeasible   49         0.02567    0.02986  16.3%  27.6 2120s
 10291914 641592    0.02586   49   56    0.02567    0.02984  16.2%  27.5 2125s
 10317094 641236    0.02665   43   53    0.02567    0.02982  16.2%  27.5 2130s
 10342817 640968     cutoff   53         0.02567    0.02980  16.1%  27.5 2135s
 10370619 640427     cutoff   59         0.02567    0.02978  16.0%  27.5 2140s
 10397881 640234     cutoff   48         0.02567    0.02977  15.9%  27.5 2145s
 10426665 640282    0.02975  105    4    0.02567    0.02975  15.9%  27.4 2150s
 10456311 639631    0.02641   50   54    0.02567    0.02974  15.8%  27.4 2155s
 10481930 638907    0.02838   47   59    0.02567    0.02972  15.8%  27.4 2160s
 10509481 638184     cutoff   57         0.02567    0.02971  15.7%  27.4 2165s
 10535382 637462     cutoff   62         0.02567    0.02969  15.6%  27.3 2170s
 10560938 636600     cutoff   47         0.02567    0.02967  15.6%  27.3 2175s
 10589873 635837    0.02577   57   55    0.02567    0.02965  15.5%  27.3 2180s
 10617957 634775     cutoff   56         0.02567    0.02963  15.4%  27.3 2185s
 10645678 633900    0.02913   57   58    0.02567    0.02961  15.3%  27.3 2190s
 10673145 632698     cutoff   50         0.02567    0.02959  15.2%  27.3 2195s
 10697694 631791    0.02952   81    6    0.02567    0.02957  15.2%  27.2 2200s
 10724835 630953    0.02661   65   42    0.02567    0.02955  15.1%  27.2 2205s
 10750734 630053     cutoff   55         0.02567    0.02953  15.0%  27.2 2210s
 10779733 629308    0.02917   44   63    0.02567    0.02951  14.9%  27.2 2215s
 10807705 628978    0.02772   57   56    0.02567    0.02949  14.9%  27.2 2220s
 10836280 628171     cutoff   52         0.02567    0.02947  14.8%  27.1 2225s
 10864399 627274    0.02788   51   41    0.02567    0.02945  14.7%  27.1 2230s
 10889362 626463    0.02599   56   59    0.02567    0.02943  14.6%  27.1 2235s
 10915527 625712    0.02613   52   40    0.02567    0.02941  14.6%  27.1 2240s
 10942170 625577 infeasible   96         0.02567    0.02939  14.5%  27.1 2245s
 10969730 625541     cutoff   46         0.02567    0.02938  14.4%  27.1 2250s
 10997370 625088     cutoff   58         0.02567    0.02936  14.3%  27.0 2255s
 11026293 625900    0.02771   52   57    0.02567    0.02934  14.3%  27.0 2260s
 11055296 625060    0.02796   57   30    0.02567    0.02932  14.2%  27.0 2265s
 11084198 624182    0.02592   42   57    0.02567    0.02931  14.1%  27.0 2270s
 11110643 623230     cutoff   51         0.02567    0.02929  14.1%  26.9 2275s
 11152964 626825 infeasible  102         0.02567    0.02928  14.1%  26.9 2280s
 11200045 629952    0.02928   87    6    0.02567    0.02928  14.0%  26.8 2285s
 11218089 629671    0.02706   53   58    0.02567    0.02927  14.0%  26.8 2290s
 11245221 628925     cutoff   50         0.02567    0.02925  13.9%  26.7 2295s
 11291276 630433    0.02925   90    9    0.02567    0.02925  13.9%  26.7 2300s
 11327546 629368    0.02605   68   32    0.02567    0.02924  13.9%  26.6 2305s
 11349708 629060     cutoff   50         0.02567    0.02922  13.8%  26.6 2310s
 11377328 628230     cutoff   54         0.02567    0.02920  13.7%  26.6 2315s
 11401260 628369     cutoff   50         0.02567    0.02919  13.7%  26.5 2320s
 11461933 634882 infeasible   94         0.02567    0.02919  13.7%  26.4 2325s
 11503085 637187    0.02817  107    8    0.02567    0.02919  13.7%  26.4 2330s
 11545044 638351 infeasible   97         0.02567    0.02919  13.7%  26.3 2335s
 11588834 639604    0.02919   87   10    0.02567    0.02919  13.7%  26.2 2340s
 11631715 640856    0.02919   91    6    0.02567    0.02919  13.7%  26.2 2345s
 11676489 643970 infeasible   97         0.02567    0.02919  13.7%  26.1 2350s
 11720870 647363 infeasible   97         0.02567    0.02919  13.7%  26.1 2355s
 11765205 650255    0.02865   93   16    0.02567    0.02919  13.7%  26.0 2360s
 11808662 654122 infeasible   92         0.02567    0.02919  13.7%  25.9 2365s
 11851345 659431 infeasible  100         0.02567    0.02919  13.7%  25.9 2370s
 11896403 664712     cutoff   92         0.02567    0.02919  13.7%  25.8 2375s
 11937672 669150 infeasible   98         0.02567    0.02919  13.7%  25.7 2380s
 11982248 673197    0.02569   93   15    0.02567    0.02919  13.7%  25.7 2385s
 12024903 676278    0.02598   87   17    0.02567    0.02919  13.7%  25.6 2390s
 12066423 676786     cutoff   97         0.02567    0.02919  13.7%  25.6 2395s
 12099946 677682    0.02650   93   21    0.02567    0.02918  13.7%  25.5 2400s
 12138351 680809    0.02864   91   16    0.02567    0.02918  13.7%  25.5 2405s
 12165605 680872 infeasible   60         0.02567    0.02918  13.6%  25.4 2410s
 12200944 685027    0.02594   83   33    0.02567    0.02917  13.6%  25.4 2415s
 12239383 688392 infeasible   92         0.02567    0.02917  13.6%  25.3 2420s
 12278388 692023    0.02917   79    6    0.02567    0.02917  13.6%  25.3 2425s
 12298558 692145     cutoff   53         0.02567    0.02916  13.6%  25.3 2430s
 12319928 692035    0.02831   47   57    0.02567    0.02915  13.5%  25.3 2435s
 12339809 691870     cutoff   54         0.02567    0.02914  13.5%  25.3 2440s
 12362564 691896     cutoff   54         0.02567    0.02913  13.5%  25.2 2445s
 12388871 692842 infeasible   91         0.02567    0.02912  13.4%  25.2 2450s
 12417520 693496    0.02595   63   41    0.02567    0.02911  13.4%  25.2 2455s
 12439463 693195     cutoff   54         0.02567    0.02910  13.4%  25.2 2460s
 12450150 693170     cutoff   63         0.02567    0.02910  13.3%  25.2 2465s
 12466619 692968     cutoff   47         0.02567    0.02909  13.3%  25.2 2470s
 12486057 692549    0.02653   59   43    0.02567    0.02908  13.3%  25.2 2475s
 12506971 692104     cutoff   56         0.02567    0.02907  13.2%  25.2 2480s
 12529025 691852     cutoff   62         0.02567    0.02906  13.2%  25.1 2485s
 12554911 691544    0.02903   56   52    0.02567    0.02904  13.1%  25.1 2490s
 12573046 691276 infeasible   57         0.02567    0.02903  13.1%  25.1 2495s
 12599732 690833    0.02902   43   62    0.02567    0.02902  13.0%  25.1 2500s
 12628308 690468     cutoff   49         0.02567    0.02901  13.0%  25.1 2505s
 12655941 690278    0.02583   56   55    0.02567    0.02899  12.9%  25.1 2510s
 12685704 689569     cutoff   48         0.02567    0.02898  12.9%  25.1 2515s
 12708782 689089    0.02577   65   26    0.02567    0.02896  12.8%  25.1 2520s
 12739925 688549    0.02895   59   28    0.02567    0.02895  12.7%  25.0 2525s
 12770276 687987 infeasible   95         0.02567    0.02893  12.7%  25.0 2530s
 12798244 687349    0.02790   50   55    0.02567    0.02892  12.6%  25.0 2535s
 12825912 686679    0.02860   47   50    0.02567    0.02890  12.6%  25.0 2540s
 12856211 685763    0.02740   57   53    0.02567    0.02889  12.5%  25.0 2545s
 12886514 685145     cutoff   65         0.02567    0.02887  12.4%  25.0 2550s
 12913957 684972    0.02810   83   24    0.02567    0.02886  12.4%  25.0 2555s
 12944745 684152     cutoff   60         0.02567    0.02884  12.3%  24.9 2560s
 12974463 683358     cutoff   55         0.02567    0.02883  12.3%  24.9 2565s
 13002632 682443     cutoff   53         0.02567    0.02881  12.2%  24.9 2570s
 13029723 681152    0.02625   50   57    0.02567    0.02880  12.2%  24.9 2575s
 13059999 679943     cutoff   57         0.02567    0.02878  12.1%  24.9 2580s
 13090792 679117    0.02633   70   24    0.02567    0.02877  12.0%  24.9 2585s
 13126783 682448 infeasible   94         0.02567    0.02876  12.0%  24.8 2590s
 13164854 686733    0.02864   89   23    0.02567    0.02876  12.0%  24.8 2595s
 13201773 690818 infeasible   94         0.02567    0.02876  12.0%  24.8 2600s
 13237796 692884     cutoff   50         0.02567    0.02876  12.0%  24.7 2605s
 13257032 692512    0.02775   42   55    0.02567    0.02875  12.0%  24.7 2610s
 13278174 692398     cutoff   57         0.02567    0.02874  11.9%  24.7 2615s
 13304836 689946     cutoff   59         0.02567    0.02873  11.9%  24.7 2620s
 13334256 686758    0.02595   85   17    0.02567    0.02871  11.8%  24.7 2625s
 13361597 684075 infeasible   94         0.02567    0.02870  11.8%  24.6 2630s
 13386185 681491    0.02605   50   61    0.02567    0.02869  11.7%  24.6 2635s
 13415844 678730    0.02626   58   55    0.02567    0.02868  11.7%  24.6 2640s
 13447734 675423     cutoff   51         0.02567    0.02866  11.6%  24.6 2645s
 13485496 673648    0.02770   85   23    0.02567    0.02865  11.6%  24.6 2650s
 13516777 671594    0.02864   84   15    0.02567    0.02864  11.6%  24.5 2655s
 13549347 670045    0.02862   59   56    0.02567    0.02863  11.5%  24.5 2660s
 13580589 668535    0.02783   36   69    0.02567    0.02861  11.4%  24.5 2665s
 13612593 666409     cutoff   49         0.02567    0.02860  11.4%  24.5 2670s
 13640804 664672    0.02691   75   29    0.02567    0.02858  11.3%  24.5 2675s
 13672727 662895    0.02840   45   62    0.02567    0.02857  11.3%  24.5 2680s
 13700102 661413     cutoff   49         0.02567    0.02856  11.2%  24.4 2685s
 13732192 659474     cutoff   63         0.02567    0.02854  11.2%  24.4 2690s
 13757493 657893     cutoff   48         0.02567    0.02853  11.1%  24.4 2695s
 13783753 656355    0.02681   49   60    0.02567    0.02852  11.1%  24.4 2700s
 13815204 654929     cutoff   59         0.02567    0.02851  11.0%  24.4 2705s
 13843639 653632    0.02785   47   53    0.02567    0.02850  11.0%  24.4 2710s
 13873465 652021     cutoff   53         0.02567    0.02848  10.9%  24.3 2715s
 13901121 650542    0.02824   50   57    0.02567    0.02847  10.9%  24.3 2720s
 13931363 649444     cutoff   49         0.02567    0.02845  10.8%  24.3 2725s
 13959963 648450    0.02792   80   33    0.02567    0.02844  10.8%  24.3 2730s
 13988882 647062    0.02621   60   25    0.02567    0.02842  10.7%  24.3 2735s
 14019382 645804    0.02603   56   53    0.02567    0.02841  10.6%  24.3 2740s
 14046947 644543     cutoff   50         0.02567    0.02839  10.6%  24.2 2745s
 14076217 643497    0.02573   87    9    0.02567    0.02838  10.5%  24.2 2750s
 14103825 642398    0.02667   69   36    0.02567    0.02836  10.5%  24.2 2755s
 14130349 641326    0.02600   58   57    0.02567    0.02835  10.4%  24.2 2760s
 14159578 640302     cutoff   49         0.02567    0.02833  10.4%  24.2 2765s
 14186604 639088    0.02630   65   19    0.02567    0.02832  10.3%  24.2 2770s
 14215315 638088     cutoff   56         0.02567    0.02830  10.2%  24.2 2775s
 14239951 636750    0.02749   98   11    0.02567    0.02829  10.2%  24.2 2780s
 14270723 635373     cutoff   65         0.02567    0.02827  10.1%  24.1 2785s
 14300576 634056    0.02616   62   31    0.02567    0.02826  10.1%  24.1 2790s
 14327181 632405 infeasible  105         0.02567    0.02825  10.0%  24.1 2795s
 14355080 631154    0.02723   48   56    0.02567    0.02823  10.0%  24.1 2800s
 14382641 629709    0.02788   50   61    0.02567    0.02821  9.89%  24.1 2805s
 14413767 628471    0.02573   48   52    0.02567    0.02820  9.82%  24.1 2810s
 14436910 628037    0.02727   53   60    0.02567    0.02819  9.78%  24.1 2815s
 14465518 626908    0.02805   56   52    0.02567    0.02817  9.72%  24.0 2820s
 14508364 627921 infeasible   89         0.02567    0.02817  9.71%  24.0 2825s
 14539218 627363    0.02804   62   47    0.02567    0.02816  9.67%  24.0 2830s
 14565793 626414     cutoff   56         0.02567    0.02814  9.61%  24.0 2835s
 14597409 628250    0.02625   49   59    0.02567    0.02813  9.57%  24.0 2840s
 14629055 626607     cutoff   49         0.02567    0.02812  9.51%  23.9 2845s
 14661390 625760     cutoff   84         0.02567    0.02810  9.45%  23.9 2850s
 14690261 624658    0.02767   54   51    0.02567    0.02809  9.39%  23.9 2855s
 14719689 623269     cutoff   59         0.02567    0.02807  9.33%  23.9 2860s
 14749092 622261     cutoff   49         0.02567    0.02805  9.27%  23.9 2865s
 14776503 621838    0.02664   50   56    0.02567    0.02804  9.22%  23.9 2870s
 14807203 620801    0.02722   75   19    0.02567    0.02803  9.16%  23.9 2875s
 14836389 619669    0.02736   48   59    0.02567    0.02801  9.09%  23.8 2880s
 14867323 617859    0.02665   52   57    0.02567    0.02799  9.03%  23.8 2885s
 14890938 616893 infeasible   88         0.02567    0.02798  8.98%  23.8 2890s
 14922833 615027     cutoff   44         0.02567    0.02796  8.92%  23.8 2895s
 14952481 613501    0.02783   51   54    0.02567    0.02795  8.85%  23.8 2900s
 14982105 611303     cutoff   56         0.02567    0.02793  8.79%  23.8 2905s
 15013939 608988     cutoff   52         0.02567    0.02791  8.72%  23.7 2910s
 15043990 607310    0.02746   91    8    0.02567    0.02790  8.67%  23.7 2915s
 15076352 604730    0.02785   53   65    0.02567    0.02788  8.60%  23.7 2920s
 15109359 603702     cutoff   59         0.02567    0.02787  8.55%  23.7 2925s
 15141704 602727     cutoff   48         0.02567    0.02786  8.51%  23.7 2930s
 15170623 600855    0.02773   52   61    0.02567    0.02785  8.46%  23.6 2935s
 15199237 598628     cutoff   60         0.02567    0.02783  8.40%  23.6 2940s
 15228527 596275     cutoff   60         0.02567    0.02782  8.34%  23.6 2945s
 15257502 593553    0.02629   62   42    0.02567    0.02780  8.28%  23.6 2950s
 15282298 591632    0.02755   59   49    0.02567    0.02779  8.22%  23.6 2955s
 15313168 588880    0.02608   58   51    0.02567    0.02777  8.16%  23.6 2960s
 15342886 585934     cutoff   67         0.02567    0.02775  8.09%  23.6 2965s
 15364936 583557     cutoff   52         0.02567    0.02774  8.05%  23.6 2970s
 15395007 582093    0.02653   54   56    0.02567    0.02773  8.00%  23.5 2975s
 15422210 579274    0.02577   54   53    0.02567    0.02771  7.94%  23.5 2980s
 15447906 576537    0.02756   50   59    0.02567    0.02770  7.88%  23.5 2985s
 15474090 574007    0.02734   68   28    0.02567    0.02768  7.82%  23.5 2990s
 15501370 571222     cutoff   49         0.02567    0.02766  7.75%  23.5 2995s
 15531741 568585     cutoff   78         0.02567    0.02765  7.69%  23.5 3000s
 15561351 565499     cutoff   50         0.02567    0.02763  7.62%  23.5 3005s
 15589868 562591     cutoff   54         0.02567    0.02761  7.55%  23.4 3010s
 15620283 559494 infeasible   45         0.02567    0.02759  7.48%  23.4 3015s
 15648639 556042     cutoff   55         0.02567    0.02758  7.41%  23.4 3020s
 15678537 554256 infeasible   93         0.02567    0.02756  7.35%  23.4 3025s
 15709905 551911     cutoff   57         0.02567    0.02755  7.30%  23.4 3030s
 15736516 548969     cutoff   65         0.02567    0.02753  7.24%  23.4 3035s
 15763812 546128    0.02740   61   47    0.02567    0.02752  7.18%  23.4 3040s
 15790217 543258     cutoff   56         0.02567    0.02750  7.12%  23.3 3045s
 15819434 540659    0.02749   51   50    0.02567    0.02749  7.06%  23.3 3050s
 15851574 539019 infeasible   62         0.02567    0.02747  7.00%  23.3 3055s
 15881067 537905    0.02746   93   12    0.02567    0.02746  6.97%  23.3 3060s
 15911210 535659     cutoff   55         0.02567    0.02745  6.92%  23.3 3065s
 15942752 532539    0.02617   92   17    0.02567    0.02744  6.86%  23.2 3070s

Cutting planes:
  Gomory: 12
  Lift-and-project: 1
  Implied bound: 21
  MIR: 47
  Mixing: 5
  Flow cover: 211
  Inf proof: 2
  RLT: 139
  Relax-and-lift: 26
  BQP: 86

Explored 15961632 nodes (370863836 simplex iterations) in 3073.01 seconds (4873.16 work units)
Thread count was 4 (of 4 available processors)

Solution count 10: 0.0256749 0.0255963 0.0249673 ... 0.0216325

Optimization achieved user objective limit
Best objective 2.567487178275e-02, best bound 2.742589031423e-02, gap 6.8200%
{"verdict": "PROVED", "status": "BOUND_REACHED", "runtime": 3073.0131890773773, "objval": 0.02567487178275245, "objbound": 0.02742589031423176, "binaries": 70}
