Set parameter NodefileStart to value 6
Read parameters from file gurobi.env
Restricted license - for non-production use only - expires 2027-11-29
Set parameter OutputFlag to value 1
Set parameter Threads to value 4
Set parameter TimeLimit to value 360
Set parameter MIPGap to value 5e-05
Set parameter MIPFocus to value 2
Set parameter NonConvex to value 2
Set parameter BestBdStop to value 2.7426211734693878e-02
Gurobi Optimizer version 13.0.3 build v13.0.3rc0 (linux64 - "Ubuntu 24.04.5 LTS")

CPU model: AMD EPYC 7763 64-Core Processor, instruction set [SSE2|AVX|AVX2]
Thread count: 2 physical cores, 4 logical processors, using up to 4 threads

Non-default parameters:
TimeLimit  360
BestBdStop  2.7426211734693878e-02
MIPGap  5e-05
MIPFocus  2
NodefileStart  6
NonConvex  2
Threads  4

Optimize a model with 141 rows, 111 columns and 810 nonzeros (Max)
Model fingerprint: 0x290a03e9
Model has 1 linear objective coefficients
Model has 50 quadratic constraints
Variable types: 65 continuous, 46 integer (46 binary)
Coefficient statistics:
  Matrix range     [5e-01, 1e+00]
  QMatrix range    [1e+00, 1e+00]
  QLMatrix range   [1e+00, 1e+00]
  Objective range  [1e+00, 1e+00]
  Bounds range     [5e-01, 1e+00]
  RHS range        [1e+00, 1e+00]

Found heuristic solution: objective -0.0000000
Presolve time: 0.00s
Presolved: 341 rows, 112 columns, 1210 nonzeros
Presolved model has 50 bilinear constraint(s)

Solving non-convex MIQCP to global optimality

Variable types: 66 continuous, 46 integer (46 binary)
Root relaxation presolve removed 50 rows and 1 columns
Root relaxation presolved: 291 rows, 111 columns, 1160 nonzeros


Root relaxation: objective 8.333333e-02, 97 iterations, 0.00 seconds (0.00 work units)

    Nodes    |    Current Node    |     Objective Bounds      |     Work
 Expl Unexpl |  Obj  Depth IntInf | Incumbent    BestBd   Gap | It/Node Time

     0     0    0.08333    0   58   -0.00000    0.08333      -     -    0s
     0     0    0.07407    0   60   -0.00000    0.07407      -     -    0s
     0     0    0.06250    0   55   -0.00000    0.06250      -     -    0s
     0     0    0.06250    0   55   -0.00000    0.06250      -     -    0s
     0     0    0.06250    0   61   -0.00000    0.06250      -     -    0s
     0     0    0.06250    0   60   -0.00000    0.06250      -     -    0s
     0     0    0.06250    0   63   -0.00000    0.06250      -     -    0s
     0     0    0.06250    0   63   -0.00000    0.06250      -     -    0s
     0     0    0.06250    0   63   -0.00000    0.06250      -     -    0s
     0     0    0.06250    0   46   -0.00000    0.06250      -     -    0s
     0     2    0.06250    0   46   -0.00000    0.06250      -     -    0s
*  593   568              88       0.0000000    0.06043      -  17.1    0s
H 1063   935                       0.0000000    0.06043      -  17.9    0s
H 1089   925                       0.0000004    0.06043      -  17.9    0s
H 1220   946                       0.0000004    0.06043      -  17.7    1s
* 1945  1332             109       0.0000006    0.04901      -  20.6    1s
 12099  8310    0.00021   35   40    0.00000    0.03272      -  26.5    5s
H15173 10102                       0.0000006    0.03191      -  26.9    5s
 27483 18530    0.00000   91    7    0.00000    0.03036      -  26.3   10s
H35133 22637                       0.0000007    0.02955      -  26.0   11s
 46772 30460    0.00303   44   38    0.00000    0.02876      -  25.9   15s
 66730 43441    0.00000   55   18    0.00000    0.02783      -  26.7   20s

Cutting planes:
  Implied bound: 10
  MIR: 2
  Flow cover: 19
  RLT: 92
  Relax-and-lift: 2
  BQP: 18

Explored 80753 nodes (2198672 simplex iterations) in 24.09 seconds (22.42 work units)
Thread count was 4 (of 4 available processors)

Solution count 8: 7.34757e-07 5.75842e-07 5.60931e-07 ... -0

Optimization achieved user objective limit
Best objective 7.347568371308e-07, best bound 2.742355277661e-02, gap -
{"verdict": "PROVED", "status": "BOUND_REACHED", "runtime": 24.093252897262573, "objval": 7.347568371308021e-07, "objbound": 0.02742355277660786, "binaries": 46}
