Set parameter NodefileStart to value 6
Read parameters from file gurobi.env
Restricted license - for non-production use only - expires 2027-11-29
Set parameter OutputFlag to value 1
Set parameter Threads to value 4
Set parameter TimeLimit to value 360
Set parameter MIPGap to value 5e-05
Set parameter MIPFocus to value 2
Set parameter NonConvex to value 2
Set parameter BestBdStop to value 2.7426211734693878e-02
Gurobi Optimizer version 13.0.3 build v13.0.3rc0 (linux64 - "Ubuntu 24.04.5 LTS")

CPU model: AMD EPYC 9V74 80-Core Processor, instruction set [SSE2|AVX|AVX2]
Thread count: 2 physical cores, 4 logical processors, using up to 4 threads

Non-default parameters:
TimeLimit  360
BestBdStop  2.7426211734693878e-02
MIPGap  5e-05
MIPFocus  2
NodefileStart  6
NonConvex  2
Threads  4

Optimize a model with 141 rows, 111 columns and 810 nonzeros (Max)
Model fingerprint: 0xe26ca103
Model has 1 linear objective coefficients
Model has 50 quadratic constraints
Variable types: 65 continuous, 46 integer (46 binary)
Coefficient statistics:
  Matrix range     [5e-01, 1e+00]
  QMatrix range    [1e+00, 1e+00]
  QLMatrix range   [1e+00, 1e+00]
  Objective range  [1e+00, 1e+00]
  Bounds range     [5e-01, 1e+00]
  RHS range        [1e+00, 1e+00]

Found heuristic solution: objective -0.0000000
Presolve time: 0.00s
Presolved: 341 rows, 112 columns, 1210 nonzeros
Presolved model has 50 bilinear constraint(s)

Solving non-convex MIQCP to global optimality

Variable types: 66 continuous, 46 integer (46 binary)
Root relaxation presolve removed 50 rows and 1 columns
Root relaxation presolved: 291 rows, 111 columns, 1160 nonzeros


Root relaxation: objective 1.250000e-01, 108 iterations, 0.00 seconds (0.00 work units)

    Nodes    |    Current Node    |     Objective Bounds      |     Work
 Expl Unexpl |  Obj  Depth IntInf | Incumbent    BestBd   Gap | It/Node Time

     0     0    0.12500    0   50   -0.00000    0.12500      -     -    0s
     0     0    0.09615    0   54   -0.00000    0.09615      -     -    0s
     0     0    0.09459    0   58   -0.00000    0.09459      -     -    0s
     0     0    0.09459    0   60   -0.00000    0.09459      -     -    0s
H    0     0                       0.0000003    0.09459      -     -    0s
H    0     0                       0.0000003    0.09459      -     -    0s
     0     0    0.08333    0   60    0.00000    0.08333      -     -    0s
     0     0    0.08333    0   63    0.00000    0.08333      -     -    0s
     0     0    0.08333    0   57    0.00000    0.08333      -     -    0s
     0     0    0.08333    0   60    0.00000    0.08333      -     -    0s
     0     0    0.08333    0   60    0.00000    0.08333      -     -    0s
     0     0    0.08333    0   59    0.00000    0.08333      -     -    0s
     0     0    0.08333    0   62    0.00000    0.08333      -     -    0s
     0     0    0.08218    0   62    0.00000    0.08218      -     -    0s
     0     0    0.08218    0   61    0.00000    0.08218      -     -    0s
     0     0    0.08140    0   61    0.00000    0.08140      -     -    0s
     0     0    0.08065    0   61    0.00000    0.08065      -     -    0s
     0     0    0.08065    0   57    0.00000    0.08065      -     -    0s
     0     2    0.08065    0   56    0.00000    0.08065      -     -    0s
* 1837  1437              97       0.0000005    0.05857      -  23.5    1s
* 1842  1386              97       0.0000007    0.05857      -  23.5    1s
* 1843  1339              97       0.0000007    0.05857      -  23.5    1s
* 1905  1273             103       0.0000007    0.05817      -  23.2    1s
* 1926  1269             113       0.0000008    0.05817      -  23.0    2s
* 1927  1228             113       0.0000011    0.05817      -  23.0    2s
* 1928  1189             113       0.0000011    0.05817      -  23.0    2s
H 2969  1677                       0.0000011    0.05622      -  21.4    2s
 11881  8404    0.03131   35   53    0.00000    0.04913      -  19.3    5s
 30715 22032    0.00062   58   38    0.00000    0.04624      -  21.1   10s
 52124 37978    0.00000   62   10    0.00000    0.04494      -  21.7   15s
 73970 54576    0.00057   65   30    0.00000    0.04442      -  21.8   20s
 95775 70331    0.02280   44   50    0.00000    0.04442      -  21.5   25s
 119632 88620     cutoff   70         0.00000    0.04436      -  21.5   30s
 141568 104757    0.00064   38   44    0.00000    0.04399      -  21.4   35s
 160732 118829    0.00037   71   46    0.00000    0.04371      -  21.4   40s
 182759 134852    0.01832   42   52    0.00000    0.04349      -  21.6   45s
 206845 152064    0.00000   51   22    0.00000    0.04324      -  21.5   50s
 228338 167629    0.00453   49   51    0.00000    0.04312      -  21.5   55s
 250116 184159    0.00000   53   42    0.00000    0.04297      -  21.6   60s
 274217 201483    0.00633   58   52    0.00000    0.04282      -  21.5   65s
 295030 216720    0.01079   52   44    0.00000    0.04270      -  21.6   70s
 315308 231911    0.00001   91   44    0.00000    0.04258      -  21.6   75s
 336955 247561    0.01553   46   45    0.00000    0.04246      -  21.7   80s
 357510 262387    0.00000   97   26    0.00000    0.04235      -  21.6   85s
 367564 270218    0.00003   67   29    0.00000    0.04231      -  21.7   90s
 387475 284702    0.00361   59   50    0.00000    0.04221      -  21.6   95s
 411231 302146    0.00001   99   42    0.00000    0.04215      -  21.6  100s
 430525 315935    0.00000  105   25    0.00000    0.04208      -  21.6  105s
 452632 332355    0.00000  108   33    0.00000    0.04203      -  21.6  110s
 474522 348593     cutoff   42         0.00000    0.04196      -  21.6  115s
 499331 366303    0.00073   69   43    0.00000    0.04188      -  21.6  120s
 521765 382027    0.00001   96   37    0.00000    0.04180      -  21.5  125s
 544347 398120    0.00910   59   50    0.00000    0.04174      -  21.5  130s
 566913 414613    0.00181   64   51    0.00000    0.04170      -  21.5  135s
 590294 431747    0.00598   58   50    0.00000    0.04166      -  21.5  140s
 612619 448369    0.00001   91   45    0.00000    0.04160      -  21.5  145s
 634909 464565    0.00000   91   17    0.00000    0.04155      -  21.5  150s
 655653 479821    0.00550   44   31    0.00000    0.04149      -  21.5  155s
 678415 496132    0.02436   42   51    0.00000    0.04145      -  21.5  160s
 700506 512254    0.00747   42   44    0.00000    0.04141      -  21.5  165s
 722757 528133    0.00000  105   20    0.00000    0.04136      -  21.5  170s
 746663 545573     cutoff  108         0.00000    0.04134      -  21.5  175s
 763240 557892    0.00072   67   46    0.00000    0.04130      -  21.5  180s
 786326 574784    0.01545   56   50    0.00000    0.04124      -  21.5  185s
 809326 591198    0.00001   96   44    0.00000    0.04120      -  21.5  190s
 833738 609088    0.02017   43   44    0.00000    0.04116      -  21.4  195s
 854261 624144    0.00080   63   43    0.00000    0.04113      -  21.4  200s
 873525 638004    0.00110   60   44    0.00000    0.04109      -  21.4  205s
 896162 655346    0.00784   47   51    0.00000    0.04107      -  21.4  210s
 917841 671155    0.00060   67   50    0.00000    0.04104      -  21.4  215s
 936949 684547    0.00012   71   37    0.00000    0.04101      -  21.4  220s
 960696 701882    0.00002   63   46    0.00000    0.04097      -  21.4  225s
 983308 718471     cutoff  116         0.00000    0.04094      -  21.4  230s
 1005057 734404    0.00001   60   22    0.00000    0.04090      -  21.4  235s
 1027404 751135    0.00005   78   45    0.00000    0.04088      -  21.4  240s
 1052413 769092    0.02706   42   50    0.00000    0.04083      -  21.4  245s
 1073005 783912    0.00048   76   31    0.00000    0.04081      -  21.3  250s
 1095718 800414    0.01197   52   50    0.00000    0.04077      -  21.3  255s
 1117712 816396    0.00038   71   38    0.00000    0.04074      -  21.3  260s
 1141342 833745    0.02008   47   52    0.00000    0.04072      -  21.3  265s
 1164334 850487    0.00000  106   40    0.00000    0.04070      -  21.3  270s
 1186902 866394    0.00002   90   41    0.00000    0.04066      -  21.3  275s
 1209638 882511    0.00005   90   51    0.00000    0.04063      -  21.3  280s
 1228966 896629    0.00000  107   41    0.00000    0.04060      -  21.3  285s
 1250530 912612    0.00664   51   50    0.00000    0.04058      -  21.3  290s
 1271296 927768    0.00069   53   38    0.00000    0.04055      -  21.3  295s
 1295671 945183    0.00006   63   44    0.00000    0.04052      -  21.3  300s
 1314956 959331     cutoff   72         0.00000    0.04050      -  21.3  305s
 1334544 973789    0.00000  106   44    0.00000    0.04047      -  21.3  310s
 1355088 988200    0.00219   60   50    0.00000    0.04044      -  21.3  315s
 1377702 1004753    0.00001   85   50    0.00000    0.04042      -  21.3  320s
 1399787 1020710    0.00384   62   43    0.00000    0.04039      -  21.3  325s
 1422378 1037105    0.00005   85   43    0.00000    0.04037      -  21.3  330s
 1445918 1054026    0.00665   54   51    0.00000    0.04034      -  21.3  335s
 1467960 1070232    0.00191   48   43    0.00000    0.04031      -  21.3  340s
 1487676 1084282    0.00896   55   50    0.00000    0.04029      -  21.3  345s
 1510908 1101099    0.00936   56   50    0.00000    0.04026      -  21.3  350s
H1511578 1101037                       0.0000011    0.04026      -  21.3  350s
 1530142 1114939    0.00005   78   43    0.00000    0.04025      -  21.3  355s
 1552814 1131099    0.00103   71   43    0.00000    0.04023      -  21.3  360s

Cutting planes:
  Gomory: 2
  Implied bound: 5
  MIR: 1
  Flow cover: 9
  RLT: 59
  Relax-and-lift: 3
  BQP: 26

Explored 1552901 nodes (33067422 simplex iterations) in 360.00 seconds (374.05 work units)
Thread count was 4 (of 4 available processors)

Solution count 10: 1.11836e-06 1.10615e-06 1.09163e-06 ... 2.84347e-07

Time limit reached
Best objective 1.118363206511e-06, best bound 4.023189209701e-02, gap 3597290.5313%
{"verdict": "UNRESOLVED", "status": "TIME_LIMIT", "runtime": 360.001699924469, "objval": 1.1183632065105674e-06, "objbound": 0.040231892097011446, "binaries": 46}
