Set parameter NodefileStart to value 6
Read parameters from file gurobi.env
Restricted license - for non-production use only - expires 2027-11-29
Set parameter OutputFlag to value 1
Set parameter Threads to value 4
Set parameter TimeLimit to value 360
Set parameter MIPGap to value 5e-05
Set parameter MIPFocus to value 2
Set parameter NonConvex to value 2
Set parameter BestBdStop to value 2.7426211734693878e-02
Gurobi Optimizer version 13.0.3 build v13.0.3rc0 (linux64 - "Ubuntu 24.04.5 LTS")

CPU model: AMD EPYC 7763 64-Core Processor, instruction set [SSE2|AVX|AVX2]
Thread count: 2 physical cores, 4 logical processors, using up to 4 threads

Non-default parameters:
TimeLimit  360
BestBdStop  2.7426211734693878e-02
MIPGap  5e-05
MIPFocus  2
NodefileStart  6
NonConvex  2
Threads  4

Optimize a model with 141 rows, 111 columns and 810 nonzeros (Max)
Model fingerprint: 0x1659c2f7
Model has 1 linear objective coefficients
Model has 50 quadratic constraints
Variable types: 65 continuous, 46 integer (46 binary)
Coefficient statistics:
  Matrix range     [5e-01, 1e+00]
  QMatrix range    [1e+00, 1e+00]
  QLMatrix range   [1e+00, 1e+00]
  Objective range  [1e+00, 1e+00]
  Bounds range     [5e-01, 1e+00]
  RHS range        [1e+00, 1e+00]

Found heuristic solution: objective -0.0000000
Presolve time: 0.00s
Presolved: 341 rows, 112 columns, 1210 nonzeros
Presolved model has 50 bilinear constraint(s)

Solving non-convex MIQCP to global optimality

Variable types: 66 continuous, 46 integer (46 binary)
Root relaxation presolve removed 50 rows and 1 columns
Root relaxation presolved: 291 rows, 111 columns, 1160 nonzeros


Root relaxation: objective 8.333333e-02, 122 iterations, 0.00 seconds (0.00 work units)

    Nodes    |    Current Node    |     Objective Bounds      |     Work
 Expl Unexpl |  Obj  Depth IntInf | Incumbent    BestBd   Gap | It/Node Time

     0     0    0.08333    0   50   -0.00000    0.08333      -     -    0s
     0     0    0.08333    0   40   -0.00000    0.08333      -     -    0s
     0     0    0.07692    0   49   -0.00000    0.07692      -     -    0s
     0     0    0.07692    0   56   -0.00000    0.07692      -     -    0s
     0     0    0.07692    0   63   -0.00000    0.07692      -     -    0s
     0     0    0.07692    0   56   -0.00000    0.07692      -     -    0s
     0     0    0.07692    0   60   -0.00000    0.07692      -     -    0s
     0     0    0.07692    0   60   -0.00000    0.07692      -     -    0s
     0     0    0.07692    0   61   -0.00000    0.07692      -     -    0s
     0     0    0.07692    0   62   -0.00000    0.07692      -     -    0s
     0     0    0.07692    0   50   -0.00000    0.07692      -     -    0s
     0     0    0.07692    0   58   -0.00000    0.07692      -     -    0s
     0     0    0.07692    0   60   -0.00000    0.07692      -     -    0s
     0     0    0.07692    0   52   -0.00000    0.07692      -     -    0s
     0     0    0.07692    0   52   -0.00000    0.07692      -     -    0s
     0     0    0.07692    0   52   -0.00000    0.07692      -     -    0s
     0     0    0.07692    0   52   -0.00000    0.07692      -     -    0s
     0     2    0.07692    0   52   -0.00000    0.07692      -     -    0s
*  424   389              58       0.0000001    0.07692      -  30.3    0s
*  425   389              58       0.0000001    0.07692      -  30.3    0s
*  617   474              89       0.0000001    0.07692      -  29.8    0s
H  704   570                       0.0000002    0.07692      -  30.3    0s
H  748   615                       0.0000003    0.07692      -  31.2    0s
H 1222   912                       0.0000004    0.07500      -  33.4    1s
* 1749  1258              90       0.0000006    0.05912      -  30.2    2s
* 1750  1213              90       0.0000007    0.05912      -  30.2    2s
* 1820  1185              90       0.0000007    0.05274      -  29.5    2s
* 1828  1143              90       0.0000007    0.05274      -  29.4    2s
* 1851  1098              95       0.0000007    0.05201      -  29.3    2s
H 2925  1554                       0.0000009    0.04999      -  28.9    2s
 10968  7608    0.00096   51   13    0.00000    0.04343      -  29.9    5s
 29009 19067    0.00554   41   41    0.00000    0.04001      -  27.7   10s
 50255 34141    0.01381   37   50    0.00000    0.03823      -  27.6   15s
 72103 49088     cutoff   72         0.00000    0.03702      -  27.3   20s
 93426 63701    0.00359   42   49    0.00000    0.03636      -  27.3   25s
H93978 63940                       0.0000009    0.03636      -  27.3   25s
 114585 78336    0.01432   34   56    0.00000    0.03586      -  27.3   30s
 136279 94053    0.01014   40   51    0.00000    0.03546      -  27.4   35s
 157765 108684    0.00469   34   45    0.00000    0.03501      -  27.3   40s
 175916 120648    0.00034   49   50    0.00000    0.03467      -  27.2   45s
 199864 136938    0.02315   35   57    0.00000    0.03418      -  26.9   50s
 220273 150904    0.00023   63   50    0.00000    0.03380      -  27.0   55s
 242393 165935    0.03094   31   53    0.00000    0.03349      -  26.8   60s
 263633 179535    0.00001   80   34    0.00000    0.03317      -  26.8   65s
 285889 194989    0.00002   86   37    0.00000    0.03291      -  26.8   70s
 306683 208117    0.00015   73   43    0.00000    0.03265      -  26.8   75s
 326318 220891    0.03056   28   55    0.00000    0.03241      -  26.6   80s
 347921 236030    0.00072   45   50    0.00000    0.03226      -  26.7   85s
 368747 249111    0.01852   29   50    0.00000    0.03207      -  26.6   90s
 390791 263311    0.00002   82   46    0.00000    0.03191      -  26.6   95s
 408878 275223    0.00035   52   54    0.00000    0.03173      -  26.6  100s
 428814 287978    0.00079   56   43    0.00000    0.03158      -  26.7  105s
 445727 299720    0.00026   64   50    0.00000    0.03152      -  26.7  110s
 464127 311908    0.00570   48   50    0.00000    0.03138      -  26.7  115s
*482670 321637              84       0.0000010    0.03127      -  26.7  119s
 483990 322441 infeasible   51         0.00000    0.03126      -  26.7  120s
H496038 327514                       0.0000011    0.03119      -  26.8  124s
 496162 327858     cutoff   49         0.00000    0.03119      -  26.8  125s
 517167 340933    0.00166   40   47    0.00000    0.03102      -  26.8  130s
 538494 355048    0.00000   73   28    0.00000    0.03089      -  26.9  135s
 559986 369249    0.00326   42   45    0.00000    0.03077      -  27.0  140s
 583213 383802    0.01020   40   50    0.00000    0.03064      -  27.0  145s
 601092 395281    0.00001   78   29    0.00000    0.03055      -  27.0  150s
 622248 409080    0.01736   36   46    0.00000    0.03047      -  27.1  155s
 645130 422781    0.01245   43   51    0.00000    0.03034      -  27.1  160s
 666144 436383    0.01155   39   49    0.00000    0.03025      -  27.1  165s
 687187 449271     cutoff   59         0.00000    0.03015      -  27.1  170s
 709794 464064    0.00001   86   36    0.00000    0.03005      -  27.2  175s
 730651 477429    0.00000   99   30    0.00000    0.02996      -  27.2  180s
 737983 482294    0.00002   81   41    0.00000    0.02992      -  27.2  185s
 760999 496135    0.00511   35   39    0.00000    0.02981      -  27.2  190s
 782370 508933    0.00009   60   48    0.00000    0.02973      -  27.2  195s
 804061 523246    0.00000   52   28    0.00000    0.02965      -  27.2  200s
 826396 536952    0.00002   43   26    0.00000    0.02956      -  27.3  205s
 847208 550080    0.00018   66   38    0.00000    0.02949      -  27.3  210s
 868653 563515    0.00638   47   53    0.00000    0.02942      -  27.3  215s
 891637 578492    0.02155   32   51    0.00000    0.02935      -  27.3  220s
 912582 591419    0.00027   56   51    0.00000    0.02927      -  27.4  225s
H928357 600090                       0.0000012    0.02921      -  27.4  228s
 932047 602644    0.01419   39   51    0.00000    0.02920      -  27.4  230s
 953649 615944    0.00023   58   44    0.00000    0.02913      -  27.4  235s
 973108 627807    0.01525   37   51    0.00000    0.02907      -  27.4  240s
 993271 640908    0.00648   45   45    0.00000    0.02901      -  27.5  245s
 1015378 654440     cutoff   63         0.00000    0.02895      -  27.5  250s
 1037602 668387     cutoff   67         0.00000    0.02888      -  27.5  255s
 1056380 680824    0.00113   56   38    0.00000    0.02882      -  27.5  260s
 1077789 693822    0.00094   49   47    0.00000    0.02875      -  27.5  265s
 1099725 707589    0.00028   56   47    0.00000    0.02869      -  27.6  270s
 1121139 721212     cutoff   65         0.00000    0.02863      -  27.6  275s
 1142367 734186    0.00037   56   26    0.00000    0.02858      -  27.6  280s
 1164542 747895    0.02811   26   60    0.00000    0.02852      -  27.6  285s
 1186761 761764    0.01574   38   58    0.00000    0.02846      -  27.6  290s
 1205178 774198    0.00672   39   35    0.00000    0.02842      -  27.6  295s
 1226921 788233    0.00464   44   45    0.00000    0.02837      -  27.6  300s
 1249064 802320    0.00046   44   46    0.00000    0.02832      -  27.6  305s
 1270417 817073    0.00000  111   27    0.00000    0.02829      -  27.6  310s
 1291528 831295    0.01055   39   52    0.00000    0.02824      -  27.6  315s
 1314281 846031    0.00000   79   28    0.00000    0.02819      -  27.6  320s
 1333998 857884    0.00112   40   34    0.00000    0.02815      -  27.6  325s
 1341039 862774     cutoff   59         0.00000    0.02814      -  27.6  330s
 1362886 876900     cutoff   94         0.00000    0.02811      -  27.5  335s
 1383644 890315     cutoff   40         0.00000    0.02806      -  27.4  340s
 1402816 901930    0.00001   84   43    0.00000    0.02803      -  27.4  345s
 1422799 914711    0.00001   59   31    0.00000    0.02800      -  27.3  350s
 1444725 928825    0.00105   57   51    0.00000    0.02796      -  27.2  356s
 1462450 939955    0.00516   42   55    0.00000    0.02793      -  27.2  360s

Cutting planes:
  Gomory: 3
  Implied bound: 9
  MIR: 3
  Flow cover: 8
  RLT: 79
  Relax-and-lift: 6
  BQP: 29

Explored 1462584 nodes (39720562 simplex iterations) in 360.00 seconds (354.03 work units)
Thread count was 4 (of 4 available processors)

Solution count 10: 1.16806e-06 1.16806e-06 9.9896e-07 ... 3.93275e-07

Time limit reached
Best objective 1.168064593165e-06, best bound 2.793198838312e-02, gap 2391205.1167%
{"verdict": "UNRESOLVED", "status": "TIME_LIMIT", "runtime": 360.00178813934326, "objval": 1.168064593165194e-06, "objbound": 0.027931988383118625, "binaries": 46}
