Set parameter NodefileStart to value 6
Read parameters from file gurobi.env
Restricted license - for non-production use only - expires 2027-11-29
Set parameter OutputFlag to value 1
Set parameter Threads to value 4
Set parameter TimeLimit to value 360
Set parameter MIPGap to value 5e-05
Set parameter MIPFocus to value 2
Set parameter NonConvex to value 2
Set parameter BestBdStop to value 2.7426211734693878e-02
Gurobi Optimizer version 13.0.3 build v13.0.3rc0 (linux64 - "Ubuntu 24.04.5 LTS")

CPU model: AMD EPYC 9V74 80-Core Processor, instruction set [SSE2|AVX|AVX2]
Thread count: 2 physical cores, 4 logical processors, using up to 4 threads

Non-default parameters:
TimeLimit  360
BestBdStop  2.7426211734693878e-02
MIPGap  5e-05
MIPFocus  2
NodefileStart  6
NonConvex  2
Threads  4

Optimize a model with 137 rows, 107 columns and 774 nonzeros (Max)
Model fingerprint: 0x7396b6eb
Model has 1 linear objective coefficients
Model has 50 quadratic constraints
Variable types: 65 continuous, 42 integer (42 binary)
Coefficient statistics:
  Matrix range     [5e-01, 1e+00]
  QMatrix range    [1e+00, 1e+00]
  QLMatrix range   [1e+00, 1e+00]
  Objective range  [1e+00, 1e+00]
  Bounds range     [5e-01, 1e+00]
  RHS range        [1e+00, 1e+00]

Found heuristic solution: objective -0.0000000
Presolve time: 0.00s
Presolved: 337 rows, 108 columns, 1174 nonzeros
Presolved model has 50 bilinear constraint(s)

Solving non-convex MIQCP to global optimality

Variable types: 66 continuous, 42 integer (42 binary)
Found heuristic solution: objective 0.0000000
Root relaxation presolve removed 70 rows and 11 columns
Root relaxation presolved: 267 rows, 97 columns, 1004 nonzeros


Root relaxation: objective 1.000000e-01, 95 iterations, 0.00 seconds (0.00 work units)

    Nodes    |    Current Node    |     Objective Bounds      |     Work
 Expl Unexpl |  Obj  Depth IntInf | Incumbent    BestBd   Gap | It/Node Time

     0     0    0.10000    0   37    0.00000    0.10000      -     -    0s
     0     0    0.08333    0   42    0.00000    0.08333      -     -    0s
H    0     0                       0.0000000    0.08333      -     -    0s
     0     0    0.08333    0   44    0.00000    0.08333      -     -    0s
     0     0    0.08333    0   45    0.00000    0.08333      -     -    0s
     0     0    0.08333    0   44    0.00000    0.08333      -     -    0s
     0     0    0.08333    0   44    0.00000    0.08333      -     -    0s
     0     2    0.08333    0   44    0.00000    0.08333      -     -    0s
H   51    72                       0.0000001    0.08333      -  26.1    0s
H  265   276                       0.0000001    0.08333      -  24.5    0s
H  299   333                       0.0000004    0.08333      -  26.9    0s
H 1127   926                       0.0000005    0.07966      -  27.3    1s
H 1130   881                       0.0000006    0.07900      -  27.2    1s
H 1152   853                       0.0000006    0.05694      -  27.5    1s
H 1621  1096                       0.0000007    0.05694      -  28.7    2s
 11496  7823    0.00003   87   35    0.00000    0.03874      -  30.3    5s
 32979 22078    0.00510   46   55    0.00000    0.03259      -  28.8   10s
 55229 37273    0.00988   51   51    0.00000    0.03078      -  28.4   15s
 79356 52324     cutoff   50         0.00000    0.02974      -  27.6   20s
H99218 65299                       0.0000008    0.02937      -  27.3   24s
 101002 66629    0.00474   48   50    0.00000    0.02933      -  27.3   25s
 121151 80228    0.00255   61   32    0.00000    0.02887      -  27.5   30s
 144644 95631    0.00007   64   35    0.00000    0.02823      -  27.2   35s
 168573 111662    0.00047   79   50    0.00000    0.02784      -  26.9   40s
 192066 127348    0.00020   71   43    0.00000    0.02748      -  26.5   45s

Cutting planes:
  Gomory: 6
  Flow cover: 18
  RLT: 57
  Relax-and-lift: 3
  BQP: 12

Explored 194161 nodes (5137718 simplex iterations) in 45.32 seconds (43.23 work units)
Thread count was 4 (of 4 available processors)

Solution count 7: 8.11287e-07 6.85874e-07 5.75176e-07 ... -0

Optimization achieved user objective limit
Best objective 8.112872819932e-07, best bound 2.742509112256e-02, gap -
{"verdict": "PROVED", "status": "BOUND_REACHED", "runtime": 45.31953287124634, "objval": 8.112872819932006e-07, "objbound": 0.02742509112256096, "binaries": 42}
