Set parameter NodefileStart to value 6
Read parameters from file gurobi.env
Restricted license - for non-production use only - expires 2027-11-29
Set parameter OutputFlag to value 1
Set parameter Threads to value 4
Set parameter TimeLimit to value 360
Set parameter MIPGap to value 5e-05
Set parameter MIPFocus to value 2
Set parameter NonConvex to value 2
Set parameter BestBdStop to value 2.7426211734693878e-02
Gurobi Optimizer version 13.0.3 build v13.0.3rc0 (linux64 - "Ubuntu 24.04.5 LTS")

CPU model: AMD EPYC 9V45 96-Core Processor, instruction set [SSE2|AVX|AVX2|AVX512]
Thread count: 2 physical cores, 4 logical processors, using up to 4 threads

Non-default parameters:
TimeLimit  360
BestBdStop  2.7426211734693878e-02
MIPGap  5e-05
MIPFocus  2
NodefileStart  6
NonConvex  2
Threads  4

Optimize a model with 153 rows, 123 columns and 897 nonzeros (Max)
Model fingerprint: 0x6817128f
Model has 1 linear objective coefficients
Model has 50 quadratic constraints
Variable types: 65 continuous, 58 integer (58 binary)
Coefficient statistics:
  Matrix range     [5e-01, 1e+00]
  QMatrix range    [1e+00, 1e+00]
  QLMatrix range   [1e+00, 1e+00]
  Objective range  [1e+00, 1e+00]
  Bounds range     [5e-01, 1e+00]
  RHS range        [1e+00, 1e+00]

Found heuristic solution: objective -0.0000000
Presolve time: 0.00s
Presolved: 353 rows, 124 columns, 1297 nonzeros
Presolved model has 50 bilinear constraint(s)

Solving non-convex MIQCP to global optimality

Variable types: 66 continuous, 58 integer (58 binary)
Root relaxation presolve removed 50 rows and 1 columns
Root relaxation presolved: 303 rows, 123 columns, 1247 nonzeros


Root relaxation: objective 1.250000e-01, 120 iterations, 0.00 seconds (0.00 work units)

    Nodes    |    Current Node    |     Objective Bounds      |     Work
 Expl Unexpl |  Obj  Depth IntInf | Incumbent    BestBd   Gap | It/Node Time

     0     0    0.12500    0   43   -0.00000    0.12500      -     -    0s
     0     0    0.12500    0   43   -0.00000    0.12500      -     -    0s
     0     0    0.12500    0   39   -0.00000    0.12500      -     -    0s
     0     0    0.12500    0   33   -0.00000    0.12500      -     -    0s
     0     0    0.12500    0   43   -0.00000    0.12500      -     -    0s
     0     0    0.12500    0   42   -0.00000    0.12500      -     -    0s
     0     0    0.12500    0   42   -0.00000    0.12500      -     -    0s
     0     2    0.12500    0   42   -0.00000    0.12500      -     -    0s
H  239   250                       0.0000000    0.12500      -  23.0    0s
H  240   250                       0.0000001    0.12500      -  22.9    0s
*  358   364              58       0.0000001    0.11667      -  22.2    0s
H  407   408                       0.0000003    0.11667      -  23.1    0s
*  522   469              81       0.0000004    0.11667      -  23.8    0s
H 1154   979                       0.0000007    0.11667      -  27.0    0s
H 1227   968                       0.0000009    0.11667      -  27.8    0s
H 4741  2582                       0.0000009    0.03550      -  25.2    1s

Cutting planes:
  Gomory: 21
  Implied bound: 11
  MIR: 7
  Flow cover: 28
  RLT: 49
  Relax-and-lift: 1
  BQP: 13

Explored 5348 nodes (132185 simplex iterations) in 1.70 seconds (2.17 work units)
Thread count was 4 (of 4 available processors)

Solution count 9: 9.20081e-07 8.50878e-07 7.22548e-07 ... -0

Optimization achieved user objective limit
Best objective 9.200814671262e-07, best bound 2.713624736273e-02, gap -
{"verdict": "PROVED", "status": "BOUND_REACHED", "runtime": 1.699404001235962, "objval": 9.200814671261883e-07, "objbound": 0.027136247362728474, "binaries": 58}
