Set parameter NodefileStart to value 6
Read parameters from file gurobi.env
Restricted license - for non-production use only - expires 2027-11-29
Set parameter OutputFlag to value 1
Set parameter Threads to value 4
Set parameter TimeLimit to value 360
Set parameter MIPGap to value 5e-05
Set parameter MIPFocus to value 2
Set parameter NonConvex to value 2
Set parameter BestBdStop to value 2.7426211734693878e-02
Gurobi Optimizer version 13.0.3 build v13.0.3rc0 (linux64 - "Ubuntu 24.04.5 LTS")

CPU model: INTEL(R) XEON(R) PLATINUM 8573C, instruction set [SSE2|AVX|AVX2|AVX512]
Thread count: 2 physical cores, 4 logical processors, using up to 4 threads

Non-default parameters:
TimeLimit  360
BestBdStop  2.7426211734693878e-02
MIPGap  5e-05
MIPFocus  2
NodefileStart  6
NonConvex  2
Threads  4

Optimize a model with 141 rows, 111 columns and 810 nonzeros (Max)
Model fingerprint: 0xef98c5fe
Model has 1 linear objective coefficients
Model has 50 quadratic constraints
Variable types: 65 continuous, 46 integer (46 binary)
Coefficient statistics:
  Matrix range     [5e-01, 1e+00]
  QMatrix range    [1e+00, 1e+00]
  QLMatrix range   [1e+00, 1e+00]
  Objective range  [1e+00, 1e+00]
  Bounds range     [5e-01, 1e+00]
  RHS range        [1e+00, 1e+00]

Found heuristic solution: objective -0.0000000
Presolve time: 0.00s
Presolved: 341 rows, 112 columns, 1210 nonzeros
Presolved model has 50 bilinear constraint(s)

Solving non-convex MIQCP to global optimality

Variable types: 66 continuous, 46 integer (46 binary)
Root relaxation presolve removed 50 rows and 1 columns
Root relaxation presolved: 291 rows, 111 columns, 1160 nonzeros


Root relaxation: objective 8.333333e-02, 108 iterations, 0.00 seconds (0.00 work units)

    Nodes    |    Current Node    |     Objective Bounds      |     Work
 Expl Unexpl |  Obj  Depth IntInf | Incumbent    BestBd   Gap | It/Node Time

     0     0    0.08333    0   50   -0.00000    0.08333      -     -    0s
     0     0    0.08000    0   75   -0.00000    0.08000      -     -    0s
H    0     0                       0.0000000    0.08000      -     -    0s
H    0     0                       0.0000000    0.08000      -     -    0s
H    0     0                       0.0000000    0.08000      -     -    0s
H    0     0                       0.0000000    0.08000      -     -    0s
H    0     0                       0.0000001    0.08000      -     -    0s
     0     0    0.07500    0   64    0.00000    0.07500      -     -    0s
     0     0    0.07500    0   69    0.00000    0.07500      -     -    0s
     0     0    0.07500    0   49    0.00000    0.07500      -     -    0s
     0     0    0.07500    0   52    0.00000    0.07500      -     -    0s
     0     0    0.07500    0   52    0.00000    0.07500      -     -    0s
     0     0    0.07500    0   57    0.00000    0.07500      -     -    0s
     0     0    0.07500    0   59    0.00000    0.07500      -     -    0s
     0     0    0.07500    0   59    0.00000    0.07500      -     -    0s
     0     2    0.07500    0   59    0.00000    0.07500      -     -    0s
H  140   161                       0.0000001    0.07500      -  30.6    0s
H 1172   956                       0.0000003    0.07500      -  35.2    1s
H 1177   911                       0.0000003    0.07500      -  35.0    1s
H 1397  1035                       0.0076093    0.06871   803%  35.9    1s
H 1503   999                       0.0096678    0.06871   611%  34.9    2s
* 1653  1047              84       0.0100104    0.06871   586%  34.6    2s
* 1658  1006              86       0.0100241    0.06871   585%  34.5    2s
* 1661   968              88       0.0100261    0.06871   585%  34.5    2s
* 1663   931              89       0.0100264    0.06871   585%  34.4    2s
H 1666   896                       0.0100697    0.06871   582%  34.4    2s
H 2725   808                       0.0180965    0.05523   205%  40.7    2s
H 5936  1711                       0.0180965    0.04763   163%  43.7    4s
  6210  1824     cutoff   32         0.01810    0.04718   161%  43.7    5s
 18281  4433     cutoff   34         0.01810    0.03975   120%  42.7   10s
 26375  5958     cutoff   32         0.01810    0.03755   108%  42.4   15s
 35736  7681    0.02255   27   55    0.01810    0.03584  98.0%  41.5   20s
 46439  9504     cutoff   36         0.01810    0.03466  91.5%  40.6   25s
 58705 11487    0.02658   31   47    0.01810    0.03355  85.4%  39.8   30s
 69137 13359    0.02322   39   48    0.01810    0.03273  80.8%  39.5   35s
 80860 14893    0.01917   31   43    0.01810    0.03183  75.9%  39.4   40s
 93432 16656     cutoff   38         0.01810    0.03112  72.0%  39.0   45s
 105524 18286    0.03000   30   65    0.01810    0.03056  68.9%  38.7   50s
 118895 19973    0.02327   36   46    0.01810    0.03002  65.9%  38.3   55s
 130285 21192    0.02334   37   55    0.01810    0.02955  63.3%  38.0   60s
 145522 22921     cutoff   39         0.01810    0.02900  60.2%  37.7   65s
 157878 24131    0.01890   34   60    0.01810    0.02861  58.1%  37.4   70s
 169328 25211     cutoff   37         0.01810    0.02829  56.3%  37.3   75s
 178178 26066    0.01855   38   53    0.01810    0.02810  55.3%  37.2   80s
 191031 27473    0.02597   35   57    0.01810    0.02779  53.6%  36.9   85s

Cutting planes:
  Gomory: 12
  Implied bound: 23
  MIR: 1
  Flow cover: 21
  RLT: 89
  Relax-and-lift: 4
  BQP: 11

Explored 207672 nodes (7606237 simplex iterations) in 89.92 seconds (59.68 work units)
Thread count was 4 (of 4 available processors)

Solution count 10: 0.0180965 0.0100697 0.0100264 ... 2.7082e-07

Optimization achieved user objective limit
Best objective 1.809650584464e-02, best bound 2.742239537138e-02, gap 51.5342%
{"verdict": "PROVED", "status": "BOUND_REACHED", "runtime": 89.92174196243286, "objval": 0.018096505844636374, "objbound": 0.02742239537137703, "binaries": 46}
