Set parameter NodefileStart to value 6
Read parameters from file gurobi.env
Restricted license - for non-production use only - expires 2027-11-29
Set parameter OutputFlag to value 1
Set parameter Threads to value 4
Set parameter TimeLimit to value 360
Set parameter MIPGap to value 5e-05
Set parameter MIPFocus to value 2
Set parameter NonConvex to value 2
Set parameter BestBdStop to value 2.7426211734693878e-02
Gurobi Optimizer version 13.0.3 build v13.0.3rc0 (linux64 - "Ubuntu 24.04.5 LTS")

CPU model: INTEL(R) XEON(R) PLATINUM 8573C, instruction set [SSE2|AVX|AVX2|AVX512]
Thread count: 2 physical cores, 4 logical processors, using up to 4 threads

Non-default parameters:
TimeLimit  360
BestBdStop  2.7426211734693878e-02
MIPGap  5e-05
MIPFocus  2
NodefileStart  6
NonConvex  2
Threads  4

Optimize a model with 145 rows, 115 columns and 846 nonzeros (Max)
Model fingerprint: 0x37539f90
Model has 1 linear objective coefficients
Model has 50 quadratic constraints
Variable types: 65 continuous, 50 integer (50 binary)
Coefficient statistics:
  Matrix range     [5e-01, 1e+00]
  QMatrix range    [1e+00, 1e+00]
  QLMatrix range   [1e+00, 1e+00]
  Objective range  [1e+00, 1e+00]
  Bounds range     [5e-01, 1e+00]
  RHS range        [1e+00, 1e+00]

Found heuristic solution: objective -0.0000000
Presolve time: 0.00s
Presolved: 345 rows, 116 columns, 1246 nonzeros
Presolved model has 50 bilinear constraint(s)

Solving non-convex MIQCP to global optimality

Variable types: 66 continuous, 50 integer (50 binary)
Root relaxation presolve removed 50 rows and 1 columns
Root relaxation presolved: 295 rows, 115 columns, 1196 nonzeros


Root relaxation: objective 8.333333e-02, 121 iterations, 0.00 seconds (0.00 work units)

    Nodes    |    Current Node    |     Objective Bounds      |     Work
 Expl Unexpl |  Obj  Depth IntInf | Incumbent    BestBd   Gap | It/Node Time

     0     0    0.08333    0   48   -0.00000    0.08333      -     -    0s
     0     0    0.06250    0   70   -0.00000    0.06250      -     -    0s
     0     0    0.06250    0   62   -0.00000    0.06250      -     -    0s
     0     0    0.06250    0   69   -0.00000    0.06250      -     -    0s
H    0     0                       0.0000000    0.06250      -     -    0s
H    0     0                       0.0000001    0.06250      -     -    0s
H    0     0                       0.0000001    0.06250      -     -    0s
     0     0    0.06250    0   61    0.00000    0.06250      -     -    0s
     0     0    0.06250    0   71    0.00000    0.06250      -     -    0s
     0     0    0.06250    0   45    0.00000    0.06250      -     -    0s
     0     0    0.06250    0   52    0.00000    0.06250      -     -    0s
     0     0    0.06250    0   40    0.00000    0.06250      -     -    0s
     0     0    0.06250    0   57    0.00000    0.06250      -     -    0s
     0     0    0.06250    0   57    0.00000    0.06250      -     -    0s
     0     0    0.06250    0   57    0.00000    0.06250      -     -    0s
     0     2    0.06250    0   57    0.00000    0.06250      -     -    1s
*  818   706             113       0.0000001    0.06250      -  17.4    1s
H 1233   960                       0.0000005    0.06250      -  15.5    1s
H 1296   965                       0.0000005    0.05682      -  16.6    1s
H 1301   917                       0.0000007    0.05682      -  16.5    1s
H 7595  4847                       0.0000007    0.03075      -  16.3    2s
* 7606  4815              99       0.0000008    0.03075      -  16.3    2s
H 9984  6650                       0.0000009    0.02977      -  16.8    3s
H10068  6640                       0.0000009    0.02977      -  16.8    3s
 16608 10981    0.00001   51   49    0.00000    0.02804      -  17.3    5s

Cutting planes:
  Gomory: 11
  Implied bound: 3
  MIR: 4
  Flow cover: 8
  RLT: 43
  Relax-and-lift: 6
  BQP: 11

Explored 19220 nodes (340708 simplex iterations) in 5.43 seconds (5.11 work units)
Thread count was 4 (of 4 available processors)

Solution count 10: 9.43427e-07 8.61017e-07 8.49264e-07 ... 6.43654e-08

Optimization achieved user objective limit
Best objective 9.434273147497e-07, best bound 2.736755393016e-02, gap -
{"verdict": "PROVED", "status": "BOUND_REACHED", "runtime": 5.427716970443726, "objval": 9.434273147497039e-07, "objbound": 0.027367553930155802, "binaries": 50}
