Set parameter NodefileStart to value 6
Read parameters from file gurobi.env
Restricted license - for non-production use only - expires 2027-11-29
Set parameter OutputFlag to value 1
Set parameter Threads to value 4
Set parameter TimeLimit to value 360
Set parameter MIPGap to value 5e-05
Set parameter MIPFocus to value 2
Set parameter NonConvex to value 2
Set parameter BestBdStop to value 2.7426211734693878e-02
Gurobi Optimizer version 13.0.3 build v13.0.3rc0 (linux64 - "Ubuntu 24.04.5 LTS")

CPU model: AMD EPYC 7763 64-Core Processor, instruction set [SSE2|AVX|AVX2]
Thread count: 2 physical cores, 4 logical processors, using up to 4 threads

Non-default parameters:
TimeLimit  360
BestBdStop  2.7426211734693878e-02
MIPGap  5e-05
MIPFocus  2
NodefileStart  6
NonConvex  2
Threads  4

Optimize a model with 129 rows, 99 columns and 714 nonzeros (Max)
Model fingerprint: 0x230ec822
Model has 1 linear objective coefficients
Model has 50 quadratic constraints
Variable types: 65 continuous, 34 integer (34 binary)
Coefficient statistics:
  Matrix range     [5e-01, 1e+00]
  QMatrix range    [1e+00, 1e+00]
  QLMatrix range   [1e+00, 1e+00]
  Objective range  [1e+00, 1e+00]
  Bounds range     [5e-01, 1e+00]
  RHS range        [1e+00, 1e+00]

Found heuristic solution: objective -0.0000000
Presolve time: 0.00s
Presolved: 329 rows, 100 columns, 1114 nonzeros
Presolved model has 50 bilinear constraint(s)

Solving non-convex MIQCP to global optimality

Variable types: 66 continuous, 34 integer (34 binary)
Root relaxation presolve removed 50 rows and 1 columns
Root relaxation presolved: 279 rows, 99 columns, 1064 nonzeros


Root relaxation: objective 7.500000e-02, 100 iterations, 0.00 seconds (0.00 work units)

    Nodes    |    Current Node    |     Objective Bounds      |     Work
 Expl Unexpl |  Obj  Depth IntInf | Incumbent    BestBd   Gap | It/Node Time

     0     0    0.07500    0   58   -0.00000    0.07500      -     -    0s
     0     0    0.03571    0   48   -0.00000    0.03571      -     -    0s
     0     0    0.03571    0   46   -0.00000    0.03571      -     -    0s
     0     0    0.03313    0   58   -0.00000    0.03313      -     -    0s
     0     0    0.03313    0   62   -0.00000    0.03313      -     -    0s
     0     0    0.03313    0   54   -0.00000    0.03313      -     -    0s
     0     0    0.03313    0   54   -0.00000    0.03313      -     -    0s
     0     0    0.03309    0   55   -0.00000    0.03309      -     -    0s
     0     0    0.03309    0   57   -0.00000    0.03309      -     -    0s
     0     0    0.03309    0   57   -0.00000    0.03309      -     -    0s
     0     0    0.03309    0   57   -0.00000    0.03309      -     -    0s
     0     0    0.03302    0   57   -0.00000    0.03302      -     -    0s
     0     0    0.03292    0   57   -0.00000    0.03292      -     -    0s
     0     2    0.03292    0   57   -0.00000    0.03292      -     -    0s
*  717   675              75       0.0000000    0.03292      -  30.3    0s
H 1042   961                       0.0000001    0.03292      -  28.0    1s
H 1106   961                       0.0000001    0.03292      -  28.1    1s

Cutting planes:
  Gomory: 5
  MIR: 1
  Flow cover: 6
  RLT: 29
  Relax-and-lift: 1
  BQP: 5

Explored 1120 nodes (31908 simplex iterations) in 1.40 seconds (0.82 work units)
Thread count was 4 (of 4 available processors)

Solution count 4: 1.39265e-07 1.36193e-07 1.8115e-08 -0 

Optimization achieved user objective limit
Best objective 1.392645299220e-07, best bound 2.328376899206e-02, gap -
{"verdict": "PROVED", "status": "BOUND_REACHED", "runtime": 1.4026849269866943, "objval": 1.392645299219675e-07, "objbound": 0.023283768992064895, "binaries": 34}
