Set parameter NodefileStart to value 6
Read parameters from file gurobi.env
Restricted license - for non-production use only - expires 2027-11-29
Set parameter OutputFlag to value 1
Set parameter Threads to value 4
Set parameter TimeLimit to value 360
Set parameter MIPGap to value 5e-05
Set parameter MIPFocus to value 2
Set parameter NonConvex to value 2
Set parameter BestBdStop to value 2.7426211734693878e-02
Gurobi Optimizer version 13.0.3 build v13.0.3rc0 (linux64 - "Ubuntu 24.04.5 LTS")

CPU model: AMD EPYC 9V74 80-Core Processor, instruction set [SSE2|AVX|AVX2]
Thread count: 2 physical cores, 4 logical processors, using up to 4 threads

Non-default parameters:
TimeLimit  360
BestBdStop  2.7426211734693878e-02
MIPGap  5e-05
MIPFocus  2
NodefileStart  6
NonConvex  2
Threads  4

Optimize a model with 141 rows, 111 columns and 810 nonzeros (Max)
Model fingerprint: 0xbdb0aa9d
Model has 1 linear objective coefficients
Model has 50 quadratic constraints
Variable types: 65 continuous, 46 integer (46 binary)
Coefficient statistics:
  Matrix range     [5e-01, 1e+00]
  QMatrix range    [1e+00, 1e+00]
  QLMatrix range   [1e+00, 1e+00]
  Objective range  [1e+00, 1e+00]
  Bounds range     [5e-01, 1e+00]
  RHS range        [1e+00, 1e+00]

Found heuristic solution: objective -0.0000000
Presolve time: 0.00s
Presolved: 341 rows, 112 columns, 1210 nonzeros
Presolved model has 50 bilinear constraint(s)

Solving non-convex MIQCP to global optimality

Variable types: 66 continuous, 46 integer (46 binary)
Root relaxation presolve removed 50 rows and 1 columns
Root relaxation presolved: 291 rows, 111 columns, 1160 nonzeros


Root relaxation: objective 8.333333e-02, 110 iterations, 0.00 seconds (0.00 work units)

    Nodes    |    Current Node    |     Objective Bounds      |     Work
 Expl Unexpl |  Obj  Depth IntInf | Incumbent    BestBd   Gap | It/Node Time

     0     0    0.08333    0   50   -0.00000    0.08333      -     -    0s
     0     0    0.08333    0   67   -0.00000    0.08333      -     -    0s
     0     0    0.08333    0   65   -0.00000    0.08333      -     -    0s
     0     0    0.08333    0   63   -0.00000    0.08333      -     -    0s
     0     0    0.08333    0   43   -0.00000    0.08333      -     -    0s
H    0     0                       0.0000000    0.08333      -     -    0s
H    0     0                       0.0000000    0.08333      -     -    0s
     0     0    0.08333    0   59    0.00000    0.08333      -     -    0s
     0     0    0.08333    0   46    0.00000    0.08333      -     -    0s
     0     0    0.08333    0   46    0.00000    0.08333      -     -    0s
     0     2    0.08333    0   46    0.00000    0.08333      -     -    0s
*  716   727             102       0.0000001    0.07895      -  20.8    0s
*  721   727             104       0.0000002    0.07895      -  20.7    0s
*  958   880              87       0.0000002    0.07895      -  19.9    0s
*  959   880              87       0.0000003    0.07895      -  19.9    0s
H 1256  1037                       0.0000005    0.06275      -  22.0    1s
* 1943  1473             114       0.0000009    0.06275      -  18.7    1s
H 3973  2467                       0.0000010    0.05483      -  20.7    2s
H 4048  2446                       0.0000016    0.05483      -  20.5    2s
* 7408  2148              55       0.0058599    0.04870   731%  27.2    3s
H 7732  2161                       0.0058606    0.04868   731%  27.3    3s
H 8304  2056                       0.0086435    0.04786   454%  27.8    3s
 12769  3937    0.01719   37   37    0.00864    0.04530   424%  32.0    5s
H18882  6195                       0.0088759    0.04359   391%  33.4    6s
H20509  6779                       0.0088765    0.04344   389%  33.7    7s
H21043  6915                       0.0103704    0.04344   319%  33.9    8s
H23487  7569                       0.0103704    0.04343   319%  34.4    8s
 27698  8742    0.04067   22   58    0.01037    0.04305   315%  34.7   10s
 45697 15055    0.04187   28   56    0.01037    0.04200   305%  35.6   15s
 64111 21566    0.04100   32   56    0.01037    0.04108   296%  35.8   20s
H69780 23569                       0.0103705    0.04094   295%  36.0   21s
H78635 26574                       0.0103705    0.04065   292%  36.2   24s
 81458 27580    0.02105   34   54    0.01037    0.04051   291%  36.2   25s
 100428 34666     cutoff   50         0.01037    0.04007   286%  36.5   30s
 119874 41491    0.02417   39   52    0.01037    0.03966   282%  36.4   35s
 139252 48382    0.02380   33   55    0.01037    0.03932   279%  36.4   40s
 158930 55663    0.01651   37   54    0.01037    0.03907   277%  36.4   45s
 175121 61249    0.02115   44   46    0.01037    0.03888   275%  36.3   50s
H177973 61454                       0.0107266    0.03884   262%  36.3   51s
 191878 66298    0.01463   34   54    0.01073    0.03865   260%  36.3   55s
 211692 73098    0.01824   34   57    0.01073    0.03842   258%  36.3   60s
 230912 79190 infeasible   46         0.01073    0.03818   256%  36.3   65s
 250161 85181     cutoff   45         0.01073    0.03796   254%  36.3   70s
 269412 91599    0.03012   33   59    0.01073    0.03779   252%  36.3   75s
 288367 98187    0.03667   34   63    0.01073    0.03766   251%  36.4   80s
 307790 104677    0.01370   46   37    0.01073    0.03750   250%  36.4   85s
 323636 109888     cutoff   29         0.01073    0.03737   248%  36.4   90s
 343191 116149    0.01160   37   45    0.01073    0.03723   247%  36.4   95s
 362245 121980     cutoff   41         0.01073    0.03710   246%  36.3  100s
 381935 128159    0.01178   40   46    0.01073    0.03696   245%  36.3  105s
 401336 134106     cutoff   39         0.01073    0.03683   243%  36.3  110s
 420790 140069    0.01936   41   53    0.01073    0.03672   242%  36.2  115s
 440061 146156    0.02150   39   55    0.01073    0.03661   241%  36.2  120s
 459920 152564    0.01434   42   47    0.01073    0.03650   240%  36.2  125s
H476620 157427                       0.0107733    0.03641   238%  36.2  129s
H476623 157031                       0.0108467    0.03641   236%  36.2  129s
 476634 157039     cutoff   44         0.01085    0.03641   236%  36.2  130s
H476656 157042                       0.0108468    0.03641   236%  36.2  130s
 493191 162258    0.02367   33   51    0.01085    0.03632   235%  36.2  135s
 512692 168267    0.02591   37   55    0.01085    0.03623   234%  36.1  140s
 531966 173931 infeasible   41         0.01085    0.03613   233%  36.1  145s
 551549 180367    0.01124   47   47    0.01085    0.03604   232%  36.1  150s
 571316 186795    0.02880   41   57    0.01085    0.03594   231%  36.1  155s
 590504 192705    0.01339   40   50    0.01085    0.03586   231%  36.1  160s
 609905 198651    0.01108   46   57    0.01085    0.03577   230%  36.0  165s
 625953 203701    0.02092   40   53    0.01085    0.03571   229%  36.0  170s
 644611 209341    0.01093   44   45    0.01085    0.03563   228%  36.0  175s
 664046 215112     cutoff   49         0.01085    0.03555   228%  36.0  180s
 683538 220827    0.03478   35   58    0.01085    0.03548   227%  36.0  185s
 702937 226756     cutoff   43         0.01085    0.03541   226%  36.0  190s
 722884 232733    0.01327   40   51    0.01085    0.03533   226%  35.9  195s
 742364 238426    0.01942   42   51    0.01085    0.03525   225%  35.9  200s
 762056 244214     cutoff   40         0.01085    0.03518   224%  35.9  205s
 781397 249911    0.02669   32   49    0.01085    0.03510   224%  35.8  210s
 798904 254929    0.01336   40   52    0.01085    0.03504   223%  35.8  215s
 813519 259580    0.02714   36   56    0.01085    0.03499   223%  35.9  220s
 831954 265048    0.02228   34   60    0.01085    0.03492   222%  35.8  225s
 850168 270412    0.03047   40   55    0.01085    0.03486   221%  35.8  230s
 867913 275775    0.02207   39   53    0.01085    0.03479   221%  35.8  235s
 885271 280893    0.01863   38   54    0.01085    0.03473   220%  35.8  240s
 903146 286278    0.01251   42   51    0.01085    0.03466   220%  35.8  245s
 921511 291796    0.01232   41   35    0.01085    0.03459   219%  35.8  250s
 939725 296734    0.01670   38   51    0.01085    0.03453   218%  35.8  255s
 957965 301744    0.01744   40   52    0.01085    0.03446   218%  35.8  260s
 977687 307267     cutoff   46         0.01085    0.03442   217%  35.7  265s
 993489 311832    0.03224   39   46    0.01085    0.03438   217%  35.7  270s
 1012769 317326    0.02509   40   59    0.01085    0.03432   216%  35.7  275s
 1032035 322741    0.01265   40   53    0.01085    0.03427   216%  35.7  280s
 1051366 328289    0.03092   30   54    0.01085    0.03421   215%  35.7  285s
 1070840 333869    0.01211   45   45    0.01085    0.03415   215%  35.7  290s
 1090279 339208    0.02151   37   52    0.01085    0.03409   214%  35.7  295s
 1109757 344662    0.02328   42   47    0.01085    0.03403   214%  35.7  300s
 1129213 350313    0.02555   47   44    0.01085    0.03398   213%  35.7  305s
 1148462 355988    0.02733   30   55    0.01085    0.03393   213%  35.6  310s
 1164167 360513     cutoff   50         0.01085    0.03388   212%  35.6  315s
 1184153 366367     cutoff   40         0.01085    0.03384   212%  35.6  320s
 1204014 371979     cutoff   52         0.01085    0.03378   211%  35.6  325s
 1224063 377555    0.01245   44   53    0.01085    0.03372   211%  35.6  330s
 1243771 383149     cutoff   44         0.01085    0.03367   210%  35.6  335s
 1261188 388073     cutoff   37         0.01085    0.03362   210%  35.5  340s
 1281017 393525    0.01224   44   51    0.01085    0.03357   209%  35.5  345s
 1300298 399055    0.02542   38   51    0.01085    0.03352   209%  35.5  350s
 1319517 404288    0.02838   38   46    0.01085    0.03347   209%  35.5  355s
 1339393 409739    0.03336   37   54    0.01085    0.03342   208%  35.5  360s

Cutting planes:
  Gomory: 19
  Implied bound: 27
  MIR: 3
  Mixing: 2
  Flow cover: 80
  Inf proof: 10
  RLT: 69
  Relax-and-lift: 13
  BQP: 30

Explored 1339491 nodes (47549167 simplex iterations) in 360.00 seconds (396.00 work units)
Thread count was 4 (of 4 available processors)

Solution count 10: 0.0108468 0.0107733 0.0107266 ... 1.64036e-06

Time limit reached
Best objective 1.084681168117e-02, best bound 3.341892301661e-02, gap 208.0990%
{"verdict": "UNRESOLVED", "status": "TIME_LIMIT", "runtime": 360.00279903411865, "objval": 0.010846811681172566, "objbound": 0.033418923016612076, "binaries": 46}
