Set parameter NodefileStart to value 6
Read parameters from file gurobi.env
Restricted license - for non-production use only - expires 2027-11-29
Set parameter OutputFlag to value 1
Set parameter Threads to value 4
Set parameter TimeLimit to value 360
Set parameter MIPGap to value 5e-05
Set parameter MIPFocus to value 2
Set parameter NonConvex to value 2
Set parameter BestBdStop to value 2.7426211734693878e-02
Gurobi Optimizer version 13.0.3 build v13.0.3rc0 (linux64 - "Ubuntu 24.04.5 LTS")

CPU model: AMD EPYC 7763 64-Core Processor, instruction set [SSE2|AVX|AVX2]
Thread count: 2 physical cores, 4 logical processors, using up to 4 threads

Non-default parameters:
TimeLimit  360
BestBdStop  2.7426211734693878e-02
MIPGap  5e-05
MIPFocus  2
NodefileStart  6
NonConvex  2
Threads  4

Optimize a model with 141 rows, 111 columns and 810 nonzeros (Max)
Model fingerprint: 0x5175b0ab
Model has 1 linear objective coefficients
Model has 50 quadratic constraints
Variable types: 65 continuous, 46 integer (46 binary)
Coefficient statistics:
  Matrix range     [5e-01, 1e+00]
  QMatrix range    [1e+00, 1e+00]
  QLMatrix range   [1e+00, 1e+00]
  Objective range  [1e+00, 1e+00]
  Bounds range     [5e-01, 1e+00]
  RHS range        [1e+00, 1e+00]

Found heuristic solution: objective -0.0000000
Presolve time: 0.00s
Presolved: 341 rows, 112 columns, 1210 nonzeros
Presolved model has 50 bilinear constraint(s)

Solving non-convex MIQCP to global optimality

Variable types: 66 continuous, 46 integer (46 binary)
Root relaxation presolve removed 70 rows and 11 columns
Root relaxation presolved: 271 rows, 101 columns, 1040 nonzeros


Root relaxation: objective 7.142857e-02, 118 iterations, 0.00 seconds (0.00 work units)

    Nodes    |    Current Node    |     Objective Bounds      |     Work
 Expl Unexpl |  Obj  Depth IntInf | Incumbent    BestBd   Gap | It/Node Time

     0     0    0.07143    0   49   -0.00000    0.07143      -     -    0s
     0     0    0.07143    0   73   -0.00000    0.07143      -     -    0s
     0     0    0.07143    0   52   -0.00000    0.07143      -     -    0s
H    0     0                       0.0000000    0.07143      -     -    0s
H    0     0                       0.0000000    0.07143      -     -    0s
     0     0    0.07143    0   45    0.00000    0.07143      -     -    0s
     0     0    0.07016    0   52    0.00000    0.07016      -     -    0s
     0     0    0.07016    0   61    0.00000    0.07016      -     -    0s
     0     0    0.06613    0   57    0.00000    0.06613      -     -    0s
     0     0    0.06613    0   58    0.00000    0.06613      -     -    0s
     0     0    0.06613    0   55    0.00000    0.06613      -     -    0s
     0     0    0.06613    0   62    0.00000    0.06613      -     -    0s
     0     0    0.06613    0   63    0.00000    0.06613      -     -    0s
     0     0    0.06613    0   55    0.00000    0.06613      -     -    0s
     0     0    0.06613    0   49    0.00000    0.06613      -     -    0s
     0     0    0.06613    0   55    0.00000    0.06613      -     -    0s
     0     0    0.06613    0   51    0.00000    0.06613      -     -    0s
     0     0    0.06613    0   51    0.00000    0.06613      -     -    0s
     0     0    0.06613    0   51    0.00000    0.06613      -     -    0s
     0     0    0.06613    0   51    0.00000    0.06613      -     -    0s
     0     2    0.06613    0   51    0.00000    0.06613      -     -    0s
H  447   420                       0.0000005    0.06613      -  28.4    0s
* 1893  1363             107       0.0000009    0.05281      -  28.5    2s
* 1897  1314             106       0.0000010    0.05281      -  28.4    2s
* 2444  1575             115       0.0000012    0.05279      -  27.6    2s
 10434  7540    0.00001   92   42    0.00000    0.04153      -  26.8    5s
 30390 21510    0.00000   61   24    0.00000    0.03823      -  28.8   10s
 47679 33408    0.00002   71   44    0.00000    0.03684      -  28.5   15s
 69747 48914     cutoff   72         0.00000    0.03612      -  28.0   20s
 92528 64279    0.00000   96   37    0.00000    0.03569      -  28.2   25s
 113944 78765    0.01418   42   52    0.00000    0.03532      -  28.3   30s
 135194 93586    0.00639   46   32    0.00000    0.03501      -  28.4   35s
 158180 108767 infeasible   83         0.00000    0.03478      -  28.5   40s
 177453 122592    0.00153   52   50    0.00000    0.03456      -  28.5   45s
 199110 136758     cutoff   83         0.00000    0.03441      -  28.5   50s
 219840 151106    0.00062   55   52    0.00000    0.03429      -  28.6   55s
 242956 166638     cutoff   79         0.00000    0.03413      -  28.5   60s
 263666 179644    0.00054   45   48    0.00000    0.03399      -  28.7   65s
 284693 194101    0.00020   71   31    0.00000    0.03393      -  28.8   70s
 302100 208066    0.00001   86   40    0.00000    0.03384      -  28.9   75s
 328454 223167    0.01203   46   54    0.00000    0.03372      -  28.8   80s
 347123 236017    0.00010   80   50    0.00000    0.03362      -  28.8   85s
 368522 250489    0.01897   43   51    0.00000    0.03355      -  28.9   90s
 388720 263972    0.00990   41   51    0.00000    0.03345      -  28.8   95s
 408628 276632    0.00613   50   44    0.00000    0.03336      -  28.8  100s
 428723 289715    0.00000   83   47    0.00000    0.03328      -  28.9  105s
 446246 300988    0.00109   51   50    0.00000    0.03320      -  28.9  110s
 465150 313277    0.01032   40   44    0.00000    0.03315      -  28.9  115s
 482982 324532    0.00000  100   38    0.00000    0.03306      -  28.9  120s
 504691 338412    0.00005   63   49    0.00000    0.03298      -  28.9  125s
 528498 353852    0.00002   54   16    0.00000    0.03289      -  28.8  130s
 549617 366964    0.00004   68   50    0.00000    0.03281      -  28.9  135s
 571442 380888    0.02077   44   52    0.00000    0.03274      -  28.9  140s
 592152 394305    0.00000   71   49    0.00000    0.03267      -  28.9  145s
 614949 409752     cutoff   55         0.00000    0.03261      -  28.9  150s
 634316 421799    0.00135   49   43    0.00000    0.03255      -  28.9  155s
 654578 435000    0.00000   77   29    0.00000    0.03250      -  28.9  160s
 675787 448431    0.00009   72   52    0.00000    0.03244      -  28.9  165s
 698720 462806    0.00490   44   51    0.00000    0.03238      -  28.9  170s
 719973 477172    0.00000   97   36    0.00000    0.03235      -  28.9  175s
 741608 491356    0.01254   37   52    0.00000    0.03230      -  28.9  180s
 762958 505062    0.00008   72   44    0.00000    0.03225      -  28.9  185s
 785351 519945    0.00175   45   50    0.00000    0.03220      -  29.0  190s
 801850 531118    0.00305   42   41    0.00000    0.03216      -  29.0  195s
 823566 546203    0.00004   92   37    0.00000    0.03213      -  28.9  200s
 845810 560935    0.02144   33   39    0.00000    0.03208      -  29.0  205s
 867238 574339    0.00045   59   51    0.00000    0.03203      -  29.0  210s
 888817 587383     cutoff   48         0.00000    0.03198      -  29.0  215s
 909312 600110    0.02135   39   51    0.00000    0.03194      -  29.0  220s
 931837 615289    0.00012   50   38    0.00000    0.03191      -  29.0  225s
 947457 625229    0.01763   32   52    0.00000    0.03188      -  29.0  230s
 963090 635184    0.00008   75   50    0.00000    0.03185      -  29.0  235s
 964526 636278    0.00044   58   50    0.00000    0.03185      -  29.0  240s
 985496 649223    0.01768   42   46    0.00000    0.03181      -  29.0  245s
 1006725 662920    0.00642   46   50    0.00000    0.03177      -  29.1  250s
 1028017 676783     cutoff   58         0.00000    0.03174      -  29.1  255s
 1048771 690055    0.00056   67   44    0.00000    0.03170      -  29.1  260s
 1070709 704140    0.00000   80   47    0.00000    0.03166      -  29.1  265s
 1093343 718975    0.00058   52   54    0.00000    0.03161      -  29.0  270s
 1113974 732211    0.00771   45   51    0.00000    0.03159      -  29.1  275s
 1135319 745597    0.00101   49   50    0.00000    0.03154      -  29.1  280s
 1156863 759164     cutoff   51         0.00000    0.03150      -  29.1  285s
 1175609 771149    0.00147   56   44    0.00000    0.03147      -  29.1  290s
 1195859 783982    0.00120   61   50    0.00000    0.03144      -  29.1  295s
 1217355 797102     cutoff   41         0.00000    0.03140      -  29.1  300s
 1239830 811363    0.01627   40   49    0.00000    0.03137      -  29.1  305s
 1260737 824633     cutoff   99         0.00000    0.03134      -  29.1  310s
 1281972 837684    0.02409   36   45    0.00000    0.03131      -  29.1  315s
 1304866 851443     cutoff   53         0.00000    0.03128      -  29.1  320s
 1322421 862579     cutoff  101         0.00000    0.03125      -  29.1  325s
 1343449 875382    0.00627   39   52    0.00000    0.03122      -  29.1  330s
 1364202 888375    0.00000  100   39    0.00000    0.03119      -  29.1  335s
 1385850 902278    0.00806   39   51    0.00000    0.03116      -  29.1  340s
 1406965 915827    0.01354   39   44    0.00000    0.03114      -  29.1  345s
 1425797 927687    0.00048   48   43    0.00000    0.03111      -  29.1  350s
 1448175 942198    0.00001   88   41    0.00000    0.03108      -  29.1  355s
 1463799 952365    0.00019   64   42    0.00000    0.03106      -  29.2  360s

Cutting planes:
  Gomory: 12
  Implied bound: 10
  MIR: 3
  Mixing: 1
  Flow cover: 35
  RLT: 79
  Relax-and-lift: 23
  BQP: 25

Explored 1464129 nodes (42687692 simplex iterations) in 360.00 seconds (365.87 work units)
Thread count was 4 (of 4 available processors)

Solution count 7: 1.16674e-06 1.0465e-06 8.55603e-07 ... -0

Time limit reached
Best objective 1.166744377516e-06, best bound 3.105795768754e-02, gap 2661833.3494%
{"verdict": "UNRESOLVED", "status": "TIME_LIMIT", "runtime": 360.00251507759094, "objval": 1.1667443775162688e-06, "objbound": 0.031057957687537857, "binaries": 46}
