Set parameter NodefileStart to value 6
Read parameters from file gurobi.env
Restricted license - for non-production use only - expires 2027-11-29
Set parameter OutputFlag to value 1
Set parameter Threads to value 4
Set parameter TimeLimit to value 360
Set parameter MIPGap to value 5e-05
Set parameter MIPFocus to value 2
Set parameter NonConvex to value 2
Set parameter BestBdStop to value 2.7426211734693878e-02
Gurobi Optimizer version 13.0.3 build v13.0.3rc0 (linux64 - "Ubuntu 24.04.5 LTS")

CPU model: INTEL(R) XEON(R) PLATINUM 8573C, instruction set [SSE2|AVX|AVX2|AVX512]
Thread count: 2 physical cores, 4 logical processors, using up to 4 threads

Non-default parameters:
TimeLimit  360
BestBdStop  2.7426211734693878e-02
MIPGap  5e-05
MIPFocus  2
NodefileStart  6
NonConvex  2
Threads  4

Optimize a model with 141 rows, 111 columns and 810 nonzeros (Max)
Model fingerprint: 0x0ecd4d67
Model has 1 linear objective coefficients
Model has 50 quadratic constraints
Variable types: 65 continuous, 46 integer (46 binary)
Coefficient statistics:
  Matrix range     [5e-01, 1e+00]
  QMatrix range    [1e+00, 1e+00]
  QLMatrix range   [1e+00, 1e+00]
  Objective range  [1e+00, 1e+00]
  Bounds range     [5e-01, 1e+00]
  RHS range        [1e+00, 1e+00]

Found heuristic solution: objective -0.0000000
Presolve time: 0.00s
Presolved: 341 rows, 112 columns, 1210 nonzeros
Presolved model has 50 bilinear constraint(s)

Solving non-convex MIQCP to global optimality

Variable types: 66 continuous, 46 integer (46 binary)
Root relaxation presolve removed 50 rows and 1 columns
Root relaxation presolved: 291 rows, 111 columns, 1160 nonzeros


Root relaxation: objective 8.333333e-02, 120 iterations, 0.00 seconds (0.00 work units)

    Nodes    |    Current Node    |     Objective Bounds      |     Work
 Expl Unexpl |  Obj  Depth IntInf | Incumbent    BestBd   Gap | It/Node Time

     0     0    0.08333    0   50   -0.00000    0.08333      -     -    0s
     0     0    0.08333    0   56   -0.00000    0.08333      -     -    0s
     0     0    0.08333    0   56   -0.00000    0.08333      -     -    0s
     0     0    0.08333    0   37   -0.00000    0.08333      -     -    0s
     0     0    0.07143    0   47   -0.00000    0.07143      -     -    0s
     0     0    0.07143    0   54   -0.00000    0.07143      -     -    0s
     0     0    0.07143    0   63   -0.00000    0.07143      -     -    0s
     0     0    0.07143    0   60   -0.00000    0.07143      -     -    0s
     0     0    0.07143    0   66   -0.00000    0.07143      -     -    0s
     0     0    0.07143    0   52   -0.00000    0.07143      -     -    0s
     0     0    0.07143    0   50   -0.00000    0.07143      -     -    0s
     0     0    0.07143    0   58   -0.00000    0.07143      -     -    0s
     0     0    0.07143    0   47   -0.00000    0.07143      -     -    0s
     0     0    0.07143    0   47   -0.00000    0.07143      -     -    0s
     0     2    0.07143    0   47   -0.00000    0.07143      -     -    0s
*  592   642              89       0.0000001    0.06667      -  13.8    0s
*  627   642              92       0.0000002    0.06667      -  13.5    0s
*  628   642              92       0.0000002    0.06667      -  13.5    0s
H 1104   998                       0.0000002    0.06667      -  14.4    1s
H 1164  1003                       0.0000004    0.06667      -  16.4    1s
H 2930  1758                       0.0000005    0.05492      -  17.3    2s
H 4283  2672                       0.0000008    0.05354      -  18.1    2s
 11808  8664     cutoff   54         0.00000    0.04815      -  16.5    5s
H17291 11711                       0.0000008    0.04602      -  17.0    6s
 29174 20524    0.00549   46   51    0.00000    0.04506      -  17.4   10s
H36791 24577                       0.0000013    0.04431      -  17.7   11s
 42139 29133     cutoff   50         0.00000    0.04398      -  17.0   15s
 65215 45312    0.00000   76   21    0.00000    0.04265      -  17.8   20s
H65220 45312                       0.0000013    0.04265      -  17.8   20s
 78429 54228    0.00001   54   31    0.00000    0.04187      -  18.2   25s
 93551 64671    0.00000   89   48    0.00000    0.04138      -  19.1   30s
 112812 77894    0.00014   69   50    0.00000    0.04062      -  19.8   35s
 129754 89288    0.00002   64   49    0.00000    0.04016      -  20.2   40s
 145116 99112    0.01989   44   36    0.00000    0.03979      -  20.6   45s
 162178 110778    0.00001   69   45    0.00000    0.03939      -  21.0   50s
 179640 121919    0.00051   52   45    0.00000    0.03897      -  21.2   55s
 199174 134634    0.01068   42   53    0.00000    0.03857      -  21.4   60s
 216205 145574     cutoff   43         0.00000    0.03839      -  21.6   65s
 234775 157701    0.02794   37   53    0.00000    0.03806      -  21.7   70s
 249197 167066    0.00016   69   42    0.00000    0.03786      -  21.8   75s
 266790 178648     cutoff   62         0.00000    0.03760      -  21.9   80s
 285094 190194    0.00296   50   43    0.00000    0.03736      -  21.9   85s
 299593 199729    0.00638   38   52    0.00000    0.03721      -  22.0   90s
 316299 210796    0.00000   83   35    0.00000    0.03703      -  22.0   95s
 336750 224487    0.00000   90   28    0.00000    0.03684      -  22.1  100s
 346092 230398    0.00064   41   52    0.00000    0.03676      -  22.2  105s
 361024 240183     cutoff   40         0.00000    0.03663      -  22.2  110s
 381026 253301    0.00004   78   43    0.00000    0.03641      -  22.3  115s
 395152 262671    0.00034   55   50    0.00000    0.03630      -  22.3  120s
 405462 269089    0.01368   36   50    0.00000    0.03621      -  22.4  125s
 424975 281772    0.00797   41   54    0.00000    0.03605      -  22.4  130s
 436898 289169    0.00000   51   15    0.00000    0.03594      -  22.4  135s
 455742 301344    0.00015   55   50    0.00000    0.03580      -  22.4  141s
 471494 312069     cutoff   89         0.00000    0.03571      -  22.4  145s
 483424 319764    0.00191   42   44    0.00000    0.03564      -  22.4  150s
 504136 333194    0.00002   75   45    0.00000    0.03550      -  22.4  155s
 522406 345458    0.00015   64   45    0.00000    0.03540      -  22.5  160s
 539808 356537    0.00365   58   52    0.00000    0.03527      -  22.5  165s
 556037 366767    0.02076   30   57    0.00000    0.03516      -  22.5  170s
 577039 380389    0.00012   67   50    0.00000    0.03505      -  22.5  175s
 590504 388821     cutoff   73         0.00000    0.03497      -  22.5  180s
 604758 398010    0.00000   67   25    0.00000    0.03489      -  22.5  185s
 626111 411892    0.00036   65   37    0.00000    0.03478      -  22.5  190s
 638348 419916    0.00006   70   51    0.00000    0.03472      -  22.5  195s
 653144 429760    0.00002   81   44    0.00000    0.03464      -  22.5  200s
 673748 443141    0.01946   37   55    0.00000    0.03455      -  22.5  205s
 686507 451141    0.00789   36   38    0.00000    0.03447      -  22.5  210s
 701750 460591 infeasible   60         0.00000    0.03437      -  22.5  215s
 719774 472587    0.01253   43   51    0.00000    0.03428      -  22.5  220s
 734872 482327    0.00801   43   53    0.00000    0.03419      -  22.5  225s
 748512 491076     cutoff   66         0.00000    0.03413      -  22.5  230s
 766750 502810    0.01075   50   53    0.00000    0.03405      -  22.5  235s
 781236 511883    0.01281   37   51    0.00000    0.03398      -  22.5  240s
 798366 522586    0.00822   45   31    0.00000    0.03389      -  22.5  245s
 818838 535929    0.00001   80   50    0.00000    0.03381      -  22.5  250s
 836005 546326    0.01915   38   50    0.00000    0.03374      -  22.5  255s
 853349 557022    0.00023   52   37    0.00000    0.03367      -  22.5  260s
 868311 566734    0.00003   55   47    0.00000    0.03362      -  22.5  265s
 886702 578527    0.03065   34   56    0.00000    0.03355      -  22.5  270s
 895108 583838    0.00230   52   44    0.00000    0.03352      -  22.5  275s
 915402 596486    0.00000   97   35    0.00000    0.03346      -  22.5  281s
 928356 604541    0.00093   61   51    0.00000    0.03341      -  22.5  285s
 942133 613311     cutoff   44         0.00000    0.03336      -  22.6  290s
 962917 627211    0.00000  100   22    0.00000    0.03331      -  22.6  295s
 981998 639430    0.02085   34   59    0.00000    0.03325      -  22.6  300s
 997852 649293    0.00001   90   41    0.00000    0.03320      -  22.6  305s
 1009381 656603    0.00001   71   47    0.00000    0.03317      -  22.6  310s
 1030400 670447    0.00032   60   44    0.00000    0.03311      -  22.6  315s
 1047496 681698    0.01458   33   51    0.00000    0.03307      -  22.6  320s
 1063804 692323 infeasible   69         0.00000    0.03303      -  22.6  325s
 1082849 704231    0.01358   39   23    0.00000    0.03298      -  22.6  330s
 1100220 715023    0.00000   96   35    0.00000    0.03292      -  22.6  335s
 1117894 725517    0.02061   35   50    0.00000    0.03287      -  22.6  340s
 1132568 734322    0.00032   64   50    0.00000    0.03282      -  22.6  345s
 1150766 746162    0.00065   53   55    0.00000    0.03277      -  22.6  350s
 1166992 756688    0.01183   29   46    0.00000    0.03272      -  22.6  355s
 1183112 766288    0.00006   57   33    0.00000    0.03267      -  22.6  360s

Cutting planes:
  Gomory: 3
  Implied bound: 30
  MIR: 7
  Flow cover: 49
  Inf proof: 2
  RLT: 114
  Relax-and-lift: 24
  BQP: 27

Explored 1183271 nodes (26786077 simplex iterations) in 360.00 seconds (341.54 work units)
Thread count was 4 (of 4 available processors)

Solution count 10: 1.28888e-06 1.28878e-06 8.07907e-07 ... 1.04137e-07

Time limit reached
Best objective 1.288884656003e-06, best bound 3.267170551984e-02, gap 2534782.0290%
{"verdict": "UNRESOLVED", "status": "TIME_LIMIT", "runtime": 360.00221610069275, "objval": 1.2888846560032974e-06, "objbound": 0.03267170551984183, "binaries": 46}
