Set parameter NodefileStart to value 6
Read parameters from file gurobi.env
Restricted license - for non-production use only - expires 2027-11-29
Set parameter OutputFlag to value 1
Set parameter Threads to value 4
Set parameter TimeLimit to value 360
Set parameter MIPGap to value 5e-05
Set parameter MIPFocus to value 2
Set parameter NonConvex to value 2
Set parameter BestBdStop to value 2.7426211734693878e-02
Gurobi Optimizer version 13.0.3 build v13.0.3rc0 (linux64 - "Ubuntu 24.04.5 LTS")

CPU model: AMD EPYC 7763 64-Core Processor, instruction set [SSE2|AVX|AVX2]
Thread count: 2 physical cores, 4 logical processors, using up to 4 threads

Non-default parameters:
TimeLimit  360
BestBdStop  2.7426211734693878e-02
MIPGap  5e-05
MIPFocus  2
NodefileStart  6
NonConvex  2
Threads  4

Optimize a model with 125 rows, 95 columns and 686 nonzeros (Max)
Model fingerprint: 0xf6b24e98
Model has 1 linear objective coefficients
Model has 50 quadratic constraints
Variable types: 65 continuous, 30 integer (30 binary)
Coefficient statistics:
  Matrix range     [5e-01, 1e+00]
  QMatrix range    [1e+00, 1e+00]
  QLMatrix range   [1e+00, 1e+00]
  Objective range  [1e+00, 1e+00]
  Bounds range     [5e-01, 1e+00]
  RHS range        [1e+00, 1e+00]

Found heuristic solution: objective -0.0000000
Presolve time: 0.00s
Presolved: 325 rows, 96 columns, 1086 nonzeros
Presolved model has 50 bilinear constraint(s)

Solving non-convex MIQCP to global optimality

Variable types: 66 continuous, 30 integer (30 binary)
Root relaxation presolve removed 50 rows and 1 columns
Root relaxation presolved: 275 rows, 95 columns, 1036 nonzeros


Root relaxation: objective 1.000000e-01, 106 iterations, 0.00 seconds (0.00 work units)

    Nodes    |    Current Node    |     Objective Bounds      |     Work
 Expl Unexpl |  Obj  Depth IntInf | Incumbent    BestBd   Gap | It/Node Time

     0     0    0.10000    0   42   -0.00000    0.10000      -     -    0s
     0     0    0.07143    0   44   -0.00000    0.07143      -     -    0s
     0     0    0.07143    0   45   -0.00000    0.07143      -     -    0s
     0     0    0.07143    0   45   -0.00000    0.07143      -     -    0s
     0     0    0.07143    0   53   -0.00000    0.07143      -     -    0s
     0     0    0.07143    0   45   -0.00000    0.07143      -     -    0s
     0     0    0.07143    0   45   -0.00000    0.07143      -     -    0s
     0     0    0.07143    0   45   -0.00000    0.07143      -     -    0s
     0     2    0.07143    0   45   -0.00000    0.07143      -     -    0s
*  813   757             112       0.0000000    0.06743      -  17.0    0s
*  815   757             113       0.0000000    0.06743      -  17.0    0s
H 1190   968                       0.0000001    0.06743      -  15.9    1s
* 1706  1255              82       0.0000002    0.05079      -  17.8    1s
* 1731  1201              82       0.0000003    0.05079      -  17.6    1s
H 2534  1526                       0.0000003    0.03405      -  20.6    1s
H 3137  1741                       0.0000004    0.03113      -  23.0    1s
H 3189  1676                       0.0000005    0.03113      -  23.3    1s

Cutting planes:
  Gomory: 2
  RLT: 29
  BQP: 7

Explored 5482 nodes (125234 simplex iterations) in 2.52 seconds (1.91 work units)
Thread count was 4 (of 4 available processors)

Solution count 8: 4.83137e-07 4.00281e-07 2.96331e-07 ... -0

Optimization achieved user objective limit
Best objective 4.831367197873e-07, best bound 2.700020531830e-02, gap -
{"verdict": "PROVED", "status": "BOUND_REACHED", "runtime": 2.5179381370544434, "objval": 4.831367197873083e-07, "objbound": 0.02700020531830284, "binaries": 30}
