Set parameter NodefileStart to value 6
Read parameters from file gurobi.env
Restricted license - for non-production use only - expires 2027-11-29
Set parameter OutputFlag to value 1
Set parameter Threads to value 4
Set parameter TimeLimit to value 360
Set parameter MIPGap to value 5e-05
Set parameter MIPFocus to value 2
Set parameter NonConvex to value 2
Set parameter BestBdStop to value 2.7426211734693878e-02
Gurobi Optimizer version 13.0.3 build v13.0.3rc0 (linux64 - "Ubuntu 24.04.5 LTS")

CPU model: AMD EPYC 9V45 96-Core Processor, instruction set [SSE2|AVX|AVX2|AVX512]
Thread count: 2 physical cores, 4 logical processors, using up to 4 threads

Non-default parameters:
TimeLimit  360
BestBdStop  2.7426211734693878e-02
MIPGap  5e-05
MIPFocus  2
NodefileStart  6
NonConvex  2
Threads  4

Optimize a model with 141 rows, 111 columns and 810 nonzeros (Max)
Model fingerprint: 0x0d3a8378
Model has 1 linear objective coefficients
Model has 50 quadratic constraints
Variable types: 65 continuous, 46 integer (46 binary)
Coefficient statistics:
  Matrix range     [5e-01, 1e+00]
  QMatrix range    [1e+00, 1e+00]
  QLMatrix range   [1e+00, 1e+00]
  Objective range  [1e+00, 1e+00]
  Bounds range     [5e-01, 1e+00]
  RHS range        [1e+00, 1e+00]

Found heuristic solution: objective -0.0000000
Presolve time: 0.00s
Presolved: 341 rows, 112 columns, 1210 nonzeros
Presolved model has 50 bilinear constraint(s)

Solving non-convex MIQCP to global optimality

Variable types: 66 continuous, 46 integer (46 binary)
Root relaxation presolve removed 50 rows and 1 columns
Root relaxation presolved: 291 rows, 111 columns, 1160 nonzeros


Root relaxation: objective 8.333333e-02, 124 iterations, 0.00 seconds (0.00 work units)

    Nodes    |    Current Node    |     Objective Bounds      |     Work
 Expl Unexpl |  Obj  Depth IntInf | Incumbent    BestBd   Gap | It/Node Time

     0     0    0.08333    0   50   -0.00000    0.08333      -     -    0s
     0     0    0.07407    0   56   -0.00000    0.07407      -     -    0s
     0     0    0.07407    0   58   -0.00000    0.07407      -     -    0s
     0     0    0.06250    0   65   -0.00000    0.06250      -     -    0s
     0     0    0.06250    0   59   -0.00000    0.06250      -     -    0s
     0     0    0.06250    0   50   -0.00000    0.06250      -     -    0s
H    0     0                       0.0000001    0.06250      -     -    0s
H    0     0                       0.0000002    0.06250      -     -    0s
     0     0    0.06250    0   49    0.00000    0.06250      -     -    0s
     0     0    0.06250    0   55    0.00000    0.06250      -     -    0s
     0     0    0.06250    0   49    0.00000    0.06250      -     -    0s
     0     0    0.06250    0   60    0.00000    0.06250      -     -    0s
     0     0    0.06250    0   43    0.00000    0.06250      -     -    0s
     0     0    0.06250    0   44    0.00000    0.06250      -     -    0s
     0     0    0.06250    0   44    0.00000    0.06250      -     -    0s
     0     2    0.06250    0   44    0.00000    0.06250      -     -    0s
H 1241   994                       0.0000002    0.06250      -  19.0    1s
H 1255   953                       0.0000009    0.04216      -  18.8    1s
H 2307  1441                       0.0000009    0.04157      -  23.0    1s
H 6779  4647                       0.0000010    0.04157      -  23.2    2s
 23691 16679    0.01812   33   54    0.00000    0.04157      -  23.6    5s
 62168 41855     cutoff  129         0.00000    0.03918      -  23.1   10s
 106369 71189    0.00000   93   36    0.00000    0.03728      -  22.3   15s
 149682 100284    0.00391   48   50    0.00000    0.03618      -  21.8   20s
 189633 128813    0.00191   45   50    0.00000    0.03564      -  21.7   25s
 233945 158764     cutoff  117         0.00000    0.03506      -  21.7   30s
 278555 189175    0.00522   34   52    0.00000    0.03457      -  21.6   35s
 324491 219306    0.01177   44   52    0.00000    0.03411      -  21.4   40s
 371163 250770    0.02198   33   54    0.00000    0.03375      -  21.3   45s
 411569 278127    0.00741   35   52    0.00000    0.03347      -  21.3   50s
 451631 305715    0.02446   24   51    0.00000    0.03324      -  21.3   55s
 494400 334390     cutoff   55         0.00000    0.03301      -  21.2   60s
 540061 364380    0.00068   67   50    0.00000    0.03276      -  21.2   65s
 585851 394972    0.01391   43   52    0.00000    0.03252      -  21.1   70s
 629913 424780    0.00311   37   50    0.00000    0.03232      -  21.2   75s
 677647 456898    0.00484   44   50    0.00000    0.03211      -  21.1   80s
 725633 488494    0.00000   87   32    0.00000    0.03194      -  21.0   85s
 770431 518943     cutoff   48         0.00000    0.03177      -  21.0   90s
 818911 550496     cutoff   58         0.00000    0.03160      -  20.9   95s
 866065 581337 infeasible   48         0.00000    0.03144      -  20.9  100s
 912326 612298    0.00007   69   39    0.00000    0.03129      -  21.0  105s
 957201 641435    0.01221   37   51    0.00000    0.03115      -  20.9  110s
 1000583 669751    0.02269   30   55    0.00000    0.03102      -  20.9  115s
 1050896 702286     cutoff  149         0.00000    0.03087      -  20.9  120s
 1096974 733037    0.00255   44   50    0.00000    0.03076      -  20.9  125s
 1142045 763039    0.00001  115   44    0.00000    0.03065      -  20.9  130s
 1186972 792114    0.00746   43   51    0.00000    0.03054      -  20.8  135s
 1230447 820050    0.00000   96   35    0.00000    0.03043      -  20.8  140s
 1277276 850260    0.00003   96   44    0.00000    0.03032      -  20.8  145s
 1325406 882375    0.02348   36   54    0.00000    0.03023      -  20.8  150s
 1369455 912292    0.00548   41   50    0.00000    0.03014      -  20.8  155s
 1416681 943587    0.00894   45   43    0.00000    0.03005      -  20.8  160s
 1463552 974332    0.00000  109   33    0.00000    0.02996      -  20.7  165s
 1506869 1004494    0.00001  146   41    0.00000    0.02988      -  20.7  170s
 1552232 1034662    0.00000  106   27    0.00000    0.02980      -  20.7  175s
H1556243 1037507                       0.0000010    0.02979      -  20.7  175s
 1595270 1064076    0.00011   81   50    0.00000    0.02973      -  20.7  180s
 1643224 1096017    0.00037   67   50    0.00000    0.02966      -  20.7  185s
*1675727 1116411             150       0.0000010    0.02962      -  20.7  189s
 1677662 1118047    0.00000   86   34    0.00000    0.02962      -  20.7  190s
 1725615 1150224    0.02831   31   55    0.00000    0.02955      -  20.7  195s
 1775237 1182374    0.01645   46   51    0.00000    0.02948      -  20.7  200s
 1819763 1211885    0.01755   46   50    0.00000    0.02942      -  20.7  205s
 1867174 1244390    0.00000   53   37    0.00000    0.02936      -  20.7  210s
 1909499 1272296    0.00265   60   50    0.00000    0.02930      -  20.7  215s
 1955664 1303607     cutoff  129         0.00000    0.02924      -  20.7  220s
 2003165 1336135    0.00000  117   40    0.00000    0.02918      -  20.7  225s
 2052235 1369854    0.02096   34   54    0.00000    0.02912      -  20.7  230s
 2094165 1397520     cutoff   49         0.00000    0.02907      -  20.6  235s
 2143091 1431100    0.01202   38   51    0.00000    0.02902      -  20.6  240s
 2189975 1463356    0.00000   71   35    0.00000    0.02897      -  20.6  245s
 2237316 1494654    0.00000  136   40    0.00000    0.02892      -  20.6  250s
 2277778 1520413    0.00484   44   50    0.00000    0.02886      -  20.6  255s
 2324141 1551302    0.00345   44   50    0.00000    0.02881      -  20.5  260s
 2371825 1582915    0.00059   66   45    0.00000    0.02876      -  20.5  265s
 2418324 1614556    0.00269   39   45    0.00000    0.02871      -  20.5  270s
 2463286 1646714    0.00134   44   51    0.00000    0.02867      -  20.5  275s
 2504101 1674018    0.01721   47   51    0.00000    0.02864      -  20.5  280s
 2553060 1707041    0.01111   36   51    0.00000    0.02860      -  20.5  285s
*2573478 1720645             163       0.0000010    0.02858      -  20.5  287s
*2573483 1720018             163       0.0000010    0.02858      -  20.5  287s
 2590415 1731827    0.00100   62   50    0.00000    0.02857      -  20.5  290s
 2637829 1762085    0.01336   46   43    0.00000    0.02853      -  20.5  295s
 2661674 1777540    0.01451   44   43    0.00000    0.02851      -  20.5  300s
 2696270 1801608    0.00074   57   43    0.00000    0.02849      -  20.5  305s
 2742017 1832040     cutoff  125         0.00000    0.02845      -  20.5  310s
 2790659 1864005    0.00013   58   54    0.00000    0.02841      -  20.5  315s
 2812281 1878283    0.00046   67   50    0.00000    0.02840      -  20.5  320s
 2860651 1911900    0.00000  108   43    0.00000    0.02836      -  20.5  325s
 2909369 1945212    0.00774   51   50    0.00000    0.02833      -  20.5  330s
 2957224 1976694    0.00016   81   51    0.00000    0.02830      -  20.5  335s
 3001994 2005956     cutoff   50         0.00000    0.02826      -  20.5  340s
 3049549 2037088    0.00002   70   47    0.00000    0.02823      -  20.5  345s
 3096787 2069337    0.00533   45   39    0.00000    0.02820      -  20.5  350s
 3144271 2099542     cutoff   94         0.00000    0.02817      -  20.5  355s
 3191855 2131299    0.00210   55   50    0.00000    0.02814      -  20.5  360s

Cutting planes:
  Gomory: 6
  Implied bound: 5
  MIR: 5
  Flow cover: 13
  RLT: 69
  Relax-and-lift: 4
  BQP: 16

Explored 3192016 nodes (65521678 simplex iterations) in 360.00 seconds (598.57 work units)
Thread count was 4 (of 4 available processors)

Solution count 10: 1.0137e-06 1.00362e-06 9.99822e-07 ... -0

Time limit reached
Best objective 1.013697302538e-06, best bound 2.813647896416e-02, gap 2775529.2627%
{"verdict": "UNRESOLVED", "status": "TIME_LIMIT", "runtime": 360.0016770362854, "objval": 1.0136973025379088e-06, "objbound": 0.02813647896415911, "binaries": 46}
