Set parameter NodefileStart to value 6
Read parameters from file gurobi.env
Restricted license - for non-production use only - expires 2027-11-29
Set parameter OutputFlag to value 1
Set parameter Threads to value 4
Set parameter TimeLimit to value 360
Set parameter MIPGap to value 5e-05
Set parameter MIPFocus to value 2
Set parameter NonConvex to value 2
Set parameter BestBdStop to value 2.7426211734693878e-02
Gurobi Optimizer version 13.0.3 build v13.0.3rc0 (linux64 - "Ubuntu 24.04.5 LTS")

CPU model: INTEL(R) XEON(R) PLATINUM 8573C, instruction set [SSE2|AVX|AVX2|AVX512]
Thread count: 2 physical cores, 4 logical processors, using up to 4 threads

Non-default parameters:
TimeLimit  360
BestBdStop  2.7426211734693878e-02
MIPGap  5e-05
MIPFocus  2
NodefileStart  6
NonConvex  2
Threads  4

Optimize a model with 129 rows, 99 columns and 714 nonzeros (Max)
Model fingerprint: 0x5eea0c5d
Model has 1 linear objective coefficients
Model has 50 quadratic constraints
Variable types: 65 continuous, 34 integer (34 binary)
Coefficient statistics:
  Matrix range     [5e-01, 1e+00]
  QMatrix range    [1e+00, 1e+00]
  QLMatrix range   [1e+00, 1e+00]
  Objective range  [1e+00, 1e+00]
  Bounds range     [5e-01, 1e+00]
  RHS range        [1e+00, 1e+00]

Found heuristic solution: objective -0.0000000
Presolve time: 0.00s
Presolved: 329 rows, 100 columns, 1114 nonzeros
Presolved model has 50 bilinear constraint(s)

Solving non-convex MIQCP to global optimality

Variable types: 66 continuous, 34 integer (34 binary)
Root relaxation presolve removed 50 rows and 1 columns
Root relaxation presolved: 279 rows, 99 columns, 1064 nonzeros


Root relaxation: objective 7.500000e-02, 131 iterations, 0.00 seconds (0.00 work units)

    Nodes    |    Current Node    |     Objective Bounds      |     Work
 Expl Unexpl |  Obj  Depth IntInf | Incumbent    BestBd   Gap | It/Node Time

     0     0    0.07500    0   56   -0.00000    0.07500      -     -    0s
     0     0    0.04167    0   51   -0.00000    0.04167      -     -    0s
     0     0    0.03571    0   55   -0.00000    0.03571      -     -    0s
     0     0    0.03488    0   56   -0.00000    0.03488      -     -    0s
     0     0    0.03488    0   64   -0.00000    0.03488      -     -    0s
     0     0    0.03365    0   60   -0.00000    0.03365      -     -    0s
     0     0    0.03272    0   58   -0.00000    0.03272      -     -    0s
     0     0    0.03272    0   58   -0.00000    0.03272      -     -    0s
     0     0    0.03256    0   56   -0.00000    0.03256      -     -    0s
     0     0    0.03218    0   57   -0.00000    0.03218      -     -    0s
     0     0    0.03218    0   57   -0.00000    0.03218      -     -    0s
     0     0    0.03218    0   57   -0.00000    0.03218      -     -    0s
     0     2    0.03218    0   57   -0.00000    0.03218      -     -    0s
H  138   155                       0.0000000    0.03218      -  31.8    0s
H  247   253                       0.0000000    0.03218      -  34.0    0s
H  352   334                       0.0000000    0.03218      -  33.9    0s
*  531   503              86       0.0000000    0.03180      -  29.4    0s
*  534   503              88       0.0000000    0.03180      -  29.2    0s
*  537   503              89       0.0000000    0.03180      -  29.1    0s
* 1103   866              95       0.0000001    0.03171      -  24.5    1s
H 1230   890                       0.0000002    0.02981      -  24.6    1s

Cutting planes:
  Gomory: 2
  MIR: 1
  Flow cover: 2
  RLT: 38
  Relax-and-lift: 2
  BQP: 7

Explored 1231 nodes (31037 simplex iterations) in 1.33 seconds (0.77 work units)
Thread count was 4 (of 4 available processors)

Solution count 9: 2.38468e-07 1.00359e-07 4.84326e-08 ... -0

Optimization achieved user objective limit
Best objective 2.384679595735e-07, best bound 2.470714772139e-02, gap -
{"verdict": "PROVED", "status": "BOUND_REACHED", "runtime": 1.3318450450897217, "objval": 2.3846795957349626e-07, "objbound": 0.024707147721391983, "binaries": 34}
