Set parameter NodefileStart to value 6
Read parameters from file gurobi.env
Restricted license - for non-production use only - expires 2027-11-29
Set parameter OutputFlag to value 1
Set parameter Threads to value 4
Set parameter TimeLimit to value 360
Set parameter MIPGap to value 5e-05
Set parameter MIPFocus to value 2
Set parameter NonConvex to value 2
Set parameter BestBdStop to value 2.7426211734693878e-02
Gurobi Optimizer version 13.0.3 build v13.0.3rc0 (linux64 - "Ubuntu 24.04.5 LTS")

CPU model: AMD EPYC 9V45 96-Core Processor, instruction set [SSE2|AVX|AVX2|AVX512]
Thread count: 2 physical cores, 4 logical processors, using up to 4 threads

Non-default parameters:
TimeLimit  360
BestBdStop  2.7426211734693878e-02
MIPGap  5e-05
MIPFocus  2
NodefileStart  6
NonConvex  2
Threads  4

Optimize a model with 125 rows, 95 columns and 686 nonzeros (Max)
Model fingerprint: 0x83c2494b
Model has 1 linear objective coefficients
Model has 50 quadratic constraints
Variable types: 65 continuous, 30 integer (30 binary)
Coefficient statistics:
  Matrix range     [5e-01, 1e+00]
  QMatrix range    [1e+00, 1e+00]
  QLMatrix range   [1e+00, 1e+00]
  Objective range  [1e+00, 1e+00]
  Bounds range     [5e-01, 1e+00]
  RHS range        [1e+00, 1e+00]

Found heuristic solution: objective -0.0000000
Presolve time: 0.00s
Presolved: 325 rows, 96 columns, 1086 nonzeros
Presolved model has 50 bilinear constraint(s)

Solving non-convex MIQCP to global optimality

Variable types: 66 continuous, 30 integer (30 binary)
Root relaxation presolve removed 50 rows and 1 columns
Root relaxation presolved: 275 rows, 95 columns, 1036 nonzeros


Root relaxation: objective 7.692308e-02, 101 iterations, 0.00 seconds (0.00 work units)

    Nodes    |    Current Node    |     Objective Bounds      |     Work
 Expl Unexpl |  Obj  Depth IntInf | Incumbent    BestBd   Gap | It/Node Time

     0     0    0.07692    0   44   -0.00000    0.07692      -     -    0s
     0     0    0.07143    0   53   -0.00000    0.07143      -     -    0s
     0     0    0.06667    0   52   -0.00000    0.06667      -     -    0s
     0     0    0.06032    0   50   -0.00000    0.06032      -     -    0s
     0     0    0.06032    0   52   -0.00000    0.06032      -     -    0s
     0     0    0.06032    0   48   -0.00000    0.06032      -     -    0s
     0     0    0.06032    0   52   -0.00000    0.06032      -     -    0s
     0     0    0.06032    0   52   -0.00000    0.06032      -     -    0s
     0     0    0.06032    0   52   -0.00000    0.06032      -     -    0s
     0     0    0.06032    0   53   -0.00000    0.06032      -     -    0s
     0     0    0.06032    0   53   -0.00000    0.06032      -     -    0s
     0     0    0.06032    0   53   -0.00000    0.06032      -     -    0s
     0     0    0.06032    0   53   -0.00000    0.06032      -     -    0s
     0     2    0.06032    0   53   -0.00000    0.06032      -     -    0s
H  408   358                       0.0000000    0.05882      -  29.1    0s
*  556   480              79       0.0000001    0.05556      -  28.9    0s
*  558   480              80       0.0000002    0.05556      -  28.8    0s
*  970   873             102       0.0000004    0.05293      -  31.0    0s
H 1226   935                       0.0000005    0.05270      -  29.4    0s
H 1231   891                       0.0000006    0.04164      -  29.2    0s
* 1814  1194              85       0.0000012    0.04163      -  29.0    1s
* 1818  1150              85       0.0000012    0.04163      -  28.9    1s
H15415 11192                       0.0000015    0.03875      -  22.2    3s
H20467 14443                       0.0000016    0.03753      -  22.8    3s
 29188 20890    0.00144   47   44    0.00000    0.03577      -  24.3    5s
*36136 25909             125       0.0000016    0.03519      -  24.3    6s
*53862 38227             118       0.0000016    0.03423      -  24.1    8s
*65728 45492              60       0.0000019    0.03353      -  24.0    9s
 70858 49223    0.01030   34   50    0.00000    0.03341      -  23.9   10s
 110321 75772    0.01332   41   52    0.00000    0.03231      -  24.2   15s
*153587 105553             130       0.0000019    0.03156      -  24.0   19s
 153788 105556    0.00000  107    8    0.00000    0.03156      -  24.0   20s
 191844 130947 infeasible   28         0.00000    0.03093      -  24.2   25s
 236428 161329    0.00112   48   53    0.00000    0.03035      -  23.8   30s
*274411 187543              87       0.0000020    0.03001      -  23.7   34s
*274417 187027              90       0.0000021    0.03001      -  23.7   34s
*274420 186939              90       0.0000021    0.03001      -  23.7   34s
 277533 189059    0.00004   55   43    0.00000    0.02997      -  23.7   35s
 321949 218927    0.01250   35   50    0.00000    0.02955      -  23.6   40s
H322126 218475                       0.0000022    0.02955      -  23.6   40s
 360168 243724    0.00200   51   45    0.00000    0.02925      -  23.7   45s
*390772 264124              86       0.0000022    0.02904      -  23.6   48s
*390773 263083              86       0.0000023    0.02904      -  23.6   48s
*399594 268149              88       0.0000025    0.02899      -  23.6   49s
 400394 268717    0.01266   36   43    0.00000    0.02898      -  23.5   50s
 440461 296184    0.00000  105   10    0.00000    0.02873      -  23.7   55s
 480425 322904    0.00011   56   25    0.00000    0.02849      -  23.7   60s
 520401 349556    0.00144   47   42    0.00000    0.02826      -  23.7   65s
 561761 375868    0.00090   48   50    0.00000    0.02801      -  23.7   70s
 602300 401632    0.00656   42   44    0.00000    0.02781      -  23.8   75s
 643119 427923    0.01507   32   50    0.00000    0.02762      -  23.7   80s
 683656 455074    0.00050   71   21    0.00000    0.02746      -  23.8   85s

Cutting planes:
  Gomory: 2
  Implied bound: 5
  MIR: 2
  Flow cover: 8
  Inf proof: 1
  RLT: 61
  BQP: 33

Explored 692422 nodes (16469629 simplex iterations) in 85.91 seconds (137.61 work units)
Thread count was 4 (of 4 available processors)

Solution count 10: 2.54507e-06 2.54507e-06 2.34447e-06 ... 1.89447e-06

Optimization achieved user objective limit
Best objective 2.545066307859e-06, best bound 2.742408488304e-02, gap 1077439.1116%
{"verdict": "PROVED", "status": "BOUND_REACHED", "runtime": 85.90761280059814, "objval": 2.54506630785948e-06, "objbound": 0.027424084883035032, "binaries": 30}
