Set parameter NodefileStart to value 6
Read parameters from file gurobi.env
Restricted license - for non-production use only - expires 2027-11-29
Set parameter OutputFlag to value 1
Set parameter Threads to value 4
Set parameter TimeLimit to value 360
Set parameter MIPGap to value 5e-05
Set parameter MIPFocus to value 2
Set parameter NonConvex to value 2
Set parameter BestBdStop to value 2.7426211734693878e-02
Gurobi Optimizer version 13.0.3 build v13.0.3rc0 (linux64 - "Ubuntu 24.04.5 LTS")

CPU model: AMD EPYC 9V45 96-Core Processor, instruction set [SSE2|AVX|AVX2|AVX512]
Thread count: 2 physical cores, 4 logical processors, using up to 4 threads

Non-default parameters:
TimeLimit  360
BestBdStop  2.7426211734693878e-02
MIPGap  5e-05
MIPFocus  2
NodefileStart  6
NonConvex  2
Threads  4

Optimize a model with 149 rows, 119 columns and 871 nonzeros (Max)
Model fingerprint: 0x8a95d166
Model has 1 linear objective coefficients
Model has 50 quadratic constraints
Variable types: 65 continuous, 54 integer (54 binary)
Coefficient statistics:
  Matrix range     [5e-01, 1e+00]
  QMatrix range    [1e+00, 1e+00]
  QLMatrix range   [1e+00, 1e+00]
  Objective range  [1e+00, 1e+00]
  Bounds range     [5e-01, 1e+00]
  RHS range        [1e+00, 1e+00]

Found heuristic solution: objective -0.0000000
Presolve time: 0.00s
Presolved: 349 rows, 120 columns, 1271 nonzeros
Presolved model has 50 bilinear constraint(s)

Solving non-convex MIQCP to global optimality

Variable types: 66 continuous, 54 integer (54 binary)
Found heuristic solution: objective 0.0000000
Root relaxation presolve removed 50 rows and 1 columns
Root relaxation presolved: 299 rows, 119 columns, 1221 nonzeros


Root relaxation: objective 8.333333e-02, 127 iterations, 0.00 seconds (0.00 work units)

    Nodes    |    Current Node    |     Objective Bounds      |     Work
 Expl Unexpl |  Obj  Depth IntInf | Incumbent    BestBd   Gap | It/Node Time

     0     0    0.08333    0   56    0.00000    0.08333      -     -    0s
     0     0    0.08333    0   75    0.00000    0.08333      -     -    0s
     0     0    0.08333    0   74    0.00000    0.08333      -     -    0s
H    0     0                       0.0000002    0.08333      -     -    0s
     0     0    0.08333    0   68    0.00000    0.08333      -     -    0s
     0     0    0.08333    0   40    0.00000    0.08333      -     -    0s
     0     0    0.08333    0   39    0.00000    0.08333      -     -    0s
     0     0    0.08333    0   44    0.00000    0.08333      -     -    0s
     0     0    0.08333    0   57    0.00000    0.08333      -     -    0s
     0     0    0.08333    0   52    0.00000    0.08333      -     -    0s
     0     0    0.08333    0   52    0.00000    0.08333      -     -    0s
     0     2    0.08333    0   52    0.00000    0.08333      -     -    0s
H   14    52                       0.0000005    0.08333      -  36.3    0s
H 1724  1289                       0.0035693    0.07399  1973%  24.6    1s
H 1757  1303                       0.0035693    0.07155  1905%  24.3    1s
H 1833  1148                       0.0063447    0.07155  1028%  23.7    1s
H 1880  1117                       0.0063447    0.07155  1028%  23.5    1s
H 1902  1068                       0.0063454    0.07155  1028%  23.3    1s
* 2004  1028             125       0.0063669    0.07155  1024%  23.1    1s
* 2014   989             125       0.0063671    0.07155  1024%  23.0    1s
H 3093  1344                       0.0067300    0.06162   816%  23.8    1s
H 3168  1160                       0.0089711    0.06162   587%  23.5    1s
* 3635  1223              97       0.0143637    0.06161   329%  24.9    1s
* 3636  1223              97       0.0143638    0.06161   329%  24.8    1s
H 4742  1350                       0.0179799    0.06109   240%  28.2    1s
H 4743  1350                       0.0180150    0.06109   239%  28.2    1s
H 4746  1295                       0.0186241    0.06109   228%  28.2    1s
H 4768  1324                       0.0186241    0.06109   228%  28.1    1s
H 5854  1474                       0.0207017    0.05584   170%  30.7    2s
H 5856  1460                       0.0209061    0.05584   167%  30.7    2s
H 5857  1441                       0.0212628    0.05584   163%  30.7    2s
H10831  2595                       0.0213616    0.05083   138%  32.6    3s
H10832  2595                       0.0213906    0.05083   138%  32.6    3s
H10835  2594                       0.0214169    0.05083   137%  32.6    3s
 17809  4450    0.04550   26   60    0.02142    0.04665   118%  32.2    5s
H23991  5775                       0.0214229    0.04550   112%  31.4    6s
 39131  9525    0.03041   30   63    0.02142    0.04283   100%  30.4   10s
 66106 14748     cutoff   33         0.02142    0.04045  88.8%  29.9   15s
 93784 19206    0.02452   30   48    0.02142    0.03921  83.0%  29.7   20s
 121010 23232    0.02681   33   52    0.02142    0.03812  77.9%  30.9   25s
 148441 26888     cutoff   37         0.02142    0.03721  73.7%  32.0   30s
 174266 29763     cutoff   36         0.02142    0.03641  70.0%  32.6   35s
 198722 32426    0.03219   36   58    0.02142    0.03575  66.9%  33.1   40s
 225861 35140    0.03015   27   47    0.02142    0.03504  63.6%  33.4   45s
H242524 36487                       0.0214232    0.03461  61.6%  33.5   48s
 249400 37117     cutoff   43         0.02142    0.03444  60.8%  33.6   50s
H251014 37257                       0.0214232    0.03440  60.6%  33.6   50s
 274741 39227     cutoff   31         0.02142    0.03389  58.2%  33.7   55s
 301618 41597     cutoff   37         0.02142    0.03335  55.7%  33.9   60s
 329737 44001     cutoff   36         0.02142    0.03294  53.7%  33.9   65s
 353629 45615    0.02487   34   57    0.02142    0.03256  52.0%  34.0   70s
 380879 47339     cutoff   39         0.02142    0.03214  50.0%  34.0   75s
 408735 49699    0.02591   53   30    0.02142    0.03177  48.3%  34.0   80s
H420295 45820                       0.0224903    0.03161  40.5%  33.9   82s
H434070 46278                       0.0224903    0.03140  39.6%  33.8   84s
 435023 46274     cutoff   35         0.02249    0.03138  39.5%  33.8   85s
H435123 46274                       0.0224903    0.03138  39.5%  33.8   85s
 459760 47549     cutoff   39         0.02249    0.03105  38.1%  33.7   90s
 487230 48882     cutoff   37         0.02249    0.03070  36.5%  33.5   95s
 516180 49858    0.02580   38   58    0.02249    0.03037  35.0%  33.4  100s
H523291 50118                       0.0224903    0.03028  34.6%  33.3  101s
 538170 50752     cutoff   32         0.02249    0.03013  34.0%  33.3  105s
 566561 51862     cutoff   42         0.02249    0.02986  32.8%  33.1  110s
 592398 52983     cutoff   38         0.02249    0.02965  31.8%  32.9  115s
 623368 54312    0.02940   26   54    0.02249    0.02943  30.9%  32.7  120s
 653699 55346    0.02304   36   52    0.02249    0.02921  29.9%  32.5  125s
 679525 56322     cutoff   47         0.02249    0.02902  29.0%  32.3  130s
 708918 57390    0.02747   67   20    0.02249    0.02883  28.2%  32.1  135s
 739549 58329     cutoff   28         0.02249    0.02863  27.3%  31.9  140s
 768679 59147 infeasible   32         0.02249    0.02845  26.5%  31.8  145s
 799537 60264    0.02390   40   54    0.02249    0.02827  25.7%  31.6  150s
 830420 61451    0.02352   45   55    0.02249    0.02812  25.0%  31.3  155s
 861723 62299     cutoff   37         0.02249    0.02795  24.3%  31.1  160s
 891545 63543    0.02293   43   55    0.02249    0.02782  23.7%  31.0  165s
 921962 64692    0.02501   34   63    0.02249    0.02770  23.2%  30.8  170s
 946901 65409     cutoff   39         0.02249    0.02759  22.7%  30.6  175s
 978242 66574     cutoff   33         0.02249    0.02747  22.1%  30.4  180s

Cutting planes:
  Gomory: 55
  Lift-and-project: 5
  Implied bound: 22
  MIR: 10
  Flow cover: 86
  Inf proof: 77
  RLT: 118
  Relax-and-lift: 32
  BQP: 35

Explored 989910 nodes (30052362 simplex iterations) in 181.80 seconds (316.06 work units)
Thread count was 4 (of 4 available processors)

Solution count 10: 0.0224903 0.0214232 0.0214229 ... 0.0186241

Optimization achieved user objective limit
Best objective 2.249034058906e-02, best bound 2.742575924428e-02, gap 21.9446%
{"verdict": "PROVED", "status": "BOUND_REACHED", "runtime": 181.80323815345764, "objval": 0.02249034058906143, "objbound": 0.027425759244280222, "binaries": 54}
