Set parameter NodefileStart to value 6
Read parameters from file gurobi.env
Restricted license - for non-production use only - expires 2027-11-29
Set parameter OutputFlag to value 1
Set parameter Threads to value 4
Set parameter TimeLimit to value 360
Set parameter MIPGap to value 5e-05
Set parameter MIPFocus to value 2
Set parameter NonConvex to value 2
Set parameter BestBdStop to value 2.7426211734693878e-02
Gurobi Optimizer version 13.0.3 build v13.0.3rc0 (linux64 - "Ubuntu 24.04.5 LTS")

CPU model: AMD EPYC 7763 64-Core Processor, instruction set [SSE2|AVX|AVX2]
Thread count: 2 physical cores, 4 logical processors, using up to 4 threads

Non-default parameters:
TimeLimit  360
BestBdStop  2.7426211734693878e-02
MIPGap  5e-05
MIPFocus  2
NodefileStart  6
NonConvex  2
Threads  4

Optimize a model with 141 rows, 111 columns and 810 nonzeros (Max)
Model fingerprint: 0x723b34f0
Model has 1 linear objective coefficients
Model has 50 quadratic constraints
Variable types: 65 continuous, 46 integer (46 binary)
Coefficient statistics:
  Matrix range     [5e-01, 1e+00]
  QMatrix range    [1e+00, 1e+00]
  QLMatrix range   [1e+00, 1e+00]
  Objective range  [1e+00, 1e+00]
  Bounds range     [5e-01, 1e+00]
  RHS range        [1e+00, 1e+00]

Found heuristic solution: objective -0.0000000
Presolve time: 0.00s
Presolved: 341 rows, 112 columns, 1210 nonzeros
Presolved model has 50 bilinear constraint(s)

Solving non-convex MIQCP to global optimality

Variable types: 66 continuous, 46 integer (46 binary)
Root relaxation presolve removed 50 rows and 1 columns
Root relaxation presolved: 291 rows, 111 columns, 1160 nonzeros


Root relaxation: objective 8.333333e-02, 105 iterations, 0.00 seconds (0.00 work units)

    Nodes    |    Current Node    |     Objective Bounds      |     Work
 Expl Unexpl |  Obj  Depth IntInf | Incumbent    BestBd   Gap | It/Node Time

     0     0    0.08333    0   44   -0.00000    0.08333      -     -    0s
     0     0    0.06250    0   68   -0.00000    0.06250      -     -    0s
     0     0    0.06250    0   55   -0.00000    0.06250      -     -    0s
     0     0    0.06250    0   46   -0.00000    0.06250      -     -    0s
H    0     0                       0.0000000    0.06250      -     -    0s
H    0     0                       0.0000000    0.06250      -     -    0s
H    0     0                       0.0000001    0.06250      -     -    0s
     0     0    0.06250    0   46    0.00000    0.06250      -     -    0s
     0     0    0.06250    0   54    0.00000    0.06250      -     -    0s
     0     0    0.06250    0   66    0.00000    0.06250      -     -    0s
     0     0    0.06250    0   60    0.00000    0.06250      -     -    0s
     0     0    0.06250    0   49    0.00000    0.06250      -     -    0s
     0     0    0.06250    0   48    0.00000    0.06250      -     -    0s
     0     0    0.06250    0   51    0.00000    0.06250      -     -    0s
     0     0    0.06250    0   51    0.00000    0.06250      -     -    0s
     0     2    0.06250    0   51    0.00000    0.06250      -     -    0s
H 1204   958                       0.0000003    0.06250      -  25.4    1s
H 5009  3103                       0.0000004    0.04025      -  30.8    3s
 10680  7401    0.00315   36   55    0.00000    0.03722      -  30.1    5s
*13133  8588              90       0.0000004    0.03562      -  29.6    5s
*15075  9802              75       0.0000004    0.03475      -  29.3    5s
*15165  9763              74       0.0000005    0.03475      -  29.3    5s
H17061 11328                       0.0000005    0.03386      -  29.2    6s
*17599 11610              95       0.0000006    0.03352      -  29.2    6s
 29092 18867    0.01346   35   45    0.00000    0.03039      -  28.5   10s
 48744 30631    0.00031   31   42    0.00000    0.02820      -  27.8   15s
*51577 32162              90       0.0000006    0.02806      -  27.9   15s
H51734 31669                       0.0000009    0.02806      -  27.9   15s

Cutting planes:
  Gomory: 15
  Implied bound: 7
  MIR: 5
  Flow cover: 17
  RLT: 78
  Relax-and-lift: 7
  BQP: 12

Explored 60862 nodes (1713807 simplex iterations) in 18.40 seconds (16.78 work units)
Thread count was 4 (of 4 available processors)

Solution count 10: 9.48705e-07 6.48223e-07 5.94752e-07 ... 4.64841e-09

Optimization achieved user objective limit
Best objective 9.487051996650e-07, best bound 2.741039696630e-02, gap -
{"verdict": "PROVED", "status": "BOUND_REACHED", "runtime": 18.397066116333008, "objval": 9.487051996650361e-07, "objbound": 0.027410396966299693, "binaries": 46}
