Set parameter NodefileStart to value 6
Read parameters from file gurobi.env
Restricted license - for non-production use only - expires 2027-11-29
Set parameter OutputFlag to value 1
Set parameter Threads to value 4
Set parameter TimeLimit to value 360
Set parameter MIPGap to value 5e-05
Set parameter MIPFocus to value 2
Set parameter NonConvex to value 2
Set parameter BestBdStop to value 2.7426211734693878e-02
Gurobi Optimizer version 13.0.3 build v13.0.3rc0 (linux64 - "Ubuntu 24.04.5 LTS")

CPU model: AMD EPYC 7763 64-Core Processor, instruction set [SSE2|AVX|AVX2]
Thread count: 2 physical cores, 4 logical processors, using up to 4 threads

Non-default parameters:
TimeLimit  360
BestBdStop  2.7426211734693878e-02
MIPGap  5e-05
MIPFocus  2
NodefileStart  6
NonConvex  2
Threads  4

Optimize a model with 133 rows, 103 columns and 742 nonzeros (Max)
Model fingerprint: 0x56b9feeb
Model has 1 linear objective coefficients
Model has 50 quadratic constraints
Variable types: 65 continuous, 38 integer (38 binary)
Coefficient statistics:
  Matrix range     [5e-01, 1e+00]
  QMatrix range    [1e+00, 1e+00]
  QLMatrix range   [1e+00, 1e+00]
  Objective range  [1e+00, 1e+00]
  Bounds range     [5e-01, 1e+00]
  RHS range        [1e+00, 1e+00]

Found heuristic solution: objective -0.0000000
Presolve time: 0.00s
Presolved: 333 rows, 104 columns, 1142 nonzeros
Presolved model has 50 bilinear constraint(s)

Solving non-convex MIQCP to global optimality

Variable types: 66 continuous, 38 integer (38 binary)
Root relaxation presolve removed 66 rows and 9 columns
Root relaxation presolved: 267 rows, 95 columns, 996 nonzeros


Root relaxation: objective 1.000000e-01, 104 iterations, 0.00 seconds (0.00 work units)

    Nodes    |    Current Node    |     Objective Bounds      |     Work
 Expl Unexpl |  Obj  Depth IntInf | Incumbent    BestBd   Gap | It/Node Time

     0     0    0.10000    0   46   -0.00000    0.10000      -     -    0s
     0     0    0.08333    0   54   -0.00000    0.08333      -     -    0s
     0     0    0.06250    0   61   -0.00000    0.06250      -     -    0s
     0     0    0.06250    0   50   -0.00000    0.06250      -     -    0s
     0     0    0.06250    0   48   -0.00000    0.06250      -     -    0s
     0     0    0.06250    0   44   -0.00000    0.06250      -     -    0s
     0     0    0.06250    0   43   -0.00000    0.06250      -     -    0s
     0     0    0.06250    0   50   -0.00000    0.06250      -     -    0s
     0     0    0.06250    0   43   -0.00000    0.06250      -     -    0s
     0     0    0.06250    0   45   -0.00000    0.06250      -     -    0s
     0     0    0.06250    0   44   -0.00000    0.06250      -     -    0s
     0     0    0.06250    0   44   -0.00000    0.06250      -     -    0s
     0     0    0.06250    0   44   -0.00000    0.06250      -     -    0s
     0     2    0.06250    0   44   -0.00000    0.06250      -     -    0s
* 1101   973              96       0.0000001    0.05691      -  23.6    0s
H 1118   926                       0.0000005    0.05691      -  23.4    1s
* 2053  1360             118       0.0000005    0.03816      -  20.8    1s
H 3083  1790                       0.0000005    0.03816      -  21.2    2s
H12252  8220                       0.0000007    0.03171      -  22.2    4s
 13554  9340    0.02726   28   56    0.00000    0.03092      -  21.8    5s
 33477 22970    0.00482   46   37    0.00000    0.02872      -  21.5   10s
 55139 36623     cutoff   46         0.00000    0.02776      -  21.7   15s

Cutting planes:
  Gomory: 5
  Implied bound: 4
  MIR: 3
  Flow cover: 11
  RLT: 58
  Relax-and-lift: 1
  BQP: 9

Explored 59420 nodes (1296421 simplex iterations) in 16.09 seconds (16.37 work units)
Thread count was 4 (of 4 available processors)

Solution count 6: 6.9237e-07 5.26113e-07 5.22164e-07 ... -0

Optimization achieved user objective limit
Best objective 6.923698559367e-07, best bound 2.741821786337e-02, gap -
{"verdict": "PROVED", "status": "BOUND_REACHED", "runtime": 16.08939790725708, "objval": 6.923698559366902e-07, "objbound": 0.027418217863369933, "binaries": 38}
