Set parameter NodefileStart to value 6
Read parameters from file gurobi.env
Restricted license - for non-production use only - expires 2027-11-29
Set parameter OutputFlag to value 1
Set parameter Threads to value 4
Set parameter TimeLimit to value 360
Set parameter MIPGap to value 5e-05
Set parameter MIPFocus to value 2
Set parameter NonConvex to value 2
Set parameter BestBdStop to value 2.7426211734693878e-02
Gurobi Optimizer version 13.0.3 build v13.0.3rc0 (linux64 - "Ubuntu 24.04.5 LTS")

CPU model: AMD EPYC 7763 64-Core Processor, instruction set [SSE2|AVX|AVX2]
Thread count: 2 physical cores, 4 logical processors, using up to 4 threads

Non-default parameters:
TimeLimit  360
BestBdStop  2.7426211734693878e-02
MIPGap  5e-05
MIPFocus  2
NodefileStart  6
NonConvex  2
Threads  4

Optimize a model with 141 rows, 111 columns and 810 nonzeros (Max)
Model fingerprint: 0x42d65d17
Model has 1 linear objective coefficients
Model has 50 quadratic constraints
Variable types: 65 continuous, 46 integer (46 binary)
Coefficient statistics:
  Matrix range     [5e-01, 1e+00]
  QMatrix range    [1e+00, 1e+00]
  QLMatrix range   [1e+00, 1e+00]
  Objective range  [1e+00, 1e+00]
  Bounds range     [5e-01, 1e+00]
  RHS range        [1e+00, 1e+00]

Found heuristic solution: objective -0.0000000
Presolve time: 0.00s
Presolved: 341 rows, 112 columns, 1210 nonzeros
Presolved model has 50 bilinear constraint(s)

Solving non-convex MIQCP to global optimality

Variable types: 66 continuous, 46 integer (46 binary)
Root relaxation presolve removed 50 rows and 1 columns
Root relaxation presolved: 291 rows, 111 columns, 1160 nonzeros


Root relaxation: objective 8.333333e-02, 117 iterations, 0.00 seconds (0.00 work units)

    Nodes    |    Current Node    |     Objective Bounds      |     Work
 Expl Unexpl |  Obj  Depth IntInf | Incumbent    BestBd   Gap | It/Node Time

     0     0    0.08333    0   47   -0.00000    0.08333      -     -    0s
     0     0    0.07143    0   63   -0.00000    0.07143      -     -    0s
     0     0    0.07143    0   52   -0.00000    0.07143      -     -    0s
     0     0    0.07143    0   60   -0.00000    0.07143      -     -    0s
H    0     0                       0.0000002    0.07143      -     -    0s
     0     0    0.06900    0   60    0.00000    0.06900      -     -    0s
     0     0    0.06848    0   65    0.00000    0.06848      -     -    0s
     0     0    0.06848    0   63    0.00000    0.06848      -     -    0s
     0     0    0.06836    0   56    0.00000    0.06836      -     -    0s
     0     0    0.06836    0   45    0.00000    0.06836      -     -    0s
     0     0    0.06836    0   62    0.00000    0.06836      -     -    0s
     0     0    0.06836    0   55    0.00000    0.06836      -     -    0s
     0     0    0.06815    0   59    0.00000    0.06815      -     -    0s
     0     0    0.06815    0   50    0.00000    0.06815      -     -    0s
     0     0    0.06815    0   54    0.00000    0.06815      -     -    0s
     0     0    0.06815    0   57    0.00000    0.06815      -     -    0s
     0     0    0.06815    0   56    0.00000    0.06815      -     -    0s
     0     0    0.06801    0   56    0.00000    0.06801      -     -    0s
     0     0    0.06796    0   56    0.00000    0.06796      -     -    0s
     0     2    0.06796    0   56    0.00000    0.06796      -     -    0s
H 1160   984                       0.0000002    0.06796      -  27.1    1s
H 1307  1042                       0.0000002    0.06796      -  28.4    2s
* 1889  1307             105       0.0000006    0.06796      -  22.7    2s
* 1895  1260             105       0.0000007    0.06796      -  22.6    2s
H 2951  1605                       0.0000013    0.05529      -  22.5    2s
 11298  7986    0.00811   43   52    0.00000    0.04714      -  21.8    5s
 31118 20824    0.00519   42   45    0.00000    0.04226      -  22.3   10s
 51542 33107    0.00086   45   44    0.00000    0.04016      -  22.8   15s
 72478 46466     cutoff   69         0.00000    0.03916      -  22.8   20s
 94823 59630    0.00001   71   43    0.00000    0.03830      -  23.0   25s
 116421 72585    0.01189   34   44    0.00000    0.03745      -  22.8   30s
 137675 85388    0.00055   52   50    0.00000    0.03679      -  22.9   35s
 156211 96422    0.00031   55   50    0.00000    0.03625      -  22.9   40s
 177529 108673     cutoff   38         0.00000    0.03568      -  22.9   45s
 198151 120030    0.00000   87   23    0.00000    0.03519      -  23.0   50s
 220264 132972    0.00004   61   41    0.00000    0.03476      -  23.0   55s
 241762 145105    0.00001   51   43    0.00000    0.03440      -  23.0   60s
 263104 156760    0.03163   31   57    0.00000    0.03396      -  23.0   65s
 282248 168510    0.00112   54   43    0.00000    0.03370      -  23.0   70s
 304188 180856    0.00540   36   43    0.00000    0.03336      -  23.0   75s
 325174 193457    0.00003   49   31    0.00000    0.03304      -  23.0   80s
 346153 205567    0.02568   36   53    0.00000    0.03277      -  23.0   85s
 367837 218349    0.02103   33   50    0.00000    0.03252      -  23.0   90s
 388647 230471    0.00719   45   50    0.00000    0.03229      -  23.0   95s
 408627 242293     cutoff   67         0.00000    0.03211      -  23.0  100s
 429407 253889    0.00005   63   56    0.00000    0.03190      -  23.0  105s
 450949 266513    0.00000   84   33    0.00000    0.03171      -  23.0  110s
 471290 278353    0.02863   37   52    0.00000    0.03155      -  23.0  115s
 490372 288930    0.00833   37   57    0.00000    0.03145      -  23.0  120s
 507731 299511 infeasible   47         0.00000    0.03132      -  23.0  125s
 524570 309310    0.01964   37   51    0.00000    0.03122      -  23.0  130s
 544645 320182    0.00020   57   50    0.00000    0.03104      -  23.0  135s
 566099 332367    0.00001   82   44    0.00000    0.03087      -  23.0  140s
 587241 344383    0.00573   41   50    0.00000    0.03072      -  23.0  145s
 607826 355329    0.00920   37   50    0.00000    0.03059      -  23.0  150s
 630387 367896    0.01014   39   44    0.00000    0.03045      -  23.0  155s
 648300 377835     cutoff   38         0.00000    0.03035      -  23.0  160s
 669566 389768    0.00002   80   43    0.00000    0.03022      -  23.0  165s
 690947 402033    0.00052   44   43    0.00000    0.03008      -  23.0  170s
 713954 414624    0.00222   43   50    0.00000    0.02993      -  23.0  175s
 734695 426663     cutoff   42         0.00000    0.02983      -  23.0  180s
 755403 439060    0.01735   32   44    0.00000    0.02973      -  23.0  185s
 774319 450501    0.00035   54   39    0.00000    0.02964      -  23.0  190s
 795529 462926    0.00090   42   52    0.00000    0.02956      -  23.0  195s
 818061 476152     cutoff   55         0.00000    0.02946      -  23.0  200s
 838738 488301    0.00297   47   52    0.00000    0.02936      -  23.0  205s
 859889 500653    0.00009   58   26    0.00000    0.02926      -  23.0  210s
 880304 512109    0.00037   39   43    0.00000    0.02918      -  23.0  215s
 900763 523574    0.00533   42   53    0.00000    0.02910      -  23.0  220s
 921874 535445    0.00076   40   36    0.00000    0.02901      -  23.0  225s
 943366 548669    0.00001   71   42    0.00000    0.02894      -  22.9  230s
 963934 560503    0.01123   35   52    0.00000    0.02887      -  22.9  235s
 986698 573459    0.00025   64   50    0.00000    0.02879      -  22.9  240s
 1002415 582742     cutoff   46         0.00000    0.02875      -  23.0  245s
 1020195 592502     cutoff   80         0.00000    0.02867      -  23.0  250s
 1038479 602235    0.00005   68   50    0.00000    0.02860      -  23.0  255s
 1060356 614912    0.02832   33   51    0.00000    0.02851      -  23.0  260s
 1077081 623978     cutoff   39         0.00000    0.02845      -  23.0  265s
 1097393 635025    0.02523   32   54    0.00000    0.02837      -  23.0  270s
 1116776 645576    0.00572   38   51    0.00000    0.02830      -  23.0  275s
 1137443 657171    0.00049   51   43    0.00000    0.02822      -  23.0  280s
 1157607 668989    0.00860   39   50    0.00000    0.02815      -  23.0  285s
 1178473 680480    0.00000   81   35    0.00000    0.02808      -  23.0  290s
 1200687 692726    0.00522   44   51    0.00000    0.02801      -  23.0  295s
 1221640 704296     cutoff   52         0.00000    0.02794      -  22.9  300s
 1239504 714452     cutoff   38         0.00000    0.02789      -  22.9  305s
 1259890 726216    0.01315   35   50    0.00000    0.02783      -  23.0  310s
 1282571 738433    0.00420   45   51    0.00000    0.02776      -  22.9  315s
 1303609 750247    0.00043   53   50    0.00000    0.02771      -  22.9  320s
 1325058 763453     cutoff   58         0.00000    0.02765      -  22.9  325s
 1346448 775584    0.01225   36   50    0.00000    0.02759      -  22.9  330s
 1366959 786567    0.00000   52   13    0.00000    0.02752      -  22.9  335s
 1387938 798888    0.00042   41   36    0.00000    0.02747      -  22.9  340s

Cutting planes:
  Gomory: 3
  Lift-and-project: 1
  Implied bound: 5
  MIR: 2
  Flow cover: 4
  RLT: 57
  Relax-and-lift: 1
  BQP: 29

Explored 1406652 nodes (32215237 simplex iterations) in 344.36 seconds (368.52 work units)
Thread count was 4 (of 4 available processors)

Solution count 5: 1.29837e-06 7.44271e-07 6.28057e-07 ... -0

Optimization achieved user objective limit
Best objective 1.298367119710e-06, best bound 2.742518532146e-02, gap 2112182.7978%
{"verdict": "PROVED", "status": "BOUND_REACHED", "runtime": 344.360121011734, "objval": 1.2983671197099034e-06, "objbound": 0.027425185321455055, "binaries": 46}
