Set parameter NodefileStart to value 6
Read parameters from file gurobi.env
Restricted license - for non-production use only - expires 2027-11-29
Set parameter OutputFlag to value 1
Set parameter Threads to value 4
Set parameter TimeLimit to value 360
Set parameter MIPGap to value 5e-05
Set parameter MIPFocus to value 2
Set parameter NonConvex to value 2
Set parameter BestBdStop to value 2.7426211734693878e-02
Gurobi Optimizer version 13.0.3 build v13.0.3rc0 (linux64 - "Ubuntu 24.04.5 LTS")

CPU model: AMD EPYC 7763 64-Core Processor, instruction set [SSE2|AVX|AVX2]
Thread count: 2 physical cores, 4 logical processors, using up to 4 threads

Non-default parameters:
TimeLimit  360
BestBdStop  2.7426211734693878e-02
MIPGap  5e-05
MIPFocus  2
NodefileStart  6
NonConvex  2
Threads  4

Optimize a model with 153 rows, 123 columns and 897 nonzeros (Max)
Model fingerprint: 0x499ef9b2
Model has 1 linear objective coefficients
Model has 50 quadratic constraints
Variable types: 65 continuous, 58 integer (58 binary)
Coefficient statistics:
  Matrix range     [5e-01, 1e+00]
  QMatrix range    [1e+00, 1e+00]
  QLMatrix range   [1e+00, 1e+00]
  Objective range  [1e+00, 1e+00]
  Bounds range     [5e-01, 1e+00]
  RHS range        [1e+00, 1e+00]

Found heuristic solution: objective -0.0000000
Presolve time: 0.00s
Presolved: 353 rows, 124 columns, 1297 nonzeros
Presolved model has 50 bilinear constraint(s)

Solving non-convex MIQCP to global optimality

Variable types: 66 continuous, 58 integer (58 binary)
Root relaxation presolve removed 50 rows and 1 columns
Root relaxation presolved: 303 rows, 123 columns, 1247 nonzeros


Root relaxation: objective 8.333333e-02, 110 iterations, 0.00 seconds (0.00 work units)

    Nodes    |    Current Node    |     Objective Bounds      |     Work
 Expl Unexpl |  Obj  Depth IntInf | Incumbent    BestBd   Gap | It/Node Time

     0     0    0.08333    0   49   -0.00000    0.08333      -     -    0s
H    0     0                       0.0000000    0.08333      -     -    0s
     0     0    0.07143    0   57    0.00000    0.07143      -     -    0s
     0     0    0.07143    0   66    0.00000    0.07143      -     -    0s
     0     0    0.07143    0   51    0.00000    0.07143      -     -    0s
     0     0    0.07143    0   44    0.00000    0.07143      -     -    0s
     0     0    0.07143    0   42    0.00000    0.07143      -     -    0s
     0     0    0.07143    0   43    0.00000    0.07143      -     -    0s
     0     0    0.07143    0   43    0.00000    0.07143      -     -    0s
     0     2    0.07143    0   43    0.00000    0.07143      -     -    0s
H   51    72                       0.0000006    0.07143      -  21.6    0s
H 1146   934                       0.0062253    0.05755   824%  20.7    1s
H 1617  1130                       0.0115860    0.05613   384%  23.3    1s
H 1769  1121                       0.0128934    0.05613   335%  22.4    1s
H 1927   989                       0.0137913    0.05613   307%  21.6    1s
H 2007   988                       0.0137950    0.05613   307%  21.7    1s
H 2126  1014                       0.0137950    0.05613   307%  22.3    1s
H 2147   969                       0.0138658    0.05613   305%  22.3    1s
H 2201   978                       0.0143040    0.05613   292%  22.2    1s
H 2558  1051                       0.0146330    0.05613   284%  23.0    2s
H 2825  1091                       0.0151199    0.05613   271%  23.6    2s
H 3078  1088                       0.0159810    0.05613   251%  24.1    2s
H 4151  1528                       0.0169326    0.05613   232%  25.0    2s
H 4321  1558                       0.0170515    0.05613   229%  25.0    2s
H 4716  1726                       0.0171239    0.05551   224%  25.7    2s
H 5735  1973                       0.0182896    0.05313   191%  26.9    3s
H 6906  2417                       0.0184114    0.05213   183%  28.0    3s
H 9162  3190                       0.0184115    0.05053   174%  28.9    4s
H10408  3537                       0.0185208    0.04945   167%  29.1    4s
 10418  4072    0.04397   28   67    0.01852    0.04944   167%  29.1    5s
H15122  4880                       0.0185208    0.04708   154%  30.4    6s
H17839  5470                       0.0185267    0.04569   147%  30.6    7s
H20616  5204                       0.0228986    0.04491  96.1%  30.6    8s
H21702  5529                       0.0228986    0.04462  94.9%  30.6    9s
 26017  6363    0.02303   45   59    0.02290    0.04353  90.1%  30.9   10s
 43620  9894 infeasible   36         0.02290    0.04056  77.1%  30.9   15s
 65585 14746    0.03037   41   47    0.02290    0.03903  70.4%  30.5   20s
 87618 20021     cutoff   42         0.02290    0.03814  66.6%  30.1   25s
 109621 24619    0.02422   43   46    0.02290    0.03746  63.6%  30.0   30s
 131806 29041    0.03148   38   54    0.02290    0.03699  61.5%  29.9   35s
 153698 33995    0.03477   37   57    0.02290    0.03658  59.7%  29.7   40s
 176793 38887    0.02372   98   31    0.02290    0.03625  58.3%  29.4   45s
 198717 43098    0.02575   41   54    0.02290    0.03592  56.8%  29.1   50s
 221542 47637     cutoff   42         0.02290    0.03561  55.5%  28.9   55s
H228118 48097                       0.0232022    0.03552  53.1%  28.9   56s
H228138 48094                       0.0232022    0.03552  53.1%  28.9   56s
 238663 50160    0.02345   39   47    0.02320    0.03539  52.5%  28.8   60s
 261843 54006    0.02457   42   55    0.02320    0.03512  51.4%  28.7   65s
 284832 57853    0.03482   43   50    0.02320    0.03487  50.3%  28.5   70s
 307512 61412     cutoff   53         0.02320    0.03465  49.3%  28.4   75s
 330560 65008 infeasible   47         0.02320    0.03443  48.4%  28.2   80s
 353331 68826    0.02397   44   38    0.02320    0.03423  47.5%  28.2   85s
 372968 72044    0.02619   42   57    0.02320    0.03406  46.8%  28.1   90s
 394481 75522    0.02471   43   54    0.02320    0.03395  46.3%  28.2   95s
 415529 78450    0.02699   51   50    0.02320    0.03382  45.8%  28.3  100s
 435208 81432     cutoff   37         0.02320    0.03369  45.2%  28.3  105s
 458538 85022    0.02395   39   41    0.02320    0.03355  44.6%  28.2  110s
 480369 88428     cutoff   44         0.02320    0.03340  44.0%  28.1  115s
 503880 91419    0.02381   51   51    0.02320    0.03327  43.4%  28.0  120s
 526704 95059    0.02331   44   57    0.02320    0.03315  42.9%  27.9  125s
 545093 97517    0.02322   45   52    0.02320    0.03306  42.5%  27.8  130s
 568104 100588    0.02733   35   59    0.02320    0.03295  42.0%  27.8  135s
 591386 103487    0.02626   46   44    0.02320    0.03282  41.5%  27.7  140s
 614684 106642    0.02499   38   51    0.02320    0.03272  41.0%  27.6  145s
 638364 109500    0.02453   49   60    0.02320    0.03262  40.6%  27.6  150s
 661628 112648     cutoff   40         0.02320    0.03253  40.2%  27.5  155s
 684854 115437     cutoff   42         0.02320    0.03243  39.8%  27.5  160s
 707990 118081     cutoff   40         0.02320    0.03233  39.4%  27.4  165s
 731947 120938    0.02407   32   59    0.02320    0.03224  38.9%  27.4  170s
 750091 123439    0.02749   42   46    0.02320    0.03217  38.7%  27.3  175s
 773700 125936    0.02336   43   55    0.02320    0.03208  38.3%  27.3  180s
 797023 128562    0.02644   38   59    0.02320    0.03199  37.9%  27.2  185s
 820216 131306 infeasible   54         0.02320    0.03192  37.6%  27.2  190s
 844384 133789    0.02495   42   54    0.02320    0.03183  37.2%  27.1  195s
 867971 136271     cutoff   47         0.02320    0.03175  36.8%  27.0  200s
 891451 138906    0.02422   43   32    0.02320    0.03168  36.5%  27.0  205s
 915081 141402     cutoff   41         0.02320    0.03160  36.2%  26.9  210s
 938335 144055     cutoff   41         0.02320    0.03153  35.9%  26.9  215s
 961806 146468    0.02329   54   47    0.02320    0.03146  35.6%  26.8  220s
 982472 148849     cutoff   44         0.02320    0.03140  35.3%  26.8  225s
 1001888 150581    0.02702   43   41    0.02320    0.03134  35.1%  26.7  230s
 1025773 153308     cutoff   39         0.02320    0.03127  34.8%  26.7  235s
 1049538 155683    0.02478   47   52    0.02320    0.03120  34.5%  26.6  240s
 1073529 158079    0.02981   40   50    0.02320    0.03114  34.2%  26.6  245s
 1096070 160434    0.02466   40   58    0.02320    0.03108  33.9%  26.6  250s
 1120835 162906    0.02430   57   54    0.02320    0.03101  33.6%  26.5  255s
 1144084 165212    0.02997   42   46    0.02320    0.03095  33.4%  26.5  260s
 1167130 167194    0.02653   33   53    0.02320    0.03089  33.1%  26.4  265s
 1190377 169472     cutoff   45         0.02320    0.03084  32.9%  26.4  270s
 1213941 171662     cutoff   46         0.02320    0.03077  32.6%  26.4  275s
 1238273 173935    0.03064   36   59    0.02320    0.03071  32.4%  26.3  280s
 1257780 175872 infeasible   48         0.02320    0.03066  32.2%  26.3  285s
 1282166 178138     cutoff   37         0.02320    0.03061  31.9%  26.2  290s
 1304872 180089    0.02827   41   56    0.02320    0.03055  31.7%  26.2  295s
 1328007 182167    0.02385   45   57    0.02320    0.03050  31.5%  26.2  300s
 1352033 184189    0.02693   44   48    0.02320    0.03045  31.2%  26.1  305s
 1375628 186311    0.03039   35   57    0.02320    0.03040  31.0%  26.1  310s
 1399500 188356     cutoff   47         0.02320    0.03035  30.8%  26.1  315s
 1422906 190756    0.02574   35   52    0.02320    0.03030  30.6%  26.0  320s
 1446833 192758     cutoff   47         0.02320    0.03025  30.4%  26.0  325s
 1466726 194444     cutoff   47         0.02320    0.03022  30.2%  26.0  330s
 1491213 196497     cutoff   52         0.02320    0.03016  30.0%  25.9  335s
 1514640 198483    0.02514   35   46    0.02320    0.03012  29.8%  25.9  340s
 1538035 200443 infeasible   46         0.02320    0.03008  29.6%  25.9  345s
 1558556 201959    0.02609   46   45    0.02320    0.03004  29.5%  25.9  350s
 1581668 203850    0.02919   43   50    0.02320    0.03000  29.3%  25.8  355s
 1605509 205702    0.02515   41   51    0.02320    0.02996  29.1%  25.8  360s

Cutting planes:
  Gomory: 3
  Implied bound: 17
  MIR: 4
  Flow cover: 20
  RLT: 119
  Relax-and-lift: 8
  BQP: 24

Explored 1605558 nodes (41435949 simplex iterations) in 360.00 seconds (382.37 work units)
Thread count was 4 (of 4 available processors)

Solution count 10: 0.0232022 0.0228986 0.0185267 ... 0.015981

Time limit reached
Best objective 2.320216136292e-02, best bound 2.995503983055e-02, gap 29.1045%
{"verdict": "UNRESOLVED", "status": "TIME_LIMIT", "runtime": 360.00183391571045, "objval": 0.023202161362920505, "objbound": 0.029955039830554114, "binaries": 58}
