Set parameter NodefileStart to value 6
Read parameters from file gurobi.env
Restricted license - for non-production use only - expires 2027-11-29
Set parameter OutputFlag to value 1
Set parameter Threads to value 4
Set parameter TimeLimit to value 360
Set parameter MIPGap to value 5e-05
Set parameter MIPFocus to value 2
Set parameter NonConvex to value 2
Set parameter BestBdStop to value 2.7426211734693878e-02
Gurobi Optimizer version 13.0.3 build v13.0.3rc0 (linux64 - "Ubuntu 24.04.5 LTS")

CPU model: AMD EPYC 7763 64-Core Processor, instruction set [SSE2|AVX|AVX2]
Thread count: 2 physical cores, 4 logical processors, using up to 4 threads

Non-default parameters:
TimeLimit  360
BestBdStop  2.7426211734693878e-02
MIPGap  5e-05
MIPFocus  2
NodefileStart  6
NonConvex  2
Threads  4

Optimize a model with 141 rows, 111 columns and 810 nonzeros (Max)
Model fingerprint: 0x8d912e60
Model has 1 linear objective coefficients
Model has 50 quadratic constraints
Variable types: 65 continuous, 46 integer (46 binary)
Coefficient statistics:
  Matrix range     [5e-01, 1e+00]
  QMatrix range    [1e+00, 1e+00]
  QLMatrix range   [1e+00, 1e+00]
  Objective range  [1e+00, 1e+00]
  Bounds range     [5e-01, 1e+00]
  RHS range        [1e+00, 1e+00]

Found heuristic solution: objective -0.0000000
Presolve time: 0.00s
Presolved: 341 rows, 112 columns, 1210 nonzeros
Presolved model has 50 bilinear constraint(s)

Solving non-convex MIQCP to global optimality

Variable types: 66 continuous, 46 integer (46 binary)
Root relaxation presolve removed 50 rows and 1 columns
Root relaxation presolved: 291 rows, 111 columns, 1160 nonzeros


Root relaxation: objective 8.333333e-02, 121 iterations, 0.00 seconds (0.00 work units)

    Nodes    |    Current Node    |     Objective Bounds      |     Work
 Expl Unexpl |  Obj  Depth IntInf | Incumbent    BestBd   Gap | It/Node Time

     0     0    0.08333    0   50   -0.00000    0.08333      -     -    0s
     0     0    0.07407    0   68   -0.00000    0.07407      -     -    0s
     0     0    0.06250    0   53   -0.00000    0.06250      -     -    0s
     0     0    0.06250    0   53   -0.00000    0.06250      -     -    0s
     0     0    0.05882    0   67   -0.00000    0.05882      -     -    0s
     0     0    0.05556    0   58   -0.00000    0.05556      -     -    0s
     0     0    0.05556    0   63   -0.00000    0.05556      -     -    0s
     0     0    0.05556    0   57   -0.00000    0.05556      -     -    0s
     0     0    0.05556    0   67   -0.00000    0.05556      -     -    0s
     0     0    0.05556    0   67   -0.00000    0.05556      -     -    0s
     0     0    0.05556    0   65   -0.00000    0.05556      -     -    0s
     0     0    0.05556    0   50   -0.00000    0.05556      -     -    0s
     0     0    0.05556    0   52   -0.00000    0.05556      -     -    0s
     0     0    0.05556    0   55   -0.00000    0.05556      -     -    0s
     0     0    0.05556    0   62   -0.00000    0.05556      -     -    0s
     0     0    0.05556    0   62   -0.00000    0.05556      -     -    0s
     0     0    0.05556    0   50   -0.00000    0.05556      -     -    0s
     0     0    0.05556    0   50   -0.00000    0.05556      -     -    0s
     0     2    0.05556    0   50   -0.00000    0.05556      -     -    0s
H  417   413                       0.0000000    0.05420      -  22.3    0s
*  667   595              89       0.0000001    0.05420      -  18.5    0s
H 1023   888                       0.0000001    0.05420      -  21.6    0s
H 1152   922                       0.0000002    0.05420      -  21.4    1s
H 1152   876                       0.0000006    0.05420      -  21.4    1s
H 1421  1023                       0.0000007    0.04750      -  23.6    1s
H 4290  2732                       0.0000007    0.04546      -  21.8    2s
H 8261  5599                       0.0000008    0.03779      -  28.1    3s
 12530  8803    0.00000   70   33    0.00000    0.03662      -  28.7    5s
 30693 20393    0.00000   78   29    0.00000    0.03289      -  30.0   10s
 45792 29820    0.01407   38   56    0.00000    0.03142      -  30.4   15s
 64216 41992    0.00073   37   32    0.00000    0.03067      -  30.7   20s
 82128 53437     cutoff   56         0.00000    0.03000      -  31.1   25s
 101566 67463    0.00401   42   51    0.00000    0.02961      -  30.6   30s
 119774 78926     cutoff   45         0.00000    0.02917      -  30.5   35s
 138329 90250    0.00974   37   50    0.00000    0.02876      -  30.5   40s
 157482 101766    0.00000   90   39    0.00000    0.02839      -  30.5   45s
 173172 111544    0.00002   80   38    0.00000    0.02819      -  30.5   50s
 191333 122880    0.00065   46   52    0.00000    0.02795      -  30.6   55s
 209314 133834    0.01561   38   44    0.00000    0.02769      -  30.6   60s
 227005 145257    0.00156   56   43    0.00000    0.02752      -  30.8   65s

Cutting planes:
  Gomory: 11
  Implied bound: 24
  MIR: 10
  Mixing: 1
  Flow cover: 42
  Inf proof: 1
  RLT: 114
  Relax-and-lift: 16
  BQP: 17

Explored 239269 nodes (7407612 simplex iterations) in 68.51 seconds (69.31 work units)
Thread count was 4 (of 4 available processors)

Solution count 8: 8.39439e-07 7.23419e-07 6.08455e-07 ... -0

Optimization achieved user objective limit
Best objective 8.394391591005e-07, best bound 2.740538210708e-02, gap -
{"verdict": "PROVED", "status": "BOUND_REACHED", "runtime": 68.5135178565979, "objval": 8.394391591004526e-07, "objbound": 0.02740538210707727, "binaries": 46}
