Set parameter NodefileStart to value 6
Read parameters from file gurobi.env
Restricted license - for non-production use only - expires 2027-11-29
Set parameter OutputFlag to value 1
Set parameter Threads to value 4
Set parameter TimeLimit to value 360
Set parameter MIPGap to value 5e-05
Set parameter MIPFocus to value 2
Set parameter NonConvex to value 2
Set parameter BestBdStop to value 2.7426211734693878e-02
Gurobi Optimizer version 13.0.3 build v13.0.3rc0 (linux64 - "Ubuntu 24.04.5 LTS")

CPU model: AMD EPYC 7763 64-Core Processor, instruction set [SSE2|AVX|AVX2]
Thread count: 2 physical cores, 4 logical processors, using up to 4 threads

Non-default parameters:
TimeLimit  360
BestBdStop  2.7426211734693878e-02
MIPGap  5e-05
MIPFocus  2
NodefileStart  6
NonConvex  2
Threads  4

Optimize a model with 141 rows, 111 columns and 810 nonzeros (Max)
Model fingerprint: 0xa6f461df
Model has 1 linear objective coefficients
Model has 50 quadratic constraints
Variable types: 65 continuous, 46 integer (46 binary)
Coefficient statistics:
  Matrix range     [5e-01, 1e+00]
  QMatrix range    [1e+00, 1e+00]
  QLMatrix range   [1e+00, 1e+00]
  Objective range  [1e+00, 1e+00]
  Bounds range     [5e-01, 1e+00]
  RHS range        [1e+00, 1e+00]

Found heuristic solution: objective -0.0000000
Presolve time: 0.00s
Presolved: 341 rows, 112 columns, 1210 nonzeros
Presolved model has 50 bilinear constraint(s)

Solving non-convex MIQCP to global optimality

Variable types: 66 continuous, 46 integer (46 binary)
Found heuristic solution: objective 0.0000000
Root relaxation presolve removed 50 rows and 1 columns
Root relaxation presolved: 291 rows, 111 columns, 1160 nonzeros


Root relaxation: objective 8.333333e-02, 150 iterations, 0.00 seconds (0.00 work units)

    Nodes    |    Current Node    |     Objective Bounds      |     Work
 Expl Unexpl |  Obj  Depth IntInf | Incumbent    BestBd   Gap | It/Node Time

     0     0    0.08333    0   48    0.00000    0.08333      -     -    0s
     0     0    0.07143    0   50    0.00000    0.07143      -     -    0s
     0     0    0.07143    0   61    0.00000    0.07143      -     -    0s
     0     0    0.07143    0   58    0.00000    0.07143      -     -    0s
H    0     0                       0.0000001    0.07143      -     -    0s
     0     0    0.07143    0   57    0.00000    0.07143      -     -    0s
     0     0    0.07143    0   44    0.00000    0.07143      -     -    0s
     0     0    0.07143    0   44    0.00000    0.07143      -     -    0s
     0     2    0.07143    0   44    0.00000    0.07143      -     -    0s
H   16    32                       0.0000003    0.06768      -  34.8    0s
H   71    92                       0.0000003    0.06768      -  21.8    0s
H   86    92                       0.0000004    0.06768      -  18.8    0s
H 1119   967                       0.0000005    0.06674      -  22.3    0s
H 1128   924                       0.0000008    0.05992      -  22.1    1s
H 1191   927                       0.0000009    0.05992      -  24.3    1s
 13041  9334    0.02534   29   54    0.00000    0.05510      -  25.7    5s
 33504 24314     cutoff   62         0.00000    0.05122      -  26.0   10s
 52364 37325    0.00423   38   56    0.00000    0.04825      -  25.5   15s
 72775 51764     cutoff   52         0.00000    0.04667      -  26.2   20s
 92692 65449    0.00006   62   32    0.00000    0.04537      -  26.2   25s
 113551 79621     cutoff   62         0.00000    0.04439      -  26.5   30s
 134318 93820    0.00397   39   50    0.00000    0.04365      -  26.7   35s
 153415 106904    0.00788   36   43    0.00000    0.04279      -  27.0   40s
 172972 119897    0.00589   44   44    0.00000    0.04232      -  27.0   45s
 192369 132723    0.00203   43   53    0.00000    0.04181      -  27.2   50s
 209984 145072    0.00740   37   54    0.00000    0.04140      -  27.3   55s
 228565 157733    0.00039   66   50    0.00000    0.04101      -  27.3   60s
 249697 172347    0.00004  108   25    0.00000    0.04064      -  27.3   65s
 270280 186173    0.00002   97   32    0.00000    0.04027      -  27.3   70s
 290684 199702    0.00048   57   51    0.00000    0.03984      -  27.3   75s
 309866 212624    0.00023   61   52    0.00000    0.03958      -  27.3   80s
 330890 225322    0.00000   66   32    0.00000    0.03920      -  27.3   85s
 346564 235687    0.03172   28   53    0.00000    0.03903      -  27.3   90s
 365817 248974    0.02002   30   45    0.00000    0.03882      -  27.3   95s
 386768 263061    0.00000   71   25    0.00000    0.03857      -  27.3  100s
 402756 273706    0.00563   39   51    0.00000    0.03833      -  27.3  105s
 419856 285564    0.00108   53   52    0.00000    0.03815      -  27.4  110s
 438809 297440    0.00013   67   50    0.00000    0.03795      -  27.3  115s
 459384 311367    0.00060   55   26    0.00000    0.03771      -  27.4  120s
 478325 323518    0.00304   49   50    0.00000    0.03751      -  27.4  125s
 497554 335746    0.01801   38   51    0.00000    0.03729      -  27.4  130s
 518230 349871    0.00016   67   50    0.00000    0.03712      -  27.4  135s
 536208 361484    0.00001   65   49    0.00000    0.03696      -  27.4  140s
 554146 372420     cutoff   48         0.00000    0.03675      -  27.4  145s
 574419 386209     cutoff   50         0.00000    0.03661      -  27.5  150s
 593266 398116    0.01322   39   50    0.00000    0.03644      -  27.4  155s
 615109 412250    0.01783   34   48    0.00000    0.03627      -  27.4  160s
 634805 425216    0.01880   38   54    0.00000    0.03609      -  27.4  165s
 654284 437155    0.00000   63   49    0.00000    0.03591      -  27.4  170s
 674072 449346    0.00538   43   52    0.00000    0.03575      -  27.4  175s
 694615 461778    0.00039   50   51    0.00000    0.03561      -  27.3  180s
 715348 474511    0.00722   38   50    0.00000    0.03546      -  27.3  185s
 732123 485594    0.00520   38   50    0.00000    0.03536      -  27.3  190s
 751529 497682    0.02133   33   51    0.00000    0.03523      -  27.3  195s
 771953 510304    0.00054   44   44    0.00000    0.03510      -  27.3  200s
 791200 522743    0.00000   76   33    0.00000    0.03497      -  27.3  205s
 811840 535072    0.00175   54   43    0.00000    0.03482      -  27.3  210s
 831439 547422    0.03106   34   57    0.00000    0.03468      -  27.2  215s
 850059 559385    0.00001   96   29    0.00000    0.03458      -  27.2  220s
 868710 571123    0.01469   40   52    0.00000    0.03445      -  27.2  225s
 882994 580261    0.00035   63   44    0.00000    0.03437      -  27.2  230s
 901022 591887    0.00001   86   46    0.00000    0.03427      -  27.2  235s
 917250 601903    0.00000   76   26    0.00000    0.03420      -  27.2  240s
H932225 610730                       0.0000010    0.03411      -  27.2  243s
 937448 614037    0.00004   50   31    0.00000    0.03408      -  27.2  245s
 954108 624618     cutoff   53         0.00000    0.03399      -  27.2  250s
 974096 637198    0.00135   53   43    0.00000    0.03390      -  27.2  255s
 993670 649479    0.00026   50   30    0.00000    0.03381      -  27.2  260s
 1013621 661991    0.01613   41   51    0.00000    0.03372      -  27.2  265s
 1034078 674397    0.00210   42   50    0.00000    0.03361      -  27.2  270s
 1050523 684875    0.00000  101   26    0.00000    0.03354      -  27.2  275s
 1069626 697151    0.00077   57   37    0.00000    0.03347      -  27.2  280s
 1090639 710138    0.00031   37   50    0.00000    0.03339      -  27.2  285s
 1110991 722590    0.00249   53   33    0.00000    0.03329      -  27.2  290s
 1131134 735933    0.00000   95   18    0.00000    0.03323      -  27.1  295s
 1151604 748513    0.00617   48   51    0.00000    0.03314      -  27.1  300s
 1171854 761713    0.00011   68   52    0.00000    0.03305      -  27.1  305s
 1191462 774185    0.00090   52   51    0.00000    0.03297      -  27.1  310s
 1209553 785411    0.01493   38   51    0.00000    0.03288      -  27.1  315s
 1228043 797238    0.00135   45   51    0.00000    0.03282      -  27.1  320s
 1248588 809687    0.03268   29   51    0.00000    0.03273      -  27.1  325s
 1269856 822582    0.00329   41   50    0.00000    0.03265      -  27.1  330s
 1290940 835673     cutoff   38         0.00000    0.03257      -  27.1  335s
 1310500 848304    0.02039   35   50    0.00000    0.03251      -  27.1  340s
 1330564 861543    0.00001   76   38    0.00000    0.03244      -  27.1  345s
 1345677 870263     cutoff   54         0.00000    0.03239      -  27.1  350s
 1365702 883638    0.00139   44   49    0.00000    0.03233      -  27.1  355s
H1380683 891200                       0.0000010    0.03227      -  27.1  359s
 1382658 892423    0.00000   73   25    0.00000    0.03226      -  27.1  360s

Cutting planes:
  Gomory: 13
  Implied bound: 37
  MIR: 14
  Flow cover: 63
  Inf proof: 2
  RLT: 119
  Relax-and-lift: 14
  BQP: 53

Explored 1382934 nodes (37449428 simplex iterations) in 360.00 seconds (363.40 work units)
Thread count was 4 (of 4 available processors)

Solution count 8: 9.84566e-07 9.6079e-07 8.43143e-07 ... -0

Time limit reached
Best objective 9.845661342446e-07, best bound 3.225581916440e-02, gap -
{"verdict": "UNRESOLVED", "status": "TIME_LIMIT", "runtime": 360.0025370121002, "objval": 9.845661342445679e-07, "objbound": 0.03225581916439712, "binaries": 46}
