Set parameter NodefileStart to value 6
Read parameters from file gurobi.env
Restricted license - for non-production use only - expires 2027-11-29
Set parameter OutputFlag to value 1
Set parameter Threads to value 4
Set parameter TimeLimit to value 360
Set parameter MIPGap to value 5e-05
Set parameter MIPFocus to value 2
Set parameter NonConvex to value 2
Set parameter BestBdStop to value 2.7426211734693878e-02
Gurobi Optimizer version 13.0.3 build v13.0.3rc0 (linux64 - "Ubuntu 24.04.5 LTS")

CPU model: AMD EPYC 7763 64-Core Processor, instruction set [SSE2|AVX|AVX2]
Thread count: 2 physical cores, 4 logical processors, using up to 4 threads

Non-default parameters:
TimeLimit  360
BestBdStop  2.7426211734693878e-02
MIPGap  5e-05
MIPFocus  2
NodefileStart  6
NonConvex  2
Threads  4

Optimize a model with 133 rows, 103 columns and 742 nonzeros (Max)
Model fingerprint: 0xd88cc6d1
Model has 1 linear objective coefficients
Model has 50 quadratic constraints
Variable types: 65 continuous, 38 integer (38 binary)
Coefficient statistics:
  Matrix range     [5e-01, 1e+00]
  QMatrix range    [1e+00, 1e+00]
  QLMatrix range   [1e+00, 1e+00]
  Objective range  [1e+00, 1e+00]
  Bounds range     [5e-01, 1e+00]
  RHS range        [1e+00, 1e+00]

Found heuristic solution: objective -0.0000000
Presolve time: 0.00s
Presolved: 333 rows, 104 columns, 1142 nonzeros
Presolved model has 50 bilinear constraint(s)

Solving non-convex MIQCP to global optimality

Variable types: 66 continuous, 38 integer (38 binary)
Root relaxation presolve removed 50 rows and 1 columns
Root relaxation presolved: 283 rows, 103 columns, 1092 nonzeros


Root relaxation: objective 1.250000e-01, 118 iterations, 0.00 seconds (0.00 work units)

    Nodes    |    Current Node    |     Objective Bounds      |     Work
 Expl Unexpl |  Obj  Depth IntInf | Incumbent    BestBd   Gap | It/Node Time

     0     0    0.12500    0   47   -0.00000    0.12500      -     -    0s
     0     0    0.10000    0   53   -0.00000    0.10000      -     -    0s
     0     0    0.10000    0   53   -0.00000    0.10000      -     -    0s
     0     0    0.09091    0   58   -0.00000    0.09091      -     -    0s
H    0     0                       0.0000001    0.09091      -     -    0s
     0     0    0.08696    0   58    0.00000    0.08696      -     -    0s
     0     0    0.08696    0   73    0.00000    0.08696      -     -    0s
     0     0    0.08696    0   63    0.00000    0.08696      -     -    0s
     0     0    0.08333    0   62    0.00000    0.08333      -     -    0s
     0     0    0.08333    0   62    0.00000    0.08333      -     -    0s
     0     0    0.08333    0   59    0.00000    0.08333      -     -    0s
     0     0    0.08333    0   63    0.00000    0.08333      -     -    0s
     0     0    0.08333    0   64    0.00000    0.08333      -     -    0s
     0     0    0.08333    0   65    0.00000    0.08333      -     -    0s
     0     0    0.08333    0   66    0.00000    0.08333      -     -    0s
     0     0    0.08140    0   66    0.00000    0.08140      -     -    0s
     0     0    0.08140    0   66    0.00000    0.08140      -     -    0s
     0     0    0.08140    0   68    0.00000    0.08140      -     -    0s
     0     2    0.08140    0   68    0.00000    0.08140      -     -    0s
*  793   721             103       0.0000001    0.08108      -  31.1    0s
*  806   719             109       0.0000002    0.08108      -  30.6    0s
H 1176   901                       0.0000003    0.07692      -  29.1    1s
H 1176   856                       0.0000005    0.07692      -  29.1    1s
* 5037  2861              67       0.0000005    0.03731      -  33.2    3s
* 5249  2990             110       0.0000005    0.03731      -  33.3    3s
* 5250  2975             110       0.0000006    0.03731      -  33.3    3s
* 5251  2959             109       0.0000006    0.03731      -  33.3    3s
 10750  6973    0.00726   38   53    0.00000    0.03731      -  32.1    5s
 26295 17206    0.01460   34   47    0.00000    0.03715      -  30.7   10s
 44485 28899    0.00076   46   42    0.00000    0.03461      -  30.9   15s
 66407 42953 infeasible   53         0.00000    0.03174      -  31.1   20s
 87018 55929     cutoff   49         0.00000    0.03038      -  31.3   25s
 108858 69600    0.00000  100   21    0.00000    0.02942      -  30.9   30s
 130328 83383    0.00000   64   16    0.00000    0.02852      -  30.9   35s
 151998 97138    0.01416   33   51    0.00000    0.02777      -  30.8   40s

Cutting planes:
  Gomory: 17
  Implied bound: 2
  MIR: 3
  Flow cover: 18
  RLT: 74
  Relax-and-lift: 7
  BQP: 10

Explored 161197 nodes (4958370 simplex iterations) in 41.88 seconds (41.88 work units)
Thread count was 4 (of 4 available processors)

Solution count 10: 6.36789e-07 5.8095e-07 5.35761e-07 ... -0

Optimization achieved user objective limit
Best objective 6.367886420429e-07, best bound 2.742065297039e-02, gap -
{"verdict": "PROVED", "status": "BOUND_REACHED", "runtime": 41.88529014587402, "objval": 6.367886420428924e-07, "objbound": 0.027420652970388752, "binaries": 38}
