Set parameter NodefileStart to value 6
Read parameters from file gurobi.env
Restricted license - for non-production use only - expires 2027-11-29
Set parameter OutputFlag to value 1
Set parameter Threads to value 4
Set parameter TimeLimit to value 360
Set parameter MIPGap to value 5e-05
Set parameter MIPFocus to value 2
Set parameter NonConvex to value 2
Set parameter BestBdStop to value 2.7426211734693878e-02
Gurobi Optimizer version 13.0.3 build v13.0.3rc0 (linux64 - "Ubuntu 24.04.5 LTS")

CPU model: AMD EPYC 7763 64-Core Processor, instruction set [SSE2|AVX|AVX2]
Thread count: 2 physical cores, 4 logical processors, using up to 4 threads

Non-default parameters:
TimeLimit  360
BestBdStop  2.7426211734693878e-02
MIPGap  5e-05
MIPFocus  2
NodefileStart  6
NonConvex  2
Threads  4

Optimize a model with 141 rows, 111 columns and 810 nonzeros (Max)
Model fingerprint: 0xe2bd3954
Model has 1 linear objective coefficients
Model has 50 quadratic constraints
Variable types: 65 continuous, 46 integer (46 binary)
Coefficient statistics:
  Matrix range     [5e-01, 1e+00]
  QMatrix range    [1e+00, 1e+00]
  QLMatrix range   [1e+00, 1e+00]
  Objective range  [1e+00, 1e+00]
  Bounds range     [5e-01, 1e+00]
  RHS range        [1e+00, 1e+00]

Found heuristic solution: objective -0.0000000
Presolve time: 0.00s
Presolved: 341 rows, 112 columns, 1210 nonzeros
Presolved model has 50 bilinear constraint(s)

Solving non-convex MIQCP to global optimality

Variable types: 66 continuous, 46 integer (46 binary)
Root relaxation presolve removed 50 rows and 1 columns
Root relaxation presolved: 291 rows, 111 columns, 1160 nonzeros


Root relaxation: objective 8.333333e-02, 102 iterations, 0.00 seconds (0.00 work units)

    Nodes    |    Current Node    |     Objective Bounds      |     Work
 Expl Unexpl |  Obj  Depth IntInf | Incumbent    BestBd   Gap | It/Node Time

     0     0    0.08333    0   49   -0.00000    0.08333      -     -    0s
     0     0    0.07317    0   68   -0.00000    0.07317      -     -    0s
     0     0    0.06250    0   60   -0.00000    0.06250      -     -    0s
H    0     0                       0.0000001    0.06250      -     -    0s
H    0     0                       0.0000002    0.06250      -     -    0s
     0     0    0.06250    0   50    0.00000    0.06250      -     -    0s
     0     0    0.06250    0   46    0.00000    0.06250      -     -    0s
     0     0    0.06250    0   54    0.00000    0.06250      -     -    0s
     0     0    0.06250    0   54    0.00000    0.06250      -     -    0s
     0     0    0.06250    0   54    0.00000    0.06250      -     -    0s
     0     0    0.06250    0   54    0.00000    0.06250      -     -    0s
     0     0    0.06250    0   54    0.00000    0.06250      -     -    0s
     0     0    0.06250    0   54    0.00000    0.06250      -     -    0s
     0     0    0.06250    0   54    0.00000    0.06250      -     -    0s
     0     2    0.06250    0   54    0.00000    0.06250      -     -    0s
H 1182   914                       0.0000002    0.06024      -  24.5    1s
H 1252   916                       0.0000003    0.06024      -  25.5    1s
* 2122  1345             104       0.0000006    0.05542      -  22.8    1s
* 2128  1295             105       0.0000008    0.05542      -  22.8    1s
H 6400  4479                       0.0000009    0.05148      -  22.5    3s
H 8081  5645                       0.0000010    0.05086      -  23.1    3s
 13385  9948    0.00724   32   57    0.00000    0.04796      -  22.3    5s
 33497 24608    0.03096   26   55    0.00000    0.04485      -  21.4   10s
 55082 41153    0.02236   39   50    0.00000    0.04316      -  21.4   15s
 78471 58256     cutoff   57         0.00000    0.04225      -  21.1   20s
 103677 76829    0.00549   51   50    0.00000    0.04160      -  21.0   25s
 127580 94330    0.00077   56   50    0.00000    0.04113      -  20.8   30s
 150440 110828    0.02446   37   51    0.00000    0.04083      -  20.9   35s
 171385 126116    0.00000   92   34    0.00000    0.04055      -  20.9   40s
 194006 142643    0.00001   85   49    0.00000    0.04028      -  20.9   45s
 219329 160975     cutoff   87         0.00000    0.04000      -  20.8   50s
 243164 178167    0.00000   90   29    0.00000    0.03977      -  20.8   55s
 263917 193558    0.00815   46   51    0.00000    0.03958      -  20.8   60s
 285120 209194    0.02418   42   50    0.00000    0.03943      -  20.8   65s
 307539 225079    0.01824   39   50    0.00000    0.03925      -  20.9   70s
 327703 240017    0.00345   56   50    0.00000    0.03914      -  21.0   75s
 350158 256494    0.03576   34   52    0.00000    0.03901      -  21.1   80s
 372447 272574    0.00003   77   50    0.00000    0.03884      -  21.1   85s
 395973 290063    0.02089   39   51    0.00000    0.03872      -  21.1   90s
 415601 304080    0.01862   46   51    0.00000    0.03862      -  21.1   95s
 436122 319094    0.00000   84   40    0.00000    0.03852      -  21.1  100s
 455469 333025    0.00841   50   50    0.00000    0.03846      -  21.1  105s
 479180 350176    0.00523   45   50    0.00000    0.03838      -  21.2  110s
 503763 368011    0.00120   53   50    0.00000    0.03827      -  21.2  115s
 526365 384149    0.00229   59   50    0.00000    0.03816      -  21.2  120s
 549217 400763    0.00000   78   21    0.00000    0.03808      -  21.2  125s
 570692 416216    0.00000   96   27    0.00000    0.03799      -  21.2  130s
 594476 433253    0.00012   74   50    0.00000    0.03791      -  21.2  135s
 617582 449774     cutoff   83         0.00000    0.03781      -  21.2  140s
 640523 466288    0.00006   67   48    0.00000    0.03773      -  21.2  145s
 664626 483277    0.00003   64   50    0.00000    0.03767      -  21.2  150s
 684480 496910    0.02712   48   50    0.00000    0.03761      -  21.2  155s
 705539 512430    0.02279   41   52    0.00000    0.03757      -  21.2  160s
 730871 530646    0.03001   41   52    0.00000    0.03750      -  21.1  165s
 753190 546603    0.00017   65   50    0.00000    0.03744      -  21.1  170s
 776155 563324    0.00000   81   43    0.00000    0.03738      -  21.2  175s
 796335 578029    0.00013   67   42    0.00000    0.03734      -  21.2  180s
 819487 594744    0.00513   45   50    0.00000    0.03728      -  21.2  185s
 841875 610973    0.00008   70   37    0.00000    0.03722      -  21.2  190s
 866230 627826    0.00936   42   50    0.00000    0.03713      -  21.2  195s
 885451 641557    0.01485   36   50    0.00000    0.03707      -  21.2  200s
 908484 658087    0.00093   52   53    0.00000    0.03702      -  21.2  205s
 928304 672344    0.00735   34   52    0.00000    0.03697      -  21.1  210s
 952351 689625    0.00006   62   50    0.00000    0.03692      -  21.1  215s
 975202 706586    0.00000   95   33    0.00000    0.03690      -  21.2  220s
 996545 721944    0.00003   73   49    0.00000    0.03686      -  21.2  225s
 1019079 738049    0.00043   64   50    0.00000    0.03681      -  21.2  230s
 1040080 752043    0.01855   49   51    0.00000    0.03680      -  21.2  235s
 1061430 767257    0.00018   60   52    0.00000    0.03680      -  21.2  240s
 1085406 784181     cutoff   50         0.00000    0.03680      -  21.2  245s
 1107373 799464    0.00032   67   37    0.00000    0.03680      -  21.3  250s
 1130788 815513    0.02581   40   52    0.00000    0.03680      -  21.3  255s
 1153668 832098    0.01231   44   50    0.00000    0.03680      -  21.3  260s
 1171534 844999    0.00001   81   46    0.00000    0.03680      -  21.3  265s
 1193661 861260    0.00001   89   42    0.00000    0.03680      -  21.3  270s
 1216697 877732    0.00000   80   28    0.00000    0.03674      -  21.3  275s
 1239997 893958    0.00332   47   43    0.00000    0.03668      -  21.3  280s
 1261577 909526    0.00009   71   43    0.00000    0.03663      -  21.3  285s
 1282044 924030    0.00001   67   41    0.00000    0.03658      -  21.3  290s
 1303939 939625    0.01021   49   50    0.00000    0.03654      -  21.3  295s
 1325772 955097    0.01904   42   50    0.00000    0.03650      -  21.3  300s
H1341442 966064                       0.0000010    0.03648      -  21.3  304s
 1342298 966451    0.00000   68   42    0.00000    0.03648      -  21.3  305s
 1362364 980178    0.00727   50   51    0.00000    0.03645      -  21.3  310s
 1385042 995762    0.00049   58   50    0.00000    0.03642      -  21.3  315s
 1408367 1012508    0.00277   50   50    0.00000    0.03638      -  21.3  320s
 1427749 1026217    0.00206   56   50    0.00000    0.03634      -  21.3  325s
 1449877 1041670    0.00106   50   47    0.00000    0.03631      -  21.3  330s
 1473767 1058483    0.02844   37   50    0.00000    0.03626      -  21.3  335s
 1497030 1074939    0.00480   49   50    0.00000    0.03623      -  21.3  340s
 1520271 1091631    0.00189   50   50    0.00000    0.03619      -  21.3  345s
 1539951 1105939    0.01337   49   50    0.00000    0.03616      -  21.3  350s
 1562137 1121308    0.00693   48   53    0.00000    0.03612      -  21.3  355s
 1585261 1137562    0.00522   50   53    0.00000    0.03609      -  21.3  360s

Cutting planes:
  Implied bound: 1
  MIR: 2
  Flow cover: 5
  RLT: 50
  Relax-and-lift: 3
  BQP: 19

Explored 1585609 nodes (33752365 simplex iterations) in 360.00 seconds (375.64 work units)
Thread count was 4 (of 4 available processors)

Solution count 8: 9.94218e-07 9.93575e-07 9.16278e-07 ... -0

Time limit reached
Best objective 9.942177644773e-07, best bound 3.608500969943e-02, gap -
{"verdict": "UNRESOLVED", "status": "TIME_LIMIT", "runtime": 360.0026180744171, "objval": 9.94217764477279e-07, "objbound": 0.03608500969942886, "binaries": 46}
