Set parameter NodefileStart to value 6
Read parameters from file gurobi.env
Restricted license - for non-production use only - expires 2027-11-29
Set parameter OutputFlag to value 1
Set parameter Threads to value 4
Set parameter TimeLimit to value 360
Set parameter MIPGap to value 5e-05
Set parameter MIPFocus to value 2
Set parameter NonConvex to value 2
Set parameter BestBdStop to value 2.7426211734693878e-02
Gurobi Optimizer version 13.0.3 build v13.0.3rc0 (linux64 - "Ubuntu 24.04.5 LTS")

CPU model: AMD EPYC 9V45 96-Core Processor, instruction set [SSE2|AVX|AVX2|AVX512]
Thread count: 2 physical cores, 4 logical processors, using up to 4 threads

Non-default parameters:
TimeLimit  360
BestBdStop  2.7426211734693878e-02
MIPGap  5e-05
MIPFocus  2
NodefileStart  6
NonConvex  2
Threads  4

Optimize a model with 149 rows, 119 columns and 871 nonzeros (Max)
Model fingerprint: 0x916003e4
Model has 1 linear objective coefficients
Model has 50 quadratic constraints
Variable types: 65 continuous, 54 integer (54 binary)
Coefficient statistics:
  Matrix range     [5e-01, 1e+00]
  QMatrix range    [1e+00, 1e+00]
  QLMatrix range   [1e+00, 1e+00]
  Objective range  [1e+00, 1e+00]
  Bounds range     [5e-01, 1e+00]
  RHS range        [1e+00, 1e+00]

Found heuristic solution: objective -0.0000000
Presolve time: 0.00s
Presolved: 349 rows, 120 columns, 1271 nonzeros
Presolved model has 50 bilinear constraint(s)

Solving non-convex MIQCP to global optimality

Variable types: 66 continuous, 54 integer (54 binary)
Root relaxation presolve removed 50 rows and 1 columns
Root relaxation presolved: 299 rows, 119 columns, 1221 nonzeros


Root relaxation: objective 8.333333e-02, 119 iterations, 0.00 seconds (0.00 work units)

    Nodes    |    Current Node    |     Objective Bounds      |     Work
 Expl Unexpl |  Obj  Depth IntInf | Incumbent    BestBd   Gap | It/Node Time

     0     0    0.08333    0   58   -0.00000    0.08333      -     -    0s
     0     0    0.06250    0   68   -0.00000    0.06250      -     -    0s
     0     0    0.06250    0   83   -0.00000    0.06250      -     -    0s
     0     0    0.06250    0   75   -0.00000    0.06250      -     -    0s
     0     0    0.06250    0   71   -0.00000    0.06250      -     -    0s
     0     0    0.06250    0   50   -0.00000    0.06250      -     -    0s
     0     0    0.06250    0   50   -0.00000    0.06250      -     -    0s
     0     0    0.06250    0   53   -0.00000    0.06250      -     -    0s
     0     0    0.06250    0   53   -0.00000    0.06250      -     -    0s
     0     0    0.06250    0   61   -0.00000    0.06250      -     -    0s
     0     0    0.06250    0   50   -0.00000    0.06250      -     -    0s
     0     0    0.06250    0   50   -0.00000    0.06250      -     -    0s
     0     2    0.06250    0   50   -0.00000    0.06250      -     -    0s
*  495   478              83       0.0000000    0.06250      -  17.3    0s
H  554   512                       0.0000001    0.06250      -  18.7    0s
H  887   764                       0.0000004    0.06250      -  20.0    0s
H 1214   949                       0.0000006    0.06250      -  21.1    0s
H 1472  1102                       0.0024905    0.04810  1831%  23.7    0s
H 1564  1128                       0.0026679    0.04810  1703%  23.2    0s
H 1581  1066                       0.0053879    0.04810   793%  23.1    0s
H 1740  1114                       0.0055115    0.04810   773%  21.8    0s
* 1763  1065              86       0.0055696    0.04810   764%  21.5    0s
* 1841  1053              87       0.0055699    0.04810   764%  21.0    0s
* 1843  1006              88       0.0055926    0.04810   760%  21.0    0s
H 2021   779                       0.0128652    0.04810   274%  21.0    1s
H 2024   746                       0.0130382    0.04810   269%  21.0    1s
H 2083   741                       0.0136134    0.04810   253%  21.0    1s
H 2085   670                       0.0165276    0.04810   191%  21.0    1s
H 3164   870                       0.0180123    0.04619   156%  24.0    1s
H 7751  2169                       0.0180124    0.03999   122%  27.9    2s
*19901  4809              94       0.0181790    0.03522  93.7%  31.8    4s
*19907  4805              96       0.0181833    0.03522  93.7%  31.8    4s
 22186  5302    0.02166   26   57    0.01818    0.03486  91.7%  31.9    5s
H34264  7236                       0.0184007    0.03288  78.7%  32.0    6s
H35347  7398                       0.0184007    0.03270  77.7%  32.0    7s
H37860  7835                       0.0184007    0.03243  76.3%  32.0    7s
 51142  9823     cutoff   31         0.01840    0.03110  69.0%  31.9   10s
H54952  9949                       0.0187686    0.03079  64.0%  31.8   10s
H55114 10146                       0.0187686    0.03079  64.0%  31.8   10s
H56343 10295                       0.0187686    0.03071  63.6%  31.6   10s
*84279 12597              94       0.0194161    0.02915  50.1%  30.8   14s
 87083 12824    0.02382   24   59    0.01942    0.02897  49.2%  30.7   15s
H87872 11718                       0.0202392    0.02891  42.8%  30.6   15s
H88011 11715                       0.0202392    0.02891  42.8%  30.6   15s

Cutting planes:
  Gomory: 7
  Implied bound: 5
  MIR: 3
  Flow cover: 11
  RLT: 50
  Relax-and-lift: 7
  BQP: 5

Explored 117840 nodes (3538261 simplex iterations) in 19.48 seconds (31.84 work units)
Thread count was 4 (of 4 available processors)

Solution count 10: 0.0202392 0.0194161 0.0187686 ... 0.0130382

Optimization achieved user objective limit
Best objective 2.023920945551e-02, best bound 2.742518437372e-02, gap 35.5052%
{"verdict": "PROVED", "status": "BOUND_REACHED", "runtime": 19.484737873077393, "objval": 0.020239209455505343, "objbound": 0.027425184373717187, "binaries": 54}
