Set parameter NodefileStart to value 6
Read parameters from file gurobi.env
Restricted license - for non-production use only - expires 2027-11-29
Set parameter OutputFlag to value 1
Set parameter Threads to value 4
Set parameter TimeLimit to value 360
Set parameter MIPGap to value 5e-05
Set parameter MIPFocus to value 2
Set parameter NonConvex to value 2
Set parameter BestBdStop to value 2.7426211734693878e-02
Gurobi Optimizer version 13.0.3 build v13.0.3rc0 (linux64 - "Ubuntu 24.04.5 LTS")

CPU model: Intel(R) Xeon(R) 6973P-C, instruction set [SSE2|AVX|AVX2|AVX512]
Thread count: 2 physical cores, 4 logical processors, using up to 4 threads

Non-default parameters:
TimeLimit  360
BestBdStop  2.7426211734693878e-02
MIPGap  5e-05
MIPFocus  2
NodefileStart  6
NonConvex  2
Threads  4

Optimize a model with 141 rows, 111 columns and 810 nonzeros (Max)
Model fingerprint: 0x626195bb
Model has 1 linear objective coefficients
Model has 50 quadratic constraints
Variable types: 65 continuous, 46 integer (46 binary)
Coefficient statistics:
  Matrix range     [5e-01, 1e+00]
  QMatrix range    [1e+00, 1e+00]
  QLMatrix range   [1e+00, 1e+00]
  Objective range  [1e+00, 1e+00]
  Bounds range     [5e-01, 1e+00]
  RHS range        [1e+00, 1e+00]

Found heuristic solution: objective -0.0000000
Presolve time: 0.00s
Presolved: 341 rows, 112 columns, 1210 nonzeros
Presolved model has 50 bilinear constraint(s)

Solving non-convex MIQCP to global optimality

Variable types: 66 continuous, 46 integer (46 binary)
Found heuristic solution: objective 0.0000000
Root relaxation presolve removed 50 rows and 1 columns
Root relaxation presolved: 291 rows, 111 columns, 1160 nonzeros


Root relaxation: objective 1.250000e-01, 116 iterations, 0.00 seconds (0.00 work units)

    Nodes    |    Current Node    |     Objective Bounds      |     Work
 Expl Unexpl |  Obj  Depth IntInf | Incumbent    BestBd   Gap | It/Node Time

     0     0    0.12500    0   50    0.00000    0.12500      -     -    0s
     0     0    0.09603    0   63    0.00000    0.09603      -     -    0s
     0     0    0.09603    0   37    0.00000    0.09603      -     -    0s
     0     0    0.09435    0   61    0.00000    0.09435      -     -    0s
     0     0    0.09435    0   62    0.00000    0.09435      -     -    0s
     0     0    0.09417    0   43    0.00000    0.09417      -     -    0s
     0     0    0.09417    0   43    0.00000    0.09417      -     -    0s
     0     2    0.09417    0   43    0.00000    0.09417      -     -    0s
H 1120   964                       0.0004977    0.07825      -  29.4    0s
H 1120   915                       0.0004977    0.07825      -  29.4    0s
H 1120   869                       0.0008803    0.07825  8789%  29.4    0s
H 1181   888                       0.0011103    0.06160  5448%  31.4    1s
H 1186   844                       0.0013900    0.06160  4332%  31.6    1s
H 1281   859                       0.0021465    0.06160  2770%  32.5    1s
H 1844  1007                       0.0024563    0.06160  2408%  33.9    1s
H 2859  1104                       0.0038510    0.06160  1500%  35.7    1s
H 3174  1187                       0.0038953    0.06160  1482%  35.7    1s
H 3747  1361                       0.0043837    0.06160  1305%  36.2    1s
H 4823  1695                       0.0054048    0.06160  1040%  36.1    2s
H 5037  1791                       0.0054049    0.06160  1040%  36.2    2s
H 5353  1928                       0.0055700    0.06160  1006%  36.3    2s
H 6419  2406                       0.0060092    0.06068   910%  36.5    2s
H 7676  2700                       0.0090140    0.05927   558%  36.7    2s
H 7850  2819                       0.0090248    0.05920   556%  36.8    2s
H 9489  3573                       0.0090266    0.05743   536%  37.7    3s
H 9751  3825                       0.0090266    0.05722   534%  37.8    3s
 13170  5401    0.02280   36   55    0.00903    0.05497   509%  38.2    5s
H22698  8591                       0.0098766    0.05105   417%  38.2    8s
H22721  8592                       0.0098778    0.05105   417%  38.2    8s
 29287 11263    0.02611   35   52    0.00988    0.04945   401%  38.1   10s
 49275 18024     cutoff   41         0.00988    0.04582   364%  37.9   15s
 66224 23600     cutoff   39         0.00988    0.04366   342%  37.8   20s
 86784 30306    0.02708   33   43    0.00988    0.04179   323%  37.5   25s
H103352 35501                       0.0098801    0.04065   311%  37.3   29s
 103771 35703    0.01065   34   53    0.00988    0.04064   311%  37.3   30s
H104500 35833                       0.0098998    0.04059   310%  37.3   30s
H104854 35962                       0.0098999    0.04056   310%  37.3   30s
H106036 36202                       0.0099521    0.04047   307%  37.3   30s
H113297 38136                       0.0100462    0.03999   298%  37.3   32s
 122910 41123    0.01110   37   53    0.01005    0.03940   292%  37.1   35s
 141962 46803    0.01137   35   46    0.01005    0.03839   282%  36.9   40s
 158977 51495    0.02196   30   52    0.01005    0.03766   275%  36.8   45s
H159270 51495                       0.0100463    0.03766   275%  36.8   45s
 173095 55635    0.01184   40   50    0.01005    0.03713   270%  36.7   50s
 193623 61313     cutoff   35         0.01005    0.03634   262%  36.6   55s
 211549 66187     cutoff   36         0.01005    0.03573   256%  36.6   60s
H229939 58701                       0.0136334    0.03519   158%  36.5   64s
H230127 58769                       0.0136334    0.03518   158%  36.5   64s
 230920 58917    0.01478   38   45    0.01363    0.03515   158%  36.5   65s
 252186 62001     cutoff   38         0.01363    0.03447   153%  36.4   70s
 272770 65229    0.01683   36   54    0.01363    0.03387   148%  36.3   75s
 287961 67562     cutoff   33         0.01363    0.03345   145%  36.3   80s
 311131 70840    0.02116   41   53    0.01363    0.03284   141%  36.2   85s
 331835 73629     cutoff   37         0.01363    0.03233   137%  36.1   90s
 350224 76106    0.02287   37   50    0.01363    0.03193   134%  36.0   95s
 371060 78821    0.01968   31   51    0.01363    0.03151   131%  35.9  100s
 391041 81301    0.01501   45   40    0.01363    0.03106   128%  35.8  105s
 411813 83890    0.01751   38   54    0.01363    0.03065   125%  35.8  110s
 432482 86349     cutoff   40         0.01363    0.03028   122%  35.7  115s
 456781 88841    0.01451   43   46    0.01363    0.02986   119%  35.6  120s
 476799 90822    0.01699   35   55    0.01363    0.02952   117%  35.5  125s
 495409 92821    0.02258   32   55    0.01363    0.02922   114%  35.5  130s
 517265 95002    0.01862   31   39    0.01363    0.02886   112%  35.4  135s
 538642 96945    0.02150   33   52    0.01363    0.02854   109%  35.3  140s
 559767 98952    0.02786   32   53    0.01363    0.02824   107%  35.3  145s
 579027 100413     cutoff   37         0.01363    0.02797   105%  35.2  150s
 599084 102029    0.01592   35   50    0.01363    0.02770   103%  35.1  155s

Cutting planes:
  Gomory: 17
  Implied bound: 27
  MIR: 4
  Flow cover: 56
  Inf proof: 11
  RLT: 74
  Relax-and-lift: 2
  BQP: 26

Explored 621203 nodes (21766478 simplex iterations) in 159.88 seconds (182.57 work units)
Thread count was 4 (of 4 available processors)

Solution count 10: 0.0136334 0.0100463 0.00995214 ... 0.00901401

Optimization achieved user objective limit
Best objective 1.363338598577e-02, best bound 2.742593737656e-02, gap 101.1675%
{"verdict": "PROVED", "status": "BOUND_REACHED", "runtime": 159.8797869682312, "objval": 0.013633385985769002, "objbound": 0.027425937376559267, "binaries": 46}
