Set parameter NodefileStart to value 6
Read parameters from file gurobi.env
Restricted license - for non-production use only - expires 2027-11-29
Set parameter OutputFlag to value 1
Set parameter Threads to value 4
Set parameter TimeLimit to value 360
Set parameter MIPGap to value 5e-05
Set parameter MIPFocus to value 2
Set parameter NonConvex to value 2
Set parameter BestBdStop to value 2.7426211734693878e-02
Gurobi Optimizer version 13.0.3 build v13.0.3rc0 (linux64 - "Ubuntu 24.04.5 LTS")

CPU model: AMD EPYC 7763 64-Core Processor, instruction set [SSE2|AVX|AVX2]
Thread count: 2 physical cores, 4 logical processors, using up to 4 threads

Non-default parameters:
TimeLimit  360
BestBdStop  2.7426211734693878e-02
MIPGap  5e-05
MIPFocus  2
NodefileStart  6
NonConvex  2
Threads  4

Optimize a model with 133 rows, 103 columns and 742 nonzeros (Max)
Model fingerprint: 0x542b5e85
Model has 1 linear objective coefficients
Model has 50 quadratic constraints
Variable types: 65 continuous, 38 integer (38 binary)
Coefficient statistics:
  Matrix range     [5e-01, 1e+00]
  QMatrix range    [1e+00, 1e+00]
  QLMatrix range   [1e+00, 1e+00]
  Objective range  [1e+00, 1e+00]
  Bounds range     [5e-01, 1e+00]
  RHS range        [1e+00, 1e+00]

Found heuristic solution: objective -0.0000000
Presolve time: 0.00s
Presolved: 333 rows, 104 columns, 1142 nonzeros
Presolved model has 50 bilinear constraint(s)

Solving non-convex MIQCP to global optimality

Variable types: 66 continuous, 38 integer (38 binary)
Root relaxation presolve removed 50 rows and 1 columns
Root relaxation presolved: 283 rows, 103 columns, 1092 nonzeros


Root relaxation: objective 8.333333e-02, 142 iterations, 0.00 seconds (0.00 work units)

    Nodes    |    Current Node    |     Objective Bounds      |     Work
 Expl Unexpl |  Obj  Depth IntInf | Incumbent    BestBd   Gap | It/Node Time

     0     0    0.08333    0   50   -0.00000    0.08333      -     -    0s
     0     0    0.06250    0   54   -0.00000    0.06250      -     -    0s
     0     0    0.06250    0   52   -0.00000    0.06250      -     -    0s
     0     0    0.06250    0   63   -0.00000    0.06250      -     -    0s
H    0     0                       0.0000001    0.06250      -     -    0s
H    0     0                       0.0000001    0.06250      -     -    0s
H    0     0                       0.0000002    0.06250      -     -    0s
     0     0    0.05603    0   44    0.00000    0.05603      -     -    0s
     0     0    0.05603    0   44    0.00000    0.05603      -     -    0s
     0     0    0.05603    0   45    0.00000    0.05603      -     -    0s
     0     0    0.05595    0   46    0.00000    0.05595      -     -    0s
     0     0    0.05595    0   46    0.00000    0.05595      -     -    0s
     0     2    0.05595    0   46    0.00000    0.05595      -     -    0s
* 1854  1389             107       0.0000004    0.04194      -  20.4    1s
H 2961  1818                       0.0000006    0.03885      -  19.8    2s
H 2963  1759                       0.0000007    0.03885      -  19.8    2s
 13614  8661    0.00902   30   36    0.00000    0.03133      -  21.5    5s
H21252 13415                       0.0000007    0.02998      -  21.4    7s
*30222 19646              78       0.0000008    0.02813      -  21.0    9s
 32013 20846     cutoff   59         0.00000    0.02776      -  21.0   10s

Cutting planes:
  Gomory: 10
  Implied bound: 4
  MIR: 2
  Flow cover: 6
  RLT: 52
  BQP: 4

Explored 34871 nodes (726725 simplex iterations) in 10.54 seconds (9.90 work units)
Thread count was 4 (of 4 available processors)

Solution count 9: 8.15048e-07 7.27019e-07 7.18461e-07 ... -0

Optimization achieved user objective limit
Best objective 8.150483077464e-07, best bound 2.736408825405e-02, gap -
{"verdict": "PROVED", "status": "BOUND_REACHED", "runtime": 10.545367002487183, "objval": 8.150483077464156e-07, "objbound": 0.02736408825404692, "binaries": 38}
