Set parameter NodefileStart to value 6
Read parameters from file gurobi.env
Restricted license - for non-production use only - expires 2027-11-29
Set parameter OutputFlag to value 1
Set parameter Threads to value 4
Set parameter TimeLimit to value 360
Set parameter MIPGap to value 5e-05
Set parameter MIPFocus to value 2
Set parameter NonConvex to value 2
Set parameter BestBdStop to value 2.7426211734693878e-02
Gurobi Optimizer version 13.0.3 build v13.0.3rc0 (linux64 - "Ubuntu 24.04.5 LTS")

CPU model: AMD EPYC 9V45 96-Core Processor, instruction set [SSE2|AVX|AVX2|AVX512]
Thread count: 2 physical cores, 4 logical processors, using up to 4 threads

Non-default parameters:
TimeLimit  360
BestBdStop  2.7426211734693878e-02
MIPGap  5e-05
MIPFocus  2
NodefileStart  6
NonConvex  2
Threads  4

Optimize a model with 129 rows, 99 columns and 714 nonzeros (Max)
Model fingerprint: 0x2eb81551
Model has 1 linear objective coefficients
Model has 50 quadratic constraints
Variable types: 65 continuous, 34 integer (34 binary)
Coefficient statistics:
  Matrix range     [5e-01, 1e+00]
  QMatrix range    [1e+00, 1e+00]
  QLMatrix range   [1e+00, 1e+00]
  Objective range  [1e+00, 1e+00]
  Bounds range     [5e-01, 1e+00]
  RHS range        [1e+00, 1e+00]

Found heuristic solution: objective -0.0000000
Presolve time: 0.00s
Presolved: 329 rows, 100 columns, 1114 nonzeros
Presolved model has 50 bilinear constraint(s)

Solving non-convex MIQCP to global optimality

Variable types: 66 continuous, 34 integer (34 binary)
Found heuristic solution: objective 0.0000000
Root relaxation presolve removed 50 rows and 1 columns
Root relaxation presolved: 279 rows, 99 columns, 1064 nonzeros


Root relaxation: objective 1.153846e-01, 127 iterations, 0.00 seconds (0.00 work units)

    Nodes    |    Current Node    |     Objective Bounds      |     Work
 Expl Unexpl |  Obj  Depth IntInf | Incumbent    BestBd   Gap | It/Node Time

     0     0    0.11538    0   52    0.00000    0.11538      -     -    0s
     0     0    0.09091    0   56    0.00000    0.09091      -     -    0s
     0     0    0.08108    0   60    0.00000    0.08108      -     -    0s
     0     0    0.08093    0   63    0.00000    0.08093      -     -    0s
     0     0    0.07895    0   63    0.00000    0.07895      -     -    0s
     0     0    0.07813    0   63    0.00000    0.07813      -     -    0s
     0     0    0.07813    0   64    0.00000    0.07813      -     -    0s
     0     0    0.07810    0   67    0.00000    0.07810      -     -    0s
     0     0    0.07810    0   61    0.00000    0.07810      -     -    0s
     0     0    0.07810    0   60    0.00000    0.07810      -     -    0s
     0     0    0.07810    0   61    0.00000    0.07810      -     -    0s
     0     0    0.07810    0   64    0.00000    0.07810      -     -    0s
     0     0    0.07810    0   62    0.00000    0.07810      -     -    0s
     0     0    0.07692    0   61    0.00000    0.07692      -     -    0s
     0     0    0.07692    0   62    0.00000    0.07692      -     -    0s
     0     0    0.07692    0   61    0.00000    0.07692      -     -    0s
     0     0    0.07692    0   61    0.00000    0.07692      -     -    0s
     0     0    0.07692    0   57    0.00000    0.07692      -     -    0s
H    0     0                       0.0000000    0.07692      -     -    0s
     0     2    0.07692    0   57    0.00000    0.07692      -     -    0s
H   36    52                       0.0000001    0.07692      -  21.9    0s
H  111   136                       0.0000004    0.07692      -  38.3    0s
H  260   257                       0.0000004    0.07692      -  37.4    0s
H 1208   986                       0.0000004    0.06708      -  29.3    0s

Cutting planes:
  Gomory: 19
  MIR: 1
  Flow cover: 2
  RLT: 26
  BQP: 4

Explored 2220 nodes (67965 simplex iterations) in 1.49 seconds (1.66 work units)
Thread count was 4 (of 4 available processors)

Solution count 7: 4.37001e-07 3.83349e-07 3.8272e-07 ... -0

Optimization achieved user objective limit
Best objective 4.370010680856e-07, best bound 2.709158387484e-02, gap -
{"verdict": "PROVED", "status": "BOUND_REACHED", "runtime": 1.48781418800354, "objval": 4.370010680855575e-07, "objbound": 0.0270915838748415, "binaries": 34}
