Set parameter NodefileStart to value 6
Read parameters from file gurobi.env
Restricted license - for non-production use only - expires 2027-11-29
Set parameter OutputFlag to value 1
Set parameter Threads to value 4
Set parameter TimeLimit to value 360
Set parameter MIPGap to value 5e-05
Set parameter MIPFocus to value 2
Set parameter NonConvex to value 2
Set parameter BestBdStop to value 2.7426211734693878e-02
Gurobi Optimizer version 13.0.3 build v13.0.3rc0 (linux64 - "Ubuntu 24.04.5 LTS")

CPU model: AMD EPYC 7763 64-Core Processor, instruction set [SSE2|AVX|AVX2]
Thread count: 2 physical cores, 4 logical processors, using up to 4 threads

Non-default parameters:
TimeLimit  360
BestBdStop  2.7426211734693878e-02
MIPGap  5e-05
MIPFocus  2
NodefileStart  6
NonConvex  2
Threads  4

Optimize a model with 141 rows, 111 columns and 810 nonzeros (Max)
Model fingerprint: 0xbb4fee5d
Model has 1 linear objective coefficients
Model has 50 quadratic constraints
Variable types: 65 continuous, 46 integer (46 binary)
Coefficient statistics:
  Matrix range     [5e-01, 1e+00]
  QMatrix range    [1e+00, 1e+00]
  QLMatrix range   [1e+00, 1e+00]
  Objective range  [1e+00, 1e+00]
  Bounds range     [5e-01, 1e+00]
  RHS range        [1e+00, 1e+00]

Found heuristic solution: objective -0.0000000
Presolve time: 0.00s
Presolved: 341 rows, 112 columns, 1210 nonzeros
Presolved model has 50 bilinear constraint(s)

Solving non-convex MIQCP to global optimality

Variable types: 66 continuous, 46 integer (46 binary)
Root relaxation presolve removed 50 rows and 1 columns
Root relaxation presolved: 291 rows, 111 columns, 1160 nonzeros


Root relaxation: objective 8.333333e-02, 102 iterations, 0.00 seconds (0.00 work units)

    Nodes    |    Current Node    |     Objective Bounds      |     Work
 Expl Unexpl |  Obj  Depth IntInf | Incumbent    BestBd   Gap | It/Node Time

     0     0    0.08333    0   50   -0.00000    0.08333      -     -    0s
     0     0    0.08333    0   46   -0.00000    0.08333      -     -    0s
H    0     0                       0.0000001    0.08333      -     -    0s
H    0     0                       0.0000002    0.08333      -     -    0s
     0     0    0.08333    0   67    0.00000    0.08333      -     -    0s
     0     0    0.08333    0   58    0.00000    0.08333      -     -    0s
     0     0    0.08333    0   46    0.00000    0.08333      -     -    0s
     0     0    0.08333    0   56    0.00000    0.08333      -     -    0s
     0     0    0.08333    0   47    0.00000    0.08333      -     -    0s
     0     0    0.08333    0   47    0.00000    0.08333      -     -    0s
     0     0    0.08333    0   51    0.00000    0.08333      -     -    0s
     0     0    0.08333    0   47    0.00000    0.08333      -     -    0s
     0     0    0.08333    0   43    0.00000    0.08333      -     -    0s
     0     0    0.08333    0   43    0.00000    0.08333      -     -    0s
H    0     0                       0.0000002    0.08333      -     -    0s
     0     2    0.08333    0   43    0.00000    0.08333      -     -    0s
H   25    32                       0.0000002    0.08248      -  26.8    0s
H 1445  1224                       0.0000004    0.07794      -  26.4    1s
H 1724  1362                       0.0000005    0.07794      -  23.6    1s
H 1784  1297                       0.0000005    0.07794      -  22.9    1s
* 2166  1395             152       0.0000008    0.07794      -  20.3    1s
* 2167  1348             152       0.0000008    0.07794      -  20.3    1s
H 3280  1835                       0.0000012    0.07490      -  25.5    2s
 10245  7146     cutoff  110         0.00000    0.06253      -  31.8    5s
 25968 17812 infeasible   53         0.00000    0.05727      -  32.2   10s
 42866 29483    0.00003   72   49    0.00000    0.05444      -  32.6   15s
H60848 41762                       0.0000012    0.05246      -  32.6   19s
 62180 42661     cutoff   58         0.00000    0.05233      -  32.5   20s
 80101 54832     cutoff   92         0.00000    0.05092      -  32.7   25s
 98960 67419    0.00000   83   33    0.00000    0.05000      -  32.7   30s
 116088 78430    0.00759   41   51    0.00000    0.04926      -  32.9   35s
 135234 92793    0.00801   44   50    0.00000    0.04826      -  32.8   40s
 153243 102314    0.00037   58   52    0.00000    0.04771      -  32.9   45s
 172183 114461    0.00002   52   28    0.00000    0.04714      -  32.9   50s
 191131 126796    0.00000   56   34    0.00000    0.04669      -  32.9   55s
 209873 139126    0.02395   40   52    0.00000    0.04635      -  32.9   60s
 229155 151807    0.00038   61   50    0.00000    0.04598      -  33.1   65s
 248260 164494    0.03239   35   53    0.00000    0.04561      -  33.0   70s
H258763 171185                       0.0000012    0.04545      -  33.0   73s
 259887 174616    0.00000   70   31    0.00000    0.04545      -  33.0   75s
 281311 186141    0.00001   81   43    0.00000    0.04515      -  33.0   80s
H281333 186141                       0.0000012    0.04515      -  33.0   80s
 298027 197146    0.00876   38   44    0.00000    0.04487      -  33.0   85s
 315792 208553    0.01195   43   50    0.00000    0.04464      -  33.1   90s
 333868 220354    0.00465   36   51    0.00000    0.04442      -  33.1   95s
 353089 232360    0.00000   95   26    0.00000    0.04416      -  33.1  100s
 370129 243241 infeasible   53         0.00000    0.04396      -  33.1  105s
 373962 245991    0.00000   86   34    0.00000    0.04393      -  33.1  110s
 393542 257887    0.00000   84   30    0.00000    0.04367      -  33.1  115s
 412471 270202    0.00001   81   50    0.00000    0.04347      -  33.0  120s
 427924 279726    0.00000   70   34    0.00000    0.04330      -  33.0  125s
 447450 291975    0.01219   38   51    0.00000    0.04312      -  32.9  130s
 464454 303182     cutoff   81         0.00000    0.04301      -  32.9  135s
 482663 314816    0.00231   44   54    0.00000    0.04285      -  32.9  140s
 500751 326541    0.00861   50   44    0.00000    0.04270      -  32.9  145s
 520482 339402    0.02194   42   53    0.00000    0.04254      -  32.9  150s
 538888 350909    0.00649   45   52    0.00000    0.04240      -  32.9  155s
 557060 361929    0.00001   75   41    0.00000    0.04225      -  32.9  160s
 575692 374031    0.00164   55   51    0.00000    0.04215      -  32.9  165s
 595170 386670    0.00031   45   38    0.00000    0.04201      -  32.9  170s
 613094 398126    0.00025   72   52    0.00000    0.04188      -  32.9  175s
 631395 409407    0.00388   59   50    0.00000    0.04176      -  32.9  180s
 650048 421573     cutoff   38         0.00000    0.04167      -  32.9  185s
 670180 434796    0.00958   42   54    0.00000    0.04159      -  32.8  190s
 687786 445780    0.00055   65   50    0.00000    0.04148      -  32.8  195s
 704869 456866    0.00041   41   34    0.00000    0.04139      -  32.8  200s
 723113 468111    0.02596   33   41    0.00000    0.04130      -  32.8  205s
 740006 478822    0.00502   56   53    0.00000    0.04119      -  32.9  210s
 758263 491166    0.00106   63   36    0.00000    0.04113      -  32.9  215s
 776911 502769    0.00281   39   26    0.00000    0.04101      -  32.8  220s
 794971 513961    0.00020   60   50    0.00000    0.04092      -  32.8  225s
 815136 526999    0.00049   69   42    0.00000    0.04082      -  32.8  230s
 833375 538369    0.00594   39   44    0.00000    0.04075      -  32.8  235s
 851360 549990    0.00012   68   50    0.00000    0.04067      -  32.8  240s
 866626 559041    0.00007   45   37    0.00000    0.04058      -  32.8  245s
 886246 571215    0.00623   43   44    0.00000    0.04050      -  32.8  250s
 902419 581431    0.00131   54   50    0.00000    0.04042      -  32.8  255s
 917643 591785    0.00720   51   51    0.00000    0.04037      -  32.8  260s
 937159 604432    0.00042   48   46    0.00000    0.04030      -  32.8  265s
 953083 614445    0.00010   45   26    0.00000    0.04023      -  32.8  270s
 971336 625486    0.00002   96   34    0.00000    0.04015      -  32.8  275s
 989328 636592    0.00025   52   49    0.00000    0.04008      -  32.8  280s
 1005704 646707    0.00054   58   46    0.00000    0.04003      -  32.8  285s
 1023205 656687     cutoff   48         0.00000    0.03994      -  32.8  290s
 1041416 667733    0.00845   52   45    0.00000    0.03987      -  32.8  295s
H1058708 678616                       0.0000012    0.03981      -  32.8  299s
 1059762 679334    0.02382   34   53    0.00000    0.03980      -  32.8  300s
 1077287 690502    0.02303   32   52    0.00000    0.03975      -  32.8  305s
 1095337 701857     cutoff   28         0.00000    0.03970      -  32.8  310s
 1111315 711585    0.00653   36   43    0.00000    0.03964      -  32.8  315s
 1129540 722849    0.00003   71   40    0.00000    0.03958      -  32.7  320s
 1146497 733575    0.00181   50   54    0.00000    0.03952      -  32.7  325s
 1165317 745036    0.02318   37   51    0.00000    0.03946      -  32.7  330s
 1183100 756523     cutoff   51         0.00000    0.03940      -  32.7  335s
 1201902 767651     cutoff   71         0.00000    0.03933      -  32.7  340s
 1220910 779616    0.03745   36   53    0.00000    0.03927      -  32.7  345s
 1239192 790395    0.00008   56   44    0.00000    0.03921      -  32.7  350s
 1256944 801675    0.00076   50   38    0.00000    0.03915      -  32.7  355s
 1274684 812185     cutoff   63         0.00000    0.03910      -  32.7  360s

Cutting planes:
  Gomory: 14
  Lift-and-project: 1
  Implied bound: 23
  MIR: 11
  Flow cover: 49
  Inf proof: 5
  RLT: 100
  Relax-and-lift: 14
  BQP: 30

Explored 1274693 nodes (41651548 simplex iterations) in 360.00 seconds (373.05 work units)
Thread count was 4 (of 4 available processors)

Solution count 10: 1.16448e-06 1.16334e-06 1.16239e-06 ... 2.15925e-07

Time limit reached
Best objective 1.164475389656e-06, best bound 3.910357686170e-02, gap 3357942.3605%
{"verdict": "UNRESOLVED", "status": "TIME_LIMIT", "runtime": 360.00201392173767, "objval": 1.1644753896563356e-06, "objbound": 0.039103576861700504, "binaries": 46}
