Set parameter NodefileStart to value 6
Read parameters from file gurobi.env
Restricted license - for non-production use only - expires 2027-11-29
Set parameter OutputFlag to value 1
Set parameter Threads to value 4
Set parameter TimeLimit to value 360
Set parameter MIPGap to value 5e-05
Set parameter MIPFocus to value 2
Set parameter NonConvex to value 2
Set parameter BestBdStop to value 2.7426211734693878e-02
Gurobi Optimizer version 13.0.3 build v13.0.3rc0 (linux64 - "Ubuntu 24.04.5 LTS")

CPU model: INTEL(R) XEON(R) PLATINUM 8573C, instruction set [SSE2|AVX|AVX2|AVX512]
Thread count: 2 physical cores, 4 logical processors, using up to 4 threads

Non-default parameters:
TimeLimit  360
BestBdStop  2.7426211734693878e-02
MIPGap  5e-05
MIPFocus  2
NodefileStart  6
NonConvex  2
Threads  4

Optimize a model with 145 rows, 115 columns and 846 nonzeros (Max)
Model fingerprint: 0x91a19724
Model has 1 linear objective coefficients
Model has 50 quadratic constraints
Variable types: 65 continuous, 50 integer (50 binary)
Coefficient statistics:
  Matrix range     [5e-01, 1e+00]
  QMatrix range    [1e+00, 1e+00]
  QLMatrix range   [1e+00, 1e+00]
  Objective range  [1e+00, 1e+00]
  Bounds range     [5e-01, 1e+00]
  RHS range        [1e+00, 1e+00]

Found heuristic solution: objective -0.0000000
Presolve time: 0.00s
Presolved: 345 rows, 116 columns, 1246 nonzeros
Presolved model has 50 bilinear constraint(s)

Solving non-convex MIQCP to global optimality

Variable types: 66 continuous, 50 integer (50 binary)
Root relaxation presolve removed 50 rows and 1 columns
Root relaxation presolved: 295 rows, 115 columns, 1196 nonzeros


Root relaxation: objective 8.333333e-02, 113 iterations, 0.00 seconds (0.00 work units)

    Nodes    |    Current Node    |     Objective Bounds      |     Work
 Expl Unexpl |  Obj  Depth IntInf | Incumbent    BestBd   Gap | It/Node Time

     0     0    0.08333    0   48   -0.00000    0.08333      -     -    0s
     0     0    0.07143    0   50   -0.00000    0.07143      -     -    0s
     0     0    0.07143    0   60   -0.00000    0.07143      -     -    0s
     0     0    0.07143    0   59   -0.00000    0.07143      -     -    0s
H    0     0                       0.0000001    0.07143      -     -    0s
H    0     0                       0.0000002    0.07143      -     -    0s
     0     0    0.07143    0   58    0.00000    0.07143      -     -    0s
     0     0    0.07143    0   47    0.00000    0.07143      -     -    0s
     0     0    0.07143    0   46    0.00000    0.07143      -     -    0s
     0     0    0.07143    0   44    0.00000    0.07143      -     -    0s
     0     0    0.07143    0   43    0.00000    0.07143      -     -    0s
     0     0    0.07143    0   44    0.00000    0.07143      -     -    0s
     0     0    0.07143    0   44    0.00000    0.07143      -     -    0s
     0     2    0.07143    0   44    0.00000    0.07143      -     -    0s
H 1249   985                       0.0000005    0.07143      -  25.9    1s
H 1530  1132                       0.0008584    0.06693  7698%  26.0    2s
H 1620  1134                       0.0012054    0.06693  5453%  25.2    2s
H 1653  1016                       0.0077203    0.06358   724%  24.9    2s
H 1929  1088                       0.0084688    0.06012   610%  23.8    2s
H 2050   992                       0.0152194    0.06012   295%  23.3    2s
* 2055   952              85       0.0152203    0.06012   295%  23.2    2s
* 2120   899              85       0.0152203    0.05963   292%  23.2    2s
* 2121   864              85       0.0152205    0.05963   292%  23.2    2s
* 2122   830              85       0.0152205    0.05963   292%  23.2    2s
H 3189   823                       0.0179421    0.05559   210%  24.9    2s
 10838  3746    0.02780   26   44    0.01794    0.04685   161%  24.6    5s
 26358  7882    0.03693   21   58    0.01794    0.04275   138%  27.7   10s
H31876  8907                       0.0184465    0.04176   126%  28.7   11s
H31886  8355                       0.0197156    0.04176   112%  28.7   12s
H33317  8579                       0.0198732    0.04146   109%  28.9   12s
 39523  9961    0.03342   27   60    0.01987    0.04075   105%  29.5   15s
 54211 13347    0.02079   31   48    0.01987    0.03965   100%  30.2   20s
H55004 13324                       0.0199914    0.03958  98.0%  30.2   20s
H55006 13285                       0.0200558    0.03958  97.4%  30.2   20s
 71569 16442    0.02131   33   49    0.02006    0.03857  92.3%  30.6   25s
 89833 19387     cutoff   31         0.02006    0.03769  87.9%  30.8   30s
H96174 20690                       0.0200617    0.03743  86.6%  30.7   31s
 106805 22736    0.02852   33   48    0.02006    0.03711  85.0%  30.6   35s
 121538 25537    0.03627   26   59    0.02006    0.03675  83.2%  30.7   40s
 141348 28806     cutoff   39         0.02006    0.03618  80.3%  30.6   45s
 164414 33355     cutoff   35         0.02006    0.03569  77.9%  30.4   50s
H182826 36535                       0.0200617    0.03536  76.2%  30.2   54s
 183611 36680    0.02984   26   59    0.02006    0.03535  76.2%  30.2   55s
 199740 39360    0.02404   39   50    0.02006    0.03506  74.7%  30.1   60s
 220037 42455    0.02075   55   46    0.02006    0.03476  73.3%  30.0   65s
 235556 45040    0.02500   38   33    0.02006    0.03456  72.3%  30.0   70s
H236372 45177                       0.0200617    0.03455  72.2%  30.0   70s
 252124 47619     cutoff   37         0.02006    0.03433  71.1%  29.9   75s
 272730 50439    0.02225   40   50    0.02006    0.03408  69.9%  29.8   80s
H279080 51235                       0.0200997    0.03400  69.1%  29.7   81s
H279558 51260                       0.0200997    0.03399  69.1%  29.7   81s
H279771 51260                       0.0200997    0.03398  69.1%  29.7   81s
 289556 52726    0.02051   37   53    0.02010    0.03386  68.4%  29.7   85s
 306967 55106    0.02305   31   51    0.02010    0.03367  67.5%  29.6   90s
 330187 58548    0.02785   37   60    0.02010    0.03343  66.3%  29.5   95s
 350581 61310    0.02725   37   53    0.02010    0.03325  65.4%  29.4  100s
H360317 53958                       0.0221169    0.03316  49.9%  29.4  102s
H361400 54094                       0.0221169    0.03315  49.9%  29.4  103s
 366621 54677    0.02435   38   40    0.02212    0.03308  49.6%  29.3  105s
 385565 56411    0.03061   30   54    0.02212    0.03288  48.7%  29.2  110s
 404805 58101    0.03133   32   54    0.02212    0.03267  47.7%  29.1  115s
 421360 59607     cutoff   39         0.02212    0.03252  47.0%  29.0  120s
H436242 60689                       0.0221169    0.03239  46.4%  28.9  123s
 442873 61278     cutoff   36         0.02212    0.03234  46.2%  28.9  125s
 463173 63014    0.03151   29   68    0.02212    0.03215  45.4%  28.8  130s
 484861 64777     cutoff   34         0.02212    0.03197  44.6%  28.7  135s
 507134 66474     cutoff   44         0.02212    0.03178  43.7%  28.6  140s
 527259 67931    0.03084   34   66    0.02212    0.03162  43.0%  28.5  145s
 547701 69313 infeasible   28         0.02212    0.03146  42.2%  28.4  150s
 570358 70876    0.02472   36   58    0.02212    0.03131  41.6%  28.3  155s
 590743 72446     cutoff   44         0.02212    0.03117  40.9%  28.2  160s
H600712 72965                       0.0221169    0.03109  40.6%  28.2  162s
 606684 73334    0.02417   29   51    0.02212    0.03106  40.4%  28.1  165s
 626702 74670    0.02799   35   58    0.02212    0.03092  39.8%  28.1  170s
 647599 75970    0.02280   29   52    0.02212    0.03080  39.3%  28.0  175s
 666526 76850     cutoff   31         0.02212    0.03068  38.7%  28.0  180s
 685929 78053     cutoff   36         0.02212    0.03058  38.3%  27.9  185s
 707037 79039    0.02662   25   58    0.02212    0.03045  37.7%  27.8  190s
 727062 79821     cutoff   34         0.02212    0.03033  37.1%  27.8  195s
 748476 80629     cutoff   34         0.02212    0.03021  36.6%  27.7  200s
 769445 81338     cutoff   40         0.02212    0.03007  36.0%  27.6  205s
 786981 81975     cutoff   42         0.02212    0.02998  35.5%  27.6  210s
 809050 83082     cutoff   38         0.02212    0.02986  35.0%  27.5  215s
 827165 83826    0.02874   26   59    0.02212    0.02976  34.6%  27.4  220s
 847821 84479    0.02644   38   52    0.02212    0.02965  34.1%  27.4  225s
 866937 85295    0.02675   27   56    0.02212    0.02956  33.6%  27.3  230s
 890204 85783    0.02544   38   46    0.02212    0.02942  33.0%  27.2  235s
 911535 86727    0.02535   36   43    0.02212    0.02931  32.5%  27.2  240s
 934050 87177    0.02344   40   46    0.02212    0.02920  32.0%  27.1  245s
 956888 87666     cutoff   39         0.02212    0.02908  31.5%  27.0  250s
 971477 88261     cutoff   33         0.02212    0.02901  31.1%  27.0  255s
 993245 88912     cutoff   39         0.02212    0.02890  30.7%  26.9  260s
 1014312 89283    0.02535   33   58    0.02212    0.02880  30.2%  26.8  265s
 1034578 89800     cutoff   36         0.02212    0.02870  29.8%  26.8  270s
 1057360 90203    0.02741   40   55    0.02212    0.02859  29.3%  26.7  275s
 1078735 90653     cutoff   29         0.02212    0.02849  28.8%  26.7  280s
 1101323 90818    0.02337   44   40    0.02212    0.02838  28.3%  26.6  285s
 1123827 91146     cutoff   37         0.02212    0.02828  27.9%  26.5  290s
 1142184 91341     cutoff   32         0.02212    0.02820  27.5%  26.5  295s
 1164528 91334     cutoff   41         0.02212    0.02809  27.0%  26.4  300s
 1187256 91625    0.02245   36   40    0.02212    0.02799  26.6%  26.4  305s
 1209366 91639    0.02546   29   55    0.02212    0.02789  26.1%  26.3  310s
 1232120 91934    0.02652   37   56    0.02212    0.02779  25.6%  26.2  315s
 1254748 91680    0.02236   46   18    0.02212    0.02768  25.2%  26.2  320s
 1277737 91998    0.02463   27   53    0.02212    0.02759  24.8%  26.1  325s
 1299466 91899    0.02479   33   62    0.02212    0.02751  24.4%  26.1  330s
 1317040 92004    0.02680   37   58    0.02212    0.02745  24.1%  26.0  335s

Cutting planes:
  Gomory: 5
  Implied bound: 26
  MIR: 2
  Flow cover: 22
  RLT: 97
  Relax-and-lift: 5
  BQP: 13

Explored 1322648 nodes (34415652 simplex iterations) in 336.20 seconds (309.29 work units)
Thread count was 4 (of 4 available processors)

Solution count 10: 0.0221169 0.0200997 0.0200617 ... 0.0152205

Optimization achieved user objective limit
Best objective 2.211689977079e-02, best bound 2.742539191731e-02, gap 24.0020%
{"verdict": "PROVED", "status": "BOUND_REACHED", "runtime": 336.20108699798584, "objval": 0.02211689977079228, "objbound": 0.02742539191731072, "binaries": 50}
