Set parameter NodefileStart to value 6
Read parameters from file gurobi.env
Restricted license - for non-production use only - expires 2027-11-29
Set parameter OutputFlag to value 1
Set parameter Threads to value 4
Set parameter TimeLimit to value 360
Set parameter MIPGap to value 5e-05
Set parameter MIPFocus to value 2
Set parameter NonConvex to value 2
Set parameter BestBdStop to value 2.7426211734693878e-02
Gurobi Optimizer version 13.0.3 build v13.0.3rc0 (linux64 - "Ubuntu 24.04.5 LTS")

CPU model: AMD EPYC 7763 64-Core Processor, instruction set [SSE2|AVX|AVX2]
Thread count: 2 physical cores, 4 logical processors, using up to 4 threads

Non-default parameters:
TimeLimit  360
BestBdStop  2.7426211734693878e-02
MIPGap  5e-05
MIPFocus  2
NodefileStart  6
NonConvex  2
Threads  4

Optimize a model with 145 rows, 115 columns and 846 nonzeros (Max)
Model fingerprint: 0x85b24f69
Model has 1 linear objective coefficients
Model has 50 quadratic constraints
Variable types: 65 continuous, 50 integer (50 binary)
Coefficient statistics:
  Matrix range     [5e-01, 1e+00]
  QMatrix range    [1e+00, 1e+00]
  QLMatrix range   [1e+00, 1e+00]
  Objective range  [1e+00, 1e+00]
  Bounds range     [5e-01, 1e+00]
  RHS range        [1e+00, 1e+00]

Found heuristic solution: objective -0.0000000
Presolve time: 0.00s
Presolved: 345 rows, 116 columns, 1246 nonzeros
Presolved model has 50 bilinear constraint(s)

Solving non-convex MIQCP to global optimality

Variable types: 66 continuous, 50 integer (50 binary)
Root relaxation presolve removed 50 rows and 1 columns
Root relaxation presolved: 295 rows, 115 columns, 1196 nonzeros


Root relaxation: objective 8.333333e-02, 113 iterations, 0.00 seconds (0.00 work units)

    Nodes    |    Current Node    |     Objective Bounds      |     Work
 Expl Unexpl |  Obj  Depth IntInf | Incumbent    BestBd   Gap | It/Node Time

     0     0    0.08333    0   46   -0.00000    0.08333      -     -    0s
     0     0    0.07143    0   55   -0.00000    0.07143      -     -    0s
     0     0    0.07143    0   57   -0.00000    0.07143      -     -    0s
     0     0    0.07143    0   57   -0.00000    0.07143      -     -    0s
     0     0    0.07143    0   53   -0.00000    0.07143      -     -    0s
     0     0    0.07143    0   55   -0.00000    0.07143      -     -    0s
     0     0    0.07143    0   56   -0.00000    0.07143      -     -    0s
     0     0    0.07143    0   49   -0.00000    0.07143      -     -    0s
H    0     0                       0.0000000    0.07143      -     -    0s
     0     0    0.07143    0   54    0.00000    0.07143      -     -    0s
     0     0    0.07143    0   65    0.00000    0.07143      -     -    0s
     0     0    0.07143    0   53    0.00000    0.07143      -     -    0s
     0     0    0.07143    0   53    0.00000    0.07143      -     -    0s
     0     2    0.07143    0   53    0.00000    0.07143      -     -    0s
H  851   748                       0.0000002    0.07143      -  32.6    0s
H 1134   919                       0.0040816    0.05074  1143%  31.8    1s
H 1134   873                       0.0040823    0.05074  1143%  31.8    1s
H 1663  1189                       0.0045001    0.05074  1027%  28.7    1s
H 1793  1165                       0.0052851    0.05074   860%  28.0    1s
* 1800  1112              90       0.0060769    0.05074   735%  28.0    1s
H 2089  1140                       0.0063945    0.05074   693%  29.7    1s
H 2203  1244                       0.0063945    0.05074   693%  30.9    1s
H 3103  1588                       0.0064357    0.05074   688%  32.2    2s
H 4197  1695                       0.0085529    0.05074   493%  34.5    2s
H 7809  3056                       0.0093050    0.05028   440%  37.1    3s
 10752  4298    0.01029   34   51    0.00930    0.04930   430%  37.8    5s
H12624  4724                       0.0102319    0.04870   376%  38.4    5s
H18923  6421                       0.0143738    0.04706   227%  39.2    7s
H20186  6714                       0.0143738    0.04667   225%  39.2    7s
H20239  6752                       0.0143738    0.04667   225%  39.2    7s
H23761  7931                       0.0143739    0.04592   219%  39.5    9s
 24858  8287    0.01729   30   54    0.01437    0.04559   217%  39.4   10s
H25046  8287                       0.0143739    0.04555   217%  39.4   10s
 42458 13221    0.02825   29   53    0.01437    0.04297   199%  39.7   15s
 59577 17561    0.02101   27   63    0.01437    0.04066   183%  39.6   20s
 79344 23106    0.03087   26   60    0.01437    0.03919   173%  39.2   25s
 99139 27909    0.03586   23   53    0.01437    0.03775   163%  39.0   30s
 118466 32378     cutoff   28         0.01437    0.03673   156%  39.0   35s
 137721 36642    0.02047   29   50    0.01437    0.03587   150%  38.8   40s
 155086 41237    0.01450   33   41    0.01437    0.03529   145%  38.6   46s
 174875 44754    0.02144   26   51    0.01437    0.03462   141%  38.3   50s
 195051 48674     cutoff   39         0.01437    0.03411   137%  38.1   55s
 215491 52467     cutoff   31         0.01437    0.03355   133%  37.9   60s
 235942 56256    0.02345   29   50    0.01437    0.03313   131%  37.7   65s
 256927 59962     cutoff   37         0.01437    0.03267   127%  37.6   70s
 277347 63714    0.02194   28   55    0.01437    0.03229   125%  37.5   75s
 294463 66837     cutoff   32         0.01437    0.03203   123%  37.3   80s
 315008 70318    0.01648   31   43    0.01437    0.03174   121%  37.2   85s
 331447 73216    0.02457   28   44    0.01437    0.03149   119%  37.1   90s
 352240 77005    0.01798   28   49    0.01437    0.03120   117%  37.0   95s
 372116 80403    0.02364   29   50    0.01437    0.03093   115%  36.9  100s
 392854 83793     cutoff   30         0.01437    0.03070   114%  36.8  105s
 413997 87162    0.02777   28   57    0.01437    0.03045   112%  36.7  110s
 434742 90540     cutoff   33         0.01437    0.03025   110%  36.7  115s
 455530 94001    0.01746   34   50    0.01437    0.03005   109%  36.6  120s
 476246 97218     cutoff   28         0.01437    0.02985   108%  36.5  125s
 496321 100438     cutoff   33         0.01437    0.02967   106%  36.5  130s
 516412 103369    0.01607   33   55    0.01437    0.02948   105%  36.4  135s
 532855 106365     cutoff   33         0.01437    0.02938   104%  36.3  140s
 553884 109508     cutoff   25         0.01437    0.02923   103%  36.3  145s
 574459 112603    0.02205   28   53    0.01437    0.02907   102%  36.2  150s
 595087 115646    0.01592   23   53    0.01437    0.02890   101%  36.2  155s
H604045 116890                       0.0143739    0.02884   101%  36.1  157s
H604429 116975                       0.0143741    0.02883   101%  36.1  157s
H605732 117171                       0.0143741    0.02883   101%  36.1  157s
 614223 118530     cutoff   34         0.01437    0.02878   100%  36.1  160s
 635381 121589    0.02860   27   46    0.01437    0.02862  99.1%  36.1  165s
 656565 124593     cutoff   36         0.01437    0.02848  98.1%  36.0  170s
 677072 127444 infeasible   33         0.01437    0.02835  97.2%  35.9  175s
 697836 130230     cutoff   31         0.01437    0.02823  96.4%  35.9  180s
 717837 132993    0.02099   39   49    0.01437    0.02812  95.6%  35.9  185s
H717842 132436                       0.0144586    0.02812  94.5%  35.9  185s
H719071 129924                       0.0148831    0.02811  88.9%  35.9  185s
H720185 130055                       0.0148831    0.02810  88.8%  35.9  186s
H720965 129951                       0.0149255    0.02810  88.3%  35.9  186s
H721959 130069                       0.0149255    0.02809  88.2%  35.9  186s
 734248 131662    0.01634   30   40    0.01493    0.02802  87.7%  35.8  190s
 751686 133795     cutoff   34         0.01493    0.02792  87.1%  35.8  195s
 772082 136561    0.01761   29   58    0.01493    0.02781  86.3%  35.8  200s
 792825 139101    0.02476   33   55    0.01493    0.02770  85.6%  35.7  205s
H804320 140478                       0.0149256    0.02764  85.2%  35.7  207s
H804667 134490                       0.0156865    0.02764  76.2%  35.7  208s
H805932 132990                       0.0158613    0.02763  74.2%  35.7  208s
H806091 133005                       0.0158613    0.02763  74.2%  35.7  208s
 809485 133314 infeasible   26         0.01586    0.02761  74.1%  35.7  210s
 830636 135311     cutoff   35         0.01586    0.02749  73.3%  35.7  215s

Cutting planes:
  Gomory: 11
  Implied bound: 26
  MIR: 2
  Flow cover: 12
  RLT: 79
  Relax-and-lift: 8
  BQP: 26

Explored 842162 nodes (30005578 simplex iterations) in 217.79 seconds (238.96 work units)
Thread count was 4 (of 4 available processors)

Solution count 10: 0.0158613 0.0156865 0.0149256 ... 0.0143739

Optimization achieved user objective limit
Best objective 1.586129050009e-02, best bound 2.742336729846e-02, gap 72.8949%
{"verdict": "PROVED", "status": "BOUND_REACHED", "runtime": 217.79783082008362, "objval": 0.015861290500093786, "objbound": 0.027423367298458894, "binaries": 50}
