Set parameter NodefileStart to value 6
Read parameters from file gurobi.env
Restricted license - for non-production use only - expires 2027-11-29
Set parameter OutputFlag to value 1
Set parameter Threads to value 4
Set parameter TimeLimit to value 360
Set parameter MIPGap to value 5e-05
Set parameter MIPFocus to value 2
Set parameter NonConvex to value 2
Set parameter BestBdStop to value 2.7426211734693878e-02
Gurobi Optimizer version 13.0.3 build v13.0.3rc0 (linux64 - "Ubuntu 24.04.5 LTS")

CPU model: AMD EPYC 7763 64-Core Processor, instruction set [SSE2|AVX|AVX2]
Thread count: 2 physical cores, 4 logical processors, using up to 4 threads

Non-default parameters:
TimeLimit  360
BestBdStop  2.7426211734693878e-02
MIPGap  5e-05
MIPFocus  2
NodefileStart  6
NonConvex  2
Threads  4

Optimize a model with 129 rows, 99 columns and 714 nonzeros (Max)
Model fingerprint: 0xf9633eba
Model has 1 linear objective coefficients
Model has 50 quadratic constraints
Variable types: 65 continuous, 34 integer (34 binary)
Coefficient statistics:
  Matrix range     [5e-01, 1e+00]
  QMatrix range    [1e+00, 1e+00]
  QLMatrix range   [1e+00, 1e+00]
  Objective range  [1e+00, 1e+00]
  Bounds range     [5e-01, 1e+00]
  RHS range        [1e+00, 1e+00]

Found heuristic solution: objective -0.0000000
Presolve time: 0.00s
Presolved: 329 rows, 100 columns, 1114 nonzeros
Presolved model has 50 bilinear constraint(s)

Solving non-convex MIQCP to global optimality

Variable types: 66 continuous, 34 integer (34 binary)
Root relaxation presolve removed 58 rows and 5 columns
Root relaxation presolved: 271 rows, 95 columns, 1016 nonzeros


Root relaxation: objective 7.500000e-02, 118 iterations, 0.00 seconds (0.00 work units)

    Nodes    |    Current Node    |     Objective Bounds      |     Work
 Expl Unexpl |  Obj  Depth IntInf | Incumbent    BestBd   Gap | It/Node Time

     0     0    0.07500    0   52   -0.00000    0.07500      -     -    0s
     0     0    0.05446    0   56   -0.00000    0.05446      -     -    0s
     0     0    0.04455    0   56   -0.00000    0.04455      -     -    0s
     0     0    0.04455    0   55   -0.00000    0.04455      -     -    0s
     0     0    0.04314    0   57   -0.00000    0.04314      -     -    0s
     0     0    0.04301    0   57   -0.00000    0.04301      -     -    0s
     0     0    0.04301    0   55   -0.00000    0.04301      -     -    0s
     0     0    0.04301    0   53   -0.00000    0.04301      -     -    0s
     0     0    0.04301    0   53   -0.00000    0.04301      -     -    0s
     0     0    0.04301    0   54   -0.00000    0.04301      -     -    0s
     0     0    0.04301    0   54   -0.00000    0.04301      -     -    0s
     0     0    0.04196    0   53   -0.00000    0.04196      -     -    0s
     0     2    0.04196    0   53   -0.00000    0.04196      -     -    0s
*  466   449              68       0.0000000    0.04093      -  27.9    0s
*  711   634              96       0.0000000    0.04069      -  25.3    0s
*  800   681             100       0.0000000    0.03606      -  24.0    0s
*  801   681             100       0.0000000    0.03606      -  24.0    0s
*  846   740              77       0.0000002    0.03606      -  23.5    0s

Cutting planes:
  Flow cover: 1
  RLT: 27
  BQP: 3

Explored 1143 nodes (27097 simplex iterations) in 1.31 seconds (0.78 work units)
Thread count was 4 (of 4 available processors)

Solution count 6: 2.14239e-07 3.49073e-08 3.37433e-08 ... -0

Optimization achieved user objective limit
Best objective 2.142392082649e-07, best bound 2.471464002958e-02, gap -
{"verdict": "PROVED", "status": "BOUND_REACHED", "runtime": 1.3156349658966064, "objval": 2.1423920826489796e-07, "objbound": 0.024714640029578468, "binaries": 34}
