Set parameter NodefileStart to value 6
Read parameters from file gurobi.env
Restricted license - for non-production use only - expires 2027-11-29
Set parameter OutputFlag to value 1
Set parameter Threads to value 4
Set parameter TimeLimit to value 360
Set parameter MIPGap to value 5e-05
Set parameter MIPFocus to value 2
Set parameter NonConvex to value 2
Set parameter BestBdStop to value 2.7426211734693878e-02
Gurobi Optimizer version 13.0.3 build v13.0.3rc0 (linux64 - "Ubuntu 24.04.5 LTS")

CPU model: AMD EPYC 9V45 96-Core Processor, instruction set [SSE2|AVX|AVX2|AVX512]
Thread count: 2 physical cores, 4 logical processors, using up to 4 threads

Non-default parameters:
TimeLimit  360
BestBdStop  2.7426211734693878e-02
MIPGap  5e-05
MIPFocus  2
NodefileStart  6
NonConvex  2
Threads  4

Optimize a model with 125 rows, 95 columns and 686 nonzeros (Max)
Model fingerprint: 0xf61ee90b
Model has 1 linear objective coefficients
Model has 50 quadratic constraints
Variable types: 65 continuous, 30 integer (30 binary)
Coefficient statistics:
  Matrix range     [5e-01, 1e+00]
  QMatrix range    [1e+00, 1e+00]
  QLMatrix range   [1e+00, 1e+00]
  Objective range  [1e+00, 1e+00]
  Bounds range     [5e-01, 1e+00]
  RHS range        [1e+00, 1e+00]

Found heuristic solution: objective -0.0000000
Presolve time: 0.00s
Presolved: 325 rows, 96 columns, 1086 nonzeros
Presolved model has 50 bilinear constraint(s)

Solving non-convex MIQCP to global optimality

Variable types: 66 continuous, 30 integer (30 binary)
Root relaxation presolve removed 50 rows and 1 columns
Root relaxation presolved: 275 rows, 95 columns, 1036 nonzeros


Root relaxation: objective 6.250000e-02, 120 iterations, 0.00 seconds (0.00 work units)

    Nodes    |    Current Node    |     Objective Bounds      |     Work
 Expl Unexpl |  Obj  Depth IntInf | Incumbent    BestBd   Gap | It/Node Time

     0     0    0.06250    0   51   -0.00000    0.06250      -     -    0s
     0     0    0.06250    0   51   -0.00000    0.06250      -     -    0s
     0     0    0.05882    0   39   -0.00000    0.05882      -     -    0s
     0     0    0.05507    0   54   -0.00000    0.05507      -     -    0s
     0     0    0.05507    0   55   -0.00000    0.05507      -     -    0s
     0     0    0.05449    0   56   -0.00000    0.05449      -     -    0s
     0     0    0.05449    0   56   -0.00000    0.05449      -     -    0s
     0     0    0.05449    0   51   -0.00000    0.05449      -     -    0s
     0     0    0.05449    0   51   -0.00000    0.05449      -     -    0s
     0     0    0.05449    0   51   -0.00000    0.05449      -     -    0s
     0     0    0.05449    0   51   -0.00000    0.05449      -     -    0s
     0     2    0.05449    0   51   -0.00000    0.05449      -     -    0s
*  770   753             108       0.0000003    0.05449      -  16.4    0s
*  771   753             109       0.0000003    0.05449      -  16.3    0s
*  837   753             110       0.0000004    0.05449      -  15.7    0s
* 1887  1406             115       0.0000006    0.05098      -  16.4    0s
* 1889  1360             115       0.0000006    0.05098      -  16.4    0s
* 1890  1316             115       0.0000006    0.05098      -  16.4    0s
* 1926  1263             109       0.0000008    0.05098      -  16.3    0s
* 1927  1224             109       0.0000008    0.05098      -  16.3    0s
* 1944  1179             108       0.0000009    0.05098      -  16.3    0s
H23225 16130                       0.0000011    0.03655      -  22.1    3s
 31783 22474    0.00000   96   24    0.00000    0.03607      -  22.2    5s
 77088 54116    0.00000   56   21    0.00000    0.03273      -  23.1   10s
 120865 84761    0.00077   42   43    0.00000    0.03111      -  23.9   15s
 156925 108656     cutoff   65         0.00000    0.03033      -  24.2   20s
 200904 139077    0.00023   67   20    0.00000    0.02952      -  24.2   25s
 244437 168796    0.00124   38   32    0.00000    0.02874      -  24.0   30s
 289234 198458    0.01247   33   53    0.00000    0.02809      -  24.1   35s
 331080 224992    0.00273   41   50    0.00000    0.02759      -  24.3   40s

Cutting planes:
  Gomory: 4
  RLT: 28
  Relax-and-lift: 1
  BQP: 4

Explored 344655 nodes (8388167 simplex iterations) in 41.68 seconds (64.34 work units)
Thread count was 4 (of 4 available processors)

Solution count 10: 1.0918e-06 8.81311e-07 8.08438e-07 ... 2.82976e-07

Optimization achieved user objective limit
Best objective 1.091804311165e-06, best bound 2.742115499184e-02, gap 2511444.8539%
{"verdict": "PROVED", "status": "BOUND_REACHED", "runtime": 41.67580819129944, "objval": 1.0918043111654814e-06, "objbound": 0.02742115499184262, "binaries": 30}
