Set parameter NodefileStart to value 6
Read parameters from file gurobi.env
Restricted license - for non-production use only - expires 2027-11-29
Set parameter OutputFlag to value 1
Set parameter Threads to value 4
Set parameter TimeLimit to value 360
Set parameter MIPGap to value 5e-05
Set parameter MIPFocus to value 2
Set parameter NonConvex to value 2
Set parameter BestBdStop to value 2.7426211734693878e-02
Gurobi Optimizer version 13.0.3 build v13.0.3rc0 (linux64 - "Ubuntu 24.04.5 LTS")

CPU model: AMD EPYC 9V74 80-Core Processor, instruction set [SSE2|AVX|AVX2]
Thread count: 2 physical cores, 4 logical processors, using up to 4 threads

Non-default parameters:
TimeLimit  360
BestBdStop  2.7426211734693878e-02
MIPGap  5e-05
MIPFocus  2
NodefileStart  6
NonConvex  2
Threads  4

Optimize a model with 141 rows, 111 columns and 810 nonzeros (Max)
Model fingerprint: 0x068581d1
Model has 1 linear objective coefficients
Model has 50 quadratic constraints
Variable types: 65 continuous, 46 integer (46 binary)
Coefficient statistics:
  Matrix range     [5e-01, 1e+00]
  QMatrix range    [1e+00, 1e+00]
  QLMatrix range   [1e+00, 1e+00]
  Objective range  [1e+00, 1e+00]
  Bounds range     [5e-01, 1e+00]
  RHS range        [1e+00, 1e+00]

Found heuristic solution: objective -0.0000000
Presolve time: 0.00s
Presolved: 341 rows, 112 columns, 1210 nonzeros
Presolved model has 50 bilinear constraint(s)

Solving non-convex MIQCP to global optimality

Variable types: 66 continuous, 46 integer (46 binary)
Root relaxation presolve removed 50 rows and 1 columns
Root relaxation presolved: 291 rows, 111 columns, 1160 nonzeros


Root relaxation: objective 8.333333e-02, 121 iterations, 0.00 seconds (0.00 work units)

    Nodes    |    Current Node    |     Objective Bounds      |     Work
 Expl Unexpl |  Obj  Depth IntInf | Incumbent    BestBd   Gap | It/Node Time

     0     0    0.08333    0   47   -0.00000    0.08333      -     -    0s
     0     0    0.08333    0   57   -0.00000    0.08333      -     -    0s
     0     0    0.08333    0   66   -0.00000    0.08333      -     -    0s
     0     0    0.08333    0   43   -0.00000    0.08333      -     -    0s
     0     0    0.07895    0   49   -0.00000    0.07895      -     -    0s
     0     0    0.07895    0   56   -0.00000    0.07895      -     -    0s
     0     0    0.07692    0   65   -0.00000    0.07692      -     -    0s
     0     0    0.07692    0   52   -0.00000    0.07692      -     -    0s
     0     0    0.07692    0   53   -0.00000    0.07692      -     -    0s
     0     0    0.07692    0   59   -0.00000    0.07692      -     -    0s
     0     0    0.07692    0   57   -0.00000    0.07692      -     -    0s
     0     0    0.07692    0   59   -0.00000    0.07692      -     -    0s
     0     0    0.07692    0   59   -0.00000    0.07692      -     -    0s
     0     2    0.07692    0   59   -0.00000    0.07692      -     -    0s
*  691   645              99       0.0000000    0.07692      -  22.7    0s
H  831   770                       0.0000004    0.07692      -  22.4    0s
H  894   770                       0.0000005    0.07692      -  22.1    0s
H 1199   947                       0.0000006    0.07692      -  24.8    1s
* 1916  1359             114       0.0000006    0.06538      -  24.6    1s
H 2713  1749                       0.0000007    0.05877      -  23.5    1s
H 3869  2499                       0.0000010    0.05877      -  21.5    2s
H 5041  3549                       0.0000013    0.05663      -  20.2    2s
 13863 10201     cutoff   58         0.00000    0.05053      -  23.9    5s
 30571 21304    0.00200   54   45    0.00000    0.04722      -  26.7   10s
 51079 34995    0.00108   43   45    0.00000    0.04591      -  27.9   15s
 72947 49535     cutoff   40         0.00000    0.04507      -  27.4   20s
 95007 65157    0.00043   60   51    0.00000    0.04451      -  27.6   25s
 116303 79544    0.00000   84   31    0.00000    0.04404      -  27.7   30s
 137193 93560    0.00049   45   36    0.00000    0.04365      -  27.7   35s
 156371 106316    0.00007   57   32    0.00000    0.04342      -  27.9   40s
 177634 120524    0.00000   73   24    0.00000    0.04321      -  27.8   45s
 198483 134827    0.00066   49   48    0.00000    0.04300      -  27.9   50s
 219171 148243    0.00012   49   31    0.00000    0.04278      -  27.9   55s
 241024 162847    0.01190   51   45    0.00000    0.04253      -  28.1   60s
 261232 175995    0.01282   46   50    0.00000    0.04230      -  28.2   65s
 281946 189935    0.00001  105   44    0.00000    0.04215      -  28.2   70s
 301695 206353    0.01780   43   51    0.00000    0.04197      -  28.3   76s
 319735 216100    0.00008   71   40    0.00000    0.04187      -  28.2   80s
H325016 219454                       0.0000013    0.04183      -  28.2   81s
H326341 219952                       0.0000014    0.04183      -  28.2   82s
H326342 219927                       0.0000014    0.04183      -  28.2   82s
H327682 220649                       0.0000015    0.04181      -  28.2   82s
 334127 224651    0.00381   56   43    0.00000    0.04174      -  28.2   85s
 353980 237753    0.00726   41   39    0.00000    0.04160      -  28.2   90s
 374580 251406    0.00416   48   37    0.00000    0.04144      -  28.2   95s
 395016 264917     cutoff   64         0.00000    0.04131      -  28.2  100s
 414751 277689    0.00306   50   54    0.00000    0.04120      -  28.3  105s
 431415 288450     cutoff   53         0.00000    0.04109      -  28.3  110s
 452918 303565    0.01439   43   52    0.00000    0.04099      -  28.3  115s
 466381 312184    0.00008   62   43    0.00000    0.04092      -  28.3  120s
 486823 326062    0.00003   74   49    0.00000    0.04084      -  28.3  125s
 508706 341040    0.00764   43   50    0.00000    0.04075      -  28.4  130s
 529908 354557    0.00021   59   45    0.00000    0.04064      -  28.3  135s
 547003 366038    0.00000   89   41    0.00000    0.04056      -  28.4  140s
 569555 380477    0.00656   41   52    0.00000    0.04046      -  28.3  145s
 590498 394286    0.00266   45   36    0.00000    0.04037      -  28.3  150s
 608852 406211    0.00002   71   43    0.00000    0.04030      -  28.3  155s
 627439 418262    0.00011   62   50    0.00000    0.04021      -  28.3  160s
 649623 432998    0.02024   38   50    0.00000    0.04014      -  28.3  165s
 669890 446570    0.00032   52   52    0.00000    0.04009      -  28.3  170s
 690777 459716    0.03935   33   44    0.00000    0.04002      -  28.3  175s
 712849 473558    0.00948   43   44    0.00000    0.03994      -  28.3  180s
 733419 487315    0.00012   44   32    0.00000    0.03986      -  28.3  185s
 748423 498738    0.00009   61   39    0.00000    0.03983      -  28.3  190s
 772906 512599    0.01874   40   50    0.00000    0.03975      -  28.3  195s
 793605 525844    0.00016   63   26    0.00000    0.03968      -  28.4  200s
 813257 538633    0.01418   49   50    0.00000    0.03962      -  28.4  205s
 833348 551574    0.00095   43   27    0.00000    0.03955      -  28.4  210s
 855348 565585    0.00463   51   53    0.00000    0.03949      -  28.4  215s
 873501 577733     cutoff   44         0.00000    0.03943      -  28.5  220s
 889636 587408    0.02730   35   40    0.00000    0.03938      -  28.5  225s
 909557 599526    0.00002   58    7    0.00000    0.03932      -  28.4  230s
 925665 609713    0.00032   51   50    0.00000    0.03927      -  28.4  235s
 946783 623227    0.00240   60   50    0.00000    0.03921      -  28.5  240s
 967596 636080    0.00947   34   45    0.00000    0.03916      -  28.5  245s
 987293 648229    0.01911   41   38    0.00000    0.03911      -  28.5  250s
 1006542 660514    0.00022   63   52    0.00000    0.03907      -  28.5  255s
 1025162 672672    0.00570   55   51    0.00000    0.03902      -  28.5  260s
 1044715 685063    0.02580   36   51    0.00000    0.03898      -  28.5  265s
 1064493 698656    0.00048   58   47    0.00000    0.03894      -  28.5  270s
 1086516 712199    0.00003   83   43    0.00000    0.03888      -  28.5  275s
 1106364 725374    0.00071   44   43    0.00000    0.03884      -  28.5  280s
 1126030 738518    0.02090   41   50    0.00000    0.03880      -  28.5  285s
 1147025 751629     cutoff   76         0.00000    0.03875      -  28.6  290s
 1166404 764455    0.01101   48   51    0.00000    0.03872      -  28.6  295s
 1183215 775051    0.00002   79   51    0.00000    0.03868      -  28.6  300s
 1201471 787029    0.00001   70   20    0.00000    0.03865      -  28.6  305s
 1222597 799900    0.01305   38   51    0.00000    0.03860      -  28.6  310s
 1242520 812750    0.03343   38   45    0.00000    0.03856      -  28.6  315s
 1262150 825379    0.00631   54   51    0.00000    0.03854      -  28.6  320s
 1283325 838884    0.03746   36   51    0.00000    0.03851      -  28.6  325s
 1303189 851298    0.01441   43   55    0.00000    0.03849      -  28.6  330s
 1321970 863113    0.00000   91   43    0.00000    0.03846      -  28.6  335s
 1340646 875474     cutoff   55         0.00000    0.03844      -  28.6  340s
 1361442 889584 infeasible   56         0.00000    0.03840      -  28.6  345s
 1379221 900370    0.01467   42   50    0.00000    0.03837      -  28.6  350s
 1399927 913254     cutoff   57         0.00000    0.03833      -  28.6  355s
 1417263 923510    0.00000   75   39    0.00000    0.03829      -  28.6  360s

Cutting planes:
  Gomory: 11
  Lift-and-project: 1
  Implied bound: 21
  MIR: 22
  Mixing: 3
  Flow cover: 62
  Inf proof: 8
  RLT: 72
  Relax-and-lift: 16
  BQP: 28

Explored 1417501 nodes (40533418 simplex iterations) in 360.00 seconds (366.13 work units)
Thread count was 4 (of 4 available processors)

Solution count 10: 1.46956e-06 1.44284e-06 1.43665e-06 ... 4.9367e-07

Time limit reached
Best objective 1.469555099947e-06, best bound 3.828989104626e-02, gap 2605443.0686%
{"verdict": "UNRESOLVED", "status": "TIME_LIMIT", "runtime": 360.0027639865875, "objval": 1.4695550999474855e-06, "objbound": 0.03828989104626271, "binaries": 46}
