Set parameter NodefileStart to value 6
Read parameters from file gurobi.env
Restricted license - for non-production use only - expires 2027-11-29
Set parameter OutputFlag to value 1
Set parameter Threads to value 4
Set parameter TimeLimit to value 360
Set parameter MIPGap to value 5e-05
Set parameter MIPFocus to value 2
Set parameter NonConvex to value 2
Set parameter BestBdStop to value 2.7426211734693878e-02
Gurobi Optimizer version 13.0.3 build v13.0.3rc0 (linux64 - "Ubuntu 24.04.5 LTS")

CPU model: AMD EPYC 9V74 80-Core Processor, instruction set [SSE2|AVX|AVX2|AVX512]
Thread count: 2 physical cores, 4 logical processors, using up to 4 threads

Non-default parameters:
TimeLimit  360
BestBdStop  2.7426211734693878e-02
MIPGap  5e-05
MIPFocus  2
NodefileStart  6
NonConvex  2
Threads  4

Optimize a model with 141 rows, 111 columns and 810 nonzeros (Max)
Model fingerprint: 0xe866eb38
Model has 1 linear objective coefficients
Model has 50 quadratic constraints
Variable types: 65 continuous, 46 integer (46 binary)
Coefficient statistics:
  Matrix range     [5e-01, 1e+00]
  QMatrix range    [1e+00, 1e+00]
  QLMatrix range   [1e+00, 1e+00]
  Objective range  [1e+00, 1e+00]
  Bounds range     [5e-01, 1e+00]
  RHS range        [1e+00, 1e+00]

Found heuristic solution: objective -0.0000000
Presolve time: 0.00s
Presolved: 341 rows, 112 columns, 1210 nonzeros
Presolved model has 50 bilinear constraint(s)

Solving non-convex MIQCP to global optimality

Variable types: 66 continuous, 46 integer (46 binary)
Root relaxation presolve removed 50 rows and 1 columns
Root relaxation presolved: 291 rows, 111 columns, 1160 nonzeros


Root relaxation: objective 1.250000e-01, 124 iterations, 0.00 seconds (0.00 work units)

    Nodes    |    Current Node    |     Objective Bounds      |     Work
 Expl Unexpl |  Obj  Depth IntInf | Incumbent    BestBd   Gap | It/Node Time

     0     0    0.12500    0   55   -0.00000    0.12500      -     -    0s
     0     0    0.12500    0   70   -0.00000    0.12500      -     -    0s
     0     0    0.11538    0   58   -0.00000    0.11538      -     -    0s
     0     0    0.11538    0   56   -0.00000    0.11538      -     -    0s
H    0     0                       0.0000000    0.11538      -     -    0s
H    0     0                       0.0000000    0.11538      -     -    0s
H    0     0                       0.0000000    0.11538      -     -    0s
H    0     0                       0.0000000    0.11538      -     -    0s
H    0     0                       0.0000000    0.11538      -     -    0s
     0     0    0.10185    0   63    0.00000    0.10185      -     -    0s
     0     0    0.10185    0   67    0.00000    0.10185      -     -    0s
     0     0    0.10185    0   63    0.00000    0.10185      -     -    0s
     0     0    0.10185    0   65    0.00000    0.10185      -     -    0s
     0     0    0.10185    0   65    0.00000    0.10185      -     -    0s
     0     0    0.10156    0   62    0.00000    0.10156      -     -    0s
     0     0    0.10156    0   62    0.00000    0.10156      -     -    0s
     0     0    0.10119    0   62    0.00000    0.10119      -     -    0s
     0     0    0.10119    0   62    0.00000    0.10119      -     -    0s
     0     0    0.10000    0   78    0.00000    0.10000      -     -    0s
     0     0    0.10000    0   62    0.00000    0.10000      -     -    0s
     0     0    0.10000    0   62    0.00000    0.10000      -     -    0s
     0     0    0.10000    0   62    0.00000    0.10000      -     -    0s
     0     2    0.10000    0   62    0.00000    0.10000      -     -    0s
H  630   600                       0.0000005    0.08333      -  29.2    0s
H 1148   926                       0.0056253    0.06214  1005%  29.1    1s
H 1151   881                       0.0078511    0.05642   619%  29.0    1s
H 1155   840                       0.0095902    0.05348   458%  28.9    1s
H 1155   797                       0.0095904    0.05348   458%  28.9    1s
H 1166   765                       0.0102311    0.05019   391%  30.0    1s
H 1169   729                       0.0111527    0.05019   350%  29.9    1s
H 1170   692                       0.0133210    0.05019   277%  29.9    1s
H 1170   657                       0.0133211    0.05019   277%  29.9    1s
H 1249   673                       0.0133216    0.05019   277%  31.8    2s
H 2086   905                       0.0164276    0.05019   206%  36.2    2s
H 3158   944                       0.0176834    0.05019   184%  40.4    3s
  7777  2226    0.02407   44   40    0.01768    0.04404   149%  42.7    5s
 25523  5990    0.02155   45   58    0.01768    0.03623   105%  41.2   10s
 42465  9313    0.02332   41   49    0.01768    0.03354  89.7%  39.3   15s
H60704 11344                       0.0184617    0.03182  72.3%  37.9   19s
H61079 11415                       0.0184618    0.03180  72.2%  37.9   19s
 62118 11543    0.02377   48   45    0.01846    0.03169  71.7%  37.8   20s
H65228 11935                       0.0184618    0.03149  70.6%  37.6   20s
H65306 11935                       0.0184618    0.03149  70.6%  37.6   20s
H65679 11976                       0.0184618    0.03147  70.5%  37.6   21s
H66302 12074                       0.0184618    0.03140  70.1%  37.6   21s
H66807 12118                       0.0184618    0.03137  69.9%  37.5   21s
H73116 12907                       0.0184618    0.03091  67.4%  37.3   23s
 80214 13763     cutoff   50         0.01846    0.03046  65.0%  36.9   25s
 99654 15622    0.01937   50   51    0.01846    0.02934  58.9%  36.3   30s
 120665 17433    0.02034   70   27    0.01846    0.02839  53.8%  35.6   35s
H124801 14163                       0.0203044    0.02825  39.1%  35.4   35s
H125110 14152                       0.0203044    0.02823  39.1%  35.4   35s
H125524 14184                       0.0203044    0.02822  39.0%  35.4   35s

Cutting planes:
  Gomory: 4
  Implied bound: 6
  Flow cover: 24
  RLT: 81
  BQP: 19

Explored 141033 nodes (4939944 simplex iterations) in 39.88 seconds (42.64 work units)
Thread count was 4 (of 4 available processors)

Solution count 10: 0.0203044 0.0184618 0.0184618 ... 0.0111527

Optimization achieved user objective limit
Best objective 2.030440011495e-02, best bound 2.742048901417e-02, gap 35.0470%
{"verdict": "PROVED", "status": "BOUND_REACHED", "runtime": 39.87869691848755, "objval": 0.020304400114945723, "objbound": 0.027420489014167077, "binaries": 46}
