11:44:38 UTC start: 1 unresolved seed region(s) and 0 missing piece(s) under [[[0,2,4],1],[[0,2,5],0],[[0,2,6],0],[[0,2,7],0],[[0,2,8],0],[[0,3,4],0],[[0,3,5],0],[[0,3,6],0],[[0,3,7],0],[[0,3,8],0],[[1,2,4],1],[[1,2,5],1],[[1,2,6],1],[[1,2,7],1],[[1,2,8],1],[[1,3,4],1],[[1,3,5],1],[[1,3,6],1],[[1,3,7],0],[[1,3,8],0],[[2,3,4],1],[[2,3,5],1],[[2,3,6],1],[[2,3,7],1],[[2,3,8],1],[[4,5,6],1],[[4,5,7],0],[[4,5,8],0],[[4,6,7],1]]
11:49:42 UTC split region (bound/target 36.461) on [[4,6,8],[4,7,8],[5,6,7],[5,6,8]]: 11 pieces proved, 5 open; total runs 16, proved 11, open regions 5
11:50:47 UTC region PROVED by a 300 s run (65 s); open 4
11:53:10 UTC split region (bound/target 1.176) on [[5,7,8],[6,7,8],[0,4,5],[0,4,6]]: 15 pieces proved, 1 open; total runs 33, proved 27, open regions 4
11:55:35 UTC split region (bound/target 1.089) on [[0,4,7],[0,4,8],[0,5,6],[0,5,7]]: 15 pieces proved, 1 open; total runs 49, proved 42, open regions 4
11:56:14 UTC split region (bound/target 1.034) on [[0,5,8],[0,6,7],[0,6,8],[0,7,8]]: 16 pieces proved, 0 open; total runs 65, proved 58, open regions 3
11:58:40 UTC split region (bound/target 1.433) on [[5,7,8],[6,7,8],[0,4,5],[0,4,6]]: 15 pieces proved, 1 open; total runs 81, proved 73, open regions 3
12:01:11 UTC split region (bound/target 1.392) on [[0,4,7],[0,4,8],[0,5,6],[0,5,7]]: 14 pieces proved, 2 open; total runs 97, proved 87, open regions 4
12:04:34 UTC split region (bound/target 1.027) on [[0,5,8],[0,6,7],[0,6,8],[0,7,8]]: 14 pieces proved, 2 open; total runs 113, proved 101, open regions 5
12:07:06 UTC split region (bound/target 1.044) on [[1,4,5],[1,4,6],[1,4,7],[1,4,8]]: 15 pieces proved, 1 open; total runs 129, proved 116, open regions 5
12:09:15 UTC split region (bound/target 1.066) on [[1,4,5],[1,4,6],[1,4,7],[1,4,8]]: 15 pieces proved, 1 open; total runs 145, proved 131, open regions 5
12:09:55 UTC split region (bound/target 1.094) on [[1,5,6],[1,5,7],[1,5,8],[1,6,7]]: 16 pieces proved, 0 open; total runs 161, proved 147, open regions 4
12:10:18 UTC split region (bound/target 1.113) on [[1,5,6],[1,5,7],[1,5,8],[1,6,7]]: 16 pieces proved, 0 open; total runs 177, proved 163, open regions 3
12:12:32 UTC split region (bound/target 1.133) on [[0,5,8],[0,6,7],[0,6,8],[0,7,8]]: 15 pieces proved, 1 open; total runs 193, proved 178, open regions 3
12:14:18 UTC split region (bound/target 1.237) on [[1,4,5],[1,4,6],[1,4,7],[1,4,8]]: 16 pieces proved, 0 open; total runs 209, proved 194, open regions 2
12:19:08 UTC split region (bound/target 1.498) on [[5,7,8],[6,7,8],[0,4,5],[0,4,6]]: 13 pieces proved, 3 open; total runs 225, proved 207, open regions 4
12:21:57 UTC split region (bound/target 1.141) on [[0,4,7],[0,4,8],[0,5,6],[0,5,7]]: 14 pieces proved, 2 open; total runs 241, proved 221, open regions 5
12:23:17 UTC split region (bound/target 1.244) on [[0,5,8],[0,6,7],[0,6,8],[0,7,8]]: 16 pieces proved, 0 open; total runs 257, proved 237, open regions 4
12:24:55 UTC split region (bound/target 1.363) on [[0,5,8],[0,6,7],[0,6,8],[0,7,8]]: 15 pieces proved, 1 open; total runs 273, proved 252, open regions 4
12:27:59 UTC split region (bound/target 1.074) on [[1,4,5],[1,4,6],[1,4,7],[1,4,8]]: 16 pieces proved, 0 open; total runs 289, proved 268, open regions 3
12:30:39 UTC split region (bound/target 1.371) on [[0,4,7],[0,4,8],[0,5,6],[0,5,7]]: 14 pieces proved, 2 open; total runs 305, proved 282, open regions 4
12:33:24 UTC split region (bound/target 1.306) on [[0,5,8],[0,6,7],[0,6,8],[0,7,8]]: 14 pieces proved, 2 open; total runs 321, proved 296, open regions 5
12:34:32 UTC region PROVED by a 300 s run (68 s); open 4
12:38:04 UTC split region (bound/target 1.085) on [[1,4,5],[1,4,6],[1,4,7],[1,4,8]]: 14 pieces proved, 2 open; total runs 338, proved 311, open regions 5
12:39:07 UTC region PROVED by a 300 s run (63 s); open 4
12:39:45 UTC split region (bound/target 1.036) on [[1,5,6],[1,5,7],[1,5,8],[1,6,7]]: 16 pieces proved, 0 open; total runs 355, proved 328, open regions 3
12:42:17 UTC split region (bound/target 1.356) on [[0,5,8],[0,6,7],[0,6,8],[0,7,8]]: 15 pieces proved, 1 open; total runs 371, proved 343, open regions 3
12:46:53 UTC split region (bound/target 1.051) on [[1,4,5],[1,4,6],[1,4,7],[1,4,8]]: 15 pieces proved, 1 open; total runs 387, proved 358, open regions 3
12:47:56 UTC split region (bound/target 1.092) on [[1,5,6],[1,5,7],[1,5,8],[1,6,7]]: 16 pieces proved, 0 open; total runs 403, proved 374, open regions 2
12:50:23 UTC split region (bound/target 1.498) on [[0,4,7],[0,4,8],[0,5,6],[0,5,7]]: 15 pieces proved, 1 open; total runs 419, proved 389, open regions 2
12:51:24 UTC region PROVED by a 300 s run (61 s); open 1
12:55:18 UTC split region (bound/target 1.564) on [[5,7,8],[6,7,8],[0,4,5],[0,4,6]]: 13 pieces proved, 3 open; total runs 436, proved 403, open regions 3
12:56:06 UTC split region (bound/target 1.024) on [[0,4,7],[0,4,8],[0,5,6],[0,5,7]]: 16 pieces proved, 0 open; total runs 452, proved 419, open regions 2
12:56:39 UTC split region (bound/target 1.031) on [[0,4,7],[0,4,8],[0,5,6],[0,5,7]]: 16 pieces proved, 0 open; total runs 468, proved 435, open regions 1
12:59:13 UTC split region (bound/target 1.372) on [[0,4,7],[0,4,8],[0,5,6],[0,5,7]]: 14 pieces proved, 2 open; total runs 484, proved 449, open regions 2
13:00:21 UTC region PROVED by a 300 s run (68 s); open 1
13:02:22 UTC split region (bound/target 1.225) on [[0,5,8],[0,6,7],[0,6,8],[0,7,8]]: 15 pieces proved, 1 open; total runs 501, proved 465, open regions 1
13:04:39 UTC split region (bound/target 1.091) on [[1,4,5],[1,4,6],[1,4,7],[1,4,8]]: 15 pieces proved, 1 open; total runs 517, proved 480, open regions 1
13:05:38 UTC split region (bound/target 1.029) on [[1,5,6],[1,5,7],[1,5,8],[1,6,7]]: 16 pieces proved, 0 open; total runs 533, proved 496, open regions 0
13:05:38 UTC ALL REGIONS PROVED by this driver: runs 533, proved 496 (the certificate itself must still be checked with summarize.py and combine_plan_260927.py)
