Set parameter NodefileStart to value 6
Read parameters from file gurobi.env
Restricted license - for non-production use only - expires 2027-11-29
Set parameter OutputFlag to value 1
Set parameter Threads to value 4
Set parameter TimeLimit to value 360
Set parameter MIPGap to value 5e-05
Set parameter MIPFocus to value 2
Set parameter NonConvex to value 2
Set parameter BestBdStop to value 2.7426211734693878e-02
Gurobi Optimizer version 13.0.3 build v13.0.3rc0 (linux64 - "Ubuntu 24.04.5 LTS")

CPU model: AMD EPYC 7763 64-Core Processor, instruction set [SSE2|AVX|AVX2]
Thread count: 2 physical cores, 4 logical processors, using up to 4 threads

Non-default parameters:
TimeLimit  360
BestBdStop  2.7426211734693878e-02
MIPGap  5e-05
MIPFocus  2
NodefileStart  6
NonConvex  2
Threads  4

Optimize a model with 141 rows, 111 columns and 810 nonzeros (Max)
Model fingerprint: 0xfd02fac3
Model has 1 linear objective coefficients
Model has 50 quadratic constraints
Variable types: 65 continuous, 46 integer (46 binary)
Coefficient statistics:
  Matrix range     [5e-01, 1e+00]
  QMatrix range    [1e+00, 1e+00]
  QLMatrix range   [1e+00, 1e+00]
  Objective range  [1e+00, 1e+00]
  Bounds range     [5e-01, 1e+00]
  RHS range        [1e+00, 1e+00]

Found heuristic solution: objective -0.0000000
Presolve time: 0.00s
Presolved: 341 rows, 112 columns, 1210 nonzeros
Presolved model has 50 bilinear constraint(s)

Solving non-convex MIQCP to global optimality

Variable types: 66 continuous, 46 integer (46 binary)
Root relaxation presolve removed 50 rows and 1 columns
Root relaxation presolved: 291 rows, 111 columns, 1160 nonzeros


Root relaxation: objective 1.250000e-01, 101 iterations, 0.00 seconds (0.00 work units)

    Nodes    |    Current Node    |     Objective Bounds      |     Work
 Expl Unexpl |  Obj  Depth IntInf | Incumbent    BestBd   Gap | It/Node Time

     0     0    0.12500    0   51   -0.00000    0.12500      -     -    0s
     0     0    0.10000    0   41   -0.00000    0.10000      -     -    0s
     0     0    0.10000    0   40   -0.00000    0.10000      -     -    0s
     0     0    0.10000    0   57   -0.00000    0.10000      -     -    0s
     0     0    0.10000    0   56   -0.00000    0.10000      -     -    0s
     0     0    0.10000    0   65   -0.00000    0.10000      -     -    0s
     0     0    0.10000    0   45   -0.00000    0.10000      -     -    0s
H    0     0                       0.0000000    0.10000      -     -    0s
     0     0    0.10000    0   45    0.00000    0.10000      -     -    0s
     0     0    0.10000    0   43    0.00000    0.10000      -     -    0s
H    0     0                       0.0000000    0.10000      -     -    0s
H    0     0                       0.0000000    0.10000      -     -    0s
     0     0    0.10000    0   43    0.00000    0.10000      -     -    0s
     0     2    0.10000    0   43    0.00000    0.10000      -     -    0s
H  311   340                       0.0000002    0.09899      -  21.0    0s
*  954   840             121       0.0000002    0.09799      -  13.4    0s
H 1253  1036                       0.0000004    0.07625      -  15.5    1s
H 1813  1358                       0.0000007    0.07625      -  16.1    1s
H 7730  5074                       0.0000008    0.06027      -  19.2    3s
 16672 11602    0.00000  108   18    0.00000    0.05538      -  19.2    5s
 35712 24843    0.00005   63   50    0.00000    0.05158      -  20.0   10s
 60760 42036    0.00000   93   11    0.00000    0.04910      -  19.7   15s
 85109 58632    0.00010   53   21    0.00000    0.04767      -  19.9   20s
 108815 73929    0.00079   52   31    0.00000    0.04639      -  20.2   25s
 132186 90177    0.00369   45   50    0.00000    0.04543      -  20.1   30s
 154367 104928    0.00093   65   38    0.00000    0.04434      -  20.2   35s
 177902 119911    0.00000   62   37    0.00000    0.04364      -  20.1   40s
 201708 135798     cutoff   68         0.00000    0.04291      -  20.1   45s
 225209 151230    0.00007   64   30    0.00000    0.04225      -  20.1   50s
 247847 165349    0.00321   40   32    0.00000    0.04163      -  20.1   55s
*258480 172008              79       0.0000008    0.04143      -  20.1   57s
H259422 172519                       0.0000008    0.04141      -  20.1   58s
H259621 172703                       0.0000008    0.04140      -  20.1   58s
H260662 170361                       0.0000013    0.04139      -  20.1   59s
H262664 164408                       0.0000020    0.04138      -  20.1   59s
H264668 164137                       0.0000020    0.04131      -  20.1   59s
 265935 164883    0.00001   70   25    0.00000    0.04126      -  20.1   60s
 286985 179257    0.00000   90   35    0.00000    0.04081      -  20.2   65s
 308499 192785    0.00583   41   50    0.00000    0.04029      -  20.3   70s
 331912 207768    0.01558   38   54    0.00000    0.03987      -  20.4   75s
 355025 222867    0.00316   47   50    0.00000    0.03948      -  20.4   80s
 375236 235659    0.00282   39   50    0.00000    0.03921      -  20.5   85s
 398421 250742    0.00038   51   45    0.00000    0.03883      -  20.6   90s
 422872 267015    0.03822   34   41    0.00000    0.03842      -  20.6   95s
 446694 282690    0.00008   52   50    0.00000    0.03811      -  20.6  100s
H452498 285907                       0.0000020    0.03802      -  20.6  101s
 461565 291529    0.00062   36   41    0.00000    0.03790      -  20.6  105s
 485992 306357    0.01599   36   54    0.00000    0.03754      -  20.6  110s
 505185 318657    0.02309   34   50    0.00000    0.03728      -  20.6  115s
 528223 332897    0.00598   44   44    0.00000    0.03700      -  20.6  120s
 551114 347236    0.00406   42   47    0.00000    0.03677      -  20.7  125s
 574382 362001    0.00010   59   35    0.00000    0.03646      -  20.7  130s
 594527 374878    0.00174   48   52    0.00000    0.03624      -  20.7  135s
 617597 390101    0.00003   69   45    0.00000    0.03602      -  20.7  140s
 640646 404397    0.00628   42   50    0.00000    0.03577      -  20.7  145s
 663288 419647    0.00027   61   50    0.00000    0.03559      -  20.8  150s
 686462 434567    0.00024   48   50    0.00000    0.03539      -  20.7  155s
 709312 449546    0.00001   62   45    0.00000    0.03521      -  20.8  160s
 731562 463871    0.00056   51   43    0.00000    0.03503      -  20.8  165s
 753953 479124    0.00005   65   42    0.00000    0.03487      -  20.8  170s
H771734 489965                       0.0000020    0.03475      -  20.9  174s
 773077 491252    0.01696   37   50    0.00000    0.03474      -  20.9  175s
 796556 506678    0.01109   34   50    0.00000    0.03459      -  20.9  180s
 819201 521699    0.00940   49   50    0.00000    0.03445      -  20.9  185s
 842167 537313     cutoff   65         0.00000    0.03430      -  20.9  190s
 865080 552146    0.00380   48   51    0.00000    0.03419      -  20.9  195s
H880748 559955                       0.0000022    0.03409      -  20.9  198s
 884771 562917    0.00010   62   50    0.00000    0.03407      -  20.9  200s
 908364 577594    0.00333   42   43    0.00000    0.03392      -  20.9  205s
 931535 592275    0.02003   39   51    0.00000    0.03377      -  20.9  210s
 951381 604304     cutoff   48         0.00000    0.03362      -  20.9  215s
 972926 617446    0.00997   38   53    0.00000    0.03348      -  20.9  220s
 991864 629826    0.00030   49   51    0.00000    0.03338      -  20.9  225s
 1011723 642374    0.00012   61   43    0.00000    0.03329      -  20.9  230s
 1033728 655030    0.00785   37   46    0.00000    0.03312      -  20.9  235s
 1055035 668885    0.00000   92   24    0.00000    0.03301      -  20.9  240s
 1079298 684726    0.01433   30   37    0.00000    0.03293      -  20.9  245s
 1101691 699096     cutoff   40         0.00000    0.03281      -  21.0  250s
 1124212 713395    0.00261   60   43    0.00000    0.03270      -  21.0  255s
H1136071 714415                       0.0000025    0.03267      -  20.9  258s
H1136624 714784                       0.0000025    0.03267      -  20.9  258s
 1143014 718791    0.00000   73   28    0.00000    0.03263      -  20.9  260s
 1165107 733462    0.02455   33   53    0.00000    0.03253      -  20.9  265s
 1187210 748150    0.00059   48   45    0.00000    0.03244      -  21.0  270s
 1209412 762598     cutoff   85         0.00000    0.03233      -  21.0  275s
 1229339 775805    0.00002   90   41    0.00000    0.03226      -  21.0  280s
 1252947 791166    0.00009   65   44    0.00000    0.03217      -  21.0  285s
 1274335 805193     cutoff   40         0.00000    0.03209      -  21.0  290s
 1297184 819998    0.00193   52   37    0.00000    0.03201      -  21.0  295s
 1319702 834053    0.00325   45   46    0.00000    0.03191      -  21.0  300s
 1340205 847397    0.00872   38   50    0.00000    0.03183      -  21.0  305s
 1361537 860827    0.00257   42   51    0.00000    0.03174      -  21.0  310s
 1383135 874660    0.00005   57   50    0.00000    0.03166      -  21.1  315s
 1406245 889605    0.00013   76   48    0.00000    0.03159      -  21.1  320s
 1427938 903249     cutoff   37         0.00000    0.03150      -  21.1  325s
 1449543 917186    0.00072   47   50    0.00000    0.03143      -  21.1  330s
 1471902 931619    0.00001   58   31    0.00000    0.03136      -  21.1  335s
 1490920 943751    0.00000   72   36    0.00000    0.03129      -  21.1  340s
 1509779 955586    0.01989   34   44    0.00000    0.03123      -  21.1  345s
 1531315 969229     cutoff   69         0.00000    0.03117      -  21.1  350s
 1544557 977175    0.00528   59   50    0.00000    0.03111      -  21.1  355s
 1565159 990090    0.00005   67   43    0.00000    0.03103      -  21.1  360s

Cutting planes:
  Gomory: 13
  MIR: 5
  Flow cover: 11
  RLT: 40
  Relax-and-lift: 5
  BQP: 15

Explored 1565281 nodes (33082410 simplex iterations) in 360.00 seconds (377.96 work units)
Thread count was 4 (of 4 available processors)

Solution count 10: 2.50098e-06 2.1734e-06 2.03477e-06 ... 6.65454e-07

Time limit reached
Best objective 2.500976547415e-06, best bound 3.102811695546e-02, gap 1240540.0607%
{"verdict": "UNRESOLVED", "status": "TIME_LIMIT", "runtime": 360.0020430088043, "objval": 2.5009765474148793e-06, "objbound": 0.03102811695546459, "binaries": 46}
