Set parameter NodefileStart to value 6
Read parameters from file gurobi.env
Restricted license - for non-production use only - expires 2027-11-29
Set parameter OutputFlag to value 1
Set parameter Threads to value 4
Set parameter TimeLimit to value 360
Set parameter MIPGap to value 5e-05
Set parameter MIPFocus to value 2
Set parameter NonConvex to value 2
Set parameter BestBdStop to value 2.7426211734693878e-02
Gurobi Optimizer version 13.0.3 build v13.0.3rc0 (linux64 - "Ubuntu 24.04.5 LTS")

CPU model: AMD EPYC 9V74 80-Core Processor, instruction set [SSE2|AVX|AVX2]
Thread count: 2 physical cores, 4 logical processors, using up to 4 threads

Non-default parameters:
TimeLimit  360
BestBdStop  2.7426211734693878e-02
MIPGap  5e-05
MIPFocus  2
NodefileStart  6
NonConvex  2
Threads  4

Optimize a model with 141 rows, 111 columns and 810 nonzeros (Max)
Model fingerprint: 0xc84ffa82
Model has 1 linear objective coefficients
Model has 50 quadratic constraints
Variable types: 65 continuous, 46 integer (46 binary)
Coefficient statistics:
  Matrix range     [5e-01, 1e+00]
  QMatrix range    [1e+00, 1e+00]
  QLMatrix range   [1e+00, 1e+00]
  Objective range  [1e+00, 1e+00]
  Bounds range     [5e-01, 1e+00]
  RHS range        [1e+00, 1e+00]

Found heuristic solution: objective -0.0000000
Presolve time: 0.00s
Presolved: 341 rows, 112 columns, 1210 nonzeros
Presolved model has 50 bilinear constraint(s)

Solving non-convex MIQCP to global optimality

Variable types: 66 continuous, 46 integer (46 binary)
Root relaxation presolve removed 50 rows and 1 columns
Root relaxation presolved: 291 rows, 111 columns, 1160 nonzeros


Root relaxation: objective 8.333333e-02, 103 iterations, 0.00 seconds (0.00 work units)

    Nodes    |    Current Node    |     Objective Bounds      |     Work
 Expl Unexpl |  Obj  Depth IntInf | Incumbent    BestBd   Gap | It/Node Time

     0     0    0.08333    0   46   -0.00000    0.08333      -     -    0s
     0     0    0.07407    0   62   -0.00000    0.07407      -     -    0s
     0     0    0.07407    0   67   -0.00000    0.07407      -     -    0s
     0     0    0.07407    0   54   -0.00000    0.07407      -     -    0s
H    0     0                       0.0000001    0.07407      -     -    0s
H    0     0                       0.0000001    0.07407      -     -    0s
H    0     0                       0.0000002    0.07407      -     -    0s
     0     0    0.07143    0   59    0.00000    0.07143      -     -    0s
     0     0    0.07143    0   55    0.00000    0.07143      -     -    0s
     0     0    0.07143    0   56    0.00000    0.07143      -     -    0s
     0     0    0.07143    0   56    0.00000    0.07143      -     -    0s
     0     0    0.07143    0   59    0.00000    0.07143      -     -    0s
     0     0    0.07080    0   47    0.00000    0.07080      -     -    0s
     0     0    0.07059    0   56    0.00000    0.07059      -     -    0s
     0     0    0.07047    0   59    0.00000    0.07047      -     -    0s
     0     0    0.07047    0   52    0.00000    0.07047      -     -    0s
     0     0    0.07042    0   56    0.00000    0.07042      -     -    0s
     0     0    0.07042    0   54    0.00000    0.07042      -     -    0s
     0     0    0.07027    0   54    0.00000    0.07027      -     -    0s
     0     2    0.07027    0   54    0.00000    0.07027      -     -    0s
*  642   560              79       0.0000003    0.07027      -  21.8    0s
*  650   558              83       0.0000004    0.07027      -  21.6    0s
* 1811  1335              89       0.0000011    0.05002      -  21.2    1s
 13201  9146    0.03297   27   56    0.00000    0.03806      -  23.7    5s
H27937 19200                       0.0000011    0.03659      -  22.0    9s
H28086 19198                       0.0000011    0.03659      -  21.9    9s
 30480 21061    0.01676   36   33    0.00000    0.03659      -  22.0   10s
 52788 36640    0.00131   45   53    0.00000    0.03569      -  22.1   15s
 74901 52660    0.00194   51   52    0.00000    0.03523      -  22.2   20s
 94495 66849    0.00002   82   46    0.00000    0.03481      -  22.1   25s
 116314 82177    0.00003   66   49    0.00000    0.03444      -  21.8   30s
 135052 98392    0.00014   60   22    0.00000    0.03415      -  21.9   35s
 161071 114775    0.00016   66   53    0.00000    0.03388      -  21.7   40s
 181600 129137    0.00222   51   51    0.00000    0.03367      -  21.9   45s
 196389 139166    0.00000   80   29    0.00000    0.03355      -  21.9   50s
 215426 152072    0.00067   61   51    0.00000    0.03336      -  21.9   55s
 235992 166486    0.02670   40   53    0.00000    0.03318      -  22.0   60s
 256491 181436    0.00092   58   43    0.00000    0.03305      -  22.1   65s
 277604 195651    0.00200   58   43    0.00000    0.03289      -  22.1   70s
 298381 209727    0.02718   36   48    0.00000    0.03276      -  22.2   75s
 319399 224247    0.01396   39   50    0.00000    0.03267      -  22.2   80s
 340689 239515    0.00021   75   44    0.00000    0.03256      -  22.2   85s
 362972 254796    0.00281   52   52    0.00000    0.03246      -  22.3   90s
 383684 268869    0.00315   45   28    0.00000    0.03238      -  22.3   95s
 404684 282894    0.00663   44   37    0.00000    0.03231      -  22.3  100s
 421160 294173    0.00106   42   45    0.00000    0.03223      -  22.4  105s
 439313 306489    0.00001   71   42    0.00000    0.03216      -  22.4  110s
 459003 319504    0.00002   68   48    0.00000    0.03209      -  22.5  115s
 479511 333959    0.00060   68   44    0.00000    0.03202      -  22.5  120s
 501423 348888    0.00064   68   51    0.00000    0.03195      -  22.5  125s
 522544 363553     cutoff   86         0.00000    0.03188      -  22.6  130s
 543018 377629    0.00001   71   31    0.00000    0.03181      -  22.6  135s
 562206 390688    0.00434   44   54    0.00000    0.03175      -  22.6  140s
 582975 404823     cutoff   42         0.00000    0.03168      -  22.7  145s
 602868 418788    0.00002   85   45    0.00000    0.03164      -  22.7  150s
 623658 432536    0.00036   72   50    0.00000    0.03157      -  22.7  155s
 644730 446591     cutoff   46         0.00000    0.03151      -  22.7  160s
 666293 460843    0.00368   61   50    0.00000    0.03146      -  22.7  165s
 683391 472672    0.00572   45   45    0.00000    0.03141      -  22.7  170s
 704939 487420    0.00002   78   39    0.00000    0.03137      -  22.8  175s
 725822 501651    0.00071   59   33    0.00000    0.03131      -  22.8  180s
 746020 515767    0.00002   77   50    0.00000    0.03126      -  22.9  185s
 767245 529680    0.00023   66   45    0.00000    0.03121      -  22.9  190s
 787807 543438    0.01341   44   51    0.00000    0.03117      -  22.9  195s
 806189 556788    0.00010   80   51    0.00000    0.03113      -  22.9  200s
 826464 570541    0.00015   73   50    0.00000    0.03108      -  23.0  205s
 846716 583982    0.02517   41   53    0.00000    0.03103      -  23.0  210s
 868977 598719    0.00000   82   35    0.00000    0.03099      -  23.0  215s
 888793 612450    0.00283   50   50    0.00000    0.03095      -  23.0  220s
 903699 622589    0.00235   57   52    0.00000    0.03092      -  23.0  225s
 923513 636075    0.00223   46   39    0.00000    0.03089      -  23.1  230s
 944019 649775    0.00000   86   39    0.00000    0.03085      -  23.1  235s
 964406 663651    0.02197   39   50    0.00000    0.03082      -  23.1  240s
 984513 677150    0.00643   57   52    0.00000    0.03079      -  23.1  245s
 1003693 690217    0.02808   33   56    0.00000    0.03076      -  23.1  250s
 1023870 703692     cutoff   92         0.00000    0.03072      -  23.1  255s
 1044396 717985    0.00019   73   43    0.00000    0.03069      -  23.2  260s
 1065096 732396    0.02647   29   57    0.00000    0.03066      -  23.2  265s
 1086582 746753    0.00002   83   51    0.00000    0.03062      -  23.2  270s
 1106937 761807     cutoff   84         0.00000    0.03059      -  23.2  275s
 1124667 774150    0.00042   58   44    0.00000    0.03057      -  23.2  280s
 1145164 787652    0.01670   42   44    0.00000    0.03054      -  23.2  285s
 1166948 802295    0.01770   40   51    0.00000    0.03051      -  23.2  290s
 1187272 815801     cutoff   62         0.00000    0.03049      -  23.2  295s
 1207061 829062    0.00036   64   52    0.00000    0.03047      -  23.2  300s
H1224967 835831                       0.0000013    0.03044      -  23.2  304s
 1225709 836298 infeasible   53         0.00000    0.03044      -  23.2  305s
H1226227 835710                       0.0000013    0.03044      -  23.2  305s
 1241782 846205    0.01478   43   44    0.00000    0.03041      -  23.2  310s
 1261920 859564    0.00001   88   36    0.00000    0.03038      -  23.2  315s
 1283392 874565    0.00359   63   43    0.00000    0.03035      -  23.3  320s
 1304358 889025     cutoff   47         0.00000    0.03033      -  23.3  325s
 1324826 903441    0.00061   54   50    0.00000    0.03031      -  23.3  330s
 1343661 915987    0.02037   35   50    0.00000    0.03028      -  23.3  335s
 1362974 929224    0.00006   64   50    0.00000    0.03025      -  23.3  340s
 1380852 942050    0.02611   41   44    0.00000    0.03023      -  23.3  345s
 1397390 953228    0.00018   66   50    0.00000    0.03021      -  23.3  350s
 1418943 967939    0.00058   59   51    0.00000    0.03018      -  23.3  355s
 1438968 981509     cutoff   70         0.00000    0.03016      -  23.3  360s

Cutting planes:
  Gomory: 2
  Implied bound: 8
  MIR: 3
  Flow cover: 16
  RLT: 61
  Relax-and-lift: 5
  BQP: 18

Explored 1439310 nodes (33555692 simplex iterations) in 360.00 seconds (382.73 work units)
Thread count was 4 (of 4 available processors)

Solution count 10: 1.29415e-06 1.25565e-06 1.06973e-06 ... 1.29598e-07

Time limit reached
Best objective 1.294154920700e-06, best bound 3.015661510339e-02, gap 2330116.7786%
{"verdict": "UNRESOLVED", "status": "TIME_LIMIT", "runtime": 360.00282096862793, "objval": 1.2941549207001746e-06, "objbound": 0.03015661510338947, "binaries": 46}
