Set parameter NodefileStart to value 6
Read parameters from file gurobi.env
Restricted license - for non-production use only - expires 2027-11-29
Set parameter OutputFlag to value 1
Set parameter Threads to value 4
Set parameter TimeLimit to value 360
Set parameter MIPGap to value 5e-05
Set parameter MIPFocus to value 2
Set parameter NonConvex to value 2
Set parameter BestBdStop to value 2.7426211734693878e-02
Gurobi Optimizer version 13.0.3 build v13.0.3rc0 (linux64 - "Ubuntu 24.04.5 LTS")

CPU model: INTEL(R) XEON(R) PLATINUM 8573C, instruction set [SSE2|AVX|AVX2|AVX512]
Thread count: 2 physical cores, 4 logical processors, using up to 4 threads

Non-default parameters:
TimeLimit  360
BestBdStop  2.7426211734693878e-02
MIPGap  5e-05
MIPFocus  2
NodefileStart  6
NonConvex  2
Threads  4

Optimize a model with 141 rows, 111 columns and 810 nonzeros (Max)
Model fingerprint: 0xb02e2cd7
Model has 1 linear objective coefficients
Model has 50 quadratic constraints
Variable types: 65 continuous, 46 integer (46 binary)
Coefficient statistics:
  Matrix range     [5e-01, 1e+00]
  QMatrix range    [1e+00, 1e+00]
  QLMatrix range   [1e+00, 1e+00]
  Objective range  [1e+00, 1e+00]
  Bounds range     [5e-01, 1e+00]
  RHS range        [1e+00, 1e+00]

Found heuristic solution: objective -0.0000000
Presolve time: 0.00s
Presolved: 341 rows, 112 columns, 1210 nonzeros
Presolved model has 50 bilinear constraint(s)

Solving non-convex MIQCP to global optimality

Variable types: 66 continuous, 46 integer (46 binary)
Root relaxation presolve removed 50 rows and 1 columns
Root relaxation presolved: 291 rows, 111 columns, 1160 nonzeros


Root relaxation: objective 8.333333e-02, 141 iterations, 0.00 seconds (0.00 work units)

    Nodes    |    Current Node    |     Objective Bounds      |     Work
 Expl Unexpl |  Obj  Depth IntInf | Incumbent    BestBd   Gap | It/Node Time

     0     0    0.08333    0   48   -0.00000    0.08333      -     -    0s
     0     0    0.08333    0   44   -0.00000    0.08333      -     -    0s
     0     0    0.08333    0   51   -0.00000    0.08333      -     -    0s
     0     0    0.08333    0   55   -0.00000    0.08333      -     -    0s
     0     0    0.08333    0   47   -0.00000    0.08333      -     -    0s
H    0     0                       0.0000001    0.08333      -     -    0s
     0     0    0.07692    0   45    0.00000    0.07692      -     -    0s
     0     0    0.07692    0   62    0.00000    0.07692      -     -    0s
     0     0    0.07692    0   52    0.00000    0.07692      -     -    0s
     0     0    0.07692    0   46    0.00000    0.07692      -     -    0s
     0     0    0.07653    0   57    0.00000    0.07653      -     -    0s
     0     0    0.07609    0   57    0.00000    0.07609      -     -    0s
     0     0    0.07609    0   57    0.00000    0.07609      -     -    0s
     0     0    0.07609    0   54    0.00000    0.07609      -     -    0s
     0     0    0.07609    0   54    0.00000    0.07609      -     -    0s
     0     0    0.07609    0   53    0.00000    0.07609      -     -    0s
     0     2    0.07609    0   51    0.00000    0.07609      -     -    0s
*  594   594              89       0.0000002    0.07544      -  31.6    0s
*  596   594              90       0.0000003    0.07544      -  31.6    0s
H 1160   959                       0.0000003    0.07500      -  30.7    1s
* 1691  1247              87       0.0000007    0.04631      -  32.8    2s
H 2752  1652                       0.0000010    0.04631      -  30.3    3s
  7122  4740    0.00014   55   52    0.00000    0.04497      -  32.9    5s
 24284 16506    0.00394   33   52    0.00000    0.03699      -  32.7   10s
 42768 28312    0.00001   68   48    0.00000    0.03491      -  32.6   16s
 56392 37364    0.00017   66   53    0.00000    0.03379      -  32.6   20s
H71019 46765                       0.0000011    0.03295      -  32.5   24s
 71741 47522     cutoff   55         0.00000    0.03290      -  32.5   25s
 91999 60852    0.00001   69   39    0.00000    0.03191      -  32.2   30s
 109932 72431    0.01508   35   59    0.00000    0.03117      -  32.1   35s
 124956 82079    0.02748   35   52    0.00000    0.03077      -  31.8   40s
 146775 95851    0.01235   39   44    0.00000    0.03013      -  31.8   45s
 162178 105893    0.00273   44   56    0.00000    0.02987      -  31.7   50s
 179590 116246     cutoff   48         0.00000    0.02951      -  31.8   55s
 198507 128237     cutoff   49         0.00000    0.02917      -  31.8   60s
 215171 138460    0.00003   60   50    0.00000    0.02887      -  31.7   65s
 233172 149748    0.02206   29   50    0.00000    0.02868      -  31.8   70s
 252369 161993    0.00651   40   50    0.00000    0.02837      -  31.8   75s
 269952 172977    0.01782   38   62    0.00000    0.02816      -  31.8   80s
 286381 183467    0.00001   58   46    0.00000    0.02795      -  31.9   85s
 304685 195361    0.02104   29   54    0.00000    0.02769      -  31.9   90s
 320050 205253    0.00000   57   25    0.00000    0.02755      -  31.9   95s

Cutting planes:
  Gomory: 17
  Implied bound: 3
  MIR: 6
  Flow cover: 25
  RLT: 92
  Relax-and-lift: 4
  BQP: 12

Explored 332232 nodes (10624281 simplex iterations) in 98.24 seconds (89.12 work units)
Thread count was 4 (of 4 available processors)

Solution count 8: 1.05779e-06 1.04462e-06 6.99737e-07 ... -0

Optimization achieved user objective limit
Best objective 1.057785765174e-06, best bound 2.742564760930e-02, gap 2592641.2253%
{"verdict": "PROVED", "status": "BOUND_REACHED", "runtime": 98.24665307998657, "objval": 1.0577857651743886e-06, "objbound": 0.027425647609302568, "binaries": 46}
