Set parameter NodefileStart to value 6
Read parameters from file gurobi.env
Restricted license - for non-production use only - expires 2027-11-29
Set parameter OutputFlag to value 1
Set parameter Threads to value 4
Set parameter TimeLimit to value 360
Set parameter MIPGap to value 5e-05
Set parameter MIPFocus to value 2
Set parameter NonConvex to value 2
Set parameter BestBdStop to value 2.7426211734693878e-02
Gurobi Optimizer version 13.0.3 build v13.0.3rc0 (linux64 - "Ubuntu 24.04.5 LTS")

CPU model: Intel(R) Xeon(R) Platinum 8370C CPU @ 2.80GHz, instruction set [SSE2|AVX|AVX2|AVX512]
Thread count: 2 physical cores, 4 logical processors, using up to 4 threads

Non-default parameters:
TimeLimit  360
BestBdStop  2.7426211734693878e-02
MIPGap  5e-05
MIPFocus  2
NodefileStart  6
NonConvex  2
Threads  4

Optimize a model with 145 rows, 115 columns and 846 nonzeros (Max)
Model fingerprint: 0x3d6f7836
Model has 1 linear objective coefficients
Model has 50 quadratic constraints
Variable types: 65 continuous, 50 integer (50 binary)
Coefficient statistics:
  Matrix range     [5e-01, 1e+00]
  QMatrix range    [1e+00, 1e+00]
  QLMatrix range   [1e+00, 1e+00]
  Objective range  [1e+00, 1e+00]
  Bounds range     [5e-01, 1e+00]
  RHS range        [1e+00, 1e+00]

Found heuristic solution: objective -0.0000000
Presolve time: 0.00s
Presolved: 345 rows, 116 columns, 1246 nonzeros
Presolved model has 50 bilinear constraint(s)

Solving non-convex MIQCP to global optimality

Variable types: 66 continuous, 50 integer (50 binary)
Root relaxation presolve removed 50 rows and 1 columns
Root relaxation presolved: 295 rows, 115 columns, 1196 nonzeros


Root relaxation: objective 8.333333e-02, 103 iterations, 0.00 seconds (0.00 work units)

    Nodes    |    Current Node    |     Objective Bounds      |     Work
 Expl Unexpl |  Obj  Depth IntInf | Incumbent    BestBd   Gap | It/Node Time

     0     0    0.08333    0   50   -0.00000    0.08333      -     -    0s
     0     0    0.08333    0   53   -0.00000    0.08333      -     -    0s
     0     0    0.08333    0   62   -0.00000    0.08333      -     -    0s
     0     0    0.08333    0   41   -0.00000    0.08333      -     -    0s
     0     0    0.08333    0   42   -0.00000    0.08333      -     -    0s
H    0     0                       0.0000001    0.08333      -     -    0s
     0     0    0.08333    0   42    0.00000    0.08333      -     -    0s
     0     2    0.08333    0   42    0.00000    0.08333      -     -    0s
H  494   466                       0.0000001    0.07143      -  24.2    0s
*  552   540              78       0.0000001    0.07143      -  25.0    0s
*  553   540              78       0.0000001    0.07143      -  24.9    0s
*  944   896              69       0.0000002    0.07143      -  26.6    0s
H 1130   967                       0.0000002    0.07143      -  26.0    1s
H 1343  1092                       0.0000003    0.07143      -  26.0    1s
* 1757  1295              90       0.0000007    0.07143      -  22.4    1s
H 1871  1066                       0.0067797    0.06842   909%  21.6    1s
* 1882  1018             107       0.0067809    0.06842   909%  21.5    1s
* 1887   977             109       0.0067809    0.06842   909%  21.5    1s
H 2975  1054                       0.0092130    0.06105   563%  24.9    2s
  7168  2650     cutoff   27         0.00921    0.04918   434%  30.7    5s
H11563  4024                       0.0093280    0.04364   368%  32.9    6s
H11574  3915                       0.0097131    0.04364   349%  32.9    6s
H20185  6022                       0.0097131    0.03904   302%  35.8    9s
 20186  6035    0.02529   29   58    0.00971    0.03904   302%  35.8   10s
H21270  6403                       0.0100327    0.03904   289%  36.0   11s
H24291  6985                       0.0100981    0.03725   269%  36.4   12s
 29652  8452    0.01735   27   48    0.01010    0.03580   255%  36.9   15s
 45702 12238    0.01080   29   57    0.01010    0.03281   225%  37.6   20s
 61634 15788    0.02254   31   48    0.01010    0.03122   209%  37.2   25s
 74933 18648    0.01848   33   55    0.01010    0.02990   196%  36.9   30s
 90793 21994    0.01393   32   52    0.01010    0.02877   185%  36.4   35s
H106260 24933                       0.0100982    0.02786   176%  35.9   39s
 107965 25262    0.01234   38   43    0.01010    0.02777   175%  35.8   40s

Cutting planes:
  Gomory: 25
  Implied bound: 18
  MIR: 5
  Flow cover: 55
  Inf proof: 4
  RLT: 55
  Relax-and-lift: 14
  BQP: 17

Explored 115437 nodes (4122112 simplex iterations) in 42.14 seconds (34.25 work units)
Thread count was 4 (of 4 available processors)

Solution count 10: 0.0100982 0.0100327 0.00971312 ... 2.68334e-07

Optimization achieved user objective limit
Best objective 1.009823215945e-02, best bound 2.740475361548e-02, gap 171.3817%
{"verdict": "PROVED", "status": "BOUND_REACHED", "runtime": 42.14448404312134, "objval": 0.010098232159451166, "objbound": 0.027404753615475515, "binaries": 50}
