Set parameter NodefileStart to value 6
Read parameters from file gurobi.env
Restricted license - for non-production use only - expires 2027-11-29
Set parameter OutputFlag to value 1
Set parameter Threads to value 4
Set parameter TimeLimit to value 360
Set parameter MIPGap to value 5e-05
Set parameter MIPFocus to value 2
Set parameter NonConvex to value 2
Set parameter BestBdStop to value 2.7426211734693878e-02
Gurobi Optimizer version 13.0.3 build v13.0.3rc0 (linux64 - "Ubuntu 24.04.5 LTS")

CPU model: AMD EPYC 9V45 96-Core Processor, instruction set [SSE2|AVX|AVX2|AVX512]
Thread count: 2 physical cores, 4 logical processors, using up to 4 threads

Non-default parameters:
TimeLimit  360
BestBdStop  2.7426211734693878e-02
MIPGap  5e-05
MIPFocus  2
NodefileStart  6
NonConvex  2
Threads  4

Optimize a model with 125 rows, 95 columns and 686 nonzeros (Max)
Model fingerprint: 0x639c4ef8
Model has 1 linear objective coefficients
Model has 50 quadratic constraints
Variable types: 65 continuous, 30 integer (30 binary)
Coefficient statistics:
  Matrix range     [5e-01, 1e+00]
  QMatrix range    [1e+00, 1e+00]
  QLMatrix range   [1e+00, 1e+00]
  Objective range  [1e+00, 1e+00]
  Bounds range     [5e-01, 1e+00]
  RHS range        [1e+00, 1e+00]

Found heuristic solution: objective -0.0000000
Presolve time: 0.00s
Presolved: 325 rows, 96 columns, 1086 nonzeros
Presolved model has 50 bilinear constraint(s)

Solving non-convex MIQCP to global optimality

Variable types: 66 continuous, 30 integer (30 binary)
Root relaxation presolve removed 50 rows and 1 columns
Root relaxation presolved: 275 rows, 95 columns, 1036 nonzeros


Root relaxation: objective 1.153846e-01, 110 iterations, 0.00 seconds (0.00 work units)

    Nodes    |    Current Node    |     Objective Bounds      |     Work
 Expl Unexpl |  Obj  Depth IntInf | Incumbent    BestBd   Gap | It/Node Time

     0     0    0.11538    0   55   -0.00000    0.11538      -     -    0s
     0     0    0.10000    0   49   -0.00000    0.10000      -     -    0s
     0     0    0.09917    0   52   -0.00000    0.09917      -     -    0s
     0     0    0.09615    0   51   -0.00000    0.09615      -     -    0s
     0     0    0.09519    0   54   -0.00000    0.09519      -     -    0s
     0     0    0.09517    0   55   -0.00000    0.09517      -     -    0s
     0     0    0.09439    0   61   -0.00000    0.09439      -     -    0s
     0     0    0.09174    0   62   -0.00000    0.09174      -     -    0s
     0     0    0.09058    0   62   -0.00000    0.09058      -     -    0s
     0     0    0.09047    0   61   -0.00000    0.09047      -     -    0s
     0     0    0.08662    0   61   -0.00000    0.08662      -     -    0s
     0     0    0.08333    0   61   -0.00000    0.08333      -     -    0s
     0     0    0.08333    0   61   -0.00000    0.08333      -     -    0s
     0     2    0.08333    0   61   -0.00000    0.08333      -     -    0s
*  630   635              97       0.0000001    0.08333      -  22.5    0s
H  920   887                       0.0000002    0.07776      -  24.2    0s
H 1178  1018                       0.0000003    0.07500      -  24.3    0s
H 1179   968                       0.0000006    0.07500      -  24.3    0s
H 4726  2923                       0.0000007    0.05526      -  32.5    1s
 28160 18087    0.00007   63   46    0.00000    0.04240      -  30.6    5s
 63748 40491    0.00000   56   19    0.00000    0.03628      -  29.9   10s
H82697 52513                       0.0000007    0.03496      -  30.3   12s
 96319 60240    0.00000   60   18    0.00000    0.03374      -  30.0   15s
 133661 82859     cutoff   49         0.00000    0.03183      -  30.0   20s
 167263 103388    0.00002   63   32    0.00000    0.03072      -  29.8   25s
 203006 125925    0.00000   76   34    0.00000    0.02986      -  30.0   30s
 240043 147555    0.00017   41   50    0.00000    0.02896      -  30.0   35s
 276602 169437    0.00000   91   26    0.00000    0.02815      -  30.0   40s
 311202 189880    0.00000   71   22    0.00000    0.02759      -  30.1   45s

Cutting planes:
  Gomory: 14
  Flow cover: 6
  RLT: 46
  Relax-and-lift: 1
  BQP: 14

Explored 325258 nodes (9785976 simplex iterations) in 46.93 seconds (74.45 work units)
Thread count was 4 (of 4 available processors)

Solution count 7: 7.08712e-07 7.08712e-07 6.75412e-07 ... -0

Optimization achieved user objective limit
Best objective 7.087121496746e-07, best bound 2.741362730110e-02, gap -
{"verdict": "PROVED", "status": "BOUND_REACHED", "runtime": 46.933923959732056, "objval": 7.087121496746064e-07, "objbound": 0.027413627301104058, "binaries": 30}
