Set parameter NodefileStart to value 6
Read parameters from file gurobi.env
Restricted license - for non-production use only - expires 2027-11-29
Set parameter OutputFlag to value 1
Set parameter Threads to value 4
Set parameter TimeLimit to value 360
Set parameter MIPGap to value 5e-05
Set parameter MIPFocus to value 2
Set parameter NonConvex to value 2
Set parameter BestBdStop to value 2.7426211734693878e-02
Gurobi Optimizer version 13.0.3 build v13.0.3rc0 (linux64 - "Ubuntu 24.04.5 LTS")

CPU model: AMD EPYC 7763 64-Core Processor, instruction set [SSE2|AVX|AVX2]
Thread count: 2 physical cores, 4 logical processors, using up to 4 threads

Non-default parameters:
TimeLimit  360
BestBdStop  2.7426211734693878e-02
MIPGap  5e-05
MIPFocus  2
NodefileStart  6
NonConvex  2
Threads  4

Optimize a model with 133 rows, 103 columns and 742 nonzeros (Max)
Model fingerprint: 0xcc544375
Model has 1 linear objective coefficients
Model has 50 quadratic constraints
Variable types: 65 continuous, 38 integer (38 binary)
Coefficient statistics:
  Matrix range     [5e-01, 1e+00]
  QMatrix range    [1e+00, 1e+00]
  QLMatrix range   [1e+00, 1e+00]
  Objective range  [1e+00, 1e+00]
  Bounds range     [5e-01, 1e+00]
  RHS range        [1e+00, 1e+00]

Found heuristic solution: objective -0.0000000
Presolve time: 0.00s
Presolved: 333 rows, 104 columns, 1142 nonzeros
Presolved model has 50 bilinear constraint(s)

Solving non-convex MIQCP to global optimality

Variable types: 66 continuous, 38 integer (38 binary)
Root relaxation presolve removed 50 rows and 1 columns
Root relaxation presolved: 283 rows, 103 columns, 1092 nonzeros


Root relaxation: objective 8.333333e-02, 157 iterations, 0.00 seconds (0.00 work units)

    Nodes    |    Current Node    |     Objective Bounds      |     Work
 Expl Unexpl |  Obj  Depth IntInf | Incumbent    BestBd   Gap | It/Node Time

     0     0    0.08333    0   50   -0.00000    0.08333      -     -    0s
     0     0    0.07143    0   52   -0.00000    0.07143      -     -    0s
     0     0    0.07143    0   50   -0.00000    0.07143      -     -    0s
     0     0    0.07143    0   43   -0.00000    0.07143      -     -    0s
     0     0    0.07143    0   43   -0.00000    0.07143      -     -    0s
     0     0    0.07143    0   43   -0.00000    0.07143      -     -    0s
     0     0    0.07143    0   43   -0.00000    0.07143      -     -    0s
     0     2    0.07143    0   43   -0.00000    0.07143      -     -    0s
*  590   559              84       0.0000000    0.06846      -  25.1    0s
H 1214   952                       0.0000000    0.06534      -  24.5    1s
H 1217   906                       0.0000001    0.06524      -  24.5    1s
H 1224   866                       0.0000004    0.05087      -  24.3    1s
H 1294   875                       0.0000005    0.04078      -  26.5    1s
* 1877  1065             107       0.0000008    0.04078      -  25.8    2s
H 2991  1466                       0.0000009    0.04078      -  25.8    2s
H 7470  4352                       0.0000010    0.03437      -  23.1    3s
 10297  6266    0.00003   69   47    0.00000    0.03328      -  23.2    5s
H11504  7032                       0.0000010    0.03161      -  23.9    5s
H22233 12585                       0.0000013    0.02792      -  23.8    8s

Cutting planes:
  Gomory: 16
  Implied bound: 7
  MIR: 5
  Flow cover: 20
  RLT: 73
  Relax-and-lift: 2
  BQP: 13

Explored 23704 nodes (570975 simplex iterations) in 8.90 seconds (8.31 work units)
Thread count was 4 (of 4 available processors)

Solution count 10: 1.28137e-06 1.03454e-06 1.03444e-06 ... 2.34827e-08

Optimization achieved user objective limit
Best objective 1.281367678737e-06, best bound 2.725771913590e-02, gap 2127136.3575%
{"verdict": "PROVED", "status": "BOUND_REACHED", "runtime": 8.90143084526062, "objval": 1.281367678736961e-06, "objbound": 0.02725771913589911, "binaries": 38}
