Set parameter NodefileStart to value 6
Read parameters from file gurobi.env
Restricted license - for non-production use only - expires 2027-11-29
Set parameter OutputFlag to value 1
Set parameter Threads to value 4
Set parameter TimeLimit to value 360
Set parameter MIPGap to value 5e-05
Set parameter MIPFocus to value 2
Set parameter NonConvex to value 2
Set parameter BestBdStop to value 2.7426211734693878e-02
Gurobi Optimizer version 13.0.3 build v13.0.3rc0 (linux64 - "Ubuntu 24.04.5 LTS")

CPU model: AMD EPYC 9V74 80-Core Processor, instruction set [SSE2|AVX|AVX2|AVX512]
Thread count: 2 physical cores, 4 logical processors, using up to 4 threads

Non-default parameters:
TimeLimit  360
BestBdStop  2.7426211734693878e-02
MIPGap  5e-05
MIPFocus  2
NodefileStart  6
NonConvex  2
Threads  4

Optimize a model with 141 rows, 111 columns and 810 nonzeros (Max)
Model fingerprint: 0x3158731e
Model has 1 linear objective coefficients
Model has 50 quadratic constraints
Variable types: 65 continuous, 46 integer (46 binary)
Coefficient statistics:
  Matrix range     [5e-01, 1e+00]
  QMatrix range    [1e+00, 1e+00]
  QLMatrix range   [1e+00, 1e+00]
  Objective range  [1e+00, 1e+00]
  Bounds range     [5e-01, 1e+00]
  RHS range        [1e+00, 1e+00]

Found heuristic solution: objective -0.0000000
Presolve time: 0.00s
Presolved: 341 rows, 112 columns, 1210 nonzeros
Presolved model has 50 bilinear constraint(s)

Solving non-convex MIQCP to global optimality

Variable types: 66 continuous, 46 integer (46 binary)
Root relaxation presolve removed 50 rows and 1 columns
Root relaxation presolved: 291 rows, 111 columns, 1160 nonzeros


Root relaxation: objective 8.333333e-02, 125 iterations, 0.00 seconds (0.00 work units)

    Nodes    |    Current Node    |     Objective Bounds      |     Work
 Expl Unexpl |  Obj  Depth IntInf | Incumbent    BestBd   Gap | It/Node Time

     0     0    0.08333    0   49   -0.00000    0.08333      -     -    0s
     0     0    0.07895    0   61   -0.00000    0.07895      -     -    0s
     0     0    0.07895    0   49   -0.00000    0.07895      -     -    0s
     0     0    0.07895    0   67   -0.00000    0.07895      -     -    0s
     0     0    0.07895    0   61   -0.00000    0.07895      -     -    0s
     0     0    0.07778    0   50   -0.00000    0.07778      -     -    0s
     0     0    0.07778    0   53   -0.00000    0.07778      -     -    0s
     0     0    0.07778    0   47   -0.00000    0.07778      -     -    0s
     0     0    0.07778    0   47   -0.00000    0.07778      -     -    0s
     0     0    0.07778    0   51   -0.00000    0.07778      -     -    0s
     0     0    0.07778    0   51   -0.00000    0.07778      -     -    0s
     0     2    0.07778    0   51   -0.00000    0.07778      -     -    0s
*  645   586              94       0.0000003    0.07778      -  26.9    0s
*  735   617             111       0.0000003    0.07778      -  26.1    0s
H 1200   959                       0.0000004    0.07700      -  24.8    1s
H 1702  1310                       0.0000004    0.04853      -  26.8    1s
* 1734  1251              82       0.0000012    0.04853      -  26.6    1s
* 1768  1192              86       0.0000016    0.04853      -  26.3    1s
* 1771  1149              87       0.0000017    0.04853      -  26.3    1s
 11184  8290    0.03161   28   52    0.00000    0.04639      -  28.5    5s
H30834 25560                       0.0000017    0.04199      -  29.2    9s
 35387 26297    0.00004   78   18    0.00000    0.04172      -  29.0   10s
H35743 25667                       0.0000026    0.04166      -  29.1   10s
H36995 26730                       0.0000026    0.04152      -  29.1   10s
 59616 42982    0.00001   73   50    0.00000    0.04007      -  31.0   15s
H75139 53821                       0.0000027    0.03933      -  31.5   18s
 81917 58859    0.00224   50   50    0.00000    0.03922      -  31.6   20s
 104741 74921     cutoff   61         0.00000    0.03865      -  32.3   25s
 126777 90086    0.00000   71   31    0.00000    0.03813      -  32.5   30s
 147809 104565    0.00049   55   43    0.00000    0.03776      -  32.6   35s
 169822 119556    0.00506   47   50    0.00000    0.03739      -  32.7   40s
 192369 134704    0.02652   36   54    0.00000    0.03712      -  33.0   45s
 212086 148251    0.00250   49   49    0.00000    0.03688      -  33.1   50s
 232627 162993     cutoff   59         0.00000    0.03670      -  33.4   55s
 254994 178440    0.00654   43   43    0.00000    0.03661      -  33.6   60s
 278225 194642    0.03081   32   51    0.00000    0.03645      -  33.6   65s
 301111 209938    0.02916   43   54    0.00000    0.03629      -  33.7   70s
 320513 223431    0.02017   35   44    0.00000    0.03621      -  33.7   75s
 343748 239401    0.01152   39   52    0.00000    0.03610      -  33.7   80s
 366681 255090    0.00000  121   32    0.00000    0.03610      -  33.8   85s
 384247 267586     cutoff   52         0.00000    0.03610      -  33.9   90s
 404023 281690    0.00000   91   41    0.00000    0.03610      -  34.0   95s
 425754 296628    0.00268   35   53    0.00000    0.03604      -  33.9  100s
 445904 310629    0.00253   47   52    0.00000    0.03597      -  33.9  105s
 467801 325773     cutoff   77         0.00000    0.03591      -  33.9  110s
 491597 341939    0.02604   32   54    0.00000    0.03580      -  33.8  115s
 515274 358757    0.00097   62   50    0.00000    0.03575      -  33.8  120s
 535651 373819    0.00032   68   43    0.00000    0.03570      -  33.7  125s
 559383 389270    0.00001   53   24    0.00000    0.03562      -  33.7  130s
 583256 406017     cutoff   50         0.00000    0.03558      -  33.7  135s
 601650 418345    0.01297   38   46    0.00000    0.03555      -  33.7  140s
 624394 434011    0.00000   92   42    0.00000    0.03555      -  33.8  145s
 647627 450238    0.03543   33   55    0.00000    0.03555      -  33.8  150s
 669557 465530    0.00968   43   51    0.00000    0.03552      -  33.8  155s
 693797 482736    0.00022   64   50    0.00000    0.03547      -  33.8  160s
 718038 499833    0.00004   72   49    0.00000    0.03541      -  33.8  165s
 740882 515093    0.02035   41   56    0.00000    0.03536      -  33.7  170s
 764105 531036    0.00169   58   50    0.00000    0.03531      -  33.7  175s
 785404 545243    0.00020   46   33    0.00000    0.03526      -  33.7  180s
 806729 559738     cutoff   66         0.00000    0.03521      -  33.7  185s
 827971 574413    0.00123   55   50    0.00000    0.03517      -  33.7  190s
 851347 590467    0.00002   67   43    0.00000    0.03513      -  33.6  195s
 874518 606631    0.00000   77   26    0.00000    0.03509      -  33.6  200s
 896301 621768    0.02869   34   48    0.00000    0.03506      -  33.5  205s
 920323 638219    0.01004   43   48    0.00000    0.03503      -  33.5  210s
 944418 654660     cutoff   45         0.00000    0.03498      -  33.5  215s
 963001 667290    0.00421   51   50    0.00000    0.03494      -  33.5  220s
 986614 683428    0.00133   54   36    0.00000    0.03490      -  33.5  225s
 1010500 699228    0.00291   46   52    0.00000    0.03485      -  33.4  230s
 1034019 715021    0.01701   36   57    0.00000    0.03481      -  33.4  235s
 1057949 730537    0.00112   52   53    0.00000    0.03477      -  33.4  240s
 1076810 744033    0.00158   52   47    0.00000    0.03477      -  33.4  245s
 1099731 761765    0.02635   38   58    0.00000    0.03476      -  33.4  250s
 1123307 778000    0.00050   73   50    0.00000    0.03473      -  33.4  255s
 1148162 795023     cutoff   46         0.00000    0.03470      -  33.3  260s
 1166704 807708     cutoff   50         0.00000    0.03467      -  33.3  265s
 1188110 821945    0.00064   74   37    0.00000    0.03463      -  33.3  270s
 1211901 838269     cutoff   93         0.00000    0.03461      -  33.3  275s
 1233329 852416    0.00005   72   52    0.00000    0.03457      -  33.3  280s
 1256059 868325    0.00143   53   50    0.00000    0.03454      -  33.3  285s
 1282104 886241     cutoff   64         0.00000    0.03452      -  33.2  290s
 1306727 903300    0.02387   41   55    0.00000    0.03450      -  33.2  295s
 1325599 915936    0.00670   48   54    0.00000    0.03447      -  33.2  300s
 1343549 929034    0.01512   37   41    0.00000    0.03445      -  33.2  305s
 1365159 943616    0.02359   37   44    0.00000    0.03442      -  33.2  310s
 1387229 959114    0.03433   31   61    0.00000    0.03440      -  33.2  315s
 1407687 972965 infeasible   83         0.00000    0.03438      -  33.2  320s
 1431491 989543    0.00000   77   36    0.00000    0.03435      -  33.2  325s
 1454865 1005285    0.00062   76   42    0.00000    0.03432      -  33.2  330s
 1478611 1020953    0.01301   43   38    0.00000    0.03429      -  33.2  335s
 1497753 1033992     cutoff  102         0.00000    0.03428      -  33.2  340s
 1519033 1047820    0.02147   41   50    0.00000    0.03425      -  33.2  345s
 1541909 1063456     cutoff   45         0.00000    0.03423      -  33.2  350s
 1562821 1077347    0.00165   61   50    0.00000    0.03421      -  33.2  355s
 1585745 1092902     cutoff   79         0.00000    0.03418      -  33.2  360s

Cutting planes:
  Gomory: 27
  Implied bound: 7
  MIR: 4
  Flow cover: 44
  RLT: 104
  Relax-and-lift: 18
  BQP: 25

Explored 1585866 nodes (52691105 simplex iterations) in 360.00 seconds (450.05 work units)
Thread count was 4 (of 4 available processors)

Solution count 10: 2.66489e-06 2.57017e-06 1.66297e-06 ... 2.67428e-07

Time limit reached
Best objective 2.664894549145e-06, best bound 3.417883194519e-02, gap 1282458.5146%
{"verdict": "UNRESOLVED", "status": "TIME_LIMIT", "runtime": 360.00215697288513, "objval": 2.664894549144761e-06, "objbound": 0.0341788319451864, "binaries": 46}
