Set parameter NodefileStart to value 6
Read parameters from file gurobi.env
Restricted license - for non-production use only - expires 2027-11-29
Set parameter OutputFlag to value 1
Set parameter Threads to value 4
Set parameter TimeLimit to value 360
Set parameter MIPGap to value 5e-05
Set parameter MIPFocus to value 2
Set parameter NonConvex to value 2
Set parameter BestBdStop to value 2.7426211734693878e-02
Gurobi Optimizer version 13.0.3 build v13.0.3rc0 (linux64 - "Ubuntu 24.04.5 LTS")

CPU model: AMD EPYC 7763 64-Core Processor, instruction set [SSE2|AVX|AVX2]
Thread count: 2 physical cores, 4 logical processors, using up to 4 threads

Non-default parameters:
TimeLimit  360
BestBdStop  2.7426211734693878e-02
MIPGap  5e-05
MIPFocus  2
NodefileStart  6
NonConvex  2
Threads  4

Optimize a model with 149 rows, 119 columns and 871 nonzeros (Max)
Model fingerprint: 0x0e6d2d80
Model has 1 linear objective coefficients
Model has 50 quadratic constraints
Variable types: 65 continuous, 54 integer (54 binary)
Coefficient statistics:
  Matrix range     [5e-01, 1e+00]
  QMatrix range    [1e+00, 1e+00]
  QLMatrix range   [1e+00, 1e+00]
  Objective range  [1e+00, 1e+00]
  Bounds range     [5e-01, 1e+00]
  RHS range        [1e+00, 1e+00]

Found heuristic solution: objective -0.0000000
Presolve time: 0.00s
Presolved: 349 rows, 120 columns, 1271 nonzeros
Presolved model has 50 bilinear constraint(s)

Solving non-convex MIQCP to global optimality

Variable types: 66 continuous, 54 integer (54 binary)
Root relaxation presolve removed 72 rows and 12 columns
Root relaxation presolved: 277 rows, 108 columns, 1089 nonzeros


Root relaxation: objective 1.000000e-01, 118 iterations, 0.00 seconds (0.00 work units)

    Nodes    |    Current Node    |     Objective Bounds      |     Work
 Expl Unexpl |  Obj  Depth IntInf | Incumbent    BestBd   Gap | It/Node Time

     0     0    0.10000    0   54   -0.00000    0.10000      -     -    0s
     0     0    0.08333    0   67   -0.00000    0.08333      -     -    0s
     0     0    0.08333    0   69   -0.00000    0.08333      -     -    0s
     0     0    0.07692    0   59   -0.00000    0.07692      -     -    0s
H    0     0                       0.0000000    0.07692      -     -    0s
     0     0    0.07692    0   61    0.00000    0.07692      -     -    0s
     0     0    0.07692    0   56    0.00000    0.07692      -     -    0s
     0     0    0.07692    0   60    0.00000    0.07692      -     -    0s
     0     0    0.07692    0   66    0.00000    0.07692      -     -    0s
     0     0    0.07692    0   54    0.00000    0.07692      -     -    0s
     0     0    0.07692    0   57    0.00000    0.07692      -     -    0s
     0     0    0.07692    0   47    0.00000    0.07692      -     -    0s
     0     0    0.07692    0   46    0.00000    0.07692      -     -    0s
     0     0    0.07692    0   46    0.00000    0.07692      -     -    0s
     0     2    0.07692    0   46    0.00000    0.07692      -     -    0s
H  635   555                       0.0000001    0.07692      -  34.1    0s
* 3242  1815              90       0.0000003    0.03084      -  26.1    2s
H 3462  1897                       0.0000003    0.03084      -  25.5    2s

Cutting planes:
  Gomory: 9
  Implied bound: 1
  MIR: 1
  Flow cover: 3
  RLT: 29
  Relax-and-lift: 1
  BQP: 4

Explored 3941 nodes (98599 simplex iterations) in 2.34 seconds (1.66 work units)
Thread count was 4 (of 4 available processors)

Solution count 4: 3.24753e-07 3.06152e-07 1.03964e-07 -0 

Optimization achieved user objective limit
Best objective 3.247530917516e-07, best bound 2.608994460598e-02, gap -
{"verdict": "PROVED", "status": "BOUND_REACHED", "runtime": 2.343590021133423, "objval": 3.247530917516173e-07, "objbound": 0.026089944605984378, "binaries": 54}
