Set parameter NodefileStart to value 6
Read parameters from file gurobi.env
Restricted license - for non-production use only - expires 2027-11-29
Set parameter OutputFlag to value 1
Set parameter Threads to value 4
Set parameter TimeLimit to value 360
Set parameter MIPGap to value 5e-05
Set parameter MIPFocus to value 2
Set parameter NonConvex to value 2
Set parameter BestBdStop to value 2.7426211734693878e-02
Gurobi Optimizer version 13.0.3 build v13.0.3rc0 (linux64 - "Ubuntu 24.04.5 LTS")

CPU model: AMD EPYC 7763 64-Core Processor, instruction set [SSE2|AVX|AVX2]
Thread count: 2 physical cores, 4 logical processors, using up to 4 threads

Non-default parameters:
TimeLimit  360
BestBdStop  2.7426211734693878e-02
MIPGap  5e-05
MIPFocus  2
NodefileStart  6
NonConvex  2
Threads  4

Optimize a model with 145 rows, 115 columns and 846 nonzeros (Max)
Model fingerprint: 0xef0dd018
Model has 1 linear objective coefficients
Model has 50 quadratic constraints
Variable types: 65 continuous, 50 integer (50 binary)
Coefficient statistics:
  Matrix range     [5e-01, 1e+00]
  QMatrix range    [1e+00, 1e+00]
  QLMatrix range   [1e+00, 1e+00]
  Objective range  [1e+00, 1e+00]
  Bounds range     [5e-01, 1e+00]
  RHS range        [1e+00, 1e+00]

Found heuristic solution: objective -0.0000000
Presolve time: 0.00s
Presolved: 345 rows, 116 columns, 1246 nonzeros
Presolved model has 50 bilinear constraint(s)

Solving non-convex MIQCP to global optimality

Variable types: 66 continuous, 50 integer (50 binary)
Root relaxation presolve removed 50 rows and 1 columns
Root relaxation presolved: 295 rows, 115 columns, 1196 nonzeros


Root relaxation: objective 8.333333e-02, 112 iterations, 0.00 seconds (0.00 work units)

    Nodes    |    Current Node    |     Objective Bounds      |     Work
 Expl Unexpl |  Obj  Depth IntInf | Incumbent    BestBd   Gap | It/Node Time

     0     0    0.08333    0   50   -0.00000    0.08333      -     -    0s
     0     0    0.06250    0   57   -0.00000    0.06250      -     -    0s
     0     0    0.06250    0   53   -0.00000    0.06250      -     -    0s
     0     0    0.06250    0   52   -0.00000    0.06250      -     -    0s
H    0     0                       0.0000001    0.06250      -     -    0s
H    0     0                       0.0000002    0.06250      -     -    0s
     0     0    0.06250    0   48    0.00000    0.06250      -     -    0s
     0     0    0.06250    0   51    0.00000    0.06250      -     -    0s
     0     0    0.06250    0   50    0.00000    0.06250      -     -    0s
     0     0    0.06250    0   49    0.00000    0.06250      -     -    0s
     0     0    0.06250    0   49    0.00000    0.06250      -     -    0s
     0     2    0.06250    0   49    0.00000    0.06250      -     -    0s
* 1016   937              77       0.0000002    0.06250      -  13.9    1s
* 1023   937              77       0.0000002    0.06250      -  13.9    1s
H 1180   969                       0.0000005    0.06250      -  13.8    1s
* 1593  1167              61       0.0000005    0.05071      -  15.8    1s
H 4287  2853                       0.0000005    0.04810      -  18.8    3s
 11547  8474    0.00339   42   44    0.00000    0.04202      -  20.9    5s
H24253 17368                       0.0000005    0.04164      -  20.9    8s
H25848 18604                       0.0000006    0.04164      -  21.1    9s
 29163 20980    0.00001   51   17    0.00000    0.04161      -  21.0   10s
H36076 25337                       0.0000007    0.04113      -  20.7   11s
H38441 26895                       0.0000007    0.04099      -  20.6   12s
H38564 26711                       0.0000008    0.04099      -  20.6   12s
 48579 33833    0.00180   43   44    0.00000    0.04017      -  20.5   15s
 70317 48754    0.02342   33   51    0.00000    0.03839      -  19.8   20s
 91844 63645    0.03232   36   56    0.00000    0.03769      -  19.6   25s
 113397 79157    0.00007   55   51    0.00000    0.03726      -  19.3   30s
 131735 91772    0.00009   71   49    0.00000    0.03699      -  19.3   35s
H133574 92808                       0.0000008    0.03699      -  19.3   35s
 151747 105318    0.00096   54   50    0.00000    0.03653      -  19.3   40s
 172129 120165    0.00001   62   50    0.00000    0.03631      -  19.4   45s
H176164 122809                       0.0000009    0.03628      -  19.4   45s
 192667 135046    0.00026   50   50    0.00000    0.03615      -  19.3   50s
 214349 151318    0.00101   52   51    0.00000    0.03615      -  19.0   55s
 238065 169306    0.01380   41   52    0.00000    0.03615      -  18.7   60s
 259332 184514    0.00122   43   50    0.00000    0.03606      -  18.7   65s
 276933 196500    0.00001   87   43    0.00000    0.03600      -  18.8   70s
 296992 210241    0.01893   35   52    0.00000    0.03595      -  18.8   75s
 317564 224166    0.00010   69   50    0.00000    0.03585      -  18.9   80s
 339824 238895    0.00001   65   49    0.00000    0.03575      -  18.9   85s
 360292 252586     cutoff   65         0.00000    0.03564      -  19.0   90s
 380094 265988    0.00141   36   56    0.00000    0.03548      -  19.1   95s
 398834 278993    0.01999   34   52    0.00000    0.03537      -  19.2  100s
 413666 289216    0.00239   50   36    0.00000    0.03532      -  19.3  105s
 430982 300916    0.00307   46   50    0.00000    0.03520      -  19.4  110s
 450214 314287    0.00014   64   44    0.00000    0.03509      -  19.5  115s
 470476 327785    0.00065   64   50    0.00000    0.03498      -  19.5  120s
 491690 342196    0.00109   50   50    0.00000    0.03492      -  19.6  125s
 513528 357785    0.00001   77   50    0.00000    0.03489      -  19.6  130s
 533619 371593 infeasible   58         0.00000    0.03481      -  19.7  135s
 553071 384825    0.00160   50   50    0.00000    0.03472      -  19.8  140s
 570710 396553    0.00008   52   52    0.00000    0.03465      -  19.8  145s
 590282 409544    0.01088   34   51    0.00000    0.03459      -  20.0  150s
 608725 422362     cutoff   68         0.00000    0.03450      -  20.0  155s
 627883 434954    0.01559   34   50    0.00000    0.03445      -  20.1  160s
 648311 448847    0.00006   73   50    0.00000    0.03435      -  20.1  165s
 666028 461011     cutoff   41         0.00000    0.03430      -  20.2  170s
 682178 471929    0.00122   43   44    0.00000    0.03427      -  20.2  175s
 701369 484552    0.00001   66   51    0.00000    0.03421      -  20.3  180s
 720770 497897    0.00644   34   58    0.00000    0.03416      -  20.3  185s
 741025 511811    0.00002   62   41    0.00000    0.03412      -  20.4  190s
 760867 525368    0.00379   39   37    0.00000    0.03404      -  20.4  195s
 779859 538156    0.03161   34   53    0.00000    0.03398      -  20.5  200s
 800282 552081    0.00057   56   38    0.00000    0.03391      -  20.5  205s
 819993 565487    0.03381   31   50    0.00000    0.03385      -  20.6  210s
 835583 575517    0.00011   40   44    0.00000    0.03381      -  20.6  215s
 853951 586804    0.01676   46   51    0.00000    0.03381      -  20.7  220s
 872750 598812    0.00679   38   50    0.00000    0.03379      -  20.7  225s
 891401 610919    0.00000   85   36    0.00000    0.03375      -  20.8  230s
 908855 622685    0.00008   52   44    0.00000    0.03372      -  20.8  235s
 924860 633389    0.00017   60   50    0.00000    0.03369      -  20.8  240s
 945151 647079    0.01742   33   52    0.00000    0.03366      -  20.8  245s
 963022 659453    0.01751   41   51    0.00000    0.03363      -  20.8  250s
 982891 672549    0.00031   48   53    0.00000    0.03360      -  20.9  255s
 1001787 685256    0.00011   68   50    0.00000    0.03355      -  20.9  260s
 1020689 698171    0.02718   47   51    0.00000    0.03350      -  20.9  265s
 1039603 710364     cutoff   62         0.00000    0.03346      -  21.0  270s
 1056028 721014    0.00008   59   50    0.00000    0.03343      -  21.0  275s
 1076303 735498    0.00917   40   52    0.00000    0.03341      -  21.0  280s
 1093649 747343    0.00016   70   50    0.00000    0.03337      -  21.1  285s
 1113292 761765    0.00000   80   33    0.00000    0.03334      -  21.1  290s
 1133394 774676    0.00007   59   48    0.00000    0.03330      -  21.1  295s
 1155265 789017     cutoff   61         0.00000    0.03330      -  21.1  300s
 1171432 799743    0.00020   72   42    0.00000    0.03328      -  21.1  305s
 1190327 812718    0.00005   76   50    0.00000    0.03326      -  21.1  310s
 1209582 825869    0.00030   60   51    0.00000    0.03323      -  21.1  315s
 1228845 838465    0.01076   38   50    0.00000    0.03319      -  21.1  320s
 1247969 851806    0.00280   49   51    0.00000    0.03315      -  21.2  325s
 1267111 864573    0.00001   48   34    0.00000    0.03310      -  21.2  330s
 1284449 876183    0.01168   34   50    0.00000    0.03306      -  21.2  335s
 1304550 889395    0.00000   81   41    0.00000    0.03303      -  21.2  340s
 1323154 901925    0.02624   31   54    0.00000    0.03300      -  21.3  345s
 1342449 916722    0.00024   57   50    0.00000    0.03296      -  21.3  350s
 1361891 928082    0.00001   84   45    0.00000    0.03293      -  21.3  355s
 1382448 942422    0.01725   38   50    0.00000    0.03290      -  21.3  360s

Cutting planes:
  Gomory: 27
  Implied bound: 14
  MIR: 6
  Flow cover: 9
  RLT: 73
  Relax-and-lift: 7
  BQP: 30

Explored 1382769 nodes (29424935 simplex iterations) in 360.00 seconds (374.40 work units)
Thread count was 4 (of 4 available processors)

Solution count 10: 8.72596e-07 8.19144e-07 8.13377e-07 ... 4.6943e-07

Time limit reached
Best objective 8.725960994327e-07, best bound 3.289709263740e-02, gap -
{"verdict": "UNRESOLVED", "status": "TIME_LIMIT", "runtime": 360.0033118724823, "objval": 8.725960994326878e-07, "objbound": 0.032897092637397, "binaries": 50}
