Set parameter NodefileStart to value 6
Read parameters from file gurobi.env
Restricted license - for non-production use only - expires 2027-11-29
Set parameter OutputFlag to value 1
Set parameter Threads to value 4
Set parameter TimeLimit to value 360
Set parameter MIPGap to value 5e-05
Set parameter MIPFocus to value 2
Set parameter NonConvex to value 2
Set parameter BestBdStop to value 2.7426211734693878e-02
Gurobi Optimizer version 13.0.3 build v13.0.3rc0 (linux64 - "Ubuntu 24.04.5 LTS")

CPU model: AMD EPYC 7763 64-Core Processor, instruction set [SSE2|AVX|AVX2]
Thread count: 2 physical cores, 4 logical processors, using up to 4 threads

Non-default parameters:
TimeLimit  360
BestBdStop  2.7426211734693878e-02
MIPGap  5e-05
MIPFocus  2
NodefileStart  6
NonConvex  2
Threads  4

Optimize a model with 145 rows, 115 columns and 846 nonzeros (Max)
Model fingerprint: 0x7f70c068
Model has 1 linear objective coefficients
Model has 50 quadratic constraints
Variable types: 65 continuous, 50 integer (50 binary)
Coefficient statistics:
  Matrix range     [5e-01, 1e+00]
  QMatrix range    [1e+00, 1e+00]
  QLMatrix range   [1e+00, 1e+00]
  Objective range  [1e+00, 1e+00]
  Bounds range     [5e-01, 1e+00]
  RHS range        [1e+00, 1e+00]

Found heuristic solution: objective -0.0000000
Presolve time: 0.00s
Presolved: 345 rows, 116 columns, 1246 nonzeros
Presolved model has 50 bilinear constraint(s)

Solving non-convex MIQCP to global optimality

Variable types: 66 continuous, 50 integer (50 binary)
Root relaxation presolve removed 50 rows and 1 columns
Root relaxation presolved: 295 rows, 115 columns, 1196 nonzeros


Root relaxation: objective 8.333333e-02, 106 iterations, 0.00 seconds (0.00 work units)

    Nodes    |    Current Node    |     Objective Bounds      |     Work
 Expl Unexpl |  Obj  Depth IntInf | Incumbent    BestBd   Gap | It/Node Time

     0     0    0.08333    0   50   -0.00000    0.08333      -     -    0s
     0     0    0.08333    0   55   -0.00000    0.08333      -     -    0s
     0     0    0.07143    0   57   -0.00000    0.07143      -     -    0s
     0     0    0.07143    0   60   -0.00000    0.07143      -     -    0s
     0     0    0.07143    0   50   -0.00000    0.07143      -     -    0s
H    0     0                       0.0000001    0.07143      -     -    0s
     0     0    0.07143    0   50    0.00000    0.07143      -     -    0s
     0     0    0.07143    0   60    0.00000    0.07143      -     -    0s
     0     0    0.07143    0   74    0.00000    0.07143      -     -    0s
     0     0    0.07143    0   63    0.00000    0.07143      -     -    0s
     0     0    0.07143    0   44    0.00000    0.07143      -     -    0s
     0     0    0.07143    0   44    0.00000    0.07143      -     -    0s
     0     2    0.07143    0   44    0.00000    0.07143      -     -    0s
H 1141   963                       0.0007489    0.04924  6475%  23.7    1s
H 1141   914                       0.0024973    0.04860  1846%  23.7    1s
H 1142   869                       0.0030440    0.04809  1480%  23.7    1s
H 1145   827                       0.0084956    0.04708   454%  23.6    1s
H 1147   787                       0.0087531    0.04635   430%  23.6    1s
H 1147   747                       0.0087531    0.04635   430%  23.6    1s
H 1162   719                       0.0088545    0.04621   422%  24.7    2s
H 1222   736                       0.0090689    0.04621   410%  25.8    2s
H 1300   754                       0.0094249    0.04621   390%  25.1    2s
H 1468   792                       0.0094910    0.04621   387%  24.4    2s
H 1477   735                       0.0121022    0.04621   282%  24.5    2s
H 2483  1056                       0.0130483    0.04621   254%  28.3    2s
H 5062  1702                       0.0159076    0.04518   184%  28.0    3s
H 5148  1762                       0.0159076    0.04507   183%  28.0    3s
H 5899  2101                       0.0159076    0.04404   177%  27.0    3s
  8611  2879    0.03246   34   56    0.01591    0.04197   164%  26.8    5s
 25820  9385    0.03655   45   60    0.01591    0.03837   141%  25.8   10s
 45494 16329    0.01840   49   56    0.01591    0.03728   134%  25.2   15s
 67086 23427 infeasible   52         0.01591    0.03595   126%  24.7   20s
 88838 29793    0.02436   41   55    0.01591    0.03509   121%  24.6   25s
 110993 36333    0.03125   43   59    0.01591    0.03445   117%  24.4   30s
 133373 43069 infeasible   56         0.01591    0.03395   113%  24.2   35s
H142333 39375                       0.0176851    0.03380  91.1%  24.2   37s
H142808 39473                       0.0176851    0.03379  91.1%  24.2   37s
 149958 41153     cutoff   44         0.01769    0.03362  90.1%  24.2   40s
 172169 46107     cutoff   44         0.01769    0.03320  87.7%  24.2   45s
 193634 50488    0.02653   44   64    0.01769    0.03286  85.8%  24.1   50s
 215779 55310    0.03150   34   55    0.01769    0.03252  83.9%  24.1   55s
 237684 60000     cutoff   44         0.01769    0.03224  82.3%  24.1   60s
 259983 64468    0.01823   47   44    0.01769    0.03198  80.9%  24.1   65s
 282075 69233    0.01820   46   56    0.01769    0.03178  79.7%  24.1   70s
 304198 73303    0.01782   46   45    0.01769    0.03158  78.6%  24.0   75s
 324614 77423     cutoff   44         0.01769    0.03139  77.5%  24.0   80s
 341003 80892     cutoff   51         0.01769    0.03126  76.8%  24.1   85s
 361814 84897    0.02666   43   60    0.01769    0.03109  75.8%  24.4   90s
 384744 89140     cutoff   52         0.01769    0.03091  74.8%  24.7   95s
 407734 93572     cutoff   41         0.01769    0.03074  73.8%  24.9  100s
 429929 97477    0.01999   43   54    0.01769    0.03059  73.0%  25.2  105s
 452798 101279    0.01784   41   55    0.01769    0.03043  72.1%  25.4  110s
 475674 105847    0.01940   49   56    0.01769    0.03030  71.3%  25.5  115s
 497130 109732    0.02193   50   62    0.01769    0.03016  70.6%  25.7  120s
 516913 113351    0.02127   48   53    0.01769    0.03006  70.0%  25.8  125s
 539879 117221    0.02513   47   51    0.01769    0.02993  69.2%  25.9  130s
 563157 121176    0.02857   41   57    0.01769    0.02982  68.6%  26.0  135s
 586490 125440    0.02730   36   68    0.01769    0.02971  68.0%  26.1  140s
 610264 129358     cutoff   50         0.01769    0.02961  67.4%  26.1  145s
 633099 133084     cutoff   46         0.01769    0.02950  66.8%  26.2  150s
 656940 136780    0.01899   41   55    0.01769    0.02938  66.2%  26.2  155s
 681077 140861     cutoff   44         0.01769    0.02928  65.6%  26.3  160s
 703853 144503    0.01805   41   54    0.01769    0.02919  65.0%  26.3  165s
 723293 147362    0.01786   49   55    0.01769    0.02910  64.6%  26.4  170s
 746052 151150 infeasible   51         0.01769    0.02902  64.1%  26.4  175s
 769393 155549     cutoff   47         0.01769    0.02894  63.7%  26.4  180s
 792425 159174    0.02886   38   65    0.01769    0.02886  63.2%  26.4  185s
 814923 162646    0.01800   47   53    0.01769    0.02879  62.8%  26.5  190s
 837849 166496    0.01932   44   43    0.01769    0.02871  62.3%  26.5  195s
 860132 169998     cutoff   48         0.01769    0.02865  62.0%  26.6  200s
 883210 173452    0.02196   41   54    0.01769    0.02857  61.6%  26.6  205s
 906159 176970     cutoff   49         0.01769    0.02849  61.1%  26.6  210s
 926008 179842     cutoff   47         0.01769    0.02843  60.8%  26.6  215s
 947187 183029    0.02514   46   58    0.01769    0.02837  60.4%  26.6  220s
 969918 186406    0.02493   46   53    0.01769    0.02829  60.0%  26.6  225s
 994582 190010    0.02029   55   57    0.01769    0.02822  59.6%  26.6  230s
 1018921 193584    0.02412   47   44    0.01769    0.02814  59.1%  26.6  235s
 1041352 196647     cutoff   56         0.01769    0.02808  58.8%  26.6  240s
 1064844 200220     cutoff   47         0.01769    0.02802  58.4%  26.6  245s
 1088194 203609    0.02275   46   56    0.01769    0.02796  58.1%  26.6  250s
 1108216 206622    0.02065   56   56    0.01769    0.02790  57.8%  26.6  255s
 1132663 209923     cutoff   51         0.01769    0.02784  57.4%  26.6  260s
 1156264 213438    0.01825   57   46    0.01769    0.02778  57.1%  26.6  265s
 1179176 216761    0.01828   46   51    0.01769    0.02772  56.7%  26.6  270s
 1202813 219929     cutoff   55         0.01769    0.02767  56.5%  26.6  275s
 1227073 222952    0.02135   48   44    0.01769    0.02761  56.1%  26.6  280s
 1250407 225905     cutoff   56         0.01769    0.02755  55.8%  26.6  285s
 1273266 229158     cutoff   46         0.01769    0.02750  55.5%  26.6  290s
 1296732 232490     cutoff   45         0.01769    0.02745  55.2%  26.6  295s

Cutting planes:
  Implied bound: 2
  MIR: 1
  Flow cover: 8
  RLT: 81
  Relax-and-lift: 1
  BQP: 19

Explored 1307138 nodes (34806169 simplex iterations) in 297.83 seconds (324.57 work units)
Thread count was 4 (of 4 available processors)

Solution count 10: 0.0176851 0.0159076 0.0130483 ... 0.00849563

Optimization achieved user objective limit
Best objective 1.768509378865e-02, best bound 2.742583237629e-02, gap 55.0788%
{"verdict": "PROVED", "status": "BOUND_REACHED", "runtime": 297.8271391391754, "objval": 0.0176850937886526, "objbound": 0.027425832376289597, "binaries": 50}
