Set parameter NodefileStart to value 6
Read parameters from file gurobi.env
Restricted license - for non-production use only - expires 2027-11-29
Set parameter OutputFlag to value 1
Set parameter Threads to value 4
Set parameter TimeLimit to value 360
Set parameter MIPGap to value 5e-05
Set parameter MIPFocus to value 2
Set parameter NonConvex to value 2
Set parameter BestBdStop to value 2.7426211734693878e-02
Gurobi Optimizer version 13.0.3 build v13.0.3rc0 (linux64 - "Ubuntu 24.04.5 LTS")

CPU model: INTEL(R) XEON(R) PLATINUM 8573C, instruction set [SSE2|AVX|AVX2|AVX512]
Thread count: 2 physical cores, 4 logical processors, using up to 4 threads

Non-default parameters:
TimeLimit  360
BestBdStop  2.7426211734693878e-02
MIPGap  5e-05
MIPFocus  2
NodefileStart  6
NonConvex  2
Threads  4

Optimize a model with 125 rows, 95 columns and 686 nonzeros (Max)
Model fingerprint: 0xfe609580
Model has 1 linear objective coefficients
Model has 50 quadratic constraints
Variable types: 65 continuous, 30 integer (30 binary)
Coefficient statistics:
  Matrix range     [5e-01, 1e+00]
  QMatrix range    [1e+00, 1e+00]
  QLMatrix range   [1e+00, 1e+00]
  Objective range  [1e+00, 1e+00]
  Bounds range     [5e-01, 1e+00]
  RHS range        [1e+00, 1e+00]

Found heuristic solution: objective -0.0000000
Presolve time: 0.00s
Presolved: 325 rows, 96 columns, 1086 nonzeros
Presolved model has 50 bilinear constraint(s)

Solving non-convex MIQCP to global optimality

Variable types: 66 continuous, 30 integer (30 binary)
Root relaxation presolve removed 50 rows and 1 columns
Root relaxation presolved: 275 rows, 95 columns, 1036 nonzeros


Root relaxation: objective 6.250000e-02, 106 iterations, 0.00 seconds (0.00 work units)

    Nodes    |    Current Node    |     Objective Bounds      |     Work
 Expl Unexpl |  Obj  Depth IntInf | Incumbent    BestBd   Gap | It/Node Time

     0     0    0.06250    0   57   -0.00000    0.06250      -     -    0s
     0     0    0.05882    0   43   -0.00000    0.05882      -     -    0s
     0     0    0.05882    0   57   -0.00000    0.05882      -     -    0s
     0     0    0.05882    0   56   -0.00000    0.05882      -     -    0s
     0     0    0.05882    0   55   -0.00000    0.05882      -     -    0s
     0     0    0.05882    0   41   -0.00000    0.05882      -     -    0s
     0     0    0.05882    0   55   -0.00000    0.05882      -     -    0s
     0     0    0.05882    0   57   -0.00000    0.05882      -     -    0s
     0     0    0.05882    0   57   -0.00000    0.05882      -     -    0s
     0     2    0.05882    0   57   -0.00000    0.05882      -     -    0s
H 1130   945                       0.0000000    0.05769      -  29.3    1s
H 1349  1063                       0.0000001    0.05181      -  30.1    1s
* 1769  1300              89       0.0000001    0.05023      -  26.2    2s
* 1778  1254              93       0.0000002    0.05023      -  26.1    2s
* 1782  1212              94       0.0000002    0.05023      -  26.0    2s
H 1909  1204                       0.0000002    0.05013      -  25.0    2s
* 2003  1214             138       0.0000002    0.04338      -  24.4    2s
* 2005  1174             139       0.0000003    0.04338      -  24.4    2s
* 2050  1122             126       0.0000005    0.04338      -  24.2    2s
H 2679  1311                       0.0000006    0.04235      -  24.1    2s
H 3840  2198                       0.0000006    0.04218      -  25.5    2s
H 3841  2176                       0.0000007    0.04218      -  25.5    2s
H 9839  6496                       0.0000007    0.03735      -  23.1    4s
 13358  8945    0.00000   45   18    0.00000    0.03643      -  23.1    5s
H18382 11708                       0.0000008    0.03534      -  22.8    6s
 31470 21950    0.02763   22   55    0.00000    0.03335      -  22.1   10s
 52175 36165    0.00003   45   45    0.00000    0.03222      -  21.8   15s
 77178 50594    0.00007   39   38    0.00000    0.03111      -  21.8   20s
 101690 64383    0.01123   30   50    0.00000    0.03001      -  21.6   25s
 124049 78726     cutoff   38         0.00000    0.02945      -  21.5   30s
 145150 92516    0.00001   62   37    0.00000    0.02905      -  21.6   35s
 167673 106827    0.01432   28   50    0.00000    0.02856      -  21.6   40s
 190827 119951    0.01560   32   55    0.00000    0.02809      -  21.6   45s
 213312 134312    0.01624   30   52    0.00000    0.02774      -  21.5   50s

Cutting planes:
  Gomory: 7
  Flow cover: 2
  RLT: 51
  BQP: 6

Explored 234324 nodes (5050490 simplex iterations) in 54.62 seconds (55.96 work units)
Thread count was 4 (of 4 available processors)

Solution count 10: 8.42151e-07 6.95885e-07 6.94498e-07 ... 1.68036e-07

Optimization achieved user objective limit
Best objective 8.421508454481e-07, best bound 2.742279324629e-02, gap -
{"verdict": "PROVED", "status": "BOUND_REACHED", "runtime": 54.62087798118591, "objval": 8.421508454481423e-07, "objbound": 0.027422793246292192, "binaries": 30}
