Set parameter NodefileStart to value 6
Read parameters from file gurobi.env
Restricted license - for non-production use only - expires 2027-11-29
Set parameter OutputFlag to value 1
Set parameter Threads to value 4
Set parameter TimeLimit to value 360
Set parameter MIPGap to value 5e-05
Set parameter MIPFocus to value 2
Set parameter NonConvex to value 2
Set parameter BestBdStop to value 2.7426211734693878e-02
Gurobi Optimizer version 13.0.3 build v13.0.3rc0 (linux64 - "Ubuntu 24.04.5 LTS")

CPU model: AMD EPYC 7763 64-Core Processor, instruction set [SSE2|AVX|AVX2]
Thread count: 2 physical cores, 4 logical processors, using up to 4 threads

Non-default parameters:
TimeLimit  360
BestBdStop  2.7426211734693878e-02
MIPGap  5e-05
MIPFocus  2
NodefileStart  6
NonConvex  2
Threads  4

Optimize a model with 149 rows, 119 columns and 871 nonzeros (Max)
Model fingerprint: 0x0273050c
Model has 1 linear objective coefficients
Model has 50 quadratic constraints
Variable types: 65 continuous, 54 integer (54 binary)
Coefficient statistics:
  Matrix range     [5e-01, 1e+00]
  QMatrix range    [1e+00, 1e+00]
  QLMatrix range   [1e+00, 1e+00]
  Objective range  [1e+00, 1e+00]
  Bounds range     [5e-01, 1e+00]
  RHS range        [1e+00, 1e+00]

Found heuristic solution: objective -0.0000000
Presolve time: 0.00s
Presolved: 349 rows, 120 columns, 1271 nonzeros
Presolved model has 50 bilinear constraint(s)

Solving non-convex MIQCP to global optimality

Variable types: 66 continuous, 54 integer (54 binary)
Root relaxation presolve removed 50 rows and 1 columns
Root relaxation presolved: 299 rows, 119 columns, 1221 nonzeros


Root relaxation: objective 8.333333e-02, 114 iterations, 0.00 seconds (0.00 work units)

    Nodes    |    Current Node    |     Objective Bounds      |     Work
 Expl Unexpl |  Obj  Depth IntInf | Incumbent    BestBd   Gap | It/Node Time

     0     0    0.08333    0   47   -0.00000    0.08333      -     -    0s
     0     0    0.07143    0   60   -0.00000    0.07143      -     -    0s
     0     0    0.07143    0   79   -0.00000    0.07143      -     -    0s
H    0     0                       0.0000000    0.07143      -     -    0s
H    0     0                       0.0000002    0.07143      -     -    0s
H    0     0                       0.0000004    0.07143      -     -    0s
     0     0    0.07143    0   71    0.00000    0.07143      -     -    0s
     0     0    0.07143    0   43    0.00000    0.07143      -     -    0s
     0     0    0.07143    0   49    0.00000    0.07143      -     -    0s
     0     0    0.07143    0   50    0.00000    0.07143      -     -    0s
     0     0    0.07143    0   50    0.00000    0.07143      -     -    0s
     0     2    0.07143    0   50    0.00000    0.07143      -     -    0s
* 1720  1145              75       0.0000038    0.03787      -  23.9    1s
H 1788  1127                       0.0000038    0.03787      -  23.8    1s
H 2027   975                       0.0016952    0.03787  2134%  23.7    2s
* 2131   956             109       0.0018384    0.03787  1960%  23.3    2s
H 3192  1244                       0.0019805    0.03692  1764%  23.4    2s
H 3819  1513                       0.0019808    0.03357  1595%  23.2    2s
H 3866  1402                       0.0023578    0.03357  1324%  23.2    2s
H 4611  1760                       0.0023581    0.03155  1238%  22.7    2s
H 4650  1621                       0.0029060    0.03155   986%  23.0    2s
 12618  5096    0.00346   41   32    0.00291    0.02748   846%  27.4    5s

Cutting planes:
  Gomory: 12
  Implied bound: 11
  Flow cover: 8
  RLT: 53
  Relax-and-lift: 1
  BQP: 15

Explored 12977 nodes (355843 simplex iterations) in 5.03 seconds (4.36 work units)
Thread count was 4 (of 4 available processors)

Solution count 10: 0.002906 0.00235806 0.00235782 ... 6.22364e-09

Optimization achieved user objective limit
Best objective 2.905996617462e-03, best bound 2.739808064209e-02, gap 842.8119%
{"verdict": "PROVED", "status": "BOUND_REACHED", "runtime": 5.033859968185425, "objval": 0.002905996617462058, "objbound": 0.027398080642088395, "binaries": 54}
