Set parameter NodefileStart to value 6
Read parameters from file gurobi.env
Restricted license - for non-production use only - expires 2027-11-29
Set parameter OutputFlag to value 1
Set parameter Threads to value 4
Set parameter TimeLimit to value 360
Set parameter MIPGap to value 5e-05
Set parameter MIPFocus to value 2
Set parameter NonConvex to value 2
Set parameter BestBdStop to value 2.7426211734693878e-02
Gurobi Optimizer version 13.0.3 build v13.0.3rc0 (linux64 - "Ubuntu 24.04.5 LTS")

CPU model: Intel(R) Xeon(R) 6973P-C, instruction set [SSE2|AVX|AVX2|AVX512]
Thread count: 2 physical cores, 4 logical processors, using up to 4 threads

Non-default parameters:
TimeLimit  360
BestBdStop  2.7426211734693878e-02
MIPGap  5e-05
MIPFocus  2
NodefileStart  6
NonConvex  2
Threads  4

Optimize a model with 141 rows, 111 columns and 810 nonzeros (Max)
Model fingerprint: 0xe8ea8584
Model has 1 linear objective coefficients
Model has 50 quadratic constraints
Variable types: 65 continuous, 46 integer (46 binary)
Coefficient statistics:
  Matrix range     [5e-01, 1e+00]
  QMatrix range    [1e+00, 1e+00]
  QLMatrix range   [1e+00, 1e+00]
  Objective range  [1e+00, 1e+00]
  Bounds range     [5e-01, 1e+00]
  RHS range        [1e+00, 1e+00]

Found heuristic solution: objective -0.0000000
Presolve time: 0.00s
Presolved: 341 rows, 112 columns, 1210 nonzeros
Presolved model has 50 bilinear constraint(s)

Solving non-convex MIQCP to global optimality

Variable types: 66 continuous, 46 integer (46 binary)
Root relaxation presolve removed 50 rows and 1 columns
Root relaxation presolved: 291 rows, 111 columns, 1160 nonzeros


Root relaxation: objective 8.333333e-02, 144 iterations, 0.00 seconds (0.00 work units)

    Nodes    |    Current Node    |     Objective Bounds      |     Work
 Expl Unexpl |  Obj  Depth IntInf | Incumbent    BestBd   Gap | It/Node Time

     0     0    0.08333    0   49   -0.00000    0.08333      -     -    0s
     0     0    0.08333    0   58   -0.00000    0.08333      -     -    0s
     0     0    0.08333    0   54   -0.00000    0.08333      -     -    0s
     0     0    0.08333    0   46   -0.00000    0.08333      -     -    0s
H    0     0                       0.0000000    0.08333      -     -    0s
H    0     0                       0.0000000    0.08333      -     -    0s
     0     0    0.08333    0   49    0.00000    0.08333      -     -    0s
     0     0    0.07500    0   58    0.00000    0.07500      -     -    0s
     0     0    0.07500    0   58    0.00000    0.07500      -     -    0s
     0     0    0.07500    0   58    0.00000    0.07500      -     -    0s
     0     0    0.07500    0   60    0.00000    0.07500      -     -    0s
     0     0    0.07500    0   61    0.00000    0.07500      -     -    0s
     0     0    0.07500    0   51    0.00000    0.07500      -     -    0s
     0     0    0.07500    0   55    0.00000    0.07500      -     -    0s
     0     0    0.07500    0   51    0.00000    0.07500      -     -    0s
     0     0    0.07500    0   51    0.00000    0.07500      -     -    0s
     0     0    0.07500    0   51    0.00000    0.07500      -     -    0s
     0     2    0.07500    0   51    0.00000    0.07500      -     -    0s
*  576   570              86       0.0000001    0.07255      -  29.1    0s
*  633   570              89       0.0000002    0.07255      -  28.2    0s
H 1163   945                       0.0000003    0.07255      -  29.2    1s
H 1163   897                       0.0000004    0.06457      -  29.2    1s
H 1163   853                       0.0000005    0.06457      -  29.2    1s
H 1169   814                       0.0000007    0.04597      -  29.0    1s
* 3799  2391             127       0.0000008    0.04514      -  25.2    2s
* 3800  2391             128       0.0000008    0.04514      -  25.2    2s
H 4635  2986                       0.0000011    0.04514      -  24.9    2s
 16279 12171    0.00000   96   19    0.00000    0.04514      -  27.7    5s
 30336 22332    0.02976   25   57    0.00000    0.04514      -  28.5   10s
 49008 35733    0.00001   72   41    0.00000    0.04514      -  28.6   15s
 68101 48964    0.01470   47   46    0.00000    0.04514      -  27.9   20s
 93691 66507    0.00000   76   35    0.00000    0.04514      -  27.5   25s
 112828 79694     cutoff   38         0.00000    0.04514      -  27.3   30s
 132649 93228    0.00043   66   50    0.00000    0.04514      -  26.9   35s
 153548 106620     cutoff   38         0.00000    0.04514      -  26.8   40s
H166655 114972                       0.0000011    0.04514      -  26.7   43s
 171136 118373     cutoff   76         0.00000    0.04514      -  26.7   45s
 187447 129553    0.00185   52   50    0.00000    0.04514      -  26.7   50s
 207042 143400     cutoff   95         0.00000    0.04514      -  26.6   55s
 230091 159260    0.00128   48   51    0.00000    0.04511      -  26.5   60s
 253382 175517    0.00004   58   44    0.00000    0.04488      -  26.5   65s
 267966 185662    0.00019   49   52    0.00000    0.04472      -  26.5   70s
 288049 199162    0.00782   43   51    0.00000    0.04451      -  26.5   75s
 307877 212371    0.00189   54   50    0.00000    0.04432      -  26.5   80s
 329327 227097    0.00000   77   35    0.00000    0.04414      -  26.4   85s
 350445 241237    0.00000   58   19    0.00000    0.04394      -  26.4   90s
 368800 253288    0.00001   81   43    0.00000    0.04378      -  26.4   95s
 389561 267537    0.01429   35   47    0.00000    0.04361      -  26.3  100s
 410236 281284    0.00409   40   44    0.00000    0.04346      -  26.3  105s
 427721 292910     cutoff   41         0.00000    0.04329      -  26.3  110s
 449361 307505    0.02550   30   49    0.00000    0.04315      -  26.2  115s
 470842 322159    0.00213   48   51    0.00000    0.04303      -  26.2  120s
 493496 338271    0.03754   35   57    0.00000    0.04288      -  26.1  125s
 515256 353680    0.00000   72   24    0.00000    0.04275      -  26.1  130s
 537991 369288     cutoff   46         0.00000    0.04265      -  26.0  135s
 559419 383212    0.00060   55   45    0.00000    0.04254      -  26.0  140s
 576916 394949    0.01744   40   51    0.00000    0.04243      -  26.0  145s
 596290 408405    0.00052   42   42    0.00000    0.04235      -  25.9  150s
 615473 421405    0.00196   55   40    0.00000    0.04227      -  25.9  155s
 636527 436158    0.00819   43   51    0.00000    0.04219      -  25.9  160s
 660495 453588    0.00356   48   53    0.00000    0.04212      -  25.8  165s
 678303 465048     cutoff   42         0.00000    0.04202      -  25.8  170s
 696760 477508     cutoff   77         0.00000    0.04195      -  25.8  175s
 715488 489942    0.00276   42   46    0.00000    0.04189      -  25.8  180s
 738058 504740    0.00008   66   54    0.00000    0.04180      -  25.8  185s
 757236 518100    0.00000  105   33    0.00000    0.04175      -  25.8  190s
H759254 519269                       0.0000011    0.04174      -  25.8  191s
 775719 530558    0.03191   30   52    0.00000    0.04171      -  25.8  195s
 799468 546486    0.00242   49   45    0.00000    0.04165      -  25.7  201s
 818729 559848    0.03660   35   56    0.00000    0.04159      -  25.7  205s
 833546 570110     cutoff   40         0.00000    0.04154      -  25.7  210s
 855108 584519    0.00541   34   50    0.00000    0.04148      -  25.7  215s
 875238 598290    0.02191   36   52    0.00000    0.04142      -  25.7  220s
 895182 612416    0.00363   47   44    0.00000    0.04138      -  25.7  225s
 915015 626497    0.00214   56   37    0.00000    0.04133      -  25.7  230s
 932714 637962    0.00121   55   52    0.00000    0.04126      -  25.7  235s
 954532 653334     cutoff   86         0.00000    0.04120      -  25.7  240s
 970254 663660    0.00058   47   44    0.00000    0.04116      -  25.6  245s
 989956 677191    0.00279   61   50    0.00000    0.04109      -  25.6  250s
 1012592 692264    0.00001   69   42    0.00000    0.04102      -  25.6  255s
 1026436 701231    0.00768   46   50    0.00000    0.04098      -  25.6  260s
 1047983 716038     cutoff   87         0.00000    0.04092      -  25.6  265s
 1069320 730597    0.00776   47   51    0.00000    0.04085      -  25.6  270s
 1090403 744927    0.00199   56   52    0.00000    0.04080      -  25.6  275s
 1112578 759400    0.00001   88   43    0.00000    0.04074      -  25.6  281s
 1132120 772464 infeasible   44         0.00000    0.04069      -  25.6  285s
 1150951 785333    0.00759   43   43    0.00000    0.04064      -  25.6  290s
 1174336 801119    0.00106   55   43    0.00000    0.04059      -  25.6  295s
 1191703 812412    0.01225   41   51    0.00000    0.04054      -  25.6  300s
 1215478 828451    0.02584   41   53    0.00000    0.04048      -  25.5  305s
 1238030 843228    0.01546   42   53    0.00000    0.04042      -  25.5  311s
 1256025 855501    0.00045   55   43    0.00000    0.04037      -  25.5  315s
 1275724 869079    0.01184   34   37    0.00000    0.04032      -  25.5  320s
 1298441 883826    0.01758   46   53    0.00000    0.04025      -  25.5  325s
 1318322 896339    0.00601   46   52    0.00000    0.04021      -  25.5  330s
 1334695 906987    0.00013   58   43    0.00000    0.04018      -  25.6  335s
 1352590 918609    0.00004   69   52    0.00000    0.04014      -  25.6  340s
 1374540 933220    0.00001   72   51    0.00000    0.04009      -  25.6  345s
 1398075 948469    0.00272   41   39    0.00000    0.04004      -  25.5  350s
 1420985 964126    0.00942   49   51    0.00000    0.03999      -  25.5  355s
 1438144 975815    0.00210   54   53    0.00000    0.03996      -  25.5  360s

Cutting planes:
  Gomory: 33
  Lift-and-project: 1
  Implied bound: 35
  MIR: 28
  Flow cover: 118
  Inf proof: 1
  RLT: 143
  Relax-and-lift: 17
  BQP: 48

Explored 1438573 nodes (36739858 simplex iterations) in 360.00 seconds (503.00 work units)
Thread count was 4 (of 4 available processors)

Solution count 10: 1.06981e-06 1.06915e-06 1.06818e-06 ... 2.1837e-07

Time limit reached
Best objective 1.069808421120e-06, best bound 3.995525841279e-02, gap 3734705.0010%
{"verdict": "UNRESOLVED", "status": "TIME_LIMIT", "runtime": 360.00354290008545, "objval": 1.069808421119901e-06, "objbound": 0.03995525841278792, "binaries": 46}
