Set parameter NodefileStart to value 6
Read parameters from file gurobi.env
Restricted license - for non-production use only - expires 2027-11-29
Set parameter OutputFlag to value 1
Set parameter Threads to value 4
Set parameter TimeLimit to value 360
Set parameter MIPGap to value 5e-05
Set parameter MIPFocus to value 2
Set parameter NonConvex to value 2
Set parameter BestBdStop to value 2.7426211734693878e-02
Gurobi Optimizer version 13.0.3 build v13.0.3rc0 (linux64 - "Ubuntu 24.04.5 LTS")

CPU model: AMD EPYC 7763 64-Core Processor, instruction set [SSE2|AVX|AVX2]
Thread count: 2 physical cores, 4 logical processors, using up to 4 threads

Non-default parameters:
TimeLimit  360
BestBdStop  2.7426211734693878e-02
MIPGap  5e-05
MIPFocus  2
NodefileStart  6
NonConvex  2
Threads  4

Optimize a model with 125 rows, 95 columns and 686 nonzeros (Max)
Model fingerprint: 0xeb8316d9
Model has 1 linear objective coefficients
Model has 50 quadratic constraints
Variable types: 65 continuous, 30 integer (30 binary)
Coefficient statistics:
  Matrix range     [5e-01, 1e+00]
  QMatrix range    [1e+00, 1e+00]
  QLMatrix range   [1e+00, 1e+00]
  Objective range  [1e+00, 1e+00]
  Bounds range     [5e-01, 1e+00]
  RHS range        [1e+00, 1e+00]

Found heuristic solution: objective -0.0000000
Presolve time: 0.00s
Presolved: 325 rows, 96 columns, 1086 nonzeros
Presolved model has 50 bilinear constraint(s)

Solving non-convex MIQCP to global optimality

Variable types: 66 continuous, 30 integer (30 binary)
Root relaxation presolve removed 50 rows and 1 columns
Root relaxation presolved: 275 rows, 95 columns, 1036 nonzeros


Root relaxation: objective 8.333333e-02, 100 iterations, 0.00 seconds (0.00 work units)

    Nodes    |    Current Node    |     Objective Bounds      |     Work
 Expl Unexpl |  Obj  Depth IntInf | Incumbent    BestBd   Gap | It/Node Time

     0     0    0.08333    0   55   -0.00000    0.08333      -     -    0s
     0     0    0.07143    0   47   -0.00000    0.07143      -     -    0s
     0     0    0.07143    0   43   -0.00000    0.07143      -     -    0s
     0     0    0.07143    0   45   -0.00000    0.07143      -     -    0s
     0     0    0.07143    0   43   -0.00000    0.07143      -     -    0s
     0     0    0.07143    0   43   -0.00000    0.07143      -     -    0s
     0     0    0.07143    0   46   -0.00000    0.07143      -     -    0s
     0     0    0.07143    0   45   -0.00000    0.07143      -     -    0s
     0     0    0.07143    0   43   -0.00000    0.07143      -     -    0s
     0     0    0.07143    0   43   -0.00000    0.07143      -     -    0s
     0     2    0.07143    0   43   -0.00000    0.07143      -     -    0s
*  707   676             109       0.0000002    0.06728      -  21.7    0s
H 1270   977                       0.0000004    0.06443      -  21.1    0s
H 2595  1527                       0.0000006    0.05448      -  20.9    1s
 15948 10460    0.00004   70   25    0.00000    0.03770      -  21.5    5s
H36322 23292                       0.0000006    0.03461      -  20.2    9s
 39094 25146    0.00107   34   38    0.00000    0.03433      -  20.2   10s
 62365 39966    0.00001   58   37    0.00000    0.03213      -  19.9   15s
 86811 56200    0.00677   46   43    0.00000    0.03086      -  20.1   20s
 110092 71321    0.00030   53   43    0.00000    0.02985      -  20.3   25s
 134853 88160     cutoff   29         0.00000    0.02898      -  20.1   30s
 158356 103333    0.00002   33   32    0.00000    0.02803      -  20.1   35s

Cutting planes:
  Gomory: 6
  RLT: 28
  BQP: 10

Explored 176780 nodes (3556851 simplex iterations) in 38.81 seconds (39.54 work units)
Thread count was 4 (of 4 available processors)

Solution count 5: 6.08285e-07 5.80782e-07 4.00056e-07 ... -0

Optimization achieved user objective limit
Best objective 6.082851491257e-07, best bound 2.742514184957e-02, gap -
{"verdict": "PROVED", "status": "BOUND_REACHED", "runtime": 38.80590891838074, "objval": 6.082851491256981e-07, "objbound": 0.027425141849567587, "binaries": 30}
