Set parameter NodefileStart to value 6
Read parameters from file gurobi.env
Restricted license - for non-production use only - expires 2027-11-29
Set parameter OutputFlag to value 1
Set parameter Threads to value 4
Set parameter TimeLimit to value 360
Set parameter MIPGap to value 5e-05
Set parameter MIPFocus to value 2
Set parameter NonConvex to value 2
Set parameter BestBdStop to value 2.7426211734693878e-02
Gurobi Optimizer version 13.0.3 build v13.0.3rc0 (linux64 - "Ubuntu 24.04.5 LTS")

CPU model: INTEL(R) XEON(R) PLATINUM 8573C, instruction set [SSE2|AVX|AVX2|AVX512]
Thread count: 2 physical cores, 4 logical processors, using up to 4 threads

Non-default parameters:
TimeLimit  360
BestBdStop  2.7426211734693878e-02
MIPGap  5e-05
MIPFocus  2
NodefileStart  6
NonConvex  2
Threads  4

Optimize a model with 133 rows, 103 columns and 742 nonzeros (Max)
Model fingerprint: 0xbe54752e
Model has 1 linear objective coefficients
Model has 50 quadratic constraints
Variable types: 65 continuous, 38 integer (38 binary)
Coefficient statistics:
  Matrix range     [5e-01, 1e+00]
  QMatrix range    [1e+00, 1e+00]
  QLMatrix range   [1e+00, 1e+00]
  Objective range  [1e+00, 1e+00]
  Bounds range     [5e-01, 1e+00]
  RHS range        [1e+00, 1e+00]

Found heuristic solution: objective -0.0000000
Presolve time: 0.00s
Presolved: 333 rows, 104 columns, 1142 nonzeros
Presolved model has 50 bilinear constraint(s)

Solving non-convex MIQCP to global optimality

Variable types: 66 continuous, 38 integer (38 binary)
Root relaxation presolve removed 50 rows and 1 columns
Root relaxation presolved: 283 rows, 103 columns, 1092 nonzeros


Root relaxation: objective 1.250000e-01, 136 iterations, 0.00 seconds (0.00 work units)

    Nodes    |    Current Node    |     Objective Bounds      |     Work
 Expl Unexpl |  Obj  Depth IntInf | Incumbent    BestBd   Gap | It/Node Time

     0     0    0.12500    0   55   -0.00000    0.12500      -     -    0s
     0     0    0.10000    0   69   -0.00000    0.10000      -     -    0s
     0     0    0.10000    0   47   -0.00000    0.10000      -     -    0s
     0     0    0.08824    0   57   -0.00000    0.08824      -     -    0s
     0     0    0.08824    0   61   -0.00000    0.08824      -     -    0s
     0     0    0.08824    0   56   -0.00000    0.08824      -     -    0s
     0     0    0.08756    0   65   -0.00000    0.08756      -     -    0s
     0     0    0.08333    0   65   -0.00000    0.08333      -     -    0s
     0     0    0.08333    0   61   -0.00000    0.08333      -     -    0s
     0     0    0.08333    0   61   -0.00000    0.08333      -     -    0s
     0     0    0.08333    0   60   -0.00000    0.08333      -     -    0s
     0     0    0.08333    0   60   -0.00000    0.08333      -     -    0s
     0     0    0.08333    0   48   -0.00000    0.08333      -     -    0s
     0     0    0.08333    0   56   -0.00000    0.08333      -     -    0s
     0     0    0.08333    0   56   -0.00000    0.08333      -     -    0s
     0     2    0.08333    0   56   -0.00000    0.08333      -     -    0s
H   98   109                       0.0000000    0.08333      -  24.3    0s
H  190   209                       0.0000000    0.08333      -  32.5    0s
H  243   241                       0.0000001    0.08333      -  33.7    0s
H  454   450                       0.0000002    0.08333      -  33.1    0s
* 1966  1267             109       0.0000002    0.04265      -  32.2    2s
* 2362  1385              86       0.0000003    0.04265      -  33.4    2s
* 2376  1334              92       0.0000003    0.04265      -  33.2    2s
* 2381  1268              90       0.0000004    0.04265      -  33.2    2s
H 3412  1724                       0.0000004    0.04265      -  34.1    2s
* 7430  4717              97       0.0000005    0.03738      -  32.4    3s
*11498  7611              75       0.0000005    0.03475      -  31.4    4s
 12439  8421    0.00496   32   45    0.00000    0.03457      -  31.6    5s
 30754 20737    0.00001   57   34    0.00000    0.02987      -  31.5   10s

Cutting planes:
  Gomory: 10
  MIR: 7
  Flow cover: 3
  RLT: 39
  BQP: 11

Explored 39561 nodes (1222944 simplex iterations) in 11.57 seconds (11.68 work units)
Thread count was 4 (of 4 available processors)

Solution count 10: 5.0696e-07 4.54056e-07 4.36459e-07 ... 4.26199e-08

Optimization achieved user objective limit
Best objective 5.069597613749e-07, best bound 2.740592639992e-02, gap -
{"verdict": "PROVED", "status": "BOUND_REACHED", "runtime": 11.570879936218262, "objval": 5.069597613748814e-07, "objbound": 0.027405926399918706, "binaries": 38}
