Set parameter NodefileStart to value 6
Read parameters from file gurobi.env
Restricted license - for non-production use only - expires 2027-11-29
Set parameter OutputFlag to value 1
Set parameter Threads to value 4
Set parameter TimeLimit to value 360
Set parameter MIPGap to value 5e-05
Set parameter MIPFocus to value 2
Set parameter NonConvex to value 2
Set parameter BestBdStop to value 2.7426211734693878e-02
Gurobi Optimizer version 13.0.3 build v13.0.3rc0 (linux64 - "Ubuntu 24.04.5 LTS")

CPU model: AMD EPYC 9V74 80-Core Processor, instruction set [SSE2|AVX|AVX2]
Thread count: 2 physical cores, 4 logical processors, using up to 4 threads

Non-default parameters:
TimeLimit  360
BestBdStop  2.7426211734693878e-02
MIPGap  5e-05
MIPFocus  2
NodefileStart  6
NonConvex  2
Threads  4

Optimize a model with 141 rows, 111 columns and 810 nonzeros (Max)
Model fingerprint: 0x21e12bd2
Model has 1 linear objective coefficients
Model has 50 quadratic constraints
Variable types: 65 continuous, 46 integer (46 binary)
Coefficient statistics:
  Matrix range     [5e-01, 1e+00]
  QMatrix range    [1e+00, 1e+00]
  QLMatrix range   [1e+00, 1e+00]
  Objective range  [1e+00, 1e+00]
  Bounds range     [5e-01, 1e+00]
  RHS range        [1e+00, 1e+00]

Found heuristic solution: objective -0.0000000
Presolve time: 0.00s
Presolved: 341 rows, 112 columns, 1210 nonzeros
Presolved model has 50 bilinear constraint(s)

Solving non-convex MIQCP to global optimality

Variable types: 66 continuous, 46 integer (46 binary)
Found heuristic solution: objective 0.0000000
Root relaxation presolve removed 50 rows and 1 columns
Root relaxation presolved: 291 rows, 111 columns, 1160 nonzeros


Root relaxation: objective 1.250000e-01, 121 iterations, 0.00 seconds (0.00 work units)

    Nodes    |    Current Node    |     Objective Bounds      |     Work
 Expl Unexpl |  Obj  Depth IntInf | Incumbent    BestBd   Gap | It/Node Time

     0     0    0.12500    0   50    0.00000    0.12500      -     -    0s
H    0     0                       0.0000000    0.12500      -     -    0s
     0     0    0.10000    0   65    0.00000    0.10000      -     -    0s
     0     0    0.10000    0   60    0.00000    0.10000      -     -    0s
     0     0    0.10000    0   71    0.00000    0.10000      -     -    0s
     0     0    0.10000    0   66    0.00000    0.10000      -     -    0s
     0     0    0.10000    0   61    0.00000    0.10000      -     -    0s
     0     0    0.10000    0   61    0.00000    0.10000      -     -    0s
     0     0    0.10000    0   61    0.00000    0.10000      -     -    0s
     0     0    0.10000    0   61    0.00000    0.10000      -     -    0s
     0     2    0.10000    0   60    0.00000    0.10000      -     -    0s
H   23    40                       0.0000002    0.10000      -  21.9    0s
H   74    80                       0.0000005    0.10000      -  39.2    0s
H  199   211                       0.0000005    0.10000      -  35.5    0s
H 1145   932                       0.0014828    0.05832  3833%  29.4    1s
H 1145   886                       0.0055080    0.05832   959%  29.4    1s
H 1147   842                       0.0065636    0.05811   785%  29.3    1s
H 1153   803                       0.0073040    0.05325   629%  29.2    2s
H 1155   764                       0.0078021    0.05181   564%  29.1    2s
H 1185   745                       0.0093380    0.04525   385%  30.1    3s
H 1185   708                       0.0093437    0.04525   384%  30.1    3s
H 1185   672                       0.0093437    0.04525   384%  30.1    3s
H 2165  1160                       0.0099222    0.04525   356%  27.7    3s
H 2355  1220                       0.0099625    0.04525   354%  29.3    3s
H 2997  1471                       0.0099626    0.04525   354%  30.6    4s
H 3015  1467                       0.0100580    0.04525   350%  30.7    4s
H 3421  1714                       0.0100580    0.04525   350%  31.0    4s
H 3668  1868                       0.0100581    0.04525   350%  31.8    4s
H 3943  2075                       0.0102076    0.04525   343%  32.3    4s
H 5038  2641                       0.0102118    0.04525   343%  32.3    4s
  5192  2815    0.01153   54   50    0.01021    0.04525   343%  32.3    5s
H 5607  2951                       0.0102121    0.04525   343%  32.5    5s
H12245  6343                       0.0104001    0.04525   335%  32.0    7s
H12246  6148                       0.0115669    0.04525   291%  32.0    7s
 20362 10498    0.04525   44   61    0.01157    0.04525   291%  33.4   10s
H24878 12783                       0.0117777    0.04525   284%  33.8   11s
H26925 13771                       0.0117777    0.04525   284%  33.9   12s
 36496 18394    0.01690   53   51    0.01178    0.04525   284%  34.0   15s
 55000 27271    0.04263   37   54    0.01178    0.04525   284%  33.8   20s
H62477 31017                       0.0117778    0.04525   284%  34.0   22s
H71232 35087                       0.0117780    0.04525   284%  33.7   24s
 72904 36116    0.02072   51   51    0.01178    0.04525   284%  33.7   25s
 93025 45405    0.02963   44   57    0.01178    0.04525   284%  33.5   30s
 111019 53312    0.01338   49   51    0.01178    0.04525   284%  33.2   35s
 129535 61678    0.03860   50   56    0.01178    0.04525   284%  33.0   40s
 148936 70897    0.01359   51   52    0.01178    0.04525   284%  32.9   45s
 169870 80344    0.01599   51   50    0.01178    0.04525   284%  32.7   50s
 189824 89007     cutoff   55         0.01178    0.04525   284%  32.5   55s
 209376 97259    0.01443   56   51    0.01178    0.04525   284%  32.4   60s
H223880 103128                       0.0117780    0.04525   284%  32.5   64s
 225088 103443    0.01267   53   55    0.01178    0.04525   284%  32.5   65s
 244108 110655    0.01343   52   50    0.01178    0.04525   284%  32.7   70s
 262108 117042    0.01377   59   57    0.01178    0.04517   283%  32.9   75s
 280212 123773     cutoff   50         0.01178    0.04484   281%  33.1   80s
 299452 130282    0.01506   56   50    0.01178    0.04450   278%  33.2   85s
H306249 128052                       0.0127155    0.04439   249%  33.2   86s
H307387 128454                       0.0127155    0.04437   249%  33.2   87s
 314651 131042    0.02380   47   59    0.01272    0.04425   248%  33.3   90s
H322130 133430                       0.0127155    0.04411   247%  33.3   93s
 326629 134927     cutoff   54         0.01272    0.04403   246%  33.3   95s
 345118 140788     cutoff   60         0.01272    0.04371   244%  33.4  100s
 362986 146568    0.03002   52   57    0.01272    0.04343   242%  33.6  105s
 380122 151724    0.02234   44   39    0.01272    0.04315   239%  33.7  110s
*394345 153945              96       0.0130827    0.04295   228%  33.7  113s
*394346 153944              96       0.0130830    0.04295   228%  33.7  113s
H395225 154134                       0.0130832    0.04295   228%  33.7  113s
H396775 152995                       0.0133323    0.04292   222%  33.7  114s
 398227 153430     cutoff   51         0.01333    0.04290   222%  33.7  115s
 415288 158849     cutoff   56         0.01333    0.04266   220%  33.8  120s
 433376 164187    0.03733   50   50    0.01333    0.04242   218%  33.9  125s
 452171 169886     cutoff   54         0.01333    0.04215   216%  33.9  130s
 470581 175490     cutoff   52         0.01333    0.04191   214%  34.0  135s
 489193 180902    0.03331   47   52    0.01333    0.04170   213%  34.1  140s
H497367 129767                       0.0200420    0.04161   108%  34.1  142s
H497617 129745                       0.0200420    0.04161   108%  34.1  142s
H498042 129896                       0.0200420    0.04161   108%  34.1  142s
 504247 130995    0.03551   46   52    0.02004    0.04150   107%  34.1  145s
 522204 133573    0.02281   48   56    0.02004    0.04124   106%  34.1  150s
 541355 136654 infeasible   54         0.02004    0.04096   104%  34.1  155s
 559796 139088    0.02638   50   50    0.02004    0.04071   103%  34.1  160s
 577004 141449    0.03138   50   56    0.02004    0.04048   102%  34.1  165s
 595434 144007     cutoff   51         0.02004    0.04026   101%  34.1  170s
 612471 146147     cutoff   53         0.02004    0.04005   100%  34.1  175s
 631402 148618     cutoff   56         0.02004    0.03982  98.7%  34.1  180s
 650336 151072    0.02759   49   62    0.02004    0.03959  97.5%  34.1  185s
 665140 152957    0.02234   51   46    0.02004    0.03942  96.7%  34.1  190s
 683578 155164    0.03488   42   49    0.02004    0.03922  95.7%  34.1  195s
 702805 157563    0.02248   50   54    0.02004    0.03900  94.6%  34.1  200s
 721341 159791     cutoff   52         0.02004    0.03880  93.6%  34.1  205s
 740043 162044    0.02305   57   52    0.02004    0.03861  92.6%  34.1  210s
 757207 163865     cutoff   47         0.02004    0.03845  91.8%  34.1  215s
 776424 166102     cutoff   53         0.02004    0.03827  91.0%  34.1  220s
 795362 168204    0.02372   54   53    0.02004    0.03809  90.1%  34.1  225s
 813554 170048     cutoff   54         0.02004    0.03792  89.2%  34.1  230s
 832522 171973     cutoff   53         0.02004    0.03775  88.3%  34.1  235s
 851724 174106    0.02672   48   50    0.02004    0.03758  87.5%  34.0  240s
 866280 175736     cutoff   54         0.02004    0.03747  87.0%  34.0  245s
 885479 177649    0.02297   51   52    0.02004    0.03732  86.2%  34.0  250s
 904388 179294     cutoff   50         0.02004    0.03715  85.4%  34.0  255s
 923619 181025    0.02615   48   54    0.02004    0.03700  84.6%  34.0  260s
 942166 182816    0.02270   49   52    0.02004    0.03686  83.9%  34.0  265s
 959660 184512    0.02440   48   31    0.02004    0.03672  83.2%  34.0  270s
 978599 186255     cutoff   56         0.02004    0.03657  82.5%  34.0  275s
 997599 187888    0.02693   48   53    0.02004    0.03643  81.7%  33.9  280s
 1016889 189538     cutoff   51         0.02004    0.03629  81.1%  33.9  285s
 1033103 191062    0.02355   51   52    0.02004    0.03617  80.5%  33.9  290s
 1051666 192658     cutoff   54         0.02004    0.03604  79.8%  33.9  295s
 1070022 194245    0.03197   48   59    0.02004    0.03591  79.2%  33.9  300s
 1089038 195754    0.02512   48   54    0.02004    0.03577  78.5%  33.9  305s
 1106537 197164     cutoff   47         0.02004    0.03565  77.9%  33.9  310s
 1124796 198664    0.02389   52   54    0.02004    0.03554  77.3%  33.9  315s
 1144303 200128    0.02125   57   54    0.02004    0.03540  76.6%  33.8  320s
 1163510 201487    0.02268   43   58    0.02004    0.03527  76.0%  33.8  325s
 1180562 202716    0.02546   50   52    0.02004    0.03516  75.4%  33.8  330s
 1200007 203924    0.03473   49   53    0.02004    0.03503  74.8%  33.8  335s
 1219257 205210    0.02797   47   55    0.02004    0.03490  74.1%  33.8  340s
 1238136 206475     cutoff   53         0.02004    0.03478  73.6%  33.8  345s
 1257195 207733     cutoff   56         0.02004    0.03467  73.0%  33.8  350s
 1272674 208742    0.02313   45   51    0.02004    0.03456  72.5%  33.7  355s
 1291783 209898    0.02234   52   45    0.02004    0.03445  71.9%  33.7  360s

Cutting planes:
  Gomory: 6
  Implied bound: 14
  MIR: 9
  Flow cover: 56
  RLT: 88
  BQP: 52

Explored 1291906 nodes (43557859 simplex iterations) in 360.00 seconds (390.41 work units)
Thread count was 4 (of 4 available processors)

Solution count 10: 0.020042 0.0133323 0.0130832 ... 0.0102121

Time limit reached
Best objective 2.004199519166e-02, best bound 3.444731986615e-02, gap 71.8757%
{"verdict": "UNRESOLVED", "status": "TIME_LIMIT", "runtime": 360.00236988067627, "objval": 0.0200419951916647, "objbound": 0.03444731986614511, "binaries": 46}
