Set parameter NodefileStart to value 6
Read parameters from file gurobi.env
Restricted license - for non-production use only - expires 2027-11-29
Set parameter OutputFlag to value 1
Set parameter Threads to value 4
Set parameter TimeLimit to value 360
Set parameter MIPGap to value 5e-05
Set parameter MIPFocus to value 2
Set parameter NonConvex to value 2
Set parameter BestBdStop to value 2.7426211734693878e-02
Gurobi Optimizer version 13.0.3 build v13.0.3rc0 (linux64 - "Ubuntu 24.04.5 LTS")

CPU model: AMD EPYC 9V74 80-Core Processor, instruction set [SSE2|AVX|AVX2|AVX512]
Thread count: 2 physical cores, 4 logical processors, using up to 4 threads

Non-default parameters:
TimeLimit  360
BestBdStop  2.7426211734693878e-02
MIPGap  5e-05
MIPFocus  2
NodefileStart  6
NonConvex  2
Threads  4

Optimize a model with 133 rows, 103 columns and 742 nonzeros (Max)
Model fingerprint: 0x9315d1e3
Model has 1 linear objective coefficients
Model has 50 quadratic constraints
Variable types: 65 continuous, 38 integer (38 binary)
Coefficient statistics:
  Matrix range     [5e-01, 1e+00]
  QMatrix range    [1e+00, 1e+00]
  QLMatrix range   [1e+00, 1e+00]
  Objective range  [1e+00, 1e+00]
  Bounds range     [5e-01, 1e+00]
  RHS range        [1e+00, 1e+00]

Found heuristic solution: objective -0.0000000
Presolve time: 0.00s
Presolved: 333 rows, 104 columns, 1142 nonzeros
Presolved model has 50 bilinear constraint(s)

Solving non-convex MIQCP to global optimality

Variable types: 66 continuous, 38 integer (38 binary)
Root relaxation presolve removed 50 rows and 1 columns
Root relaxation presolved: 283 rows, 103 columns, 1092 nonzeros


Root relaxation: objective 1.250000e-01, 153 iterations, 0.00 seconds (0.00 work units)

    Nodes    |    Current Node    |     Objective Bounds      |     Work
 Expl Unexpl |  Obj  Depth IntInf | Incumbent    BestBd   Gap | It/Node Time

     0     0    0.12500    0   63   -0.00000    0.12500      -     -    0s
     0     0    0.07500    0   62   -0.00000    0.07500      -     -    0s
     0     0    0.07132    0   63   -0.00000    0.07132      -     -    0s
     0     0    0.07120    0   63   -0.00000    0.07120      -     -    0s
     0     0    0.06667    0   60   -0.00000    0.06667      -     -    0s
     0     0    0.06667    0   52   -0.00000    0.06667      -     -    0s
     0     0    0.06250    0   59   -0.00000    0.06250      -     -    0s
     0     0    0.06250    0   59   -0.00000    0.06250      -     -    0s
     0     0    0.06250    0   58   -0.00000    0.06250      -     -    0s
     0     0    0.06250    0   46   -0.00000    0.06250      -     -    0s
     0     0    0.06250    0   48   -0.00000    0.06250      -     -    0s
     0     0    0.06250    0   52   -0.00000    0.06250      -     -    0s
     0     0    0.06250    0   57   -0.00000    0.06250      -     -    0s
     0     0    0.06250    0   58   -0.00000    0.06250      -     -    0s
     0     0    0.06250    0   59   -0.00000    0.06250      -     -    0s
     0     0    0.06250    0   59   -0.00000    0.06250      -     -    0s
H    0     0                       0.0000000    0.06250      -     -    0s
H    0     2                       0.0000001    0.06250      -     -    0s
     0     2    0.06250    0   59    0.00000    0.06250      -     -    0s
H   92   142                       0.0000002    0.06250      -  24.6    0s
H  105   142                       0.0000002    0.06250      -  27.7    0s
H  123   142                       0.0000004    0.06250      -  27.7    0s
H  148   153                       0.0000004    0.06250      -  30.5    0s
H 1160   971                       0.0000004    0.06250      -  32.1    1s
H 1168   928                       0.0000005    0.05434      -  31.9    1s
H 1340  1010                       0.0000006    0.05137      -  32.7    2s
 14657  9859    0.00001   64   44    0.00000    0.03621      -  22.8    5s
 40138 27375    0.00161   55   50    0.00000    0.03263      -  22.4   10s
H47020 30713                       0.0000008    0.03197      -  22.2   11s
 65179 42491    0.02486   42   52    0.00000    0.03089      -  22.2   15s
 93910 61419    0.00020   68   37    0.00000    0.02972      -  22.0   20s
 119291 77760    0.00003   82   27    0.00000    0.02885      -  22.0   25s
 148002 96022     cutoff   95         0.00000    0.02797      -  22.1   30s
 174610 114132    0.00550   59   40    0.00000    0.02745      -  22.1   35s

Cutting planes:
  Gomory: 5
  Flow cover: 12
  RLT: 65
  Relax-and-lift: 6
  BQP: 10

Explored 176219 nodes (3886520 simplex iterations) in 35.20 seconds (46.47 work units)
Thread count was 4 (of 4 available processors)

Solution count 9: 8.28597e-07 8.28597e-07 6.27153e-07 ... -0

Optimization achieved user objective limit
Best objective 8.285967514809e-07, best bound 2.741869103220e-02, gap -
{"verdict": "PROVED", "status": "BOUND_REACHED", "runtime": 35.19975805282593, "objval": 8.285967514808555e-07, "objbound": 0.027418691032201816, "binaries": 38}
