Set parameter NodefileStart to value 6
Read parameters from file gurobi.env
Restricted license - for non-production use only - expires 2027-11-29
Set parameter OutputFlag to value 1
Set parameter Threads to value 4
Set parameter TimeLimit to value 360
Set parameter MIPGap to value 5e-05
Set parameter MIPFocus to value 2
Set parameter NonConvex to value 2
Set parameter BestBdStop to value 2.7426211734693878e-02
Gurobi Optimizer version 13.0.3 build v13.0.3rc0 (linux64 - "Ubuntu 24.04.5 LTS")

CPU model: AMD EPYC 9V45 96-Core Processor, instruction set [SSE2|AVX|AVX2|AVX512]
Thread count: 2 physical cores, 4 logical processors, using up to 4 threads

Non-default parameters:
TimeLimit  360
BestBdStop  2.7426211734693878e-02
MIPGap  5e-05
MIPFocus  2
NodefileStart  6
NonConvex  2
Threads  4

Optimize a model with 125 rows, 95 columns and 686 nonzeros (Max)
Model fingerprint: 0xe3175682
Model has 1 linear objective coefficients
Model has 50 quadratic constraints
Variable types: 65 continuous, 30 integer (30 binary)
Coefficient statistics:
  Matrix range     [5e-01, 1e+00]
  QMatrix range    [1e+00, 1e+00]
  QLMatrix range   [1e+00, 1e+00]
  Objective range  [1e+00, 1e+00]
  Bounds range     [5e-01, 1e+00]
  RHS range        [1e+00, 1e+00]

Found heuristic solution: objective -0.0000000
Presolve time: 0.00s
Presolved: 325 rows, 96 columns, 1086 nonzeros
Presolved model has 50 bilinear constraint(s)

Solving non-convex MIQCP to global optimality

Variable types: 66 continuous, 30 integer (30 binary)
Root relaxation presolve removed 50 rows and 1 columns
Root relaxation presolved: 275 rows, 95 columns, 1036 nonzeros


Root relaxation: objective 8.333333e-02, 110 iterations, 0.00 seconds (0.00 work units)

    Nodes    |    Current Node    |     Objective Bounds      |     Work
 Expl Unexpl |  Obj  Depth IntInf | Incumbent    BestBd   Gap | It/Node Time

     0     0    0.08333    0   57   -0.00000    0.08333      -     -    0s
     0     0    0.07292    0   58   -0.00000    0.07292      -     -    0s
     0     0    0.07143    0   56   -0.00000    0.07143      -     -    0s
     0     0    0.07143    0   59   -0.00000    0.07143      -     -    0s
     0     0    0.07143    0   58   -0.00000    0.07143      -     -    0s
     0     0    0.07143    0   57   -0.00000    0.07143      -     -    0s
     0     0    0.07143    0   57   -0.00000    0.07143      -     -    0s
     0     2    0.07143    0   57   -0.00000    0.07143      -     -    0s
H   30    35                       0.0000000    0.07143      -  19.0    0s
H   54    75                       0.0000000    0.07143      -  23.4    0s
H   94   113                       0.0000000    0.07143      -  30.8    0s
H  104   113                       0.0000001    0.07143      -  30.3    0s
H  167   173                       0.0000003    0.07143      -  38.4    0s
H  374   334                       0.0000003    0.07143      -  37.3    0s
* 1903  1330              92       0.0000004    0.05090      -  30.3    1s
* 2287  1415              88       0.0000005    0.04788      -  28.9    1s
* 2382  1387             103       0.0000007    0.04258      -  28.8    1s

Cutting planes:
  Gomory: 4
  Flow cover: 1
  RLT: 30
  BQP: 2

Explored 11233 nodes (331893 simplex iterations) in 2.72 seconds (3.76 work units)
Thread count was 4 (of 4 available processors)

Solution count 8: 6.94934e-07 5.14668e-07 3.57439e-07 ... -0

Optimization achieved user objective limit
Best objective 6.949341166546e-07, best bound 2.729952940236e-02, gap -
{"verdict": "PROVED", "status": "BOUND_REACHED", "runtime": 2.715770959854126, "objval": 6.949341166545553e-07, "objbound": 0.027299529402362285, "binaries": 30}
