Set parameter NodefileStart to value 6
Read parameters from file gurobi.env
Restricted license - for non-production use only - expires 2027-11-29
Set parameter OutputFlag to value 1
Set parameter Threads to value 4
Set parameter TimeLimit to value 360
Set parameter MIPGap to value 5e-05
Set parameter MIPFocus to value 2
Set parameter NonConvex to value 2
Set parameter BestBdStop to value 2.7426211734693878e-02
Gurobi Optimizer version 13.0.3 build v13.0.3rc0 (linux64 - "Ubuntu 24.04.5 LTS")

CPU model: AMD EPYC 7763 64-Core Processor, instruction set [SSE2|AVX|AVX2]
Thread count: 2 physical cores, 4 logical processors, using up to 4 threads

Non-default parameters:
TimeLimit  360
BestBdStop  2.7426211734693878e-02
MIPGap  5e-05
MIPFocus  2
NodefileStart  6
NonConvex  2
Threads  4

Optimize a model with 141 rows, 111 columns and 810 nonzeros (Max)
Model fingerprint: 0x72bb206d
Model has 1 linear objective coefficients
Model has 50 quadratic constraints
Variable types: 65 continuous, 46 integer (46 binary)
Coefficient statistics:
  Matrix range     [5e-01, 1e+00]
  QMatrix range    [1e+00, 1e+00]
  QLMatrix range   [1e+00, 1e+00]
  Objective range  [1e+00, 1e+00]
  Bounds range     [5e-01, 1e+00]
  RHS range        [1e+00, 1e+00]

Found heuristic solution: objective -0.0000000
Presolve time: 0.00s
Presolved: 341 rows, 112 columns, 1210 nonzeros
Presolved model has 50 bilinear constraint(s)

Solving non-convex MIQCP to global optimality

Variable types: 66 continuous, 46 integer (46 binary)
Found heuristic solution: objective 0.0000000
Root relaxation presolve removed 50 rows and 1 columns
Root relaxation presolved: 291 rows, 111 columns, 1160 nonzeros


Root relaxation: objective 8.333333e-02, 110 iterations, 0.00 seconds (0.00 work units)

    Nodes    |    Current Node    |     Objective Bounds      |     Work
 Expl Unexpl |  Obj  Depth IntInf | Incumbent    BestBd   Gap | It/Node Time

     0     0    0.08333    0   45    0.00000    0.08333      -     -    0s
     0     0    0.08333    0   50    0.00000    0.08333      -     -    0s
     0     0    0.07895    0   54    0.00000    0.07895      -     -    0s
     0     0    0.07895    0   43    0.00000    0.07895      -     -    0s
     0     0    0.07143    0   53    0.00000    0.07143      -     -    0s
     0     0    0.06360    0   58    0.00000    0.06360      -     -    0s
     0     0    0.06360    0   44    0.00000    0.06360      -     -    0s
     0     0    0.06360    0   49    0.00000    0.06360      -     -    0s
     0     0    0.06360    0   49    0.00000    0.06360      -     -    0s
     0     2    0.06360    0   49    0.00000    0.06360      -     -    0s
H   11    32                       0.0000000    0.06360      -  47.5    0s
H  135   164                       0.0000001    0.06360      -  29.0    0s
H 1126   977                       0.0000006    0.06360      -  21.2    1s
* 1919  1402             124       0.0000008    0.06157      -  20.3    1s
* 1920  1354             124       0.0000009    0.06157      -  20.3    1s
* 1926  1308             124       0.0000009    0.06157      -  20.2    1s
H 3007  1762                       0.0000015    0.05535      -  22.2    2s
H 3044  1791                       0.0000015    0.05535      -  22.1    2s
 10598  7323    0.01017   39   51    0.00000    0.04997      -  24.7    5s
 28303 19824    0.00900   50   53    0.00000    0.04724      -  23.5   10s
 47621 33434    0.00168   43   50    0.00000    0.04550      -  23.6   15s
 67640 46877    0.00270   50   50    0.00000    0.04469      -  23.4   20s
 86917 59257    0.02560   31   53    0.00000    0.04389      -  23.4   25s
 107356 72493    0.01669   30   49    0.00000    0.04306      -  23.5   30s
*112357 75576              87       0.0000016    0.04292      -  23.5   31s
 122965 83130    0.00002   65   52    0.00000    0.04276      -  23.5   35s
 142194 96167    0.00725   39   51    0.00000    0.04219      -  23.5   40s
 151498 101884    0.00168   55   37    0.00000    0.04198      -  23.5   45s
 172047 115904     cutoff   47         0.00000    0.04167      -  23.5   50s
 191077 128112    0.03846   31   55    0.00000    0.04137      -  23.6   55s
 210150 140363    0.00506   44   51    0.00000    0.04112      -  23.6   60s
 229614 152089     cutoff   40         0.00000    0.04087      -  23.6   65s
 250455 164993    0.00331   38   46    0.00000    0.04063      -  23.5   70s
 269056 176998    0.00071   62   43    0.00000    0.04045      -  23.5   75s
 288875 189840    0.00024   47   56    0.00000    0.04029      -  23.5   80s
 307797 201919    0.00902   41   52    0.00000    0.04014      -  23.5   85s
 327265 214799    0.01655   41   46    0.00000    0.03999      -  23.4   90s
 348570 228849    0.00000   73   42    0.00000    0.03985      -  23.3   95s
 367675 240400    0.00011   39   43    0.00000    0.03971      -  23.3  100s
 380329 247917    0.01511   39   52    0.00000    0.03961      -  23.3  105s
 387965 252666     cutoff   39         0.00000    0.03955      -  23.3  110s
 409050 266029    0.03747   32   53    0.00000    0.03942      -  23.3  115s
 428374 278226    0.00012   61   49    0.00000    0.03931      -  23.3  120s
 443708 288364    0.00001   76   39    0.00000    0.03924      -  23.3  125s
 460961 299088    0.00273   55   44    0.00000    0.03913      -  23.3  130s
 481173 311820    0.01643   35   43    0.00000    0.03902      -  23.3  135s
 498833 323688    0.00046   56   50    0.00000    0.03896      -  23.3  140s
 519728 336641    0.03846   32   54    0.00000    0.03886      -  23.3  145s
 539070 348921    0.00263   54   52    0.00000    0.03877      -  23.3  150s
 558291 361306    0.01385   41   50    0.00000    0.03868      -  23.3  155s
 577412 374093    0.00071   63   52    0.00000    0.03860      -  23.3  160s
 596359 386027    0.02918   31   51    0.00000    0.03852      -  23.3  165s
 617238 400443    0.00004   78   43    0.00000    0.03845      -  23.3  170s
 636238 412996     cutoff   42         0.00000    0.03839      -  23.3  175s
 655868 425092    0.01995   36   50    0.00000    0.03830      -  23.2  180s
 675280 437474     cutoff   52         0.00000    0.03824      -  23.2  185s
 694722 449816    0.00317   51   37    0.00000    0.03818      -  23.2  190s
 713058 461936    0.00034   61   52    0.00000    0.03813      -  23.2  195s
 732341 474452 infeasible   44         0.00000    0.03807      -  23.3  200s
 752014 486137    0.00000   83   38    0.00000    0.03801      -  23.2  205s
 771356 499593    0.00000   80   13    0.00000    0.03797      -  23.2  210s
 791345 512014    0.00429   48   43    0.00000    0.03792      -  23.2  215s
 811385 524766    0.01796   39   51    0.00000    0.03786      -  23.2  220s
 830531 536710    0.00004   73   50    0.00000    0.03780      -  23.2  225s
 849727 548875     cutoff   38         0.00000    0.03775      -  23.2  230s
 868955 561288    0.00728   46   39    0.00000    0.03770      -  23.2  235s
 888107 573567    0.00401   61   43    0.00000    0.03766      -  23.2  240s
 909044 587236    0.00007   55   51    0.00000    0.03761      -  23.2  245s
 925896 598472    0.00001  112   22    0.00000    0.03757      -  23.2  250s
 944336 610102    0.01779   42   51    0.00000    0.03753      -  23.2  255s
H950583 614175                       0.0000016    0.03752      -  23.2  256s
 961218 621245     cutoff   79         0.00000    0.03750      -  23.2  260s
 982336 634026    0.01343   44   54    0.00000    0.03746      -  23.2  265s
 1001776 646831    0.00489   49   50    0.00000    0.03742      -  23.2  270s
 1019762 658052    0.00473   46   50    0.00000    0.03737      -  23.2  275s
 1038979 670138    0.02999   37   50    0.00000    0.03734      -  23.2  280s
 1057722 682563    0.00020   61   51    0.00000    0.03730      -  23.2  285s
 1077966 695043    0.03107   38   50    0.00000    0.03726      -  23.2  290s
 1097133 707088    0.00151   45   51    0.00000    0.03723      -  23.2  295s
 1116409 719452    0.00034   58   37    0.00000    0.03719      -  23.2  300s
 1136136 732614     cutoff   59         0.00000    0.03716      -  23.2  305s
 1155308 744882    0.01323   40   50    0.00000    0.03713      -  23.2  310s
 1175738 757576     cutoff   50         0.00000    0.03709      -  23.2  315s
 1191732 768556    0.00014   81   44    0.00000    0.03706      -  23.2  320s
 1210816 780504    0.03386   33   50    0.00000    0.03702      -  23.2  325s
 1230209 792501    0.00001   98   31    0.00000    0.03698      -  23.2  330s
 1249596 804649     cutoff   49         0.00000    0.03694      -  23.2  335s
 1269431 816546    0.00690   53   50    0.00000    0.03690      -  23.2  340s
 1289390 829435    0.00346   49   39    0.00000    0.03687      -  23.2  345s
 1308689 842151    0.00002   82   43    0.00000    0.03684      -  23.2  350s
 1324262 851911    0.02405   35   53    0.00000    0.03681      -  23.2  355s
 1342746 863706    0.00000   86   38    0.00000    0.03679      -  23.2  360s

Cutting planes:
  Gomory: 8
  Implied bound: 30
  MIR: 14
  Flow cover: 37
  Inf proof: 8
  RLT: 100
  Relax-and-lift: 5
  BQP: 32

Explored 1343148 nodes (31124166 simplex iterations) in 360.00 seconds (395.56 work units)
Thread count was 4 (of 4 available processors)

Solution count 9: 1.60525e-06 1.59581e-06 1.54621e-06 ... -0

Time limit reached
Best objective 1.605248710096e-06, best bound 3.678478742520e-02, gap 2291431.9722%
{"verdict": "UNRESOLVED", "status": "TIME_LIMIT", "runtime": 360.0028989315033, "objval": 1.6052487100959318e-06, "objbound": 0.03678478742520009, "binaries": 46}
