Set parameter NodefileStart to value 6
Read parameters from file gurobi.env
Restricted license - for non-production use only - expires 2027-11-29
Set parameter OutputFlag to value 1
Set parameter Threads to value 4
Set parameter TimeLimit to value 360
Set parameter MIPGap to value 5e-05
Set parameter MIPFocus to value 2
Set parameter NonConvex to value 2
Set parameter BestBdStop to value 2.7426211734693878e-02
Gurobi Optimizer version 13.0.3 build v13.0.3rc0 (linux64 - "Ubuntu 24.04.5 LTS")

CPU model: AMD EPYC 7763 64-Core Processor, instruction set [SSE2|AVX|AVX2]
Thread count: 2 physical cores, 4 logical processors, using up to 4 threads

Non-default parameters:
TimeLimit  360
BestBdStop  2.7426211734693878e-02
MIPGap  5e-05
MIPFocus  2
NodefileStart  6
NonConvex  2
Threads  4

Optimize a model with 145 rows, 115 columns and 846 nonzeros (Max)
Model fingerprint: 0x9319d0f2
Model has 1 linear objective coefficients
Model has 50 quadratic constraints
Variable types: 65 continuous, 50 integer (50 binary)
Coefficient statistics:
  Matrix range     [5e-01, 1e+00]
  QMatrix range    [1e+00, 1e+00]
  QLMatrix range   [1e+00, 1e+00]
  Objective range  [1e+00, 1e+00]
  Bounds range     [5e-01, 1e+00]
  RHS range        [1e+00, 1e+00]

Found heuristic solution: objective -0.0000000
Presolve time: 0.00s
Presolved: 345 rows, 116 columns, 1246 nonzeros
Presolved model has 50 bilinear constraint(s)

Solving non-convex MIQCP to global optimality

Variable types: 66 continuous, 50 integer (50 binary)
Found heuristic solution: objective 0.0000000
Root relaxation presolve removed 50 rows and 1 columns
Root relaxation presolved: 295 rows, 115 columns, 1196 nonzeros


Root relaxation: objective 8.333333e-02, 111 iterations, 0.00 seconds (0.00 work units)

    Nodes    |    Current Node    |     Objective Bounds      |     Work
 Expl Unexpl |  Obj  Depth IntInf | Incumbent    BestBd   Gap | It/Node Time

     0     0    0.08333    0   50    0.00000    0.08333      -     -    0s
     0     0    0.08333    0   36    0.00000    0.08333      -     -    0s
     0     0    0.08333    0   36    0.00000    0.08333      -     -    0s
     0     2    0.08333    0   36    0.00000    0.08333      -     -    0s
*  444   494              65       0.0000001    0.07749      -  15.8    0s
H  503   562                       0.0000001    0.07749      -  15.2    0s
H  530   562                       0.0000001    0.07749      -  14.6    0s
*  538   562              78       0.0000002    0.07749      -  14.4    0s
H  644   619                       0.0000002    0.07749      -  14.5    0s
H  679   607                       0.0000003    0.07749      -  14.4    0s
H  711   685                       0.0000005    0.07749      -  15.0    0s
*  955   834             147       0.0000005    0.07328      -  16.0    0s
H 1768  1318                       0.0032121    0.07328  2181%  17.8    1s
* 1800  1333              96       0.0034999    0.07328  1994%  17.8    1s
H 1838  1256                       0.0040601    0.07328  1705%  17.6    1s
H 1900  1212                       0.0068243    0.07328   974%  17.7    1s
* 1997  1193             123       0.0068277    0.07328   973%  17.6    1s
* 1998  1156             123       0.0068277    0.07328   973%  17.6    1s
H 2170  1069                       0.0076146    0.07328   862%  18.6    1s
H 2274  1053                       0.0093499    0.07328   684%  19.3    1s
H 2374  1069                       0.0093867    0.07328   681%  20.1    1s
H 2627  1160                       0.0093867    0.07328   681%  20.8    1s
H 2817  1022                       0.0121355    0.07328   504%  21.5    1s
H 2962  1053                       0.0124706    0.07328   488%  21.8    1s
H 3010  1039                       0.0129305    0.07328   467%  21.9    1s
H 3407  1253                       0.0129309    0.07328   467%  22.7    1s
H 3536  1285                       0.0129309    0.07328   467%  22.7    1s
H 4319  1668                       0.0133620    0.07166   436%  25.2    2s
H 5359  1771                       0.0186037    0.06937   273%  26.7    2s
H 6858  2473                       0.0186038    0.06661   258%  27.4    3s
H 9053  3422                       0.0187812    0.06517   247%  28.4    3s
H 9744  3692                       0.0188040    0.06505   246%  28.8    4s
H11076  4301                       0.0188128    0.06417   241%  29.3    4s
 13436  5315    0.02200   31   51    0.01881    0.06320   236%  30.2    5s
 29101 10635    0.01903   31   74    0.01881    0.05884   213%  33.7   10s
 49348 16869    0.03238   31   54    0.01881    0.05567   196%  34.9   15s
 68956 22982    0.02664   41   50    0.01881    0.05387   186%  35.1   20s
 88293 29042    0.02871   40   53    0.01881    0.05261   180%  35.3   25s
 108052 34535    0.02084   33   52    0.01881    0.05156   174%  35.4   30s
 124436 39333    0.02131   35   46    0.01881    0.05089   170%  35.2   35s
 144968 45270     cutoff   36         0.01881    0.05012   166%  35.1   40s
 164421 50987    0.03890   31   56    0.01881    0.04942   163%  35.1   45s
 184034 56907    0.03010   38   58    0.01881    0.04888   160%  35.1   50s
 201396 61994     cutoff   38         0.01881    0.04851   158%  35.1   55s
 221811 67496     cutoff   31         0.01881    0.04808   156%  35.0   60s
 241263 72675    0.03402   29   57    0.01881    0.04766   153%  35.0   65s
 261249 78084    0.01887   36   55    0.01881    0.04729   151%  34.9   70s
 279275 82989    0.04510   25   58    0.01881    0.04696   150%  34.9   75s
 300122 88839    0.03408   31   63    0.01881    0.04666   148%  34.8   80s
 316501 93176     cutoff   31         0.01881    0.04642   147%  34.8   85s
 336033 98181     cutoff   36         0.01881    0.04611   145%  34.8   90s
 355468 103600     cutoff   39         0.01881    0.04582   144%  34.7   95s
 375013 108435     cutoff   37         0.01881    0.04555   142%  34.7  100s
 395649 113894     cutoff   43         0.01881    0.04531   141%  34.6  105s
 415866 119245    0.02597   40   54    0.01881    0.04507   140%  34.6  110s
 435298 124338    0.03072   27   53    0.01881    0.04486   138%  34.5  115s
 452296 128873     cutoff   38         0.01881    0.04471   138%  34.5  120s
 471738 133835    0.03781   26   59    0.01881    0.04454   137%  34.4  125s
 490986 139028    0.02781   36   54    0.01881    0.04438   136%  34.4  130s
 511519 144745     cutoff   37         0.01881    0.04420   135%  34.3  135s
 531607 150102    0.04319   32   54    0.01881    0.04405   134%  34.3  140s
 552388 155494     cutoff   49         0.01881    0.04390   133%  34.2  145s
 572616 160648     cutoff   40         0.01881    0.04376   133%  34.2  150s
 593268 165673    0.02422   40   56    0.01881    0.04361   132%  34.1  155s
 613375 171071    0.02802   39   52    0.01881    0.04346   131%  34.1  160s
H626945 174479                       0.0188128    0.04335   130%  34.0  163s
H632822 176135                       0.0188129    0.04330   130%  34.0  164s
 634335 176517    0.02473   29   54    0.01881    0.04329   130%  34.0  165s
H634451 175906                       0.0189392    0.04329   129%  34.0  165s
 649957 179450    0.02444   33   55    0.01894    0.04319   128%  34.0  170s
 669580 184448    0.01947   35   53    0.01894    0.04308   127%  34.0  175s
 689506 189431     cutoff   37         0.01894    0.04294   127%  34.0  180s
H694390 190530                       0.0189393    0.04291   127%  33.9  181s
 708460 193734    0.03566   39   44    0.01894    0.04283   126%  33.9  185s
 726249 198028    0.02120   38   51    0.01894    0.04271   126%  33.9  190s
 746906 202939    0.02116   31   56    0.01894    0.04257   125%  33.9  195s
 767000 207536     cutoff   32         0.01894    0.04243   124%  33.8  200s
 788020 212432    0.01917   43   58    0.01894    0.04231   123%  33.8  205s
 809053 217663    0.02802   41   56    0.01894    0.04218   123%  33.7  210s
 826545 221834    0.04066   31   58    0.01894    0.04209   122%  33.7  215s
 847347 226769    0.02167   38   54    0.01894    0.04198   122%  33.6  220s
 868037 231581    0.02669   37   59    0.01894    0.04187   121%  33.6  225s
 887366 236117    0.02014   43   53    0.01894    0.04181   121%  33.6  230s
 907613 240899     cutoff   38         0.01894    0.04169   120%  33.5  235s
 928582 245768     cutoff   42         0.01894    0.04158   120%  33.5  240s
 949135 250659    0.02100   46   55    0.01894    0.04148   119%  33.5  245s
 969969 255554     cutoff   34         0.01894    0.04139   119%  33.4  250s
 989818 260288    0.02185   32   53    0.01894    0.04132   118%  33.4  255s
 1005508 263827     cutoff   40         0.01894    0.04125   118%  33.4  260s
 1024644 268587     cutoff   36         0.01894    0.04117   117%  33.4  265s
 1044373 273390    0.02034   39   57    0.01894    0.04108   117%  33.4  270s
 1062331 277561    0.02126   42   55    0.01894    0.04101   117%  33.3  275s
 1081693 282232    0.02046   29   57    0.01894    0.04093   116%  33.3  280s
 1100371 286646    0.02271   29   53    0.01894    0.04086   116%  33.3  285s
 1119954 291178     cutoff   38         0.01894    0.04078   115%  33.3  290s
 1138061 295730    0.01899   45   49    0.01894    0.04070   115%  33.2  295s
 1158895 300870    0.03183   32   57    0.01894    0.04063   115%  33.2  300s
 1179777 305985    0.02218   32   61    0.01894    0.04055   114%  33.2  305s
 1200757 310759     cutoff   42         0.01894    0.04048   114%  33.2  310s
 1217094 314298    0.02144   42   56    0.01894    0.04042   113%  33.1  315s
 1236436 318481     cutoff   39         0.01894    0.04034   113%  33.1  320s
 1257133 322817    0.02187   43   52    0.01894    0.04026   113%  33.1  325s
 1277263 327615     cutoff   41         0.01894    0.04019   112%  33.1  330s
 1297860 332344    0.04004   42   55    0.01894    0.04012   112%  33.0  335s
 1318948 337148    0.03482   33   57    0.01894    0.04004   111%  33.0  340s
 1339515 341905     cutoff   41         0.01894    0.03997   111%  33.0  345s
 1360496 346225     cutoff   43         0.01894    0.03990   111%  33.0  350s
 1378718 350259    0.03659   30   57    0.01894    0.03984   110%  33.0  355s
 1395440 354155    0.03663   27   59    0.01894    0.03980   110%  33.0  360s

Cutting planes:
  Gomory: 42
  Implied bound: 41
  MIR: 7
  Flow cover: 56
  Inf proof: 37
  RLT: 63
  Relax-and-lift: 6
  BQP: 15

Explored 1395747 nodes (46015348 simplex iterations) in 360.00 seconds (397.76 work units)
Thread count was 4 (of 4 available processors)

Solution count 10: 0.0189393 0.0188129 0.018804 ... 0.0124706

Time limit reached
Best objective 1.893931857242e-02, best bound 3.980097282386e-02, gap 110.1500%
{"verdict": "UNRESOLVED", "status": "TIME_LIMIT", "runtime": 360.0022621154785, "objval": 0.018939318572417707, "objbound": 0.03980097282385718, "binaries": 50}
