Set parameter NodefileStart to value 6
Read parameters from file gurobi.env
Restricted license - for non-production use only - expires 2027-11-29
Set parameter OutputFlag to value 1
Set parameter Threads to value 4
Set parameter TimeLimit to value 360
Set parameter MIPGap to value 5e-05
Set parameter MIPFocus to value 2
Set parameter NonConvex to value 2
Set parameter BestBdStop to value 2.7426211734693878e-02
Gurobi Optimizer version 13.0.3 build v13.0.3rc0 (linux64 - "Ubuntu 24.04.5 LTS")

CPU model: AMD EPYC 7763 64-Core Processor, instruction set [SSE2|AVX|AVX2]
Thread count: 2 physical cores, 4 logical processors, using up to 4 threads

Non-default parameters:
TimeLimit  360
BestBdStop  2.7426211734693878e-02
MIPGap  5e-05
MIPFocus  2
NodefileStart  6
NonConvex  2
Threads  4

Optimize a model with 133 rows, 103 columns and 742 nonzeros (Max)
Model fingerprint: 0xf5214aed
Model has 1 linear objective coefficients
Model has 50 quadratic constraints
Variable types: 65 continuous, 38 integer (38 binary)
Coefficient statistics:
  Matrix range     [5e-01, 1e+00]
  QMatrix range    [1e+00, 1e+00]
  QLMatrix range   [1e+00, 1e+00]
  Objective range  [1e+00, 1e+00]
  Bounds range     [5e-01, 1e+00]
  RHS range        [1e+00, 1e+00]

Found heuristic solution: objective -0.0000000
Presolve time: 0.00s
Presolved: 333 rows, 104 columns, 1142 nonzeros
Presolved model has 50 bilinear constraint(s)

Solving non-convex MIQCP to global optimality

Variable types: 66 continuous, 38 integer (38 binary)
Root relaxation presolve removed 50 rows and 1 columns
Root relaxation presolved: 283 rows, 103 columns, 1092 nonzeros


Root relaxation: objective 1.250000e-01, 125 iterations, 0.00 seconds (0.00 work units)

    Nodes    |    Current Node    |     Objective Bounds      |     Work
 Expl Unexpl |  Obj  Depth IntInf | Incumbent    BestBd   Gap | It/Node Time

     0     0    0.12500    0   58   -0.00000    0.12500      -     -    0s
     0     0    0.10000    0   56   -0.00000    0.10000      -     -    0s
     0     0    0.08696    0   69   -0.00000    0.08696      -     -    0s
     0     0    0.07143    0   69   -0.00000    0.07143      -     -    0s
     0     0    0.07143    0   45   -0.00000    0.07143      -     -    0s
     0     0    0.07143    0   45   -0.00000    0.07143      -     -    0s
     0     0    0.07143    0   44   -0.00000    0.07143      -     -    0s
     0     0    0.07143    0   49   -0.00000    0.07143      -     -    0s
     0     0    0.07143    0   49   -0.00000    0.07143      -     -    0s
     0     0    0.07143    0   56   -0.00000    0.07143      -     -    0s
     0     0    0.07143    0   56   -0.00000    0.07143      -     -    0s
H    0     0                       0.0000000    0.07143      -     -    0s
     0     2    0.07143    0   56    0.00000    0.07143      -     -    0s
H  681   627                       0.0000001    0.07143      -  24.8    0s
*  792   801             109       0.0000002    0.07143      -  24.5    0s
* 2183  1454              85       0.0000004    0.05744      -  21.6    1s
H 2270  1557                       0.0000004    0.05744      -  21.8    1s
H 3065  1897                       0.0000005    0.05261      -  20.6    1s
* 3616  2241             113       0.0000009    0.05261      -  18.9    2s
* 3620  2241             114       0.0000009    0.05261      -  18.9    2s
* 3621  2239             114       0.0000011    0.05261      -  18.9    2s
 13696  9699     cutoff   66         0.00000    0.04252      -  18.2    5s
 30173 20158    0.01662   32   51    0.00000    0.04028      -  19.6   10s
 53975 36350     cutoff   52         0.00000    0.03880      -  20.5   15s
 77773 51921    0.01709   35   53    0.00000    0.03766      -  20.7   20s
 100730 67671    0.00003   89   36    0.00000    0.03691      -  21.0   25s
 123574 82235     cutoff   44         0.00000    0.03611      -  21.1   30s
 147382 98113    0.00000   86   29    0.00000    0.03537      -  21.1   35s
 159460 105824    0.00035   50   44    0.00000    0.03494      -  21.1   40s
 183720 121130    0.01429   38   52    0.00000    0.03431      -  21.1   45s
 207551 137113    0.00002   82   36    0.00000    0.03389      -  21.1   50s
 231184 151902    0.01639   40   52    0.00000    0.03340      -  21.1   55s
 254099 166189    0.00008   65   20    0.00000    0.03304      -  21.1   60s
 277923 180973     cutoff   76         0.00000    0.03263      -  21.0   65s
 301699 196376    0.00000  104   28    0.00000    0.03227      -  21.0   70s
 324578 211683    0.00104   41   51    0.00000    0.03202      -  21.0   75s
 349161 227692    0.00010   63   42    0.00000    0.03178      -  20.9   80s
 372428 242213    0.00439   46   50    0.00000    0.03159      -  20.8   85s
 395714 257539    0.00089   63   50    0.00000    0.03137      -  20.8   90s
 418834 272793    0.00070   53   50    0.00000    0.03120      -  20.9   95s
 444245 288929    0.00155   38   37    0.00000    0.03102      -  20.8  100s
 462643 300537    0.00158   47   50    0.00000    0.03092      -  20.8  105s
 469645 305447    0.00218   57   47    0.00000    0.03086      -  20.8  110s
 495262 320251    0.00012   48   52    0.00000    0.03067      -  20.7  115s
 517036 334593    0.00749   36   50    0.00000    0.03052      -  20.7  120s
 540742 349811    0.00001  101   36    0.00000    0.03042      -  20.7  125s
 564423 364480    0.00028   65   50    0.00000    0.03025      -  20.6  130s
 570829 368461    0.00519   38   50    0.00000    0.03021      -  20.6  135s
 591310 383762    0.00001   68   42    0.00000    0.03010      -  20.6  140s
 618255 398401    0.00011   45   38    0.00000    0.02995      -  20.6  145s
 642681 414312    0.00118   44   44    0.00000    0.02983      -  20.6  150s
 665881 429315    0.00019   37   50    0.00000    0.02970      -  20.6  155s
 689389 444601    0.00260   37   40    0.00000    0.02957      -  20.6  160s
 712928 459652    0.00001   58   16    0.00000    0.02945      -  20.6  165s
 736240 474996    0.00000   79   33    0.00000    0.02935      -  20.6  170s
 759807 490681    0.00640   35   43    0.00000    0.02926      -  20.6  175s
 783102 505527    0.00086   48   43    0.00000    0.02915      -  20.6  180s
 806417 520738    0.00000   90   24    0.00000    0.02906      -  20.7  185s
 830180 535619    0.00008   74   42    0.00000    0.02897      -  20.7  190s
 856403 552043     cutoff   50         0.00000    0.02888      -  20.6  195s
 879225 567794    0.00000   94   21    0.00000    0.02880      -  20.6  200s
 902166 582499    0.00611   43   50    0.00000    0.02872      -  20.7  205s
 926211 597311    0.00053   49   39    0.00000    0.02865      -  20.6  210s
 949525 612286    0.01164   39   43    0.00000    0.02858      -  20.6  215s
 973094 626934    0.00516   46   50    0.00000    0.02849      -  20.7  220s
 992717 639728     cutoff   60         0.00000    0.02845      -  20.6  225s
 1016213 654455    0.00000   57   35    0.00000    0.02839      -  20.6  230s
 1037900 668366     cutoff   47         0.00000    0.02832      -  20.6  235s
 1061003 683766    0.00005   55   36    0.00000    0.02828      -  20.6  240s
 1084272 698021    0.01340   34   50    0.00000    0.02824      -  20.6  245s
 1107309 712539    0.02287   38   51    0.00000    0.02818      -  20.6  250s
 1130434 727341    0.00000   99   12    0.00000    0.02813      -  20.6  255s
 1153261 740900    0.02464   34   57    0.00000    0.02807      -  20.6  260s
 1176359 754902    0.00013   55   44    0.00000    0.02799      -  20.6  265s
 1199470 770236    0.02535   32   58    0.00000    0.02795      -  20.6  270s
 1224530 785938    0.00064   49   50    0.00000    0.02790      -  20.6  275s
 1247157 800063    0.00187   52   50    0.00000    0.02784      -  20.6  280s
 1269867 814762    0.00508   44   51    0.00000    0.02781      -  20.6  285s
 1293263 829695    0.02058   44   51    0.00000    0.02776      -  20.6  290s
 1315685 842893     cutoff   69         0.00000    0.02771      -  20.6  295s
 1338460 857070     cutoff   94         0.00000    0.02765      -  20.6  300s
 1361133 870194     cutoff   45         0.00000    0.02759      -  20.6  305s
 1384973 884682     cutoff   57         0.00000    0.02752      -  20.6  310s
 1392394 889069    0.00987   42   50    0.00000    0.02751      -  20.6  315s
 1414509 902128    0.00752   42   51    0.00000    0.02746      -  20.6  320s

Cutting planes:
  Gomory: 4
  MIR: 3
  Flow cover: 5
  RLT: 51
  Relax-and-lift: 3
  BQP: 20

Explored 1434044 nodes (29620472 simplex iterations) in 324.09 seconds (338.07 work units)
Thread count was 4 (of 4 available processors)

Solution count 8: 1.08135e-06 1.08135e-06 4.87801e-07 ... -0

Optimization achieved user objective limit
Best objective 1.081353438641e-06, best bound 2.742463945759e-02, gap 2536040.2181%
{"verdict": "PROVED", "status": "BOUND_REACHED", "runtime": 324.09437704086304, "objval": 1.081353438640994e-06, "objbound": 0.02742463945758583, "binaries": 38}
