Set parameter NodefileStart to value 6
Read parameters from file gurobi.env
Restricted license - for non-production use only - expires 2027-11-29
Set parameter OutputFlag to value 1
Set parameter Threads to value 4
Set parameter TimeLimit to value 360
Set parameter MIPGap to value 5e-05
Set parameter MIPFocus to value 2
Set parameter NonConvex to value 2
Set parameter BestBdStop to value 2.7426211734693878e-02
Gurobi Optimizer version 13.0.3 build v13.0.3rc0 (linux64 - "Ubuntu 24.04.5 LTS")

CPU model: INTEL(R) XEON(R) PLATINUM 8573C, instruction set [SSE2|AVX|AVX2|AVX512]
Thread count: 2 physical cores, 4 logical processors, using up to 4 threads

Non-default parameters:
TimeLimit  360
BestBdStop  2.7426211734693878e-02
MIPGap  5e-05
MIPFocus  2
NodefileStart  6
NonConvex  2
Threads  4

Optimize a model with 145 rows, 115 columns and 846 nonzeros (Max)
Model fingerprint: 0x64a78591
Model has 1 linear objective coefficients
Model has 50 quadratic constraints
Variable types: 65 continuous, 50 integer (50 binary)
Coefficient statistics:
  Matrix range     [5e-01, 1e+00]
  QMatrix range    [1e+00, 1e+00]
  QLMatrix range   [1e+00, 1e+00]
  Objective range  [1e+00, 1e+00]
  Bounds range     [5e-01, 1e+00]
  RHS range        [1e+00, 1e+00]

Found heuristic solution: objective -0.0000000
Presolve time: 0.00s
Presolved: 345 rows, 116 columns, 1246 nonzeros
Presolved model has 50 bilinear constraint(s)

Solving non-convex MIQCP to global optimality

Variable types: 66 continuous, 50 integer (50 binary)
Root relaxation presolve removed 50 rows and 1 columns
Root relaxation presolved: 295 rows, 115 columns, 1196 nonzeros


Root relaxation: objective 8.333333e-02, 111 iterations, 0.00 seconds (0.00 work units)

    Nodes    |    Current Node    |     Objective Bounds      |     Work
 Expl Unexpl |  Obj  Depth IntInf | Incumbent    BestBd   Gap | It/Node Time

     0     0    0.08333    0   50   -0.00000    0.08333      -     -    0s
     0     0    0.06250    0   72   -0.00000    0.06250      -     -    0s
     0     0    0.06250    0   57   -0.00000    0.06250      -     -    0s
     0     0    0.06250    0   62   -0.00000    0.06250      -     -    0s
H    0     0                       0.0000001    0.06250      -     -    0s
     0     0    0.06250    0   56    0.00000    0.06250      -     -    0s
     0     0    0.06250    0   52    0.00000    0.06250      -     -    0s
     0     0    0.06250    0   52    0.00000    0.06250      -     -    0s
     0     0    0.06250    0   48    0.00000    0.06250      -     -    0s
     0     0    0.06250    0   61    0.00000    0.06250      -     -    0s
     0     0    0.06250    0   63    0.00000    0.06250      -     -    0s
     0     0    0.06250    0   50    0.00000    0.06250      -     -    0s
     0     0    0.06250    0   56    0.00000    0.06250      -     -    0s
     0     0    0.06250    0   51    0.00000    0.06250      -     -    0s
     0     0    0.06250    0   56    0.00000    0.06250      -     -    0s
     0     0    0.06250    0   47    0.00000    0.06250      -     -    0s
     0     0    0.06250    0   47    0.00000    0.06250      -     -    0s
     0     2    0.06250    0   47    0.00000    0.06250      -     -    0s
H  781   695                       0.0000003    0.06250      -  27.2    1s
H 1171   935                       0.0000003    0.06250      -  29.1    1s
* 1716  1199              87       0.0000004    0.03482      -  28.6    3s
* 1739  1145              86       0.0000005    0.03482      -  28.3    3s
* 1803  1137              87       0.0000006    0.03482      -  28.1    3s
* 1805  1095              88       0.0000007    0.03482      -  28.1    3s
* 1984  1124              98       0.0000010    0.03482      -  27.7    3s
* 1990  1085              96       0.0000010    0.03482      -  27.6    3s
H 2218   928                       0.0006237    0.03482  5483%  27.5    3s
H 2377   901                       0.0013699    0.03482  2442%  27.4    3s
H 3416  1010                       0.0028178    0.03474  1133%  28.1    3s
H 3818  1257                       0.0030424    0.03175   944%  29.2    4s
  6672  2311     cutoff   27         0.00304    0.02868   843%  30.8    5s
H 8907  3092                       0.0030727    0.02737   791%  31.5    5s

Cutting planes:
  Gomory: 5
  Implied bound: 12
  MIR: 3
  Flow cover: 20
  RLT: 66
  Relax-and-lift: 4
  BQP: 8

Explored 8952 nodes (283599 simplex iterations) in 5.98 seconds (4.12 work units)
Thread count was 4 (of 4 available processors)

Solution count 10: 0.00307266 0.00304238 0.00281779 ... 5.10553e-07

Optimization achieved user objective limit
Best objective 3.072664342572e-03, best bound 2.737080761578e-02, gap 790.7842%
{"verdict": "PROVED", "status": "BOUND_REACHED", "runtime": 5.981740951538086, "objval": 0.0030726643425719805, "objbound": 0.02737080761577671, "binaries": 50}
