Set parameter NodefileStart to value 6
Read parameters from file gurobi.env
Restricted license - for non-production use only - expires 2027-11-29
Set parameter OutputFlag to value 1
Set parameter Threads to value 4
Set parameter TimeLimit to value 360
Set parameter MIPGap to value 5e-05
Set parameter MIPFocus to value 2
Set parameter NonConvex to value 2
Set parameter BestBdStop to value 2.7426211734693878e-02
Gurobi Optimizer version 13.0.3 build v13.0.3rc0 (linux64 - "Ubuntu 24.04.5 LTS")

CPU model: AMD EPYC 9V45 96-Core Processor, instruction set [SSE2|AVX|AVX2|AVX512]
Thread count: 2 physical cores, 4 logical processors, using up to 4 threads

Non-default parameters:
TimeLimit  360
BestBdStop  2.7426211734693878e-02
MIPGap  5e-05
MIPFocus  2
NodefileStart  6
NonConvex  2
Threads  4

Optimize a model with 141 rows, 111 columns and 810 nonzeros (Max)
Model fingerprint: 0x11f6e438
Model has 1 linear objective coefficients
Model has 50 quadratic constraints
Variable types: 65 continuous, 46 integer (46 binary)
Coefficient statistics:
  Matrix range     [5e-01, 1e+00]
  QMatrix range    [1e+00, 1e+00]
  QLMatrix range   [1e+00, 1e+00]
  Objective range  [1e+00, 1e+00]
  Bounds range     [5e-01, 1e+00]
  RHS range        [1e+00, 1e+00]

Found heuristic solution: objective -0.0000000
Presolve time: 0.00s
Presolved: 341 rows, 112 columns, 1210 nonzeros
Presolved model has 50 bilinear constraint(s)

Solving non-convex MIQCP to global optimality

Variable types: 66 continuous, 46 integer (46 binary)
Root relaxation presolve removed 50 rows and 1 columns
Root relaxation presolved: 291 rows, 111 columns, 1160 nonzeros


Root relaxation: objective 8.333333e-02, 107 iterations, 0.00 seconds (0.00 work units)

    Nodes    |    Current Node    |     Objective Bounds      |     Work
 Expl Unexpl |  Obj  Depth IntInf | Incumbent    BestBd   Gap | It/Node Time

     0     0    0.08333    0   50   -0.00000    0.08333      -     -    0s
     0     0    0.08333    0   57   -0.00000    0.08333      -     -    0s
     0     0    0.08333    0   70   -0.00000    0.08333      -     -    0s
     0     0    0.07143    0   61   -0.00000    0.07143      -     -    0s
     0     0    0.07143    0   48   -0.00000    0.07143      -     -    0s
     0     0    0.07143    0   50   -0.00000    0.07143      -     -    0s
     0     0    0.07143    0   50   -0.00000    0.07143      -     -    0s
     0     0    0.07143    0   45   -0.00000    0.07143      -     -    0s
     0     0    0.07143    0   53   -0.00000    0.07143      -     -    0s
     0     0    0.07143    0   43   -0.00000    0.07143      -     -    0s
     0     0    0.07143    0   47   -0.00000    0.07143      -     -    0s
     0     0    0.07143    0   64   -0.00000    0.07143      -     -    0s
     0     0    0.07143    0   43   -0.00000    0.07143      -     -    0s
     0     0    0.07143    0   43   -0.00000    0.07143      -     -    0s
H    0     0                       0.0000000    0.07143      -     -    0s
     0     2    0.07143    0   43    0.00000    0.07143      -     -    0s
H   77    90                       0.0000006    0.06943      -  16.8    0s
* 1938  1326             129       0.0044964    0.06642  1377%  17.8    0s
* 1939  1278             129       0.0044964    0.06642  1377%  17.8    0s
H 2983  1417                       0.0065880    0.06502   887%  22.7    1s
H 4614  1923                       0.0091433    0.06016   558%  26.1    1s
H 5821  2652                       0.0091436    0.05869   542%  27.6    1s
H 6657  3048                       0.0095757    0.05782   504%  28.6    2s
H 9743  4558                       0.0095784    0.05572   482%  29.4    2s
H11434  5484                       0.0095784    0.05509   475%  30.0    2s
H12005  5902                       0.0096018    0.05481   471%  30.0    2s
H13350  6543                       0.0096072    0.05418   464%  29.9    3s
H14939  7166                       0.0097419    0.05378   452%  30.0    3s
H17122  8073                       0.0101493    0.05330   425%  29.9    3s
H17124  7886                       0.0108997    0.05330   389%  29.9    3s
H17125  7885                       0.0109061    0.05330   389%  29.9    3s
H17661  8316                       0.0109061    0.05318   388%  29.9    4s
 20333  9630    0.01539   43   53    0.01091    0.05269   383%  29.8    5s
H29029 13617                       0.0109331    0.05145   371%  30.2    6s
H43190 21235                       0.0109797    0.05023   357%  30.5    9s
 48849 24212    0.02115   40   50    0.01098    0.04982   354%  30.5   10s
 79835 39488    0.04617   25   65    0.01098    0.04810   338%  30.8   15s
 112363 55599    0.02005   40   53    0.01098    0.04704   328%  30.8   20s
 143534 70411     cutoff   45         0.01098    0.04623   321%  30.7   25s
 175080 84441    0.02390   40   56    0.01098    0.04561   315%  30.7   30s
 203082 97263    0.03366   31   49    0.01098    0.04514   311%  30.6   35s
 233930 110665    0.02177   35   52    0.01098    0.04463   306%  30.5   40s
 265667 125170    0.03767   29   56    0.01098    0.04422   303%  30.5   45s
 297131 139384    0.03314   29   54    0.01098    0.04392   300%  30.5   50s
 329069 153688     cutoff   47         0.01098    0.04369   298%  30.5   55s
 359995 167002    0.01214   42   50    0.01098    0.04343   296%  30.5   60s
 385505 178819    0.03154   31   62    0.01098    0.04323   294%  30.5   65s
 417974 192876    0.01384   37   50    0.01098    0.04296   291%  30.5   70s
 450454 207658    0.03617   35   55    0.01098    0.04275   289%  30.5   75s
 482996 221263    0.01170   45   44    0.01098    0.04253   287%  30.4   80s
 513938 234101    0.01265   41   51    0.01098    0.04234   286%  30.4   85s
 545207 247863     cutoff   40         0.01098    0.04216   284%  30.4   90s
 578714 262282    0.02255   41   53    0.01098    0.04198   282%  30.4   95s
 605374 273550    0.04065   30   60    0.01098    0.04185   281%  30.4  100s
 635308 285608    0.03443   31   55    0.01098    0.04169   280%  30.4  105s
 664758 297776    0.01267   41   53    0.01098    0.04155   278%  30.3  110s
 692155 309914     cutoff   41         0.01098    0.04147   278%  30.3  115s
 724418 322853 infeasible   54         0.01098    0.04131   276%  30.3  120s
 757570 336734     cutoff   52         0.01098    0.04117   275%  30.3  125s
 788760 349105    0.03884   30   55    0.01098    0.04104   274%  30.3  130s
 817930 360887    0.01186   48   53    0.01098    0.04092   273%  30.3  135s
 849932 374030    0.03610   32   50    0.01098    0.04080   272%  30.2  140s
 880777 386180     cutoff   52         0.01098    0.04068   271%  30.2  145s
 912476 398853    0.02521   41   50    0.01098    0.04057   269%  30.2  150s
 944873 411710    0.02564   34   53    0.01098    0.04047   269%  30.2  155s
 978287 425106    0.01605   42   46    0.01098    0.04035   268%  30.2  160s
 1007632 436788    0.01153   44   50    0.01098    0.04026   267%  30.1  165s
 1039509 449244    0.01195   45   51    0.01098    0.04016   266%  30.1  170s
 1067997 460756 infeasible   51         0.01098    0.04006   265%  30.1  175s
 1098969 472839    0.03649   33   57    0.01098    0.03996   264%  30.1  180s
 1130600 485467    0.01931   40   57    0.01098    0.03987   263%  30.1  185s
 1162173 498337    0.01685   37   55    0.01098    0.03978   262%  30.1  190s
 1190662 509463    0.03353   36   48    0.01098    0.03970   262%  30.1  195s
 1222819 521283     cutoff   43         0.01098    0.03960   261%  30.0  200s
 1255213 533982    0.01899   36   50    0.01098    0.03951   260%  30.0  205s
 1287253 546506    0.03164   41   52    0.01098    0.03942   259%  30.0  210s
 1315133 557368     cutoff   43         0.01098    0.03934   258%  30.0  215s
 1344975 569270    0.01244   44   51    0.01098    0.03927   258%  30.0  220s
 1376626 581736     cutoff   50         0.01098    0.03919   257%  29.9  225s
 1407376 593790     cutoff   46         0.01098    0.03910   256%  29.9  230s
 1437962 605327    0.02292   37   45    0.01098    0.03902   255%  29.9  235s
 1466547 616208     cutoff   47         0.01098    0.03895   255%  29.9  240s
 1497620 627775    0.01231   44   52    0.01098    0.03888   254%  29.9  245s
H1524617 608640                       0.0121261    0.03882   220%  29.9  249s
H1525700 602812                       0.0123456    0.03881   214%  29.9  249s
H1525701 572482                       0.0133354    0.03881   191%  29.9  249s
 1526113 572757     cutoff   41         0.01334    0.03881   191%  29.9  250s
H1526909 571909                       0.0133654    0.03881   190%  29.9  250s
H1527974 571671                       0.0133888    0.03881   190%  29.9  250s
H1527978 571255                       0.0134015    0.03881   190%  29.9  250s
 1557292 581064    0.02291   43   43    0.01340    0.03873   189%  29.9  255s
 1586297 590670    0.03138   41   56    0.01340    0.03865   188%  29.8  260s
H1604792 596830                       0.0134015    0.03861   188%  29.8  262s
 1619084 601779    0.03334   35   55    0.01340    0.03857   188%  29.8  265s
 1651272 612932    0.01457   36   51    0.01340    0.03850   187%  29.8  270s
 1685831 624916    0.01639   40   55    0.01340    0.03841   187%  29.8  275s
 1718679 635984    0.02356   41   50    0.01340    0.03834   186%  29.7  280s
 1753467 647752     cutoff   53         0.01340    0.03826   185%  29.7  285s
 1788629 659093     cutoff   38         0.01340    0.03819   185%  29.7  290s
 1816880 668510    0.02411   34   52    0.01340    0.03813   185%  29.7  295s
 1849333 678855    0.01366   46   44    0.01340    0.03806   184%  29.7  300s
 1882160 689609     cutoff   49         0.01340    0.03799   183%  29.7  305s
 1912729 699693     cutoff   50         0.01340    0.03793   183%  29.6  310s
 1946933 710586    0.01476   47   57    0.01340    0.03786   183%  29.6  315s
H1972751 718745                       0.0134015    0.03781   182%  29.6  319s
 1977434 720252    0.01666   38   54    0.01340    0.03780   182%  29.6  320s
 2009620 730665    0.02568   37   56    0.01340    0.03774   182%  29.6  325s
 2038005 739753    0.02459   36   54    0.01340    0.03768   181%  29.6  330s
 2070818 750497    0.02812   37   53    0.01340    0.03762   181%  29.6  335s
 2104226 761175    0.03411   37   45    0.01340    0.03756   180%  29.6  340s
 2137831 772359    0.02437   35   55    0.01340    0.03749   180%  29.6  345s
 2171438 783034     cutoff   48         0.01340    0.03743   179%  29.6  350s
 2203962 793626    0.01691   37   52    0.01340    0.03738   179%  29.5  355s
 2236970 804802    0.02788   32   57    0.01340    0.03733   179%  29.5  360s

Cutting planes:
  Gomory: 15
  Implied bound: 30
  MIR: 9
  Flow cover: 78
  Inf proof: 19
  RLT: 107
  Relax-and-lift: 25
  BQP: 30

Explored 2237101 nodes (66071992 simplex iterations) in 360.00 seconds (597.33 work units)
Thread count was 4 (of 4 available processors)

Solution count 10: 0.0134015 0.0133888 0.0133654 ... 0.0108997

Time limit reached
Best objective 1.340147949766e-02, best bound 3.732589132835e-02, gap 178.5207%
{"verdict": "UNRESOLVED", "status": "TIME_LIMIT", "runtime": 360.0017509460449, "objval": 0.01340147949766227, "objbound": 0.03732589132834911, "binaries": 46}
