Set parameter NodefileStart to value 6
Read parameters from file gurobi.env
Restricted license - for non-production use only - expires 2027-11-29
Set parameter OutputFlag to value 1
Set parameter Threads to value 4
Set parameter TimeLimit to value 360
Set parameter MIPGap to value 5e-05
Set parameter MIPFocus to value 2
Set parameter NonConvex to value 2
Set parameter BestBdStop to value 2.7426211734693878e-02
Gurobi Optimizer version 13.0.3 build v13.0.3rc0 (linux64 - "Ubuntu 24.04.5 LTS")

CPU model: AMD EPYC 7763 64-Core Processor, instruction set [SSE2|AVX|AVX2]
Thread count: 2 physical cores, 4 logical processors, using up to 4 threads

Non-default parameters:
TimeLimit  360
BestBdStop  2.7426211734693878e-02
MIPGap  5e-05
MIPFocus  2
NodefileStart  6
NonConvex  2
Threads  4

Optimize a model with 149 rows, 119 columns and 871 nonzeros (Max)
Model fingerprint: 0x069049ea
Model has 1 linear objective coefficients
Model has 50 quadratic constraints
Variable types: 65 continuous, 54 integer (54 binary)
Coefficient statistics:
  Matrix range     [5e-01, 1e+00]
  QMatrix range    [1e+00, 1e+00]
  QLMatrix range   [1e+00, 1e+00]
  Objective range  [1e+00, 1e+00]
  Bounds range     [5e-01, 1e+00]
  RHS range        [1e+00, 1e+00]

Found heuristic solution: objective -0.0000000
Presolve time: 0.00s
Presolved: 349 rows, 120 columns, 1271 nonzeros
Presolved model has 50 bilinear constraint(s)

Solving non-convex MIQCP to global optimality

Variable types: 66 continuous, 54 integer (54 binary)
Root relaxation presolve removed 50 rows and 1 columns
Root relaxation presolved: 299 rows, 119 columns, 1221 nonzeros


Root relaxation: objective 8.333333e-02, 105 iterations, 0.00 seconds (0.00 work units)

    Nodes    |    Current Node    |     Objective Bounds      |     Work
 Expl Unexpl |  Obj  Depth IntInf | Incumbent    BestBd   Gap | It/Node Time

     0     0    0.08333    0   50   -0.00000    0.08333      -     -    0s
     0     0    0.07143    0   65   -0.00000    0.07143      -     -    0s
     0     0    0.07143    0   63   -0.00000    0.07143      -     -    0s
H    0     0                       0.0000000    0.07143      -     -    0s
H    0     0                       0.0000000    0.07143      -     -    0s
     0     0    0.07143    0   64    0.00000    0.07143      -     -    0s
     0     0    0.07143    0   51    0.00000    0.07143      -     -    0s
     0     0    0.07143    0   61    0.00000    0.07143      -     -    0s
     0     0    0.07143    0   61    0.00000    0.07143      -     -    0s
     0     0    0.07143    0   50    0.00000    0.07143      -     -    0s
     0     0    0.07143    0   59    0.00000    0.07143      -     -    0s
     0     0    0.07143    0   62    0.00000    0.07143      -     -    0s
     0     0    0.07143    0   50    0.00000    0.07143      -     -    0s
     0     0    0.07143    0   50    0.00000    0.07143      -     -    0s
H    0     0                       0.0033094    0.07143  2058%     -    0s
H    0     0                       0.0034590    0.07143  1965%     -    0s
H    0     0                       0.0049600    0.07143  1340%     -    0s
H    0     0                       0.0061999    0.07143  1052%     -    0s
     0     2    0.07130    0   48    0.00620    0.07130  1050%     -    0s
H   11    34                       0.0061999    0.07130  1050%  61.1    0s
H  481   502                       0.0062000    0.07130  1050%  31.5    0s
H  495   502                       0.0062000    0.07130  1050%  31.7    0s
H 1177   939                       0.0062000    0.07129  1050%  31.5    1s
H 1766  1136                       0.0176370    0.07053   300%  26.7    1s
H 3049  1162                       0.0176370    0.05456   209%  34.1    2s
 10349  3478    0.01894   45   20    0.01764    0.04629   162%  37.3    5s
 30440  8909     cutoff   31         0.01764    0.04154   136%  36.5   10s
H32949  8844                       0.0189962    0.04113   117%  36.5   10s
 46705 11905    0.02403   23   53    0.01900    0.03996   110%  36.5   15s
 67806 15991    0.03124   31   65    0.01900    0.03854   103%  35.9   20s
 89319 19650    0.01905   33   48    0.01900    0.03753  97.6%  35.4   25s
 107124 22516    0.03273   31   58    0.01900    0.03685  94.0%  35.1   30s
 129307 26295    0.02405   23   55    0.01900    0.03613  90.2%  34.7   35s
 150876 29684    0.02729   30   49    0.01900    0.03553  87.0%  34.4   40s
 172426 33313    0.02650   35   56    0.01900    0.03506  84.6%  34.1   45s
 194308 36677    0.03080   25   53    0.01900    0.03456  81.9%  33.8   50s
 216462 39655    0.02566   27   51    0.01900    0.03418  79.9%  33.6   55s
 239196 42770    0.02839   36   61    0.01900    0.03380  77.9%  33.3   60s
 262110 45896     cutoff   39         0.01900    0.03344  76.0%  33.1   65s
 285085 48833    0.02041   35   58    0.01900    0.03313  74.4%  32.9   70s
 300924 51045     cutoff   36         0.01900    0.03291  73.3%  32.7   75s
 324309 54184     cutoff   37         0.01900    0.03265  71.9%  32.5   80s
 347121 56907    0.02314   36   56    0.01900    0.03238  70.4%  32.4   85s
 370562 59719     cutoff   34         0.01900    0.03211  69.0%  32.2   90s
 392908 62241     cutoff   35         0.01900    0.03189  67.9%  32.1   95s
 414944 64886    0.02195   36   52    0.01900    0.03169  66.8%  32.0  100s
 438184 67822 infeasible   35         0.01900    0.03148  65.7%  31.9  105s
 461491 70548    0.03104   32   62    0.01900    0.03129  64.7%  31.8  110s
 480874 72916    0.02089   40   37    0.01900    0.03113  63.9%  31.7  115s
 504502 75499    0.02434   27   55    0.01900    0.03094  62.9%  31.6  120s
 526732 78133    0.02628   37   52    0.01900    0.03077  62.0%  31.5  125s
 550059 80814    0.01918   35   55    0.01900    0.03059  61.1%  31.4  130s
H562278 79309                       0.0194657    0.03051  56.7%  31.3  132s
H562486 79343                       0.0194657    0.03051  56.7%  31.3  132s
H563540 79423                       0.0194657    0.03050  56.7%  31.3  132s
 572014 80335     cutoff   29         0.01947    0.03044  56.4%  31.3  135s
 595258 82389     cutoff   33         0.01947    0.03027  55.5%  31.2  140s
 618691 84522     cutoff   37         0.01947    0.03011  54.7%  31.1  145s
 639115 86221    0.02426   33   46    0.01947    0.02998  54.0%  31.0  150s
 660086 88368    0.02756   37   58    0.01947    0.02985  53.4%  31.0  155s
 684098 90065     cutoff   36         0.01947    0.02971  52.6%  30.9  160s
 707176 92020     cutoff   44         0.01947    0.02958  52.0%  30.8  165s
 731024 94111    0.01989   43   48    0.01947    0.02945  51.3%  30.7  170s
 753522 95879     cutoff   37         0.01947    0.02933  50.7%  30.7  175s
 776448 97963    0.02424   40   46    0.01947    0.02921  50.0%  30.6  180s
H793718 96952                       0.0197382    0.02912  47.5%  30.5  183s
H793978 95139                       0.0199585    0.02912  45.9%  30.5  183s
 797386 95360    0.02384   28   57    0.01996    0.02910  45.8%  30.5  185s
 819005 96840    0.02626   28   55    0.01996    0.02898  45.2%  30.4  190s
 843375 98386    0.02032   36   54    0.01996    0.02886  44.6%  30.3  195s
H845391 98306                       0.0199885    0.02885  44.3%  30.3  195s
H846735 97865                       0.0200518    0.02884  43.8%  30.3  196s
H848142 95832                       0.0202968    0.02884  42.1%  30.3  196s
H856218 96445                       0.0202969    0.02879  41.9%  30.3  198s
H857579 96380                       0.0203089    0.02879  41.7%  30.3  199s
 859992 97006    0.02175   37   57    0.02031    0.02878  41.7%  30.3  200s
 884924 98732    0.02349   29   53    0.02031    0.02867  41.2%  30.2  205s
H897643 99656                       0.0203090    0.02862  40.9%  30.1  207s
 903529 99929    0.02219   39   51    0.02031    0.02859  40.8%  30.1  210s
 928192 101459    0.02228   39   51    0.02031    0.02848  40.2%  30.0  215s
H929846 96689                       0.0207949    0.02847  36.9%  30.0  215s
H930317 96688                       0.0207949    0.02847  36.9%  30.0  215s
 951291 97536    0.02371   39   46    0.02079    0.02836  36.4%  29.9  220s
 976268 98519     cutoff   39         0.02079    0.02823  35.8%  29.8  225s
 1001427 99581    0.02711   38   56    0.02079    0.02813  35.3%  29.7  230s
 1025824 100419    0.02203   35   45    0.02079    0.02802  34.7%  29.6  235s
 1050888 101676     cutoff   34         0.02079    0.02792  34.3%  29.5  240s
 1070806 102662    0.02279   40   51    0.02079    0.02784  33.9%  29.4  245s
 1096300 103852    0.02483   39   55    0.02079    0.02774  33.4%  29.3  250s
 1121366 104597    0.02210   34   56    0.02079    0.02764  32.9%  29.3  255s
 1146238 105549     cutoff   36         0.02079    0.02754  32.4%  29.2  260s
 1171076 106283     cutoff   34         0.02079    0.02744  32.0%  29.1  265s

Cutting planes:
  Implied bound: 22
  MIR: 1
  Flow cover: 13
  RLT: 66
  Relax-and-lift: 1
  BQP: 16

Explored 1175051 nodes (34150597 simplex iterations) in 265.75 seconds (288.07 work units)
Thread count was 4 (of 4 available processors)

Solution count 10: 0.0207949 0.020309 0.0202969 ... 0.017637

Optimization achieved user objective limit
Best objective 2.079492660876e-02, best bound 2.742392915216e-02, gap 31.8780%
{"verdict": "PROVED", "status": "BOUND_REACHED", "runtime": 265.75181007385254, "objval": 0.020794926608762046, "objbound": 0.027423929152164944, "binaries": 54}
