Set parameter NodefileStart to value 6
Read parameters from file gurobi.env
Restricted license - for non-production use only - expires 2027-11-29
Set parameter OutputFlag to value 1
Set parameter Threads to value 4
Set parameter TimeLimit to value 360
Set parameter MIPGap to value 5e-05
Set parameter MIPFocus to value 2
Set parameter NonConvex to value 2
Set parameter BestBdStop to value 2.7426211734693878e-02
Gurobi Optimizer version 13.0.3 build v13.0.3rc0 (linux64 - "Ubuntu 24.04.5 LTS")

CPU model: AMD EPYC 7763 64-Core Processor, instruction set [SSE2|AVX|AVX2]
Thread count: 2 physical cores, 4 logical processors, using up to 4 threads

Non-default parameters:
TimeLimit  360
BestBdStop  2.7426211734693878e-02
MIPGap  5e-05
MIPFocus  2
NodefileStart  6
NonConvex  2
Threads  4

Optimize a model with 141 rows, 111 columns and 810 nonzeros (Max)
Model fingerprint: 0xabd9dfe0
Model has 1 linear objective coefficients
Model has 50 quadratic constraints
Variable types: 65 continuous, 46 integer (46 binary)
Coefficient statistics:
  Matrix range     [5e-01, 1e+00]
  QMatrix range    [1e+00, 1e+00]
  QLMatrix range   [1e+00, 1e+00]
  Objective range  [1e+00, 1e+00]
  Bounds range     [5e-01, 1e+00]
  RHS range        [1e+00, 1e+00]

Found heuristic solution: objective -0.0000000
Presolve time: 0.00s
Presolved: 341 rows, 112 columns, 1210 nonzeros
Presolved model has 50 bilinear constraint(s)

Solving non-convex MIQCP to global optimality

Variable types: 66 continuous, 46 integer (46 binary)
Root relaxation presolve removed 50 rows and 1 columns
Root relaxation presolved: 291 rows, 111 columns, 1160 nonzeros


Root relaxation: objective 8.333333e-02, 108 iterations, 0.00 seconds (0.00 work units)

    Nodes    |    Current Node    |     Objective Bounds      |     Work
 Expl Unexpl |  Obj  Depth IntInf | Incumbent    BestBd   Gap | It/Node Time

     0     0    0.08333    0   56   -0.00000    0.08333      -     -    0s
     0     0    0.07143    0   71   -0.00000    0.07143      -     -    0s
     0     0    0.07143    0   70   -0.00000    0.07143      -     -    0s
     0     0    0.07143    0   57   -0.00000    0.07143      -     -    0s
     0     0    0.07143    0   47   -0.00000    0.07143      -     -    0s
     0     0    0.07143    0   58   -0.00000    0.07143      -     -    0s
     0     0    0.07143    0   62   -0.00000    0.07143      -     -    0s
     0     0    0.07143    0   62   -0.00000    0.07143      -     -    0s
     0     0    0.07143    0   62   -0.00000    0.07143      -     -    0s
H    0     0                       0.0000000    0.07143      -     -    0s
     0     0    0.07143    0   69    0.00000    0.07143      -     -    0s
     0     0    0.07143    0   44    0.00000    0.07143      -     -    0s
     0     0    0.07143    0   44    0.00000    0.07143      -     -    0s
     0     2    0.07143    0   44    0.00000    0.07143      -     -    0s
H  341   354                       0.0000000    0.07143      -  32.4    0s
H  479   466                       0.0000000    0.07143      -  30.8    0s
H 1230  1020                       0.0026339    0.06594  2404%  36.0    2s
H 1303  1018                       0.0053857    0.06594  1124%  36.7    2s
H 1407  1015                       0.0069263    0.06594   852%  35.6    2s
* 1467   987              59       0.0069312    0.06594   851%  34.8    2s
* 1512   949              59       0.0069313    0.06594   851%  34.5    2s
* 1517   908              59       0.0069314    0.06594   851%  34.4    2s
* 1520   869              60       0.0069315    0.06594   851%  34.4    2s
* 1521   834              60       0.0069316    0.06594   851%  34.3    2s
H 1663   819                       0.0072460    0.06594   810%  34.7    2s
H 1684   752                       0.0077027    0.06594   756%  34.9    2s
H 2732  1021                       0.0079554    0.06204   680%  36.4    2s
H 4796  2056                       0.0082494    0.05564   574%  37.2    3s
H 5127  2230                       0.0083308    0.05547   566%  38.0    3s
H 6344  2739                       0.0088275    0.05498   523%  38.5    3s
H 6410  2737                       0.0088430    0.05479   520%  38.5    3s
H 6597  2862                       0.0088434    0.05433   514%  38.6    3s
H 7439  3301                       0.0088462    0.05374   507%  38.9    4s
H 8483  3615                       0.0088517    0.05310   500%  38.9    4s
H 9546  4220                       0.0089036    0.05206   485%  38.9    4s
H 9746  4220                       0.0089036    0.05206   485%  38.9    4s
  9955  4381    0.01658   36   39    0.00890    0.05161   480%  38.9    5s
H17416  7660                       0.0089036    0.04861   446%  40.0    7s
 25092 10812    0.01112   37   50    0.00890    0.04667   424%  40.3   10s
 43924 17965     cutoff   37         0.00890    0.04383   392%  39.9   15s
H48815 12934                       0.0184862    0.04330   134%  39.7   16s
H49076 12925                       0.0184862    0.04325   134%  39.7   16s
 62045 15125     cutoff   32         0.01849    0.04163   125%  38.9   20s
 80460 17913    0.02616   31   51    0.01849    0.03993   116%  38.0   25s
 101718 20776    0.02955   34   52    0.01849    0.03841   108%  37.4   30s
 121884 23334    0.02086   34   51    0.01849    0.03705   100%  37.0   35s
 142339 25286     cutoff   32         0.01849    0.03592  94.3%  36.7   40s
 163512 26936    0.02254   30   58    0.01849    0.03486  88.6%  36.3   45s
 182676 28127    0.02616   28   56    0.01849    0.03401  84.0%  36.1   50s
 203480 29237    0.02526   33   55    0.01849    0.03319  79.6%  35.9   55s
 224588 30251    0.02266   34   56    0.01849    0.03243  75.4%  35.7   60s
 245931 30938    0.03116   31   58    0.01849    0.03166  71.3%  35.5   65s
 266802 31406    0.02939   32   56    0.01849    0.03097  67.5%  35.3   70s
 288186 31627    0.02094   31   57    0.01849    0.03028  63.8%  35.1   75s
H297743 30617                       0.0188987    0.02998  58.6%  35.0   77s
H299094 29433                       0.0194450    0.02994  54.0%  35.0   78s
H299100 29153                       0.0195623    0.02994  53.1%  35.0   78s
 304013 28921    0.02840   34   53    0.01956    0.02976  52.1%  35.0   80s
 325531 27930    0.02387   29   56    0.01956    0.02899  48.2%  34.8   85s
 346666 26464    0.02261   35   51    0.01956    0.02822  44.3%  34.5   90s
H358481 25265                       0.0196576    0.02777  41.2%  34.4   92s
H358789 25265                       0.0196576    0.02775  41.2%  34.4   92s
 364154 24777     cutoff   38         0.01966    0.02755  40.1%  34.3   95s

Cutting planes:
  Gomory: 15
  Implied bound: 13
  MIR: 2
  Flow cover: 25
  RLT: 87
  Relax-and-lift: 12
  BQP: 15

Explored 367650 nodes (12614939 simplex iterations) in 95.78 seconds (103.76 work units)
Thread count was 4 (of 4 available processors)

Solution count 10: 0.0196576 0.0195623 0.019445 ... 0.00884337

Optimization achieved user objective limit
Best objective 1.965764435873e-02, best bound 2.741296372551e-02, gap 39.4519%
{"verdict": "PROVED", "status": "BOUND_REACHED", "runtime": 95.78413105010986, "objval": 0.019657644358729708, "objbound": 0.027412963725514317, "binaries": 46}
