Set parameter NodefileStart to value 6
Read parameters from file gurobi.env
Restricted license - for non-production use only - expires 2027-11-29
Set parameter OutputFlag to value 1
Set parameter Threads to value 4
Set parameter TimeLimit to value 360
Set parameter MIPGap to value 5e-05
Set parameter MIPFocus to value 2
Set parameter NonConvex to value 2
Set parameter BestBdStop to value 2.7426211734693878e-02
Gurobi Optimizer version 13.0.3 build v13.0.3rc0 (linux64 - "Ubuntu 24.04.5 LTS")

CPU model: AMD EPYC 7763 64-Core Processor, instruction set [SSE2|AVX|AVX2]
Thread count: 2 physical cores, 4 logical processors, using up to 4 threads

Non-default parameters:
TimeLimit  360
BestBdStop  2.7426211734693878e-02
MIPGap  5e-05
MIPFocus  2
NodefileStart  6
NonConvex  2
Threads  4

Optimize a model with 141 rows, 111 columns and 810 nonzeros (Max)
Model fingerprint: 0x9adb16d6
Model has 1 linear objective coefficients
Model has 50 quadratic constraints
Variable types: 65 continuous, 46 integer (46 binary)
Coefficient statistics:
  Matrix range     [5e-01, 1e+00]
  QMatrix range    [1e+00, 1e+00]
  QLMatrix range   [1e+00, 1e+00]
  Objective range  [1e+00, 1e+00]
  Bounds range     [5e-01, 1e+00]
  RHS range        [1e+00, 1e+00]

Found heuristic solution: objective -0.0000000
Presolve time: 0.00s
Presolved: 341 rows, 112 columns, 1210 nonzeros
Presolved model has 50 bilinear constraint(s)

Solving non-convex MIQCP to global optimality

Variable types: 66 continuous, 46 integer (46 binary)
Root relaxation presolve removed 50 rows and 1 columns
Root relaxation presolved: 291 rows, 111 columns, 1160 nonzeros


Root relaxation: objective 1.250000e-01, 117 iterations, 0.00 seconds (0.00 work units)

    Nodes    |    Current Node    |     Objective Bounds      |     Work
 Expl Unexpl |  Obj  Depth IntInf | Incumbent    BestBd   Gap | It/Node Time

     0     0    0.12500    0   50   -0.00000    0.12500      -     -    0s
H    0     0                       0.0000000    0.12500      -     -    0s
     0     0    0.10000    0   49    0.00000    0.10000      -     -    0s
     0     0    0.10000    0   50    0.00000    0.10000      -     -    0s
     0     0    0.10000    0   47    0.00000    0.10000      -     -    0s
     0     0    0.10000    0   45    0.00000    0.10000      -     -    0s
     0     0    0.10000    0   45    0.00000    0.10000      -     -    0s
     0     0    0.10000    0   54    0.00000    0.10000      -     -    0s
     0     0    0.10000    0   43    0.00000    0.10000      -     -    0s
     0     0    0.10000    0   43    0.00000    0.10000      -     -    0s
     0     0    0.10000    0   48    0.00000    0.10000      -     -    0s
     0     0    0.10000    0   50    0.00000    0.10000      -     -    0s
     0     0    0.10000    0   50    0.00000    0.10000      -     -    0s
     0     2    0.10000    0   50    0.00000    0.10000      -     -    0s
H  239   284                       0.0000002    0.10000      -  22.1    0s
H  868   804                       0.0000005    0.10000      -  20.2    0s
H 1166   981                       0.0000006    0.07132      -  20.5    1s
H 1172   935                       0.0000010    0.05616      -  20.4    1s
H 2128  1317                       0.0000010    0.05266      -  23.8    2s
H 3192  1788                       0.0000011    0.05266      -  25.6    2s
 12122  8434    0.01687   33   60    0.00000    0.05266      -  22.0    5s
*17057 11663              71       0.0000013    0.05266      -  22.6    6s
 29311 19936    0.05114   23   57    0.00000    0.05238      -  23.3   10s
 49736 32936    0.00026   56   49    0.00000    0.04786      -  23.9   15s
 70662 46830    0.00435   43   49    0.00000    0.04632      -  23.9   20s
*82497 24270             103       0.0016429    0.04571  2682%  23.7   23s
*82514 23726             112       0.0018371    0.04571  2388%  23.7   23s
*82528 23477             119       0.0019263    0.04571  2273%  23.7   23s
*82534 23477             119       0.0019265    0.04571  2273%  23.7   23s
*82546 23477             121       0.0019265    0.04571  2273%  23.7   23s
H82706 23295                       0.0019273    0.04567  2270%  23.7   23s
H82897 22771                       0.0021695    0.04565  2004%  23.7   23s
H83073 22929                       0.0021695    0.04565  2004%  23.7   23s
H84191 23415                       0.0021712    0.04546  1994%  23.8   24s
H84505 23588                       0.0021712    0.04545  1993%  23.8   24s
H85942 23850                       0.0022541    0.04530  1910%  23.9   24s
H86348 24062                       0.0022541    0.04525  1907%  24.0   24s
 86606 24212     cutoff   37         0.00225    0.04520  1905%  24.0   25s
H87514 24126                       0.0023810    0.04515  1796%  24.0   25s
H88924 24635                       0.0024508    0.04505  1738%  24.1   25s
H88978 24819                       0.0024508    0.04505  1738%  24.1   26s
H98632 28927                       0.0026140    0.04407  1586%  24.8   28s
H98687 29129                       0.0026140    0.04407  1586%  24.8   28s
 103749 31531    0.00434   44   50    0.00261    0.04363  1569%  25.0   30s
H113173 35297                       0.0027554    0.04301  1461%  25.5   32s
H113174 35250                       0.0027671    0.04301  1454%  25.5   32s
 121074 39092     cutoff   45         0.00277    0.04273  1444%  25.9   35s
 140497 48156    0.02803   29   51    0.00277    0.04185  1413%  26.6   40s
 157563 55726    0.02205   37   41    0.00277    0.04115  1387%  27.3   45s
 176119 64140    0.02762   32   50    0.00277    0.04047  1363%  27.8   50s
 192702 71429    0.02545   38   50    0.00277    0.03986  1341%  28.3   55s
 209593 78706    0.03724   35   63    0.00277    0.03933  1321%  28.8   60s
 228953 86936    0.01308   37   50    0.00277    0.03873  1300%  29.5   65s
H235562 89532                       0.0027673    0.03856  1293%  29.6   66s
 245296 93920     cutoff   39         0.00277    0.03832  1285%  29.9   70s
 264170 101219    0.00316   51   50    0.00277    0.03779  1265%  30.3   75s
H269389 103562                       0.0027673    0.03768  1261%  30.5   76s
 280689 108379    0.00308   37   53    0.00277    0.03741  1252%  30.8   80s
 300282 115945    0.00476   39   50    0.00277    0.03709  1240%  31.2   85s
H319067 124525                       0.0027673    0.03681  1230%  31.6   89s
 319181 124528     cutoff   47         0.00277    0.03681  1230%  31.6   90s
H320487 124447                       0.0028309    0.03680  1200%  31.6   91s
H321052 124799                       0.0028309    0.03678  1199%  31.6   91s
H326312 126790                       0.0028309    0.03669  1196%  31.7   93s
H327628 126974                       0.0028427    0.03666  1189%  31.7   93s
H327841 127067                       0.0028427    0.03666  1189%  31.7   94s
 329426 127773     cutoff   36         0.00284    0.03664  1189%  31.8   95s
H331914 128772                       0.0028427    0.03659  1187%  31.8   95s
H339810 131679                       0.0028430    0.03644  1182%  32.0   97s
H342216 132049                       0.0028944    0.03640  1158%  32.0   98s
H342298 131788                       0.0029188    0.03640  1147%  32.0   98s
H342506 132003                       0.0029188    0.03639  1147%  32.0   98s
H342895 131645                       0.0029705    0.03638  1125%  32.0   98s
 348245 133710    0.01897   35   50    0.00297    0.03629  1122%  32.1  100s
H349607 134209                       0.0029709    0.03628  1121%  32.2  100s
H356325 136675                       0.0029714    0.03615  1117%  32.3  102s
H358062 134919                       0.0031900    0.03612  1032%  32.3  102s
H358116 135155                       0.0031900    0.03612  1032%  32.3  102s
 366186 138555     cutoff   45         0.00319    0.03600  1029%  32.5  105s
H368644 134122                       0.0036898    0.03597   875%  32.5  105s
H369478 134614                       0.0036898    0.03595   874%  32.5  106s
H375032 136454                       0.0036898    0.03583   871%  32.6  107s
H383586 137209                       0.0038824    0.03567   819%  32.8  110s
H383968 137329                       0.0038824    0.03565   818%  32.8  110s
 402655 143824    0.00440   44   50    0.00388    0.03528   809%  33.0  115s
H407382 141012                       0.0042572    0.03520   727%  33.0  116s
H407446 141054                       0.0042572    0.03520   727%  33.0  116s
H408115 141348                       0.0042575    0.03519   727%  33.0  116s
H421212 146023                       0.0042577    0.03501   722%  33.2  119s
 421319 146227    0.02068   32   44    0.00426    0.03500   722%  33.2  120s
 439498 152323    0.03155   30   55    0.00426    0.03472   715%  33.4  125s
 458874 158407     cutoff   37         0.00426    0.03440   708%  33.6  130s
 476411 164851    0.02426   36   51    0.00426    0.03417   703%  33.8  135s
 496235 171537     cutoff   42         0.00426    0.03392   697%  34.0  140s
 515598 178330    0.00577   41   53    0.00426    0.03366   691%  34.2  145s
 535218 185003    0.00643   37   45    0.00426    0.03342   685%  34.3  150s
 555123 191902    0.00448   42   53    0.00426    0.03318   679%  34.5  155s
 575184 198798     cutoff   36         0.00426    0.03294   674%  34.6  160s
 592674 204572    0.02732   35   52    0.00426    0.03275   669%  34.7  165s
 609409 210447    0.01040   38   45    0.00426    0.03257   665%  34.8  170s
 629384 216881     cutoff   45         0.00426    0.03234   660%  34.9  175s
 648947 223417    0.00759   41   44    0.00426    0.03213   655%  35.0  180s
 668302 229578    0.01598   40   44    0.00426    0.03194   650%  35.1  185s
 688233 236035    0.00816   41   51    0.00426    0.03174   646%  35.2  190s
 708679 242539    0.01364   39   51    0.00426    0.03155   641%  35.3  195s
 728919 249162    0.02044   31   52    0.00426    0.03137   637%  35.3  200s
 749021 255429    0.00940   39   50    0.00426    0.03120   633%  35.4  205s
 765480 260674 infeasible   43         0.00426    0.03108   630%  35.5  210s
 784986 267200    0.02006   38   50    0.00426    0.03094   627%  35.5  215s
H790846 266074                       0.0044107    0.03089   600%  35.5  216s
H791045 266182                       0.0044107    0.03088   600%  35.5  216s
 804609 270684    0.00924   39   52    0.00441    0.03078   598%  35.6  220s
 825182 277272     cutoff   25         0.00441    0.03062   594%  35.6  225s
 843633 282958    0.01258   38   51    0.00441    0.03048   591%  35.6  230s
H848734 284273                       0.0044107    0.03044   590%  35.7  231s
 859336 287855    0.01143   27   50    0.00441    0.03037   588%  35.7  235s
 877500 293599     cutoff   36         0.00441    0.03024   586%  35.7  240s
 896138 299441     cutoff   40         0.00441    0.03010   582%  35.8  245s
 912409 304629    0.00542   43   44    0.00441    0.02997   580%  35.8  250s
H923269 308047                       0.0044107    0.02990   578%  35.8  252s
H923756 307486                       0.0044375    0.02990   574%  35.8  253s
H925145 301016                       0.0047711    0.02989   526%  35.9  253s
H925219 301126                       0.0047711    0.02989   526%  35.9  253s
 928460 302139     cutoff   42         0.00477    0.02987   526%  35.9  255s
H931511 303041                       0.0047711    0.02985   526%  35.9  255s
H931897 303198                       0.0047712    0.02984   525%  35.9  255s
H933274 302243                       0.0048260    0.02984   518%  35.9  256s
H933278 301732                       0.0048505    0.02984   515%  35.9  256s
H933330 301885                       0.0048505    0.02984   515%  35.9  256s
H934589 302930                       0.0048705    0.02983   512%  35.9  258s
H938590 302671                       0.0048824    0.02981   510%  35.9  258s
H938592 302623                       0.0048847    0.02981   510%  35.9  258s
H939752 302942                       0.0048850    0.02980   510%  35.9  259s
 941116 303377     cutoff   39         0.00489    0.02980   510%  35.9  260s
H947057 304976                       0.0048854    0.02975   509%  35.9  261s
H948389 305326                       0.0048857    0.02974   509%  35.9  262s
 955975 307656     cutoff   44         0.00489    0.02969   508%  35.9  265s
H975092 313652                       0.0048858    0.02958   505%  35.9  269s
 976193 313948    0.00791   39   37    0.00489    0.02957   505%  35.9  270s
H976402 314037                       0.0048858    0.02957   505%  35.9  270s
H977568 304718                       0.0053420    0.02957   453%  35.9  270s
H978983 305028                       0.0053446    0.02956   453%  35.9  271s
H978986 305025                       0.0053448    0.02956   453%  35.9  271s
 992346 309099    0.01326   35   50    0.00534    0.02947   451%  36.0  275s
 1009413 313737    0.00992   44   46    0.00534    0.02934   449%  36.0  280s
 1027267 318982     cutoff   41         0.00534    0.02923   447%  36.0  285s
 1046889 324411    0.01106   41   51    0.00534    0.02911   445%  36.0  290s
 1066761 329805    0.00926   43   52    0.00534    0.02899   442%  36.1  295s
 1087369 335659    0.02706   35   50    0.00534    0.02885   440%  36.1  300s
 1108167 341753    0.00613   42   51    0.00534    0.02873   438%  36.1  305s
H1119138 344752                       0.0053449    0.02867   436%  36.1  307s
 1127507 347034    0.00544   43   50    0.00534    0.02862   435%  36.1  310s
 1148187 352706    0.00834   43   55    0.00534    0.02850   433%  36.1  315s
 1163791 356808     cutoff   45         0.00534    0.02842   432%  36.1  320s
 1184670 362783    0.00576   40   50    0.00534    0.02830   429%  36.1  325s
 1204747 368304     cutoff   44         0.00534    0.02819   427%  36.1  330s
 1224497 373651    0.02154   35   52    0.00534    0.02807   425%  36.2  335s
H1230250 375060                       0.0053450    0.02804   425%  36.2  336s
 1244459 378968    0.01982   32   52    0.00535    0.02797   423%  36.2  340s
 1264766 384548    0.01320   40   43    0.00535    0.02786   421%  36.2  345s
 1285289 390176    0.00954   44   51    0.00535    0.02776   419%  36.2  350s
 1305691 395915    0.00669   42   51    0.00535    0.02765   417%  36.2  355s
 1322767 400195    0.00565   42   51    0.00535    0.02757   416%  36.2  360s

Cutting planes:
  Gomory: 13
  Implied bound: 5
  Flow cover: 13
  RLT: 62
  Relax-and-lift: 2
  BQP: 21

Explored 1322920 nodes (47928873 simplex iterations) in 360.01 seconds (387.73 work units)
Thread count was 4 (of 4 available processors)

Solution count 10: 0.005345 0.00534486 0.00534198 ... 0.0048505

Time limit reached
Best objective 5.345002239854e-03, best bound 2.757316882266e-02, gap 415.8682%
{"verdict": "UNRESOLVED", "status": "TIME_LIMIT", "runtime": 360.00824213027954, "objval": 0.0053450022398542005, "objbound": 0.027573168822657583, "binaries": 46}
