Set parameter NodefileStart to value 6
Read parameters from file gurobi.env
Restricted license - for non-production use only - expires 2027-11-29
Set parameter OutputFlag to value 1
Set parameter Threads to value 4
Set parameter TimeLimit to value 360
Set parameter MIPGap to value 5e-05
Set parameter MIPFocus to value 2
Set parameter NonConvex to value 2
Set parameter BestBdStop to value 2.7426211734693878e-02
Gurobi Optimizer version 13.0.3 build v13.0.3rc0 (linux64 - "Ubuntu 24.04.5 LTS")

CPU model: INTEL(R) XEON(R) PLATINUM 8573C, instruction set [SSE2|AVX|AVX2|AVX512]
Thread count: 2 physical cores, 4 logical processors, using up to 4 threads

Non-default parameters:
TimeLimit  360
BestBdStop  2.7426211734693878e-02
MIPGap  5e-05
MIPFocus  2
NodefileStart  6
NonConvex  2
Threads  4

Optimize a model with 125 rows, 95 columns and 686 nonzeros (Max)
Model fingerprint: 0x81d91523
Model has 1 linear objective coefficients
Model has 50 quadratic constraints
Variable types: 65 continuous, 30 integer (30 binary)
Coefficient statistics:
  Matrix range     [5e-01, 1e+00]
  QMatrix range    [1e+00, 1e+00]
  QLMatrix range   [1e+00, 1e+00]
  Objective range  [1e+00, 1e+00]
  Bounds range     [5e-01, 1e+00]
  RHS range        [1e+00, 1e+00]

Found heuristic solution: objective -0.0000000
Presolve time: 0.00s
Presolved: 325 rows, 96 columns, 1086 nonzeros
Presolved model has 50 bilinear constraint(s)

Solving non-convex MIQCP to global optimality

Variable types: 66 continuous, 30 integer (30 binary)
Root relaxation presolve removed 50 rows and 1 columns
Root relaxation presolved: 275 rows, 95 columns, 1036 nonzeros


Root relaxation: objective 6.250000e-02, 119 iterations, 0.00 seconds (0.00 work units)

    Nodes    |    Current Node    |     Objective Bounds      |     Work
 Expl Unexpl |  Obj  Depth IntInf | Incumbent    BestBd   Gap | It/Node Time

     0     0    0.06250    0   39   -0.00000    0.06250      -     -    0s
     0     0    0.05714    0   52   -0.00000    0.05714      -     -    0s
     0     0    0.04839    0   54   -0.00000    0.04839      -     -    0s
     0     0    0.04464    0   51   -0.00000    0.04464      -     -    0s
     0     0    0.04167    0   47   -0.00000    0.04167      -     -    0s
     0     0    0.04167    0   49   -0.00000    0.04167      -     -    0s
     0     0    0.04167    0   45   -0.00000    0.04167      -     -    0s
     0     0    0.03492    0   45   -0.00000    0.03492      -     -    0s
     0     2    0.03492    0   45   -0.00000    0.03492      -     -    0s
*  719   660              79       0.0000001    0.03492      -  27.6    0s
H 1033   866                       0.0000001    0.03492      -  26.8    0s
H 1080   924                       0.0000002    0.03492      -  27.2    0s
H 1843  1239                       0.0000004    0.02847      -  28.3    1s

Cutting planes:
  RLT: 28
  BQP: 6

Explored 2164 nodes (62696 simplex iterations) in 1.63 seconds (1.16 work units)
Thread count was 4 (of 4 available processors)

Solution count 5: 3.89521e-07 2.10116e-07 1.20641e-07 ... -0

Optimization achieved user objective limit
Best objective 3.895206478529e-07, best bound 2.491184490308e-02, gap -
{"verdict": "PROVED", "status": "BOUND_REACHED", "runtime": 1.6312451362609863, "objval": 3.8952064785290074e-07, "objbound": 0.024911844903079988, "binaries": 30}
