Set parameter NodefileStart to value 6
Read parameters from file gurobi.env
Restricted license - for non-production use only - expires 2027-11-29
Set parameter OutputFlag to value 1
Set parameter Threads to value 4
Set parameter TimeLimit to value 360
Set parameter MIPGap to value 5e-05
Set parameter MIPFocus to value 2
Set parameter NonConvex to value 2
Set parameter BestBdStop to value 2.7426211734693878e-02
Gurobi Optimizer version 13.0.3 build v13.0.3rc0 (linux64 - "Ubuntu 24.04.5 LTS")

CPU model: AMD EPYC 7763 64-Core Processor, instruction set [SSE2|AVX|AVX2]
Thread count: 2 physical cores, 4 logical processors, using up to 4 threads

Non-default parameters:
TimeLimit  360
BestBdStop  2.7426211734693878e-02
MIPGap  5e-05
MIPFocus  2
NodefileStart  6
NonConvex  2
Threads  4

Optimize a model with 145 rows, 115 columns and 846 nonzeros (Max)
Model fingerprint: 0xb776734a
Model has 1 linear objective coefficients
Model has 50 quadratic constraints
Variable types: 65 continuous, 50 integer (50 binary)
Coefficient statistics:
  Matrix range     [5e-01, 1e+00]
  QMatrix range    [1e+00, 1e+00]
  QLMatrix range   [1e+00, 1e+00]
  Objective range  [1e+00, 1e+00]
  Bounds range     [5e-01, 1e+00]
  RHS range        [1e+00, 1e+00]

Found heuristic solution: objective -0.0000000
Presolve time: 0.00s
Presolved: 345 rows, 116 columns, 1246 nonzeros
Presolved model has 50 bilinear constraint(s)

Solving non-convex MIQCP to global optimality

Variable types: 66 continuous, 50 integer (50 binary)
Found heuristic solution: objective 0.0000000
Root relaxation presolve removed 50 rows and 1 columns
Root relaxation presolved: 295 rows, 115 columns, 1196 nonzeros


Root relaxation: objective 8.333333e-02, 108 iterations, 0.00 seconds (0.00 work units)

    Nodes    |    Current Node    |     Objective Bounds      |     Work
 Expl Unexpl |  Obj  Depth IntInf | Incumbent    BestBd   Gap | It/Node Time

     0     0    0.08333    0   49    0.00000    0.08333      -     -    0s
     0     0    0.07407    0   61    0.00000    0.07407      -     -    0s
     0     0    0.06250    0   56    0.00000    0.06250      -     -    0s
     0     0    0.06250    0   56    0.00000    0.06250      -     -    0s
     0     0    0.06250    0   51    0.00000    0.06250      -     -    0s
     0     0    0.06250    0   44    0.00000    0.06250      -     -    0s
     0     0    0.06250    0   54    0.00000    0.06250      -     -    0s
     0     0    0.06250    0   54    0.00000    0.06250      -     -    0s
     0     0    0.06250    0   54    0.00000    0.06250      -     -    0s
     0     2    0.06250    0   54    0.00000    0.06250      -     -    0s
H  106   112                       0.0000001    0.05752      -  18.1    0s
*  634   594              91       0.0000002    0.05752      -  15.4    0s
*  635   594              91       0.0000002    0.05752      -  15.4    0s
H  785   751                       0.0000002    0.05752      -  15.9    0s
H 1285  1056                       0.0000003    0.05752      -  16.6    1s
* 1840  1263              91       0.0000094    0.05040      -  17.9    1s
* 1999  1128              90       0.0000998    0.04593      -  17.8    1s
* 2002  1047              91       0.0001471    0.04593      -  17.7    1s
H 2015   935                       0.0015894    0.04593  2790%  17.7    1s
H 3026  1152                       0.0019829    0.03853  1843%  21.7    1s
H 3027  1111                       0.0020176    0.03853  1810%  21.6    1s
H 4780  1704                       0.0020178    0.03412  1591%  25.3    2s
H 5166  1859                       0.0020320    0.03412  1579%  26.0    2s
H 7412  2932                       0.0020764    0.03166  1425%  28.6    3s
H 8377  3383                       0.0020900    0.03036  1353%  29.5    3s
 12695  5630    0.00505   34   58    0.00209    0.02920  1297%  32.9    5s
H20958  9158                       0.0026201    0.02800   969%  35.5    7s
H21042  9116                       0.0026201    0.02800   969%  35.4    7s

Cutting planes:
  Gomory: 14
  Implied bound: 19
  MIR: 2
  Flow cover: 4
  RLT: 59
  Relax-and-lift: 2
  BQP: 12

Explored 25810 nodes (945570 simplex iterations) in 9.34 seconds (9.01 work units)
Thread count was 4 (of 4 available processors)

Solution count 10: 0.00262014 0.00209001 0.00207644 ... 9.38601e-06

Optimization achieved user objective limit
Best objective 2.620144731415e-03, best bound 2.739130654008e-02, gap 945.4120%
{"verdict": "PROVED", "status": "BOUND_REACHED", "runtime": 9.338796854019165, "objval": 0.002620144731415026, "objbound": 0.027391306540084228, "binaries": 50}
