Set parameter NodefileStart to value 6
Read parameters from file gurobi.env
Restricted license - for non-production use only - expires 2027-11-29
Set parameter OutputFlag to value 1
Set parameter Threads to value 4
Set parameter TimeLimit to value 360
Set parameter MIPGap to value 5e-05
Set parameter MIPFocus to value 2
Set parameter NonConvex to value 2
Set parameter BestBdStop to value 2.7426211734693878e-02
Gurobi Optimizer version 13.0.3 build v13.0.3rc0 (linux64 - "Ubuntu 24.04.5 LTS")

CPU model: AMD EPYC 9V74 80-Core Processor, instruction set [SSE2|AVX|AVX2]
Thread count: 2 physical cores, 4 logical processors, using up to 4 threads

Non-default parameters:
TimeLimit  360
BestBdStop  2.7426211734693878e-02
MIPGap  5e-05
MIPFocus  2
NodefileStart  6
NonConvex  2
Threads  4

Optimize a model with 149 rows, 119 columns and 871 nonzeros (Max)
Model fingerprint: 0xb639bbe6
Model has 1 linear objective coefficients
Model has 50 quadratic constraints
Variable types: 65 continuous, 54 integer (54 binary)
Coefficient statistics:
  Matrix range     [5e-01, 1e+00]
  QMatrix range    [1e+00, 1e+00]
  QLMatrix range   [1e+00, 1e+00]
  Objective range  [1e+00, 1e+00]
  Bounds range     [5e-01, 1e+00]
  RHS range        [1e+00, 1e+00]

Found heuristic solution: objective -0.0000000
Presolve time: 0.00s
Presolved: 349 rows, 120 columns, 1271 nonzeros
Presolved model has 50 bilinear constraint(s)

Solving non-convex MIQCP to global optimality

Variable types: 66 continuous, 54 integer (54 binary)
Root relaxation presolve removed 50 rows and 1 columns
Root relaxation presolved: 299 rows, 119 columns, 1221 nonzeros


Root relaxation: objective 8.333333e-02, 99 iterations, 0.00 seconds (0.00 work units)

    Nodes    |    Current Node    |     Objective Bounds      |     Work
 Expl Unexpl |  Obj  Depth IntInf | Incumbent    BestBd   Gap | It/Node Time

     0     0    0.08333    0   50   -0.00000    0.08333      -     -    0s
     0     0    0.08333    0   49   -0.00000    0.08333      -     -    0s
     0     0    0.08333    0   60   -0.00000    0.08333      -     -    0s
     0     0    0.08333    0   65   -0.00000    0.08333      -     -    0s
     0     0    0.08333    0   37   -0.00000    0.08333      -     -    0s
H    0     0                       0.0000002    0.08333      -     -    0s
H    0     0                       0.0000004    0.08333      -     -    0s
     0     0    0.08333    0   43    0.00000    0.08333      -     -    0s
     0     0    0.08333    0   48    0.00000    0.08333      -     -    0s
     0     0    0.08333    0   45    0.00000    0.08333      -     -    0s
     0     0    0.08333    0   43    0.00000    0.08333      -     -    0s
     0     0    0.08333    0   43    0.00000    0.08333      -     -    0s
H    0     0                       0.0030673    0.08333  2617%     -    0s
H    0     0                       0.0035566    0.08333  2243%     -    0s
H    0     0                       0.0036864    0.08333  2161%     -    0s
H    0     0                       0.0039318    0.08333  2019%     -    0s
     0     2    0.08333    0   86    0.00393    0.08333  2019%     -    0s
H  645   629                       0.0039538    0.08333  2008%  31.5    1s
H 1104   976                       0.0039935    0.08333  1987%  32.6    1s
* 1726  1241              96       0.0056950    0.05019   781%  32.5    2s
* 1801  1105             101       0.0097628    0.05019   414%  32.4    2s
* 1804  1057             102       0.0097714    0.05019   414%  32.3    2s
* 1811  1000             105       0.0100121    0.05019   401%  32.2    2s
* 1813   947             106       0.0100458    0.05019   400%  32.2    2s
* 1817   905             108       0.0100459    0.05019   400%  32.1    2s
* 1820   868             109       0.0100460    0.05019   400%  32.1    2s
H 1976   832                       0.0100461    0.05019   400%  33.7    2s
H 2776   906                       0.0112426    0.05019   346%  39.0    3s
H 3839  1252                       0.0112534    0.04845   331%  39.0    3s
H 3853  1351                       0.0112534    0.04845   331%  39.1    3s
H 3978  1369                       0.0115105    0.04845   321%  39.1    3s
H 4224  1252                       0.0142210    0.04845   241%  38.6    3s
H 4261  1327                       0.0142210    0.04845   241%  38.3    3s
H 4442  1402                       0.0142210    0.04836   240%  38.3    4s
H 5605  1851                       0.0142210    0.04686   230%  38.2    4s
H 5896  1991                       0.0142210    0.04686   230%  38.2    4s
  6995  2381    0.03234   30   62    0.01422    0.04635   226%  38.6    5s
H13239  4608                       0.0142210    0.04451   213%  40.0    7s
H19860  6791                       0.0142211    0.04236   198%  41.0    9s
 19892  6848    0.02063   34   54    0.01422    0.04236   198%  41.1   10s
 33513 10944    0.03120   26   64    0.01422    0.04092   188%  42.5   15s
 48911 15396    0.02913   33   57    0.01422    0.03952   178%  42.2   20s
H59879 16146                       0.0173282    0.03881   124%  42.5   23s
 65943 17691    0.02194   28   63    0.01733    0.03855   122%  42.1   25s
 82382 22618    0.03425   29   65    0.01733    0.03797   119%  40.9   30s
 99590 27492    0.01754   37   52    0.01733    0.03755   117%  40.7   35s
 118333 32082     cutoff   33         0.01733    0.03715   114%  40.4   40s
 136908 36766    0.02072   37   59    0.01733    0.03686   113%  40.0   45s
 155895 40905    0.02422   37   57    0.01733    0.03653   111%  39.5   50s
 170490 44569    0.01764   35   56    0.01733    0.03637   110%  39.2   55s
 189434 49203    0.03113   35   61    0.01733    0.03615   109%  39.0   60s
 208267 53842     cutoff   44         0.01733    0.03595   107%  38.7   65s
H219950 50851                       0.0194818    0.03584  84.0%  38.6   68s
 225031 51767    0.02852   34   58    0.01948    0.03575  83.5%  38.5   70s
 243993 55022    0.02147   37   55    0.01948    0.03554  82.4%  38.3   75s
 263544 58716     cutoff   31         0.01948    0.03534  81.4%  38.0   80s
 283003 62540    0.02067   31   57    0.01948    0.03522  80.8%  37.8   85s
 302363 65992     cutoff   35         0.01948    0.03507  80.0%  37.6   90s
 321456 69087     cutoff   39         0.01948    0.03491  79.2%  37.4   95s
 336974 71654     cutoff   34         0.01948    0.03484  78.8%  37.3  100s
H338793 71883                       0.0194818    0.03483  78.8%  37.3  100s
H339028 71969                       0.0194818    0.03483  78.8%  37.3  100s
 353402 74463    0.02197   37   58    0.01948    0.03475  78.4%  37.3  105s
 372398 77692    0.02654   35   53    0.01948    0.03464  77.8%  37.2  110s
 390965 80741    0.02833   32   58    0.01948    0.03455  77.4%  37.1  115s
 408103 83226    0.03338   32   55    0.01948    0.03445  76.8%  37.0  120s
 426305 86111    0.01949   50   45    0.01948    0.03433  76.2%  36.9  125s
 445513 88927     cutoff   38         0.01948    0.03421  75.6%  36.8  130s
 464306 92109    0.02460   24   57    0.01948    0.03411  75.1%  36.8  135s
 482857 95121    0.03331   32   55    0.01948    0.03402  74.6%  36.7  140s
 498173 97396    0.03395   34   58    0.01948    0.03396  74.3%  36.7  145s
 516938 99989    0.02651   36   39    0.01948    0.03386  73.8%  36.6  150s
 536309 103200     cutoff   37         0.01948    0.03376  73.3%  36.6  155s
 554630 105995    0.02941   30   63    0.01948    0.03367  72.8%  36.5  160s
 573732 108742     cutoff   37         0.01948    0.03360  72.5%  36.5  165s
 592883 111602     cutoff   37         0.01948    0.03352  72.1%  36.4  170s
 610920 114185     cutoff   40         0.01948    0.03345  71.7%  36.4  175s
 630384 117128     cutoff   35         0.01948    0.03338  71.3%  36.4  180s
 649233 119539    0.03325   35   57    0.01948    0.03331  71.0%  36.4  185s
 668234 122443    0.02469   33   54    0.01948    0.03324  70.6%  36.3  190s
 683533 124681     cutoff   40         0.01948    0.03318  70.3%  36.3  195s
 701800 127742    0.02089   41   58    0.01948    0.03313  70.1%  36.3  200s
 721129 130171     cutoff   26         0.01948    0.03305  69.7%  36.3  205s
 740217 132892     cutoff   42         0.01948    0.03299  69.3%  36.2  210s
 759298 135457    0.02209   36   55    0.01948    0.03291  68.9%  36.2  215s
 778455 137917    0.02182   35   67    0.01948    0.03284  68.6%  36.2  220s
 797057 140393    0.02689   32   65    0.01948    0.03277  68.2%  36.1  225s
 816481 143087    0.02692   28   58    0.01948    0.03269  67.8%  36.1  230s
 835219 146247     cutoff   40         0.01948    0.03263  67.5%  36.1  235s
 849131 148128    0.02318   35   58    0.01948    0.03259  67.3%  36.0  240s
 868063 150673    0.02699   30   45    0.01948    0.03253  67.0%  36.0  245s
 887623 153482    0.02105   39   59    0.01948    0.03247  66.7%  36.0  250s
 907116 156047    0.02197   42   46    0.01948    0.03242  66.4%  35.9  255s
 926031 158340     cutoff   35         0.01948    0.03236  66.1%  35.9  260s
 944633 161019    0.02870   38   53    0.01948    0.03233  65.9%  35.8  265s
 964028 163489     cutoff   37         0.01948    0.03227  65.6%  35.8  270s
 983252 165784    0.02194   29   51    0.01948    0.03221  65.3%  35.8  275s
 1002080 168057     cutoff   44         0.01948    0.03216  65.1%  35.8  280s
 1016982 169791    0.02050   31   53    0.01948    0.03212  64.9%  35.7  285s
 1035606 172199     cutoff   37         0.01948    0.03208  64.7%  35.7  290s
 1054595 174610    0.02255   39   58    0.01948    0.03204  64.4%  35.7  295s
 1073972 177036    0.02104   38   55    0.01948    0.03199  64.2%  35.6  300s
 1092901 179357 infeasible   39         0.01948    0.03195  64.0%  35.6  305s
 1112385 181694     cutoff   42         0.01948    0.03190  63.8%  35.6  310s
 1131560 183975    0.02173   39   57    0.01948    0.03185  63.5%  35.6  315s
 1151141 186024     cutoff   42         0.01948    0.03180  63.2%  35.5  320s
 1170074 188670     cutoff   38         0.01948    0.03176  63.0%  35.5  325s
 1189019 190887     cutoff   32         0.01948    0.03172  62.8%  35.5  330s
 1208177 193251     cutoff   45         0.01948    0.03167  62.6%  35.4  335s
 1226763 195849     cutoff   39         0.01948    0.03164  62.4%  35.4  340s
 1242342 197506    0.02082   41   54    0.01948    0.03160  62.2%  35.4  345s
 1261828 199817    0.02091   31   47    0.01948    0.03155  62.0%  35.4  350s
 1281745 202069     cutoff   32         0.01948    0.03151  61.8%  35.3  355s
 1298965 204149     cutoff   35         0.01948    0.03147  61.6%  35.3  360s

Cutting planes:
  Gomory: 7
  Implied bound: 26
  MIR: 7
  Flow cover: 47
  RLT: 73
  Relax-and-lift: 9
  BQP: 20

Explored 1298970 nodes (45838999 simplex iterations) in 360.00 seconds (387.66 work units)
Thread count was 4 (of 4 available processors)

Solution count 10: 0.0194818 0.0173282 0.0142211 ... 0.0100458

Time limit reached
Best objective 1.948178323994e-02, best bound 3.147343212332e-02, gap 61.5531%
{"verdict": "UNRESOLVED", "status": "TIME_LIMIT", "runtime": 360.0019459724426, "objval": 0.019481783239938464, "objbound": 0.03147343212331871, "binaries": 54}
