Set parameter NodefileStart to value 6
Read parameters from file gurobi.env
Restricted license - for non-production use only - expires 2027-11-29
Set parameter OutputFlag to value 1
Set parameter Threads to value 4
Set parameter TimeLimit to value 360
Set parameter MIPGap to value 5e-05
Set parameter MIPFocus to value 2
Set parameter NonConvex to value 2
Set parameter BestBdStop to value 2.7426211734693878e-02
Gurobi Optimizer version 13.0.3 build v13.0.3rc0 (linux64 - "Ubuntu 24.04.5 LTS")

CPU model: AMD EPYC 7763 64-Core Processor, instruction set [SSE2|AVX|AVX2]
Thread count: 2 physical cores, 4 logical processors, using up to 4 threads

Non-default parameters:
TimeLimit  360
BestBdStop  2.7426211734693878e-02
MIPGap  5e-05
MIPFocus  2
NodefileStart  6
NonConvex  2
Threads  4

Optimize a model with 149 rows, 119 columns and 871 nonzeros (Max)
Model fingerprint: 0xaff11969
Model has 1 linear objective coefficients
Model has 50 quadratic constraints
Variable types: 65 continuous, 54 integer (54 binary)
Coefficient statistics:
  Matrix range     [5e-01, 1e+00]
  QMatrix range    [1e+00, 1e+00]
  QLMatrix range   [1e+00, 1e+00]
  Objective range  [1e+00, 1e+00]
  Bounds range     [5e-01, 1e+00]
  RHS range        [1e+00, 1e+00]

Found heuristic solution: objective -0.0000000
Presolve time: 0.00s
Presolved: 349 rows, 120 columns, 1271 nonzeros
Presolved model has 50 bilinear constraint(s)

Solving non-convex MIQCP to global optimality

Variable types: 66 continuous, 54 integer (54 binary)
Root relaxation presolve removed 50 rows and 1 columns
Root relaxation presolved: 299 rows, 119 columns, 1221 nonzeros


Root relaxation: objective 8.333333e-02, 112 iterations, 0.00 seconds (0.00 work units)

    Nodes    |    Current Node    |     Objective Bounds      |     Work
 Expl Unexpl |  Obj  Depth IntInf | Incumbent    BestBd   Gap | It/Node Time

     0     0    0.08333    0   50   -0.00000    0.08333      -     -    0s
     0     0    0.08333    0   50   -0.00000    0.08333      -     -    0s
     0     0    0.08333    0   65   -0.00000    0.08333      -     -    0s
     0     0    0.08333    0   57   -0.00000    0.08333      -     -    0s
     0     0    0.08333    0   43   -0.00000    0.08333      -     -    0s
     0     0    0.08333    0   46   -0.00000    0.08333      -     -    0s
     0     0    0.07143    0   36   -0.00000    0.07143      -     -    0s
     0     0    0.07143    0   43   -0.00000    0.07143      -     -    0s
     0     2    0.07143    0   43   -0.00000    0.07143      -     -    0s
H   14    30                       0.0000000    0.07143      -  36.8    0s
*  641   600             101       0.0000000    0.07143      -  16.2    0s
H  864   815                       0.0000000    0.07143      -  17.5    0s
H  962   870                       0.0000001    0.07143      -  17.9    0s
H 1065   935                       0.0000001    0.07143      -  17.8    0s
H 1234   960                       0.0000001    0.07143      -  18.1    1s
H 1234   912                       0.0000001    0.04982      -  18.1    1s
H 1243   872                       0.0036444    0.04524  1141%  17.9    1s
H 1243   828                       0.0038026    0.04524  1090%  17.9    1s
H 1243   787                       0.0062725    0.04524   621%  17.9    1s
H 1243   747                       0.0067372    0.04524   571%  17.9    1s
H 1243   709                       0.0068719    0.04524   558%  17.9    1s
H 1487   857                       0.0074042    0.04524   511%  21.9    1s
H 2565  1064                       0.0098626    0.04524   359%  26.9    2s
H 2729  1126                       0.0098627    0.04524   359%  27.2    2s
H 2788  1075                       0.0098821    0.04524   358%  27.3    2s
H 3552  1340                       0.0098927    0.04524   357%  29.6    2s
 13138  5618     cutoff   32         0.00989    0.04524   357%  30.7    5s
H13990  5673                       0.0102321    0.04516   341%  30.8    5s
H18620  7405                       0.0108188    0.04449   311%  30.8    6s
H20057  7953                       0.0108189    0.04427   309%  30.7    7s
H20068  7388                       0.0125584    0.04427   253%  30.7    7s
H23528  8347                       0.0129361    0.04383   239%  30.7    8s
H29843 10456                       0.0129362    0.04277   231%  30.8    9s
 30497 10698    0.01610   33   50    0.01294    0.04266   230%  30.7   10s
H42747 14464                       0.0131455    0.04103   212%  30.6   13s
 47460 16108    0.01356   31   53    0.01315    0.04063   209%  30.5   15s
 65249 21025    0.01600   26   53    0.01315    0.03934   199%  31.4   20s
H81041 23741                       0.0135040    0.03824   183%  32.7   24s
 83126 24093    0.02539   27   50    0.01350    0.03811   182%  32.8   25s
H89089 24855                       0.0137465    0.03775   175%  33.1   26s
H90801 25262                       0.0137466    0.03766   174%  33.1   27s
 100050 26905    0.01618   35   51    0.01375    0.03708   170%  33.5   30s
 115544 30458     cutoff   30         0.01375    0.03624   164%  33.8   35s
*127721 32802              70       0.0138115    0.03573   159%  34.0   38s
H127838 32800                       0.0138115    0.03573   159%  34.0   38s
 131361 33529     cutoff   32         0.01381    0.03561   158%  34.1   40s
H133886 34185                       0.0138175    0.03554   157%  34.1   40s
H136196 32200                       0.0153678    0.03549   131%  34.0   41s
 147982 34550    0.02458   29   51    0.01537    0.03512   129%  34.2   45s
H161789 37679                       0.0153678    0.03475   126%  34.2   49s
 164431 38165    0.03132   28   60    0.01537    0.03468   126%  34.2   50s
 180968 41362    0.02899   27   70    0.01537    0.03420   123%  34.2   55s
 199471 44929    0.02015   28   48    0.01537    0.03377   120%  34.3   60s
 218469 49204    0.01985   31   53    0.01537    0.03340   117%  34.3   65s
H219857 47960                       0.0159724    0.03338   109%  34.3   65s
H220631 48077                       0.0159724    0.03337   109%  34.2   65s
H221820 48176                       0.0159724    0.03335   109%  34.3   65s
H221820 48174                       0.0159725    0.03335   109%  34.3   65s
 235850 50703     cutoff   31         0.01597    0.03307   107%  34.2   70s
H252274 54145                       0.0159727    0.03282   105%  34.1   74s
 252504 54152    0.02929   25   57    0.01597    0.03281   105%  34.1   75s
 267917 57705     cutoff   38         0.01597    0.03260   104%  34.1   80s
 286679 62383     cutoff   32         0.01597    0.03235   103%  33.9   85s
H291184 63515                       0.0159728    0.03230   102%  33.9   86s
H300968 65865                       0.0159728    0.03220   102%  33.9   88s
 306106 66952 infeasible   47         0.01597    0.03215   101%  33.8   90s
H308014 67267                       0.0159728    0.03213   101%  33.8   90s
 324250 71382    0.02606   41   53    0.01597    0.03196   100%  33.7   95s
 344663 75989    0.01800   40   58    0.01597    0.03176  98.8%  33.6  100s
 365401 81468    0.02317   40   52    0.01597    0.03161  97.9%  33.4  105s
 385697 86454    0.02809   27   60    0.01597    0.03150  97.2%  33.3  110s
 406294 91827    0.01962   32   54    0.01597    0.03138  96.5%  33.1  115s
 425344 96766     cutoff   47         0.01597    0.03129  95.9%  33.0  120s
 443560 101556    0.02135   39   51    0.01597    0.03121  95.4%  32.9  125s
 463793 106575    0.02477   38   51    0.01597    0.03113  94.9%  32.8  130s
 484549 111724    0.02380   37   55    0.01597    0.03103  94.2%  32.7  135s
 505626 116835 infeasible   39         0.01597    0.03093  93.6%  32.6  140s
*512168 118403              70       0.0159890    0.03090  93.3%  32.6  141s
H513291 118232                       0.0160452    0.03089  92.5%  32.6  142s
H513294 117374                       0.0161594    0.03089  91.2%  32.6  142s
H514523 116526                       0.0163312    0.03089  89.1%  32.6  142s
H515680 104936                       0.0179077    0.03088  72.4%  32.5  142s
H516900 103979                       0.0180627    0.03087  70.9%  32.5  143s
H518086 103879                       0.0180967    0.03086  70.6%  32.5  143s
H518400 103923                       0.0180967    0.03086  70.5%  32.5  143s
H519725 103522                       0.0181773    0.03085  69.7%  32.5  144s
 521030 103710    0.02208   43   41    0.01818    0.03085  69.7%  32.5  145s
H521058 102772                       0.0182923    0.03085  68.6%  32.5  145s
H522290 102832                       0.0183139    0.03084  68.4%  32.5  145s
H523354 102424                       0.0183828    0.03084  67.8%  32.5  146s
 535841 104894    0.02077   40   53    0.01838    0.03077  67.4%  32.4  150s
 557066 108946    0.02863   30   42    0.01838    0.03066  66.8%  32.3  155s
 578300 112848    0.02911   29   41    0.01838    0.03056  66.3%  32.2  160s
 599704 117113     cutoff   41         0.01838    0.03049  65.9%  32.1  165s
 620295 120978    0.02080   42   54    0.01838    0.03041  65.4%  32.0  170s
 636251 124101    0.01961   39   55    0.01838    0.03035  65.1%  31.9  175s
 654943 127931     cutoff   39         0.01838    0.03028  64.7%  31.8  180s
 675980 131622     cutoff   37         0.01838    0.03020  64.3%  31.7  185s
 697274 135501    0.02305   38   61    0.01838    0.03012  63.9%  31.7  190s
 719441 139565    0.01844   39   57    0.01838    0.03005  63.5%  31.6  195s
 740968 143342    0.02620   41   49    0.01838    0.02999  63.1%  31.5  200s
H758278 146497                       0.0183829    0.02994  62.9%  31.4  204s
 759783 146696    0.01889   35   56    0.01838    0.02994  62.8%  31.4  205s
 780544 150349    0.02713   40   54    0.01838    0.02988  62.5%  31.4  210s
 802044 154698    0.01933   41   46    0.01838    0.02982  62.2%  31.3  215s
 824096 158582    0.02894   42   55    0.01838    0.02976  61.9%  31.2  220s
 845842 162375    0.02624   35   57    0.01838    0.02971  61.6%  31.1  225s
 867368 166024    0.02479   31   62    0.01838    0.02965  61.3%  31.1  230s
 884351 168782    0.02920   31   56    0.01838    0.02961  61.1%  31.0  235s
 905920 172613    0.02411   42   51    0.01838    0.02957  60.8%  31.0  240s
 927406 176591     cutoff   35         0.01838    0.02953  60.6%  30.9  245s
 949865 180269 infeasible   40         0.01838    0.02947  60.3%  30.8  250s
 971291 184121    0.01944   47   44    0.01838    0.02943  60.1%  30.8  255s
 992604 187802    0.02092   43   62    0.01838    0.02939  59.9%  30.7  260s
 1014026 191576    0.02798   44   37    0.01838    0.02934  59.6%  30.6  265s
 1035587 195146    0.02910   47   55    0.01838    0.02930  59.4%  30.6  270s
 1055707 198761    0.01917   40   54    0.01838    0.02926  59.2%  30.5  275s
 1077965 202398    0.02103   54   56    0.01838    0.02922  58.9%  30.5  280s
 1094576 205532    0.02272   33   55    0.01838    0.02919  58.8%  30.4  285s
 1115492 209150     cutoff   37         0.01838    0.02916  58.6%  30.4  290s
 1136907 212890 infeasible   35         0.01838    0.02912  58.4%  30.3  295s
 1158572 216226    0.01973   50   52    0.01838    0.02909  58.2%  30.3  300s
 1180707 220021    0.02144   37   53    0.01838    0.02905  58.0%  30.2  305s
 1202887 223749    0.02259   40   60    0.01838    0.02902  57.8%  30.2  310s
 1224024 227012     cutoff   42         0.01838    0.02898  57.6%  30.1  315s
 1245926 230803     cutoff   37         0.01838    0.02894  57.5%  30.1  320s
 1265145 234192    0.02268   38   28    0.01838    0.02892  57.3%  30.1  325s
 1286552 237732     cutoff   37         0.01838    0.02889  57.1%  30.0  330s
 1306759 241375     cutoff   42         0.01838    0.02886  57.0%  30.0  335s
 1324217 244348     cutoff   45         0.01838    0.02883  56.8%  30.0  340s
 1344829 247441     cutoff   44         0.01838    0.02880  56.7%  29.9  345s
 1364493 250713    0.02031   45   54    0.01838    0.02877  56.5%  29.9  350s
 1384966 254273     cutoff   43         0.01838    0.02874  56.4%  29.9  355s
 1404537 257742    0.02284   44   53    0.01838    0.02872  56.2%  29.8  360s

Cutting planes:
  Gomory: 12
  Implied bound: 31
  MIR: 18
  Mixing: 2
  Flow cover: 127
  Inf proof: 25
  RLT: 89
  Relax-and-lift: 17
  BQP: 23

Explored 1404942 nodes (41892880 simplex iterations) in 360.00 seconds (399.84 work units)
Thread count was 4 (of 4 available processors)

Solution count 10: 0.0183829 0.0183139 0.0182923 ... 0.0160452

Time limit reached
Best objective 1.838286375568e-02, best bound 2.871531201292e-02, gap 56.2070%
{"verdict": "UNRESOLVED", "status": "TIME_LIMIT", "runtime": 360.0031769275665, "objval": 0.018382863755682433, "objbound": 0.028715312012916477, "binaries": 54}
