Set parameter NodefileStart to value 6
Read parameters from file gurobi.env
Restricted license - for non-production use only - expires 2027-11-29
Set parameter OutputFlag to value 1
Set parameter Threads to value 4
Set parameter TimeLimit to value 360
Set parameter MIPGap to value 5e-05
Set parameter MIPFocus to value 2
Set parameter NonConvex to value 2
Set parameter BestBdStop to value 2.7426211734693878e-02
Gurobi Optimizer version 13.0.3 build v13.0.3rc0 (linux64 - "Ubuntu 24.04.5 LTS")

CPU model: AMD EPYC 7763 64-Core Processor, instruction set [SSE2|AVX|AVX2]
Thread count: 2 physical cores, 4 logical processors, using up to 4 threads

Non-default parameters:
TimeLimit  360
BestBdStop  2.7426211734693878e-02
MIPGap  5e-05
MIPFocus  2
NodefileStart  6
NonConvex  2
Threads  4

Optimize a model with 141 rows, 111 columns and 810 nonzeros (Max)
Model fingerprint: 0x6fa8ba64
Model has 1 linear objective coefficients
Model has 50 quadratic constraints
Variable types: 65 continuous, 46 integer (46 binary)
Coefficient statistics:
  Matrix range     [5e-01, 1e+00]
  QMatrix range    [1e+00, 1e+00]
  QLMatrix range   [1e+00, 1e+00]
  Objective range  [1e+00, 1e+00]
  Bounds range     [5e-01, 1e+00]
  RHS range        [1e+00, 1e+00]

Found heuristic solution: objective -0.0000000
Presolve time: 0.00s
Presolved: 341 rows, 112 columns, 1210 nonzeros
Presolved model has 50 bilinear constraint(s)

Solving non-convex MIQCP to global optimality

Variable types: 66 continuous, 46 integer (46 binary)
Root relaxation presolve removed 50 rows and 1 columns
Root relaxation presolved: 291 rows, 111 columns, 1160 nonzeros


Root relaxation: objective 8.333333e-02, 123 iterations, 0.00 seconds (0.00 work units)

    Nodes    |    Current Node    |     Objective Bounds      |     Work
 Expl Unexpl |  Obj  Depth IntInf | Incumbent    BestBd   Gap | It/Node Time

     0     0    0.08333    0   50   -0.00000    0.08333      -     -    0s
     0     0    0.08333    0   73   -0.00000    0.08333      -     -    0s
     0     0    0.08333    0   61   -0.00000    0.08333      -     -    0s
     0     0    0.08333    0   58   -0.00000    0.08333      -     -    0s
     0     0    0.08333    0   38   -0.00000    0.08333      -     -    0s
     0     0    0.08333    0   41   -0.00000    0.08333      -     -    0s
     0     0    0.08333    0   41   -0.00000    0.08333      -     -    0s
     0     0    0.08333    0   41   -0.00000    0.08333      -     -    0s
     0     2    0.08333    0   41   -0.00000    0.08333      -     -    0s
H  429   409                       0.0000000    0.08333      -  19.8    0s
*  491   465              95       0.0000001    0.08333      -  19.7    0s
H  546   499                       0.0000002    0.08333      -  20.1    0s
* 1041   980             105       0.0000002    0.08333      -  19.3    1s
H 1133   931                       0.0000004    0.08333      -  18.4    1s
H 1133   884                       0.0000005    0.06250      -  18.4    1s
H 1139   843                       0.0000005    0.04835      -  18.3    1s
H 2995  1840                       0.0000008    0.04809      -  25.0    2s
* 9205  6742              80       0.0000009    0.04809      -  26.3    4s
 10260  7395    0.00004   79   46    0.00000    0.04809      -  26.1    5s
 27469 20894    0.00113   57   53    0.00000    0.04809      -  28.4   10s
H34157 25737                       0.0000010    0.04809      -  28.4   11s
 44783 33933    0.00051   68   51    0.00000    0.04809      -  29.0   15s
 64993 49125    0.00001   66   40    0.00000    0.04809      -  29.1   20s
 83247 63087    0.00489   50   50    0.00000    0.04809      -  29.9   25s
H90099 68036                       0.0000010    0.04809      -  30.1   26s
 100940 76049     cutoff   88         0.00000    0.04809      -  30.1   30s
 120796 90796    0.00007   58   32    0.00000    0.04809      -  30.2   35s
 141007 105912    0.01391   38   52    0.00000    0.04809      -  30.2   40s
 161099 120873    0.03015   37   53    0.00000    0.04809      -  30.1   45s
 178291 133767     cutoff   45         0.00000    0.04809      -  30.0   50s
 198690 148584    0.00000   72   41    0.00000    0.04809      -  30.0   55s
 218774 163524     cutoff   64         0.00000    0.04809      -  30.0   60s
 239865 179074    0.00009   82   50    0.00000    0.04809      -  30.0   65s
 258533 192559    0.01990   40   52    0.00000    0.04809      -  30.0   70s
 278845 207221 infeasible   76         0.00000    0.04801      -  30.1   75s
 298979 221621    0.00867   37   41    0.00000    0.04782      -  30.1   80s
 319470 236176    0.00151   52   31    0.00000    0.04764      -  30.0   85s
 336571 248620    0.00001   94   42    0.00000    0.04749      -  30.0   90s
 356668 263402    0.00001   87   52    0.00000    0.04733      -  30.0   95s
 374789 276513    0.00000   80   27    0.00000    0.04722      -  29.9  100s
 393114 290250    0.00004   72   43    0.00000    0.04711      -  29.9  105s
 409829 302767    0.00003   81   32    0.00000    0.04704      -  30.0  110s
 427495 316018    0.00120   58   43    0.00000    0.04695      -  30.0  115s
 446898 330336    0.02912   40   52    0.00000    0.04688      -  30.0  120s
 467312 344964    0.00000   75   43    0.00000    0.04681      -  30.0  125s
 484173 357602     cutoff   68         0.00000    0.04672      -  30.0  130s
 504581 372209    0.01339   37   55    0.00000    0.04665      -  30.0  135s
 524013 386251    0.00007   80   45    0.00000    0.04656      -  30.0  140s
 544416 401158    0.00000   82   30    0.00000    0.04649      -  29.9  145s
 564883 415519    0.00026   59   51    0.00000    0.04642      -  29.9  150s
 584559 429641    0.03010   38   50    0.00000    0.04633      -  29.9  155s
 604465 443962    0.00174   60   51    0.00000    0.04625      -  30.0  160s
 623914 457932    0.00001   81   45    0.00000    0.04619      -  30.0  165s
 640676 470626    0.00002  103   31    0.00000    0.04614      -  30.0  170s
 660910 485363    0.02551   37   49    0.00000    0.04609      -  29.9  175s
 680484 499885    0.00005   77   51    0.00000    0.04602      -  30.0  180s
 700618 514553    0.00762   46   51    0.00000    0.04595      -  30.0  185s
 719681 528243    0.04204   35   48    0.00000    0.04590      -  29.9  190s
 739853 542950    0.00418   57   50    0.00000    0.04584      -  30.0  195s
 759078 556623    0.01808   40   53    0.00000    0.04578      -  30.0  200s
 778712 571119     cutoff   97         0.00000    0.04572      -  29.9  205s
 796256 583727    0.03162   36   50    0.00000    0.04566      -  29.9  210s
 812055 597460     cutoff   71         0.00000    0.04560      -  30.0  215s
 832248 609474    0.03067   43   50    0.00000    0.04555      -  30.0  220s
 851537 623707    0.00003   78   45    0.00000    0.04549      -  30.0  225s
 871423 637961    0.02913   38   56    0.00000    0.04542      -  30.0  230s
 891156 652595    0.00075   72   50    0.00000    0.04538      -  30.0  235s
 911124 667411    0.00000   86   34    0.00000    0.04533      -  30.0  240s
 931807 682459     cutoff   82         0.00000    0.04528      -  30.0  245s
 949258 694886    0.03575   40   54    0.00000    0.04522      -  30.0  250s
 968199 708650     cutoff   96         0.00000    0.04517      -  30.0  255s
 988216 723218    0.00081   57   31    0.00000    0.04512      -  30.0  260s
 1008022 738168    0.00609   51   50    0.00000    0.04508      -  30.0  265s
 1027619 752137    0.01305   45   50    0.00000    0.04504      -  30.0  270s
 1046874 766357     cutoff   94         0.00000    0.04499      -  30.0  275s
 1065832 780160    0.00017   84   50    0.00000    0.04496      -  30.0  280s
 1083326 792683    0.00011   80   50    0.00000    0.04492      -  30.0  285s
 1101689 806191    0.00000   97   48    0.00000    0.04488      -  30.0  290s
 1121922 820300    0.02919   45   50    0.00000    0.04483      -  30.0  295s
 1140144 833543    0.02130   45   50    0.00000    0.04479      -  30.0  300s
 1159586 847459    0.03425   33   58    0.00000    0.04475      -  30.0  305s
 1179731 861894    0.00000  109   40    0.00000    0.04471      -  30.0  310s
 1198012 875049    0.03464   44   51    0.00000    0.04467      -  30.0  315s
 1218228 889807    0.00016   62   37    0.00000    0.04464      -  30.0  320s
 1239206 905085    0.00617   40   52    0.00000    0.04460      -  30.0  325s
 1254658 916218    0.01104   47   50    0.00000    0.04458      -  30.0  330s
 1255878 916815    0.01058   43   51    0.00000    0.04457      -  30.0  335s
 1263993 922810    0.01433   44   50    0.00000    0.04455      -  30.0  340s
 1281996 935800    0.01443   52   50    0.00000    0.04450      -  30.0  345s
 1302061 949988    0.00125   51   51    0.00000    0.04444      -  30.0  350s
 1321525 964514    0.01269   36   47    0.00000    0.04442      -  30.0  355s
 1342195 979458    0.00931   52   51    0.00000    0.04441      -  30.0  360s

Cutting planes:
  Gomory: 51
  Implied bound: 21
  MIR: 14
  Flow cover: 38
  RLT: 93
  Relax-and-lift: 7
  BQP: 45

Explored 1342384 nodes (40263629 simplex iterations) in 360.00 seconds (370.40 work units)
Thread count was 4 (of 4 available processors)

Solution count 10: 9.90809e-07 9.90809e-07 8.8122e-07 ... 9.28596e-08

Time limit reached
Best objective 9.908088904886e-07, best bound 4.441178507514e-02, gap -
{"verdict": "UNRESOLVED", "status": "TIME_LIMIT", "runtime": 360.0020561218262, "objval": 9.90808890488644e-07, "objbound": 0.044411785075140715, "binaries": 46}
