Set parameter NodefileStart to value 6
Read parameters from file gurobi.env
Restricted license - for non-production use only - expires 2027-11-29
Set parameter OutputFlag to value 1
Set parameter Threads to value 4
Set parameter TimeLimit to value 360
Set parameter MIPGap to value 5e-05
Set parameter MIPFocus to value 2
Set parameter NonConvex to value 2
Set parameter BestBdStop to value 2.7426211734693878e-02
Gurobi Optimizer version 13.0.3 build v13.0.3rc0 (linux64 - "Ubuntu 24.04.5 LTS")

CPU model: AMD EPYC 7763 64-Core Processor, instruction set [SSE2|AVX|AVX2]
Thread count: 2 physical cores, 4 logical processors, using up to 4 threads

Non-default parameters:
TimeLimit  360
BestBdStop  2.7426211734693878e-02
MIPGap  5e-05
MIPFocus  2
NodefileStart  6
NonConvex  2
Threads  4

Optimize a model with 141 rows, 111 columns and 810 nonzeros (Max)
Model fingerprint: 0x1d96bae1
Model has 1 linear objective coefficients
Model has 50 quadratic constraints
Variable types: 65 continuous, 46 integer (46 binary)
Coefficient statistics:
  Matrix range     [5e-01, 1e+00]
  QMatrix range    [1e+00, 1e+00]
  QLMatrix range   [1e+00, 1e+00]
  Objective range  [1e+00, 1e+00]
  Bounds range     [5e-01, 1e+00]
  RHS range        [1e+00, 1e+00]

Found heuristic solution: objective -0.0000000
Presolve time: 0.00s
Presolved: 341 rows, 112 columns, 1210 nonzeros
Presolved model has 50 bilinear constraint(s)

Solving non-convex MIQCP to global optimality

Variable types: 66 continuous, 46 integer (46 binary)
Root relaxation presolve removed 50 rows and 1 columns
Root relaxation presolved: 291 rows, 111 columns, 1160 nonzeros


Root relaxation: objective 8.333333e-02, 105 iterations, 0.00 seconds (0.00 work units)

    Nodes    |    Current Node    |     Objective Bounds      |     Work
 Expl Unexpl |  Obj  Depth IntInf | Incumbent    BestBd   Gap | It/Node Time

     0     0    0.08333    0   59   -0.00000    0.08333      -     -    0s
     0     0    0.08333    0   72   -0.00000    0.08333      -     -    0s
     0     0    0.08333    0   72   -0.00000    0.08333      -     -    0s
     0     0    0.08333    0   48   -0.00000    0.08333      -     -    0s
     0     0    0.08333    0   46   -0.00000    0.08333      -     -    0s
     0     0    0.08333    0   53   -0.00000    0.08333      -     -    0s
     0     0    0.08333    0   50   -0.00000    0.08333      -     -    0s
     0     0    0.08333    0   50   -0.00000    0.08333      -     -    0s
     0     2    0.08333    0   50   -0.00000    0.08333      -     -    0s
*  533   544              80       0.0000000    0.08333      -  18.3    0s
*  536   544              81       0.0000001    0.08333      -  18.2    0s
*  545   544              72       0.0000003    0.08333      -  17.9    0s
*  546   544              72       0.0000003    0.08333      -  17.9    0s
H 1117   948                       0.0000004    0.08333      -  18.5    1s
H 1478  1172                       0.0000004    0.07562      -  22.0    1s
* 4199  2572              74       0.0000004    0.07562      -  25.6    2s
* 4471  2867              84       0.0000005    0.07562      -  25.4    2s
* 4537  2840              67       0.0000006    0.07562      -  25.3    2s
* 4542  2824              67       0.0000008    0.07562      -  25.3    2s
* 4718  2949              69       0.0000009    0.07542      -  25.0    3s
 12228  8609    0.00005   69   43    0.00000    0.06250      -  28.1    5s
 28158 20075    0.01665   37   52    0.00000    0.05788      -  28.9   10s
 46413 33883    0.00409   45   52    0.00000    0.05597      -  29.3   15s
H56267 41144                       0.0000009    0.05536      -  30.5   17s
 63008 46239    0.01381   33   56    0.00000    0.05494      -  30.8   20s
 80366 59217    0.01842   33   51    0.00000    0.05422      -  31.4   25s
*80560 58721              98       0.0000011    0.05422      -  31.4   25s
*80561 58657              98       0.0000011    0.05422      -  31.4   25s
 96381 70335    0.00570   48   51    0.00000    0.05357      -  31.8   30s
 114564 83218    0.00001   58   37    0.00000    0.05304      -  31.7   35s
 132615 95429    0.00016   73   45    0.00000    0.05224      -  31.8   40s
 143669 103911    0.00006   60   53    0.00000    0.05186      -  31.8   45s
 161667 116837    0.00001   96   39    0.00000    0.05141      -  32.0   50s
 179983 129850    0.02611   36   55    0.00000    0.05088      -  32.1   55s
 198065 142585    0.00478   51   52    0.00000    0.05034      -  32.2   60s
 216034 155040    0.00114   48   37    0.00000    0.05000      -  32.4   65s
 234607 168356     cutoff   78         0.00000    0.04972      -  32.5   70s
 252275 180637    0.00255   56   39    0.00000    0.04951      -  32.6   75s
 270024 193200     cutoff   45         0.00000    0.04925      -  32.7   80s
 287686 205768    0.00571   49   50    0.00000    0.04913      -  32.8   85s
 305783 218747    0.04015   39   54    0.00000    0.04890      -  33.0   90s
 317345 226941    0.00003   78   50    0.00000    0.04882      -  33.2   95s
 334657 239505    0.00000   97   43    0.00000    0.04864      -  33.3  100s
 352117 251621    0.00017   60   50    0.00000    0.04847      -  33.4  105s
 368949 263026    0.00430   41   53    0.00000    0.04825      -  33.4  110s
 386594 275763    0.01036   42   44    0.00000    0.04809      -  33.4  115s
 400671 285660    0.00001   55   46    0.00000    0.04794      -  33.5  120s
 418601 298450    0.00330   56   53    0.00000    0.04776      -  33.5  125s
 436927 311359    0.00014   70   50    0.00000    0.04760      -  33.6  130s
 454908 324228    0.00002   73   50    0.00000    0.04742      -  33.6  135s
 472592 336551    0.04291   34   53    0.00000    0.04725      -  33.6  140s
 489501 348533    0.00012   50   31    0.00000    0.04708      -  33.7  145s
 499098 355069    0.00470   51   50    0.00000    0.04700      -  33.7  150s
 505437 359866    0.00774   49   51    0.00000    0.04696      -  33.7  155s
 522136 371347     cutoff   61         0.00000    0.04686      -  33.8  160s
 538904 383378    0.00141   57   51    0.00000    0.04674      -  33.9  165s
 556003 395869    0.00479   43   45    0.00000    0.04668      -  33.9  170s
 573227 408013    0.01951   45   50    0.00000    0.04655      -  33.9  175s
 591344 420989    0.00000   86   25    0.00000    0.04646      -  34.0  180s
 608768 433259 infeasible   79         0.00000    0.04637      -  34.0  185s
 625159 444647    0.00000  103   25    0.00000    0.04627      -  34.1  190s
 642731 456670    0.00587   47   38    0.00000    0.04614      -  34.1  195s
 660558 469153     cutoff  101         0.00000    0.04605      -  34.2  200s
 677417 480706    0.01878   39   40    0.00000    0.04597      -  34.2  205s
 694914 493005    0.02046   34   50    0.00000    0.04588      -  34.2  210s
H695636 492709                       0.0000011    0.04587      -  34.2  210s
 711374 504236    0.00819   34   45    0.00000    0.04579      -  34.3  215s
 727559 515853    0.02214   46   52    0.00000    0.04569      -  34.3  220s
 743781 527439    0.00008   67   42    0.00000    0.04563      -  34.4  225s
 761867 539832    0.02860   45   51    0.00000    0.04556      -  34.5  230s
 778658 551645    0.00043   54   51    0.00000    0.04551      -  34.5  235s
 794139 562376 infeasible   57         0.00000    0.04545      -  34.5  240s
 809686 573074 infeasible   39         0.00000    0.04543      -  34.5  245s
 826792 584924    0.02273   32   55    0.00000    0.04532      -  34.5  250s
 842772 595651    0.02204   38   61    0.00000    0.04526      -  34.5  255s
 859581 607739     cutoff   80         0.00000    0.04518      -  34.6  260s
 876712 619395    0.03603   38   52    0.00000    0.04511      -  34.6  265s
 893627 631541    0.00001   84   23    0.00000    0.04505      -  34.6  270s
 910617 643386    0.00000   94   32    0.00000    0.04499      -  34.6  275s
 927591 655301    0.00000   71   43    0.00000    0.04492      -  34.7  280s
 945441 667665    0.03860   28   50    0.00000    0.04485      -  34.7  285s
 962682 679614    0.00001   48   25    0.00000    0.04479      -  34.7  290s
 980546 692009     cutoff   91         0.00000    0.04473      -  34.7  295s
 997340 703373     cutoff   67         0.00000    0.04465      -  34.7  300s
 1014412 714989     cutoff   84         0.00000    0.04459      -  34.7  305s
 1032601 727732    0.00005   57   44    0.00000    0.04453      -  34.7  310s
 1049477 739382    0.00065   53   37    0.00000    0.04446      -  34.8  315s
 1066292 751368    0.00002   66   50    0.00000    0.04441      -  34.8  320s
 1082808 763052    0.00147   48   54    0.00000    0.04437      -  34.8  325s
 1096030 772448    0.00034   68   46    0.00000    0.04431      -  34.9  330s
 1113942 785043    0.00303   62   50    0.00000    0.04427      -  34.9  335s
 1131364 797405    0.02185   41   52    0.00000    0.04422      -  34.9  340s
 1148164 809265    0.00172   43   51    0.00000    0.04420      -  34.9  345s
 1164729 820705    0.00583   38   46    0.00000    0.04414      -  34.9  350s
 1182200 832847    0.00594   38   52    0.00000    0.04409      -  34.9  355s
 1199638 844777    0.00129   61   53    0.00000    0.04403      -  34.9  360s

Cutting planes:
  Gomory: 51
  Lift-and-project: 2
  Implied bound: 30
  MIR: 12
  Flow cover: 127
  RLT: 123
  Relax-and-lift: 45
  BQP: 32

Explored 1199740 nodes (41918214 simplex iterations) in 360.00 seconds (392.43 work units)
Thread count was 4 (of 4 available processors)

Solution count 10: 1.12164e-06 1.07527e-06 1.0512e-06 ... 4.00064e-07

Time limit reached
Best objective 1.121635320114e-06, best bound 4.403402554840e-02, gap 3925777.2222%
{"verdict": "UNRESOLVED", "status": "TIME_LIMIT", "runtime": 360.002072095871, "objval": 1.121635320113797e-06, "objbound": 0.04403402554839579, "binaries": 46}
