Set parameter NodefileStart to value 6
Read parameters from file gurobi.env
Restricted license - for non-production use only - expires 2027-11-29
Set parameter OutputFlag to value 1
Set parameter Threads to value 4
Set parameter TimeLimit to value 360
Set parameter MIPGap to value 5e-05
Set parameter MIPFocus to value 2
Set parameter NonConvex to value 2
Set parameter BestBdStop to value 2.7426211734693878e-02
Gurobi Optimizer version 13.0.3 build v13.0.3rc0 (linux64 - "Ubuntu 24.04.5 LTS")

CPU model: AMD EPYC 9V74 80-Core Processor, instruction set [SSE2|AVX|AVX2]
Thread count: 2 physical cores, 4 logical processors, using up to 4 threads

Non-default parameters:
TimeLimit  360
BestBdStop  2.7426211734693878e-02
MIPGap  5e-05
MIPFocus  2
NodefileStart  6
NonConvex  2
Threads  4

Optimize a model with 125 rows, 95 columns and 686 nonzeros (Max)
Model fingerprint: 0x8f585b35
Model has 1 linear objective coefficients
Model has 50 quadratic constraints
Variable types: 65 continuous, 30 integer (30 binary)
Coefficient statistics:
  Matrix range     [5e-01, 1e+00]
  QMatrix range    [1e+00, 1e+00]
  QLMatrix range   [1e+00, 1e+00]
  Objective range  [1e+00, 1e+00]
  Bounds range     [5e-01, 1e+00]
  RHS range        [1e+00, 1e+00]

Found heuristic solution: objective -0.0000000
Presolve time: 0.00s
Presolved: 325 rows, 96 columns, 1086 nonzeros
Presolved model has 50 bilinear constraint(s)

Solving non-convex MIQCP to global optimality

Variable types: 66 continuous, 30 integer (30 binary)
Root relaxation presolve removed 50 rows and 1 columns
Root relaxation presolved: 275 rows, 95 columns, 1036 nonzeros


Root relaxation: objective 1.250000e-01, 127 iterations, 0.00 seconds (0.00 work units)

    Nodes    |    Current Node    |     Objective Bounds      |     Work
 Expl Unexpl |  Obj  Depth IntInf | Incumbent    BestBd   Gap | It/Node Time

     0     0    0.12500    0   50   -0.00000    0.12500      -     -    0s
     0     0    0.08632    0   56   -0.00000    0.08632      -     -    0s
     0     0    0.08405    0   61   -0.00000    0.08405      -     -    0s
     0     0    0.08333    0   52   -0.00000    0.08333      -     -    0s
     0     0    0.08333    0   57   -0.00000    0.08333      -     -    0s
     0     0    0.08164    0   58   -0.00000    0.08164      -     -    0s
     0     0    0.08128    0   58   -0.00000    0.08128      -     -    0s
     0     0    0.07900    0   57   -0.00000    0.07900      -     -    0s
     0     0    0.07884    0   58   -0.00000    0.07884      -     -    0s
     0     0    0.07705    0   60   -0.00000    0.07705      -     -    0s
     0     0    0.07705    0   59   -0.00000    0.07705      -     -    0s
     0     0    0.07394    0   57   -0.00000    0.07394      -     -    0s
     0     0    0.07241    0   57   -0.00000    0.07241      -     -    0s
     0     2    0.07241    0   57   -0.00000    0.07241      -     -    0s
*  617   626              88       0.0000002    0.07241      -  18.0    0s
*  618   626              88       0.0000002    0.07241      -  18.0    0s
H  870   722                       0.0000005    0.07241      -  19.9    0s
H 1333   976                       0.0000008    0.04896      -  26.1    1s
* 2957  1758             109       0.0000010    0.04896      -  26.9    2s
* 2958  1715             109       0.0000010    0.04896      -  26.9    2s
 12036  7598     cutoff   28         0.00000    0.03253      -  31.8    5s
H15980 10093                       0.0000010    0.03097      -  32.3    6s
 29518 18770    0.00015   62   42    0.00000    0.02849      -  30.4   10s

Cutting planes:
  Gomory: 9
  Lift-and-project: 1
  Flow cover: 1
  RLT: 48
  BQP: 8

Explored 41947 nodes (1308977 simplex iterations) in 12.86 seconds (12.11 work units)
Thread count was 4 (of 4 available processors)

Solution count 8: 1.04295e-06 1.0419e-06 1.04115e-06 ... -0

Optimization achieved user objective limit
Best objective 1.042953261822e-06, best bound 2.739441694244e-02, gap 2626519.8060%
{"verdict": "PROVED", "status": "BOUND_REACHED", "runtime": 12.859739780426025, "objval": 1.0429532618220114e-06, "objbound": 0.027394416942443885, "binaries": 30}
