Set parameter NodefileStart to value 6
Read parameters from file gurobi.env
Restricted license - for non-production use only - expires 2027-11-29
Set parameter OutputFlag to value 1
Set parameter Threads to value 4
Set parameter TimeLimit to value 360
Set parameter MIPGap to value 5e-05
Set parameter MIPFocus to value 2
Set parameter NonConvex to value 2
Set parameter BestBdStop to value 2.7426211734693878e-02
Gurobi Optimizer version 13.0.3 build v13.0.3rc0 (linux64 - "Ubuntu 24.04.5 LTS")

CPU model: AMD EPYC 7763 64-Core Processor, instruction set [SSE2|AVX|AVX2]
Thread count: 2 physical cores, 4 logical processors, using up to 4 threads

Non-default parameters:
TimeLimit  360
BestBdStop  2.7426211734693878e-02
MIPGap  5e-05
MIPFocus  2
NodefileStart  6
NonConvex  2
Threads  4

Optimize a model with 141 rows, 111 columns and 810 nonzeros (Max)
Model fingerprint: 0xce369619
Model has 1 linear objective coefficients
Model has 50 quadratic constraints
Variable types: 65 continuous, 46 integer (46 binary)
Coefficient statistics:
  Matrix range     [5e-01, 1e+00]
  QMatrix range    [1e+00, 1e+00]
  QLMatrix range   [1e+00, 1e+00]
  Objective range  [1e+00, 1e+00]
  Bounds range     [5e-01, 1e+00]
  RHS range        [1e+00, 1e+00]

Found heuristic solution: objective -0.0000000
Presolve time: 0.00s
Presolved: 341 rows, 112 columns, 1210 nonzeros
Presolved model has 50 bilinear constraint(s)

Solving non-convex MIQCP to global optimality

Variable types: 66 continuous, 46 integer (46 binary)
Root relaxation presolve removed 70 rows and 11 columns
Root relaxation presolved: 271 rows, 101 columns, 1040 nonzeros


Root relaxation: objective 7.142857e-02, 124 iterations, 0.00 seconds (0.00 work units)

    Nodes    |    Current Node    |     Objective Bounds      |     Work
 Expl Unexpl |  Obj  Depth IntInf | Incumbent    BestBd   Gap | It/Node Time

     0     0    0.07143    0   44   -0.00000    0.07143      -     -    0s
H    0     0                       0.0000000    0.07143      -     -    0s
     0     0    0.07143    0   59    0.00000    0.07143      -     -    0s
     0     0    0.07143    0   61    0.00000    0.07143      -     -    0s
     0     0    0.07143    0   67    0.00000    0.07143      -     -    0s
     0     0    0.07143    0   53    0.00000    0.07143      -     -    0s
     0     0    0.07143    0   56    0.00000    0.07143      -     -    0s
     0     0    0.07143    0   49    0.00000    0.07143      -     -    0s
     0     0    0.07143    0   58    0.00000    0.07143      -     -    0s
     0     0    0.07143    0   50    0.00000    0.07143      -     -    0s
     0     0    0.06818    0   50    0.00000    0.06818      -     -    0s
H    0     0                       0.0000007    0.06818      -     -    0s
     0     2    0.06818    0   50    0.00000    0.06818      -     -    0s
H 1724  1098                       0.0087657    0.06328   622%  26.1    1s
H 2760  1078                       0.0146031    0.05499   277%  29.4    2s
  9384  2939    0.03741   24   58    0.01460    0.04131   183%  34.9    5s
H25634  7335                       0.0166722    0.03853   131%  38.4    9s
 25997  7325     cutoff   32         0.01667    0.03851   131%  38.4   10s
H26000  7325                       0.0166722    0.03851   131%  38.4   10s
H26319  7404                       0.0166722    0.03847   131%  38.5   10s
 41510 11046    0.01726   35   58    0.01667    0.03695   122%  38.2   15s
 59261 14506    0.01896   31   55    0.01667    0.03557   113%  38.2   20s
 76552 17486     cutoff   30         0.01667    0.03437   106%  37.9   25s
 94047 20579     cutoff   43         0.01667    0.03340   100%  37.7   30s
 110523 23477    0.01673   40   57    0.01667    0.03264  95.8%  37.4   35s
 126507 25873     cutoff   30         0.01667    0.03196  91.7%  37.1   40s
 144501 28286    0.02625   32   64    0.01667    0.03125  87.4%  36.9   45s
 162780 30446     cutoff   35         0.01667    0.03060  83.6%  36.6   50s
 180717 32667    0.02380   31   57    0.01667    0.03007  80.4%  36.3   55s
 199069 35175    0.02266   36   53    0.01667    0.02960  77.6%  36.1   60s
 217401 37282    0.01790   37   51    0.01667    0.02916  74.9%  35.9   65s
 235532 39682    0.02424   34   58    0.01667    0.02879  72.7%  35.6   70s
 253936 41731     cutoff   33         0.01667    0.02843  70.5%  35.4   75s
 272725 43600     cutoff   33         0.01667    0.02807  68.4%  35.2   80s
 288538 45170    0.02316   44   51    0.01667    0.02780  66.7%  35.0   85s
 307008 47085     cutoff   41         0.01667    0.02750  64.9%  34.7   90s

Cutting planes:
  Gomory: 14
  Lift-and-project: 3
  Implied bound: 38
  MIR: 3
  Mixing: 2
  Flow cover: 65
  Inf proof: 20
  RLT: 102
  Relax-and-lift: 20
  BQP: 16

Explored 312381 nodes (10832189 simplex iterations) in 91.50 seconds (98.87 work units)
Thread count was 4 (of 4 available processors)

Solution count 6: 0.0166722 0.0146031 0.00876574 ... -0

Optimization achieved user objective limit
Best objective 1.667221042916e-02, best bound 2.742150281368e-02, gap 64.4743%
{"verdict": "PROVED", "status": "BOUND_REACHED", "runtime": 91.50523209571838, "objval": 0.0166722104291578, "objbound": 0.027421502813684683, "binaries": 46}
