Set parameter NodefileStart to value 6
Read parameters from file gurobi.env
Restricted license - for non-production use only - expires 2027-11-29
Set parameter OutputFlag to value 1
Set parameter Threads to value 4
Set parameter TimeLimit to value 360
Set parameter MIPGap to value 5e-05
Set parameter MIPFocus to value 2
Set parameter NonConvex to value 2
Set parameter BestBdStop to value 2.7426211734693878e-02
Gurobi Optimizer version 13.0.3 build v13.0.3rc0 (linux64 - "Ubuntu 24.04.5 LTS")

CPU model: AMD EPYC 7763 64-Core Processor, instruction set [SSE2|AVX|AVX2]
Thread count: 2 physical cores, 4 logical processors, using up to 4 threads

Non-default parameters:
TimeLimit  360
BestBdStop  2.7426211734693878e-02
MIPGap  5e-05
MIPFocus  2
NodefileStart  6
NonConvex  2
Threads  4

Optimize a model with 141 rows, 111 columns and 810 nonzeros (Max)
Model fingerprint: 0xba466e4f
Model has 1 linear objective coefficients
Model has 50 quadratic constraints
Variable types: 65 continuous, 46 integer (46 binary)
Coefficient statistics:
  Matrix range     [5e-01, 1e+00]
  QMatrix range    [1e+00, 1e+00]
  QLMatrix range   [1e+00, 1e+00]
  Objective range  [1e+00, 1e+00]
  Bounds range     [5e-01, 1e+00]
  RHS range        [1e+00, 1e+00]

Found heuristic solution: objective -0.0000000
Presolve time: 0.00s
Presolved: 341 rows, 112 columns, 1210 nonzeros
Presolved model has 50 bilinear constraint(s)

Solving non-convex MIQCP to global optimality

Variable types: 66 continuous, 46 integer (46 binary)
Root relaxation presolve removed 50 rows and 1 columns
Root relaxation presolved: 291 rows, 111 columns, 1160 nonzeros


Root relaxation: objective 8.333333e-02, 118 iterations, 0.00 seconds (0.00 work units)

    Nodes    |    Current Node    |     Objective Bounds      |     Work
 Expl Unexpl |  Obj  Depth IntInf | Incumbent    BestBd   Gap | It/Node Time

     0     0    0.08333    0   48   -0.00000    0.08333      -     -    0s
     0     0    0.07143    0   67   -0.00000    0.07143      -     -    0s
     0     0    0.07143    0   52   -0.00000    0.07143      -     -    0s
     0     0    0.07143    0   62   -0.00000    0.07143      -     -    0s
H    0     0                       0.0000000    0.07143      -     -    0s
H    0     0                       0.0000000    0.07143      -     -    0s
H    0     0                       0.0000000    0.07143      -     -    0s
     0     0    0.07143    0   58    0.00000    0.07143      -     -    0s
     0     0    0.07143    0   43    0.00000    0.07143      -     -    0s
     0     0    0.07058    0   55    0.00000    0.07058      -     -    0s
     0     0    0.07034    0   54    0.00000    0.07034      -     -    0s
     0     0    0.07034    0   51    0.00000    0.07034      -     -    0s
     0     0    0.07003    0   51    0.00000    0.07003      -     -    0s
     0     2    0.07003    0   51    0.00000    0.07003      -     -    0s
* 1605  1273              76       0.0000001    0.05064      -  20.1    1s
* 1609  1224              76       0.0000001    0.05064      -  20.0    1s
H 1612  1177                       0.0000001    0.05064      -  20.0    1s
* 1957  1284             129       0.0000003    0.05064      -  18.4    1s
H 2144  1354                       0.0000006    0.05064      -  19.6    1s
H 2756  1686                       0.0000007    0.05064      -  20.9    1s
H 3141  1823                       0.0000008    0.05064      -  20.5    2s
 15312 10856    0.00679   38   52    0.00000    0.04024      -  18.9    5s
 34115 22486 infeasible   37         0.00000    0.03370      -  19.1   10s
 57147 36665    0.00005   42   25    0.00000    0.03035      -  19.2   15s
 79294 51067    0.00005   70   28    0.00000    0.02838      -  19.0   20s

Cutting planes:
  Gomory: 11
  Implied bound: 1
  Flow cover: 5
  RLT: 50
  Relax-and-lift: 5
  BQP: 18

Explored 96800 nodes (1837585 simplex iterations) in 23.73 seconds (23.04 work units)
Thread count was 4 (of 4 available processors)

Solution count 10: 7.8095e-07 7.8095e-07 6.64577e-07 ... 3.16254e-08

Optimization achieved user objective limit
Best objective 7.809501463840e-07, best bound 2.742289413905e-02, gap -
{"verdict": "PROVED", "status": "BOUND_REACHED", "runtime": 23.731816053390503, "objval": 7.809501463840187e-07, "objbound": 0.02742289413904782, "binaries": 46}
