Set parameter NodefileStart to value 6
Read parameters from file gurobi.env
Restricted license - for non-production use only - expires 2027-11-29
Set parameter OutputFlag to value 1
Set parameter Threads to value 4
Set parameter TimeLimit to value 360
Set parameter MIPGap to value 5e-05
Set parameter MIPFocus to value 2
Set parameter NonConvex to value 2
Set parameter BestBdStop to value 2.7426211734693878e-02
Gurobi Optimizer version 13.0.3 build v13.0.3rc0 (linux64 - "Ubuntu 24.04.5 LTS")

CPU model: AMD EPYC 7763 64-Core Processor, instruction set [SSE2|AVX|AVX2]
Thread count: 2 physical cores, 4 logical processors, using up to 4 threads

Non-default parameters:
TimeLimit  360
BestBdStop  2.7426211734693878e-02
MIPGap  5e-05
MIPFocus  2
NodefileStart  6
NonConvex  2
Threads  4

Optimize a model with 149 rows, 119 columns and 871 nonzeros (Max)
Model fingerprint: 0x3cb4982e
Model has 1 linear objective coefficients
Model has 50 quadratic constraints
Variable types: 65 continuous, 54 integer (54 binary)
Coefficient statistics:
  Matrix range     [5e-01, 1e+00]
  QMatrix range    [1e+00, 1e+00]
  QLMatrix range   [1e+00, 1e+00]
  Objective range  [1e+00, 1e+00]
  Bounds range     [5e-01, 1e+00]
  RHS range        [1e+00, 1e+00]

Found heuristic solution: objective -0.0000000
Presolve time: 0.00s
Presolved: 349 rows, 120 columns, 1271 nonzeros
Presolved model has 50 bilinear constraint(s)

Solving non-convex MIQCP to global optimality

Variable types: 66 continuous, 54 integer (54 binary)
Root relaxation presolve removed 50 rows and 1 columns
Root relaxation presolved: 299 rows, 119 columns, 1221 nonzeros


Root relaxation: objective 8.333333e-02, 121 iterations, 0.00 seconds (0.00 work units)

    Nodes    |    Current Node    |     Objective Bounds      |     Work
 Expl Unexpl |  Obj  Depth IntInf | Incumbent    BestBd   Gap | It/Node Time

     0     0    0.08333    0   49   -0.00000    0.08333      -     -    0s
H    0     0                       0.0000000    0.08333      -     -    0s
H    0     0                       0.0000004    0.08333      -     -    0s
     0     0    0.07143    0   44    0.00000    0.07143      -     -    0s
     0     0    0.07143    0   43    0.00000    0.07143      -     -    0s
     0     0    0.07143    0   43    0.00000    0.07143      -     -    0s
     0     2    0.07143    0   43    0.00000    0.07143      -     -    0s
H   52    72                       0.0000008    0.07143      -  30.0    0s
H 1483  1176                       0.0142508    0.05936   317%  20.5    1s
H 2522  1361                       0.0151445    0.04997   230%  21.1    2s
H 3056  1313                       0.0162106    0.04881   201%  19.9    2s
* 3074  1210              94       0.0169783    0.04881   188%  19.8    2s
* 3077  1157              95       0.0172022    0.04881   184%  19.8    2s
* 3086  1112             100       0.0172099    0.04881   184%  19.8    2s
* 3091  1073             102       0.0172103    0.04881   184%  19.7    2s
H 3096   879                       0.0193214    0.04881   153%  19.7    2s
H 3414   992                       0.0193214    0.04834   150%  20.5    2s
H 7327  2322                       0.0193214    0.04377   127%  23.3    3s
 10530  3590     cutoff   31         0.01932    0.04246   120%  25.5    5s
 29883  7463    0.02030   36   44    0.01932    0.03787  96.0%  30.1   10s
 49113 11274     cutoff   33         0.01932    0.03527  82.5%  30.6   15s
 72204 15507    0.01957   36   50    0.01932    0.03335  72.6%  29.9   20s
 94746 19045     cutoff   40         0.01932    0.03230  67.2%  29.5   25s
 117983 22376     cutoff   36         0.01932    0.03158  63.5%  29.3   30s
 141059 25774    0.02049   33   37    0.01932    0.03104  60.6%  29.2   35s
 164071 28644    0.02694   29   57    0.01932    0.03055  58.1%  29.0   40s
 184306 32191     cutoff   34         0.01932    0.03039  57.3%  29.5   45s
 204137 34730    0.02302   30   43    0.01932    0.03009  55.7%  29.4   50s
 226974 38143 infeasible   26         0.01932    0.02983  54.4%  29.4   55s
 249668 40890    0.02109   30   43    0.01932    0.02956  53.0%  29.3   60s
 273241 43423    0.02307   31   56    0.01932    0.02926  51.4%  29.2   65s
 295320 45515    0.02071   30   54    0.01932    0.02898  50.0%  29.2   70s
 316158 47914     cutoff   39         0.01932    0.02875  48.8%  29.1   75s
 338497 50392     cutoff   39         0.01932    0.02853  47.7%  29.0   80s
 362390 52561     cutoff   26         0.01932    0.02830  46.4%  28.9   85s
 383707 54628     cutoff   33         0.01932    0.02810  45.4%  28.8   90s
 406490 57025     cutoff   43         0.01932    0.02788  44.3%  28.7   95s
 429850 58814     cutoff   36         0.01932    0.02768  43.3%  28.6  100s
 449928 60545    0.02423   32   65    0.01932    0.02753  42.5%  28.5  105s

Cutting planes:
  Gomory: 6
  Implied bound: 21
  MIR: 1
  Flow cover: 6
  RLT: 73
  Relax-and-lift: 2
  BQP: 3

Explored 463752 nodes (13203914 simplex iterations) in 107.96 seconds (112.47 work units)
Thread count was 4 (of 4 available processors)

Solution count 10: 0.0193214 0.0172103 0.0172099 ... 3.95602e-07

Optimization achieved user objective limit
Best objective 1.932139735259e-02, best bound 2.742229754811e-02, gap 41.9271%
{"verdict": "PROVED", "status": "BOUND_REACHED", "runtime": 107.9566581249237, "objval": 0.01932139735258759, "objbound": 0.027422297548111613, "binaries": 54}
