Set parameter NodefileStart to value 6
Read parameters from file gurobi.env
Restricted license - for non-production use only - expires 2027-11-29
Set parameter OutputFlag to value 1
Set parameter Threads to value 4
Set parameter TimeLimit to value 360
Set parameter MIPGap to value 5e-05
Set parameter MIPFocus to value 2
Set parameter NonConvex to value 2
Set parameter BestBdStop to value 2.7426211734693878e-02
Gurobi Optimizer version 13.0.3 build v13.0.3rc0 (linux64 - "Ubuntu 24.04.5 LTS")

CPU model: Intel(R) Xeon(R) 6973P-C, instruction set [SSE2|AVX|AVX2|AVX512]
Thread count: 2 physical cores, 4 logical processors, using up to 4 threads

Non-default parameters:
TimeLimit  360
BestBdStop  2.7426211734693878e-02
MIPGap  5e-05
MIPFocus  2
NodefileStart  6
NonConvex  2
Threads  4

Optimize a model with 141 rows, 111 columns and 810 nonzeros (Max)
Model fingerprint: 0xd981992f
Model has 1 linear objective coefficients
Model has 50 quadratic constraints
Variable types: 65 continuous, 46 integer (46 binary)
Coefficient statistics:
  Matrix range     [5e-01, 1e+00]
  QMatrix range    [1e+00, 1e+00]
  QLMatrix range   [1e+00, 1e+00]
  Objective range  [1e+00, 1e+00]
  Bounds range     [5e-01, 1e+00]
  RHS range        [1e+00, 1e+00]

Found heuristic solution: objective -0.0000000
Presolve time: 0.00s
Presolved: 341 rows, 112 columns, 1210 nonzeros
Presolved model has 50 bilinear constraint(s)

Solving non-convex MIQCP to global optimality

Variable types: 66 continuous, 46 integer (46 binary)
Root relaxation presolve removed 50 rows and 1 columns
Root relaxation presolved: 291 rows, 111 columns, 1160 nonzeros


Root relaxation: objective 8.333333e-02, 112 iterations, 0.00 seconds (0.00 work units)

    Nodes    |    Current Node    |     Objective Bounds      |     Work
 Expl Unexpl |  Obj  Depth IntInf | Incumbent    BestBd   Gap | It/Node Time

     0     0    0.08333    0   46   -0.00000    0.08333      -     -    0s
     0     0    0.08333    0   62   -0.00000    0.08333      -     -    0s
     0     0    0.08333    0   57   -0.00000    0.08333      -     -    0s
     0     0    0.08333    0   33   -0.00000    0.08333      -     -    0s
H    0     0                       0.0000001    0.08333      -     -    0s
H    0     0                       0.0000001    0.08333      -     -    0s
     0     0    0.08065    0   48    0.00000    0.08065      -     -    0s
     0     0    0.07500    0   70    0.00000    0.07500      -     -    0s
     0     0    0.07500    0   52    0.00000    0.07500      -     -    0s
     0     0    0.07500    0   53    0.00000    0.07500      -     -    0s
     0     0    0.07500    0   56    0.00000    0.07500      -     -    0s
     0     0    0.07500    0   59    0.00000    0.07500      -     -    0s
     0     0    0.07500    0   58    0.00000    0.07500      -     -    0s
     0     0    0.07500    0   54    0.00000    0.07500      -     -    0s
     0     0    0.07500    0   56    0.00000    0.07500      -     -    0s
     0     0    0.07500    0   56    0.00000    0.07500      -     -    0s
     0     0    0.07500    0   60    0.00000    0.07500      -     -    0s
     0     0    0.07500    0   55    0.00000    0.07500      -     -    0s
     0     0    0.07500    0   58    0.00000    0.07500      -     -    0s
     0     0    0.07500    0   58    0.00000    0.07500      -     -    0s
     0     0    0.07500    0   58    0.00000    0.07500      -     -    0s
     0     2    0.07500    0   58    0.00000    0.07500      -     -    0s
H  650   532                       0.0000004    0.07500      -  32.1    0s
* 4806  3135             125       0.0000005    0.04876      -  26.0    3s
H 5038  3253                       0.0000006    0.04876      -  25.8    3s
* 5051  3250             144       0.0000006    0.04876      -  25.7    3s
* 5820  3772             141       0.0000009    0.04876      -  24.8    4s
  8503  5853    0.00132   58   51    0.00000    0.04876      -  22.8    5s
H18949 13848                       0.0000010    0.04876      -  21.0    7s
H19173 14094                       0.0000010    0.04876      -  21.0    7s
H20214 14705                       0.0000011    0.04876      -  20.7    7s
 29260 21157    0.00124   67   54    0.00000    0.04876      -  20.2   10s
H29266 20978                       0.0000012    0.04876      -  20.2   10s
 56849 40032    0.00138   58   37    0.00000    0.04842      -  20.6   15s
 85020 60077    0.00005   77   49    0.00000    0.04631      -  20.1   20s
 115458 81854    0.04317   40   62    0.00000    0.04488      -  20.3   25s
H129372 90754                       0.0000014    0.04424      -  20.5   29s
 132283 92895    0.01443   41   44    0.00000    0.04414      -  20.5   31s
 156691 109620    0.01390   50   52    0.00000    0.04331      -  20.8   35s
 180046 126029    0.00185   55   51    0.00000    0.04274      -  21.3   40s
 204992 142483    0.00000   73   30    0.00000    0.04201      -  21.5   45s
 229258 159437     cutoff   81         0.00000    0.04152      -  21.6   50s
 254730 177672    0.00716   55   51    0.00000    0.04104      -  21.7   55s
 278740 193371    0.00002   58   42    0.00000    0.04052      -  21.8   60s
 302755 209617    0.00052   62   43    0.00000    0.04006      -  22.0   65s
 330316 227598    0.00062   62   32    0.00000    0.03959      -  22.0   70s
 357550 246619     cutoff   71         0.00000    0.03922      -  22.1   75s
 383785 263671    0.01484   54   64    0.00000    0.03880      -  22.2   80s
 406589 279028     cutoff  105         0.00000    0.03853      -  22.3   85s
 431699 295776    0.00008   76   50    0.00000    0.03824      -  22.4   90s
 456823 312399    0.03636   46   52    0.00000    0.03793      -  22.4   96s
 479697 326849    0.01898   48   44    0.00000    0.03763      -  22.5  100s
 502849 343005    0.00387   53   50    0.00000    0.03743      -  22.5  105s
 512787 349462    0.00000   99   47    0.00000    0.03729      -  22.5  110s
 540151 367837    0.00001   91   46    0.00000    0.03702      -  22.5  115s
 564415 384155     cutoff   64         0.00000    0.03679      -  22.5  120s
 586331 397885    0.00026   70   45    0.00000    0.03649      -  22.6  125s
 610712 413922    0.00001   85   40    0.00000    0.03627      -  22.6  130s
 629671 426499    0.00527   57   51    0.00000    0.03610      -  22.6  135s
 652641 440794    0.00001   66   37    0.00000    0.03589      -  22.7  140s
 678802 458048    0.00001   88   36    0.00000    0.03567      -  22.7  145s
 705730 475484    0.00020   80   44    0.00000    0.03546      -  22.7  150s
 734026 494309    0.00019   70   51    0.00000    0.03524      -  22.7  156s
 756755 508878    0.00088   55   43    0.00000    0.03509      -  22.7  160s
 778020 522179    0.00003   77   44    0.00000    0.03493      -  22.8  165s
 803246 538127    0.00005   89   42    0.00000    0.03478      -  22.8  170s
 829387 555276    0.00001   73   38    0.00000    0.03461      -  22.8  175s
 856367 573060    0.00011   85   31    0.00000    0.03446      -  22.8  180s
 879799 588729    0.00011   75   45    0.00000    0.03433      -  22.8  185s
 900637 602826    0.00000   83   48    0.00000    0.03424      -  22.8  190s
 924228 617642    0.00467   59   55    0.00000    0.03411      -  22.8  195s
 947311 631920    0.00943   50   54    0.00000    0.03397      -  22.8  200s
 976942 650869    0.00588   53   52    0.00000    0.03381      -  22.9  205s
 1000241 665205    0.00004   82   37    0.00000    0.03370      -  22.9  210s
 1023823 679670    0.00436   57   50    0.00000    0.03359      -  22.9  215s
 1049295 696252    0.00531   54   52    0.00000    0.03347      -  22.9  220s
 1073050 710842    0.01192   53   50    0.00000    0.03334      -  22.9  225s
 1098428 726680    0.00017   66   40    0.00000    0.03324      -  22.9  230s
 1123908 742993    0.00059   66   50    0.00000    0.03313      -  22.9  236s
 1147855 758516    0.00005   69   45    0.00000    0.03303      -  23.0  240s
 1169661 772473    0.00011   74   51    0.00000    0.03293      -  23.0  245s
 1189924 786057     cutoff   54         0.00000    0.03286      -  23.0  250s
 1215502 802666    0.00448   51   52    0.00000    0.03276      -  23.0  255s
 1236574 816637    0.00004   75   50    0.00000    0.03271      -  23.0  260s
 1258268 830412     cutoff   57         0.00000    0.03262      -  23.0  265s
 1279835 843929    0.03181   49   53    0.00000    0.03253      -  23.1  270s
 1306088 860613    0.02462   51   56    0.00000    0.03242      -  23.1  275s
 1331576 877381    0.00684   51   40    0.00000    0.03233      -  23.1  280s
 1353642 891804    0.00153   62   50    0.00000    0.03226      -  23.1  285s
 1380996 908660    0.01806   50   54    0.00000    0.03215      -  23.1  290s
 1407327 925169    0.00635   58   44    0.00000    0.03205      -  23.1  295s
 1428875 939446     cutoff  106         0.00000    0.03199      -  23.2  300s
 1446145 950714    0.00009   76   50    0.00000    0.03195      -  23.2  305s
 1471008 966205    0.00178   59   37    0.00000    0.03187      -  23.2  310s
 1491502 977990     cutoff   61         0.00000    0.03180      -  23.2  315s
 1510162 989542    0.00021   67   51    0.00000    0.03174      -  23.2  320s
 1533487 1003511    0.00381   47   53    0.00000    0.03168      -  23.2  325s
 1558632 1019119    0.00172   66   50    0.00000    0.03159      -  23.2  330s
 1581271 1032776    0.01036   49   44    0.00000    0.03152      -  23.2  335s
 1581284 1032787    0.00265   51   50    0.00000    0.03152      -  23.2  340s
 1582427 1033484    0.00000   88   40    0.00000    0.03152      -  23.2  346s
 1606486 1048446    0.01011   51   44    0.00000    0.03143      -  23.2  350s
 1626956 1061196    0.00001  105   32    0.00000    0.03136      -  23.2  355s
 1653661 1077192    0.00016   69   47    0.00000    0.03128      -  23.2  360s

Cutting planes:
  Gomory: 10
  Implied bound: 2
  MIR: 4
  Flow cover: 23
  RLT: 83
  Relax-and-lift: 16
  BQP: 38

Explored 1653861 nodes (38357460 simplex iterations) in 360.00 seconds (453.20 work units)
Thread count was 4 (of 4 available processors)

Solution count 10: 1.35888e-06 1.24925e-06 1.08953e-06 ... 4.26244e-07

Time limit reached
Best objective 1.358877146585e-06, best bound 3.128421885121e-02, gap 2302110.9784%
{"verdict": "UNRESOLVED", "status": "TIME_LIMIT", "runtime": 360.0019381046295, "objval": 1.3588771465847313e-06, "objbound": 0.03128421885120892, "binaries": 46}
