Set parameter NodefileStart to value 6
Read parameters from file gurobi.env
Restricted license - for non-production use only - expires 2027-11-29
Set parameter OutputFlag to value 1
Set parameter Threads to value 4
Set parameter TimeLimit to value 360
Set parameter MIPGap to value 5e-05
Set parameter MIPFocus to value 2
Set parameter NonConvex to value 2
Set parameter BestBdStop to value 2.7426211734693878e-02
Gurobi Optimizer version 13.0.3 build v13.0.3rc0 (linux64 - "Ubuntu 24.04.5 LTS")

CPU model: INTEL(R) XEON(R) PLATINUM 8573C, instruction set [SSE2|AVX|AVX2|AVX512]
Thread count: 2 physical cores, 4 logical processors, using up to 4 threads

Non-default parameters:
TimeLimit  360
BestBdStop  2.7426211734693878e-02
MIPGap  5e-05
MIPFocus  2
NodefileStart  6
NonConvex  2
Threads  4

Optimize a model with 141 rows, 111 columns and 810 nonzeros (Max)
Model fingerprint: 0x81d73a7b
Model has 1 linear objective coefficients
Model has 50 quadratic constraints
Variable types: 65 continuous, 46 integer (46 binary)
Coefficient statistics:
  Matrix range     [5e-01, 1e+00]
  QMatrix range    [1e+00, 1e+00]
  QLMatrix range   [1e+00, 1e+00]
  Objective range  [1e+00, 1e+00]
  Bounds range     [5e-01, 1e+00]
  RHS range        [1e+00, 1e+00]

Found heuristic solution: objective -0.0000000
Presolve time: 0.00s
Presolved: 341 rows, 112 columns, 1210 nonzeros
Presolved model has 50 bilinear constraint(s)

Solving non-convex MIQCP to global optimality

Variable types: 66 continuous, 46 integer (46 binary)
Root relaxation presolve removed 70 rows and 11 columns
Root relaxation presolved: 271 rows, 101 columns, 1040 nonzeros


Root relaxation: objective 7.142857e-02, 108 iterations, 0.00 seconds (0.00 work units)

    Nodes    |    Current Node    |     Objective Bounds      |     Work
 Expl Unexpl |  Obj  Depth IntInf | Incumbent    BestBd   Gap | It/Node Time

     0     0    0.07143    0   50   -0.00000    0.07143      -     -    0s
     0     0    0.07143    0   58   -0.00000    0.07143      -     -    0s
     0     0    0.07143    0   72   -0.00000    0.07143      -     -    0s
     0     0    0.07143    0   58   -0.00000    0.07143      -     -    0s
H    0     0                       0.0000000    0.07143      -     -    0s
     0     0    0.07143    0   58    0.00000    0.07143      -     -    0s
     0     0    0.07143    0   63    0.00000    0.07143      -     -    0s
     0     0    0.07143    0   50    0.00000    0.07143      -     -    0s
     0     0    0.07042    0   51    0.00000    0.07042      -     -    0s
     0     0    0.07011    0   70    0.00000    0.07011      -     -    0s
     0     0    0.07011    0   66    0.00000    0.07011      -     -    0s
     0     0    0.07000    0   66    0.00000    0.07000      -     -    0s
     0     0    0.07000    0   66    0.00000    0.07000      -     -    0s
     0     2    0.07000    0   64    0.00000    0.07000      -     -    0s
*  891   770             107       0.0000001    0.07000      -  27.4    0s
*  892   770             108       0.0000001    0.07000      -  27.4    0s
H 1208   951                       0.0000002    0.06814      -  27.1    1s
H 1208   904                       0.0000002    0.06814      -  27.1    1s
H 1355   966                       0.0000003    0.06814      -  29.4    1s
* 1813  1186             100       0.0000004    0.06814      -  28.0    1s
* 1815  1145             101       0.0000005    0.06814      -  28.0    1s
H 2370  1246                       0.0000005    0.06159      -  27.8    2s
H 2697  1362                       0.0000005    0.06022      -  28.6    2s
H 6018  3695                       0.0000006    0.05519      -  28.3    3s
H 6791  4363                       0.0000007    0.05519      -  29.4    3s
*10718  7152             105       0.0000007    0.05283      -  30.4    4s
H10855  7077                       0.0000008    0.05283      -  30.5    4s
 11384  7611    0.01349   42   52    0.00000    0.05266      -  30.4    5s
H12662  8201                       0.0000010    0.05229      -  31.0    5s
 25955 17196    0.00001   73   45    0.00000    0.04691      -  29.3   10s
 39818 27125    0.00029   60   50    0.00000    0.04490      -  28.9   15s
 61222 41427    0.00185   42   48    0.00000    0.04291      -  28.6   20s
 79748 53815    0.01826   34   50    0.00000    0.04163      -  28.4   25s
 95881 65237    0.00033   65   33    0.00000    0.04107      -  28.3   30s
 114499 77686    0.01447   30   51    0.00000    0.04040      -  28.3   35s
 133887 90848    0.00000   89   39    0.00000    0.03973      -  28.3   40s
 153085 104185    0.00025   52   50    0.00000    0.03906      -  28.4   45s
 170210 116336    0.00000   82   31    0.00000    0.03860      -  28.5   50s
H183702 124464                       0.0000011    0.03823      -  28.5   54s
H183757 124568                       0.0000011    0.03823      -  28.5   54s
 184983 125437    0.00036   73   50    0.00000    0.03820      -  28.6   55s
 201858 137340    0.00730   42   44    0.00000    0.03793      -  28.6   61s
 218227 148511    0.00681   44   51    0.00000    0.03759      -  28.5   65s
 233752 158580     cutoff   51         0.00000    0.03731      -  28.5   70s
 255028 172201     cutoff   42         0.00000    0.03693      -  28.5   75s
H259455 176528                       0.0000012    0.03685      -  28.5   78s
H263466 176291                       0.0000012    0.03679      -  28.5   79s
 265837 178080     cutoff   61         0.00000    0.03675      -  28.5   80s
 283012 189111     cutoff   53         0.00000    0.03642      -  28.5   85s
 304374 203351    0.00001   60   32    0.00000    0.03609      -  28.6   90s
 317387 212029    0.00000   92   33    0.00000    0.03594      -  28.6   95s
 335270 224092     cutoff   32         0.00000    0.03573      -  28.7  100s
 351626 234822    0.01980   39   57    0.00000    0.03555      -  28.7  105s
 370049 247020    0.00004   57   43    0.00000    0.03538      -  28.7  110s
 387453 257782    0.00014   66   51    0.00000    0.03519      -  28.7  115s
 405432 269603    0.01215   42   52    0.00000    0.03500      -  28.7  120s
 415028 275486    0.00194   54   61    0.00000    0.03493      -  28.7  125s
 435755 288703    0.01528   29   51    0.00000    0.03477      -  28.8  130s
 448744 296977    0.00006   66   50    0.00000    0.03464      -  28.8  135s
 468509 309735    0.00001   61   50    0.00000    0.03448      -  28.8  141s
 482915 319011    0.02209   36   58    0.00000    0.03435      -  28.8  145s
 500223 329827    0.00239   49   44    0.00000    0.03421      -  28.8  150s
 519230 341900    0.00035   67   50    0.00000    0.03408      -  28.8  156s
 535467 352584    0.01337   45   55    0.00000    0.03398      -  28.8  160s
 552163 363011    0.02790   38   53    0.00000    0.03389      -  28.8  165s
 573030 376227    0.00625   38   44    0.00000    0.03378      -  28.8  171s
 587560 386504     cutoff  104         0.00000    0.03372      -  28.9  175s
 600641 394873     cutoff   62         0.00000    0.03367      -  28.9  180s
 621881 408136    0.00066   61   50    0.00000    0.03354      -  28.9  185s
 638665 419155    0.03252   29   52    0.00000    0.03347      -  28.9  190s
 650341 426375    0.02636   37   61    0.00000    0.03341      -  28.9  195s
 666585 436641    0.00426   50   52    0.00000    0.03332      -  28.9  200s
 685147 449150    0.00068   66   37    0.00000    0.03324      -  29.0  205s
 699891 458124     cutoff   44         0.00000    0.03317      -  29.0  210s
 718318 469826     cutoff  107         0.00000    0.03308      -  29.0  215s
 738068 482574    0.00139   50   50    0.00000    0.03298      -  29.0  220s
 749316 489288    0.00041   57   50    0.00000    0.03291      -  29.0  225s
 769585 502471    0.00000   75   47    0.00000    0.03284      -  29.0  230s
 782112 511083     cutoff   87         0.00000    0.03280      -  29.1  235s
 798543 522007    0.00044   71   39    0.00000    0.03276      -  29.1  240s
 816826 533922    0.00000   55   34    0.00000    0.03271      -  29.1  245s
 829733 541955     cutoff   68         0.00000    0.03266      -  29.1  250s
 848298 553516    0.00037   62   44    0.00000    0.03259      -  29.1  255s
 868027 566392     cutoff   92         0.00000    0.03253      -  29.1  260s
 884238 576533 infeasible   44         0.00000    0.03247      -  29.1  265s
 902221 587998    0.00000   90   37    0.00000    0.03240      -  29.1  272s
 913910 595357    0.00077   58   50    0.00000    0.03236      -  29.1  275s
 928181 604358    0.00119   41   43    0.00000    0.03231      -  29.1  280s
 945926 616064    0.01053   37   50    0.00000    0.03224      -  29.1  285s
 956963 623166    0.00909   46   55    0.00000    0.03220      -  29.1  290s
 976958 636274    0.00265   54   45    0.00000    0.03214      -  29.1  295s
 989244 644484    0.00322   43   55    0.00000    0.03211      -  29.1  300s
 1006186 655154    0.00000   60   44    0.00000    0.03206      -  29.1  305s
 1026648 668591    0.00112   52   50    0.00000    0.03200      -  29.2  310s
 1045859 681159    0.00009   69   54    0.00000    0.03195      -  29.1  315s
 1060146 690109    0.00725   42   51    0.00000    0.03191      -  29.1  320s
 1080913 703202     cutoff   39         0.00000    0.03184      -  29.1  325s
 1093516 711020    0.00808   48   55    0.00000    0.03181      -  29.1  330s
 1106171 719292    0.01960   43   53    0.00000    0.03179      -  29.1  335s
 1124813 731164    0.00052   60   44    0.00000    0.03174      -  29.2  340s
 1136662 738679    0.00003   73   50    0.00000    0.03171      -  29.2  345s
 1154113 749057    0.00064   52   50    0.00000    0.03165      -  29.2  351s
 1168422 758969    0.00041   43   50    0.00000    0.03162      -  29.2  355s
 1180540 766327    0.00026   53   49    0.00000    0.03159      -  29.2  360s

Cutting planes:
  Gomory: 29
  Implied bound: 36
  MIR: 11
  Mixing: 1
  Flow cover: 70
  Inf proof: 1
  RLT: 92
  Relax-and-lift: 29
  BQP: 39

Explored 1180657 nodes (34494132 simplex iterations) in 360.00 seconds (320.99 work units)
Thread count was 4 (of 4 available processors)

Solution count 10: 1.2107e-06 1.17321e-06 1.07836e-06 ... 4.11626e-07

Time limit reached
Best objective 1.210701070869e-06, best bound 3.158761309986e-02, gap 2608934.8691%
{"verdict": "UNRESOLVED", "status": "TIME_LIMIT", "runtime": 360.00262999534607, "objval": 1.2107010708685488e-06, "objbound": 0.03158761309985562, "binaries": 46}
