Set parameter NodefileStart to value 6
Read parameters from file gurobi.env
Restricted license - for non-production use only - expires 2027-11-29
Set parameter OutputFlag to value 1
Set parameter Threads to value 4
Set parameter TimeLimit to value 360
Set parameter MIPGap to value 5e-05
Set parameter MIPFocus to value 2
Set parameter NonConvex to value 2
Set parameter BestBdStop to value 2.7426211734693878e-02
Gurobi Optimizer version 13.0.3 build v13.0.3rc0 (linux64 - "Ubuntu 24.04.5 LTS")

CPU model: AMD EPYC 9V45 96-Core Processor, instruction set [SSE2|AVX|AVX2|AVX512]
Thread count: 2 physical cores, 4 logical processors, using up to 4 threads

Non-default parameters:
TimeLimit  360
BestBdStop  2.7426211734693878e-02
MIPGap  5e-05
MIPFocus  2
NodefileStart  6
NonConvex  2
Threads  4

Optimize a model with 141 rows, 111 columns and 810 nonzeros (Max)
Model fingerprint: 0xddf2180b
Model has 1 linear objective coefficients
Model has 50 quadratic constraints
Variable types: 65 continuous, 46 integer (46 binary)
Coefficient statistics:
  Matrix range     [5e-01, 1e+00]
  QMatrix range    [1e+00, 1e+00]
  QLMatrix range   [1e+00, 1e+00]
  Objective range  [1e+00, 1e+00]
  Bounds range     [5e-01, 1e+00]
  RHS range        [1e+00, 1e+00]

Found heuristic solution: objective -0.0000000
Presolve time: 0.00s
Presolved: 341 rows, 112 columns, 1210 nonzeros
Presolved model has 50 bilinear constraint(s)

Solving non-convex MIQCP to global optimality

Variable types: 66 continuous, 46 integer (46 binary)
Root relaxation presolve removed 50 rows and 1 columns
Root relaxation presolved: 291 rows, 111 columns, 1160 nonzeros


Root relaxation: objective 8.333333e-02, 100 iterations, 0.00 seconds (0.00 work units)

    Nodes    |    Current Node    |     Objective Bounds      |     Work
 Expl Unexpl |  Obj  Depth IntInf | Incumbent    BestBd   Gap | It/Node Time

     0     0    0.08333    0   44   -0.00000    0.08333      -     -    0s
     0     0    0.08333    0   63   -0.00000    0.08333      -     -    0s
     0     0    0.08333    0   49   -0.00000    0.08333      -     -    0s
     0     0    0.07692    0   64   -0.00000    0.07692      -     -    0s
     0     0    0.07692    0   55   -0.00000    0.07692      -     -    0s
H    0     0                       0.0000000    0.07692      -     -    0s
H    0     0                       0.0000001    0.07692      -     -    0s
     0     0    0.07143    0   55    0.00000    0.07143      -     -    0s
     0     0    0.07143    0   59    0.00000    0.07143      -     -    0s
     0     0    0.07143    0   53    0.00000    0.07143      -     -    0s
     0     0    0.07143    0   57    0.00000    0.07143      -     -    0s
     0     0    0.07143    0   61    0.00000    0.07143      -     -    0s
     0     0    0.07143    0   61    0.00000    0.07143      -     -    0s
     0     0    0.07143    0   54    0.00000    0.07143      -     -    0s
     0     0    0.07018    0   58    0.00000    0.07018      -     -    0s
     0     0    0.07000    0   53    0.00000    0.07000      -     -    0s
     0     0    0.07000    0   56    0.00000    0.07000      -     -    0s
     0     0    0.06977    0   54    0.00000    0.06977      -     -    0s
     0     0    0.06977    0   54    0.00000    0.06977      -     -    0s
     0     2    0.06977    0   54    0.00000    0.06977      -     -    0s
*  745   645              78       0.0000002    0.06977      -  27.2    0s
H 1123   928                       0.0000003    0.06977      -  29.3    0s
* 1879  1365             118       0.0000004    0.06378      -  26.8    1s
* 1886  1318             121       0.0000005    0.06378      -  26.7    1s
H 1995  1290                       0.0000006    0.06360      -  26.2    1s
H 2268  1388                       0.0000007    0.06360      -  26.3    1s
H 4570  2993                       0.0000008    0.06027      -  25.4    1s
H 9653  7004                       0.0000008    0.05573      -  26.1    2s
 22464 15951    0.00023   78   26    0.00000    0.05038      -  27.1    5s
 47273 33400    0.00090   45   45    0.00000    0.04678      -  28.5   10s
 77606 54084    0.00499   40   40    0.00000    0.04482      -  29.2   15s
H99315 67990                       0.0000008    0.04402      -  29.8   19s
 102635 70196    0.00979   33   46    0.00000    0.04391      -  30.0   20s
 133168 90807    0.00727   42   51    0.00000    0.04290      -  30.3   25s
 162758 110958    0.00591   45   50    0.00000    0.04211      -  30.3   30s
 193112 131117    0.00003   68   44    0.00000    0.04154      -  30.3   35s
*193135 130627              87       0.0000009    0.04154      -  30.3   35s
*193154 129780              92       0.0000010    0.04154      -  30.3   35s
*193159 129279              90       0.0000010    0.04154      -  30.3   35s
H193510 129499                       0.0000010    0.04153      -  30.3   35s
*202273 135283              71       0.0000010    0.04134      -  30.4   36s
H203475 130315                       0.0000019    0.04133      -  30.4   37s
 218302 140478    0.00003   67   44    0.00000    0.04103      -  30.6   40s
 249556 161677     cutoff   43         0.00000    0.04055      -  30.8   45s
 277461 180548    0.00876   39   50    0.00000    0.04015      -  31.0   50s
 309014 202018    0.00000   82   21    0.00000    0.03979      -  31.2   55s
H328061 213837                       0.0000020    0.03956      -  31.2   58s
 337809 219940    0.00848   44   51    0.00000    0.03942      -  31.2   60s
 367437 239413    0.01941   39   54    0.00000    0.03917      -  31.3   65s
 395978 258145    0.00001   54   50    0.00000    0.03889      -  31.4   70s
H402032 262122                       0.0000020    0.03885      -  31.4   71s
 420080 273863     cutoff   79         0.00000    0.03864      -  31.4   75s
 445779 291266    0.00000   70   11    0.00000    0.03845      -  31.5   80s
 476637 311432    0.00010   63   26    0.00000    0.03819      -  31.4   85s
 504859 329902     cutoff   78         0.00000    0.03799      -  31.5   90s
H505502 329830                       0.0000020    0.03799      -  31.5   90s
 530622 346487    0.01253   40   47    0.00000    0.03782      -  31.5   95s
 561899 367302    0.00004   76   50    0.00000    0.03763      -  31.6  100s
 592851 388027    0.00405   39   51    0.00000    0.03746      -  31.6  105s
 622402 407028    0.00001   58   50    0.00000    0.03729      -  31.7  110s
 652381 426721     cutoff   54         0.00000    0.03713      -  31.7  115s
 682540 446220    0.00073   41   41    0.00000    0.03694      -  31.7  120s
 714291 466817     cutoff   43         0.00000    0.03674      -  31.7  125s
 741347 484403    0.00000   53   20    0.00000    0.03661      -  31.7  130s
 770664 503294    0.02800   32   52    0.00000    0.03646      -  31.7  135s
 799349 521733    0.00325   42   50    0.00000    0.03633      -  31.7  140s
 828808 541292     cutoff  101         0.00000    0.03620      -  31.7  145s
 859749 561339    0.00000   82   29    0.00000    0.03608      -  31.7  150s
 886555 578296    0.00007   45   50    0.00000    0.03598      -  31.7  155s
 916180 597155     cutoff   56         0.00000    0.03586      -  31.7  160s
 945811 616692    0.02113   33   54    0.00000    0.03575      -  31.7  165s
 978078 637449     cutoff   81         0.00000    0.03565      -  31.7  170s
 1003646 653672    0.00644   39   50    0.00000    0.03555      -  31.7  175s
 1035206 673940    0.03259   34   55    0.00000    0.03547      -  31.8  180s
 1066344 693951    0.01493   49   51    0.00000    0.03536      -  31.8  185s
 1095788 713116 infeasible   50         0.00000    0.03528      -  31.8  190s
 1126550 733138    0.02726   35   50    0.00000    0.03519      -  31.8  195s
 1154847 751746    0.00000   81   50    0.00000    0.03509      -  31.8  200s
 1183969 770773    0.00641   39   50    0.00000    0.03501      -  31.8  205s
 1214973 790573    0.00026   41   35    0.00000    0.03492      -  31.8  210s
 1244609 809851    0.00003   72   38    0.00000    0.03482      -  31.8  215s
 1271194 826906    0.00090   46   50    0.00000    0.03474      -  31.8  220s
 1297664 844556    0.00004   80   50    0.00000    0.03468      -  31.8  225s
 1329136 864853    0.00005   67   49    0.00000    0.03462      -  31.8  230s
 1360420 884968    0.01133   45   52    0.00000    0.03455      -  31.8  235s
 1388958 903006    0.00001   75   49    0.00000    0.03447      -  31.8  240s
 1414566 919734    0.00212   43   37    0.00000    0.03442      -  31.8  245s
 1437584 934349    0.00000   62   32    0.00000    0.03435      -  31.8  250s
 1465471 952246    0.00000   62   43    0.00000    0.03428      -  31.9  255s
 1494628 970781    0.01547   39   51    0.00000    0.03421      -  31.9  260s
 1525387 990304    0.00214   46   52    0.00000    0.03413      -  31.9  265s
 1555870 1009629     cutoff   60         0.00000    0.03406      -  31.9  270s
 1582163 1026736    0.00374   45   51    0.00000    0.03401      -  31.9  275s
 1610300 1044444    0.01852   34   56    0.00000    0.03396      -  31.9  280s
 1640572 1063686    0.02569   34   54    0.00000    0.03391      -  31.9  285s
 1673030 1084159     cutoff   44         0.00000    0.03384      -  31.9  290s
 1700490 1102222     cutoff   69         0.00000    0.03380      -  31.9  295s
 1729813 1121314    0.00122   51   51    0.00000    0.03374      -  31.9  300s
 1759920 1139771    0.00257   47   44    0.00000    0.03368      -  31.9  305s
 1785560 1156709     cutoff   70         0.00000    0.03364      -  31.9  310s
 1813253 1173849    0.00001   80   50    0.00000    0.03359      -  31.9  315s
 1840497 1190479    0.01843   31   51    0.00000    0.03354      -  31.9  320s
 1866235 1207065    0.00658   38   51    0.00000    0.03349      -  31.9  325s
 1896195 1225816    0.00002   59   51    0.00000    0.03343      -  31.9  330s
 1926793 1245388    0.00043   66   50    0.00000    0.03339      -  31.9  335s
 1953349 1262880    0.00532   42   50    0.00000    0.03335      -  31.9  340s
H1977878 1278396                       0.0000020    0.03330      -  31.9  344s
 1983083 1281535    0.02167   33   51    0.00000    0.03330      -  31.9  345s
 2015574 1302972     cutoff   91         0.00000    0.03325      -  31.9  350s
 2046921 1322923    0.01761   35   52    0.00000    0.03319      -  31.9  355s
 2077832 1342764    0.00377   37   48    0.00000    0.03314      -  32.0  360s

Cutting planes:
  Gomory: 8
  Implied bound: 14
  MIR: 8
  Flow cover: 38
  RLT: 108
  Relax-and-lift: 17
  BQP: 30

Explored 2078056 nodes (66415689 simplex iterations) in 360.00 seconds (587.31 work units)
Thread count was 4 (of 4 available processors)

Solution count 10: 2.02489e-06 1.90571e-06 1.04123e-06 ... 5.6801e-07

Time limit reached
Best objective 2.024893611369e-06, best bound 3.313909799910e-02, gap 1636484.6488%
{"verdict": "UNRESOLVED", "status": "TIME_LIMIT", "runtime": 360.0013961791992, "objval": 2.0248936113687055e-06, "objbound": 0.03313909799910389, "binaries": 46}
