Set parameter NodefileStart to value 6
Read parameters from file gurobi.env
Restricted license - for non-production use only - expires 2027-11-29
Set parameter OutputFlag to value 1
Set parameter Threads to value 4
Set parameter TimeLimit to value 360
Set parameter MIPGap to value 5e-05
Set parameter MIPFocus to value 2
Set parameter NonConvex to value 2
Set parameter BestBdStop to value 2.7426211734693878e-02
Gurobi Optimizer version 13.0.3 build v13.0.3rc0 (linux64 - "Ubuntu 24.04.5 LTS")

CPU model: AMD EPYC 7763 64-Core Processor, instruction set [SSE2|AVX|AVX2]
Thread count: 2 physical cores, 4 logical processors, using up to 4 threads

Non-default parameters:
TimeLimit  360
BestBdStop  2.7426211734693878e-02
MIPGap  5e-05
MIPFocus  2
NodefileStart  6
NonConvex  2
Threads  4

Optimize a model with 141 rows, 111 columns and 810 nonzeros (Max)
Model fingerprint: 0x4cfffdfb
Model has 1 linear objective coefficients
Model has 50 quadratic constraints
Variable types: 65 continuous, 46 integer (46 binary)
Coefficient statistics:
  Matrix range     [5e-01, 1e+00]
  QMatrix range    [1e+00, 1e+00]
  QLMatrix range   [1e+00, 1e+00]
  Objective range  [1e+00, 1e+00]
  Bounds range     [5e-01, 1e+00]
  RHS range        [1e+00, 1e+00]

Found heuristic solution: objective -0.0000000
Presolve time: 0.00s
Presolved: 341 rows, 112 columns, 1210 nonzeros
Presolved model has 50 bilinear constraint(s)

Solving non-convex MIQCP to global optimality

Variable types: 66 continuous, 46 integer (46 binary)
Root relaxation presolve removed 50 rows and 1 columns
Root relaxation presolved: 291 rows, 111 columns, 1160 nonzeros


Root relaxation: objective 1.250000e-01, 98 iterations, 0.00 seconds (0.00 work units)

    Nodes    |    Current Node    |     Objective Bounds      |     Work
 Expl Unexpl |  Obj  Depth IntInf | Incumbent    BestBd   Gap | It/Node Time

     0     0    0.12500    0   43   -0.00000    0.12500      -     -    0s
     0     0    0.10000    0   75   -0.00000    0.10000      -     -    0s
     0     0    0.10000    0   77   -0.00000    0.10000      -     -    0s
     0     0    0.10000    0   77   -0.00000    0.10000      -     -    0s
     0     0    0.10000    0   65   -0.00000    0.10000      -     -    0s
     0     0    0.10000    0   49   -0.00000    0.10000      -     -    0s
     0     0    0.10000    0   74   -0.00000    0.10000      -     -    0s
     0     0    0.10000    0   76   -0.00000    0.10000      -     -    0s
     0     0    0.10000    0   79   -0.00000    0.10000      -     -    0s
     0     0    0.10000    0   79   -0.00000    0.10000      -     -    0s
     0     0    0.09615    0   79   -0.00000    0.09615      -     -    0s
     0     0    0.09615    0   79   -0.00000    0.09615      -     -    0s
     0     2    0.09615    0   76   -0.00000    0.09615      -     -    0s
*  592   576              95       0.0000001    0.09615      -  26.0    0s
*  641   654              96       0.0000002    0.09615      -  26.2    0s
H  721   660                       0.0000008    0.09615      -  26.4    0s
H 1182   986                       0.0000009    0.09375      -  26.9    1s
H 1185   938                       0.0018102    0.05955  3190%  26.8    1s
H 1188   893                       0.0035417    0.05384  1420%  26.8    1s
H 1188   848                       0.0053107    0.05384   914%  26.8    1s
H 1188   805                       0.0053277    0.05384   910%  26.8    1s
H 1192   768                       0.0057369    0.05070   784%  26.7    1s
* 1766  1005              83       0.0059456    0.04725   695%  30.4    2s
* 1767   966              83       0.0059517    0.04725   694%  30.4    2s
* 1842   941              89       0.0059517    0.04725   694%  30.2    2s
H 2381   964                       0.0082343    0.04725   474%  33.7    2s
H 3407  1173                       0.0108844    0.04725   334%  35.5    3s
H 5371  2159                       0.0113812    0.04725   315%  38.6    4s
  6917  3010     cutoff   33         0.01138    0.04725   315%  40.0    5s
H 9776  4152                       0.0113815    0.04725   315%  41.3    5s
 21759  9213    0.01485   33   45    0.01138    0.04725   315%  42.7   10s
 36087 14459    0.01655   36   59    0.01138    0.04725   315%  42.7   15s
 47895 18563     cutoff   36         0.01138    0.04598   304%  42.4   20s
 65154 24227    0.02392   29   46    0.01138    0.04402   287%  42.1   25s
H69594 23652                       0.0134387    0.04354   224%  42.1   26s
H70181 23921                       0.0134387    0.04350   224%  42.1   26s
 80834 26928     cutoff   38         0.01344    0.04250   216%  41.8   30s
 98609 31384    0.02647   31   48    0.01344    0.04106   206%  41.5   35s
 115081 35717    0.01584   39   51    0.01344    0.03999   198%  41.4   40s
H126193 29880                       0.0180668    0.03930   118%  41.3   43s
H127056 29963                       0.0180668    0.03927   117%  41.3   43s
 131574 30625     cutoff   34         0.01807    0.03893   115%  41.2   45s
 149150 32797    0.01871   32   45    0.01807    0.03780   109%  41.0   50s
 167064 34537     cutoff   36         0.01807    0.03674   103%  40.7   55s
 183868 36373    0.02050   37   60    0.01807    0.03596  99.0%  40.6   60s
 201976 38105    0.01934   34   55    0.01807    0.03509  94.2%  40.3   65s
 215401 39408    0.01856   39   53    0.01807    0.03457  91.3%  40.1   70s
 234128 40989    0.01883   27   47    0.01807    0.03381  87.1%  39.9   75s
 251601 42326     cutoff   30         0.01807    0.03322  83.9%  39.7   80s
 269391 43614    0.03121   37   59    0.01807    0.03265  80.7%  39.5   85s
 286372 44561    0.02857   30   47    0.01807    0.03212  77.8%  39.4   90s
 305546 45659     cutoff   39         0.01807    0.03153  74.5%  39.2   95s
 323657 46540    0.01848   36   57    0.01807    0.03103  71.7%  39.0  100s
 342464 47342    0.02692   35   53    0.01807    0.03050  68.8%  38.8  105s
 360822 47979     cutoff   38         0.01807    0.03005  66.3%  38.6  110s
 378408 48519    0.01937   41   52    0.01807    0.02965  64.1%  38.4  115s
 397070 48884    0.02720   29   57    0.01807    0.02920  61.6%  38.2  120s
 415819 49242    0.02502   33   54    0.01807    0.02878  59.3%  38.1  125s
 433329 49548    0.02103   30   54    0.01807    0.02840  57.2%  37.9  130s
 452431 49620     cutoff   39         0.01807    0.02797  54.8%  37.7  135s
 471890 49734     cutoff   31         0.01807    0.02756  52.5%  37.6  140s

Cutting planes:
  Gomory: 14
  Implied bound: 17
  MIR: 10
  Flow cover: 54
  RLT: 124
  Relax-and-lift: 8
  BQP: 23

Explored 478296 nodes (17928914 simplex iterations) in 141.59 seconds (157.21 work units)
Thread count was 4 (of 4 available processors)

Solution count 10: 0.0180668 0.0134387 0.0113815 ... 0.00573692

Optimization achieved user objective limit
Best objective 1.806679855700e-02, best bound 2.742584607499e-02, gap 51.8025%
{"verdict": "PROVED", "status": "BOUND_REACHED", "runtime": 141.58794498443604, "objval": 0.018066798557002106, "objbound": 0.02742584607499446, "binaries": 46}
