Set parameter NodefileStart to value 6
Read parameters from file gurobi.env
Restricted license - for non-production use only - expires 2027-11-29
Set parameter OutputFlag to value 1
Set parameter Threads to value 4
Set parameter TimeLimit to value 360
Set parameter MIPGap to value 5e-05
Set parameter MIPFocus to value 2
Set parameter NonConvex to value 2
Set parameter BestBdStop to value 2.7426211734693878e-02
Gurobi Optimizer version 13.0.3 build v13.0.3rc0 (linux64 - "Ubuntu 24.04.5 LTS")

CPU model: Intel(R) Xeon(R) 6973P-C, instruction set [SSE2|AVX|AVX2|AVX512]
Thread count: 2 physical cores, 4 logical processors, using up to 4 threads

Non-default parameters:
TimeLimit  360
BestBdStop  2.7426211734693878e-02
MIPGap  5e-05
MIPFocus  2
NodefileStart  6
NonConvex  2
Threads  4

Optimize a model with 133 rows, 103 columns and 742 nonzeros (Max)
Model fingerprint: 0xd73c8686
Model has 1 linear objective coefficients
Model has 50 quadratic constraints
Variable types: 65 continuous, 38 integer (38 binary)
Coefficient statistics:
  Matrix range     [5e-01, 1e+00]
  QMatrix range    [1e+00, 1e+00]
  QLMatrix range   [1e+00, 1e+00]
  Objective range  [1e+00, 1e+00]
  Bounds range     [5e-01, 1e+00]
  RHS range        [1e+00, 1e+00]

Found heuristic solution: objective -0.0000000
Presolve time: 0.00s
Presolved: 333 rows, 104 columns, 1142 nonzeros
Presolved model has 50 bilinear constraint(s)

Solving non-convex MIQCP to global optimality

Variable types: 66 continuous, 38 integer (38 binary)
Root relaxation presolve removed 50 rows and 1 columns
Root relaxation presolved: 283 rows, 103 columns, 1092 nonzeros


Root relaxation: objective 1.250000e-01, 126 iterations, 0.00 seconds (0.00 work units)

    Nodes    |    Current Node    |     Objective Bounds      |     Work
 Expl Unexpl |  Obj  Depth IntInf | Incumbent    BestBd   Gap | It/Node Time

     0     0    0.12500    0   52   -0.00000    0.12500      -     -    0s
     0     0    0.10000    0   56   -0.00000    0.10000      -     -    0s
     0     0    0.10000    0   58   -0.00000    0.10000      -     -    0s
     0     0    0.10000    0   56   -0.00000    0.10000      -     -    0s
     0     0    0.10000    0   46   -0.00000    0.10000      -     -    0s
     0     0    0.10000    0   43   -0.00000    0.10000      -     -    0s
     0     0    0.10000    0   59   -0.00000    0.10000      -     -    0s
     0     0    0.10000    0   59   -0.00000    0.10000      -     -    0s
     0     0    0.10000    0   69   -0.00000    0.10000      -     -    0s
     0     0    0.09524    0   71   -0.00000    0.09524      -     -    0s
     0     0    0.09524    0   63   -0.00000    0.09524      -     -    0s
     0     0    0.09524    0   74   -0.00000    0.09524      -     -    0s
     0     0    0.09524    0   71   -0.00000    0.09524      -     -    0s
     0     0    0.09524    0   63   -0.00000    0.09524      -     -    0s
     0     0    0.09524    0   66   -0.00000    0.09524      -     -    0s
     0     0    0.09524    0   66   -0.00000    0.09524      -     -    0s
     0     0    0.09524    0   66   -0.00000    0.09524      -     -    0s
     0     0    0.09524    0   57   -0.00000    0.09524      -     -    0s
     0     2    0.09524    0   57   -0.00000    0.09524      -     -    0s
*  738   676             107       0.0000001    0.09091      -  17.0    0s
*  739   676             107       0.0000001    0.09091      -  17.0    0s
H  955   876                       0.0000002    0.09091      -  18.7    0s
* 1907  1347             104       0.0000004    0.04901      -  24.5    1s
H 2461  1557                       0.0000004    0.04901      -  25.9    1s
* 5427  3144              73       0.0000004    0.04785      -  25.9    2s
* 6783  3955              54       0.0000004    0.04524      -  25.1    2s
* 6786  3942              53       0.0000004    0.04524      -  25.1    2s
 19910 11735    0.00010   51   42    0.00000    0.03439      -  26.9    5s
H33193 19792                       0.0000005    0.03079      -  26.8    7s
*33758 20007              93       0.0000005    0.03070      -  26.9    7s
H34907 20150                       0.0000007    0.03015      -  26.8    8s
H34909 19682                       0.0000009    0.03015      -  26.8    8s
 46072 26358     cutoff   39         0.00000    0.02746      -  26.5   10s

Cutting planes:
  Gomory: 11
  MIR: 1
  Flow cover: 15
  RLT: 50
  BQP: 10

Explored 46937 nodes (1250440 simplex iterations) in 10.14 seconds (13.52 work units)
Thread count was 4 (of 4 available processors)

Solution count 10: 9.33871e-07 6.91354e-07 5.49401e-07 ... 1.91161e-07

Optimization achieved user objective limit
Best objective 9.338708587478e-07, best bound 2.736132645707e-02, gap -
{"verdict": "PROVED", "status": "BOUND_REACHED", "runtime": 10.14401888847351, "objval": 9.338708587477984e-07, "objbound": 0.027361326457068246, "binaries": 38}
