Set parameter NodefileStart to value 6
Read parameters from file gurobi.env
Restricted license - for non-production use only - expires 2027-11-29
Set parameter OutputFlag to value 1
Set parameter Threads to value 4
Set parameter TimeLimit to value 360
Set parameter MIPGap to value 5e-05
Set parameter MIPFocus to value 2
Set parameter NonConvex to value 2
Set parameter BestBdStop to value 2.7426211734693878e-02
Gurobi Optimizer version 13.0.3 build v13.0.3rc0 (linux64 - "Ubuntu 24.04.5 LTS")

CPU model: AMD EPYC 7763 64-Core Processor, instruction set [SSE2|AVX|AVX2]
Thread count: 2 physical cores, 4 logical processors, using up to 4 threads

Non-default parameters:
TimeLimit  360
BestBdStop  2.7426211734693878e-02
MIPGap  5e-05
MIPFocus  2
NodefileStart  6
NonConvex  2
Threads  4

Optimize a model with 149 rows, 119 columns and 871 nonzeros (Max)
Model fingerprint: 0xf2ef99f2
Model has 1 linear objective coefficients
Model has 50 quadratic constraints
Variable types: 65 continuous, 54 integer (54 binary)
Coefficient statistics:
  Matrix range     [5e-01, 1e+00]
  QMatrix range    [1e+00, 1e+00]
  QLMatrix range   [1e+00, 1e+00]
  Objective range  [1e+00, 1e+00]
  Bounds range     [5e-01, 1e+00]
  RHS range        [1e+00, 1e+00]

Found heuristic solution: objective -0.0000000
Presolve time: 0.00s
Presolved: 349 rows, 120 columns, 1271 nonzeros
Presolved model has 50 bilinear constraint(s)

Solving non-convex MIQCP to global optimality

Variable types: 66 continuous, 54 integer (54 binary)
Root relaxation presolve removed 50 rows and 1 columns
Root relaxation presolved: 299 rows, 119 columns, 1221 nonzeros


Root relaxation: objective 8.333333e-02, 102 iterations, 0.00 seconds (0.00 work units)

    Nodes    |    Current Node    |     Objective Bounds      |     Work
 Expl Unexpl |  Obj  Depth IntInf | Incumbent    BestBd   Gap | It/Node Time

     0     0    0.08333    0   49   -0.00000    0.08333      -     -    0s
     0     0    0.07143    0   71   -0.00000    0.07143      -     -    0s
     0     0    0.07143    0   59   -0.00000    0.07143      -     -    0s
     0     0    0.07143    0   72   -0.00000    0.07143      -     -    0s
     0     0    0.07143    0   68   -0.00000    0.07143      -     -    0s
     0     0    0.07143    0   72   -0.00000    0.07143      -     -    0s
     0     0    0.07143    0   43   -0.00000    0.07143      -     -    0s
     0     0    0.07143    0   53   -0.00000    0.07143      -     -    0s
     0     0    0.07143    0   50   -0.00000    0.07143      -     -    0s
     0     0    0.07143    0   50   -0.00000    0.07143      -     -    0s
     0     0    0.07143    0   51   -0.00000    0.07143      -     -    0s
     0     0    0.07143    0   51   -0.00000    0.07143      -     -    0s
H    0     0                       0.0000000    0.07143      -     -    0s
     0     2    0.07143    0   51    0.00000    0.07143      -     -    0s
H 1011   919                       0.0000000    0.07143      -  20.2    0s
H 1485  1235                       0.0012767    0.04990  3809%  21.9    1s
H 1521  1166                       0.0037346    0.04990  1236%  21.8    1s
H 1539  1115                       0.0041707    0.04990  1096%  21.6    1s
H 1557  1123                       0.0045209    0.04990  1004%  21.5    1s
H 1670  1104                       0.0051779    0.04990   864%  21.2    1s
H 1720  1139                       0.0052191    0.04990   856%  20.6    1s
H 1731   953                       0.0077396    0.04990   545%  20.7    1s
H 2757  1196                       0.0082812    0.04990   503%  24.9    2s
H 5779  2374                       0.0091983    0.04386   377%  29.4    2s
H 5989  2456                       0.0093116    0.04368   369%  29.6    3s
H 6695  2654                       0.0102675    0.04227   312%  29.7    3s
H 7091  2451                       0.0116135    0.04220   263%  28.7    3s
H 7276  2454                       0.0117669    0.04179   255%  28.4    3s
H 8289  2659                       0.0121886    0.04009   229%  29.3    3s
H10178  3241                       0.0124132    0.03819   208%  29.8    4s
 11988  3806     cutoff   33         0.01241    0.03707   199%  30.5    5s
 27163  7892     cutoff   32         0.01241    0.03286   165%  32.3   10s
 48823 13012    0.01496   32   44    0.01241    0.03067   147%  32.4   15s
H51736 11195                       0.0152485    0.03054   100%  32.5   15s
H52920 11352                       0.0152485    0.03037  99.2%  32.5   16s
H65664 13036                       0.0157617    0.02949  87.1%  32.7   19s
H66775 13115                       0.0157617    0.02943  86.7%  32.7   19s
H67200 13147                       0.0157617    0.02940  86.5%  32.7   19s
 68057 13279    0.01882   32   45    0.01576    0.02934  86.2%  32.7   20s
H70483 13524                       0.0157617    0.02913  84.8%  32.8   20s
H79122 14545                       0.0157617    0.02857  81.3%  32.7   22s
 88295 15631     cutoff   43         0.01576    0.02804  77.9%  32.7   25s

Cutting planes:
  Gomory: 2
  Implied bound: 6
  Flow cover: 13
  RLT: 77
  Relax-and-lift: 4
  BQP: 18

Explored 99742 nodes (3245680 simplex iterations) in 27.51 seconds (28.40 work units)
Thread count was 4 (of 4 available processors)

Solution count 10: 0.0157617 0.0157617 0.0152485 ... 0.0091983

Optimization achieved user objective limit
Best objective 1.576174293232e-02, best bound 2.741100426838e-02, gap 73.9085%
{"verdict": "PROVED", "status": "BOUND_REACHED", "runtime": 27.514085054397583, "objval": 0.015761742932323186, "objbound": 0.027411004268383755, "binaries": 54}
