Set parameter NodefileStart to value 6
Read parameters from file gurobi.env
Restricted license - for non-production use only - expires 2027-11-29
Set parameter OutputFlag to value 1
Set parameter Threads to value 4
Set parameter TimeLimit to value 360
Set parameter MIPGap to value 5e-05
Set parameter MIPFocus to value 2
Set parameter NonConvex to value 2
Set parameter BestBdStop to value 2.7426211734693878e-02
Gurobi Optimizer version 13.0.3 build v13.0.3rc0 (linux64 - "Ubuntu 24.04.5 LTS")

CPU model: AMD EPYC 7763 64-Core Processor, instruction set [SSE2|AVX|AVX2]
Thread count: 2 physical cores, 4 logical processors, using up to 4 threads

Non-default parameters:
TimeLimit  360
BestBdStop  2.7426211734693878e-02
MIPGap  5e-05
MIPFocus  2
NodefileStart  6
NonConvex  2
Threads  4

Optimize a model with 145 rows, 115 columns and 846 nonzeros (Max)
Model fingerprint: 0x703d1ff2
Model has 1 linear objective coefficients
Model has 50 quadratic constraints
Variable types: 65 continuous, 50 integer (50 binary)
Coefficient statistics:
  Matrix range     [5e-01, 1e+00]
  QMatrix range    [1e+00, 1e+00]
  QLMatrix range   [1e+00, 1e+00]
  Objective range  [1e+00, 1e+00]
  Bounds range     [5e-01, 1e+00]
  RHS range        [1e+00, 1e+00]

Found heuristic solution: objective -0.0000000
Presolve time: 0.00s
Presolved: 345 rows, 116 columns, 1246 nonzeros
Presolved model has 50 bilinear constraint(s)

Solving non-convex MIQCP to global optimality

Variable types: 66 continuous, 50 integer (50 binary)
Root relaxation presolve removed 50 rows and 1 columns
Root relaxation presolved: 295 rows, 115 columns, 1196 nonzeros


Root relaxation: objective 8.333333e-02, 96 iterations, 0.00 seconds (0.00 work units)

    Nodes    |    Current Node    |     Objective Bounds      |     Work
 Expl Unexpl |  Obj  Depth IntInf | Incumbent    BestBd   Gap | It/Node Time

     0     0    0.08333    0   46   -0.00000    0.08333      -     -    0s
     0     0    0.08333    0   54   -0.00000    0.08333      -     -    0s
     0     0    0.08333    0   60   -0.00000    0.08333      -     -    0s
     0     0    0.08333    0   47   -0.00000    0.08333      -     -    0s
H    0     0                       0.0000001    0.08333      -     -    0s
     0     0    0.08333    0   47    0.00000    0.08333      -     -    0s
     0     0    0.08333    0   35    0.00000    0.08333      -     -    0s
     0     0    0.08333    0   35    0.00000    0.08333      -     -    0s
H    0     0                       0.0000001    0.08333      -     -    0s
     0     2    0.08333    0   35    0.00000    0.08333      -     -    0s
H   36    52                       0.0000004    0.06745      -  25.6    0s
H 1119   973                       0.0033009    0.06745  1943%  20.9    1s
H 1705  1242                       0.0054087    0.06037  1016%  20.5    1s
* 1725  1189              98       0.0054153    0.06037  1015%  20.3    1s
* 1728  1144              99       0.0054156    0.06037  1015%  20.2    1s
H 1909  1088                       0.0054157    0.06015  1011%  22.0    1s
H 2294  1180                       0.0059056    0.05915   902%  25.6    1s
H 2759  1301                       0.0063647    0.05467   759%  28.8    1s
H 2985  1275                       0.0064354    0.05461   749%  29.0    1s
H 4052  1628                       0.0073257    0.05160   604%  29.9    2s
H 8079  3321                       0.0073258    0.04551   521%  32.8    3s
 13446  5688    0.01005   28   54    0.00733    0.04280   484%  33.5    5s
H13895  5645                       0.0080303    0.04271   432%  33.5    5s
H15095  5733                       0.0089257    0.04213   372%  33.5    5s
H16458  5906                       0.0095359    0.04182   339%  33.4    6s
H18005  6381                       0.0098329    0.04133   320%  33.3    6s
H18011  6377                       0.0098672    0.04133   319%  33.3    6s
H20422  7055                       0.0098673    0.04032   309%  33.6    7s
 27483  9506    0.01058   21   62    0.00987    0.03915   297%  34.3   10s
 46087 14813    0.02933   27   51    0.00987    0.03685   273%  34.4   15s
 64728 19931    0.02547   29   55    0.00987    0.03561   261%  34.3   20s
 83364 24588     cutoff   28         0.00987    0.03435   248%  34.5   25s
 101855 28861     cutoff   34         0.00987    0.03344   239%  34.7   30s
 119436 32828    0.01576   30   48    0.00987    0.03274   232%  34.6   35s
 137624 37050    0.01035   34   45    0.00987    0.03205   225%  34.6   40s
 154836 40484    0.01976   26   50    0.00987    0.03146   219%  34.5   45s
 170817 43974    0.01045   35   45    0.00987    0.03095   214%  34.3   50s
 190315 48425     cutoff   36         0.00987    0.03040   208%  34.1   55s
 209652 52235     cutoff   30         0.00987    0.02997   204%  33.9   60s
 228041 55584    0.01586   26   59    0.00987    0.02960   200%  33.7   65s
 247530 59193    0.01550   34   57    0.00987    0.02918   196%  33.6   70s
 266943 62736     cutoff   35         0.00987    0.02881   192%  33.4   75s
 286462 66282    0.01288   35   53    0.00987    0.02842   188%  33.3   80s
 306105 69492     cutoff   31         0.00987    0.02811   185%  33.1   85s
 324317 72515    0.01070   32   54    0.00987    0.02783   182%  32.9   90s
H331663 73816                       0.0098673    0.02772   181%  32.9   92s
 341105 75335     cutoff   32         0.00987    0.02760   180%  32.8   95s

Cutting planes:
  Gomory: 25
  Lift-and-project: 4
  Implied bound: 34
  MIR: 8
  Mixing: 3
  Flow cover: 74
  Inf proof: 9
  RLT: 59
  Relax-and-lift: 15
  BQP: 25

Explored 353506 nodes (11571534 simplex iterations) in 98.05 seconds (102.46 work units)
Thread count was 4 (of 4 available processors)

Solution count 10: 0.00986731 0.00983288 0.00953593 ... 0.00541566

Optimization achieved user objective limit
Best objective 9.867313863390e-03, best bound 2.742397159156e-02, gap 177.9274%
{"verdict": "PROVED", "status": "BOUND_REACHED", "runtime": 98.05353212356567, "objval": 0.009867313863390105, "objbound": 0.027423971591556347, "binaries": 50}
