Set parameter NodefileStart to value 6
Read parameters from file gurobi.env
Restricted license - for non-production use only - expires 2027-11-29
Set parameter OutputFlag to value 1
Set parameter Threads to value 4
Set parameter TimeLimit to value 360
Set parameter MIPGap to value 5e-05
Set parameter MIPFocus to value 2
Set parameter NonConvex to value 2
Set parameter BestBdStop to value 2.7426211734693878e-02
Gurobi Optimizer version 13.0.3 build v13.0.3rc0 (linux64 - "Ubuntu 24.04.5 LTS")

CPU model: AMD EPYC 7763 64-Core Processor, instruction set [SSE2|AVX|AVX2]
Thread count: 2 physical cores, 4 logical processors, using up to 4 threads

Non-default parameters:
TimeLimit  360
BestBdStop  2.7426211734693878e-02
MIPGap  5e-05
MIPFocus  2
NodefileStart  6
NonConvex  2
Threads  4

Optimize a model with 141 rows, 111 columns and 810 nonzeros (Max)
Model fingerprint: 0xac641db2
Model has 1 linear objective coefficients
Model has 50 quadratic constraints
Variable types: 65 continuous, 46 integer (46 binary)
Coefficient statistics:
  Matrix range     [5e-01, 1e+00]
  QMatrix range    [1e+00, 1e+00]
  QLMatrix range   [1e+00, 1e+00]
  Objective range  [1e+00, 1e+00]
  Bounds range     [5e-01, 1e+00]
  RHS range        [1e+00, 1e+00]

Found heuristic solution: objective -0.0000000
Presolve time: 0.00s
Presolved: 341 rows, 112 columns, 1210 nonzeros
Presolved model has 50 bilinear constraint(s)

Solving non-convex MIQCP to global optimality

Variable types: 66 continuous, 46 integer (46 binary)
Found heuristic solution: objective 0.0000000
Root relaxation presolve removed 50 rows and 1 columns
Root relaxation presolved: 291 rows, 111 columns, 1160 nonzeros


Root relaxation: objective 8.333333e-02, 92 iterations, 0.00 seconds (0.00 work units)

    Nodes    |    Current Node    |     Objective Bounds      |     Work
 Expl Unexpl |  Obj  Depth IntInf | Incumbent    BestBd   Gap | It/Node Time

     0     0    0.08333    0   50    0.00000    0.08333      -     -    0s
     0     0    0.08065    0   48    0.00000    0.08065      -     -    0s
     0     0    0.08065    0   65    0.00000    0.08065      -     -    0s
     0     0    0.07500    0   67    0.00000    0.07500      -     -    0s
     0     0    0.07500    0   54    0.00000    0.07500      -     -    0s
     0     0    0.07500    0   58    0.00000    0.07500      -     -    0s
     0     0    0.07500    0   67    0.00000    0.07500      -     -    0s
     0     0    0.07500    0   63    0.00000    0.07500      -     -    0s
     0     0    0.07500    0   62    0.00000    0.07500      -     -    0s
     0     0    0.07500    0   50    0.00000    0.07500      -     -    0s
     0     0    0.07500    0   50    0.00000    0.07500      -     -    0s
     0     0    0.07500    0   50    0.00000    0.07500      -     -    0s
     0     0    0.07500    0   50    0.00000    0.07500      -     -    0s
     0     2    0.07500    0   50    0.00000    0.07500      -     -    0s
*  452   449              65       0.0000001    0.07164      -  25.5    0s
*  453   449              65       0.0000001    0.07164      -  25.4    0s
H  676   642                       0.0000003    0.07164      -  25.2    0s
H 1283  1055                       0.0000004    0.06243      -  28.0    1s
H 1771  1338                       0.0018639    0.06243  3249%  23.0    1s
H 1940  1185                       0.0034649    0.06200  1689%  22.1    1s
H 2948  1303                       0.0049398    0.05455  1004%  27.5    2s
H 4036  1554                       0.0050899    0.04773   838%  29.3    2s
H 4050  1572                       0.0054964    0.04773   768%  29.4    2s
H 5316  2123                       0.0055314    0.04348   686%  31.1    3s
H11095  4181                       0.0059832    0.03893   551%  33.3    4s
 11593  4678     cutoff   37         0.00598    0.03866   546%  33.5    5s
 28059 10947    0.01733   30   54    0.00598    0.03385   466%  34.3   10s
 47870 19224    0.01653   34   54    0.00598    0.03221   438%  34.3   15s
 69122 27266    0.01148   39   55    0.00598    0.03089   416%  34.3   20s
 89753 34997    0.01450   30   45    0.00598    0.03000   401%  34.1   25s
 109441 42251    0.00777   41   52    0.00598    0.02936   391%  34.0   30s
 130676 50121    0.01090   32   55    0.00598    0.02886   382%  33.8   35s
 151111 56615     cutoff   50         0.00598    0.02840   375%  33.7   40s
H169123 62689                       0.0059832    0.02800   368%  33.6   44s
H169535 62452                       0.0060308    0.02799   364%  33.6   44s
H169768 62568                       0.0060308    0.02799   364%  33.6   44s
 171102 63003    0.00674   38   49    0.00603    0.02797   364%  33.6   45s
 191716 70123    0.01682   36   52    0.00603    0.02758   357%  33.6   50s

Cutting planes:
  Gomory: 7
  Lift-and-project: 3
  Implied bound: 21
  MIR: 11
  Mixing: 1
  Flow cover: 49
  Inf proof: 1
  RLT: 69
  Relax-and-lift: 10
  BQP: 21

Explored 200865 nodes (6734722 simplex iterations) in 52.09 seconds (54.94 work units)
Thread count was 4 (of 4 available processors)

Solution count 10: 0.00603083 0.00598318 0.00553138 ... 3.27941e-07

Optimization achieved user objective limit
Best objective 6.030828607747e-03, best bound 2.742470595894e-02, gap 354.7419%
{"verdict": "PROVED", "status": "BOUND_REACHED", "runtime": 52.08842492103577, "objval": 0.006030828607746692, "objbound": 0.02742470595893822, "binaries": 46}
