Set parameter NodefileStart to value 6
Read parameters from file gurobi.env
Restricted license - for non-production use only - expires 2027-11-29
Set parameter OutputFlag to value 1
Set parameter Threads to value 4
Set parameter TimeLimit to value 360
Set parameter MIPGap to value 5e-05
Set parameter MIPFocus to value 2
Set parameter NonConvex to value 2
Set parameter BestBdStop to value 2.7426211734693878e-02
Gurobi Optimizer version 13.0.3 build v13.0.3rc0 (linux64 - "Ubuntu 24.04.5 LTS")

CPU model: AMD EPYC 7763 64-Core Processor, instruction set [SSE2|AVX|AVX2]
Thread count: 2 physical cores, 4 logical processors, using up to 4 threads

Non-default parameters:
TimeLimit  360
BestBdStop  2.7426211734693878e-02
MIPGap  5e-05
MIPFocus  2
NodefileStart  6
NonConvex  2
Threads  4

Optimize a model with 141 rows, 111 columns and 810 nonzeros (Max)
Model fingerprint: 0x162301f8
Model has 1 linear objective coefficients
Model has 50 quadratic constraints
Variable types: 65 continuous, 46 integer (46 binary)
Coefficient statistics:
  Matrix range     [5e-01, 1e+00]
  QMatrix range    [1e+00, 1e+00]
  QLMatrix range   [1e+00, 1e+00]
  Objective range  [1e+00, 1e+00]
  Bounds range     [5e-01, 1e+00]
  RHS range        [1e+00, 1e+00]

Found heuristic solution: objective -0.0000000
Presolve time: 0.00s
Presolved: 341 rows, 112 columns, 1210 nonzeros
Presolved model has 50 bilinear constraint(s)

Solving non-convex MIQCP to global optimality

Variable types: 66 continuous, 46 integer (46 binary)
Root relaxation presolve removed 50 rows and 1 columns
Root relaxation presolved: 291 rows, 111 columns, 1160 nonzeros


Root relaxation: objective 8.333333e-02, 97 iterations, 0.00 seconds (0.00 work units)

    Nodes    |    Current Node    |     Objective Bounds      |     Work
 Expl Unexpl |  Obj  Depth IntInf | Incumbent    BestBd   Gap | It/Node Time

     0     0    0.08333    0   49   -0.00000    0.08333      -     -    0s
     0     0    0.08333    0   67   -0.00000    0.08333      -     -    0s
H    0     0                       0.0000000    0.08333      -     -    0s
H    0     0                       0.0000002    0.08333      -     -    0s
     0     0    0.08000    0   36    0.00000    0.08000      -     -    0s
     0     0    0.08000    0   50    0.00000    0.08000      -     -    0s
     0     0    0.08000    0   44    0.00000    0.08000      -     -    0s
     0     0    0.08000    0   45    0.00000    0.08000      -     -    0s
     0     0    0.07981    0   36    0.00000    0.07981      -     -    0s
     0     0    0.07981    0   36    0.00000    0.07981      -     -    0s
     0     2    0.07981    0   36    0.00000    0.07981      -     -    0s
H 1384  1092                       0.0013113    0.07935  5951%  32.3    2s
H 1478  1101                       0.0023246    0.07935  3313%  31.8    2s
H 1577  1127                       0.0028265    0.07935  2707%  30.6    2s
* 1645  1079              69       0.0042536    0.07108  1571%  30.4    2s
* 1656  1017              74       0.0060319    0.07108  1078%  30.3    2s
* 1804  1016              93       0.0066611    0.07108   967%  30.4    2s
H 1847  1013                       0.0068556    0.07005   922%  30.4    2s
* 1871   967             111       0.0072625    0.07005   865%  30.5    2s
* 1872   933             111       0.0072626    0.07005   865%  30.5    2s
H 1934   917                       0.0072628    0.07005   865%  30.6    2s
H 1948   878                       0.0075164    0.07005   832%  30.7    2s
H 1961   845                       0.0075458    0.07005   828%  30.7    2s
H 2093   852                       0.0075459    0.07005   828%  31.3    2s
H 2838  1164                       0.0075792    0.06446   750%  37.0    2s
H 3173  1314                       0.0082650    0.06362   670%  37.8    2s
H 3893  1684                       0.0084279    0.06185   634%  38.6    2s
H 5007  2078                       0.0101326    0.06098   502%  39.7    3s
H 5008  2031                       0.0104889    0.06098   481%  39.7    3s
H 6017  2480                       0.0105542    0.05905   460%  40.9    3s
H 6364  2664                       0.0107125    0.05883   449%  41.2    3s
H 7539  3208                       0.0109861    0.05752   424%  42.5    4s
H 7540  3159                       0.0115448    0.05752   398%  42.5    4s
  9075  3921    0.03082   34   57    0.01154    0.05634   388%  43.6    5s
H15937  6544                       0.0116397    0.05346   359%  43.9    7s
 21632  9109    0.01228   47   53    0.01164    0.05198   347%  44.1   10s
H28320 11566                       0.0118988    0.05041   324%  44.0   12s
H28321 11566                       0.0118989    0.05041   324%  44.0   12s
 35248 14202    0.03726   36   57    0.01190    0.04935   315%  44.0   15s
*35706 14178              81       0.0125237    0.04927   293%  43.9   15s
*35724 13741              90       0.0136036    0.04927   262%  43.9   15s
H43785 16441                       0.0136037    0.04820   254%  43.8   17s
 52963 19720     cutoff   39         0.01360    0.04716   247%  43.5   20s
 69281 24827    0.03222   28   59    0.01360    0.04577   236%  42.9   25s
 87044 30208    0.01401   42   52    0.01360    0.04450   227%  42.5   30s
 105317 35467    0.03969   33   59    0.01360    0.04350   220%  42.3   35s
 122815 40508 infeasible   33         0.01360    0.04265   214%  42.2   40s
 141249 45510    0.03722   28   59    0.01360    0.04200   209%  41.9   45s
 159574 50632     cutoff   40         0.01360    0.04135   204%  41.6   50s
 175055 55012    0.02427   36   55    0.01360    0.04083   200%  41.4   55s
 192839 59899     cutoff   46         0.01360    0.04032   196%  41.2   60s
 211936 65156    0.01698   39   54    0.01360    0.03988   193%  41.0   65s
 230737 70071     cutoff   42         0.01360    0.03944   190%  40.8   70s
 249294 75114    0.01457   45   52    0.01360    0.03903   187%  40.6   75s
 268378 80374     cutoff   37         0.01360    0.03869   184%  40.5   80s
 287308 85455     cutoff   40         0.01360    0.03839   182%  40.3   85s
 306041 90480     cutoff   45         0.01360    0.03812   180%  40.3   90s
 323433 95364    0.02263   32   51    0.01360    0.03786   178%  40.2   95s
 340204 99575    0.01799   34   55    0.01360    0.03762   177%  40.1  100s
 359148 104403     cutoff   41         0.01360    0.03737   175%  40.0  105s
 378093 109131    0.03405   29   63    0.01360    0.03714   173%  39.8  110s
 394793 113701     cutoff   35         0.01360    0.03695   172%  39.7  115s
 414282 118498    0.02287   38   53    0.01360    0.03672   170%  39.6  120s
 433616 123518    0.02093   43   54    0.01360    0.03650   168%  39.5  125s
 452851 128033     cutoff   44         0.01360    0.03630   167%  39.4  130s
 471760 132816    0.01577   46   51    0.01360    0.03611   165%  39.3  135s
 487860 136853     cutoff   47         0.01360    0.03598   164%  39.2  140s
 507407 141706    0.01619   38   51    0.01360    0.03579   163%  39.1  145s
 526687 146346    0.01567   34   52    0.01360    0.03562   162%  39.0  150s
*541421 139563              87       0.0153608    0.03553   131%  38.9  153s
*541425 137313              87       0.0157129    0.03553   126%  38.9  153s
*541426 137304              87       0.0157139    0.03553   126%  38.9  153s
*541441 137304              96       0.0157140    0.03553   126%  38.9  153s
*541442 137304              96       0.0157140    0.03553   126%  38.9  153s
H543130 129071                       0.0169354    0.03552   110%  38.9  154s
H544242 127908                       0.0171215    0.03550   107%  38.9  154s
H544243 127571                       0.0171736    0.03550   107%  38.9  154s
 544246 127625    0.02018   40   56    0.01717    0.03550   107%  38.9  155s
 560994 130312     cutoff   45         0.01717    0.03532   106%  38.8  160s
H579079 133180                       0.0171736    0.03517   105%  38.7  164s
 580191 133285     cutoff   41         0.01717    0.03516   105%  38.7  165s
 598079 136228    0.01729   41   53    0.01717    0.03501   104%  38.6  170s
 617824 139776    0.01783   38   56    0.01717    0.03486   103%  38.5  175s
 634162 142153     cutoff   36         0.01717    0.03473   102%  38.3  180s
 654764 145104     cutoff   38         0.01717    0.03458   101%  38.2  185s
 674595 148337    0.02923   44   51    0.01717    0.03444   101%  38.1  190s
*684032 149575              87       0.0172088    0.03438   100%  38.1  192s
*684040 146664              91       0.0175539    0.03438  95.9%  38.1  192s
H685044 132520                       0.0192795    0.03437  78.3%  38.0  192s
H686390 131577                       0.0194104    0.03436  77.0%  38.0  193s
 691314 132099    0.02003   37   54    0.01941    0.03432  76.8%  38.0  195s
 711973 134265     cutoff   38         0.01941    0.03416  76.0%  37.9  200s
 732326 136526    0.01948   38   56    0.01941    0.03401  75.2%  37.7  205s
 752626 138583    0.03144   37   57    0.01941    0.03386  74.4%  37.6  210s
 773519 140708    0.02727   40   55    0.01941    0.03372  73.7%  37.5  215s
 792595 142708     cutoff   40         0.01941    0.03360  73.1%  37.4  220s
 810255 144520     cutoff   38         0.01941    0.03347  72.5%  37.3  225s
 828273 146407     cutoff   41         0.01941    0.03337  71.9%  37.2  230s
 848551 148197    0.02405   34   57    0.01941    0.03323  71.2%  37.1  235s
 868637 150197     cutoff   42         0.01941    0.03311  70.6%  37.0  240s
 889456 151987    0.01999   42   50    0.01941    0.03297  69.9%  36.9  245s
 910175 153808    0.02193   34   54    0.01941    0.03285  69.2%  36.8  250s
 930772 155755     cutoff   41         0.01941    0.03273  68.6%  36.7  255s
 951510 157607     cutoff   38         0.01941    0.03262  68.1%  36.6  260s
H954743 157537                       0.0194420    0.03260  67.7%  36.6  260s
H954843 157567                       0.0194420    0.03260  67.7%  36.6  260s
H954965 157560                       0.0194423    0.03260  67.7%  36.6  260s
 969728 158907     cutoff   43         0.01944    0.03252  67.3%  36.6  265s
 986651 160319     cutoff   39         0.01944    0.03243  66.8%  36.5  270s
 1006815 162093    0.02258   40   53    0.01944    0.03233  66.3%  36.4  275s
H1009340 162272                       0.0194425    0.03232  66.2%  36.4  275s
 1025797 163789     cutoff   37         0.01944    0.03224  65.8%  36.3  280s
 1046378 165501     cutoff   41         0.01944    0.03214  65.3%  36.3  285s
 1067241 167312    0.03198   38   54    0.01944    0.03203  64.8%  36.2  290s
 1088217 169011    0.02553   39   52    0.01944    0.03193  64.2%  36.1  295s
 1108451 170285    0.03032   34   65    0.01944    0.03183  63.7%  36.1  300s
 1129216 171875    0.02204   41   55    0.01944    0.03173  63.2%  36.0  305s
 1146774 173069     cutoff   45         0.01944    0.03164  62.8%  36.0  310s
 1167543 174691     cutoff   37         0.01944    0.03155  62.3%  35.9  315s
 1188466 176034    0.02018   39   51    0.01944    0.03146  61.8%  35.8  320s
 1208594 177234    0.02007   38   55    0.01944    0.03137  61.3%  35.8  325s
 1229176 178641    0.03101   33   47    0.01944    0.03127  60.9%  35.7  330s
 1250001 179897    0.02999   35   57    0.01944    0.03118  60.4%  35.6  335s
H1253235 180037                       0.0194425    0.03117  60.3%  35.6  335s
 1269599 180966     cutoff   39         0.01944    0.03109  59.9%  35.6  340s
 1290873 182157     cutoff   33         0.01944    0.03101  59.5%  35.5  345s
 1308126 183224     cutoff   44         0.01944    0.03093  59.1%  35.5  350s
 1326603 184155    0.03007   32   51    0.01944    0.03085  58.7%  35.4  355s
 1347579 185149     cutoff   34         0.01944    0.03076  58.2%  35.4  360s

Cutting planes:
  Gomory: 16
  Implied bound: 32
  MIR: 6
  Mixing: 1
  Flow cover: 68
  Inf proof: 9
  RLT: 80
  Relax-and-lift: 19
  BQP: 23

Explored 1347676 nodes (47673128 simplex iterations) in 360.00 seconds (402.23 work units)
Thread count was 4 (of 4 available processors)

Solution count 10: 0.0194425 0.0194423 0.019442 ... 0.0169354

Time limit reached
Best objective 1.944248812533e-02, best bound 3.075872328338e-02, gap 58.2036%
{"verdict": "UNRESOLVED", "status": "TIME_LIMIT", "runtime": 360.0021059513092, "objval": 0.019442488125326327, "objbound": 0.03075872328338469, "binaries": 46}
