Set parameter NodefileStart to value 6
Read parameters from file gurobi.env
Restricted license - for non-production use only - expires 2027-11-29
Set parameter OutputFlag to value 1
Set parameter Threads to value 4
Set parameter TimeLimit to value 360
Set parameter MIPGap to value 5e-05
Set parameter MIPFocus to value 2
Set parameter NonConvex to value 2
Set parameter BestBdStop to value 2.7426211734693878e-02
Gurobi Optimizer version 13.0.3 build v13.0.3rc0 (linux64 - "Ubuntu 24.04.5 LTS")

CPU model: AMD EPYC 9V74 80-Core Processor, instruction set [SSE2|AVX|AVX2]
Thread count: 2 physical cores, 4 logical processors, using up to 4 threads

Non-default parameters:
TimeLimit  360
BestBdStop  2.7426211734693878e-02
MIPGap  5e-05
MIPFocus  2
NodefileStart  6
NonConvex  2
Threads  4

Optimize a model with 133 rows, 103 columns and 742 nonzeros (Max)
Model fingerprint: 0x58ceb431
Model has 1 linear objective coefficients
Model has 50 quadratic constraints
Variable types: 65 continuous, 38 integer (38 binary)
Coefficient statistics:
  Matrix range     [5e-01, 1e+00]
  QMatrix range    [1e+00, 1e+00]
  QLMatrix range   [1e+00, 1e+00]
  Objective range  [1e+00, 1e+00]
  Bounds range     [5e-01, 1e+00]
  RHS range        [1e+00, 1e+00]

Found heuristic solution: objective -0.0000000
Presolve time: 0.00s
Presolved: 333 rows, 104 columns, 1142 nonzeros
Presolved model has 50 bilinear constraint(s)

Solving non-convex MIQCP to global optimality

Variable types: 66 continuous, 38 integer (38 binary)
Root relaxation presolve removed 50 rows and 1 columns
Root relaxation presolved: 283 rows, 103 columns, 1092 nonzeros


Root relaxation: objective 1.250000e-01, 118 iterations, 0.00 seconds (0.00 work units)

    Nodes    |    Current Node    |     Objective Bounds      |     Work
 Expl Unexpl |  Obj  Depth IntInf | Incumbent    BestBd   Gap | It/Node Time

     0     0    0.12500    0   55   -0.00000    0.12500      -     -    0s
     0     0    0.10000    0   49   -0.00000    0.10000      -     -    0s
     0     0    0.10000    0   54   -0.00000    0.10000      -     -    0s
     0     0    0.09091    0   58   -0.00000    0.09091      -     -    0s
     0     0    0.09091    0   52   -0.00000    0.09091      -     -    0s
     0     0    0.07143    0   52   -0.00000    0.07143      -     -    0s
     0     0    0.07143    0   51   -0.00000    0.07143      -     -    0s
     0     0    0.07143    0   64   -0.00000    0.07143      -     -    0s
     0     0    0.07143    0   55   -0.00000    0.07143      -     -    0s
     0     0    0.07143    0   52   -0.00000    0.07143      -     -    0s
     0     0    0.07143    0   52   -0.00000    0.07143      -     -    0s
     0     2    0.07143    0   52   -0.00000    0.07143      -     -    0s
H   97   108                       0.0000000    0.07143      -  16.4    0s
H  221   228                       0.0000001    0.07143      -  20.5    0s
H  242   272                       0.0000001    0.07143      -  21.1    0s
H  348   368                       0.0000003    0.07143      -  22.9    0s
H 1572  1158                       0.0000004    0.05234      -  29.0    1s
* 1900  1246             100       0.0000005    0.05234      -  26.7    1s
* 4758  2619              69       0.0000005    0.05026      -  29.0    3s
H10844  6537                       0.0000007    0.03914      -  30.8    4s
 11164  6857    0.01529   28   56    0.00000    0.03907      -  30.9    5s
H17757 11113                       0.0000007    0.03510      -  30.9    6s
 29660 18235    0.00000   52   24    0.00000    0.03145      -  30.7   10s
 46114 28736    0.00001   75   35    0.00000    0.02868      -  30.9   15s

Cutting planes:
  Gomory: 9
  Implied bound: 2
  MIR: 3
  Flow cover: 16
  RLT: 72
  Relax-and-lift: 2
  BQP: 13

Explored 55213 nodes (1711211 simplex iterations) in 17.02 seconds (16.19 work units)
Thread count was 4 (of 4 available processors)

Solution count 9: 7.00398e-07 6.72361e-07 4.55232e-07 ... -0

Optimization achieved user objective limit
Best objective 7.003981722789e-07, best bound 2.740513098384e-02, gap -
{"verdict": "PROVED", "status": "BOUND_REACHED", "runtime": 17.020708084106445, "objval": 7.003981722789481e-07, "objbound": 0.02740513098384087, "binaries": 38}
