Set parameter NodefileStart to value 6
Read parameters from file gurobi.env
Restricted license - for non-production use only - expires 2027-11-29
Set parameter OutputFlag to value 1
Set parameter Threads to value 4
Set parameter TimeLimit to value 360
Set parameter MIPGap to value 5e-05
Set parameter MIPFocus to value 2
Set parameter NonConvex to value 2
Set parameter BestBdStop to value 2.7426211734693878e-02
Gurobi Optimizer version 13.0.3 build v13.0.3rc0 (linux64 - "Ubuntu 24.04.5 LTS")

CPU model: AMD EPYC 7763 64-Core Processor, instruction set [SSE2|AVX|AVX2]
Thread count: 2 physical cores, 4 logical processors, using up to 4 threads

Non-default parameters:
TimeLimit  360
BestBdStop  2.7426211734693878e-02
MIPGap  5e-05
MIPFocus  2
NodefileStart  6
NonConvex  2
Threads  4

Optimize a model with 133 rows, 103 columns and 742 nonzeros (Max)
Model fingerprint: 0x27985a11
Model has 1 linear objective coefficients
Model has 50 quadratic constraints
Variable types: 65 continuous, 38 integer (38 binary)
Coefficient statistics:
  Matrix range     [5e-01, 1e+00]
  QMatrix range    [1e+00, 1e+00]
  QLMatrix range   [1e+00, 1e+00]
  Objective range  [1e+00, 1e+00]
  Bounds range     [5e-01, 1e+00]
  RHS range        [1e+00, 1e+00]

Found heuristic solution: objective -0.0000000
Presolve time: 0.00s
Presolved: 333 rows, 104 columns, 1142 nonzeros
Presolved model has 50 bilinear constraint(s)

Solving non-convex MIQCP to global optimality

Variable types: 66 continuous, 38 integer (38 binary)
Root relaxation presolve removed 50 rows and 1 columns
Root relaxation presolved: 283 rows, 103 columns, 1092 nonzeros


Root relaxation: objective 1.250000e-01, 122 iterations, 0.00 seconds (0.00 work units)

    Nodes    |    Current Node    |     Objective Bounds      |     Work
 Expl Unexpl |  Obj  Depth IntInf | Incumbent    BestBd   Gap | It/Node Time

     0     0    0.12500    0   56   -0.00000    0.12500      -     -    0s
     0     0    0.09091    0   62   -0.00000    0.09091      -     -    0s
     0     0    0.07143    0   69   -0.00000    0.07143      -     -    0s
     0     0    0.07143    0   69   -0.00000    0.07143      -     -    0s
     0     0    0.06667    0   62   -0.00000    0.06667      -     -    0s
     0     0    0.06250    0   56   -0.00000    0.06250      -     -    0s
     0     0    0.06250    0   63   -0.00000    0.06250      -     -    0s
     0     0    0.06250    0   60   -0.00000    0.06250      -     -    0s
     0     0    0.06250    0   60   -0.00000    0.06250      -     -    0s
     0     0    0.06250    0   60   -0.00000    0.06250      -     -    0s
     0     0    0.06250    0   60   -0.00000    0.06250      -     -    0s
     0     0    0.06250    0   60   -0.00000    0.06250      -     -    0s
     0     0    0.06250    0   56   -0.00000    0.06250      -     -    0s
     0     2    0.06250    0   56   -0.00000    0.06250      -     -    0s
*  834   679              78       0.0000000    0.05932      -  24.4    0s
H  950   769                       0.0000000    0.05932      -  24.6    0s
* 1851  1316              78       0.0000000    0.05405      -  29.3    1s
H 1943  1315                       0.0000003    0.05405      -  29.2    1s
H 3637  1930                       0.0000003    0.04298      -  29.6    2s
H 6884  3901                       0.0000005    0.03476      -  28.7    3s

Cutting planes:
  Gomory: 5
  MIR: 1
  Flow cover: 1
  RLT: 37
  Relax-and-lift: 2
  BQP: 7

Explored 14673 nodes (405744 simplex iterations) in 4.84 seconds (4.17 work units)
Thread count was 4 (of 4 available processors)

Solution count 7: 5.13326e-07 3.37546e-07 3.00632e-07 ... -0

Optimization achieved user objective limit
Best objective 5.133257122425e-07, best bound 2.737001676453e-02, gap -
{"verdict": "PROVED", "status": "BOUND_REACHED", "runtime": 4.837440013885498, "objval": 5.133257122424962e-07, "objbound": 0.027370016764531876, "binaries": 38}
