Set parameter NodefileStart to value 6
Read parameters from file gurobi.env
Restricted license - for non-production use only - expires 2027-11-29
Set parameter OutputFlag to value 1
Set parameter Threads to value 4
Set parameter TimeLimit to value 360
Set parameter MIPGap to value 5e-05
Set parameter MIPFocus to value 2
Set parameter NonConvex to value 2
Set parameter BestBdStop to value 2.7426211734693878e-02
Gurobi Optimizer version 13.0.3 build v13.0.3rc0 (linux64 - "Ubuntu 24.04.5 LTS")

CPU model: Intel(R) Xeon(R) 6973P-C, instruction set [SSE2|AVX|AVX2|AVX512]
Thread count: 2 physical cores, 4 logical processors, using up to 4 threads

Non-default parameters:
TimeLimit  360
BestBdStop  2.7426211734693878e-02
MIPGap  5e-05
MIPFocus  2
NodefileStart  6
NonConvex  2
Threads  4

Optimize a model with 145 rows, 115 columns and 846 nonzeros (Max)
Model fingerprint: 0xd5026af6
Model has 1 linear objective coefficients
Model has 50 quadratic constraints
Variable types: 65 continuous, 50 integer (50 binary)
Coefficient statistics:
  Matrix range     [5e-01, 1e+00]
  QMatrix range    [1e+00, 1e+00]
  QLMatrix range   [1e+00, 1e+00]
  Objective range  [1e+00, 1e+00]
  Bounds range     [5e-01, 1e+00]
  RHS range        [1e+00, 1e+00]

Found heuristic solution: objective -0.0000000
Presolve time: 0.00s
Presolved: 345 rows, 116 columns, 1246 nonzeros
Presolved model has 50 bilinear constraint(s)

Solving non-convex MIQCP to global optimality

Variable types: 66 continuous, 50 integer (50 binary)
Found heuristic solution: objective 0.0000000
Root relaxation presolve removed 50 rows and 1 columns
Root relaxation presolved: 295 rows, 115 columns, 1196 nonzeros


Root relaxation: objective 8.333333e-02, 137 iterations, 0.00 seconds (0.00 work units)

    Nodes    |    Current Node    |     Objective Bounds      |     Work
 Expl Unexpl |  Obj  Depth IntInf | Incumbent    BestBd   Gap | It/Node Time

     0     0    0.08333    0   48    0.00000    0.08333      -     -    0s
     0     0    0.08333    0   44    0.00000    0.08333      -     -    0s
     0     0    0.08333    0   68    0.00000    0.08333      -     -    0s
     0     0    0.08333    0   48    0.00000    0.08333      -     -    0s
     0     0    0.08333    0   40    0.00000    0.08333      -     -    0s
     0     0    0.08333    0   43    0.00000    0.08333      -     -    0s
     0     0    0.08333    0   55    0.00000    0.08333      -     -    0s
     0     0    0.08333    0   40    0.00000    0.08333      -     -    0s
     0     0    0.08333    0   40    0.00000    0.08333      -     -    0s
H    0     0                       0.0000000    0.08333      -     -    0s
H    0     0                       0.0000001    0.08333      -     -    0s
     0     2    0.08333    0   40    0.00000    0.08333      -     -    0s
H  111   136                       0.0000001    0.08333      -  24.2    0s
H  123   136                       0.0000002    0.08333      -  23.0    0s
H 1807  1371                       0.0009776    0.06632  6683%  16.9    1s
* 1824  1295              89       0.0013152    0.06632  4942%  17.0    1s
H 1994  1238                       0.0014957    0.06632  4334%  16.6    1s
* 2003  1190             131       0.0014968    0.06632  4331%  16.5    1s
H 2506  1360                       0.0025429    0.06011  2264%  20.6    1s
* 3048  1534             102       0.0026356    0.05781  2093%  20.5    1s
* 3059  1473             108       0.0026993    0.05781  2042%  20.4    1s
* 3062  1426             109       0.0027323    0.05781  2016%  20.4    1s
* 3066  1358             111       0.0027568    0.05781  1997%  20.4    1s
* 3067  1327             112       0.0027626    0.05781  1993%  20.4    1s
* 3069  1327             113       0.0027639    0.05781  1992%  20.4    1s
* 3070  1327             113       0.0027652    0.05781  1991%  20.3    1s
H 4492  1773                       0.0051140    0.05227   922%  23.9    1s
H 4610  1839                       0.0051140    0.05000   878%  24.1    1s
 20906  9773     cutoff   42         0.00511    0.04453   771%  31.6    5s
 46861 20999    0.03580   26   53    0.00511    0.04249   731%  33.7   10s
 76961 33884    0.01197   31   43    0.00511    0.04139   709%  34.5   15s
 106319 45793     cutoff   39         0.00511    0.04039   690%  35.1   20s
 134965 57110    0.00602   33   44    0.00511    0.03954   673%  35.3   25s
H135799 57414                       0.0051141    0.03953   673%  35.4   25s
 162276 67703     cutoff   41         0.00511    0.03904   663%  35.4   30s
 187653 77833    0.00884   35   51    0.00511    0.03863   655%  35.5   35s
 216758 88480    0.01116   37   48    0.00511    0.03815   646%  35.6   40s
 246819 99555    0.01675   32   51    0.00511    0.03771   637%  35.6   45s
 276620 110614    0.00629   45   38    0.00511    0.03734   630%  35.5   50s
 306774 122085    0.01566   33   59    0.00511    0.03701   624%  35.5   55s
 337382 133070    0.00537   37   43    0.00511    0.03670   618%  35.4   60s
 364838 143365     cutoff   38         0.00511    0.03655   615%  35.4   65s
 395406 155026    0.00621   42   52    0.00511    0.03643   612%  35.2   70s
 424635 165801    0.02658   36   50    0.00511    0.03631   610%  35.1   75s
 456207 177210    0.00722   35   52    0.00511    0.03610   606%  35.0   80s
 486343 188374    0.01130   38   55    0.00511    0.03594   603%  35.0   85s
 517228 199773    0.01695   44   56    0.00511    0.03577   599%  35.0   90s
H531249 199622                       0.0056605    0.03568   530%  34.9   92s
 545429 204828    0.00710   39   38    0.00566    0.03560   529%  34.9   95s
H559352 210119                       0.0056608    0.03553   528%  34.9   97s
H560584 181725                       0.0082650    0.03553   330%  34.9   97s
H560641 181862                       0.0082650    0.03553   330%  34.9   97s
 574656 185916     cutoff   41         0.00827    0.03542   329%  34.9  100s
H585787 189248                       0.0082651    0.03534   328%  34.8  101s
 604873 195043    0.02147   27   51    0.00827    0.03521   326%  34.8  105s
 634053 203621    0.01550   37   52    0.00827    0.03501   324%  34.7  110s
 662444 212256    0.00961   35   54    0.00827    0.03482   321%  34.7  115s
 694556 221831    0.01886   34   51    0.00827    0.03463   319%  34.7  120s
 725217 230609    0.01631   32   55    0.00827    0.03445   317%  34.6  125s
 755167 239485    0.01347   34   52    0.00827    0.03427   315%  34.6  130s
 786768 248634     cutoff   41         0.00827    0.03410   313%  34.6  135s
H799940 248588                       0.0085229    0.03403   299%  34.7  137s
H800429 248810                       0.0085229    0.03402   299%  34.7  137s
 813335 252520    0.02713   26   54    0.00852    0.03396   298%  34.7  140s
 843787 260670     cutoff   34         0.00852    0.03378   296%  34.6  145s
 875189 269315     cutoff   35         0.00852    0.03362   294%  34.7  150s
 905149 277286     cutoff   40         0.00852    0.03347   293%  34.7  155s
 934843 285296    0.01606   32   52    0.00852    0.03333   291%  34.7  160s
 961526 292219     cutoff   34         0.00852    0.03320   290%  34.7  165s
 984334 298513    0.00905   29   47    0.00852    0.03309   288%  34.7  170s
 1011835 306143    0.01008   38   54    0.00852    0.03297   287%  34.7  175s
 1042414 314368     cutoff   40         0.00852    0.03285   285%  34.7  180s
 1073113 322588    0.02714   26   58    0.00852    0.03272   284%  34.7  185s
 1104746 330731    0.02431   25   56    0.00852    0.03259   282%  34.7  190s
 1135287 338923 infeasible   31         0.00852    0.03246   281%  34.7  195s
 1161202 345554    0.01555   29   50    0.00852    0.03235   280%  34.7  200s
 1191925 353578    0.00974   34   43    0.00852    0.03224   278%  34.7  205s
 1222477 361249    0.01141   33   51    0.00852    0.03213   277%  34.7  210s
 1253082 369002     cutoff   31         0.00852    0.03202   276%  34.7  215s
 1284183 376682     cutoff   35         0.00852    0.03190   274%  34.7  220s
H1291113 378441                       0.0085230    0.03188   274%  34.7  221s
 1311567 383617    0.01357   30   50    0.00852    0.03180   273%  34.7  225s
 1342703 391403    0.01875   31   53    0.00852    0.03168   272%  34.7  230s
 1373853 398838     cutoff   43         0.00852    0.03157   270%  34.7  235s
 1405381 406778    0.01129   36   54    0.00852    0.03146   269%  34.7  240s
 1435011 414046    0.00875   34   43    0.00852    0.03137   268%  34.7  245s
 1463197 421287    0.00893   43   54    0.00852    0.03128   267%  34.7  250s
 1492417 428646     cutoff   36         0.00852    0.03119   266%  34.8  255s
 1522884 435925    0.01137   34   53    0.00852    0.03110   265%  34.7  260s
 1553481 443559    0.02272   28   56    0.00852    0.03101   264%  34.7  265s
 1584255 451036     cutoff   36         0.00852    0.03092   263%  34.7  270s
 1611821 457711    0.00993   44   47    0.00852    0.03084   262%  34.7  275s
 1642644 465201    0.00969   40   50    0.00852    0.03075   261%  34.7  280s
 1674343 473059    0.01267   32   52    0.00852    0.03067   260%  34.7  285s
 1703280 479994     cutoff   35         0.00852    0.03058   259%  34.7  290s
 1733715 487250    0.00929   35   54    0.00852    0.03050   258%  34.7  295s
 1761793 493741     cutoff   39         0.00852    0.03042   257%  34.7  300s
H1777391 451185                       0.0102306    0.03038   197%  34.7  302s
 1790131 453347     cutoff   38         0.01023    0.03035   197%  34.7  305s
 1819982 458528     cutoff   43         0.01023    0.03026   196%  34.7  310s
 1851010 464282    0.02306   37   53    0.01023    0.03017   195%  34.6  315s
 1882788 470235 infeasible   36         0.01023    0.03008   194%  34.6  320s
 1911216 475466    0.02035   33   64    0.01023    0.03001   193%  34.6  325s
 1942930 480988    0.01379   37   53    0.01023    0.02992   192%  34.6  330s
 1974313 486123    0.01153   41   54    0.01023    0.02983   192%  34.6  335s
 2006157 491711    0.02241   31   54    0.01023    0.02975   191%  34.6  340s
 2037850 496801    0.01267   32   47    0.01023    0.02967   190%  34.6  345s
 2065615 501302    0.02924   28   56    0.01023    0.02959   189%  34.5  350s
 2095238 506304    0.01434   38   47    0.01023    0.02951   188%  34.5  355s
 2123955 511025     cutoff   36         0.01023    0.02944   188%  34.5  360s

Cutting planes:
  Gomory: 13
  Implied bound: 10
  MIR: 17
  Flow cover: 16
  Inf proof: 5
  RLT: 51
  Relax-and-lift: 6
  BQP: 11

Explored 2123977 nodes (73333662 simplex iterations) in 360.00 seconds (550.17 work units)
Thread count was 4 (of 4 available processors)

Solution count 10: 0.0102306 0.00852302 0.00852287 ... 0.00276393

Time limit reached
Best objective 1.023059257618e-02, best bound 2.943929569247e-02, gap 187.7575%
{"verdict": "UNRESOLVED", "status": "TIME_LIMIT", "runtime": 360.0014970302582, "objval": 0.010230592576183549, "objbound": 0.029439295692469565, "binaries": 50}
