Set parameter NodefileStart to value 6
Read parameters from file gurobi.env
Restricted license - for non-production use only - expires 2027-11-29
Set parameter OutputFlag to value 1
Set parameter Threads to value 4
Set parameter TimeLimit to value 360
Set parameter MIPGap to value 5e-05
Set parameter MIPFocus to value 2
Set parameter NonConvex to value 2
Set parameter BestBdStop to value 2.7426211734693878e-02
Gurobi Optimizer version 13.0.3 build v13.0.3rc0 (linux64 - "Ubuntu 24.04.5 LTS")

CPU model: AMD EPYC 7763 64-Core Processor, instruction set [SSE2|AVX|AVX2]
Thread count: 2 physical cores, 4 logical processors, using up to 4 threads

Non-default parameters:
TimeLimit  360
BestBdStop  2.7426211734693878e-02
MIPGap  5e-05
MIPFocus  2
NodefileStart  6
NonConvex  2
Threads  4

Optimize a model with 141 rows, 111 columns and 810 nonzeros (Max)
Model fingerprint: 0x4998fac0
Model has 1 linear objective coefficients
Model has 50 quadratic constraints
Variable types: 65 continuous, 46 integer (46 binary)
Coefficient statistics:
  Matrix range     [5e-01, 1e+00]
  QMatrix range    [1e+00, 1e+00]
  QLMatrix range   [1e+00, 1e+00]
  Objective range  [1e+00, 1e+00]
  Bounds range     [5e-01, 1e+00]
  RHS range        [1e+00, 1e+00]

Found heuristic solution: objective -0.0000000
Presolve time: 0.00s
Presolved: 341 rows, 112 columns, 1210 nonzeros
Presolved model has 50 bilinear constraint(s)

Solving non-convex MIQCP to global optimality

Variable types: 66 continuous, 46 integer (46 binary)
Root relaxation presolve removed 50 rows and 1 columns
Root relaxation presolved: 291 rows, 111 columns, 1160 nonzeros


Root relaxation: objective 8.333333e-02, 109 iterations, 0.00 seconds (0.00 work units)

    Nodes    |    Current Node    |     Objective Bounds      |     Work
 Expl Unexpl |  Obj  Depth IntInf | Incumbent    BestBd   Gap | It/Node Time

     0     0    0.08333    0   53   -0.00000    0.08333      -     -    0s
     0     0    0.07143    0   54   -0.00000    0.07143      -     -    0s
     0     0    0.07143    0   60   -0.00000    0.07143      -     -    0s
     0     0    0.07143    0   54   -0.00000    0.07143      -     -    0s
     0     0    0.07143    0   43   -0.00000    0.07143      -     -    0s
     0     0    0.07143    0   50   -0.00000    0.07143      -     -    0s
     0     0    0.07143    0   43   -0.00000    0.07143      -     -    0s
     0     0    0.07143    0   45   -0.00000    0.07143      -     -    0s
     0     0    0.07143    0   48   -0.00000    0.07143      -     -    0s
     0     0    0.07143    0   48   -0.00000    0.07143      -     -    0s
     0     2    0.07143    0   48   -0.00000    0.07143      -     -    0s
*  473   429              85       0.0000000    0.07143      -  27.0    0s
H  486   462                       0.0000001    0.07143      -  27.2    0s
H  523   462                       0.0000001    0.07143      -  27.0    0s
H  668   571                       0.0000002    0.07143      -  26.9    0s
H  701   620                       0.0000003    0.07143      -  27.0    0s
H  831   745                       0.0000006    0.07143      -  27.5    0s
* 1859  1302              99       0.0000007    0.05702      -  27.7    2s
H 2967  1764                       0.0000007    0.05702      -  30.7    3s
  8383  5431    0.00003   70   48    0.00000    0.05227      -  30.8    5s
*22432 15222              93       0.0000008    0.04603      -  30.1    8s
 26731 18793    0.00002   70   42    0.00000    0.04545      -  30.8   10s
*35716 24756              77       0.0000009    0.04457      -  30.2   12s
H37060 25550                       0.0000009    0.04449      -  30.0   13s
 44767 31294    0.00000   94   17    0.00000    0.04364      -  29.9   15s
 64856 45784    0.00003   62   50    0.00000    0.04205      -  29.9   20s
 85373 59737     cutoff   47         0.00000    0.04060      -  29.6   25s
 105266 73095    0.00370   47   44    0.00000    0.03971      -  29.6   30s
 126366 86664    0.01498   36   52    0.00000    0.03877      -  29.7   35s
 146753 100542    0.01736   32   53    0.00000    0.03831      -  29.6   40s
*158121 107938              96       0.0000009    0.03808      -  29.5   42s
H159194 107406                       0.0000011    0.03803      -  29.5   43s
 163498 110773    0.00003   79   37    0.00000    0.03794      -  29.5   45s
 185523 125128    0.00548   35   37    0.00000    0.03739      -  29.1   50s
 206607 139023    0.02714   30   54    0.00000    0.03695      -  29.1   55s
 229696 154810    0.00012   58   50    0.00000    0.03651      -  29.0   60s
 251429 168582    0.00021   62   50    0.00000    0.03605      -  28.9   65s
 273039 182355    0.00638   43   46    0.00000    0.03563      -  28.8   70s
 295812 197111    0.00001   74   39    0.00000    0.03527      -  28.8   75s
 314508 209244    0.00126   58   36    0.00000    0.03505      -  28.8   80s
 335960 223899    0.00001   93   33    0.00000    0.03478      -  28.7   85s
H353877 235506                       0.0000011    0.03459      -  28.8   89s
 355054 236622    0.00704   45   52    0.00000    0.03457      -  28.8   90s
 378239 250616     cutoff   63         0.00000    0.03428      -  28.7   95s
 400469 264372 infeasible   37         0.00000    0.03405      -  28.6  100s
 421945 277591    0.02480   30   51    0.00000    0.03383      -  28.5  105s
 442212 290581     cutoff   95         0.00000    0.03366      -  28.5  110s
 459964 302000    0.00006   65   36    0.00000    0.03349      -  28.4  115s
 478829 314323    0.00001   78   44    0.00000    0.03333      -  28.4  120s
 500782 328650    0.00000   71   27    0.00000    0.03318      -  28.4  125s
 524269 344396    0.00760   35   51    0.00000    0.03298      -  28.3  130s
 546373 359155    0.03229   35   56    0.00000    0.03280      -  28.2  135s
 566268 372032    0.01474   33   51    0.00000    0.03265      -  28.2  140s
 587543 384943 infeasible   43         0.00000    0.03248      -  28.2  145s
 601873 394623     cutoff   77         0.00000    0.03238      -  28.2  150s
 623439 408803    0.00789   33   38    0.00000    0.03224      -  28.2  155s
 645081 422672     cutoff   47         0.00000    0.03209      -  28.2  160s
 667760 437410    0.00052   40   37    0.00000    0.03194      -  28.2  165s
 689786 451787    0.01569   38   50    0.00000    0.03181      -  28.1  170s
 711461 465286    0.01504   33   57    0.00000    0.03166      -  28.1  175s
 732875 478641    0.02092   34   57    0.00000    0.03156      -  28.1  180s
 756615 493736    0.00003   80   35    0.00000    0.03143      -  28.1  185s
 778578 507975     cutoff   69         0.00000    0.03133      -  28.0  190s
 800840 521898    0.00254   39   43    0.00000    0.03120      -  28.0  195s
 822674 535809     cutoff   68         0.00000    0.03108      -  28.0  200s
 843427 548358    0.00482   45   37    0.00000    0.03095      -  28.0  205s
 864712 561458    0.01553   32   36    0.00000    0.03084      -  27.9  210s
 887446 576557    0.00030   48   50    0.00000    0.03075      -  27.9  215s
 911367 592027    0.00000   92   37    0.00000    0.03065      -  27.8  220s
 932402 605021    0.00168   48   43    0.00000    0.03054      -  27.8  225s
 950091 617062     cutoff   68         0.00000    0.03048      -  27.8  230s
 970241 629612    0.00372   50   44    0.00000    0.03039      -  27.8  235s
 987244 641159    0.00043   37   33    0.00000    0.03033      -  27.8  240s
 1008981 654594    0.01920   39   54    0.00000    0.03023      -  27.8  245s
 1030762 667966     cutoff   90         0.00000    0.03013      -  27.8  250s
 1053403 682199    0.00099   54   53    0.00000    0.03004      -  27.8  255s
 1075601 696225     cutoff   45         0.00000    0.02995      -  27.8  260s
 1097782 709615    0.00036   53   50    0.00000    0.02986      -  27.7  265s
 1119782 724088    0.00870   43   50    0.00000    0.02979      -  27.7  270s
 1140166 736824    0.00311   37   50    0.00000    0.02973      -  27.7  275s
 1161579 749906     cutoff   78         0.00000    0.02965      -  27.7  280s
H1178163 757646                       0.0000012    0.02961      -  27.7  283s
H1179474 755629                       0.0000013    0.02960      -  27.7  284s
H1179477 754980                       0.0000013    0.02960      -  27.7  284s
 1180339 755653    0.01350   36   50    0.00000    0.02960      -  27.7  285s
 1201488 769128    0.00894   43   53    0.00000    0.02951      -  27.7  290s
H1211573 775283                       0.0000013    0.02949      -  27.7  292s
 1220000 780532    0.00591   44   50    0.00000    0.02946      -  27.7  295s
 1241831 794160     cutoff   64         0.00000    0.02939      -  27.7  300s
 1263733 807589     cutoff   63         0.00000    0.02930      -  27.7  305s
 1284265 820349    0.00060   37   50    0.00000    0.02923      -  27.7  310s
 1306103 834233     cutoff   98         0.00000    0.02915      -  27.7  315s
 1328269 847696    0.00092   46   42    0.00000    0.02908      -  27.7  320s
 1350540 861730    0.00234   37   50    0.00000    0.02901      -  27.7  325s
 1373679 875842 infeasible   42         0.00000    0.02895      -  27.7  330s
 1393266 887949     cutoff   36         0.00000    0.02889      -  27.7  335s
 1414790 900579    0.00002   80   35    0.00000    0.02881      -  27.7  340s
 1433865 911996    0.00001   92   32    0.00000    0.02874      -  27.7  345s
 1455848 925505    0.00001   83   45    0.00000    0.02868      -  27.7  350s
 1478593 939522    0.00018   35   45    0.00000    0.02862      -  27.7  355s
 1497925 952084    0.00002   87   34    0.00000    0.02857      -  27.7  360s

Cutting planes:
  Gomory: 10
  Implied bound: 5
  MIR: 3
  Flow cover: 32
  RLT: 85
  Relax-and-lift: 9
  BQP: 8

Explored 1497975 nodes (41428394 simplex iterations) in 360.00 seconds (358.77 work units)
Thread count was 4 (of 4 available processors)

Solution count 10: 1.30939e-06 1.27771e-06 1.18687e-06 ... 7.02333e-07

Time limit reached
Best objective 1.309387955263e-06, best bound 2.856907769684e-02, gap 2181765.0143%
{"verdict": "UNRESOLVED", "status": "TIME_LIMIT", "runtime": 360.0019769668579, "objval": 1.309387955263086e-06, "objbound": 0.028569077696843026, "binaries": 46}
