Set parameter NodefileStart to value 6
Read parameters from file gurobi.env
Restricted license - for non-production use only - expires 2027-11-29
Set parameter OutputFlag to value 1
Set parameter Threads to value 4
Set parameter TimeLimit to value 360
Set parameter MIPGap to value 5e-05
Set parameter MIPFocus to value 2
Set parameter NonConvex to value 2
Set parameter BestBdStop to value 2.7426211734693878e-02
Gurobi Optimizer version 13.0.3 build v13.0.3rc0 (linux64 - "Ubuntu 24.04.5 LTS")

CPU model: INTEL(R) XEON(R) PLATINUM 8573C, instruction set [SSE2|AVX|AVX2|AVX512]
Thread count: 2 physical cores, 4 logical processors, using up to 4 threads

Non-default parameters:
TimeLimit  360
BestBdStop  2.7426211734693878e-02
MIPGap  5e-05
MIPFocus  2
NodefileStart  6
NonConvex  2
Threads  4

Optimize a model with 141 rows, 111 columns and 810 nonzeros (Max)
Model fingerprint: 0x552fd723
Model has 1 linear objective coefficients
Model has 50 quadratic constraints
Variable types: 65 continuous, 46 integer (46 binary)
Coefficient statistics:
  Matrix range     [5e-01, 1e+00]
  QMatrix range    [1e+00, 1e+00]
  QLMatrix range   [1e+00, 1e+00]
  Objective range  [1e+00, 1e+00]
  Bounds range     [5e-01, 1e+00]
  RHS range        [1e+00, 1e+00]

Found heuristic solution: objective -0.0000000
Presolve time: 0.00s
Presolved: 341 rows, 112 columns, 1210 nonzeros
Presolved model has 50 bilinear constraint(s)

Solving non-convex MIQCP to global optimality

Variable types: 66 continuous, 46 integer (46 binary)
Root relaxation presolve removed 70 rows and 11 columns
Root relaxation presolved: 271 rows, 101 columns, 1040 nonzeros


Root relaxation: objective 7.142857e-02, 87 iterations, 0.00 seconds (0.00 work units)

    Nodes    |    Current Node    |     Objective Bounds      |     Work
 Expl Unexpl |  Obj  Depth IntInf | Incumbent    BestBd   Gap | It/Node Time

     0     0    0.07143    0   50   -0.00000    0.07143      -     -    0s
     0     0    0.07143    0   54   -0.00000    0.07143      -     -    0s
     0     0    0.07143    0   58   -0.00000    0.07143      -     -    0s
     0     0    0.07143    0   45   -0.00000    0.07143      -     -    0s
     0     0    0.07143    0   50   -0.00000    0.07143      -     -    0s
     0     0    0.07143    0   41   -0.00000    0.07143      -     -    0s
     0     0    0.07143    0   54   -0.00000    0.07143      -     -    0s
     0     0    0.07143    0   54   -0.00000    0.07143      -     -    0s
     0     0    0.07143    0   44   -0.00000    0.07143      -     -    0s
     0     0    0.07143    0   44   -0.00000    0.07143      -     -    0s
     0     2    0.07143    0   44   -0.00000    0.07143      -     -    0s
H 1053   955                       0.0000001    0.07143      -  26.2    1s
H 1233  1035                       0.0000004    0.06184      -  27.6    1s
* 2133  1505             118       0.0000006    0.05646      -  24.9    1s
H 2253  1436                       0.0026243    0.05646  2052%  24.2    1s
H 2419  1426                       0.0026243    0.05646  2052%  24.7    1s
H 3572  1518                       0.0037944    0.04982  1213%  25.5    2s
H 5247  2286                       0.0037944    0.04695  1137%  29.3    3s
H 6867  3063                       0.0037944    0.04547  1098%  31.7    3s
H 6976  3138                       0.0039951    0.04525  1033%  31.8    3s
 10731  5116    0.03887   27   57    0.00400    0.04300   976%  34.6    5s
 26721 12377    0.01134   47   57    0.00400    0.03933   885%  36.7   10s
 41437 18888    0.01486   36   56    0.00400    0.03740   836%  36.6   15s
 60687 27192    0.02314   35   48    0.00400    0.03586   797%  36.6   20s
 77814 34733    0.00731   38   37    0.00400    0.03505   777%  36.7   25s
 96300 42495    0.02044   28   40    0.00400    0.03421   756%  36.7   30s
 113560 49707     cutoff   42         0.00400    0.03366   743%  37.1   35s
 129348 56287     cutoff   58         0.00400    0.03317   730%  37.4   40s
 146086 62104     cutoff   42         0.00400    0.03270   718%  37.5   45s
 164380 68727    0.01202   42   50    0.00400    0.03226   708%  37.7   50s
H171236 61499                       0.0061134    0.03211   425%  37.8   53s
H171259 61690                       0.0061134    0.03211   425%  37.8   53s
H172514 61391                       0.0062283    0.03209   415%  37.8   53s
 177030 62934    0.02208   32   60    0.00623    0.03196   413%  37.8   55s
 192725 67540    0.01937   30   53    0.00623    0.03158   407%  37.8   60s
 210116 72882    0.01191   37   49    0.00623    0.03120   401%  37.9   65s
 226460 77846    0.02642   36   50    0.00623    0.03090   396%  38.0   70s
H235450 80528                       0.0062284    0.03071   393%  38.1   73s
 239618 81994     cutoff   46         0.00623    0.03063   392%  38.1   75s
 256926 87037    0.01951   29   61    0.00623    0.03031   387%  38.1   80s
 274828 92320     cutoff   45         0.00623    0.02997   381%  38.0   85s
 293145 97713    0.00665   35   55    0.00623    0.02966   376%  38.0   90s
 310897 102798     cutoff   39         0.00623    0.02936   371%  38.0   95s
 328060 107771     cutoff   38         0.00623    0.02913   368%  38.0  100s
H340069 111173                       0.0062285    0.02899   365%  38.0  103s
 343346 112067     cutoff   33         0.00623    0.02896   365%  38.0  105s
 360961 117271    0.00828   40   47    0.00623    0.02871   361%  38.0  110s
 377836 121975    0.02680   32   67    0.00623    0.02850   357%  38.0  115s
 391438 126194    0.02073   39   48    0.00623    0.02835   355%  38.0  120s
 409281 131211    0.00665   42   51    0.00623    0.02814   352%  38.0  125s
 425757 135661     cutoff   41         0.00623    0.02796   349%  38.0  130s
 441582 140251    0.01692   32   50    0.00623    0.02780   346%  38.0  135s
 458504 144974    0.02705   32   58    0.00623    0.02763   344%  38.0  140s
 475920 149929    0.00677   40   44    0.00623    0.02746   341%  38.0  145s

Cutting planes:
  Gomory: 22
  Implied bound: 25
  MIR: 6
  Flow cover: 24
  Inf proof: 6
  RLT: 74
  Relax-and-lift: 31
  BQP: 24

Explored 480151 nodes (18222132 simplex iterations) in 146.24 seconds (147.07 work units)
Thread count was 4 (of 4 available processors)

Solution count 10: 0.00622852 0.00611335 0.00399508 ... -0

Optimization achieved user objective limit
Best objective 6.228521004053e-03, best bound 2.742498466751e-02, gap 340.3130%
{"verdict": "PROVED", "status": "BOUND_REACHED", "runtime": 146.2415771484375, "objval": 0.006228521004052981, "objbound": 0.027424984667513995, "binaries": 46}
