Set parameter NodefileStart to value 6
Read parameters from file gurobi.env
Restricted license - for non-production use only - expires 2027-11-29
Set parameter OutputFlag to value 1
Set parameter Threads to value 4
Set parameter TimeLimit to value 360
Set parameter MIPGap to value 5e-05
Set parameter MIPFocus to value 2
Set parameter NonConvex to value 2
Set parameter BestBdStop to value 2.7426211734693878e-02
Gurobi Optimizer version 13.0.3 build v13.0.3rc0 (linux64 - "Ubuntu 24.04.5 LTS")

CPU model: AMD EPYC 9V74 80-Core Processor, instruction set [SSE2|AVX|AVX2|AVX512]
Thread count: 2 physical cores, 4 logical processors, using up to 4 threads

Non-default parameters:
TimeLimit  360
BestBdStop  2.7426211734693878e-02
MIPGap  5e-05
MIPFocus  2
NodefileStart  6
NonConvex  2
Threads  4

Optimize a model with 145 rows, 115 columns and 846 nonzeros (Max)
Model fingerprint: 0x17a46d1c
Model has 1 linear objective coefficients
Model has 50 quadratic constraints
Variable types: 65 continuous, 50 integer (50 binary)
Coefficient statistics:
  Matrix range     [5e-01, 1e+00]
  QMatrix range    [1e+00, 1e+00]
  QLMatrix range   [1e+00, 1e+00]
  Objective range  [1e+00, 1e+00]
  Bounds range     [5e-01, 1e+00]
  RHS range        [1e+00, 1e+00]

Found heuristic solution: objective -0.0000000
Presolve time: 0.00s
Presolved: 345 rows, 116 columns, 1246 nonzeros
Presolved model has 50 bilinear constraint(s)

Solving non-convex MIQCP to global optimality

Variable types: 66 continuous, 50 integer (50 binary)
Root relaxation presolve removed 50 rows and 1 columns
Root relaxation presolved: 295 rows, 115 columns, 1196 nonzeros


Root relaxation: objective 8.333333e-02, 105 iterations, 0.00 seconds (0.00 work units)

    Nodes    |    Current Node    |     Objective Bounds      |     Work
 Expl Unexpl |  Obj  Depth IntInf | Incumbent    BestBd   Gap | It/Node Time

     0     0    0.08333    0   56   -0.00000    0.08333      -     -    0s
     0     0    0.08333    0   58   -0.00000    0.08333      -     -    0s
     0     0    0.08333    0   82   -0.00000    0.08333      -     -    0s
     0     0    0.08333    0   49   -0.00000    0.08333      -     -    0s
     0     0    0.07692    0   49   -0.00000    0.07692      -     -    0s
     0     0    0.07692    0   47   -0.00000    0.07692      -     -    0s
     0     0    0.07692    0   49   -0.00000    0.07692      -     -    0s
     0     0    0.07692    0   36   -0.00000    0.07692      -     -    0s
     0     0    0.06680    0   36   -0.00000    0.06680      -     -    0s
     0     2    0.06680    0   36   -0.00000    0.06680      -     -    0s
*  724   744             116       0.0000001    0.06680      -  21.5    0s
H 1106   962                       0.0000001    0.06680      -  22.8    0s
H 1110   916                       0.0000003    0.06680      -  22.7    0s
H 1180   917                       0.0000003    0.06680      -  24.0    1s
H 1255   939                       0.0000003    0.06680      -  24.7    1s
H 1616  1160                       0.0053666    0.06680  1145%  22.1    1s
* 1897  1086             109       0.0076429    0.06680   774%  21.9    1s
* 1901  1045             110       0.0077246    0.06680   765%  21.8    1s
* 1918   996             119       0.0082401    0.06680   711%  21.6    1s
H 1946   949                       0.0082589    0.06680   709%  21.9    1s
H 2098   988                       0.0082603    0.06680   709%  24.1    1s
H 3246  1085                       0.0134844    0.06550   386%  32.3    1s
H 4462  1165                       0.0205071    0.05613   174%  36.1    2s
H 9031  2462                       0.0208645    0.04799   130%  39.9    3s
H14612  3612                       0.0212731    0.04429   108%  40.4    4s
 16862  4163    0.03033   22   54    0.02127    0.04362   105%  40.4    5s
 39398  7722    0.02618   33   58    0.02127    0.03928  84.7%  38.8   10s
H57907 10579                       0.0212731    0.03777  77.6%  37.4   13s
H59188 10668                       0.0212821    0.03769  77.1%  37.3   13s
H60585 10391                       0.0224078    0.03762  67.9%  37.3   14s
H60586 10347                       0.0224760    0.03762  67.4%  37.3   14s
 64022 10846     cutoff   28         0.02248    0.03738  66.3%  37.1   15s
H88790 14335                       0.0224762    0.03641  62.0%  36.7   19s
 89582 14409     cutoff   30         0.02248    0.03638  61.9%  36.7   20s
 114998 17271    0.03550   29   52    0.02248    0.03550  57.9%  35.9   25s
H139154 19698                       0.0224973    0.03486  55.0%  35.3   29s
H140396 19900                       0.0225013    0.03485  54.9%  35.3   29s
H141365 19998                       0.0225013    0.03483  54.8%  35.3   29s
 141687 20046    0.02805   30   60    0.02250    0.03482  54.7%  35.3   30s
 168563 22359     cutoff   31         0.02250    0.03422  52.1%  34.7   35s
 193689 25154    0.02673   32   60    0.02250    0.03368  49.7%  34.1   40s
 219834 27205    0.02998   31   55    0.02250    0.03318  47.5%  33.8   45s
 247420 29264    0.02724   38   49    0.02250    0.03269  45.3%  33.4   50s
 274384 31427     cutoff   34         0.02250    0.03234  43.7%  33.1   55s
H294689 32883                       0.0226258    0.03206  41.7%  32.8   58s
H294829 32907                       0.0226258    0.03206  41.7%  32.8   58s
 301632 33266    0.02267   32   57    0.02263    0.03197  41.3%  32.7   60s
 330021 35203    0.02645   42   47    0.02263    0.03159  39.6%  32.3   65s
H340315 35680                       0.0226258    0.03146  39.1%  32.2   66s
 352480 36684     cutoff   28         0.02263    0.03133  38.5%  32.0   70s
 380501 38196    0.03046   29   46    0.02263    0.03099  37.0%  31.8   75s
 408772 40202    0.02546   33   53    0.02263    0.03068  35.6%  31.5   80s
 437299 42054     cutoff   42         0.02263    0.03042  34.4%  31.3   85s
 464936 43388    0.02388   40   50    0.02263    0.03016  33.3%  31.1   90s
 493334 45104     cutoff   32         0.02263    0.02994  32.3%  30.9   95s
 521974 46894     cutoff   32         0.02263    0.02975  31.5%  30.8  100s
 550861 48815    0.02343   39   35    0.02263    0.02957  30.7%  30.6  105s
 575530 50575     cutoff   36         0.02263    0.02943  30.1%  30.5  110s
 604171 52445     cutoff   32         0.02263    0.02927  29.4%  30.3  115s
 632696 54088    0.02502   32   63    0.02263    0.02911  28.7%  30.2  120s
 661090 55428     cutoff   35         0.02263    0.02896  28.0%  30.1  125s
 689481 56409     cutoff   39         0.02263    0.02881  27.3%  30.0  130s
 717541 57455    0.02321   33   57    0.02263    0.02865  26.6%  29.8  135s
 747416 58782    0.02596   41   40    0.02263    0.02849  25.9%  29.7  140s
 772609 59873    0.02669   31   56    0.02263    0.02838  25.4%  29.6  145s
 800503 60573    0.02510   28   55    0.02263    0.02826  24.9%  29.4  150s
 831105 61258    0.02435   40   55    0.02263    0.02811  24.2%  29.3  155s
 861526 61637    0.02396   55   39    0.02263    0.02795  23.5%  29.1  160s
 891144 61896     cutoff   40         0.02263    0.02780  22.9%  29.0  165s
 921045 62235    0.02515   34   58    0.02263    0.02765  22.2%  28.9  170s
 949893 62658    0.02298   37   57    0.02263    0.02753  21.7%  28.7  175s

Cutting planes:
  Gomory: 16
  Implied bound: 20
  MIR: 10
  Flow cover: 23
  Inf proof: 48
  RLT: 53
  Relax-and-lift: 8
  BQP: 17

Explored 970701 nodes (27816200 simplex iterations) in 179.06 seconds (238.94 work units)
Thread count was 4 (of 4 available processors)

Solution count 10: 0.0226258 0.0225013 0.0224973 ... 0.0208645

Optimization achieved user objective limit
Best objective 2.262580199224e-02, best bound 2.742384518258e-02, gap 21.2061%
{"verdict": "PROVED", "status": "BOUND_REACHED", "runtime": 179.06226587295532, "objval": 0.022625801992236804, "objbound": 0.027423845182577712, "binaries": 50}
