Set parameter NodefileStart to value 6
Read parameters from file gurobi.env
Restricted license - for non-production use only - expires 2027-11-29
Set parameter OutputFlag to value 1
Set parameter Threads to value 4
Set parameter TimeLimit to value 360
Set parameter MIPGap to value 5e-05
Set parameter MIPFocus to value 2
Set parameter NonConvex to value 2
Set parameter BestBdStop to value 2.7426211734693878e-02
Gurobi Optimizer version 13.0.3 build v13.0.3rc0 (linux64 - "Ubuntu 24.04.5 LTS")

CPU model: AMD EPYC 7763 64-Core Processor, instruction set [SSE2|AVX|AVX2]
Thread count: 2 physical cores, 4 logical processors, using up to 4 threads

Non-default parameters:
TimeLimit  360
BestBdStop  2.7426211734693878e-02
MIPGap  5e-05
MIPFocus  2
NodefileStart  6
NonConvex  2
Threads  4

Optimize a model with 129 rows, 99 columns and 714 nonzeros (Max)
Model fingerprint: 0x32733ac4
Model has 1 linear objective coefficients
Model has 50 quadratic constraints
Variable types: 65 continuous, 34 integer (34 binary)
Coefficient statistics:
  Matrix range     [5e-01, 1e+00]
  QMatrix range    [1e+00, 1e+00]
  QLMatrix range   [1e+00, 1e+00]
  Objective range  [1e+00, 1e+00]
  Bounds range     [5e-01, 1e+00]
  RHS range        [1e+00, 1e+00]

Found heuristic solution: objective -0.0000000
Presolve time: 0.00s
Presolved: 329 rows, 100 columns, 1114 nonzeros
Presolved model has 50 bilinear constraint(s)

Solving non-convex MIQCP to global optimality

Variable types: 66 continuous, 34 integer (34 binary)
Root relaxation presolve removed 50 rows and 1 columns
Root relaxation presolved: 279 rows, 99 columns, 1064 nonzeros


Root relaxation: objective 1.250000e-01, 116 iterations, 0.00 seconds (0.00 work units)

    Nodes    |    Current Node    |     Objective Bounds      |     Work
 Expl Unexpl |  Obj  Depth IntInf | Incumbent    BestBd   Gap | It/Node Time

     0     0    0.12500    0   54   -0.00000    0.12500      -     -    0s
     0     0    0.10000    0   46   -0.00000    0.10000      -     -    0s
     0     0    0.10000    0   60   -0.00000    0.10000      -     -    0s
     0     0    0.09322    0   65   -0.00000    0.09322      -     -    0s
     0     0    0.09322    0   60   -0.00000    0.09322      -     -    0s
     0     0    0.09302    0   62   -0.00000    0.09302      -     -    0s
     0     0    0.09184    0   60   -0.00000    0.09184      -     -    0s
     0     0    0.09184    0   62   -0.00000    0.09184      -     -    0s
     0     0    0.08989    0   64   -0.00000    0.08989      -     -    0s
     0     0    0.08989    0   63   -0.00000    0.08989      -     -    0s
     0     0    0.08989    0   64   -0.00000    0.08989      -     -    0s
     0     0    0.08989    0   64   -0.00000    0.08989      -     -    0s
     0     0    0.08989    0   64   -0.00000    0.08989      -     -    0s
     0     2    0.08989    0   63   -0.00000    0.08989      -     -    0s
H   42    46                       0.0000000    0.08929      -  21.7    0s
H  211   196                       0.0000000    0.08929      -  32.0    0s
H  553   457                       0.0000000    0.08333      -  29.7    0s
H  578   498                       0.0000000    0.08333      -  29.6    0s
*  688   608              93       0.0000001    0.08333      -  31.7    0s
*  689   608              93       0.0000001    0.08333      -  31.7    0s
*  837   750              99       0.0000002    0.08333      -  31.4    0s
*  838   750              99       0.0000002    0.08333      -  31.4    0s
*  845   750             100       0.0000002    0.08333      -  31.3    0s
*  846   742             100       0.0000003    0.08333      -  31.3    0s
H 1234   934                       0.0000004    0.08036      -  31.0    1s
* 6635  4167              63       0.0000004    0.03489      -  32.1    3s
* 6636  4167              63       0.0000004    0.03489      -  32.1    3s
 11294  7469    0.00537   25   55    0.00000    0.02959      -  31.5    5s
*17516 11446              93       0.0000005    0.02769      -  31.6    6s
*17538 11428              91       0.0000005    0.02769      -  31.6    6s
H18377 11820                       0.0000006    0.02753      -  31.3    7s

Cutting planes:
  Gomory: 15
  Lift-and-project: 1
  MIR: 2
  Flow cover: 3
  RLT: 40
  Relax-and-lift: 1
  BQP: 9

Explored 19634 nodes (615067 simplex iterations) in 7.31 seconds (6.27 work units)
Thread count was 4 (of 4 available processors)

Solution count 10: 5.80065e-07 4.76082e-07 4.63252e-07 ... 1.90757e-07

Optimization achieved user objective limit
Best objective 5.800650209331e-07, best bound 2.733588829747e-02, gap -
{"verdict": "PROVED", "status": "BOUND_REACHED", "runtime": 7.315490007400513, "objval": 5.800650209331072e-07, "objbound": 0.027335888297470908, "binaries": 34}
