Set parameter NodefileStart to value 6
Read parameters from file gurobi.env
Restricted license - for non-production use only - expires 2027-11-29
Set parameter OutputFlag to value 1
Set parameter Threads to value 4
Set parameter TimeLimit to value 360
Set parameter MIPGap to value 5e-05
Set parameter MIPFocus to value 2
Set parameter NonConvex to value 2
Set parameter BestBdStop to value 2.7426211734693878e-02
Gurobi Optimizer version 13.0.3 build v13.0.3rc0 (linux64 - "Ubuntu 24.04.5 LTS")

CPU model: AMD EPYC 9V74 80-Core Processor, instruction set [SSE2|AVX|AVX2]
Thread count: 2 physical cores, 4 logical processors, using up to 4 threads

Non-default parameters:
TimeLimit  360
BestBdStop  2.7426211734693878e-02
MIPGap  5e-05
MIPFocus  2
NodefileStart  6
NonConvex  2
Threads  4

Optimize a model with 133 rows, 103 columns and 742 nonzeros (Max)
Model fingerprint: 0x1847a286
Model has 1 linear objective coefficients
Model has 50 quadratic constraints
Variable types: 65 continuous, 38 integer (38 binary)
Coefficient statistics:
  Matrix range     [5e-01, 1e+00]
  QMatrix range    [1e+00, 1e+00]
  QLMatrix range   [1e+00, 1e+00]
  Objective range  [1e+00, 1e+00]
  Bounds range     [5e-01, 1e+00]
  RHS range        [1e+00, 1e+00]

Found heuristic solution: objective -0.0000000
Presolve time: 0.00s
Presolved: 333 rows, 104 columns, 1142 nonzeros
Presolved model has 50 bilinear constraint(s)

Solving non-convex MIQCP to global optimality

Variable types: 66 continuous, 38 integer (38 binary)
Root relaxation presolve removed 50 rows and 1 columns
Root relaxation presolved: 283 rows, 103 columns, 1092 nonzeros


Root relaxation: objective 1.250000e-01, 127 iterations, 0.00 seconds (0.00 work units)

    Nodes    |    Current Node    |     Objective Bounds      |     Work
 Expl Unexpl |  Obj  Depth IntInf | Incumbent    BestBd   Gap | It/Node Time

     0     0    0.12500    0   59   -0.00000    0.12500      -     -    0s
     0     0    0.10000    0   52   -0.00000    0.10000      -     -    0s
     0     0    0.10000    0   55   -0.00000    0.10000      -     -    0s
     0     0    0.07143    0   56   -0.00000    0.07143      -     -    0s
H    0     0                       0.0000000    0.07143      -     -    0s
     0     0    0.07143    0   54    0.00000    0.07143      -     -    0s
     0     0    0.07143    0   51    0.00000    0.07143      -     -    0s
     0     0    0.07143    0   51    0.00000    0.07143      -     -    0s
     0     0    0.07143    0   56    0.00000    0.07143      -     -    0s
     0     0    0.07143    0   40    0.00000    0.07143      -     -    0s
     0     0    0.07143    0   47    0.00000    0.07143      -     -    0s
     0     0    0.07143    0   53    0.00000    0.07143      -     -    0s
     0     0    0.07143    0   53    0.00000    0.07143      -     -    0s
     0     2    0.07143    0   53    0.00000    0.07143      -     -    0s
H   73    86                       0.0000000    0.07143      -  30.1    0s
H   82    86                       0.0000001    0.07143      -  28.6    0s
H  401   410                       0.0000001    0.07143      -  30.2    0s
H  438   410                       0.0000002    0.07143      -  30.5    0s
*  675   629             102       0.0000003    0.07143      -  29.5    0s
* 1805  1277              93       0.0000004    0.03584      -  30.6    1s
* 1813  1223              95       0.0000005    0.03584      -  30.5    1s
* 2197  1371             107       0.0000005    0.03584      -  29.3    2s
* 2199  1326             108       0.0000005    0.03584      -  29.3    2s
H 3247  1723                       0.0000007    0.03584      -  28.9    2s
 10469  6831    0.00097   49   52    0.00000    0.03584      -  28.8    5s
 28111 18749    0.01305   30   53    0.00000    0.03584      -  30.9   10s
 45107 30215     cutoff   35         0.00000    0.03520      -  32.1   15s
 65135 42872     cutoff   69         0.00000    0.03379      -  32.3   20s
 85681 55772     cutoff   65         0.00000    0.03278      -  32.2   25s
 104723 67728    0.01970   31   53    0.00000    0.03211      -  32.4   30s
 123967 80565    0.03120   31   51    0.00000    0.03162      -  32.6   35s
 144328 93269    0.00001   75   21    0.00000    0.03108      -  32.6   40s
 160818 103493    0.00014   51   50    0.00000    0.03063      -  32.5   45s
 181736 117050    0.00002   59   33    0.00000    0.03015      -  32.6   50s
 200003 129203    0.00139   49   44    0.00000    0.02987      -  32.8   55s
 219643 141934    0.00001   88   26    0.00000    0.02957      -  32.8   60s
 239693 153903    0.00045   58   43    0.00000    0.02922      -  32.8   65s
 258710 166344    0.00078   51   51    0.00000    0.02899      -  32.8   70s
 277442 177837    0.00912   35   44    0.00000    0.02866      -  32.9   75s
 297779 190526    0.02568   35   54    0.00000    0.02840      -  32.9   80s
 314484 200725    0.01725   31   50    0.00000    0.02821      -  32.9   85s
 333763 212361    0.00169   39   44    0.00000    0.02797      -  32.9   90s
 353386 224530    0.00017   48   50    0.00000    0.02778      -  32.8   95s
 373374 236519    0.00160   45   44    0.00000    0.02755      -  32.8  100s

Cutting planes:
  Gomory: 15
  Implied bound: 3
  MIR: 4
  Flow cover: 17
  RLT: 77
  BQP: 8

Explored 384287 nodes (12611258 simplex iterations) in 102.71 seconds (102.40 work units)
Thread count was 4 (of 4 available processors)

Solution count 10: 6.77836e-07 5.42374e-07 5.11604e-07 ... 4.40677e-08

Optimization achieved user objective limit
Best objective 6.778356515643e-07, best bound 2.742612448558e-02, gap -
{"verdict": "PROVED", "status": "BOUND_REACHED", "runtime": 102.71087312698364, "objval": 6.778356515643465e-07, "objbound": 0.027426124485575215, "binaries": 38}
