Set parameter NodefileStart to value 6
Read parameters from file gurobi.env
Restricted license - for non-production use only - expires 2027-11-29
Set parameter OutputFlag to value 1
Set parameter Threads to value 4
Set parameter TimeLimit to value 360
Set parameter MIPGap to value 5e-05
Set parameter MIPFocus to value 2
Set parameter NonConvex to value 2
Set parameter BestBdStop to value 2.7426211734693878e-02
Gurobi Optimizer version 13.0.3 build v13.0.3rc0 (linux64 - "Ubuntu 24.04.5 LTS")

CPU model: AMD EPYC 9V74 80-Core Processor, instruction set [SSE2|AVX|AVX2|AVX512]
Thread count: 2 physical cores, 4 logical processors, using up to 4 threads

Non-default parameters:
TimeLimit  360
BestBdStop  2.7426211734693878e-02
MIPGap  5e-05
MIPFocus  2
NodefileStart  6
NonConvex  2
Threads  4

Optimize a model with 141 rows, 111 columns and 810 nonzeros (Max)
Model fingerprint: 0x6b8f418e
Model has 1 linear objective coefficients
Model has 50 quadratic constraints
Variable types: 65 continuous, 46 integer (46 binary)
Coefficient statistics:
  Matrix range     [5e-01, 1e+00]
  QMatrix range    [1e+00, 1e+00]
  QLMatrix range   [1e+00, 1e+00]
  Objective range  [1e+00, 1e+00]
  Bounds range     [5e-01, 1e+00]
  RHS range        [1e+00, 1e+00]

Found heuristic solution: objective -0.0000000
Presolve time: 0.00s
Presolved: 341 rows, 112 columns, 1210 nonzeros
Presolved model has 50 bilinear constraint(s)

Solving non-convex MIQCP to global optimality

Variable types: 66 continuous, 46 integer (46 binary)
Root relaxation presolve removed 50 rows and 1 columns
Root relaxation presolved: 291 rows, 111 columns, 1160 nonzeros


Root relaxation: objective 8.333333e-02, 113 iterations, 0.00 seconds (0.00 work units)

    Nodes    |    Current Node    |     Objective Bounds      |     Work
 Expl Unexpl |  Obj  Depth IntInf | Incumbent    BestBd   Gap | It/Node Time

     0     0    0.08333    0   48   -0.00000    0.08333      -     -    0s
     0     0    0.08333    0   54   -0.00000    0.08333      -     -    0s
H    0     0                       0.0000000    0.08333      -     -    0s
     0     0    0.07639    0   66    0.00000    0.07639      -     -    0s
     0     0    0.07639    0   63    0.00000    0.07639      -     -    0s
H    0     0                       0.0000000    0.07639      -     -    0s
     0     0    0.07595    0   59    0.00000    0.07595      -     -    0s
     0     0    0.07143    0   61    0.00000    0.07143      -     -    0s
     0     0    0.07143    0   60    0.00000    0.07143      -     -    0s
     0     0    0.07143    0   52    0.00000    0.07143      -     -    0s
     0     0    0.07143    0   59    0.00000    0.07143      -     -    0s
     0     0    0.07143    0   70    0.00000    0.07143      -     -    0s
     0     0    0.07143    0   70    0.00000    0.07143      -     -    0s
     0     0    0.07143    0   69    0.00000    0.07143      -     -    0s
     0     0    0.07143    0   67    0.00000    0.07143      -     -    0s
     0     0    0.07143    0   58    0.00000    0.07143      -     -    0s
     0     0    0.07143    0   58    0.00000    0.07143      -     -    0s
H    0     0                       0.0000000    0.07143      -     -    0s
     0     2    0.07143    0   58    0.00000    0.07143      -     -    0s
H  260   253                       0.0000003    0.07143      -  29.9    0s
H 1229   967                       0.0000004    0.03329      -  32.2    1s
* 1864  1324             102       0.0000007    0.03171      -  30.8    2s
* 2043  1328             109       0.0000007    0.03171      -  28.8    2s
H 3094  1833                       0.0000011    0.03171      -  27.1    2s
 12659  8970    0.00002   70   51    0.00000    0.03171      -  23.1    5s
H34215 24051                       0.0000011    0.03171      -  21.4    8s
 37167 26362    0.00979   36   54    0.00000    0.03171      -  21.0   10s
 65070 46663    0.00000   68   24    0.00000    0.03171      -  21.0   15s
 91660 64945    0.00073   52   50    0.00000    0.03171      -  21.1   20s
 117201 82194    0.00001   64   40    0.00000    0.03171      -  21.3   25s
H117877 82446                       0.0000011    0.03171      -  21.3   25s
 143152 99368    0.00003   74   44    0.00000    0.03137      -  21.3   30s
 165811 115092    0.00008   63   48    0.00000    0.03115      -  21.5   35s
 191183 132307    0.00396   46   50    0.00000    0.03092      -  21.5   40s
 215997 148649    0.00074   45   44    0.00000    0.03068      -  21.7   45s
 241426 166287    0.02235   40   54    0.00000    0.03052      -  21.7   50s
 267172 183720    0.00001   70   44    0.00000    0.03036      -  21.9   55s
 290151 199003    0.01448   36   55    0.00000    0.03025      -  21.9   60s
 315431 215716    0.00215   38   38    0.00000    0.03011      -  21.9   65s
 339748 232458 infeasible   62         0.00000    0.02998      -  22.1   70s
 364561 249507    0.02403   40   52    0.00000    0.02985      -  22.2   75s
 389853 266229     cutoff   66         0.00000    0.02973      -  22.2   80s
 412436 281229    0.00001   71   49    0.00000    0.02964      -  22.2   85s
 435729 296497     cutoff   80         0.00000    0.02953      -  22.3   90s
 458877 312035    0.00121   53   53    0.00000    0.02942      -  22.3   95s
 483651 328451    0.00000   97   45    0.00000    0.02933      -  22.3  100s
 508240 344942    0.02386   30   53    0.00000    0.02925      -  22.4  105s
 533569 361770    0.02464   35   56    0.00000    0.02917      -  22.4  110s
 555700 376628    0.00131   60   39    0.00000    0.02910      -  22.5  115s
 579738 392530    0.00088   52   50    0.00000    0.02903      -  22.6  120s
 602958 408735     cutoff   94         0.00000    0.02897      -  22.7  125s
 626383 423738    0.00417   51   42    0.00000    0.02891      -  22.7  130s
 651157 440128    0.00239   51   36    0.00000    0.02884      -  22.8  135s
 672670 454830     cutoff   60         0.00000    0.02878      -  22.8  140s
 698142 471681    0.00566   42   50    0.00000    0.02872      -  22.8  145s
 723390 488691    0.00000   75   43    0.00000    0.02865      -  22.9  150s
 747710 504714    0.00514   40   50    0.00000    0.02859      -  22.9  155s
 772449 520983    0.00043   55   50    0.00000    0.02855      -  22.9  160s
 797580 537566    0.00028   66   43    0.00000    0.02848      -  22.9  165s
 820123 552822    0.00136   41   50    0.00000    0.02844      -  23.0  170s
 844740 568876    0.00246   44   51    0.00000    0.02838      -  23.0  175s
 868552 584644    0.00548   43   51    0.00000    0.02834      -  23.0  180s
 893343 600637     cutoff   46         0.00000    0.02828      -  23.1  185s
 915460 614881    0.00002   64   44    0.00000    0.02823      -  23.1  190s
 937901 629343    0.00048   53   36    0.00000    0.02820      -  23.1  195s
 962763 645457    0.01607   37   44    0.00000    0.02814      -  23.1  200s
 986752 661202    0.00172   51   51    0.00000    0.02810      -  23.1  205s
 1010700 677073    0.00016   62   50    0.00000    0.02805      -  23.2  210s
 1032301 690932    0.00000   75   39    0.00000    0.02801      -  23.2  215s
 1055994 707160    0.00003   78   50    0.00000    0.02798      -  23.2  220s
 1079459 722478    0.00141   51   50    0.00000    0.02793      -  23.2  225s
 1103785 738273    0.00011   70   51    0.00000    0.02789      -  23.3  230s
 1128339 753659    0.00348   47   50    0.00000    0.02785      -  23.3  235s
 1150640 767877    0.02577   36   54    0.00000    0.02782      -  23.3  240s
 1175731 784226    0.00129   39   50    0.00000    0.02778      -  23.3  245s
 1199715 799809    0.02336   37   46    0.00000    0.02774      -  23.4  250s
 1224530 815740    0.00871   41   50    0.00000    0.02770      -  23.4  255s
 1248875 831314     cutoff   61         0.00000    0.02766      -  23.4  260s
 1270295 845430    0.00000   60   17    0.00000    0.02763      -  23.4  265s
 1295368 861556    0.00008   59   49    0.00000    0.02759      -  23.4  270s
 1319847 878152    0.00239   53   52    0.00000    0.02756      -  23.4  275s
 1344472 893945    0.00008   74   32    0.00000    0.02753      -  23.4  280s
 1368981 909978    0.00687   53   52    0.00000    0.02750      -  23.5  285s
 1388842 923022    0.00001   55   31    0.00000    0.02747      -  23.5  290s
 1411250 937407    0.00182   49   38    0.00000    0.02744      -  23.5  295s

Cutting planes:
  Gomory: 16
  Implied bound: 5
  MIR: 1
  Flow cover: 19
  RLT: 77
  Relax-and-lift: 5
  BQP: 20

Explored 1424382 nodes (33442415 simplex iterations) in 297.73 seconds (404.40 work units)
Thread count was 4 (of 4 available processors)

Solution count 10: 1.08819e-06 1.08561e-06 7.31515e-07 ... -0

Optimization achieved user objective limit
Best objective 1.088193631956e-06, best bound 2.742528443904e-02, gap 2520157.7587%
{"verdict": "PROVED", "status": "BOUND_REACHED", "runtime": 297.72910499572754, "objval": 1.088193631955619e-06, "objbound": 0.027425284439036888, "binaries": 46}
