Set parameter NodefileStart to value 6
Read parameters from file gurobi.env
Restricted license - for non-production use only - expires 2027-11-29
Set parameter OutputFlag to value 1
Set parameter Threads to value 4
Set parameter TimeLimit to value 360
Set parameter MIPGap to value 5e-05
Set parameter MIPFocus to value 2
Set parameter NonConvex to value 2
Set parameter BestBdStop to value 2.7426211734693878e-02
Gurobi Optimizer version 13.0.3 build v13.0.3rc0 (linux64 - "Ubuntu 24.04.5 LTS")

CPU model: AMD EPYC 9V74 80-Core Processor, instruction set [SSE2|AVX|AVX2|AVX512]
Thread count: 2 physical cores, 4 logical processors, using up to 4 threads

Non-default parameters:
TimeLimit  360
BestBdStop  2.7426211734693878e-02
MIPGap  5e-05
MIPFocus  2
NodefileStart  6
NonConvex  2
Threads  4

Optimize a model with 141 rows, 111 columns and 810 nonzeros (Max)
Model fingerprint: 0x7aee9c6a
Model has 1 linear objective coefficients
Model has 50 quadratic constraints
Variable types: 65 continuous, 46 integer (46 binary)
Coefficient statistics:
  Matrix range     [5e-01, 1e+00]
  QMatrix range    [1e+00, 1e+00]
  QLMatrix range   [1e+00, 1e+00]
  Objective range  [1e+00, 1e+00]
  Bounds range     [5e-01, 1e+00]
  RHS range        [1e+00, 1e+00]

Found heuristic solution: objective -0.0000000
Presolve time: 0.00s
Presolved: 341 rows, 112 columns, 1210 nonzeros
Presolved model has 50 bilinear constraint(s)

Solving non-convex MIQCP to global optimality

Variable types: 66 continuous, 46 integer (46 binary)
Root relaxation presolve removed 50 rows and 1 columns
Root relaxation presolved: 291 rows, 111 columns, 1160 nonzeros


Root relaxation: objective 8.333333e-02, 110 iterations, 0.00 seconds (0.00 work units)

    Nodes    |    Current Node    |     Objective Bounds      |     Work
 Expl Unexpl |  Obj  Depth IntInf | Incumbent    BestBd   Gap | It/Node Time

     0     0    0.08333    0   41   -0.00000    0.08333      -     -    0s
H    0     0                       0.0000000    0.08333      -     -    0s
     0     0    0.06250    0   54    0.00000    0.06250      -     -    0s
     0     0    0.06250    0   54    0.00000    0.06250      -     -    0s
     0     0    0.06250    0   50    0.00000    0.06250      -     -    0s
     0     0    0.06250    0   50    0.00000    0.06250      -     -    0s
     0     2    0.06250    0   50    0.00000    0.06250      -     -    0s
*  425   429              68       0.0000001    0.06250      -  12.3    0s
*  442   429              66       0.0000001    0.06250      -  12.1    0s
*  550   495              80       0.0000002    0.06250      -  12.9    0s
*  746   654              93       0.0000003    0.06250      -  13.3    0s
H 1164   979                       0.0000005    0.06250      -  12.9    0s
H 3874  2147                       0.0000006    0.04039      -  17.4    1s
* 4776  2718              60       0.0000006    0.03798      -  18.1    1s
* 7298  4491              71       0.0000006    0.03430      -  18.8    3s
* 7498  4671              72       0.0000006    0.03409      -  18.7    3s
* 7500  4671              73       0.0000006    0.03409      -  18.7    3s
* 7501  4668              73       0.0000006    0.03409      -  18.7    3s
H 9165  5913                       0.0000006    0.03356      -  19.1    3s
 12370  7857    0.01957   32   55    0.00000    0.03208      -  20.4    5s
*12682  8063              64       0.0000008    0.03191      -  20.5    5s
H19685 12060                       0.0000009    0.02956      -  21.0    6s
 32940 19799    0.00000   83   28    0.00000    0.02809      -  21.7   10s

Cutting planes:
  Gomory: 7
  Implied bound: 10
  MIR: 2
  Flow cover: 9
  RLT: 65
  Relax-and-lift: 4
  BQP: 23

Explored 36499 nodes (793980 simplex iterations) in 10.57 seconds (11.70 work units)
Thread count was 4 (of 4 available processors)

Solution count 10: 8.55697e-07 7.688e-07 6.29413e-07 ... 5.0818e-07

Optimization achieved user objective limit
Best objective 8.556972650568e-07, best bound 2.742252313493e-02, gap -
{"verdict": "PROVED", "status": "BOUND_REACHED", "runtime": 10.574161052703857, "objval": 8.556972650568004e-07, "objbound": 0.027422523134931993, "binaries": 46}
