Set parameter NodefileStart to value 6
Read parameters from file gurobi.env
Restricted license - for non-production use only - expires 2027-11-29
Set parameter OutputFlag to value 1
Set parameter Threads to value 4
Set parameter TimeLimit to value 360
Set parameter MIPGap to value 5e-05
Set parameter MIPFocus to value 2
Set parameter NonConvex to value 2
Set parameter BestBdStop to value 2.7426211734693878e-02
Gurobi Optimizer version 13.0.3 build v13.0.3rc0 (linux64 - "Ubuntu 24.04.5 LTS")

CPU model: INTEL(R) XEON(R) PLATINUM 8573C, instruction set [SSE2|AVX|AVX2|AVX512]
Thread count: 2 physical cores, 4 logical processors, using up to 4 threads

Non-default parameters:
TimeLimit  360
BestBdStop  2.7426211734693878e-02
MIPGap  5e-05
MIPFocus  2
NodefileStart  6
NonConvex  2
Threads  4

Optimize a model with 141 rows, 111 columns and 810 nonzeros (Max)
Model fingerprint: 0x72623f29
Model has 1 linear objective coefficients
Model has 50 quadratic constraints
Variable types: 65 continuous, 46 integer (46 binary)
Coefficient statistics:
  Matrix range     [5e-01, 1e+00]
  QMatrix range    [1e+00, 1e+00]
  QLMatrix range   [1e+00, 1e+00]
  Objective range  [1e+00, 1e+00]
  Bounds range     [5e-01, 1e+00]
  RHS range        [1e+00, 1e+00]

Found heuristic solution: objective -0.0000000
Presolve time: 0.00s
Presolved: 341 rows, 112 columns, 1210 nonzeros
Presolved model has 50 bilinear constraint(s)

Solving non-convex MIQCP to global optimality

Variable types: 66 continuous, 46 integer (46 binary)
Root relaxation presolve removed 50 rows and 1 columns
Root relaxation presolved: 291 rows, 111 columns, 1160 nonzeros


Root relaxation: objective 8.333333e-02, 116 iterations, 0.00 seconds (0.00 work units)

    Nodes    |    Current Node    |     Objective Bounds      |     Work
 Expl Unexpl |  Obj  Depth IntInf | Incumbent    BestBd   Gap | It/Node Time

     0     0    0.08333    0   52   -0.00000    0.08333      -     -    0s
     0     0    0.07407    0   65   -0.00000    0.07407      -     -    0s
     0     0    0.06250    0   60   -0.00000    0.06250      -     -    0s
H    0     0                       0.0000002    0.06250      -     -    0s
     0     0    0.06250    0   57    0.00000    0.06250      -     -    0s
     0     0    0.06250    0   63    0.00000    0.06250      -     -    0s
     0     0    0.06250    0   54    0.00000    0.06250      -     -    0s
     0     0    0.06250    0   71    0.00000    0.06250      -     -    0s
     0     0    0.06250    0   40    0.00000    0.06250      -     -    0s
     0     0    0.06250    0   43    0.00000    0.06250      -     -    0s
     0     0    0.06164    0   55    0.00000    0.06164      -     -    0s
     0     0    0.06164    0   48    0.00000    0.06164      -     -    0s
     0     0    0.06164    0   48    0.00000    0.06164      -     -    0s
     0     0    0.06140    0   48    0.00000    0.06140      -     -    0s
     0     2    0.06140    0   48    0.00000    0.06140      -     -    0s
H 1172   954                       0.0000003    0.06098      -  33.4    1s
* 1652  1237              76       0.0000006    0.04075      -  31.2    2s
* 1735  1184              77       0.0000006    0.04075      -  30.0    2s
H 1837  1143                       0.0000009    0.04075      -  30.4    2s
H 1918  1110                       0.0000010    0.04075      -  30.6    2s
H 1944   884                       0.0003751    0.04075      -  30.8    2s
H 2095   889                       0.0003751    0.04075      -  31.0    2s
H 3106  1319                       0.0004289    0.04075  9401%  33.2    2s
H 3392  1533                       0.0004294    0.04075  9388%  34.0    4s
H 3898  1804                       0.0004414    0.04075  9131%  33.6    4s
H 5076  2604                       0.0004537    0.04075  8881%  33.8    4s
H 5125  2604                       0.0004537    0.04075  8881%  33.9    4s
  5499  2985     cutoff   49         0.00045    0.04075  8881%  34.4    5s
H 6231  3269                       0.0004538    0.04075  8880%  34.4    5s
H 6239  3269                       0.0004539    0.04075  8877%  34.4    5s
H 6329  3396                       0.0004691    0.04075  8585%  34.4    5s
H 7271  3925                       0.0004710    0.04075  8551%  34.4    5s
H 7420  4114                       0.0004710    0.04075  8551%  34.5    5s
H 8709  4710                       0.0004789    0.04075  8408%  33.9    7s
H11943  6652                       0.0005384    0.03960  7256%  35.0    8s
H12480  6814                       0.0006087    0.03937  6368%  34.9    8s
H13307  7234                       0.0006089    0.03886  6282%  35.0    8s
H13610  7178                       0.0008124    0.03881  4678%  35.0    8s
H14705  7702                       0.0008356    0.03829  4483%  35.1    8s
H14706  7308                       0.0011126    0.03829  3342%  35.1    8s
H15864  7050                       0.0017988    0.03780  2001%  35.1    9s
H16360  6887                       0.0024020    0.03749  1461%  35.1    9s
H16693  7100                       0.0024020    0.03737  1456%  35.3    9s
H17283  7464                       0.0024020    0.03720  1449%  35.5    9s
 18459  7885     cutoff   45         0.00240    0.03690  1436%  35.8   10s
H18462  7429                       0.0030250    0.03690  1120%  35.8   10s
H18465  7053                       0.0035460    0.03690   941%  35.8   10s
H28882 11595                       0.0038008    0.03430   802%  36.9   13s
H31646 12661                       0.0038008    0.03386   791%  37.0   14s
 34673 14210    0.00616   36   55    0.00380    0.03324   775%  37.1   15s
H44405 17953                       0.0038144    0.03204   740%  37.1   17s
 50884 20492     cutoff   40         0.00381    0.03133   721%  37.1   20s
 66924 26537    0.00693   33   50    0.00381    0.03005   688%  37.0   25s
 83046 32428    0.01071   34   55    0.00381    0.02900   660%  36.9   30s
 101194 38678    0.00445   37   50    0.00381    0.02787   631%  36.9   35s

Cutting planes:
  Gomory: 25
  Implied bound: 15
  MIR: 5
  Flow cover: 37
  RLT: 98
  Relax-and-lift: 3
  BQP: 10

Explored 111242 nodes (4105134 simplex iterations) in 38.17 seconds (36.33 work units)
Thread count was 4 (of 4 available processors)

Solution count 10: 0.00381436 0.00380076 0.00354603 ... 0.000608876

Optimization achieved user objective limit
Best objective 3.814360185842e-03, best bound 2.741980369287e-02, gap 618.8572%
{"verdict": "PROVED", "status": "BOUND_REACHED", "runtime": 38.172755002975464, "objval": 0.003814360185841902, "objbound": 0.02741980369287357, "binaries": 46}
