Set parameter NodefileStart to value 6
Read parameters from file gurobi.env
Restricted license - for non-production use only - expires 2027-11-29
Set parameter OutputFlag to value 1
Set parameter Threads to value 4
Set parameter TimeLimit to value 360
Set parameter MIPGap to value 5e-05
Set parameter MIPFocus to value 2
Set parameter NonConvex to value 2
Set parameter BestBdStop to value 2.7426211734693878e-02
Gurobi Optimizer version 13.0.3 build v13.0.3rc0 (linux64 - "Ubuntu 24.04.5 LTS")

CPU model: AMD EPYC 7763 64-Core Processor, instruction set [SSE2|AVX|AVX2]
Thread count: 2 physical cores, 4 logical processors, using up to 4 threads

Non-default parameters:
TimeLimit  360
BestBdStop  2.7426211734693878e-02
MIPGap  5e-05
MIPFocus  2
NodefileStart  6
NonConvex  2
Threads  4

Optimize a model with 125 rows, 95 columns and 686 nonzeros (Max)
Model fingerprint: 0x72b9613e
Model has 1 linear objective coefficients
Model has 50 quadratic constraints
Variable types: 65 continuous, 30 integer (30 binary)
Coefficient statistics:
  Matrix range     [5e-01, 1e+00]
  QMatrix range    [1e+00, 1e+00]
  QLMatrix range   [1e+00, 1e+00]
  Objective range  [1e+00, 1e+00]
  Bounds range     [5e-01, 1e+00]
  RHS range        [1e+00, 1e+00]

Found heuristic solution: objective -0.0000000
Presolve time: 0.00s
Presolved: 325 rows, 96 columns, 1086 nonzeros
Presolved model has 50 bilinear constraint(s)

Solving non-convex MIQCP to global optimality

Variable types: 66 continuous, 30 integer (30 binary)
Root relaxation presolve removed 50 rows and 1 columns
Root relaxation presolved: 275 rows, 95 columns, 1036 nonzeros


Root relaxation: objective 1.153846e-01, 119 iterations, 0.00 seconds (0.00 work units)

    Nodes    |    Current Node    |     Objective Bounds      |     Work
 Expl Unexpl |  Obj  Depth IntInf | Incumbent    BestBd   Gap | It/Node Time

     0     0    0.11538    0   54   -0.00000    0.11538      -     -    0s
     0     0    0.08036    0   57   -0.00000    0.08036      -     -    0s
     0     0    0.06897    0   54   -0.00000    0.06897      -     -    0s
     0     0    0.06897    0   54   -0.00000    0.06897      -     -    0s
     0     0    0.06522    0   57   -0.00000    0.06522      -     -    0s
     0     0    0.06522    0   56   -0.00000    0.06522      -     -    0s
     0     0    0.06506    0   56   -0.00000    0.06506      -     -    0s
     0     0    0.06505    0   56   -0.00000    0.06505      -     -    0s
     0     0    0.06389    0   56   -0.00000    0.06389      -     -    0s
     0     0    0.06389    0   56   -0.00000    0.06389      -     -    0s
     0     0    0.06389    0   56   -0.00000    0.06389      -     -    0s
     0     0    0.06389    0   56   -0.00000    0.06389      -     -    0s
     0     0    0.06387    0   57   -0.00000    0.06387      -     -    0s
     0     0    0.06387    0   57   -0.00000    0.06387      -     -    0s
     0     2    0.06387    0   57   -0.00000    0.06387      -     -    0s
*  416   435              67       0.0000001    0.06250      -  26.9    0s
*  636   559              89       0.0000001    0.06250      -  25.2    0s
H  997   896                       0.0000003    0.06250      -  27.4    0s

Cutting planes:
  Gomory: 19
  Flow cover: 1
  RLT: 25
  BQP: 4

Explored 1166 nodes (30968 simplex iterations) in 1.18 seconds (0.78 work units)
Thread count was 4 (of 4 available processors)

Solution count 4: 3.35973e-07 9.14094e-08 8.37995e-08 -0 

Optimization achieved user objective limit
Best objective 3.359729705138e-07, best bound 2.660041938932e-02, gap -
{"verdict": "PROVED", "status": "BOUND_REACHED", "runtime": 1.1791749000549316, "objval": 3.359729705137982e-07, "objbound": 0.02660041938932021, "binaries": 30}
