Set parameter NodefileStart to value 6
Read parameters from file gurobi.env
Restricted license - for non-production use only - expires 2027-11-29
Set parameter OutputFlag to value 1
Set parameter Threads to value 4
Set parameter TimeLimit to value 360
Set parameter MIPGap to value 5e-05
Set parameter MIPFocus to value 2
Set parameter NonConvex to value 2
Set parameter BestBdStop to value 2.7426211734693878e-02
Gurobi Optimizer version 13.0.3 build v13.0.3rc0 (linux64 - "Ubuntu 24.04.5 LTS")

CPU model: AMD EPYC 7763 64-Core Processor, instruction set [SSE2|AVX|AVX2]
Thread count: 2 physical cores, 4 logical processors, using up to 4 threads

Non-default parameters:
TimeLimit  360
BestBdStop  2.7426211734693878e-02
MIPGap  5e-05
MIPFocus  2
NodefileStart  6
NonConvex  2
Threads  4

Optimize a model with 149 rows, 119 columns and 871 nonzeros (Max)
Model fingerprint: 0x9f001221
Model has 1 linear objective coefficients
Model has 50 quadratic constraints
Variable types: 65 continuous, 54 integer (54 binary)
Coefficient statistics:
  Matrix range     [5e-01, 1e+00]
  QMatrix range    [1e+00, 1e+00]
  QLMatrix range   [1e+00, 1e+00]
  Objective range  [1e+00, 1e+00]
  Bounds range     [5e-01, 1e+00]
  RHS range        [1e+00, 1e+00]

Found heuristic solution: objective -0.0000000
Presolve time: 0.00s
Presolved: 349 rows, 120 columns, 1271 nonzeros
Presolved model has 50 bilinear constraint(s)

Solving non-convex MIQCP to global optimality

Variable types: 66 continuous, 54 integer (54 binary)
Root relaxation presolve removed 50 rows and 1 columns
Root relaxation presolved: 299 rows, 119 columns, 1221 nonzeros


Root relaxation: objective 8.333333e-02, 115 iterations, 0.00 seconds (0.00 work units)

    Nodes    |    Current Node    |     Objective Bounds      |     Work
 Expl Unexpl |  Obj  Depth IntInf | Incumbent    BestBd   Gap | It/Node Time

     0     0    0.08333    0   48   -0.00000    0.08333      -     -    0s
H    0     0                       0.0000000    0.08333      -     -    0s
     0     0    0.08333    0   58    0.00000    0.08333      -     -    0s
H    0     0                       0.0000001    0.08333      -     -    0s
     0     0    0.08333    0   69    0.00000    0.08333      -     -    0s
     0     0    0.08333    0   48    0.00000    0.08333      -     -    0s
H    0     0                       0.0000002    0.08333      -     -    0s
     0     0    0.08333    0   43    0.00000    0.08333      -     -    0s
     0     0    0.08333    0   38    0.00000    0.08333      -     -    0s
     0     0    0.08333    0   38    0.00000    0.08333      -     -    0s
     0     2    0.08333    0   38    0.00000    0.08333      -     -    0s
H   31    52                       0.0000006    0.08333      -  19.0    0s
H 1819  1310                       0.0039332    0.06021  1431%  20.0    2s
H 2833  1588                       0.0045132    0.05264  1066%  23.8    2s
H 3145  1770                       0.0047518    0.05264  1008%  22.9    2s
H 3373  1784                       0.0047518    0.05139   981%  22.0    2s
H 3674  1885                       0.0047518    0.05090   971%  21.5    2s
H 4175  2166                       0.0047518    0.05048   962%  22.8    2s
H 4545  2314                       0.0047549    0.05048   962%  23.9    3s
H 6250  2984                       0.0051933    0.04879   839%  26.7    3s
H 6294  3037                       0.0051933    0.04871   838%  26.7    3s
H 6888  3267                       0.0056063    0.04871   769%  27.9    4s
  9518  4460    0.02561   31   51    0.00561    0.04761   749%  29.1    5s
H 9696  4421                       0.0057321    0.04761   731%  29.3    5s
H 9888  4543                       0.0057321    0.04738   727%  29.3    5s
H11481  5196                       0.0057321    0.04680   716%  30.0    5s
H14290  6136                       0.0067192    0.04621   588%  31.1    6s
H20028  8536                       0.0071407    0.04503   531%  32.0    8s
 24663 10564    0.01364   39   54    0.00714    0.04448   523%  33.3   10s
 39514 17024 infeasible   38         0.00714    0.04325   506%  35.5   15s
 57381 24610    0.01925   34   53    0.00714    0.04278   499%  36.8   20s
 74814 31894    0.00793   40   54    0.00714    0.04255   496%  37.4   25s
 93340 40096    0.01162   28   50    0.00714    0.04239   494%  37.4   30s
 107800 46047    0.01275   28   52    0.00714    0.04225   492%  37.8   35s
 126231 53416     cutoff   43         0.00714    0.04210   490%  38.1   40s
*141120 55957             124       0.0084182    0.04192   398%  38.1   44s
*141181 55957             124       0.0084184    0.04192   398%  38.1   44s
H142487 46356                       0.0120064    0.04189   249%  38.0   44s
 143601 46698    0.01454   34   56    0.01201    0.04188   249%  38.0   45s
 160752 52615    0.01646   41   52    0.01201    0.04157   246%  38.0   50s
 178761 58515    0.01378   34   55    0.01201    0.04125   244%  38.0   55s
H191396 53738                       0.0150896    0.04108   172%  38.0   58s
H192095 53918                       0.0150896    0.04107   172%  38.0   58s
 195080 54889    0.03347   32   60    0.01509    0.04101   172%  37.9   60s
H195828 55077                       0.0150896    0.04099   172%  37.9   60s
H197528 55306                       0.0150896    0.04096   171%  37.9   61s
 210536 58929    0.04077   28   57    0.01509    0.04077   170%  37.9   65s
 228943 63848    0.02179   34   58    0.01509    0.04041   168%  37.8   70s
 247816 68764    0.01555   45   56    0.01509    0.04011   166%  37.8   75s
 265529 73658     cutoff   38         0.01509    0.03986   164%  37.7   80s
H270055 74836                       0.0150896    0.03980   164%  37.7   81s
 279849 77556    0.02982   37   56    0.01509    0.03968   163%  37.7   85s
 299194 82932    0.01587   36   52    0.01509    0.03952   162%  37.6   90s
 317140 87540     cutoff   38         0.01509    0.03934   161%  37.6   95s
 335824 92268     cutoff   33         0.01509    0.03913   159%  37.6  100s
 354363 96376    0.03754   25   56    0.01509    0.03893   158%  37.5  105s
 371837 100804    0.03520   35   57    0.01509    0.03877   157%  37.5  110s
 389765 105170    0.02105   40   53    0.01509    0.03861   156%  37.5  115s
 408860 109761    0.01916   40   58    0.01509    0.03845   155%  37.4  120s
 427666 114532    0.01599   38   53    0.01509    0.03832   154%  37.4  125s
 445605 118537     cutoff   46         0.01509    0.03819   153%  37.4  130s
 461464 122172    0.02005   38   49    0.01509    0.03807   152%  37.4  135s
 479544 126429     cutoff   41         0.01509    0.03795   151%  37.3  140s
 497611 130619    0.01968   36   56    0.01509    0.03781   151%  37.4  145s
 516111 134561    0.02051   32   55    0.01509    0.03767   150%  37.3  150s
 534815 138455    0.01737   37   41    0.01509    0.03753   149%  37.3  155s
 553478 142691    0.03662   38   53    0.01509    0.03739   148%  37.3  160s
 572276 146679    0.01925   37   48    0.01509    0.03725   147%  37.3  165s
H579706 148166                       0.0150896    0.03720   147%  37.3  167s
 589055 150288    0.02968   40   56    0.01509    0.03714   146%  37.3  170s
 607810 154452    0.01925   30   54    0.01509    0.03701   145%  37.3  175s
 626562 158657     cutoff   42         0.01509    0.03691   145%  37.3  180s
 641404 161923     cutoff   33         0.01509    0.03682   144%  37.3  185s
 659474 165642     cutoff   44         0.01509    0.03672   143%  37.3  190s
 678497 169620     cutoff   35         0.01509    0.03660   143%  37.2  195s
 695775 173055    0.02339   36   62    0.01509    0.03650   142%  37.2  200s
 713853 176836    0.01713   40   53    0.01509    0.03640   141%  37.2  205s
 732194 180559    0.02374   42   56    0.01509    0.03631   141%  37.2  210s
 751726 184557    0.02067   34   57    0.01509    0.03620   140%  37.2  215s
 770365 188344     cutoff   52         0.01509    0.03610   139%  37.1  220s
 788492 192066     cutoff   34         0.01509    0.03601   139%  37.1  225s
 807119 195901    0.02089   40   60    0.01509    0.03593   138%  37.1  230s
 823613 199280    0.01965   38   56    0.01509    0.03585   138%  37.1  235s
 838611 202111    0.01953   40   53    0.01509    0.03579   137%  37.1  240s
 857440 205481    0.02166   33   54    0.01509    0.03570   137%  37.1  245s
 876113 209070    0.01740   33   57    0.01509    0.03562   136%  37.1  250s
 895100 212635    0.02922   36   60    0.01509    0.03553   135%  37.1  255s
 912462 216089    0.01732   35   52    0.01509    0.03545   135%  37.1  260s
 931545 219966    0.01611   49   57    0.01509    0.03538   134%  37.0  265s
 950789 223439    0.02450   38   55    0.01509    0.03531   134%  37.0  270s
 969410 226589    0.03521   33   66    0.01509    0.03523   133%  37.0  275s
 988250 230741    0.02591   34   54    0.01509    0.03516   133%  37.0  280s
 1007431 234400    0.03509   27   42    0.01509    0.03509   133%  37.0  285s
 1024394 237577     cutoff   37         0.01509    0.03502   132%  37.0  290s
 1040383 240794    0.01981   37   58    0.01509    0.03496   132%  37.0  295s
 1058149 244451    0.02997   32   62    0.01509    0.03489   131%  37.0  300s
 1077385 248151    0.03137   29   65    0.01509    0.03483   131%  36.9  305s
 1095971 251353    0.01566   45   52    0.01509    0.03477   130%  36.9  310s
 1114502 254964    0.01588   47   61    0.01509    0.03470   130%  36.9  315s
 1133936 258202    0.03303   32   53    0.01509    0.03464   130%  36.9  320s
 1152306 261657     cutoff   43         0.01509    0.03458   129%  36.9  325s
 1170079 264940     cutoff   35         0.01509    0.03452   129%  36.9  330s
 1187559 268016     cutoff   37         0.01509    0.03446   128%  36.9  335s
 1204927 271418    0.02719   36   48    0.01509    0.03441   128%  36.9  340s
 1221729 274753    0.01941   35   50    0.01509    0.03435   128%  36.9  345s
 1234584 276913 infeasible   37         0.01509    0.03431   127%  36.9  350s
H1238651 277583                       0.0150896    0.03430   127%  36.8  351s
 1248344 279346     cutoff   42         0.01509    0.03426   127%  36.8  355s
 1262939 281611    0.02740   34   50    0.01509    0.03422   127%  36.8  360s

Cutting planes:
  Gomory: 36
  Implied bound: 32
  MIR: 6
  Flow cover: 62
  Inf proof: 16
  RLT: 110
  Relax-and-lift: 16
  BQP: 33

Explored 1263297 nodes (46518996 simplex iterations) in 360.00 seconds (403.94 work units)
Thread count was 4 (of 4 available processors)

Solution count 10: 0.0150896 0.0120064 0.00841835 ... 0.00475494

Time limit reached
Best objective 1.508962184116e-02, best bound 3.421507368424e-02, gap 126.7457%
{"verdict": "UNRESOLVED", "status": "TIME_LIMIT", "runtime": 360.0033800601959, "objval": 0.015089621841156448, "objbound": 0.034215073684240656, "binaries": 54}
