Set parameter NodefileStart to value 6
Read parameters from file gurobi.env
Restricted license - for non-production use only - expires 2027-11-29
Set parameter OutputFlag to value 1
Set parameter Threads to value 4
Set parameter TimeLimit to value 360
Set parameter MIPGap to value 5e-05
Set parameter MIPFocus to value 2
Set parameter NonConvex to value 2
Set parameter BestBdStop to value 2.7426211734693878e-02
Gurobi Optimizer version 13.0.3 build v13.0.3rc0 (linux64 - "Ubuntu 24.04.5 LTS")

CPU model: AMD EPYC 7763 64-Core Processor, instruction set [SSE2|AVX|AVX2]
Thread count: 2 physical cores, 4 logical processors, using up to 4 threads

Non-default parameters:
TimeLimit  360
BestBdStop  2.7426211734693878e-02
MIPGap  5e-05
MIPFocus  2
NodefileStart  6
NonConvex  2
Threads  4

Optimize a model with 141 rows, 111 columns and 810 nonzeros (Max)
Model fingerprint: 0x070bd434
Model has 1 linear objective coefficients
Model has 50 quadratic constraints
Variable types: 65 continuous, 46 integer (46 binary)
Coefficient statistics:
  Matrix range     [5e-01, 1e+00]
  QMatrix range    [1e+00, 1e+00]
  QLMatrix range   [1e+00, 1e+00]
  Objective range  [1e+00, 1e+00]
  Bounds range     [5e-01, 1e+00]
  RHS range        [1e+00, 1e+00]

Found heuristic solution: objective -0.0000000
Presolve time: 0.00s
Presolved: 341 rows, 112 columns, 1210 nonzeros
Presolved model has 50 bilinear constraint(s)

Solving non-convex MIQCP to global optimality

Variable types: 66 continuous, 46 integer (46 binary)
Root relaxation presolve removed 50 rows and 1 columns
Root relaxation presolved: 291 rows, 111 columns, 1160 nonzeros


Root relaxation: objective 8.333333e-02, 136 iterations, 0.00 seconds (0.00 work units)

    Nodes    |    Current Node    |     Objective Bounds      |     Work
 Expl Unexpl |  Obj  Depth IntInf | Incumbent    BestBd   Gap | It/Node Time

     0     0    0.08333    0   47   -0.00000    0.08333      -     -    0s
     0     0    0.06250    0   59   -0.00000    0.06250      -     -    0s
     0     0    0.06250    0   53   -0.00000    0.06250      -     -    0s
     0     0    0.06250    0   50   -0.00000    0.06250      -     -    0s
H    0     0                       0.0000000    0.06250      -     -    0s
H    0     0                       0.0000001    0.06250      -     -    0s
     0     0    0.06250    0   53    0.00000    0.06250      -     -    0s
     0     0    0.06250    0   50    0.00000    0.06250      -     -    0s
     0     0    0.06250    0   50    0.00000    0.06250      -     -    0s
     0     2    0.06250    0   50    0.00000    0.06250      -     -    0s
* 1109  1015             109       0.0000001    0.06250      -  13.9    1s
* 1110  1015             109       0.0000002    0.06250      -  13.9    1s
H 1128   964                       0.0000003    0.06250      -  14.0    1s
H 1135   919                       0.0000004    0.06250      -  13.9    1s
H 1137   875                       0.0000004    0.06250      -  13.9    1s
H 1684  1201                       0.0002746    0.06250      -  17.4    1s
H 1807  1111                       0.0007455    0.06250  8284%  17.3    1s
H 1898  1094                       0.0008521    0.06250  7235%  17.6    1s
H 2272  1197                       0.0010118    0.06109  5938%  18.9    2s
H 3229  1281                       0.0058959    0.05295   798%  20.1    2s
H 4000  1555                       0.0058959    0.04877   727%  21.5    2s
H 5028  1627                       0.0093277    0.04712   405%  22.8    2s
 14265  5823    0.02982   30   57    0.00933    0.04181   348%  28.1    5s
 35174 13963    0.02563   33   54    0.00933    0.03866   314%  29.0   10s
 58801 22752    0.02107   33   45    0.00933    0.03653   292%  29.0   15s
 82306 31151    0.01754   27   51    0.00933    0.03537   279%  28.8   20s
 106576 39153    0.02480   30   56    0.00933    0.03434   268%  28.5   25s
H111501 40786                       0.0093277    0.03420   267%  28.5   26s
 129110 46480    0.01143   40   53    0.00933    0.03361   260%  28.4   30s
 154023 54643    0.01178   37   62    0.00933    0.03291   253%  28.2   35s
 178100 62749    0.03004   30   67    0.00933    0.03229   246%  28.1   40s
H182094 63979                       0.0093678    0.03220   244%  28.1   40s
H182114 62121                       0.0099371    0.03220   224%  28.1   41s
 198652 67268    0.01253   36   45    0.00994    0.03185   221%  28.0   45s
 223437 74954    0.02389   34   58    0.00994    0.03142   216%  27.8   50s
 242769 81125    0.02752   32   52    0.00994    0.03111   213%  27.8   55s
 267908 88711    0.02588   35   57    0.00994    0.03071   209%  27.7   60s
 293053 96298    0.01060   45   48    0.00994    0.03037   206%  27.6   65s
 317185 103722    0.01149   35   53    0.00994    0.03008   203%  27.5   70s
 342034 111197 infeasible   38         0.00994    0.02980   200%  27.4   75s
H346261 111976                       0.0100059    0.02976   197%  27.4   76s
H353598 114343                       0.0100059    0.02968   197%  27.4   77s
 363237 117045    0.01627   34   57    0.01001    0.02957   195%  27.4   80s
 388157 124670    0.01072   32   54    0.01001    0.02931   193%  27.3   85s
 413067 131744    0.01390   36   52    0.01001    0.02909   191%  27.2   90s
 433104 137465    0.01614   40   58    0.01001    0.02891   189%  27.2   95s
 457996 144823    0.01637   36   55    0.01001    0.02872   187%  27.1  100s
 483136 151970    0.01099   42   33    0.01001    0.02852   185%  27.1  105s
 507802 159165     cutoff   42         0.01001    0.02834   183%  27.0  110s
 531654 165797     cutoff   51         0.01001    0.02817   182%  27.0  115s
 557192 172444    0.01021   44   50    0.01001    0.02799   180%  26.9  120s
 582636 179596    0.01115   41   57    0.01001    0.02783   178%  26.9  125s
 607046 186592    0.01002   41   55    0.01001    0.02768   177%  26.8  130s
 632609 193664    0.01547   46   55    0.01001    0.02752   175%  26.8  135s

Cutting planes:
  Gomory: 7
  Implied bound: 13
  MIR: 4
  Flow cover: 12
  RLT: 80
  Relax-and-lift: 3
  BQP: 10

Explored 651026 nodes (17440428 simplex iterations) in 139.81 seconds (143.53 work units)
Thread count was 4 (of 4 available processors)

Solution count 10: 0.0100059 0.00993706 0.00936776 ... 0.000274611

Optimization achieved user objective limit
Best objective 1.000593878952e-02, best bound 2.742569030947e-02, gap 174.0941%
{"verdict": "PROVED", "status": "BOUND_REACHED", "runtime": 139.81145000457764, "objval": 0.010005938789521485, "objbound": 0.027425690309468013, "binaries": 46}
