Set parameter NodefileStart to value 6
Read parameters from file gurobi.env
Restricted license - for non-production use only - expires 2027-11-29
Set parameter OutputFlag to value 1
Set parameter Threads to value 4
Set parameter TimeLimit to value 360
Set parameter MIPGap to value 5e-05
Set parameter MIPFocus to value 2
Set parameter NonConvex to value 2
Set parameter BestBdStop to value 2.7426211734693878e-02
Gurobi Optimizer version 13.0.3 build v13.0.3rc0 (linux64 - "Ubuntu 24.04.5 LTS")

CPU model: Intel(R) Xeon(R) Platinum 8370C CPU @ 2.80GHz, instruction set [SSE2|AVX|AVX2|AVX512]
Thread count: 2 physical cores, 4 logical processors, using up to 4 threads

Non-default parameters:
TimeLimit  360
BestBdStop  2.7426211734693878e-02
MIPGap  5e-05
MIPFocus  2
NodefileStart  6
NonConvex  2
Threads  4

Optimize a model with 141 rows, 111 columns and 810 nonzeros (Max)
Model fingerprint: 0x28ab6006
Model has 1 linear objective coefficients
Model has 50 quadratic constraints
Variable types: 65 continuous, 46 integer (46 binary)
Coefficient statistics:
  Matrix range     [5e-01, 1e+00]
  QMatrix range    [1e+00, 1e+00]
  QLMatrix range   [1e+00, 1e+00]
  Objective range  [1e+00, 1e+00]
  Bounds range     [5e-01, 1e+00]
  RHS range        [1e+00, 1e+00]

Found heuristic solution: objective -0.0000000
Presolve time: 0.00s
Presolved: 341 rows, 112 columns, 1210 nonzeros
Presolved model has 50 bilinear constraint(s)

Solving non-convex MIQCP to global optimality

Variable types: 66 continuous, 46 integer (46 binary)
Root relaxation presolve removed 50 rows and 1 columns
Root relaxation presolved: 291 rows, 111 columns, 1160 nonzeros


Root relaxation: objective 8.333333e-02, 115 iterations, 0.00 seconds (0.00 work units)

    Nodes    |    Current Node    |     Objective Bounds      |     Work
 Expl Unexpl |  Obj  Depth IntInf | Incumbent    BestBd   Gap | It/Node Time

     0     0    0.08333    0   46   -0.00000    0.08333      -     -    0s
     0     0    0.08333    0   63   -0.00000    0.08333      -     -    0s
     0     0    0.07143    0   46   -0.00000    0.07143      -     -    0s
     0     0    0.07143    0   43   -0.00000    0.07143      -     -    0s
H    0     0                       0.0000001    0.07143      -     -    0s
H    0     0                       0.0000002    0.07143      -     -    0s
     0     0    0.07143    0   39    0.00000    0.07143      -     -    0s
     0     0    0.07143    0   39    0.00000    0.07143      -     -    0s
     0     2    0.07143    0   39    0.00000    0.07143      -     -    1s
*  887   848             127       0.0000002    0.07143      -  15.6    1s
*  888   848             127       0.0000002    0.07143      -  15.6    1s
H 1127   984                       0.0000003    0.07143      -  16.0    1s
H 1131   936                       0.0000005    0.07143      -  15.9    1s
H 1197   942                       0.0000005    0.06368      -  18.2    2s
* 4112  2495              94       0.0000008    0.05505      -  29.0    3s
* 6952  4781              87       0.0000008    0.05052      -  29.8    4s
  7213  5055    0.00004   66   40    0.00000    0.04969      -  29.5    5s
H14338 10136                       0.0000009    0.04650      -  28.2    6s
 27728 19399    0.00699   45   53    0.00000    0.04418      -  28.6   10s
 46633 32693    0.00006   71   52    0.00000    0.04241      -  29.1   15s
 66733 46556    0.03892   29   47    0.00000    0.04181      -  29.9   20s
 88090 60101    0.03748   27   60    0.00000    0.04123      -  29.9   25s
 109183 73709    0.00000   90   32    0.00000    0.04075      -  29.7   30s
 127368 85019    0.00000   56   20    0.00000    0.04033      -  29.7   35s
 148293 98830    0.00000   86   15    0.00000    0.03986      -  29.7   40s
 168843 111900    0.03322   32   54    0.00000    0.03943      -  29.7   45s
 190115 125825    0.00001   68   45    0.00000    0.03908      -  29.7   50s
 209733 138338    0.00003   48   26    0.00000    0.03874      -  29.7   55s
 231309 151991    0.01017   37   50    0.00000    0.03837      -  29.6   60s
 251317 164478    0.00018   57   52    0.00000    0.03805      -  29.6   65s
 268881 175737    0.01938   32   49    0.00000    0.03785      -  29.6   70s
 287949 187240    0.00006   61   51    0.00000    0.03769      -  29.7   75s
H289954 188638                       0.0000009    0.03767      -  29.7   75s
 306713 199962    0.00001   69   38    0.00000    0.03750      -  29.7   80s
 327072 211510    0.03129   29   53    0.00000    0.03724      -  29.7   85s
 346346 223168    0.00012   47   19    0.00000    0.03709      -  29.7   90s
 367182 235316    0.01188   37   53    0.00000    0.03693      -  29.7   95s
 388051 247538    0.00327   47   52    0.00000    0.03675      -  29.7  100s
 407396 259202    0.00000   88   22    0.00000    0.03660      -  29.8  105s
 427253 271582    0.00002   72   43    0.00000    0.03644      -  29.7  110s
 446616 282660     cutoff   42         0.00000    0.03628      -  29.8  115s
 462340 291966    0.00208   35   52    0.00000    0.03616      -  29.8  120s
 480599 302638    0.00000   69   42    0.00000    0.03603      -  29.8  125s
 498928 313726    0.00035   36   49    0.00000    0.03591      -  29.8  130s
 520336 325626    0.01153   36   52    0.00000    0.03574      -  29.8  135s
H526613 328822                       0.0000009    0.03569      -  29.8  136s
 535918 334371    0.01893   39   55    0.00000    0.03565      -  29.8  140s
 554268 345000     cutoff   46         0.00000    0.03552      -  29.8  145s
 574663 356282 infeasible   40         0.00000    0.03539      -  29.8  150s
 594949 368422    0.00113   40   34    0.00000    0.03527      -  29.8  155s
H607892 376054                       0.0000009    0.03520      -  29.8  158s
 612194 378233    0.00001   68   48    0.00000    0.03517      -  29.8  160s
 632488 390860 infeasible   48         0.00000    0.03507      -  29.8  165s
H637973 393881                       0.0000009    0.03504      -  29.8  166s
 649055 400289    0.01283   39   50    0.00000    0.03497      -  29.9  170s
 668311 410794    0.00005   45   25    0.00000    0.03491      -  29.9  175s
 688681 422168    0.00122   38   35    0.00000    0.03480      -  29.9  180s
 708298 433439    0.00000   72   40    0.00000    0.03468      -  29.9  185s
 728215 446215    0.00000   59   40    0.00000    0.03459      -  29.9  190s
 747562 457737    0.00024   54   51    0.00000    0.03448      -  30.0  195s
 766792 468997    0.00930   40   38    0.00000    0.03439      -  30.0  200s
 785978 479341    0.00000  102   29    0.00000    0.03429      -  30.0  205s
 804024 488733     cutoff   35         0.00000    0.03418      -  30.0  210s
 824708 500703    0.01696   42   51    0.00000    0.03406      -  29.9  215s
 843602 510958    0.00089   38   44    0.00000    0.03396      -  30.0  220s
 864107 524205     cutoff   57         0.00000    0.03388      -  30.0  225s
 881939 534938    0.02175   31   57    0.00000    0.03380      -  30.0  230s
 901959 546277    0.00001   72   42    0.00000    0.03370      -  30.0  235s
 921163 557419    0.00009   53   49    0.00000    0.03361      -  30.0  240s
 940640 568325    0.02036   36   55    0.00000    0.03352      -  30.0  245s
 957401 578300    0.00579   41   37    0.00000    0.03343      -  30.0  250s
H966484 580268                       0.0000010    0.03338      -  30.0  252s
 977047 587215    0.00027   52   37    0.00000    0.03334      -  30.0  255s
 996003 596951 infeasible   42         0.00000    0.03325      -  30.0  260s
 1014238 606711    0.00001   69   13    0.00000    0.03318      -  30.0  265s
 1032268 617236     cutoff   50         0.00000    0.03312      -  30.0  270s
 1049853 627775    0.00012   57   37    0.00000    0.03306      -  30.0  275s
 1070081 640238    0.00004   46   31    0.00000    0.03299      -  30.0  280s
 1088371 650184    0.00001   82   28    0.00000    0.03291      -  30.0  285s
 1108078 660772    0.02706   32   55    0.00000    0.03282      -  30.0  290s
 1127559 672665    0.03211   35   61    0.00000    0.03275      -  30.0  295s
 1147346 684714    0.00058   41   36    0.00000    0.03268      -  30.0  300s
 1167117 696552    0.01704   39   53    0.00000    0.03260      -  30.0  305s
 1175357 700636    0.00025   51   36    0.00000    0.03256      -  30.0  310s
 1195037 712655    0.00003   49   35    0.00000    0.03248      -  30.0  315s
 1213739 724119    0.00018   54   36    0.00000    0.03242      -  30.0  320s
 1233500 734797    0.00859   44   51    0.00000    0.03233      -  30.0  325s
 1255119 746781    0.01872   36   47    0.00000    0.03224      -  30.0  330s
 1274445 757710    0.00017   59   54    0.00000    0.03217      -  30.0  335s
 1291612 767867     cutoff   32         0.00000    0.03211      -  30.0  340s
 1311311 779573    0.00000   90   34    0.00000    0.03203      -  30.1  345s
 1330785 791508     cutoff   43         0.00000    0.03197      -  30.0  350s
 1349822 802134    0.00003   72   40    0.00000    0.03189      -  30.1  355s
 1370115 813831    0.00111   39   44    0.00000    0.03182      -  30.1  360s

Cutting planes:
  Gomory: 8
  Lift-and-project: 1
  Implied bound: 17
  MIR: 9
  Flow cover: 20
  Inf proof: 2
  RLT: 53
  Relax-and-lift: 4
  BQP: 26

Explored 1370173 nodes (41189658 simplex iterations) in 360.00 seconds (343.24 work units)
Thread count was 4 (of 4 available processors)

Solution count 10: 9.88788e-07 8.8982e-07 8.8905e-07 ... 1.53836e-07

Time limit reached
Best objective 9.887882148891e-07, best bound 3.181599744493e-02, gap -
{"verdict": "UNRESOLVED", "status": "TIME_LIMIT", "runtime": 360.0019648075104, "objval": 9.887882148890966e-07, "objbound": 0.03181599744493273, "binaries": 46}
