Set parameter NodefileStart to value 6
Read parameters from file gurobi.env
Restricted license - for non-production use only - expires 2027-11-29
Set parameter OutputFlag to value 1
Set parameter Threads to value 4
Set parameter TimeLimit to value 360
Set parameter MIPGap to value 5e-05
Set parameter MIPFocus to value 2
Set parameter NonConvex to value 2
Set parameter BestBdStop to value 2.7426211734693878e-02
Gurobi Optimizer version 13.0.3 build v13.0.3rc0 (linux64 - "Ubuntu 24.04.5 LTS")

CPU model: AMD EPYC 7763 64-Core Processor, instruction set [SSE2|AVX|AVX2]
Thread count: 2 physical cores, 4 logical processors, using up to 4 threads

Non-default parameters:
TimeLimit  360
BestBdStop  2.7426211734693878e-02
MIPGap  5e-05
MIPFocus  2
NodefileStart  6
NonConvex  2
Threads  4

Optimize a model with 133 rows, 103 columns and 742 nonzeros (Max)
Model fingerprint: 0x77b47838
Model has 1 linear objective coefficients
Model has 50 quadratic constraints
Variable types: 65 continuous, 38 integer (38 binary)
Coefficient statistics:
  Matrix range     [5e-01, 1e+00]
  QMatrix range    [1e+00, 1e+00]
  QLMatrix range   [1e+00, 1e+00]
  Objective range  [1e+00, 1e+00]
  Bounds range     [5e-01, 1e+00]
  RHS range        [1e+00, 1e+00]

Found heuristic solution: objective -0.0000000
Presolve time: 0.00s
Presolved: 333 rows, 104 columns, 1142 nonzeros
Presolved model has 50 bilinear constraint(s)

Solving non-convex MIQCP to global optimality

Variable types: 66 continuous, 38 integer (38 binary)
Root relaxation presolve removed 50 rows and 1 columns
Root relaxation presolved: 283 rows, 103 columns, 1092 nonzeros


Root relaxation: objective 8.333333e-02, 118 iterations, 0.00 seconds (0.00 work units)

    Nodes    |    Current Node    |     Objective Bounds      |     Work
 Expl Unexpl |  Obj  Depth IntInf | Incumbent    BestBd   Gap | It/Node Time

     0     0    0.08333    0   50   -0.00000    0.08333      -     -    0s
     0     0    0.08333    0   59   -0.00000    0.08333      -     -    0s
     0     0    0.07143    0   48   -0.00000    0.07143      -     -    0s
     0     0    0.07143    0   48   -0.00000    0.07143      -     -    0s
     0     0    0.07143    0   56   -0.00000    0.07143      -     -    0s
     0     0    0.07143    0   45   -0.00000    0.07143      -     -    0s
     0     0    0.07143    0   43   -0.00000    0.07143      -     -    0s
     0     0    0.07143    0   43   -0.00000    0.07143      -     -    0s
     0     0    0.07143    0   43   -0.00000    0.07143      -     -    0s
     0     2    0.07143    0   43   -0.00000    0.07143      -     -    0s
H   53    60                       0.0000000    0.07143      -  34.7    0s
H   88   100                       0.0000000    0.07143      -  27.1    0s
*  852   746              70       0.0000001    0.07096      -  18.9    0s
*  854   746              71       0.0000002    0.07096      -  18.9    0s
*  870   746              79       0.0000002    0.07096      -  18.6    0s
H 1136   931                       0.0000003    0.07095      -  21.2    1s
H 1138   886                       0.0000003    0.07095      -  21.2    1s
H 1983  1285                       0.0000007    0.05701      -  21.2    1s
 12623  7999     cutoff   44         0.00000    0.04582      -  27.4    5s
H32058 20434                       0.0000007    0.04148      -  29.3    9s
 32065 20441    0.00005   38   50    0.00000    0.04148      -  29.3   10s
H40024 25652                       0.0000008    0.04074      -  29.5   12s
H40641 25942                       0.0000008    0.04070      -  29.4   12s
 49278 31508    0.00081   41   51    0.00000    0.03995      -  29.8   15s
 72026 45929    0.00000   66   50    0.00000    0.03841      -  30.3   20s
 89872 57069     cutoff   51         0.00000    0.03765      -  30.9   25s
 109207 69618     cutoff   42         0.00000    0.03689      -  31.5   30s
 128898 81793    0.00169   42   56    0.00000    0.03624      -  31.7   35s
 146018 91874    0.00019   60   39    0.00000    0.03574      -  32.0   40s
 166256 103547    0.00191   40   51    0.00000    0.03513      -  32.1   45s
H175473 108806                       0.0000008    0.03491      -  32.2   47s
 184961 114921    0.00134   52   37    0.00000    0.03465      -  32.5   50s
 205649 127251    0.00000   66   30    0.00000    0.03420      -  32.6   55s
 224631 138225    0.00019   58   51    0.00000    0.03386      -  32.7   60s
 243482 150301    0.00009   56   37    0.00000    0.03368      -  33.1   65s
 263828 162246    0.00250   42   46    0.00000    0.03338      -  33.1   70s
 281197 172411    0.00027   49   50    0.00000    0.03313      -  33.2   75s
 301322 184748     cutoff   59         0.00000    0.03291      -  33.4   80s
 320469 195827    0.00267   40   52    0.00000    0.03263      -  33.3   85s
 339426 206457    0.00000   86   22    0.00000    0.03242      -  33.4   90s
 358600 217560    0.01240   35   51    0.00000    0.03223      -  33.5   95s
 378159 228544    0.01824   35   52    0.00000    0.03205      -  33.5  100s
 398116 239911    0.00086   49   43    0.00000    0.03184      -  33.5  105s
 417765 251340    0.00000   75   39    0.00000    0.03166      -  33.6  110s
 437336 261951    0.00685   38   45    0.00000    0.03150      -  33.6  115s
 456673 273053    0.00886   42   56    0.00000    0.03132      -  33.6  120s
 471033 280638    0.00062   50   54    0.00000    0.03119      -  33.7  125s
 487677 289517     cutoff   41         0.00000    0.03107      -  33.7  130s
 504605 298993     cutoff   33         0.00000    0.03095      -  33.7  135s
 524442 309810    0.01346   36   53    0.00000    0.03080      -  33.7  140s
 545085 320878    0.00317   46   51    0.00000    0.03064      -  33.7  145s
 563872 331511 infeasible   41         0.00000    0.03049      -  33.7  150s
H580522 340548                       0.0000008    0.03037      -  33.8  154s
 580619 340558    0.00644   41   52    0.00000    0.03037      -  33.8  155s
 598535 350855    0.00207   36   44    0.00000    0.03024      -  33.8  160s
 618657 361888    0.00016   45   33    0.00000    0.03009      -  33.8  165s
 638278 372435    0.00224   47   50    0.00000    0.02995      -  33.8  170s
 656911 383630    0.01517   40   54    0.00000    0.02984      -  33.8  175s
 677963 395005    0.00003   56   50    0.00000    0.02973      -  33.8  180s
 697496 405277     cutoff   57         0.00000    0.02960      -  33.8  185s
 716864 415834    0.00199   42   54    0.00000    0.02950      -  33.8  190s
 735750 426257     cutoff   43         0.00000    0.02940      -  33.8  195s
 752625 435569     cutoff   53         0.00000    0.02931      -  33.8  200s
 773924 446788    0.00460   50   54    0.00000    0.02918      -  33.7  205s
 792331 457091 infeasible   70         0.00000    0.02907      -  33.7  210s
 811615 467483    0.00177   43   50    0.00000    0.02895      -  33.7  215s
 831205 477989    0.00000   69   36    0.00000    0.02886      -  33.7  220s
 850717 488904    0.00000   82   26    0.00000    0.02875      -  33.8  225s
 869236 499025     cutoff   67         0.00000    0.02866      -  33.7  230s
 888098 509476    0.00038   48   31    0.00000    0.02856      -  33.7  235s
 907970 520642     cutoff   41         0.00000    0.02846      -  33.7  240s
 928077 531425    0.00006   55   42    0.00000    0.02835      -  33.7  245s
 947075 541795    0.00545   38   54    0.00000    0.02826      -  33.7  250s
 967409 553112    0.00580   41   38    0.00000    0.02817      -  33.7  255s
 984166 561709    0.00044   49   45    0.00000    0.02809      -  33.7  260s
 1001960 571299     cutoff   38         0.00000    0.02801      -  33.7  265s
 1022795 582941    0.00000   66   23    0.00000    0.02794      -  33.7  270s
 1041503 593880    0.00015   58   42    0.00000    0.02786      -  33.7  275s
 1056529 602188     cutoff   48         0.00000    0.02781      -  33.7  280s
 1076840 612887    0.00028   58   50    0.00000    0.02773      -  33.7  285s
 1096766 622881    0.00001   58   43    0.00000    0.02764      -  33.7  290s
 1112452 630902     cutoff   49         0.00000    0.02757      -  33.7  295s
 1131317 640954    0.00397   42   38    0.00000    0.02750      -  33.8  300s
 1150335 651103     cutoff   39         0.00000    0.02743      -  33.7  305s

Cutting planes:
  Gomory: 8
  Implied bound: 6
  MIR: 2
  Flow cover: 17
  RLT: 85
  Relax-and-lift: 5
  BQP: 13

Explored 1151015 nodes (38828596 simplex iterations) in 305.15 seconds (306.71 work units)
Thread count was 4 (of 4 available processors)

Solution count 10: 8.27639e-07 7.96013e-07 7.89801e-07 ... 1.55766e-07

Optimization achieved user objective limit
Best objective 8.276391661871e-07, best bound 2.742460839498e-02, gap -
{"verdict": "PROVED", "status": "BOUND_REACHED", "runtime": 305.1491241455078, "objval": 8.27639166187111e-07, "objbound": 0.027424608394984392, "binaries": 38}
