Set parameter NodefileStart to value 6
Read parameters from file gurobi.env
Restricted license - for non-production use only - expires 2027-11-29
Set parameter OutputFlag to value 1
Set parameter Threads to value 4
Set parameter TimeLimit to value 360
Set parameter MIPGap to value 5e-05
Set parameter MIPFocus to value 2
Set parameter NonConvex to value 2
Set parameter BestBdStop to value 2.7426211734693878e-02
Gurobi Optimizer version 13.0.3 build v13.0.3rc0 (linux64 - "Ubuntu 24.04.5 LTS")

CPU model: AMD EPYC 7763 64-Core Processor, instruction set [SSE2|AVX|AVX2]
Thread count: 2 physical cores, 4 logical processors, using up to 4 threads

Non-default parameters:
TimeLimit  360
BestBdStop  2.7426211734693878e-02
MIPGap  5e-05
MIPFocus  2
NodefileStart  6
NonConvex  2
Threads  4

Optimize a model with 145 rows, 115 columns and 846 nonzeros (Max)
Model fingerprint: 0x97422b43
Model has 1 linear objective coefficients
Model has 50 quadratic constraints
Variable types: 65 continuous, 50 integer (50 binary)
Coefficient statistics:
  Matrix range     [5e-01, 1e+00]
  QMatrix range    [1e+00, 1e+00]
  QLMatrix range   [1e+00, 1e+00]
  Objective range  [1e+00, 1e+00]
  Bounds range     [5e-01, 1e+00]
  RHS range        [1e+00, 1e+00]

Found heuristic solution: objective -0.0000000
Presolve time: 0.00s
Presolved: 345 rows, 116 columns, 1246 nonzeros
Presolved model has 50 bilinear constraint(s)

Solving non-convex MIQCP to global optimality

Variable types: 66 continuous, 50 integer (50 binary)
Root relaxation presolve removed 50 rows and 1 columns
Root relaxation presolved: 295 rows, 115 columns, 1196 nonzeros


Root relaxation: objective 8.333333e-02, 119 iterations, 0.00 seconds (0.00 work units)

    Nodes    |    Current Node    |     Objective Bounds      |     Work
 Expl Unexpl |  Obj  Depth IntInf | Incumbent    BestBd   Gap | It/Node Time

     0     0    0.08333    0   50   -0.00000    0.08333      -     -    0s
     0     0    0.07407    0   63   -0.00000    0.07407      -     -    0s
     0     0    0.06250    0   69   -0.00000    0.06250      -     -    0s
     0     0    0.06250    0   75   -0.00000    0.06250      -     -    0s
H    0     0                       0.0000000    0.06250      -     -    0s
     0     0    0.06250    0   57    0.00000    0.06250      -     -    0s
     0     0    0.06250    0   60    0.00000    0.06250      -     -    0s
     0     0    0.06250    0   46    0.00000    0.06250      -     -    0s
     0     0    0.06250    0   57    0.00000    0.06250      -     -    0s
     0     0    0.06250    0   44    0.00000    0.06250      -     -    0s
     0     0    0.06250    0   57    0.00000    0.06250      -     -    0s
     0     0    0.06250    0   58    0.00000    0.06250      -     -    0s
     0     0    0.06250    0   55    0.00000    0.06250      -     -    0s
     0     0    0.06250    0   60    0.00000    0.06250      -     -    0s
     0     0    0.06250    0   54    0.00000    0.06250      -     -    0s
     0     0    0.06250    0   54    0.00000    0.06250      -     -    0s
     0     2    0.06250    0   54    0.00000    0.06250      -     -    0s
H  221   224                       0.0000000    0.06250      -  26.1    0s
H  512   520                       0.0000002    0.06250      -  29.5    0s
H  528   520                       0.0000003    0.06250      -  29.7    0s
* 1745  1236              76       0.0000004    0.03518      -  28.0    2s
H 1799   963                       0.0002411    0.03518      -  28.4    2s
* 2368   945             101       0.0028790    0.03518  1122%  29.3    2s
H 2700   997                       0.0029321    0.03518  1100%  29.1    2s
H 2781   962                       0.0029321    0.03518  1100%  29.1    2s
H 3067  1006                       0.0031385    0.03518  1021%  29.9    2s
H 7935  2967                       0.0033632    0.03192   849%  37.9    4s
  8463  3191     cutoff   36         0.00336    0.03132   831%  38.2    5s
H10258  3341                       0.0050540    0.02987   491%  39.0    5s
H10578  3417                       0.0050540    0.02976   489%  38.9    5s

Cutting planes:
  Gomory: 18
  Implied bound: 12
  MIR: 1
  Flow cover: 9
  RLT: 85
  Relax-and-lift: 13
  BQP: 8

Explored 14447 nodes (584008 simplex iterations) in 6.81 seconds (6.14 work units)
Thread count was 4 (of 4 available processors)

Solution count 10: 0.00505397 0.0033632 0.00313847 ... 8.97388e-09

Optimization achieved user objective limit
Best objective 5.053973645302e-03, best bound 2.721693801514e-02, gap 438.5255%
{"verdict": "PROVED", "status": "BOUND_REACHED", "runtime": 6.812983989715576, "objval": 0.005053973645302395, "objbound": 0.027216938015144996, "binaries": 50}
