Set parameter NodefileStart to value 6
Read parameters from file gurobi.env
Restricted license - for non-production use only - expires 2027-11-29
Set parameter OutputFlag to value 1
Set parameter Threads to value 4
Set parameter TimeLimit to value 360
Set parameter MIPGap to value 5e-05
Set parameter MIPFocus to value 2
Set parameter NonConvex to value 2
Set parameter BestBdStop to value 2.7426211734693878e-02
Gurobi Optimizer version 13.0.3 build v13.0.3rc0 (linux64 - "Ubuntu 24.04.5 LTS")

CPU model: AMD EPYC 9V74 80-Core Processor, instruction set [SSE2|AVX|AVX2]
Thread count: 2 physical cores, 4 logical processors, using up to 4 threads

Non-default parameters:
TimeLimit  360
BestBdStop  2.7426211734693878e-02
MIPGap  5e-05
MIPFocus  2
NodefileStart  6
NonConvex  2
Threads  4

Optimize a model with 153 rows, 123 columns and 897 nonzeros (Max)
Model fingerprint: 0x65dd29ec
Model has 1 linear objective coefficients
Model has 50 quadratic constraints
Variable types: 65 continuous, 58 integer (58 binary)
Coefficient statistics:
  Matrix range     [5e-01, 1e+00]
  QMatrix range    [1e+00, 1e+00]
  QLMatrix range   [1e+00, 1e+00]
  Objective range  [1e+00, 1e+00]
  Bounds range     [5e-01, 1e+00]
  RHS range        [1e+00, 1e+00]

Found heuristic solution: objective -0.0000000
Presolve time: 0.00s
Presolved: 353 rows, 124 columns, 1297 nonzeros
Presolved model has 50 bilinear constraint(s)

Solving non-convex MIQCP to global optimality

Variable types: 66 continuous, 58 integer (58 binary)
Root relaxation presolve removed 78 rows and 15 columns
Root relaxation presolved: 275 rows, 109 columns, 1081 nonzeros


Root relaxation: objective 6.250000e-02, 83 iterations, 0.00 seconds (0.00 work units)

    Nodes    |    Current Node    |     Objective Bounds      |     Work
 Expl Unexpl |  Obj  Depth IntInf | Incumbent    BestBd   Gap | It/Node Time

     0     0    0.06250    0   46   -0.00000    0.06250      -     -    0s
     0     0    0.03333    0   64   -0.00000    0.03333      -     -    0s
     0     0    0.03333    0   44   -0.00000    0.03333      -     -    0s
     0     0    0.03333    0   50   -0.00000    0.03333      -     -    0s
     0     0    0.03333    0   46   -0.00000    0.03333      -     -    0s
     0     0    0.03333    0   46   -0.00000    0.03333      -     -    0s
     0     2    0.03333    0   46   -0.00000    0.03333      -     -    0s
H  605   519                       0.0000000    0.02904      -  16.2    0s
H  672   595                       0.0000000    0.02904      -  16.3    0s
H  682   595                       0.0000001    0.02904      -  16.5    0s
H  990   869                       0.0000001    0.02904      -  17.6    0s
H 1152   913                       0.0000001    0.02904      -  17.7    1s

Cutting planes:
  Gomory: 7
  Flow cover: 5
  RLT: 29
  Relax-and-lift: 2
  BQP: 1

Explored 1166 nodes (21442 simplex iterations) in 1.17 seconds (0.73 work units)
Thread count was 4 (of 4 available processors)

Solution count 5: 8.67965e-08 6.95935e-08 2.05068e-08 ... -0

Optimization achieved user objective limit
Best objective 8.679652673677e-08, best bound 2.475087574789e-02, gap -
{"verdict": "PROVED", "status": "BOUND_REACHED", "runtime": 1.1692819595336914, "objval": 8.679652673676542e-08, "objbound": 0.02475087574788741, "binaries": 58}
