Set parameter NodefileStart to value 6
Read parameters from file gurobi.env
Restricted license - for non-production use only - expires 2027-11-29
Set parameter OutputFlag to value 1
Set parameter Threads to value 4
Set parameter TimeLimit to value 360
Set parameter MIPGap to value 5e-05
Set parameter MIPFocus to value 2
Set parameter NonConvex to value 2
Set parameter BestBdStop to value 2.7426211734693878e-02
Gurobi Optimizer version 13.0.3 build v13.0.3rc0 (linux64 - "Ubuntu 24.04.5 LTS")

CPU model: Intel(R) Xeon(R) Platinum 8370C CPU @ 2.80GHz, instruction set [SSE2|AVX|AVX2|AVX512]
Thread count: 2 physical cores, 4 logical processors, using up to 4 threads

Non-default parameters:
TimeLimit  360
BestBdStop  2.7426211734693878e-02
MIPGap  5e-05
MIPFocus  2
NodefileStart  6
NonConvex  2
Threads  4

Optimize a model with 141 rows, 111 columns and 810 nonzeros (Max)
Model fingerprint: 0x3b28055c
Model has 1 linear objective coefficients
Model has 50 quadratic constraints
Variable types: 65 continuous, 46 integer (46 binary)
Coefficient statistics:
  Matrix range     [5e-01, 1e+00]
  QMatrix range    [1e+00, 1e+00]
  QLMatrix range   [1e+00, 1e+00]
  Objective range  [1e+00, 1e+00]
  Bounds range     [5e-01, 1e+00]
  RHS range        [1e+00, 1e+00]

Found heuristic solution: objective -0.0000000
Presolve time: 0.00s
Presolved: 341 rows, 112 columns, 1210 nonzeros
Presolved model has 50 bilinear constraint(s)

Solving non-convex MIQCP to global optimality

Variable types: 66 continuous, 46 integer (46 binary)
Root relaxation presolve removed 50 rows and 1 columns
Root relaxation presolved: 291 rows, 111 columns, 1160 nonzeros


Root relaxation: objective 8.333333e-02, 134 iterations, 0.00 seconds (0.00 work units)

    Nodes    |    Current Node    |     Objective Bounds      |     Work
 Expl Unexpl |  Obj  Depth IntInf | Incumbent    BestBd   Gap | It/Node Time

     0     0    0.08333    0   43   -0.00000    0.08333      -     -    0s
     0     0    0.07143    0   56   -0.00000    0.07143      -     -    0s
     0     0    0.07143    0   68   -0.00000    0.07143      -     -    0s
     0     0    0.07143    0   65   -0.00000    0.07143      -     -    0s
     0     0    0.07143    0   52   -0.00000    0.07143      -     -    0s
     0     0    0.07143    0   52   -0.00000    0.07143      -     -    0s
     0     0    0.07143    0   46   -0.00000    0.07143      -     -    0s
     0     0    0.07143    0   44   -0.00000    0.07143      -     -    0s
     0     0    0.07143    0   44   -0.00000    0.07143      -     -    0s
     0     0    0.07143    0   52   -0.00000    0.07143      -     -    0s
     0     0    0.07143    0   53   -0.00000    0.07143      -     -    0s
     0     0    0.07143    0   53   -0.00000    0.07143      -     -    0s
     0     0    0.07143    0   53   -0.00000    0.07143      -     -    0s
     0     0    0.07143    0   53   -0.00000    0.07143      -     -    0s
     0     2    0.07143    0   53   -0.00000    0.07143      -     -    0s
*  752   709             115       0.0000000    0.07143      -  13.9    0s
*  759   709             118       0.0000001    0.07143      -  13.8    0s
H  814   784                       0.0000001    0.07143      -  14.4    0s
H  828   782                       0.0000002    0.07143      -  14.7    0s
H 1163   953                       0.0000003    0.05366      -  13.7    1s
* 1895  1401             111       0.0000007    0.04798      -  15.9    1s
 12502  8378     cutoff   42         0.00000    0.04179      -  17.9    5s
 29444 20499     cutoff   68         0.00000    0.03983      -  18.5   10s
 48283 34093    0.00009   47   26    0.00000    0.03855      -  19.3   15s
 64840 45880    0.00040   47   39    0.00000    0.03771      -  19.4   20s
 86443 61229     cutoff   43         0.00000    0.03686      -  19.5   25s
 102429 71761    0.00013   40   50    0.00000    0.03616      -  19.4   30s
 122230 84881     cutoff   74         0.00000    0.03557      -  19.3   35s
 143214 100060    0.00016   45   40    0.00000    0.03525      -  19.3   40s
 156829 109269    0.00337   46   52    0.00000    0.03483      -  19.4   45s
 174445 121060    0.00000   73   19    0.00000    0.03453      -  19.3   50s
*192304 133080              90       0.0000007    0.03419      -  19.4   54s
*192311 132968              96       0.0000007    0.03419      -  19.4   54s
*192312 132928              96       0.0000007    0.03419      -  19.4   54s
 192377 132933    0.00674   49   52    0.00000    0.03419      -  19.4   55s
 207345 143310    0.00085   42   43    0.00000    0.03388      -  19.4   61s
*211126 145796              96       0.0000007    0.03381      -  19.4   62s
H212590 146565                       0.0000008    0.03378      -  19.5   63s
 216222 148987    0.00005   53   26    0.00000    0.03373      -  19.4   65s
 232571 160191    0.00808   39   50    0.00000    0.03349      -  19.5   70s
 250793 172709    0.00054   49   50    0.00000    0.03330      -  19.5   75s
 270842 186640    0.00047   48   46    0.00000    0.03298      -  19.6   80s
H271216 186456                       0.0000008    0.03298      -  19.5   80s
 289595 198708    0.02526   26   57    0.00000    0.03269      -  19.6   85s
 307263 210786     cutoff   62         0.00000    0.03246      -  19.7   90s
 325535 222864     cutoff   46         0.00000    0.03224      -  19.7   95s
 344783 235435    0.00000   72   19    0.00000    0.03205      -  19.8  100s
 361685 246476    0.00000   92   32    0.00000    0.03190      -  19.8  105s
 378162 257474    0.00004   46   36    0.00000    0.03180      -  19.9  110s
 390906 265558    0.00038   45   45    0.00000    0.03173      -  19.9  115s
 412957 280415    0.02157   29   48    0.00000    0.03155      -  20.0  120s
H417367 282146                       0.0000008    0.03152      -  20.0  121s
H418016 280939                       0.0000009    0.03152      -  20.0  121s
 424884 285516    0.02676   34   54    0.00000    0.03147      -  20.1  125s
 441927 296821    0.02896   28   50    0.00000    0.03134      -  20.1  130s
 459328 308594    0.00013   68   50    0.00000    0.03121      -  20.1  135s
 475275 319045    0.00461   34   41    0.00000    0.03107      -  20.1  140s
 489633 328070    0.00000   51   50    0.00000    0.03095      -  20.1  145s
 506368 338344     cutoff   35         0.00000    0.03082      -  20.2  151s
 523396 349252    0.00227   48   51    0.00000    0.03069      -  20.2  155s
 535470 356976    0.00002   77   49    0.00000    0.03060      -  20.2  160s
 556814 370926    0.01700   36   55    0.00000    0.03045      -  20.3  165s
 571608 380619    0.00009   50   43    0.00000    0.03035      -  20.3  170s
 589518 392265    0.00617   41   44    0.00000    0.03025      -  20.3  175s
H608086 404357                       0.0000009    0.03014      -  20.3  180s
H615552 408682                       0.0000009    0.03010      -  20.3  182s
 624270 414331    0.00013   63   41    0.00000    0.03005      -  20.3  185s
 639432 424387    0.00001   99   49    0.00000    0.02999      -  20.3  190s
 659831 437631    0.00684   39   35    0.00000    0.02991      -  20.4  195s
 673233 445890    0.00065   42   51    0.00000    0.02982      -  20.4  200s
 691268 457270     cutoff   51         0.00000    0.02972      -  20.4  205s
 704021 465647    0.00451   46   51    0.00000    0.02966      -  20.4  210s
 717002 473826    0.00506   43   51    0.00000    0.02961      -  20.4  215s
 737301 486398    0.00362   47   44    0.00000    0.02951      -  20.5  220s
 751687 495488     cutoff   90         0.00000    0.02943      -  20.5  225s
 766285 503928    0.00041   53   50    0.00000    0.02935      -  20.5  230s
 788091 517760    0.00004   63   49    0.00000    0.02924      -  20.5  235s
 802846 526808    0.00000   80   47    0.00000    0.02918      -  20.5  240s
 819300 537545    0.00295   63   53    0.00000    0.02912      -  20.5  245s
 836059 547694     cutoff   55         0.00000    0.02905      -  20.5  250s
 851814 557145    0.02470   33   52    0.00000    0.02897      -  20.5  255s
 871003 568809    0.02180   36   49    0.00000    0.02891      -  20.6  260s
 887307 579418    0.00000   89   37    0.00000    0.02887      -  20.6  265s
 903745 589770    0.00062   55   51    0.00000    0.02883      -  20.6  270s
 921113 601135    0.01909   33   51    0.00000    0.02878      -  20.6  275s
 936347 610497    0.00010   52   38    0.00000    0.02872      -  20.6  280s
 953859 621452    0.01159   40   50    0.00000    0.02865      -  20.6  285s
 973013 633342    0.00038   71   43    0.00000    0.02859      -  20.6  290s
 991097 644662    0.00050   40   38    0.00000    0.02852      -  20.6  295s
 1002401 651716    0.00681   48   51    0.00000    0.02848      -  20.6  300s
 1020877 663268    0.00824   42   51    0.00000    0.02842      -  20.6  305s
 1040028 675907    0.00426   45   51    0.00000    0.02837      -  20.6  310s
 1057070 686404    0.02279   34   50    0.00000    0.02832      -  20.6  315s
H1063193 689111                       0.0000009    0.02830      -  20.6  317s
 1071049 694215    0.00042   60   50    0.00000    0.02828      -  20.6  320s
 1087833 704984    0.00586   43   50    0.00000    0.02824      -  20.6  325s
 1109441 718174     cutoff   37         0.00000    0.02818      -  20.6  330s
 1123619 726797    0.01756   40   48    0.00000    0.02814      -  20.6  335s
 1136709 734801    0.00942   36   51    0.00000    0.02809      -  20.6  340s
 1156987 747226     cutoff   79         0.00000    0.02804      -  20.6  345s
 1170724 756360     cutoff   45         0.00000    0.02801      -  20.6  350s
 1192000 769676    0.00001   62   41    0.00000    0.02794      -  20.6  355s
 1211601 781914    0.00000   72   26    0.00000    0.02790      -  20.7  360s

Cutting planes:
  Gomory: 7
  Implied bound: 5
  MIR: 3
  Flow cover: 16
  RLT: 73
  Relax-and-lift: 10
  BQP: 24

Explored 1211686 nodes (25025374 simplex iterations) in 360.00 seconds (305.29 work units)
Thread count was 4 (of 4 available processors)

Solution count 10: 9.47994e-07 8.91592e-07 8.90666e-07 ... 2.79429e-07

Time limit reached
Best objective 9.479941069929e-07, best bound 2.790042403277e-02, gap -
{"verdict": "UNRESOLVED", "status": "TIME_LIMIT", "runtime": 360.0021300315857, "objval": 9.47994106992908e-07, "objbound": 0.027900424032767806, "binaries": 46}
