Set parameter NodefileStart to value 6
Read parameters from file gurobi.env
Restricted license - for non-production use only - expires 2027-11-29
Set parameter OutputFlag to value 1
Set parameter Threads to value 4
Set parameter TimeLimit to value 360
Set parameter MIPGap to value 5e-05
Set parameter MIPFocus to value 2
Set parameter NonConvex to value 2
Set parameter BestBdStop to value 2.7426211734693878e-02
Gurobi Optimizer version 13.0.3 build v13.0.3rc0 (linux64 - "Ubuntu 24.04.5 LTS")

CPU model: AMD EPYC 7763 64-Core Processor, instruction set [SSE2|AVX|AVX2]
Thread count: 2 physical cores, 4 logical processors, using up to 4 threads

Non-default parameters:
TimeLimit  360
BestBdStop  2.7426211734693878e-02
MIPGap  5e-05
MIPFocus  2
NodefileStart  6
NonConvex  2
Threads  4

Optimize a model with 129 rows, 99 columns and 714 nonzeros (Max)
Model fingerprint: 0x4e615314
Model has 1 linear objective coefficients
Model has 50 quadratic constraints
Variable types: 65 continuous, 34 integer (34 binary)
Coefficient statistics:
  Matrix range     [5e-01, 1e+00]
  QMatrix range    [1e+00, 1e+00]
  QLMatrix range   [1e+00, 1e+00]
  Objective range  [1e+00, 1e+00]
  Bounds range     [5e-01, 1e+00]
  RHS range        [1e+00, 1e+00]

Found heuristic solution: objective -0.0000000
Presolve time: 0.00s
Presolved: 329 rows, 100 columns, 1114 nonzeros
Presolved model has 50 bilinear constraint(s)

Solving non-convex MIQCP to global optimality

Variable types: 66 continuous, 34 integer (34 binary)
Root relaxation presolve removed 50 rows and 1 columns
Root relaxation presolved: 279 rows, 99 columns, 1064 nonzeros


Root relaxation: objective 7.500000e-02, 109 iterations, 0.00 seconds (0.00 work units)

    Nodes    |    Current Node    |     Objective Bounds      |     Work
 Expl Unexpl |  Obj  Depth IntInf | Incumbent    BestBd   Gap | It/Node Time

     0     0    0.07500    0   58   -0.00000    0.07500      -     -    0s
     0     0    0.06818    0   59   -0.00000    0.06818      -     -    0s
     0     0    0.06818    0   64   -0.00000    0.06818      -     -    0s
     0     0    0.06818    0   63   -0.00000    0.06818      -     -    0s
     0     0    0.06701    0   62   -0.00000    0.06701      -     -    0s
     0     0    0.06701    0   58   -0.00000    0.06701      -     -    0s
     0     0    0.06250    0   40   -0.00000    0.06250      -     -    0s
     0     0    0.06250    0   55   -0.00000    0.06250      -     -    0s
     0     0    0.06250    0   62   -0.00000    0.06250      -     -    0s
     0     0    0.06250    0   54   -0.00000    0.06250      -     -    0s
     0     0    0.06250    0   60   -0.00000    0.06250      -     -    0s
     0     0    0.06247    0   69   -0.00000    0.06247      -     -    0s
     0     0    0.06247    0   60   -0.00000    0.06247      -     -    0s
     0     0    0.06247    0   60   -0.00000    0.06247      -     -    0s
     0     0    0.06247    0   60   -0.00000    0.06247      -     -    0s
     0     2    0.06247    0   60   -0.00000    0.06247      -     -    0s
*  570   548              82       0.0000001    0.06000      -  26.3    0s
H 1202   981                       0.0000003    0.05921      -  30.2    1s
H 1212   938                       0.0000004    0.03836      -  30.0    1s
H 1363  1016                       0.0000004    0.02878      -  30.4    1s
H 7204  4668                       0.0000009    0.02878      -  17.7    3s

Cutting planes:
  Gomory: 1
  Implied bound: 1
  MIR: 1
  Flow cover: 7
  RLT: 58
  Relax-and-lift: 5
  BQP: 12

Explored 10768 nodes (189315 simplex iterations) in 4.36 seconds (3.65 work units)
Thread count was 4 (of 4 available processors)

Solution count 6: 9.2863e-07 4.0557e-07 3.75208e-07 ... -0

Optimization achieved user objective limit
Best objective 9.286299342381e-07, best bound 2.710988205940e-02, gap -
{"verdict": "PROVED", "status": "BOUND_REACHED", "runtime": 4.359554052352905, "objval": 9.286299342381393e-07, "objbound": 0.027109882059400486, "binaries": 34}
