Set parameter NodefileStart to value 6
Read parameters from file gurobi.env
Restricted license - for non-production use only - expires 2027-11-29
Set parameter OutputFlag to value 1
Set parameter Threads to value 4
Set parameter TimeLimit to value 360
Set parameter MIPGap to value 5e-05
Set parameter MIPFocus to value 2
Set parameter NonConvex to value 2
Set parameter BestBdStop to value 2.7426211734693878e-02
Gurobi Optimizer version 13.0.3 build v13.0.3rc0 (linux64 - "Ubuntu 24.04.5 LTS")

CPU model: Intel(R) Xeon(R) 6973P-C, instruction set [SSE2|AVX|AVX2|AVX512]
Thread count: 2 physical cores, 4 logical processors, using up to 4 threads

Non-default parameters:
TimeLimit  360
BestBdStop  2.7426211734693878e-02
MIPGap  5e-05
MIPFocus  2
NodefileStart  6
NonConvex  2
Threads  4

Optimize a model with 125 rows, 95 columns and 686 nonzeros (Max)
Model fingerprint: 0x48d201c0
Model has 1 linear objective coefficients
Model has 50 quadratic constraints
Variable types: 65 continuous, 30 integer (30 binary)
Coefficient statistics:
  Matrix range     [5e-01, 1e+00]
  QMatrix range    [1e+00, 1e+00]
  QLMatrix range   [1e+00, 1e+00]
  Objective range  [1e+00, 1e+00]
  Bounds range     [5e-01, 1e+00]
  RHS range        [1e+00, 1e+00]

Found heuristic solution: objective -0.0000000
Presolve time: 0.00s
Presolved: 325 rows, 96 columns, 1086 nonzeros
Presolved model has 50 bilinear constraint(s)

Solving non-convex MIQCP to global optimality

Variable types: 66 continuous, 30 integer (30 binary)
Root relaxation presolve removed 50 rows and 1 columns
Root relaxation presolved: 275 rows, 95 columns, 1036 nonzeros


Root relaxation: objective 1.041667e-01, 127 iterations, 0.00 seconds (0.00 work units)

    Nodes    |    Current Node    |     Objective Bounds      |     Work
 Expl Unexpl |  Obj  Depth IntInf | Incumbent    BestBd   Gap | It/Node Time

     0     0    0.10417    0   59   -0.00000    0.10417      -     -    0s
     0     0    0.07143    0   57   -0.00000    0.07143      -     -    0s
     0     0    0.07143    0   53   -0.00000    0.07143      -     -    0s
     0     0    0.07143    0   37   -0.00000    0.07143      -     -    0s
     0     0    0.06028    0   37   -0.00000    0.06028      -     -    0s
H    0     0                       0.0000000    0.06028      -     -    0s
     0     2    0.06028    0   37    0.00000    0.06028      -     -    0s
H   13    32                       0.0000002    0.06028      -  33.4    0s
* 1766  1282              99       0.0000003    0.06028      -  25.9    1s
* 1863  1268             102       0.0000003    0.06028      -  25.2    1s
* 1869  1222             102       0.0000004    0.06028      -  25.1    1s
* 1888  1174             105       0.0000004    0.05441      -  25.3    1s
H 3851  2263                       0.0000004    0.04974      -  27.8    2s
H 9475  5715                       0.0000006    0.03708      -  28.9    3s
H11112  6919                       0.0000007    0.03697      -  29.9    3s
 20079 12354    0.02229   29   51    0.00000    0.03459      -  26.0    5s
 54536 31703    0.00000   55   26    0.00000    0.03114      -  22.3   10s
 91265 52118     cutoff   41         0.00000    0.02817      -  21.4   15s

Cutting planes:
  Gomory: 3
  MIR: 4
  Flow cover: 2
  RLT: 42
  Relax-and-lift: 1
  BQP: 5

Explored 104386 nodes (2211611 simplex iterations) in 16.88 seconds (24.93 work units)
Thread count was 4 (of 4 available processors)

Solution count 10: 7.11727e-07 5.82397e-07 4.06719e-07 ... -0

Optimization achieved user objective limit
Best objective 7.117274499896e-07, best bound 2.742358243412e-02, gap -
{"verdict": "PROVED", "status": "BOUND_REACHED", "runtime": 16.878024101257324, "objval": 7.117274499895966e-07, "objbound": 0.02742358243412128, "binaries": 30}
