Set parameter NodefileStart to value 6
Read parameters from file gurobi.env
Restricted license - for non-production use only - expires 2027-11-29
Set parameter OutputFlag to value 1
Set parameter Threads to value 4
Set parameter TimeLimit to value 360
Set parameter MIPGap to value 5e-05
Set parameter MIPFocus to value 2
Set parameter NonConvex to value 2
Set parameter BestBdStop to value 2.7426211734693878e-02
Gurobi Optimizer version 13.0.3 build v13.0.3rc0 (linux64 - "Ubuntu 24.04.5 LTS")

CPU model: Intel(R) Xeon(R) Platinum 8370C CPU @ 2.80GHz, instruction set [SSE2|AVX|AVX2|AVX512]
Thread count: 2 physical cores, 4 logical processors, using up to 4 threads

Non-default parameters:
TimeLimit  360
BestBdStop  2.7426211734693878e-02
MIPGap  5e-05
MIPFocus  2
NodefileStart  6
NonConvex  2
Threads  4

Optimize a model with 125 rows, 95 columns and 686 nonzeros (Max)
Model fingerprint: 0xe870d96a
Model has 1 linear objective coefficients
Model has 50 quadratic constraints
Variable types: 65 continuous, 30 integer (30 binary)
Coefficient statistics:
  Matrix range     [5e-01, 1e+00]
  QMatrix range    [1e+00, 1e+00]
  QLMatrix range   [1e+00, 1e+00]
  Objective range  [1e+00, 1e+00]
  Bounds range     [5e-01, 1e+00]
  RHS range        [1e+00, 1e+00]

Found heuristic solution: objective -0.0000000
Presolve time: 0.00s
Presolved: 325 rows, 96 columns, 1086 nonzeros
Presolved model has 50 bilinear constraint(s)

Solving non-convex MIQCP to global optimality

Variable types: 66 continuous, 30 integer (30 binary)
Root relaxation presolve removed 50 rows and 1 columns
Root relaxation presolved: 275 rows, 95 columns, 1036 nonzeros


Root relaxation: objective 8.333333e-02, 93 iterations, 0.00 seconds (0.00 work units)

    Nodes    |    Current Node    |     Objective Bounds      |     Work
 Expl Unexpl |  Obj  Depth IntInf | Incumbent    BestBd   Gap | It/Node Time

     0     0    0.08333    0   47   -0.00000    0.08333      -     -    0s
     0     0    0.07143    0   54   -0.00000    0.07143      -     -    0s
     0     0    0.07143    0   54   -0.00000    0.07143      -     -    0s
     0     0    0.07143    0   54   -0.00000    0.07143      -     -    0s
     0     0    0.06897    0   56   -0.00000    0.06897      -     -    0s
     0     0    0.06897    0   56   -0.00000    0.06897      -     -    0s
     0     0    0.06897    0   55   -0.00000    0.06897      -     -    0s
     0     0    0.06897    0   54   -0.00000    0.06897      -     -    0s
     0     0    0.06897    0   57   -0.00000    0.06897      -     -    0s
     0     0    0.06888    0   58   -0.00000    0.06888      -     -    0s
     0     0    0.06667    0   58   -0.00000    0.06667      -     -    0s
     0     0    0.06667    0   54   -0.00000    0.06667      -     -    0s
     0     0    0.06667    0   54   -0.00000    0.06667      -     -    0s
     0     0    0.06667    0   56   -0.00000    0.06667      -     -    0s
     0     0    0.06667    0   56   -0.00000    0.06667      -     -    0s
     0     2    0.06667    0   56   -0.00000    0.06667      -     -    0s
H  516   445                       0.0000000    0.06250      -  30.4    0s
*  614   507              84       0.0000003    0.06250      -  30.4    0s
* 1569  1136              61       0.0000013    0.05636      -  31.5    1s
* 1575  1089              64       0.0000020    0.05636      -  31.4    1s
 14382  9364    0.00154   33   51    0.00000    0.03310      -  29.9    5s
 35305 22523    0.00003   42   35    0.00000    0.02826      -  28.9   10s

Cutting planes:
  Gomory: 5
  Lift-and-project: 1
  Implied bound: 2
  MIR: 3
  Flow cover: 7
  RLT: 57
  Relax-and-lift: 1
  BQP: 28

Explored 44888 nodes (1284940 simplex iterations) in 11.83 seconds (11.04 work units)
Thread count was 4 (of 4 available processors)

Solution count 5: 1.95584e-06 1.30951e-06 3.43667e-07 ... -0

Optimization achieved user objective limit
Best objective 1.955841380949e-06, best bound 2.739720950804e-02, gap 1400688.9277%
{"verdict": "PROVED", "status": "BOUND_REACHED", "runtime": 11.835566997528076, "objval": 1.9558413809489528e-06, "objbound": 0.02739720950804326, "binaries": 30}
