Set parameter NodefileStart to value 6
Read parameters from file gurobi.env
Restricted license - for non-production use only - expires 2027-11-29
Set parameter OutputFlag to value 1
Set parameter Threads to value 4
Set parameter TimeLimit to value 360
Set parameter MIPGap to value 5e-05
Set parameter MIPFocus to value 2
Set parameter NonConvex to value 2
Set parameter BestBdStop to value 2.7426211734693878e-02
Gurobi Optimizer version 13.0.3 build v13.0.3rc0 (linux64 - "Ubuntu 24.04.5 LTS")

CPU model: AMD EPYC 7763 64-Core Processor, instruction set [SSE2|AVX|AVX2]
Thread count: 2 physical cores, 4 logical processors, using up to 4 threads

Non-default parameters:
TimeLimit  360
BestBdStop  2.7426211734693878e-02
MIPGap  5e-05
MIPFocus  2
NodefileStart  6
NonConvex  2
Threads  4

Optimize a model with 133 rows, 103 columns and 742 nonzeros (Max)
Model fingerprint: 0x8b2d3b59
Model has 1 linear objective coefficients
Model has 50 quadratic constraints
Variable types: 65 continuous, 38 integer (38 binary)
Coefficient statistics:
  Matrix range     [5e-01, 1e+00]
  QMatrix range    [1e+00, 1e+00]
  QLMatrix range   [1e+00, 1e+00]
  Objective range  [1e+00, 1e+00]
  Bounds range     [5e-01, 1e+00]
  RHS range        [1e+00, 1e+00]

Found heuristic solution: objective -0.0000000
Presolve time: 0.00s
Presolved: 333 rows, 104 columns, 1142 nonzeros
Presolved model has 50 bilinear constraint(s)

Solving non-convex MIQCP to global optimality

Variable types: 66 continuous, 38 integer (38 binary)
Root relaxation presolve removed 50 rows and 1 columns
Root relaxation presolved: 283 rows, 103 columns, 1092 nonzeros


Root relaxation: objective 1.250000e-01, 114 iterations, 0.00 seconds (0.00 work units)

    Nodes    |    Current Node    |     Objective Bounds      |     Work
 Expl Unexpl |  Obj  Depth IntInf | Incumbent    BestBd   Gap | It/Node Time

     0     0    0.12500    0   63   -0.00000    0.12500      -     -    0s
     0     0    0.10000    0   49   -0.00000    0.10000      -     -    0s
     0     0    0.10000    0   59   -0.00000    0.10000      -     -    0s
     0     0    0.10000    0   59   -0.00000    0.10000      -     -    0s
     0     0    0.10000    0   59   -0.00000    0.10000      -     -    0s
     0     0    0.10000    0   59   -0.00000    0.10000      -     -    0s
     0     0    0.10000    0   51   -0.00000    0.10000      -     -    0s
     0     2    0.10000    0   51   -0.00000    0.10000      -     -    0s
*  682   678             102       0.0000002    0.08654      -  28.0    0s
H  770   725                       0.0000003    0.08621      -  26.5    0s
H  905   823                       0.0000003    0.08621      -  27.5    0s
* 1870  1312             100       0.0000006    0.07754      -  28.5    1s
 12753  8469    0.00005   81   32    0.00000    0.05745      -  31.7    5s
H23495 15460                       0.0000007    0.05556      -  30.6    8s
H27800 17382                       0.0000009    0.05433      -  30.8    9s
 29917 19158    0.00008   62   29    0.00000    0.05416      -  31.4   10s
 50048 32122    0.00006   55   43    0.00000    0.05231      -  31.5   15s
 70984 44776    0.00136   44   45    0.00000    0.05101      -  31.0   20s
 92678 58993    0.00220   54   50    0.00000    0.05001      -  30.8   25s
 110467 69841    0.03467   34   52    0.00000    0.04918      -  30.7   30s
 132871 82917     cutoff   70         0.00000    0.04839      -  30.5   35s
 154078 96552    0.00000   56   23    0.00000    0.04793      -  30.4   40s
 175185 109919    0.00013   82   35    0.00000    0.04746      -  30.2   45s
 197017 123841    0.00049   43   42    0.00000    0.04695      -  29.9   50s
 218396 137445    0.00000   69   39    0.00000    0.04660      -  29.7   55s
 240704 151636    0.00320   36   41    0.00000    0.04611      -  29.6   60s
 259882 163770    0.00016   63   27    0.00000    0.04583      -  29.6   65s
 279214 176468    0.00086   63   44    0.00000    0.04548      -  29.5   70s
 300263 189039    0.00016   40   50    0.00000    0.04534      -  29.4   75s
 321645 203347    0.00002   82   40    0.00000    0.04505      -  29.4   80s
 343347 217380    0.00108   49   38    0.00000    0.04484      -  29.3   85s
 364852 230791    0.00062   54   42    0.00000    0.04458      -  29.2   90s
 385589 244018    0.00633   40   44    0.00000    0.04430      -  29.1   95s
 406233 256755     cutoff   36         0.00000    0.04407      -  29.0  100s
 427385 269719    0.00002   63   36    0.00000    0.04382      -  29.0  105s
 450207 284531    0.00001   71   28    0.00000    0.04362      -  28.9  110s
 469262 296916    0.00000   59   27    0.00000    0.04344      -  28.8  115s
 488074 308833    0.00000   65   46    0.00000    0.04319      -  28.8  120s
 508956 322425     cutoff   53         0.00000    0.04298      -  28.7  125s
 528426 335339    0.00084   39   26    0.00000    0.04280      -  28.7  130s
 550800 349349    0.00005   56   31    0.00000    0.04259      -  28.7  135s
 571640 363078    0.00002   49   37    0.00000    0.04242      -  28.7  140s
 593400 376376    0.00040   49   52    0.00000    0.04222      -  28.6  145s
 614682 389791     cutoff   57         0.00000    0.04197      -  28.6  150s
 636171 403326     cutoff   47         0.00000    0.04180      -  28.5  155s
 657190 416948    0.00003   59   44    0.00000    0.04165      -  28.5  160s
 678216 430582    0.02174   35   51    0.00000    0.04147      -  28.5  165s
 697770 442121    0.00028   68   50    0.00000    0.04131      -  28.4  170s
 719535 455842    0.00057   60   49    0.00000    0.04114      -  28.4  175s
 741975 470415     cutoff   41         0.00000    0.04097      -  28.3  180s
 762795 482721    0.00287   47   45    0.00000    0.04083      -  28.3  185s
 784350 496103    0.01867   36   44    0.00000    0.04070      -  28.3  190s
 807150 509851    0.00000   68   30    0.00000    0.04053      -  28.2  195s
 829340 523785    0.03264   35   51    0.00000    0.04042      -  28.2  200s
 847250 535455    0.00446   38   50    0.00000    0.04031      -  28.2  205s
 869631 548850     cutoff   50         0.00000    0.04017      -  28.2  210s
 891377 562184    0.02579   34   51    0.00000    0.04003      -  28.2  215s
 913234 576905    0.03228   36   52    0.00000    0.03992      -  28.2  220s
 935572 591618    0.00260   39   44    0.00000    0.03978      -  28.1  225s
 957829 606447    0.00008   69   31    0.00000    0.03965      -  28.1  230s
 978163 619557    0.02040   33   44    0.00000    0.03955      -  28.1  235s
 997231 631109    0.02784   32   51    0.00000    0.03944      -  28.1  240s
 1014921 642245    0.00643   40   51    0.00000    0.03935      -  28.1  245s
 1036302 656290    0.00003   69   47    0.00000    0.03925      -  28.1  250s
 1057759 670049    0.00000   98   19    0.00000    0.03914      -  28.1  255s
 1079456 684118    0.00002   53   34    0.00000    0.03904      -  28.1  260s
 1101507 697925    0.01882   33   51    0.00000    0.03896      -  28.0  265s
 1123903 712075 infeasible   75         0.00000    0.03887      -  28.0  270s
 1146391 726703    0.00000   93   21    0.00000    0.03877      -  28.0  275s
 1165591 738899    0.00006   72   36    0.00000    0.03871      -  28.0  280s
 1185967 752152    0.00206   52   50    0.00000    0.03863      -  28.0  285s
 1207651 764696    0.00001   82   36    0.00000    0.03854      -  28.0  290s
 1226515 776703    0.00000   98   20    0.00000    0.03847      -  28.0  295s
 1248516 790729    0.02794   39   51    0.00000    0.03846      -  27.9  300s
 1269905 804321    0.00219   39   32    0.00000    0.03837      -  27.9  305s
 1288310 817185    0.00049   50   43    0.00000    0.03834      -  27.9  310s
 1310265 830691     cutoff   82         0.00000    0.03824      -  27.9  315s
 1331290 843482    0.00000   65   29    0.00000    0.03816      -  27.9  320s
 1352852 857533    0.00057   47   41    0.00000    0.03808      -  27.9  325s
 1374970 870948    0.00002   82   44    0.00000    0.03799      -  27.9  330s
 1396320 884840    0.00361   43   52    0.00000    0.03794      -  27.9  335s
 1416036 897620    0.00000   66   10    0.00000    0.03788      -  27.9  340s
 1437800 911078 infeasible   35         0.00000    0.03777      -  27.9  345s
 1459083 922724    0.00001   46   27    0.00000    0.03767      -  27.9  350s
 1478298 935208    0.00014   70   50    0.00000    0.03760      -  27.9  355s
 1499191 947304    0.00367   45   50    0.00000    0.03751      -  27.9  360s

Cutting planes:
  Gomory: 13
  MIR: 4
  Flow cover: 13
  RLT: 57
  BQP: 19

Explored 1499323 nodes (41760089 simplex iterations) in 360.00 seconds (348.88 work units)
Thread count was 4 (of 4 available processors)

Solution count 7: 9.32101e-07 6.526e-07 6.48592e-07 ... -0

Time limit reached
Best objective 9.321011381069e-07, best bound 3.751095927349e-02, gap -
{"verdict": "UNRESOLVED", "status": "TIME_LIMIT", "runtime": 360.001925945282, "objval": 9.321011381069335e-07, "objbound": 0.03751095927348633, "binaries": 38}
