Set parameter NodefileStart to value 6
Read parameters from file gurobi.env
Restricted license - for non-production use only - expires 2027-11-29
Set parameter OutputFlag to value 1
Set parameter Threads to value 4
Set parameter TimeLimit to value 360
Set parameter MIPGap to value 5e-05
Set parameter MIPFocus to value 2
Set parameter NonConvex to value 2
Set parameter BestBdStop to value 2.7426211734693878e-02
Gurobi Optimizer version 13.0.3 build v13.0.3rc0 (linux64 - "Ubuntu 24.04.5 LTS")

CPU model: Intel(R) Xeon(R) Platinum 8370C CPU @ 2.80GHz, instruction set [SSE2|AVX|AVX2|AVX512]
Thread count: 2 physical cores, 4 logical processors, using up to 4 threads

Non-default parameters:
TimeLimit  360
BestBdStop  2.7426211734693878e-02
MIPGap  5e-05
MIPFocus  2
NodefileStart  6
NonConvex  2
Threads  4

Optimize a model with 141 rows, 111 columns and 810 nonzeros (Max)
Model fingerprint: 0xa696208d
Model has 1 linear objective coefficients
Model has 50 quadratic constraints
Variable types: 65 continuous, 46 integer (46 binary)
Coefficient statistics:
  Matrix range     [5e-01, 1e+00]
  QMatrix range    [1e+00, 1e+00]
  QLMatrix range   [1e+00, 1e+00]
  Objective range  [1e+00, 1e+00]
  Bounds range     [5e-01, 1e+00]
  RHS range        [1e+00, 1e+00]

Found heuristic solution: objective -0.0000000
Presolve time: 0.00s
Presolved: 341 rows, 112 columns, 1210 nonzeros
Presolved model has 50 bilinear constraint(s)

Solving non-convex MIQCP to global optimality

Variable types: 66 continuous, 46 integer (46 binary)
Root relaxation presolve removed 50 rows and 1 columns
Root relaxation presolved: 291 rows, 111 columns, 1160 nonzeros


Root relaxation: objective 8.333333e-02, 109 iterations, 0.00 seconds (0.00 work units)

    Nodes    |    Current Node    |     Objective Bounds      |     Work
 Expl Unexpl |  Obj  Depth IntInf | Incumbent    BestBd   Gap | It/Node Time

     0     0    0.08333    0   48   -0.00000    0.08333      -     -    0s
     0     0    0.07143    0   57   -0.00000    0.07143      -     -    0s
     0     0    0.07143    0   50   -0.00000    0.07143      -     -    0s
     0     0    0.07143    0   61   -0.00000    0.07143      -     -    0s
     0     0    0.07143    0   50   -0.00000    0.07143      -     -    0s
     0     0    0.07143    0   43   -0.00000    0.07143      -     -    0s
     0     0    0.07143    0   59   -0.00000    0.07143      -     -    0s
     0     0    0.07143    0   54   -0.00000    0.07143      -     -    0s
     0     0    0.07143    0   56   -0.00000    0.07143      -     -    0s
     0     0    0.07143    0   50   -0.00000    0.07143      -     -    0s
     0     0    0.07143    0   48   -0.00000    0.07143      -     -    0s
     0     0    0.07143    0   46   -0.00000    0.07143      -     -    0s
     0     0    0.07143    0   46   -0.00000    0.07143      -     -    0s
     0     2    0.07143    0   46   -0.00000    0.07143      -     -    0s
H  198   205                       0.0000002    0.07143      -  33.1    0s
H 1370  1088                       0.0000002    0.04605      -  31.7    2s
H 1511  1167                       0.0000002    0.04605      -  31.6    2s
H 1549  1109                       0.0000002    0.04605      -  31.4    2s
* 1761  1271             104       0.0000004    0.04605      -  29.9    2s
* 1766  1229             106       0.0000005    0.04605      -  29.8    2s
* 1833  1168             100       0.0000007    0.04605      -  29.2    2s
  8366  5624    0.01781   31   50    0.00000    0.03877      -  27.8    5s
H14909  9896                       0.0000008    0.03644      -  28.8    6s
 23836 15577    0.00053   50   50    0.00000    0.03510      -  28.1   10s
H27218 17316                       0.0000011    0.03470      -  28.0   10s
H41371 25923                       0.0000012    0.03368      -  28.1   14s
 41386 26207    0.00111   45   38    0.00000    0.03368      -  28.1   15s
 62083 38313     cutoff   65         0.00000    0.03245      -  28.6   20s
 80562 49321     cutoff   72         0.00000    0.03177      -  28.7   25s
 99589 60317    0.00000   56   28    0.00000    0.03107      -  28.7   30s
 121164 73479     cutoff   79         0.00000    0.03046      -  28.5   35s
 141831 85947    0.00046   47   46    0.00000    0.03004      -  28.4   40s
 161727 98407     cutoff   47         0.00000    0.02963      -  28.2   45s
 185132 112083    0.00274   35   50    0.00000    0.02922      -  28.2   50s
 204239 123697    0.00759   36   44    0.00000    0.02892      -  28.0   55s
 225613 136618     cutoff   47         0.00000    0.02863      -  28.0   60s
 248419 150032    0.00064   48   39    0.00000    0.02833      -  28.0   65s
 266043 160508    0.00349   47   52    0.00000    0.02811      -  27.9   70s
 283143 170744    0.00827   34   37    0.00000    0.02799      -  27.9   75s
 297443 178207    0.00000   66   33    0.00000    0.02783      -  27.8   80s
 316575 189362     cutoff   54         0.00000    0.02762      -  27.7   85s
 339614 202791     cutoff  100         0.00000    0.02745      -  27.8   90s

Cutting planes:
  Gomory: 7
  Implied bound: 5
  MIR: 7
  Flow cover: 25
  RLT: 73
  Relax-and-lift: 5
  BQP: 17

Explored 341230 nodes (9482017 simplex iterations) in 90.35 seconds (82.10 work units)
Thread count was 4 (of 4 available processors)

Solution count 10: 1.16418e-06 1.14983e-06 8.01014e-07 ... 1.54108e-07

Optimization achieved user objective limit
Best objective 1.164175621038e-06, best bound 2.742071756073e-02, gap 2355276.3767%
{"verdict": "PROVED", "status": "BOUND_REACHED", "runtime": 90.35091280937195, "objval": 1.1641756210379746e-06, "objbound": 0.027420717560726508, "binaries": 46}
