Set parameter NodefileStart to value 6
Read parameters from file gurobi.env
Restricted license - for non-production use only - expires 2027-11-29
Set parameter OutputFlag to value 1
Set parameter Threads to value 4
Set parameter TimeLimit to value 360
Set parameter MIPGap to value 5e-05
Set parameter MIPFocus to value 2
Set parameter NonConvex to value 2
Set parameter BestBdStop to value 2.7426211734693878e-02
Gurobi Optimizer version 13.0.3 build v13.0.3rc0 (linux64 - "Ubuntu 24.04.5 LTS")

CPU model: AMD EPYC 7763 64-Core Processor, instruction set [SSE2|AVX|AVX2]
Thread count: 2 physical cores, 4 logical processors, using up to 4 threads

Non-default parameters:
TimeLimit  360
BestBdStop  2.7426211734693878e-02
MIPGap  5e-05
MIPFocus  2
NodefileStart  6
NonConvex  2
Threads  4

Optimize a model with 145 rows, 115 columns and 846 nonzeros (Max)
Model fingerprint: 0x4a216b76
Model has 1 linear objective coefficients
Model has 50 quadratic constraints
Variable types: 65 continuous, 50 integer (50 binary)
Coefficient statistics:
  Matrix range     [5e-01, 1e+00]
  QMatrix range    [1e+00, 1e+00]
  QLMatrix range   [1e+00, 1e+00]
  Objective range  [1e+00, 1e+00]
  Bounds range     [5e-01, 1e+00]
  RHS range        [1e+00, 1e+00]

Found heuristic solution: objective -0.0000000
Presolve time: 0.00s
Presolved: 345 rows, 116 columns, 1246 nonzeros
Presolved model has 50 bilinear constraint(s)

Solving non-convex MIQCP to global optimality

Variable types: 66 continuous, 50 integer (50 binary)
Root relaxation presolve removed 50 rows and 1 columns
Root relaxation presolved: 295 rows, 115 columns, 1196 nonzeros


Root relaxation: objective 1.250000e-01, 107 iterations, 0.00 seconds (0.00 work units)

    Nodes    |    Current Node    |     Objective Bounds      |     Work
 Expl Unexpl |  Obj  Depth IntInf | Incumbent    BestBd   Gap | It/Node Time

     0     0    0.12500    0   52   -0.00000    0.12500      -     -    0s
     0     0    0.12500    0   40   -0.00000    0.12500      -     -    0s
     0     0    0.10000    0   44   -0.00000    0.10000      -     -    0s
     0     0    0.10000    0   43   -0.00000    0.10000      -     -    0s
H    0     0                       0.0000000    0.10000      -     -    0s
     0     0    0.10000    0   43    0.00000    0.10000      -     -    0s
     0     2    0.10000    0   43    0.00000    0.10000      -     -    0s
*  779   732             110       0.0000000    0.09607      -  19.7    0s
*  812   716             102       0.0000001    0.09607      -  19.3    0s
H 1526  1119                       0.0085393    0.09607  1025%  23.0    1s
H 1628  1161                       0.0085393    0.09607  1025%  22.6    1s
H 1706  1092                       0.0090351    0.08383   828%  22.1    1s
H 1835   994                       0.0138569    0.08383   505%  21.3    1s
H 2900   846                       0.0169763    0.06243   268%  26.9    1s
H 4666  1189                       0.0172822    0.05163   199%  28.9    2s
H 5231  1174                       0.0193076    0.05046   161%  28.6    2s
H 6737  1536                       0.0193076    0.04877   153%  29.0    3s
 13741  3609     cutoff   33         0.01931    0.04211   118%  30.6    5s
 33822  8698     cutoff   29         0.01931    0.03799  96.8%  31.2   10s
H34322  8723                       0.0193076    0.03792  96.4%  31.2   10s
 53425 12529    0.03094   30   52    0.01931    0.03649  89.0%  30.8   15s
 78316 17714     cutoff   38         0.01931    0.03536  83.1%  30.2   20s
*81035 18565             115       0.0194162    0.03532  81.9%  29.9   20s
H82385 18384                       0.0197982    0.03526  78.1%  29.9   20s
H86812 18459                       0.0204875    0.03511  71.4%  29.8   21s
H88952 18873                       0.0204876    0.03503  71.0%  29.7   22s
H89726 18788                       0.0206623    0.03498  69.3%  29.7   22s
 101470 20782     cutoff   35         0.02066    0.03473  68.1%  29.4   25s
H123738 24031                       0.0208909    0.03426  64.0%  29.0   29s
H123744 24003                       0.0209073    0.03426  63.9%  29.0   29s
*123759 24003             104       0.0209078    0.03426  63.9%  29.0   29s
*123760 24003             104       0.0209080    0.03426  63.9%  29.0   29s
 125318 24271    0.02124   40   56    0.02091    0.03421  63.6%  29.0   30s
H127263 23010                       0.0214729    0.03418  59.2%  29.0   30s
H141464 22588                       0.0228929    0.03395  48.3%  28.8   33s
H141707 22604                       0.0228929    0.03394  48.3%  28.8   33s
H142391 22625                       0.0228929    0.03393  48.2%  28.7   33s
 148428 23415    0.02424   30   51    0.02289    0.03380  47.6%  28.6   35s
 171406 26213     cutoff   42         0.02289    0.03338  45.8%  28.1   40s
 197704 29201    0.02469   33   55    0.02289    0.03297  44.0%  27.8   45s
 224643 32282    0.02762   36   60    0.02289    0.03259  42.4%  27.5   50s
 250520 35379    0.02625   41   56    0.02289    0.03229  41.0%  27.2   55s
 275381 38465    0.02954   28   52    0.02289    0.03203  39.9%  27.0   60s
 302438 41531    0.02899   40   57    0.02289    0.03177  38.8%  26.7   65s
 329741 44409    0.02873   34   58    0.02289    0.03153  37.7%  26.5   70s
 356885 47098    0.03010   41   37    0.02289    0.03130  36.7%  26.4   75s
 379983 49317    0.02839   38   52    0.02289    0.03114  36.0%  26.2   80s
 406956 52127    0.02494   38   54    0.02289    0.03095  35.2%  26.1   85s
 434310 54510     cutoff   33         0.02289    0.03077  34.4%  25.9   90s
 461247 56934    0.02549   41   52    0.02289    0.03060  33.7%  25.8   95s
 489249 59599    0.02941   48   49    0.02289    0.03044  33.0%  25.7  100s
 516551 61877     cutoff   35         0.02289    0.03028  32.3%  25.5  105s
 544271 64235    0.02524   42   50    0.02289    0.03013  31.6%  25.4  110s
 569564 65938     cutoff   40         0.02289    0.03000  31.1%  25.3  115s
 594075 67872     cutoff   40         0.02289    0.02989  30.6%  25.2  120s
 621194 70216     cutoff   46         0.02289    0.02976  30.0%  25.1  125s
 649055 72094     cutoff   43         0.02289    0.02964  29.5%  25.0  130s
 675812 74129     cutoff   41         0.02289    0.02952  29.0%  24.9  135s
 703788 76149    0.02877   39   61    0.02289    0.02942  28.5%  24.8  140s
 732992 78192     cutoff   48         0.02289    0.02932  28.1%  24.6  145s
 761424 80277     cutoff   45         0.02289    0.02923  27.7%  24.5  150s
 786250 81729     cutoff   36         0.02289    0.02915  27.3%  24.5  155s
 814935 83204    0.02385   38   55    0.02289    0.02904  26.9%  24.4  160s
 840226 84511     cutoff   48         0.02289    0.02896  26.5%  24.3  165s
 867898 85897    0.02529   31   58    0.02289    0.02886  26.1%  24.2  170s
 896797 87204    0.02857   31   56    0.02289    0.02877  25.7%  24.1  175s
 925652 88596     cutoff   50         0.02289    0.02867  25.2%  24.1  180s
 954258 89909     cutoff   49         0.02289    0.02858  24.9%  24.0  185s
 981912 91642     cutoff   49         0.02289    0.02852  24.6%  23.9  190s
 1005151 92894    0.02459   46   48    0.02289    0.02845  24.3%  23.9  195s
 1034674 94193    0.02340   42   54    0.02289    0.02836  23.9%  23.8  200s
 1063988 95369    0.02332   41   54    0.02289    0.02828  23.5%  23.7  205s
 1093284 96758    0.02614   45   57    0.02289    0.02821  23.2%  23.6  210s
 1122420 97439    0.02416   45   64    0.02289    0.02813  22.9%  23.6  215s
 1151543 98416    0.02574   44   41    0.02289    0.02805  22.5%  23.5  220s
 1180135 99147    0.02679   47   54    0.02289    0.02797  22.2%  23.4  225s
 1209250 99877    0.02549   44   44    0.02289    0.02789  21.8%  23.4  230s
 1232510 100207     cutoff   38         0.02289    0.02783  21.5%  23.3  235s
 1261829 100684    0.02347   37   53    0.02289    0.02775  21.2%  23.3  240s
 1290966 101212    0.02384   44   54    0.02289    0.02767  20.9%  23.2  245s
 1320912 101440    0.02442   37   54    0.02289    0.02759  20.5%  23.1  250s
 1348730 101918     cutoff   37         0.02289    0.02753  20.2%  23.1  255s
 1378085 102468     cutoff   40         0.02289    0.02746  19.9%  23.0  260s

Cutting planes:
  Gomory: 2
  Implied bound: 18
  MIR: 3
  Flow cover: 7
  RLT: 45
  BQP: 15

Explored 1394720 nodes (32053932 simplex iterations) in 262.93 seconds (273.47 work units)
Thread count was 4 (of 4 available processors)

Solution count 10: 0.0228929 0.0214729 0.020908 ... 0.0172822

Optimization achieved user objective limit
Best objective 2.289292498467e-02, best bound 2.742560949401e-02, gap 19.7995%
{"verdict": "PROVED", "status": "BOUND_REACHED", "runtime": 262.92960000038147, "objval": 0.02289292498466626, "objbound": 0.027425609494012997, "binaries": 50}
