Set parameter NodefileStart to value 6
Read parameters from file gurobi.env
Restricted license - for non-production use only - expires 2027-11-29
Set parameter OutputFlag to value 1
Set parameter Threads to value 4
Set parameter TimeLimit to value 360
Set parameter MIPGap to value 5e-05
Set parameter MIPFocus to value 2
Set parameter NonConvex to value 2
Set parameter BestBdStop to value 2.7426211734693878e-02
Gurobi Optimizer version 13.0.3 build v13.0.3rc0 (linux64 - "Ubuntu 24.04.5 LTS")

CPU model: AMD EPYC 9V45 96-Core Processor, instruction set [SSE2|AVX|AVX2|AVX512]
Thread count: 2 physical cores, 4 logical processors, using up to 4 threads

Non-default parameters:
TimeLimit  360
BestBdStop  2.7426211734693878e-02
MIPGap  5e-05
MIPFocus  2
NodefileStart  6
NonConvex  2
Threads  4

Optimize a model with 145 rows, 115 columns and 846 nonzeros (Max)
Model fingerprint: 0xe2bd8f5b
Model has 1 linear objective coefficients
Model has 50 quadratic constraints
Variable types: 65 continuous, 50 integer (50 binary)
Coefficient statistics:
  Matrix range     [5e-01, 1e+00]
  QMatrix range    [1e+00, 1e+00]
  QLMatrix range   [1e+00, 1e+00]
  Objective range  [1e+00, 1e+00]
  Bounds range     [5e-01, 1e+00]
  RHS range        [1e+00, 1e+00]

Found heuristic solution: objective -0.0000000
Presolve time: 0.00s
Presolved: 345 rows, 116 columns, 1246 nonzeros
Presolved model has 50 bilinear constraint(s)

Solving non-convex MIQCP to global optimality

Variable types: 66 continuous, 50 integer (50 binary)
Root relaxation presolve removed 50 rows and 1 columns
Root relaxation presolved: 295 rows, 115 columns, 1196 nonzeros


Root relaxation: objective 1.250000e-01, 117 iterations, 0.00 seconds (0.00 work units)

    Nodes    |    Current Node    |     Objective Bounds      |     Work
 Expl Unexpl |  Obj  Depth IntInf | Incumbent    BestBd   Gap | It/Node Time

     0     0    0.12500    0   50   -0.00000    0.12500      -     -    0s
     0     0    0.10000    0   43   -0.00000    0.10000      -     -    0s
     0     0    0.10000    0   43   -0.00000    0.10000      -     -    0s
     0     0    0.10000    0   43   -0.00000    0.10000      -     -    0s
H    0     0                       0.0000000    0.10000      -     -    0s
H    0     0                       0.0000000    0.10000      -     -    0s
H    0     0                       0.0000001    0.10000      -     -    0s
     0     0    0.10000    0   43    0.00000    0.10000      -     -    0s
     0     2    0.10000    0   43    0.00000    0.10000      -     -    0s
*  748   715             113       0.0000002    0.09375      -  16.5    0s
*  820   778             119       0.0000003    0.09375      -  16.5    0s
*  821   778             119       0.0000003    0.09375      -  16.5    0s
* 1143   947             145       0.0000011    0.09375      -  16.9    0s
* 1874  1281              99       0.0053985    0.09375  1637%  16.1    1s
H 1882  1185                       0.0063583    0.09375  1374%  16.1    1s
H 2088  1046                       0.0065209    0.09375  1338%  17.7    1s
H 2188  1035                       0.0078313    0.09375  1097%  18.8    1s
H 2346  1053                       0.0078340    0.09375  1097%  21.4    1s
H 2407  1124                       0.0078340    0.09375  1097%  22.2    1s
H 2500  1047                       0.0114767    0.09375   717%  22.4    1s
H 2713   996                       0.0119799    0.09375   683%  24.9    1s
H 3769  1419                       0.0121956    0.08360   585%  28.5    1s
H 6302  2628                       0.0128875    0.07610   490%  32.2    1s
H 9729  4146                       0.0131705    0.07123   441%  33.5    2s
H11209  4895                       0.0131706    0.07060   436%  33.6    2s
H15748  6987                       0.0133916    0.06735   403%  34.9    3s
H15752  6987                       0.0134039    0.06735   402%  34.9    3s
 20041  9083    0.02446   30   53    0.01340    0.06610   393%  34.7    5s
H21762 10316                       0.0168366    0.06585   291%  34.9    6s
H30778 12469                       0.0168367    0.06261   272%  35.7    7s
H37932 14931                       0.0168367    0.06057   260%  36.7    9s
H39150 14370                       0.0183169    0.06022   229%  36.7    9s
H39151 13930                       0.0192545    0.06022   213%  36.7    9s
H40201 14231                       0.0194078    0.06001   209%  36.8    9s
 41957 14882    0.03536   29   53    0.01941    0.05943   206%  37.0   10s
H42244 14882                       0.0194079    0.05930   206%  37.0   10s
H55479 19109                       0.0195051    0.05683   191%  37.4   13s
H58020 19799                       0.0195078    0.05656   190%  37.3   13s
 64207 21631    0.03672   26   55    0.01951    0.05575   186%  37.3   15s
H64610 21800                       0.0195078    0.05565   185%  37.3   15s
H70261 23452                       0.0195078    0.05511   182%  37.5   16s
 91225 28757    0.02249   36   46    0.01951    0.05301   172%  37.5   20s
H91723 28802                       0.0195675    0.05298   171%  37.5   20s
H97291 30142                       0.0195680    0.05250   168%  37.4   21s
H102894 31505                       0.0196057    0.05206   166%  37.4   22s
 115938 34354    0.02208   34   53    0.01961    0.05116   161%  37.3   25s
 139821 40192    0.02386   31   56    0.01961    0.04969   153%  37.2   30s
 162546 45294    0.02596   26   57    0.01961    0.04865   148%  37.2   35s
H168101 46454                       0.0196084    0.04840   147%  37.2   36s
H169473 46650                       0.0196576    0.04834   146%  37.2   37s
H170963 46920                       0.0197080    0.04825   145%  37.2   37s
H170967 46918                       0.0197113    0.04825   145%  37.2   37s
 181611 48938     cutoff   29         0.01971    0.04779   142%  37.2   40s
 206972 53959 infeasible   37         0.01971    0.04684   138%  37.1   45s
 231871 58465    0.02431   31   55    0.01971    0.04598   133%  37.0   50s
H241784 59974                       0.0197273    0.04564   131%  37.0   52s
 254735 62185     cutoff   31         0.01973    0.04522   129%  36.9   55s
 280377 66540     cutoff   28         0.01973    0.04450   126%  36.8   60s
 304434 70288    0.02097   35   49    0.01973    0.04387   122%  36.7   65s
H326853 73762                       0.0197274    0.04334   120%  36.6   69s
 330096 74363     cutoff   33         0.01973    0.04326   119%  36.6   70s
H355904 78172                       0.0197276    0.04267   116%  36.5   74s
 356233 78173     cutoff   30         0.01973    0.04266   116%  36.5   75s
 378753 81489     cutoff   37         0.01973    0.04223   114%  36.4   80s
 404677 85249    0.02252   36   51    0.01973    0.04172   111%  36.3   85s
 427758 88506     cutoff   32         0.01973    0.04131   109%  36.2   90s
 452513 91930    0.02225   32   46    0.01973    0.04090   107%  36.1   95s
 477470 95490     cutoff   34         0.01973    0.04050   105%  36.0  100s
 503258 98727    0.03600   26   43    0.01973    0.04013   103%  35.9  105s
H525226 101291                       0.0197339    0.03981   102%  35.8  109s
 525228 101344     cutoff   35         0.01973    0.03981   102%  35.8  110s
H525440 101344                       0.0197339    0.03981   102%  35.8  110s
H525656 101389                       0.0197339    0.03980   102%  35.8  110s
H528382 101677                       0.0197339    0.03976   102%  35.8  110s
 546289 104008     cutoff   35         0.01973    0.03952   100%  35.8  115s
 571148 106890     cutoff   34         0.01973    0.03920  98.6%  35.7  120s
 597913 109848     cutoff   31         0.01973    0.03884  96.8%  35.6  125s
 624308 113270    0.03375   29   64    0.01973    0.03853  95.3%  35.5  130s
 650248 116007    0.03606   32   56    0.01973    0.03825  93.8%  35.4  135s
 677252 118989     cutoff   33         0.01973    0.03794  92.3%  35.3  140s
 703806 121918     cutoff   37         0.01973    0.03766  90.8%  35.2  145s
 729742 124573    0.02677   34   52    0.01973    0.03739  89.4%  35.2  150s
 751886 126627     cutoff   36         0.01973    0.03716  88.3%  35.1  155s
 777112 129219    0.03265   32   54    0.01973    0.03693  87.1%  35.0  160s
 803753 131832    0.02341   34   59    0.01973    0.03667  85.8%  35.0  165s
 829341 133991    0.02162   34   43    0.01973    0.03643  84.6%  34.9  170s
 856630 136354    0.02297   32   56    0.01973    0.03616  83.3%  34.8  175s
 882042 138635    0.02026   37   55    0.01973    0.03593  82.1%  34.8  180s
 908280 141122     cutoff   33         0.01973    0.03570  80.9%  34.7  185s
 935328 143352    0.03335   31   54    0.01973    0.03547  79.8%  34.6  190s
 956575 144940    0.02089   33   56    0.01973    0.03529  78.9%  34.6  195s
 984319 147000     cutoff   35         0.01973    0.03507  77.7%  34.5  200s
 1011255 149139    0.02798   29   48    0.01973    0.03486  76.6%  34.5  205s
 1037922 151164    0.02917   28   60    0.01973    0.03465  75.6%  34.4  210s
 1066419 153268     cutoff   35         0.01973    0.03445  74.6%  34.3  215s
 1094724 154930     cutoff   35         0.01973    0.03424  73.5%  34.2  220s
 1122899 156815    0.02708   39   54    0.01973    0.03403  72.4%  34.1  225s
H1143270 154598                       0.0201721    0.03389  68.0%  34.1  228s
H1143395 154599                       0.0201721    0.03389  68.0%  34.1  229s
 1145115 154660     cutoff   35         0.02017    0.03388  67.9%  34.1  230s
 1173206 156326    0.02578   39   35    0.02017    0.03368  67.0%  34.0  235s
 1201077 157728     cutoff   35         0.02017    0.03349  66.0%  34.0  240s
 1224950 158730    0.02046   29   55    0.02017    0.03333  65.2%  33.9  245s
 1250449 159944     cutoff   36         0.02017    0.03316  64.4%  33.8  250s
 1279676 161286    0.02653   31   48    0.02017    0.03297  63.4%  33.8  255s
 1304948 162437    0.02334   33   52    0.02017    0.03281  62.6%  33.7  260s
 1333643 163529    0.02816   31   57    0.02017    0.03263  61.7%  33.7  265s
 1362632 164608     cutoff   30         0.02017    0.03246  60.9%  33.6  270s
 1386743 165489     cutoff   35         0.02017    0.03232  60.2%  33.5  275s
 1413367 166412    0.02455   27   54    0.02017    0.03217  59.5%  33.5  280s
 1441222 167432    0.03195   29   66    0.02017    0.03201  58.7%  33.4  285s
 1467762 168258    0.02832   31   56    0.02017    0.03186  57.9%  33.3  290s
 1497592 169406     cutoff   31         0.02017    0.03169  57.1%  33.3  295s
 1525906 170116    0.02869   33   48    0.02017    0.03154  56.3%  33.2  300s
 1554955 170917    0.02311   31   53    0.02017    0.03138  55.6%  33.1  305s
 1579200 171861    0.02529   36   42    0.02017    0.03125  54.9%  33.0  310s
 1606229 172493    0.02496   35   55    0.02017    0.03111  54.2%  33.0  315s
 1634639 173033 infeasible   36         0.02017    0.03096  53.5%  32.9  320s
 1661019 173862     cutoff   36         0.02017    0.03084  52.9%  32.9  325s
 1689233 174335     cutoff   40         0.02017    0.03069  52.1%  32.8  330s
 1716959 174573     cutoff   39         0.02017    0.03055  51.5%  32.7  335s
 1746891 174733    0.02737   27   48    0.02017    0.03040  50.7%  32.7  340s
H1747109 174733                       0.0201721    0.03040  50.7%  32.7  340s
 1768829 174949    0.02041   35   56    0.02017    0.03029  50.1%  32.6  345s
 1799998 175567    0.02783   28   56    0.02017    0.03014  49.4%  32.5  350s
 1826973 175959    0.02227   33   59    0.02017    0.03002  48.8%  32.5  355s
 1855482 176252     cutoff   32         0.02017    0.02989  48.2%  32.4  360s

Cutting planes:
  Gomory: 39
  Implied bound: 42
  MIR: 12
  Flow cover: 136
  Inf proof: 49
  RLT: 136
  Relax-and-lift: 23
  BQP: 33

Explored 1855818 nodes (60165455 simplex iterations) in 360.00 seconds (616.23 work units)
Thread count was 4 (of 4 available processors)

Solution count 10: 0.0201721 0.0197339 0.0197339 ... 0.019568

Time limit reached
Best objective 2.017210744658e-02, best bound 2.988527389037e-02, gap 48.1515%
{"verdict": "UNRESOLVED", "status": "TIME_LIMIT", "runtime": 360.00202989578247, "objval": 0.020172107446576583, "objbound": 0.029885273890373123, "binaries": 50}
