Set parameter NodefileStart to value 6
Read parameters from file gurobi.env
Restricted license - for non-production use only - expires 2027-11-29
Set parameter OutputFlag to value 1
Set parameter Threads to value 4
Set parameter TimeLimit to value 360
Set parameter MIPGap to value 5e-05
Set parameter MIPFocus to value 2
Set parameter NonConvex to value 2
Set parameter BestBdStop to value 2.7426211734693878e-02
Gurobi Optimizer version 13.0.3 build v13.0.3rc0 (linux64 - "Ubuntu 24.04.5 LTS")

CPU model: AMD EPYC 7763 64-Core Processor, instruction set [SSE2|AVX|AVX2]
Thread count: 2 physical cores, 4 logical processors, using up to 4 threads

Non-default parameters:
TimeLimit  360
BestBdStop  2.7426211734693878e-02
MIPGap  5e-05
MIPFocus  2
NodefileStart  6
NonConvex  2
Threads  4

Optimize a model with 141 rows, 111 columns and 810 nonzeros (Max)
Model fingerprint: 0xc28d90c5
Model has 1 linear objective coefficients
Model has 50 quadratic constraints
Variable types: 65 continuous, 46 integer (46 binary)
Coefficient statistics:
  Matrix range     [5e-01, 1e+00]
  QMatrix range    [1e+00, 1e+00]
  QLMatrix range   [1e+00, 1e+00]
  Objective range  [1e+00, 1e+00]
  Bounds range     [5e-01, 1e+00]
  RHS range        [1e+00, 1e+00]

Found heuristic solution: objective -0.0000000
Presolve time: 0.00s
Presolved: 341 rows, 112 columns, 1210 nonzeros
Presolved model has 50 bilinear constraint(s)

Solving non-convex MIQCP to global optimality

Variable types: 66 continuous, 46 integer (46 binary)
Found heuristic solution: objective 0.0000000
Root relaxation presolve removed 50 rows and 1 columns
Root relaxation presolved: 291 rows, 111 columns, 1160 nonzeros


Root relaxation: objective 8.333333e-02, 139 iterations, 0.00 seconds (0.00 work units)

    Nodes    |    Current Node    |     Objective Bounds      |     Work
 Expl Unexpl |  Obj  Depth IntInf | Incumbent    BestBd   Gap | It/Node Time

     0     0    0.08333    0   49    0.00000    0.08333      -     -    0s
     0     0    0.08333    0   57    0.00000    0.08333      -     -    0s
     0     0    0.08333    0   72    0.00000    0.08333      -     -    0s
     0     0    0.08333    0   55    0.00000    0.08333      -     -    0s
     0     0    0.08333    0   47    0.00000    0.08333      -     -    0s
     0     0    0.08333    0   55    0.00000    0.08333      -     -    0s
     0     0    0.08333    0   55    0.00000    0.08333      -     -    0s
     0     0    0.08333    0   55    0.00000    0.08333      -     -    0s
     0     0    0.08333    0   54    0.00000    0.08333      -     -    0s
     0     0    0.08333    0   41    0.00000    0.08333      -     -    0s
     0     0    0.08333    0   41    0.00000    0.08333      -     -    0s
     0     2    0.08333    0   41    0.00000    0.08333      -     -    0s
*  523   540              82       0.0000001    0.08333      -  13.7    0s
*  534   540              76       0.0000004    0.08333      -  13.5    0s
H  810   775                       0.0000004    0.07993      -  16.3    0s
H 1171   962                       0.0000005    0.07895      -  16.5    1s
H 1178   917                       0.0002196    0.05479      -  16.4    1s
H 1178   871                       0.0002298    0.05479      -  16.4    1s
H 1675  1027                       0.0040248    0.05479  1261%  19.3    2s
H 1720  1009                       0.0041473    0.05479  1221%  19.4    2s
H 1960  1058                       0.0054942    0.05479   897%  20.1    2s
H 2089  1073                       0.0054947    0.05479   897%  20.1    2s
H 2091   924                       0.0092068    0.05479   495%  20.1    2s
H 2337  1007                       0.0092068    0.05479   495%  22.1    2s
H 3033  1150                       0.0092071    0.05479   495%  25.2    2s
H 4415  1706                       0.0108657    0.05479   404%  26.9    3s
  6987  2961     cutoff   44         0.01087    0.05274   385%  28.3    5s
 20153  7884    0.01156   35   48    0.01087    0.04692   332%  32.6   10s
 33236 12547    0.03008   32   56    0.01087    0.04444   309%  36.2   15s
 49783 17983    0.01098   39   34    0.01087    0.04246   291%  37.6   20s
 65981 22699    0.01404   25   55    0.01087    0.04098   277%  38.4   25s
 83353 27690    0.01380   37   44    0.01087    0.03970   265%  38.7   30s
 99788 32327     cutoff   40         0.01087    0.03865   256%  39.0   35s
 116733 36999     cutoff   44         0.01087    0.03779   248%  39.1   40s
 133793 41423     cutoff   36         0.01087    0.03701   241%  39.1   45s
 150741 45949     cutoff   42         0.01087    0.03645   235%  39.1   50s
 166814 50066    0.01136   44   53    0.01087    0.03597   231%  39.1   55s
H180475 52885                       0.0112567    0.03550   215%  39.0   58s
H180635 52870                       0.0112567    0.03549   215%  39.0   59s
 181666 53133    0.02108   32   56    0.01126    0.03547   215%  39.0   60s
 197085 57110    0.01640   33   46    0.01126    0.03497   211%  39.0   65s
 214230 61639    0.03431   30   61    0.01126    0.03447   206%  39.0   70s
 231009 65589     cutoff   42         0.01126    0.03403   202%  38.9   75s
 248709 69525    0.01407   38   46    0.01126    0.03358   198%  38.9   80s
 265170 73414    0.01931   32   53    0.01126    0.03323   195%  38.8   85s
H280742 63744                       0.0145884    0.03289   125%  38.8   89s
H281090 63666                       0.0145884    0.03288   125%  38.8   89s
H281226 63690                       0.0145884    0.03288   125%  38.8   89s
 281486 63762    0.01958   33   44    0.01459    0.03288   125%  38.8   90s
 296038 66074    0.01681   42   56    0.01459    0.03251   123%  38.7   95s
 313256 68570    0.02302   35   57    0.01459    0.03212   120%  38.6  100s
 330903 71072    0.01802   39   52    0.01459    0.03175   118%  38.5  105s
 348323 73577     cutoff   37         0.01459    0.03139   115%  38.4  110s
 365992 75931     cutoff   36         0.01459    0.03106   113%  38.3  115s
 383505 78217     cutoff   38         0.01459    0.03074   111%  38.2  120s
H394696 79647                       0.0145884    0.03057   110%  38.2  123s
 394697 80159    0.02006   38   50    0.01459    0.03057   110%  38.2  125s
 413607 82060     cutoff   42         0.01459    0.03025   107%  38.1  130s
 429034 83998    0.01573   40   41    0.01459    0.03001   106%  38.0  135s
 445380 85965    0.01603   37   59    0.01459    0.02979   104%  38.0  140s
 462291 87834    0.01869   34   56    0.01459    0.02955   103%  37.9  145s
 480169 89720     cutoff   38         0.01459    0.02929   101%  37.8  150s
 497941 91621     cutoff   40         0.01459    0.02908  99.3%  37.7  155s
 516129 93695     cutoff   38         0.01459    0.02885  97.7%  37.6  160s
 534121 95860     cutoff   42         0.01459    0.02863  96.3%  37.5  165s
 547727 97235    0.02172   40   55    0.01459    0.02847  95.1%  37.5  170s
 565543 99038    0.01659   36   54    0.01459    0.02825  93.7%  37.4  175s
 583560 100949    0.01486   35   55    0.01459    0.02806  92.3%  37.4  180s
 602052 102864    0.01491   31   57    0.01459    0.02786  91.0%  37.3  185s
 619935 104632     cutoff   38         0.01459    0.02767  89.7%  37.2  190s
 637793 106262    0.01628   38   44    0.01459    0.02749  88.4%  37.1  195s

Cutting planes:
  Gomory: 26
  Lift-and-project: 1
  Implied bound: 41
  MIR: 19
  Flow cover: 107
  Inf proof: 2
  RLT: 105
  Relax-and-lift: 37
  BQP: 32

Explored 644899 nodes (23940921 simplex iterations) in 196.87 seconds (221.75 work units)
Thread count was 4 (of 4 available processors)

Solution count 10: 0.0145884 0.0112567 0.0108657 ... 0.0040248

Optimization achieved user objective limit
Best objective 1.458842128263e-02, best bound 2.742380099174e-02, gap 87.9833%
{"verdict": "PROVED", "status": "BOUND_REACHED", "runtime": 196.86885595321655, "objval": 0.014588421282632432, "objbound": 0.027423800991743096, "binaries": 46}
