Set parameter NodefileStart to value 6
Read parameters from file gurobi.env
Restricted license - for non-production use only - expires 2027-11-29
Set parameter OutputFlag to value 1
Set parameter Threads to value 4
Set parameter TimeLimit to value 360
Set parameter MIPGap to value 5e-05
Set parameter MIPFocus to value 2
Set parameter NonConvex to value 2
Set parameter BestBdStop to value 2.7426211734693878e-02
Gurobi Optimizer version 13.0.3 build v13.0.3rc0 (linux64 - "Ubuntu 24.04.5 LTS")

CPU model: Intel(R) Xeon(R) 6973P-C, instruction set [SSE2|AVX|AVX2|AVX512]
Thread count: 2 physical cores, 4 logical processors, using up to 4 threads

Non-default parameters:
TimeLimit  360
BestBdStop  2.7426211734693878e-02
MIPGap  5e-05
MIPFocus  2
NodefileStart  6
NonConvex  2
Threads  4

Optimize a model with 141 rows, 111 columns and 810 nonzeros (Max)
Model fingerprint: 0x966ddaf2
Model has 1 linear objective coefficients
Model has 50 quadratic constraints
Variable types: 65 continuous, 46 integer (46 binary)
Coefficient statistics:
  Matrix range     [5e-01, 1e+00]
  QMatrix range    [1e+00, 1e+00]
  QLMatrix range   [1e+00, 1e+00]
  Objective range  [1e+00, 1e+00]
  Bounds range     [5e-01, 1e+00]
  RHS range        [1e+00, 1e+00]

Found heuristic solution: objective -0.0000000
Presolve time: 0.00s
Presolved: 341 rows, 112 columns, 1210 nonzeros
Presolved model has 50 bilinear constraint(s)

Solving non-convex MIQCP to global optimality

Variable types: 66 continuous, 46 integer (46 binary)
Found heuristic solution: objective 0.0000000
Root relaxation presolve removed 50 rows and 1 columns
Root relaxation presolved: 291 rows, 111 columns, 1160 nonzeros


Root relaxation: objective 8.333333e-02, 146 iterations, 0.00 seconds (0.00 work units)

    Nodes    |    Current Node    |     Objective Bounds      |     Work
 Expl Unexpl |  Obj  Depth IntInf | Incumbent    BestBd   Gap | It/Node Time

     0     0    0.08333    0   48    0.00000    0.08333      -     -    0s
     0     0    0.07143    0   65    0.00000    0.07143      -     -    0s
     0     0    0.07143    0   63    0.00000    0.07143      -     -    0s
     0     0    0.07143    0   57    0.00000    0.07143      -     -    0s
     0     0    0.07143    0   47    0.00000    0.07143      -     -    0s
     0     0    0.07143    0   45    0.00000    0.07143      -     -    0s
     0     0    0.07143    0   43    0.00000    0.07143      -     -    0s
     0     0    0.07143    0   43    0.00000    0.07143      -     -    0s
     0     2    0.07143    0   43    0.00000    0.07143      -     -    0s
*  628   594              84       0.0000000    0.07143      -  16.8    0s
*  838   795             131       0.0000001    0.07143      -  17.3    0s
*  857   795             140       0.0000001    0.07143      -  16.9    0s
H  901   791                       0.0000002    0.07143      -  16.8    0s
H 1041   825                       0.0000004    0.07143      -  16.6    0s
H 1097   886                       0.0000005    0.07143      -  16.6    0s
* 5026  3243              69       0.0000007    0.06680      -  24.5    3s
* 9540  6796              97       0.0000007    0.06458      -  26.6    4s
H10090  7203                       0.0000008    0.06358      -  26.5    4s
 14593 10596    0.00001   91   37    0.00000    0.06107      -  26.6    5s
H16067 11371                       0.0000009    0.06077      -  26.0    5s
H30487 21556                       0.0000009    0.05732      -  24.7    9s
H34246 23922                       0.0000009    0.05681      -  24.3    9s
 35155 24417    0.00328   41   27    0.00000    0.05681      -  24.3   11s
 62271 43643    0.00000   80   35    0.00000    0.05523      -  24.3   15s
H81888 57460                       0.0000009    0.05431      -  25.1   19s
 83697 59025    0.00539   53   51    0.00000    0.05427      -  25.4   20s
 107451 75598     cutoff  103         0.00000    0.05324      -  26.4   25s
 131290 92101    0.00001   87   45    0.00000    0.05232      -  26.7   30s
 151573 106405    0.00017   51   54    0.00000    0.05164      -  27.2   35s
 174498 123018    0.00000   78   29    0.00000    0.05126      -  27.5   40s
 194834 137644    0.01183   43   52    0.00000    0.05086      -  27.8   45s
 213358 150486    0.03543   36   52    0.00000    0.05054      -  28.1   50s
 235926 165634    0.01382   36   52    0.00000    0.05016      -  28.4   55s
 258154 180649    0.01658   39   50    0.00000    0.04992      -  28.6   60s
 278592 194939    0.03896   33   51    0.00000    0.04966      -  28.7   65s
 307779 215425    0.04331   36   52    0.00000    0.04937      -  28.8   70s
H311164 217531                       0.0000009    0.04933      -  28.8   71s
 316605 221794    0.03000   39   52    0.00000    0.04924      -  28.8   75s
 341203 238485    0.00512   52   50    0.00000    0.04891      -  29.0   80s
 361592 252783    0.00653   51   50    0.00000    0.04876      -  29.0   85s
 385713 269599     cutoff   84         0.00000    0.04853      -  29.1   90s
 407665 284760    0.00013   77   42    0.00000    0.04832      -  29.2   95s
 427162 298599    0.00004   86   43    0.00000    0.04814      -  29.3  100s
 442798 309064    0.02292   37   45    0.00000    0.04801      -  29.3  105s
 464931 324354    0.00012   65   50    0.00000    0.04782      -  29.4  110s
 485598 338183    0.00005   63   47    0.00000    0.04764      -  29.5  115s
H486295 337323                       0.0000010    0.04763      -  29.5  115s
 509310 352538     cutoff   87         0.00000    0.04743      -  29.5  120s
 525811 362928    0.00020   68   50    0.00000    0.04731      -  29.5  125s
 546153 376676    0.00006   84   50    0.00000    0.04717      -  29.5  130s
 570828 392892    0.00000   82   48    0.00000    0.04695      -  29.6  135s
 594053 408298    0.00002   60   50    0.00000    0.04676      -  29.6  140s
 615590 422875    0.00002   80   42    0.00000    0.04662      -  29.6  146s
 635114 436160    0.00011   71   50    0.00000    0.04650      -  29.7  150s
 654180 449095    0.00001   77   37    0.00000    0.04637      -  29.7  155s
 676257 464145     cutoff   63         0.00000    0.04626      -  29.7  160s
 698883 479518    0.00007   72   50    0.00000    0.04617      -  29.7  165s
 712505 488718    0.01174   44   50    0.00000    0.04609      -  29.7  170s
 733656 503053    0.03191   31   55    0.00000    0.04598      -  29.8  175s
 753563 516291    0.02214   35   50    0.00000    0.04586      -  29.8  180s
 774251 530252    0.00047   59   44    0.00000    0.04575      -  29.8  185s
 797115 544920    0.00429   41   50    0.00000    0.04559      -  29.8  190s
 818771 560001    0.03159   36   52    0.00000    0.04548      -  29.9  195s
 842978 576138    0.01081   35   50    0.00000    0.04544      -  30.0  200s
 863494 589166    0.00000   71   21    0.00000    0.04532      -  30.0  205s
 886693 604167    0.00001   72   44    0.00000    0.04519      -  30.0  210s
 907245 617983    0.00885   41   51    0.00000    0.04513      -  30.0  215s
 930633 633065    0.00000   92   42    0.00000    0.04503      -  30.1  220s
 951932 647326    0.00049   65   44    0.00000    0.04496      -  30.1  225s
 974306 661989    0.01409   42   50    0.00000    0.04485      -  30.1  230s
 992550 674703    0.01069   44   50    0.00000    0.04479      -  30.1  235s
 1005930 683691    0.01136   40   50    0.00000    0.04474      -  30.1  240s
 1026285 697386    0.00905   43   50    0.00000    0.04467      -  30.1  245s
 1049404 712191    0.00081   48   44    0.00000    0.04460      -  30.1  250s
 1070985 726900     cutoff   73         0.00000    0.04453      -  30.2  255s
 1091706 740529    0.00155   43   57    0.00000    0.04451      -  30.2  261s
 1111930 754085    0.00000   85   37    0.00000    0.04444      -  30.2  266s
 1126841 764224    0.02829   34   51    0.00000    0.04439      -  30.2  270s
 1149967 779802    0.00813   52   52    0.00000    0.04433      -  30.3  275s
 1171442 793630    0.03610   34   50    0.00000    0.04425      -  30.3  280s
 1187877 804310    0.00065   60   50    0.00000    0.04420      -  30.3  285s
 1212937 820730    0.00323   56   50    0.00000    0.04413      -  30.3  290s
 1237622 837621    0.00003   62   50    0.00000    0.04405      -  30.3  295s
 1260627 852594    0.01084   44   51    0.00000    0.04398      -  30.3  300s
 1280263 865428    0.00142   51   49    0.00000    0.04393      -  30.3  305s
 1304804 881227    0.00771   42   51    0.00000    0.04384      -  30.3  310s
 1314091 886991    0.00022   68   51    0.00000    0.04381      -  30.4  315s
 1325788 894882    0.00476   54   51    0.00000    0.04378      -  30.4  320s
 1353109 913358    0.00065   53   50    0.00000    0.04371      -  30.4  325s
 1376199 928227    0.00000   97   24    0.00000    0.04365      -  30.4  330s
 1398970 943102    0.00001   64   46    0.00000    0.04359      -  30.4  337s
 1415585 953997    0.00036   58   52    0.00000    0.04353      -  30.4  340s
 1439365 969423    0.00784   47   53    0.00000    0.04346      -  30.4  345s
 1462039 984640    0.00139   48   50    0.00000    0.04340      -  30.4  350s
 1486789 1000825    0.04311   26   53    0.00000    0.04335      -  30.4  355s
 1509281 1014966    0.00000   99   33    0.00000    0.04328      -  30.4  360s

Cutting planes:
  Gomory: 6
  Implied bound: 10
  MIR: 6
  Flow cover: 22
  RLT: 93
  Relax-and-lift: 14
  BQP: 35

Explored 1509468 nodes (45897475 simplex iterations) in 360.00 seconds (417.93 work units)
Thread count was 4 (of 4 available processors)

Solution count 10: 9.9036e-07 9.9036e-07 9.07692e-07 ... 6.63818e-07

Time limit reached
Best objective 9.903601507729e-07, best bound 4.327992555275e-02, gap -
{"verdict": "UNRESOLVED", "status": "TIME_LIMIT", "runtime": 360.0018849372864, "objval": 9.903601507729406e-07, "objbound": 0.043279925552754527, "binaries": 46}
