Set parameter NodefileStart to value 6
Read parameters from file gurobi.env
Restricted license - for non-production use only - expires 2027-11-29
Set parameter OutputFlag to value 1
Set parameter Threads to value 4
Set parameter TimeLimit to value 360
Set parameter MIPGap to value 5e-05
Set parameter MIPFocus to value 2
Set parameter NonConvex to value 2
Set parameter BestBdStop to value 2.7426211734693878e-02
Gurobi Optimizer version 13.0.3 build v13.0.3rc0 (linux64 - "Ubuntu 24.04.5 LTS")

CPU model: AMD EPYC 7763 64-Core Processor, instruction set [SSE2|AVX|AVX2]
Thread count: 2 physical cores, 4 logical processors, using up to 4 threads

Non-default parameters:
TimeLimit  360
BestBdStop  2.7426211734693878e-02
MIPGap  5e-05
MIPFocus  2
NodefileStart  6
NonConvex  2
Threads  4

Optimize a model with 141 rows, 111 columns and 810 nonzeros (Max)
Model fingerprint: 0x1bb6259a
Model has 1 linear objective coefficients
Model has 50 quadratic constraints
Variable types: 65 continuous, 46 integer (46 binary)
Coefficient statistics:
  Matrix range     [5e-01, 1e+00]
  QMatrix range    [1e+00, 1e+00]
  QLMatrix range   [1e+00, 1e+00]
  Objective range  [1e+00, 1e+00]
  Bounds range     [5e-01, 1e+00]
  RHS range        [1e+00, 1e+00]

Found heuristic solution: objective -0.0000000
Presolve time: 0.00s
Presolved: 341 rows, 112 columns, 1210 nonzeros
Presolved model has 50 bilinear constraint(s)

Solving non-convex MIQCP to global optimality

Variable types: 66 continuous, 46 integer (46 binary)
Root relaxation presolve removed 50 rows and 1 columns
Root relaxation presolved: 291 rows, 111 columns, 1160 nonzeros


Root relaxation: objective 8.333333e-02, 114 iterations, 0.00 seconds (0.00 work units)

    Nodes    |    Current Node    |     Objective Bounds      |     Work
 Expl Unexpl |  Obj  Depth IntInf | Incumbent    BestBd   Gap | It/Node Time

     0     0    0.08333    0   49   -0.00000    0.08333      -     -    0s
     0     0    0.07143    0   70   -0.00000    0.07143      -     -    0s
     0     0    0.07143    0   60   -0.00000    0.07143      -     -    0s
     0     0    0.07143    0   71   -0.00000    0.07143      -     -    0s
     0     0    0.07143    0   36   -0.00000    0.07143      -     -    0s
     0     0    0.07143    0   50   -0.00000    0.07143      -     -    0s
     0     0    0.07143    0   43   -0.00000    0.07143      -     -    0s
     0     0    0.07143    0   50   -0.00000    0.07143      -     -    0s
     0     0    0.07143    0   50   -0.00000    0.07143      -     -    0s
     0     0    0.07143    0   50   -0.00000    0.07143      -     -    0s
     0     2    0.07143    0   50   -0.00000    0.07143      -     -    0s
H  221   246                       0.0000002    0.07143      -  25.6    0s
*  898   811             120       0.0000003    0.07143      -  19.6    0s
H 1177   985                       0.0000004    0.07143      -  19.9    1s
H 1178   936                       0.0000006    0.07143      -  19.9    1s
H 1694  1277                       0.0007404    0.06174  8239%  22.0    2s
* 1970  1200             132       0.0019841    0.06174  3012%  21.4    2s
H 2257  1248                       0.0019842    0.06174  3012%  21.9    2s
H 2292  1178                       0.0026707    0.06174  2212%  22.4    2s
H 2840  1372                       0.0032621    0.06174  1793%  25.5    2s
H 3070  1157                       0.0054310    0.06174  1037%  25.5    2s
H 3140   925                       0.0082714    0.06174   646%  25.6    2s
H 3183   962                       0.0082747    0.06174   646%  25.8    2s
H 3559  1038                       0.0116874    0.06174   428%  26.6    2s
H 4640  1482                       0.0128576    0.06011   368%  29.4    3s
H 8041  2715                       0.0147174    0.05538   276%  33.5    4s
H 8061  2409                       0.0183748    0.05538   201%  33.4    4s
H 8389  2461                       0.0183748    0.05497   199%  33.5    4s
 10337  3012    0.03689   31   58    0.01837    0.05334   190%  34.7    5s
 23621  6939    0.02045   34   59    0.01837    0.04723   157%  37.2   10s
 39340 11016    0.02511   44   58    0.01837    0.04425   141%  37.0   15s
 57656 15653    0.02358   32   57    0.01837    0.04210   129%  36.6   20s
 76575 20403    0.01967   38   48    0.01837    0.04078   122%  36.3   25s
 96520 25152 infeasible   37         0.01837    0.03960   115%  35.9   30s
 116715 29457     cutoff   36         0.01837    0.03858   110%  35.5   35s
 135883 33822     cutoff   42         0.01837    0.03786   106%  35.3   40s
 156274 37819    0.02087   38   51    0.01837    0.03724   103%  35.0   45s
 176813 41685     cutoff   34         0.01837    0.03665  99.4%  34.7   50s
 197311 44895    0.02327   35   43    0.01837    0.03616  96.8%  34.4   55s
H197327 39793                       0.0205450    0.03616  76.0%  34.4   55s
H198689 39470                       0.0207443    0.03613  74.2%  34.4   55s
 212480 41088    0.02143   41   55    0.02074    0.03577  72.4%  34.2   60s
 234335 43349    0.03144   32   56    0.02074    0.03528  70.1%  33.9   65s
 255797 45561    0.02660   35   56    0.02074    0.03483  67.9%  33.6   70s
H260924 45955                       0.0207444    0.03473  67.4%  33.5   71s
 272464 47166    0.02626   33   60    0.02074    0.03451  66.3%  33.3   75s
 293591 49011    0.03017   36   54    0.02074    0.03414  64.6%  33.2   80s
 315107 50902    0.02569   33   55    0.02074    0.03380  63.0%  33.0   85s
 336680 52610    0.02927   33   55    0.02074    0.03347  61.4%  32.8   90s
 357993 54264    0.02273   35   54    0.02074    0.03317  59.9%  32.6   95s
 379966 55796    0.02154   35   54    0.02074    0.03284  58.3%  32.4  100s
 401188 57490     cutoff   36         0.02074    0.03255  56.9%  32.2  105s
 419647 58458 infeasible   32         0.02074    0.03230  55.7%  32.1  110s
 441736 59725    0.02126   35   54    0.02074    0.03200  54.3%  31.9  115s
 463088 60676    0.02918   36   51    0.02074    0.03174  53.0%  31.8  120s
 485107 61629     cutoff   37         0.02074    0.03147  51.7%  31.6  125s
 505127 62405     cutoff   36         0.02074    0.03124  50.6%  31.5  130s
 527291 63169     cutoff   40         0.02074    0.03099  49.4%  31.3  135s
 549768 63798    0.02798   36   51    0.02074    0.03074  48.2%  31.2  140s
 572086 64467     cutoff   35         0.02074    0.03050  47.0%  31.0  145s
 590713 64893     cutoff   36         0.02074    0.03031  46.1%  30.9  150s
 612597 65339    0.02113   42   43    0.02074    0.03008  45.0%  30.8  155s
 635481 65657     cutoff   38         0.02074    0.02984  43.8%  30.6  160s
 658284 66124    0.02183   26   57    0.02074    0.02961  42.7%  30.5  165s
 681080 66711     cutoff   44         0.02074    0.02940  41.7%  30.3  170s
 704141 66771     cutoff   41         0.02074    0.02916  40.6%  30.2  175s
 726516 66746    0.02320   35   52    0.02074    0.02895  39.5%  30.1  180s
 749454 66581 infeasible   39         0.02074    0.02873  38.5%  30.0  185s
 772618 66603    0.02132   40   54    0.02074    0.02851  37.5%  29.8  190s
 795103 66339     cutoff   43         0.02074    0.02830  36.4%  29.7  195s
 814737 66161    0.02811   33   51    0.02074    0.02812  35.6%  29.6  200s
 838449 65830     cutoff   42         0.02074    0.02790  34.5%  29.5  205s
 861711 65121     cutoff   35         0.02074    0.02769  33.5%  29.3  210s
 885876 65161    0.02483   31   59    0.02074    0.02748  32.5%  29.2  215s

Cutting planes:
  Gomory: 10
  Implied bound: 17
  MIR: 16
  Flow cover: 56
  RLT: 118
  Relax-and-lift: 14
  BQP: 26

Explored 891913 nodes (25993187 simplex iterations) in 216.27 seconds (237.78 work units)
Thread count was 4 (of 4 available processors)

Solution count 10: 0.0207444 0.020545 0.0183748 ... 0.00326208

Optimization achieved user objective limit
Best objective 2.074439724337e-02, best bound 2.742553998174e-02, gap 32.2070%
{"verdict": "PROVED", "status": "BOUND_REACHED", "runtime": 216.26678895950317, "objval": 0.020744397243369128, "objbound": 0.027425539981737166, "binaries": 46}
