Set parameter NodefileStart to value 6
Read parameters from file gurobi.env
Restricted license - for non-production use only - expires 2027-11-29
Set parameter OutputFlag to value 1
Set parameter Threads to value 4
Set parameter TimeLimit to value 360
Set parameter MIPGap to value 5e-05
Set parameter MIPFocus to value 2
Set parameter NonConvex to value 2
Set parameter BestBdStop to value 2.7426211734693878e-02
Gurobi Optimizer version 13.0.3 build v13.0.3rc0 (linux64 - "Ubuntu 24.04.5 LTS")

CPU model: AMD EPYC 7763 64-Core Processor, instruction set [SSE2|AVX|AVX2]
Thread count: 2 physical cores, 4 logical processors, using up to 4 threads

Non-default parameters:
TimeLimit  360
BestBdStop  2.7426211734693878e-02
MIPGap  5e-05
MIPFocus  2
NodefileStart  6
NonConvex  2
Threads  4

Optimize a model with 129 rows, 99 columns and 714 nonzeros (Max)
Model fingerprint: 0x27bd7fb2
Model has 1 linear objective coefficients
Model has 50 quadratic constraints
Variable types: 65 continuous, 34 integer (34 binary)
Coefficient statistics:
  Matrix range     [5e-01, 1e+00]
  QMatrix range    [1e+00, 1e+00]
  QLMatrix range   [1e+00, 1e+00]
  Objective range  [1e+00, 1e+00]
  Bounds range     [5e-01, 1e+00]
  RHS range        [1e+00, 1e+00]

Found heuristic solution: objective -0.0000000
Presolve time: 0.00s
Presolved: 329 rows, 100 columns, 1114 nonzeros
Presolved model has 50 bilinear constraint(s)

Solving non-convex MIQCP to global optimality

Variable types: 66 continuous, 34 integer (34 binary)
Root relaxation presolve removed 50 rows and 1 columns
Root relaxation presolved: 279 rows, 99 columns, 1064 nonzeros


Root relaxation: objective 1.250000e-01, 125 iterations, 0.00 seconds (0.00 work units)

    Nodes    |    Current Node    |     Objective Bounds      |     Work
 Expl Unexpl |  Obj  Depth IntInf | Incumbent    BestBd   Gap | It/Node Time

     0     0    0.12500    0   51   -0.00000    0.12500      -     -    0s
     0     0    0.10000    0   52   -0.00000    0.10000      -     -    0s
     0     0    0.08333    0   51   -0.00000    0.08333      -     -    0s
     0     0    0.08311    0   62   -0.00000    0.08311      -     -    0s
     0     0    0.08311    0   66   -0.00000    0.08311      -     -    0s
     0     0    0.07991    0   61   -0.00000    0.07991      -     -    0s
     0     0    0.07991    0   61   -0.00000    0.07991      -     -    0s
     0     0    0.07764    0   65   -0.00000    0.07764      -     -    0s
     0     0    0.07692    0   67   -0.00000    0.07692      -     -    0s
     0     0    0.07692    0   67   -0.00000    0.07692      -     -    0s
     0     0    0.07692    0   67   -0.00000    0.07692      -     -    0s
     0     0    0.07692    0   67   -0.00000    0.07692      -     -    0s
     0     0    0.07692    0   66   -0.00000    0.07692      -     -    0s
     0     2    0.07692    0   65   -0.00000    0.07692      -     -    0s
H   43    46                       0.0000000    0.07692      -  23.1    0s
H   66    86                       0.0000000    0.07692      -  23.0    0s
H   81    86                       0.0000000    0.07692      -  24.3    0s
H   81    86                       0.0000000    0.07692      -  24.3    0s
H  109   117                       0.0000000    0.07692      -  28.0    0s
H  257   267                       0.0000001    0.07692      -  32.3    0s
H  596   560                       0.0000001    0.07500      -  28.5    0s
*  622   556              96       0.0000002    0.07500      -  28.9    0s
* 1728  1283              86       0.0000003    0.04183      -  34.5    2s
* 1801  1261              94       0.0000003    0.04183      -  34.2    2s
* 1990  1267              88       0.0000003    0.04183      -  34.7    2s
* 1998  1221              91       0.0000003    0.04183      -  34.6    2s
* 2001  1176              93       0.0000004    0.04183      -  34.5    2s
* 2002  1136              93       0.0000004    0.04183      -  34.5    2s
H 3068  1643                       0.0000004    0.04183      -  37.7    2s
H 4327  2521                       0.0000004    0.04183      -  37.8    3s
H 9133  5962                       0.0000005    0.03882      -  34.7    4s
  9899  6702    0.01101   27   51    0.00000    0.03820      -  34.8    5s
 25865 17469    0.00001   61   49    0.00000    0.03183      -  34.9   10s
 42000 28065    0.00001   74   32    0.00000    0.02948      -  35.0   15s
 61077 39896    0.00010   49   50    0.00000    0.02793      -  34.5   20s

Cutting planes:
  Gomory: 15
  Implied bound: 2
  MIR: 1
  Flow cover: 9
  RLT: 73
  Relax-and-lift: 1
  BQP: 9

Explored 66123 nodes (2283959 simplex iterations) in 21.20 seconds (20.63 work units)
Thread count was 4 (of 4 available processors)

Solution count 10: 5.11528e-07 4.23644e-07 3.80894e-07 ... 2.08867e-07

Optimization achieved user objective limit
Best objective 5.115282641355e-07, best bound 2.741627265962e-02, gap -
{"verdict": "PROVED", "status": "BOUND_REACHED", "runtime": 21.205456018447876, "objval": 5.115282641354747e-07, "objbound": 0.0274162726596153, "binaries": 34}
