Set parameter NodefileStart to value 6
Read parameters from file gurobi.env
Restricted license - for non-production use only - expires 2027-11-29
Set parameter OutputFlag to value 1
Set parameter Threads to value 4
Set parameter TimeLimit to value 360
Set parameter MIPGap to value 5e-05
Set parameter MIPFocus to value 2
Set parameter NonConvex to value 2
Set parameter BestBdStop to value 2.7426211734693878e-02
Gurobi Optimizer version 13.0.3 build v13.0.3rc0 (linux64 - "Ubuntu 24.04.5 LTS")

CPU model: AMD EPYC 7763 64-Core Processor, instruction set [SSE2|AVX|AVX2]
Thread count: 2 physical cores, 4 logical processors, using up to 4 threads

Non-default parameters:
TimeLimit  360
BestBdStop  2.7426211734693878e-02
MIPGap  5e-05
MIPFocus  2
NodefileStart  6
NonConvex  2
Threads  4

Optimize a model with 141 rows, 111 columns and 810 nonzeros (Max)
Model fingerprint: 0xdfb4acbe
Model has 1 linear objective coefficients
Model has 50 quadratic constraints
Variable types: 65 continuous, 46 integer (46 binary)
Coefficient statistics:
  Matrix range     [5e-01, 1e+00]
  QMatrix range    [1e+00, 1e+00]
  QLMatrix range   [1e+00, 1e+00]
  Objective range  [1e+00, 1e+00]
  Bounds range     [5e-01, 1e+00]
  RHS range        [1e+00, 1e+00]

Found heuristic solution: objective -0.0000000
Presolve time: 0.00s
Presolved: 341 rows, 112 columns, 1210 nonzeros
Presolved model has 50 bilinear constraint(s)

Solving non-convex MIQCP to global optimality

Variable types: 66 continuous, 46 integer (46 binary)
Root relaxation presolve removed 50 rows and 1 columns
Root relaxation presolved: 291 rows, 111 columns, 1160 nonzeros


Root relaxation: objective 8.333333e-02, 103 iterations, 0.00 seconds (0.00 work units)

    Nodes    |    Current Node    |     Objective Bounds      |     Work
 Expl Unexpl |  Obj  Depth IntInf | Incumbent    BestBd   Gap | It/Node Time

     0     0    0.08333    0   55   -0.00000    0.08333      -     -    0s
     0     0    0.08333    0   62   -0.00000    0.08333      -     -    0s
     0     0    0.08333    0   28   -0.00000    0.08333      -     -    0s
H    0     0                       0.0000000    0.08333      -     -    0s
     0     0    0.08333    0   25    0.00000    0.08333      -     -    0s
     0     0    0.08333    0   25    0.00000    0.08333      -     -    0s
     0     2    0.08333    0   25    0.00000    0.08333      -     -    0s
H  158   164                       0.0000001    0.08333      -  15.5    0s
H  994   844                       0.0000001    0.08333      -  23.9    0s
H 1106   931                       0.0000002    0.08333      -  24.6    0s
H 1128  1011                       0.0000002    0.08333      -  24.8    0s
H 1171  1011                       0.0000002    0.08333      -  24.9    0s
H 1216   963                       0.0000003    0.08333      -  24.9    1s
H 1216   915                       0.0000004    0.08333      -  24.9    1s
* 1709  1184              73       0.0000009    0.07264      -  22.6    1s
* 1710  1140              73       0.0000014    0.07264      -  22.6    1s
* 1970  1223             115       0.0000016    0.07264      -  21.7    1s
H 2832  1087                       0.0009206    0.07264  7791%  21.4    1s
H 2958  1111                       0.0011718    0.07264  6099%  21.9    1s
H 4104  1235                       0.0060956    0.07201  1081%  22.1    1s
H 5412  1855                       0.0066848    0.06774   913%  22.1    2s
H 5536  1930                       0.0066848    0.06738   908%  22.1    2s
H 7009  2758                       0.0068269    0.06651   874%  22.6    2s
H 7962  3178                       0.0069673    0.06522   836%  22.6    3s
H13727  5607                       0.0075795    0.06042   697%  24.4    4s
 15067  6350     cutoff   30         0.00758    0.05951   685%  24.6    5s
 33296 15001    0.01983   37   39    0.00758    0.05467   621%  27.4   10s
*48855 22139              80       0.0076277    0.05261   590%  28.0   13s
H49050 20669                       0.0092295    0.05255   469%  28.1   13s
H50336 20932                       0.0094360    0.05231   454%  28.4   13s
H50337 20688                       0.0096973    0.05231   439%  28.4   13s
H50340 20688                       0.0096973    0.05231   439%  28.4   13s
H51706 21191                       0.0097310    0.05210   435%  28.6   14s
H52995 21667                       0.0097333    0.05195   434%  28.8   14s
H53047 21776                       0.0097333    0.05195   434%  28.8   14s
 53340 21901    0.03762   27   46    0.00973    0.05191   433%  28.8   15s
H54075 21995                       0.0097335    0.05180   432%  28.9   15s
H54076 17460                       0.0145670    0.05180   256%  28.9   15s
H55113 16382                       0.0159044    0.05160   224%  29.1   15s
H55171 16470                       0.0159044    0.05160   224%  29.1   15s
H56440 16922                       0.0159044    0.05132   223%  29.2   16s
 70789 21328    0.01808   30   47    0.01590    0.04908   209%  30.2   20s
H70795 21073                       0.0161457    0.04908   204%  30.2   20s
*80322 23867              70       0.0162722    0.04804   195%  30.6   22s
*80324 23866              71       0.0162753    0.04804   195%  30.6   22s
*80328 23866              74       0.0162755    0.04804   195%  30.6   22s
*80329 23864              74       0.0162756    0.04804   195%  30.6   22s
*83884 24855              73       0.0163138    0.04775   193%  30.7   23s
*83888 24745              74       0.0164095    0.04775   191%  30.7   23s
H85469 21428                       0.0200103    0.04759   138%  30.8   24s
H85856 21504                       0.0200103    0.04754   138%  30.8   24s
 89090 22345    0.03317   30   51    0.02001    0.04719   136%  31.0   25s
H100694 24286                       0.0202813    0.04596   127%  31.2   28s
 108156 25987    0.04208   27   60    0.02028    0.04546   124%  31.4   30s
H121045 27928                       0.0205036    0.04457   117%  31.6   33s
 125115 28617    0.03742   34   57    0.02050    0.04429   116%  31.7   35s
 144569 31979    0.03919   27   57    0.02050    0.04319   111%  31.8   40s
 164484 35276    0.02187   40   51    0.02050    0.04221   106%  32.0   45s
 182014 37858    0.02202   31   55    0.02050    0.04138   102%  32.1   50s
 202163 40851    0.02857   33   55    0.02050    0.04062  98.1%  32.2   55s
 223542 43935    0.02833   37   54    0.02050    0.03982  94.2%  32.2   60s
 244845 46924    0.02377   35   52    0.02050    0.03920  91.2%  32.2   65s
 266218 49427     cutoff   43         0.02050    0.03856  88.1%  32.2   70s
 287125 52149    0.02767   29   50    0.02050    0.03801  85.4%  32.2   75s
 308628 54603    0.02535   36   60    0.02050    0.03748  82.8%  32.1   80s
 330186 57204    0.02071   44   33    0.02050    0.03702  80.5%  32.1   85s
 348123 59311    0.02258   37   56    0.02050    0.03666  78.8%  32.1   90s
 369208 61850    0.02961   34   52    0.02050    0.03624  76.8%  32.0   95s
 390351 63993     cutoff   38         0.02050    0.03585  74.9%  31.9  100s
 411350 66719     cutoff   35         0.02050    0.03551  73.2%  31.8  105s
 432974 68728    0.02443   31   46    0.02050    0.03514  71.4%  31.8  110s
 454792 70743    0.03124   35   48    0.02050    0.03482  69.8%  31.7  115s
 476841 72795    0.02394   36   59    0.02050    0.03451  68.3%  31.6  120s
 498654 74798    0.02544   33   57    0.02050    0.03422  66.9%  31.6  125s
 516627 76425     cutoff   36         0.02050    0.03400  65.8%  31.5  130s
 538450 78681    0.02412   37   56    0.02050    0.03376  64.6%  31.4  135s
 559322 80366    0.02310   31   59    0.02050    0.03351  63.4%  31.4  140s
H560697 80378                       0.0205180    0.03350  63.3%  31.4  140s
 578993 82193    0.02489   37   56    0.02052    0.03331  62.3%  31.3  145s
 600603 83668     cutoff   32         0.02052    0.03306  61.1%  31.2  150s
 621637 85410    0.02357   35   51    0.02052    0.03284  60.0%  31.1  155s
 644616 87402     cutoff   27         0.02052    0.03261  59.0%  31.0  160s
 666335 89134    0.02103   36   51    0.02052    0.03240  57.9%  30.9  165s
 689100 90862    0.03077   34   66    0.02052    0.03218  56.8%  30.9  170s
 706515 92265    0.02348   37   61    0.02052    0.03204  56.1%  30.8  175s
 729292 94262    0.02204   32   59    0.02052    0.03186  55.3%  30.7  180s
 751570 95958    0.03143   35   50    0.02052    0.03167  54.4%  30.6  185s
H765060 92923                       0.0210941    0.03157  49.7%  30.6  187s
H765453 92939                       0.0210941    0.03157  49.7%  30.6  188s
H765649 92957                       0.0210941    0.03156  49.6%  30.6  188s
H766242 93032                       0.0210941    0.03156  49.6%  30.6  188s
 771987 93365    0.02270   34   52    0.02109    0.03151  49.4%  30.6  190s
 794985 94566    0.02444   36   57    0.02109    0.03131  48.4%  30.5  195s
 815096 95732     cutoff   38         0.02109    0.03115  47.7%  30.4  200s
 837935 97031    0.03016   34   61    0.02109    0.03096  46.8%  30.3  205s
 860188 98240     cutoff   36         0.02109    0.03078  45.9%  30.2  210s
 883494 99208     cutoff   38         0.02109    0.03058  45.0%  30.1  215s
 905983 100356    0.02217   38   53    0.02109    0.03041  44.2%  30.0  220s
 925556 101393     cutoff   38         0.02109    0.03026  43.5%  29.9  225s
H947414 101750                       0.0211651    0.03010  42.2%  29.9  229s
H947529 101771                       0.0211651    0.03010  42.2%  29.9  229s
H948247 101804                       0.0211651    0.03010  42.2%  29.9  229s
 949038 101898    0.02561   31   57    0.02117    0.03009  42.2%  29.8  230s
H957029 102297                       0.0211651    0.03004  41.9%  29.8  232s
H957137 102297                       0.0211652    0.03004  41.9%  29.8  232s
 968773 102862     cutoff   39         0.02117    0.02996  41.6%  29.8  235s
 993098 103900    0.02784   37   61    0.02117    0.02980  40.8%  29.7  240s
 1016203 105149    0.02467   37   49    0.02117    0.02966  40.1%  29.6  245s
 1038853 106422    0.02811   30   56    0.02117    0.02953  39.5%  29.5  250s
 1063031 108183    0.02140   39   62    0.02117    0.02939  38.9%  29.4  255s
 1085931 109475    0.02231   41   56    0.02117    0.02927  38.3%  29.3  260s
 1111219 111487    0.02473   47   40    0.02117    0.02914  37.7%  29.1  265s
H1115921 111643                       0.0211652    0.02912  37.6%  29.1  266s
H1115929 111645                       0.0211652    0.02912  37.6%  29.1  266s
H1116387 111715                       0.0211652    0.02912  37.6%  29.1  266s
H1116733 111810                       0.0211653    0.02912  37.6%  29.1  266s
 1130335 112882    0.02904   34   53    0.02117    0.02905  37.3%  29.0  270s
 1155084 114509     cutoff   39         0.02117    0.02894  36.7%  28.9  275s
 1180107 116283    0.02138   47   56    0.02117    0.02883  36.2%  28.8  280s
 1205296 118241    0.02556   38   52    0.02117    0.02873  35.7%  28.7  285s
 1228552 120022    0.02572   44   53    0.02117    0.02864  35.3%  28.6  290s
 1254579 121768    0.02130   50   53    0.02117    0.02854  34.9%  28.5  295s
 1279562 123417     cutoff   39         0.02117    0.02846  34.5%  28.4  300s
 1300043 124875    0.02154   38   50    0.02117    0.02839  34.1%  28.3  305s
 1325372 126704     cutoff   53         0.02117    0.02831  33.8%  28.2  310s
 1350973 128708    0.02449   38   49    0.02117    0.02823  33.4%  28.1  315s
 1372488 130190     cutoff   44         0.02117    0.02817  33.1%  28.0  320s
 1398512 132107    0.02396   44   50    0.02117    0.02809  32.7%  27.9  325s
 1423656 133935     cutoff   38         0.02117    0.02801  32.3%  27.8  330s
 1448994 135622    0.02211   42   59    0.02117    0.02794  32.0%  27.7  335s
 1474248 137136    0.02261   43   42    0.02117    0.02788  31.7%  27.6  340s
 1499810 138638     cutoff   47         0.02117    0.02781  31.4%  27.6  345s
 1519946 140011     cutoff   36         0.02117    0.02776  31.2%  27.5  350s
 1546136 141505    0.02589   42   52    0.02117    0.02769  30.8%  27.4  355s
 1572006 142867     cutoff   41         0.02117    0.02762  30.5%  27.3  360s

Cutting planes:
  Gomory: 35
  Implied bound: 24
  MIR: 20
  Flow cover: 60
  Inf proof: 29
  RLT: 75
  Relax-and-lift: 16
  BQP: 25

Explored 1572311 nodes (42956249 simplex iterations) in 360.00 seconds (400.57 work units)
Thread count was 4 (of 4 available processors)

Solution count 10: 0.0211653 0.0211652 0.0211651 ... 0.0164095

Time limit reached
Best objective 2.116534215581e-02, best bound 2.762148925534e-02, gap 30.5034%
{"verdict": "UNRESOLVED", "status": "TIME_LIMIT", "runtime": 360.00228691101074, "objval": 0.02116534215581098, "objbound": 0.027621489255341004, "binaries": 46}
