Set parameter NodefileStart to value 6
Read parameters from file gurobi.env
Restricted license - for non-production use only - expires 2027-11-29
Set parameter OutputFlag to value 1
Set parameter Threads to value 4
Set parameter TimeLimit to value 360
Set parameter MIPGap to value 5e-05
Set parameter MIPFocus to value 2
Set parameter NonConvex to value 2
Set parameter BestBdStop to value 2.7426211734693878e-02
Gurobi Optimizer version 13.0.3 build v13.0.3rc0 (linux64 - "Ubuntu 24.04.5 LTS")

CPU model: INTEL(R) XEON(R) PLATINUM 8573C, instruction set [SSE2|AVX|AVX2|AVX512]
Thread count: 2 physical cores, 4 logical processors, using up to 4 threads

Non-default parameters:
TimeLimit  360
BestBdStop  2.7426211734693878e-02
MIPGap  5e-05
MIPFocus  2
NodefileStart  6
NonConvex  2
Threads  4

Optimize a model with 125 rows, 95 columns and 686 nonzeros (Max)
Model fingerprint: 0xfc16b40e
Model has 1 linear objective coefficients
Model has 50 quadratic constraints
Variable types: 65 continuous, 30 integer (30 binary)
Coefficient statistics:
  Matrix range     [5e-01, 1e+00]
  QMatrix range    [1e+00, 1e+00]
  QLMatrix range   [1e+00, 1e+00]
  Objective range  [1e+00, 1e+00]
  Bounds range     [5e-01, 1e+00]
  RHS range        [1e+00, 1e+00]

Found heuristic solution: objective -0.0000000
Presolve time: 0.00s
Presolved: 325 rows, 96 columns, 1086 nonzeros
Presolved model has 50 bilinear constraint(s)

Solving non-convex MIQCP to global optimality

Variable types: 66 continuous, 30 integer (30 binary)
Root relaxation presolve removed 50 rows and 1 columns
Root relaxation presolved: 275 rows, 95 columns, 1036 nonzeros


Root relaxation: objective 5.882353e-02, 145 iterations, 0.00 seconds (0.00 work units)

    Nodes    |    Current Node    |     Objective Bounds      |     Work
 Expl Unexpl |  Obj  Depth IntInf | Incumbent    BestBd   Gap | It/Node Time

     0     0    0.05882    0   57   -0.00000    0.05882      -     -    0s
     0     0    0.05000    0   48   -0.00000    0.05000      -     -    0s
     0     0    0.04981    0   55   -0.00000    0.04981      -     -    0s
     0     0    0.04967    0   54   -0.00000    0.04967      -     -    0s
     0     0    0.04938    0   55   -0.00000    0.04938      -     -    0s
     0     0    0.04938    0   55   -0.00000    0.04938      -     -    0s
     0     0    0.04545    0   50   -0.00000    0.04545      -     -    0s
     0     0    0.04500    0   54   -0.00000    0.04500      -     -    0s
     0     0    0.04500    0   40   -0.00000    0.04500      -     -    0s
     0     0    0.04500    0   40   -0.00000    0.04500      -     -    0s
     0     2    0.04500    0   40   -0.00000    0.04500      -     -    0s
H  395   333                       0.0000000    0.04444      -  24.1    0s
* 1151   948             105       0.0000002    0.04255      -  28.9    0s

Cutting planes:
  Gomory: 3
  RLT: 20
  BQP: 3

Explored 1370 nodes (42350 simplex iterations) in 1.02 seconds (0.77 work units)
Thread count was 4 (of 4 available processors)

Solution count 3: 1.59842e-07 7.15512e-09 -0 

Optimization achieved user objective limit
Best objective 1.598423392485e-07, best bound 2.712545435681e-02, gap -
{"verdict": "PROVED", "status": "BOUND_REACHED", "runtime": 1.016831874847412, "objval": 1.598423392484723e-07, "objbound": 0.0271254543568145, "binaries": 30}
