Set parameter NodefileStart to value 6
Read parameters from file gurobi.env
Restricted license - for non-production use only - expires 2027-11-29
Set parameter OutputFlag to value 1
Set parameter Threads to value 4
Set parameter TimeLimit to value 360
Set parameter MIPGap to value 5e-05
Set parameter MIPFocus to value 2
Set parameter NonConvex to value 2
Set parameter BestBdStop to value 2.7426211734693878e-02
Gurobi Optimizer version 13.0.3 build v13.0.3rc0 (linux64 - "Ubuntu 24.04.5 LTS")

CPU model: AMD EPYC 9V74 80-Core Processor, instruction set [SSE2|AVX|AVX2]
Thread count: 2 physical cores, 4 logical processors, using up to 4 threads

Non-default parameters:
TimeLimit  360
BestBdStop  2.7426211734693878e-02
MIPGap  5e-05
MIPFocus  2
NodefileStart  6
NonConvex  2
Threads  4

Optimize a model with 125 rows, 95 columns and 686 nonzeros (Max)
Model fingerprint: 0xa0961fd8
Model has 1 linear objective coefficients
Model has 50 quadratic constraints
Variable types: 65 continuous, 30 integer (30 binary)
Coefficient statistics:
  Matrix range     [5e-01, 1e+00]
  QMatrix range    [1e+00, 1e+00]
  QLMatrix range   [1e+00, 1e+00]
  Objective range  [1e+00, 1e+00]
  Bounds range     [5e-01, 1e+00]
  RHS range        [1e+00, 1e+00]

Found heuristic solution: objective -0.0000000
Presolve time: 0.00s
Presolved: 325 rows, 96 columns, 1086 nonzeros
Presolved model has 50 bilinear constraint(s)

Solving non-convex MIQCP to global optimality

Variable types: 66 continuous, 30 integer (30 binary)
Root relaxation presolve removed 50 rows and 1 columns
Root relaxation presolved: 275 rows, 95 columns, 1036 nonzeros


Root relaxation: objective 1.000000e-01, 106 iterations, 0.00 seconds (0.00 work units)

    Nodes    |    Current Node    |     Objective Bounds      |     Work
 Expl Unexpl |  Obj  Depth IntInf | Incumbent    BestBd   Gap | It/Node Time

     0     0    0.10000    0   43   -0.00000    0.10000      -     -    0s
     0     0    0.07500    0   55   -0.00000    0.07500      -     -    0s
     0     0    0.07051    0   51   -0.00000    0.07051      -     -    0s
     0     0    0.07051    0   51   -0.00000    0.07051      -     -    0s
     0     0    0.06818    0   49   -0.00000    0.06818      -     -    0s
     0     0    0.06818    0   49   -0.00000    0.06818      -     -    0s
     0     0    0.06818    0   48   -0.00000    0.06818      -     -    0s
     0     0    0.06818    0   47   -0.00000    0.06818      -     -    0s
     0     0    0.06818    0   44   -0.00000    0.06818      -     -    0s
     0     0    0.06818    0   50   -0.00000    0.06818      -     -    0s
     0     0    0.06818    0   49   -0.00000    0.06818      -     -    0s
     0     0    0.06818    0   49   -0.00000    0.06818      -     -    0s
     0     0    0.06818    0   49   -0.00000    0.06818      -     -    0s
     0     0    0.06818    0   49   -0.00000    0.06818      -     -    0s
     0     2    0.06818    0   49   -0.00000    0.06818      -     -    0s
*  979   817              65       0.0000000    0.06593      -  23.5    0s
H 1225   993                       0.0000000    0.06522      -  22.0    0s
H 1245   991                       0.0000001    0.06522      -  22.1    0s
H 1268   985                       0.0000003    0.06522      -  22.1    0s
H 1386   994                       0.0000003    0.05801      -  23.1    1s
H 1838  1178                       0.0000003    0.04312      -  25.0    1s
* 5729  3321              43       0.0000003    0.02884      -  23.1    2s

Cutting planes:
  Gomory: 5
  MIR: 4
  Flow cover: 20
  RLT: 42
  Relax-and-lift: 2
  BQP: 17

Explored 6893 nodes (154761 simplex iterations) in 3.12 seconds (2.15 work units)
Thread count was 4 (of 4 available processors)

Solution count 8: 3.47366e-07 3.2877e-07 3.09826e-07 ... -0

Optimization achieved user objective limit
Best objective 3.473663790461e-07, best bound 2.734853535526e-02, gap -
{"verdict": "PROVED", "status": "BOUND_REACHED", "runtime": 3.123292922973633, "objval": 3.473663790461425e-07, "objbound": 0.02734853535525558, "binaries": 30}
