Set parameter NodefileStart to value 6
Read parameters from file gurobi.env
Restricted license - for non-production use only - expires 2027-11-29
Set parameter OutputFlag to value 1
Set parameter Threads to value 4
Set parameter TimeLimit to value 360
Set parameter MIPGap to value 5e-05
Set parameter MIPFocus to value 2
Set parameter NonConvex to value 2
Set parameter BestBdStop to value 2.7426211734693878e-02
Gurobi Optimizer version 13.0.3 build v13.0.3rc0 (linux64 - "Ubuntu 24.04.5 LTS")

CPU model: AMD EPYC 9V74 80-Core Processor, instruction set [SSE2|AVX|AVX2|AVX512]
Thread count: 2 physical cores, 4 logical processors, using up to 4 threads

Non-default parameters:
TimeLimit  360
BestBdStop  2.7426211734693878e-02
MIPGap  5e-05
MIPFocus  2
NodefileStart  6
NonConvex  2
Threads  4

Optimize a model with 141 rows, 111 columns and 810 nonzeros (Max)
Model fingerprint: 0xd9c8d00a
Model has 1 linear objective coefficients
Model has 50 quadratic constraints
Variable types: 65 continuous, 46 integer (46 binary)
Coefficient statistics:
  Matrix range     [5e-01, 1e+00]
  QMatrix range    [1e+00, 1e+00]
  QLMatrix range   [1e+00, 1e+00]
  Objective range  [1e+00, 1e+00]
  Bounds range     [5e-01, 1e+00]
  RHS range        [1e+00, 1e+00]

Found heuristic solution: objective -0.0000000
Presolve time: 0.00s
Presolved: 341 rows, 112 columns, 1210 nonzeros
Presolved model has 50 bilinear constraint(s)

Solving non-convex MIQCP to global optimality

Variable types: 66 continuous, 46 integer (46 binary)
Root relaxation presolve removed 50 rows and 1 columns
Root relaxation presolved: 291 rows, 111 columns, 1160 nonzeros


Root relaxation: objective 8.333333e-02, 101 iterations, 0.00 seconds (0.00 work units)

    Nodes    |    Current Node    |     Objective Bounds      |     Work
 Expl Unexpl |  Obj  Depth IntInf | Incumbent    BestBd   Gap | It/Node Time

     0     0    0.08333    0   49   -0.00000    0.08333      -     -    0s
     0     0    0.06250    0   68   -0.00000    0.06250      -     -    0s
     0     0    0.06250    0   50   -0.00000    0.06250      -     -    0s
     0     0    0.06250    0   55   -0.00000    0.06250      -     -    0s
H    0     0                       0.0000002    0.06250      -     -    0s
     0     0    0.06250    0   55    0.00000    0.06250      -     -    0s
     0     0    0.06250    0   59    0.00000    0.06250      -     -    0s
     0     0    0.06250    0   61    0.00000    0.06250      -     -    0s
     0     0    0.06250    0   52    0.00000    0.06250      -     -    0s
     0     0    0.06250    0   60    0.00000    0.06250      -     -    0s
     0     0    0.06250    0   51    0.00000    0.06250      -     -    0s
     0     0    0.06250    0   56    0.00000    0.06250      -     -    0s
     0     0    0.06250    0   54    0.00000    0.06250      -     -    0s
     0     0    0.06250    0   54    0.00000    0.06250      -     -    0s
     0     2    0.06250    0   54    0.00000    0.06250      -     -    0s
*  738   621             103       0.0000002    0.06250      -  31.5    0s
*  739   621             103       0.0000002    0.06250      -  31.4    0s
H 1144   903                       0.0000003    0.06250      -  32.8    1s
* 1859  1229              96       0.0000003    0.04307      -  32.0    1s
* 1871  1181              97       0.0000003    0.04307      -  31.8    1s
* 1872  1139              96       0.0000004    0.04307      -  31.7    1s
* 1915  1135             100       0.0000006    0.04307      -  31.4    1s
* 1948  1085             104       0.0000007    0.04307      -  31.3    1s
* 1949  1048             104       0.0000007    0.04307      -  31.3    1s
* 1950  1014             104       0.0000007    0.04307      -  31.3    1s
H 2912  1461                       0.0000010    0.04307      -  33.9    2s
 15649 11117    0.00329   46   52    0.00000    0.04307      -  33.2    5s
H32844 23442                       0.0000010    0.04307      -  33.8    9s
H34561 24650                       0.0000010    0.04307      -  33.9    9s
 34814 24832    0.00045   73   53    0.00000    0.04307      -  33.9   10s
 58553 42088    0.00005   81   27    0.00000    0.04307      -  33.7   15s
 82613 59133    0.00632   48   50    0.00000    0.04307      -  34.0   20s
 106666 76017    0.00001   79   41    0.00000    0.04307      -  34.0   25s
 130695 92810    0.00004   62   42    0.00000    0.04307      -  34.0   30s
 149220 105371     cutoff  101         0.00000    0.04307      -  34.0   35s
 172574 121630 infeasible   81         0.00000    0.04307      -  34.1   40s
 196125 137883    0.00010   58   49    0.00000    0.04307      -  34.3   45s
 220202 154940    0.00246   50   50    0.00000    0.04307      -  34.4   50s
 244973 171456    0.01469   43   54    0.00000    0.04307      -  34.3   55s
 268368 187660     cutoff   42         0.00000    0.04307      -  34.3   60s
 291296 203190    0.00000  104   38    0.00000    0.04294      -  34.3   65s
 314365 219055     cutoff   68         0.00000    0.04274      -  34.5   70s
 333927 232954    0.01056   49   52    0.00000    0.04257      -  34.5   75s
H356453 247850                       0.0000010    0.04241      -  34.4   79s
 357273 248765    0.03608   41   53    0.00000    0.04241      -  34.4   80s
 380762 264809    0.00002   67   51    0.00000    0.04224      -  34.4   85s
 404687 281095    0.00000   76   42    0.00000    0.04211      -  34.4   90s
 426438 295822    0.00310   45   52    0.00000    0.04196      -  34.4   95s
 448491 311068    0.00003   62   43    0.00000    0.04182      -  34.4  100s
 470202 325813    0.00156   59   26    0.00000    0.04169      -  34.4  105s
 494777 342409    0.00004   72   50    0.00000    0.04158      -  34.4  110s
 518576 358511    0.00001   78   43    0.00000    0.04149      -  34.4  115s
 542853 374250    0.00005   73   43    0.00000    0.04138      -  34.4  120s
 566858 390393     cutoff   57         0.00000    0.04128      -  34.4  125s
 587850 404797    0.00000   79   25    0.00000    0.04119      -  34.4  130s
 611493 420396    0.00001   76   50    0.00000    0.04109      -  34.4  135s
 634840 436271    0.00335   46   52    0.00000    0.04101      -  34.5  140s
 658258 452818    0.02541   40   54    0.00000    0.04093      -  34.5  145s
 680339 467168     cutoff   57         0.00000    0.04085      -  34.5  150s
 701931 481574    0.00001   83   49    0.00000    0.04076      -  34.6  155s
 725726 497485    0.00213   47   51    0.00000    0.04068      -  34.6  160s
 749194 513473    0.00030   62   50    0.00000    0.04060      -  34.6  165s
 772893 529625    0.00000   87   33    0.00000    0.04052      -  34.6  170s
 797060 546114    0.01542   43   45    0.00000    0.04045      -  34.6  175s
 818855 560403    0.00003   83   50    0.00000    0.04040      -  34.6  180s
 842713 576810    0.00017   60   54    0.00000    0.04032      -  34.6  185s
 864118 593175 infeasible   98         0.00000    0.04026      -  34.6  190s
 890178 607946     cutoff   86         0.00000    0.04019      -  34.6  195s
 913753 623766    0.00056   70   43    0.00000    0.04013      -  34.7  200s
 935910 638674    0.00043   51   44    0.00000    0.04007      -  34.7  205s
 959582 654196    0.00001   77   42    0.00000    0.04000      -  34.7  210s
 982972 669495    0.00001   91   37    0.00000    0.03994      -  34.7  215s
 1006015 684315     cutoff   89         0.00000    0.03988      -  34.7  220s
 1029266 699752    0.00012   68   50    0.00000    0.03979      -  34.8  225s
 1050964 714306    0.00128   60   43    0.00000    0.03975      -  34.8  230s
 1062003 721744    0.00000   81   20    0.00000    0.03971      -  34.8  235s
 1084961 737363    0.00028   59   50    0.00000    0.03966      -  34.8  240s
 1109093 753215     cutoff   45         0.00000    0.03959      -  34.8  245s
 1133682 769673    0.00008   61   50    0.00000    0.03953      -  34.8  250s
 1157143 785213    0.00016   62   56    0.00000    0.03946      -  34.8  255s
 1180766 801151    0.00010   67   50    0.00000    0.03941      -  34.8  260s
 1204965 817508    0.01946   48   38    0.00000    0.03936      -  34.8  265s
 1228237 833099    0.00017   72   50    0.00000    0.03930      -  34.8  270s
 1250878 848959    0.03032   39   56    0.00000    0.03926      -  34.8  275s
 1274065 864382    0.00280   53   43    0.00000    0.03922      -  34.8  280s
 1297359 879848     cutoff   91         0.00000    0.03917      -  34.8  285s
 1318442 894810    0.01007   45   50    0.00000    0.03914      -  34.8  290s
 1339001 908448    0.00077   43   56    0.00000    0.03910      -  34.8  295s
 1359643 921638    0.00000   82   27    0.00000    0.03906      -  34.8  300s
 1383514 937334    0.01019   51   50    0.00000    0.03901      -  34.8  305s
 1406801 952703    0.00523   34   51    0.00000    0.03897      -  34.8  310s
 1429960 968422    0.00001   92   26    0.00000    0.03892      -  34.8  315s
 1450928 982177    0.00000   93   39    0.00000    0.03888      -  34.8  320s
 1474256 997289    0.01296   44   43    0.00000    0.03884      -  34.8  325s
 1497765 1013390    0.01583   43   51    0.00000    0.03880      -  34.8  330s
 1521124 1028587    0.00001   82   50    0.00000    0.03875      -  34.8  335s
 1544909 1044485    0.01119   47   53    0.00000    0.03872      -  34.8  340s
 1566703 1058786    0.02123   39   50    0.00000    0.03868      -  34.8  345s
 1589236 1073753    0.00138   51   32    0.00000    0.03864      -  34.8  350s
 1612799 1089536    0.00048   61   50    0.00000    0.03860      -  34.8  355s
 1636543 1105179    0.00268   49   51    0.00000    0.03855      -  34.8  360s

Cutting planes:
  Gomory: 7
  Lift-and-project: 1
  Implied bound: 13
  MIR: 12
  Flow cover: 34
  RLT: 101
  Relax-and-lift: 6
  BQP: 20

Explored 1636958 nodes (56951529 simplex iterations) in 360.00 seconds (476.55 work units)
Thread count was 4 (of 4 available processors)

Solution count 10: 1.02231e-06 1.01385e-06 9.77017e-07 ... 3.12745e-07

Time limit reached
Best objective 1.022305825535e-06, best bound 3.855001085244e-02, gap 3770788.3085%
{"verdict": "UNRESOLVED", "status": "TIME_LIMIT", "runtime": 360.00252294540405, "objval": 1.0223058255349345e-06, "objbound": 0.038550010852443896, "binaries": 46}
