Set parameter NodefileStart to value 6
Read parameters from file gurobi.env
Restricted license - for non-production use only - expires 2027-11-29
Set parameter OutputFlag to value 1
Set parameter Threads to value 4
Set parameter TimeLimit to value 360
Set parameter MIPGap to value 5e-05
Set parameter MIPFocus to value 2
Set parameter NonConvex to value 2
Set parameter BestBdStop to value 2.7426211734693878e-02
Gurobi Optimizer version 13.0.3 build v13.0.3rc0 (linux64 - "Ubuntu 24.04.5 LTS")

CPU model: AMD EPYC 9V74 80-Core Processor, instruction set [SSE2|AVX|AVX2]
Thread count: 2 physical cores, 4 logical processors, using up to 4 threads

Non-default parameters:
TimeLimit  360
BestBdStop  2.7426211734693878e-02
MIPGap  5e-05
MIPFocus  2
NodefileStart  6
NonConvex  2
Threads  4

Optimize a model with 129 rows, 99 columns and 714 nonzeros (Max)
Model fingerprint: 0x1fe99db6
Model has 1 linear objective coefficients
Model has 50 quadratic constraints
Variable types: 65 continuous, 34 integer (34 binary)
Coefficient statistics:
  Matrix range     [5e-01, 1e+00]
  QMatrix range    [1e+00, 1e+00]
  QLMatrix range   [1e+00, 1e+00]
  Objective range  [1e+00, 1e+00]
  Bounds range     [5e-01, 1e+00]
  RHS range        [1e+00, 1e+00]

Found heuristic solution: objective -0.0000000
Presolve time: 0.00s
Presolved: 329 rows, 100 columns, 1114 nonzeros
Presolved model has 50 bilinear constraint(s)

Solving non-convex MIQCP to global optimality

Variable types: 66 continuous, 34 integer (34 binary)
Root relaxation presolve removed 50 rows and 1 columns
Root relaxation presolved: 279 rows, 99 columns, 1064 nonzeros


Root relaxation: objective 1.250000e-01, 131 iterations, 0.00 seconds (0.00 work units)

    Nodes    |    Current Node    |     Objective Bounds      |     Work
 Expl Unexpl |  Obj  Depth IntInf | Incumbent    BestBd   Gap | It/Node Time

     0     0    0.12500    0   50   -0.00000    0.12500      -     -    0s
     0     0    0.10000    0   52   -0.00000    0.10000      -     -    0s
     0     0    0.10000    0   43   -0.00000    0.10000      -     -    0s
     0     0    0.10000    0   57   -0.00000    0.10000      -     -    0s
     0     0    0.10000    0   43   -0.00000    0.10000      -     -    0s
     0     0    0.10000    0   53   -0.00000    0.10000      -     -    0s
     0     0    0.09375    0   61   -0.00000    0.09375      -     -    0s
     0     0    0.09375    0   60   -0.00000    0.09375      -     -    0s
     0     0    0.09375    0   53   -0.00000    0.09375      -     -    0s
     0     0    0.09372    0   56   -0.00000    0.09372      -     -    0s
     0     0    0.09354    0   62   -0.00000    0.09354      -     -    0s
     0     0    0.09091    0   54   -0.00000    0.09091      -     -    0s
     0     0    0.09091    0   66   -0.00000    0.09091      -     -    0s
     0     0    0.09091    0   63   -0.00000    0.09091      -     -    0s
     0     0    0.09091    0   63   -0.00000    0.09091      -     -    0s
     0     0    0.08634    0   61   -0.00000    0.08634      -     -    0s
     0     0    0.08416    0   57   -0.00000    0.08416      -     -    0s
     0     0    0.08394    0   60   -0.00000    0.08394      -     -    0s
     0     0    0.08385    0   59   -0.00000    0.08385      -     -    0s
     0     0    0.08385    0   59   -0.00000    0.08385      -     -    0s
     0     0    0.08333    0   59   -0.00000    0.08333      -     -    0s
     0     0    0.08333    0   59   -0.00000    0.08333      -     -    0s
     0     2    0.08333    0   55   -0.00000    0.08333      -     -    0s
*  725   626             104       0.0000003    0.08333      -  33.2    0s
H 1150   891                       0.0000006    0.08333      -  32.3    1s
H 8351  5076                       0.0000008    0.03509      -  31.5    3s
 14010  9032    0.00001   58   26    0.00000    0.03119      -  29.8    5s

Cutting planes:
  Gomory: 8
  Lift-and-project: 1
  MIR: 2
  Flow cover: 3
  RLT: 44
  BQP: 11

Explored 29033 nodes (817876 simplex iterations) in 8.11 seconds (7.12 work units)
Thread count was 4 (of 4 available processors)

Solution count 4: 7.52322e-07 6.02081e-07 2.50652e-07 -0 

Optimization achieved user objective limit
Best objective 7.523216071503e-07, best bound 2.736136138386e-02, gap -
{"verdict": "PROVED", "status": "BOUND_REACHED", "runtime": 8.1146719455719, "objval": 7.523216071503305e-07, "objbound": 0.02736136138385925, "binaries": 34}
