Set parameter NodefileStart to value 6
Read parameters from file gurobi.env
Restricted license - for non-production use only - expires 2027-11-29
Set parameter OutputFlag to value 1
Set parameter Threads to value 4
Set parameter TimeLimit to value 360
Set parameter MIPGap to value 5e-05
Set parameter MIPFocus to value 2
Set parameter NonConvex to value 2
Set parameter BestBdStop to value 2.7426211734693878e-02
Gurobi Optimizer version 13.0.3 build v13.0.3rc0 (linux64 - "Ubuntu 24.04.5 LTS")

CPU model: AMD EPYC 7763 64-Core Processor, instruction set [SSE2|AVX|AVX2]
Thread count: 2 physical cores, 4 logical processors, using up to 4 threads

Non-default parameters:
TimeLimit  360
BestBdStop  2.7426211734693878e-02
MIPGap  5e-05
MIPFocus  2
NodefileStart  6
NonConvex  2
Threads  4

Optimize a model with 141 rows, 111 columns and 810 nonzeros (Max)
Model fingerprint: 0x4e223a7d
Model has 1 linear objective coefficients
Model has 50 quadratic constraints
Variable types: 65 continuous, 46 integer (46 binary)
Coefficient statistics:
  Matrix range     [5e-01, 1e+00]
  QMatrix range    [1e+00, 1e+00]
  QLMatrix range   [1e+00, 1e+00]
  Objective range  [1e+00, 1e+00]
  Bounds range     [5e-01, 1e+00]
  RHS range        [1e+00, 1e+00]

Found heuristic solution: objective -0.0000000
Presolve time: 0.00s
Presolved: 341 rows, 112 columns, 1210 nonzeros
Presolved model has 50 bilinear constraint(s)

Solving non-convex MIQCP to global optimality

Variable types: 66 continuous, 46 integer (46 binary)
Root relaxation presolve removed 50 rows and 1 columns
Root relaxation presolved: 291 rows, 111 columns, 1160 nonzeros


Root relaxation: objective 8.333333e-02, 132 iterations, 0.00 seconds (0.00 work units)

    Nodes    |    Current Node    |     Objective Bounds      |     Work
 Expl Unexpl |  Obj  Depth IntInf | Incumbent    BestBd   Gap | It/Node Time

     0     0    0.08333    0   42   -0.00000    0.08333      -     -    0s
     0     0    0.07407    0   55   -0.00000    0.07407      -     -    0s
     0     0    0.06250    0   51   -0.00000    0.06250      -     -    0s
     0     0    0.06250    0   49   -0.00000    0.06250      -     -    0s
     0     0    0.06250    0   46   -0.00000    0.06250      -     -    0s
     0     0    0.06250    0   47   -0.00000    0.06250      -     -    0s
     0     0    0.06250    0   60   -0.00000    0.06250      -     -    0s
     0     0    0.06250    0   52   -0.00000    0.06250      -     -    0s
     0     0    0.06250    0   42   -0.00000    0.06250      -     -    0s
     0     0    0.06250    0   48   -0.00000    0.06250      -     -    0s
     0     0    0.06250    0   54   -0.00000    0.06250      -     -    0s
     0     0    0.06250    0   48   -0.00000    0.06250      -     -    0s
     0     0    0.06250    0   48   -0.00000    0.06250      -     -    0s
     0     2    0.06250    0   48   -0.00000    0.06250      -     -    0s
H  703   583                       0.0000000    0.06250      -  32.6    0s
H  720   601                       0.0000004    0.06250      -  32.7    0s
H 1136   907                       0.0000005    0.03989      -  33.8    1s
H 1138   862                       0.0000005    0.03989      -  33.7    1s
* 1848  1241             109       0.0000005    0.03917      -  30.8    2s
* 1858  1192             113       0.0000008    0.03917      -  30.6    2s
H 8043  5302                       0.0000009    0.03917      -  29.6    4s
  9230  6281    0.00008   61   50    0.00000    0.03917      -  29.2    5s
H21244 14304                       0.0000015    0.03917      -  30.5    8s
 27118 18428    0.00944   43   51    0.00000    0.03917      -  30.7   10s
 47517 32669    0.00185   46   50    0.00000    0.03917      -  31.1   15s
 67500 45845    0.01010   41   52    0.00000    0.03877      -  29.1   20s
 88872 60126    0.02963   33   51    0.00000    0.03792      -  28.0   25s
 106761 72222     cutoff   43         0.00000    0.03735      -  27.5   30s
 126909 84946    0.00000   61   30    0.00000    0.03677      -  26.8   35s
 146523 97248     cutoff   49         0.00000    0.03641      -  26.5   40s
 165824 109766    0.02272   36   53    0.00000    0.03610      -  26.3   45s
 185423 123073    0.00662   29   51    0.00000    0.03579      -  26.2   50s
 204412 135378    0.00015   37   39    0.00000    0.03551      -  26.0   55s
 217828 144064     cutoff   46         0.00000    0.03531      -  25.9   60s
 237439 156611    0.02023   28   55    0.00000    0.03505      -  25.8   65s
 256414 168986    0.02607   31   52    0.00000    0.03478      -  25.7   70s
 276865 181964     cutoff   60         0.00000    0.03454      -  25.6   75s
 297391 194456    0.00350   45   51    0.00000    0.03428      -  25.6   80s
 317101 206254     cutoff   93         0.00000    0.03406      -  25.5   85s
 337286 218048    0.02687   36   56    0.00000    0.03380      -  25.4   90s
 354684 230919    0.00001   53   42    0.00000    0.03360      -  25.4   95s
 378916 243838    0.00005   84   48    0.00000    0.03336      -  25.3  100s
 399060 256391    0.00019   69   52    0.00000    0.03315      -  25.2  105s
 416837 267223    0.03260   35   43    0.00000    0.03299      -  25.2  110s
 436574 279454    0.00867   41   50    0.00000    0.03283      -  25.1  115s
 455826 292197    0.00007   77   42    0.00000    0.03269      -  25.1  121s
 472488 302515    0.00000   80   32    0.00000    0.03257      -  25.1  125s
 490689 313886    0.02648   37   52    0.00000    0.03247      -  25.1  130s
 510251 325888    0.00826   40   51    0.00000    0.03234      -  25.0  135s
 530839 338751 infeasible   39         0.00000    0.03223      -  25.0  140s
 547000 349046    0.00428   40   42    0.00000    0.03212      -  25.0  145s
 566655 360778    0.00001   84   32    0.00000    0.03197      -  25.0  150s
 586548 373044    0.00005   66   46    0.00000    0.03185      -  24.9  155s
 607310 386186    0.00411   46   27    0.00000    0.03176      -  24.9  160s
 626499 399092    0.00003   70   25    0.00000    0.03168      -  25.0  165s
 641202 408141    0.02855   31   57    0.00000    0.03161      -  24.9  170s
 653783 416316     cutoff   43         0.00000    0.03154      -  24.9  175s
 674678 429710    0.00020   53   52    0.00000    0.03144      -  24.9  180s
 694227 442171    0.00185   51   50    0.00000    0.03136      -  24.9  185s
 713809 454507    0.00043   62   43    0.00000    0.03127      -  24.9  190s
 733447 466294    0.02677   28   48    0.00000    0.03118      -  24.9  195s
 754629 479007    0.01382   31   46    0.00000    0.03108      -  24.9  200s
 774002 491017    0.00067   55   54    0.00000    0.03100      -  24.9  205s
 793709 503038    0.02230   35   51    0.00000    0.03091      -  24.9  210s
 813374 515159     cutoff  108         0.00000    0.03082      -  24.8  215s
 833072 526401     cutoff   38         0.00000    0.03074      -  24.8  220s
 854359 539532    0.00123   48   51    0.00000    0.03065      -  24.8  225s
 873129 551184    0.01905   38   51    0.00000    0.03059      -  24.8  230s
 889975 560990    0.00000  102   23    0.00000    0.03052      -  24.8  235s
 909680 572516    0.03039   29   55    0.00000    0.03043      -  24.8  240s
 929461 584895    0.00000   92   41    0.00000    0.03035      -  24.8  245s
 950661 596819    0.00187   43   40    0.00000    0.03026      -  24.8  250s
 969732 608773    0.00001   76   31    0.00000    0.03018      -  24.8  255s
 986187 618788     cutoff   39         0.00000    0.03012      -  24.8  260s
 1001310 627481    0.00001   92   44    0.00000    0.03006      -  24.8  265s
 1021940 640251 infeasible   62         0.00000    0.02999      -  24.8  270s
 1037051 649809    0.00131   37   31    0.00000    0.02994      -  24.8  275s
 1057019 661682    0.00075   56   50    0.00000    0.02986      -  24.8  280s
 1076808 673196    0.02461   38   56    0.00000    0.02979      -  24.8  285s
 1097628 686118     cutoff   81         0.00000    0.02973      -  24.8  290s
 1117283 698419    0.00083   48   38    0.00000    0.02966      -  24.8  295s
 1133876 708181     cutoff   54         0.00000    0.02961      -  24.8  300s
 1152998 719161    0.00358   43   38    0.00000    0.02955      -  24.8  305s
 1174658 732379    0.00003   73   42    0.00000    0.02949      -  24.8  310s
 1193711 743846    0.00281   49   46    0.00000    0.02944      -  24.8  315s
 1213771 755614     cutoff   44         0.00000    0.02939      -  24.8  320s
 1231303 766415    0.01220   37   51    0.00000    0.02934      -  24.7  325s
 1251404 777849    0.01108   42   53    0.00000    0.02929      -  24.7  330s
 1272096 790392    0.00991   43   50    0.00000    0.02924      -  24.7  335s
 1292123 802346    0.01201   48   51    0.00000    0.02918      -  24.7  340s
 1311406 814025    0.00000  100   40    0.00000    0.02913      -  24.7  345s
 1331173 825945    0.00011   42   27    0.00000    0.02908      -  24.7  350s
 1348211 836792     cutoff   74         0.00000    0.02906      -  24.7  355s
 1368753 848600    0.01503   40   52    0.00000    0.02902      -  24.7  360s

Cutting planes:
  Gomory: 3
  Implied bound: 11
  MIR: 2
  Flow cover: 23
  RLT: 92
  Relax-and-lift: 8
  BQP: 18

Explored 1368999 nodes (33869597 simplex iterations) in 360.00 seconds (395.97 work units)
Thread count was 4 (of 4 available processors)

Solution count 8: 1.5157e-06 8.90764e-07 5.45121e-07 ... -0

Time limit reached
Best objective 1.515702734822e-06, best bound 2.901734734224e-02, gap 1914348.4387%
{"verdict": "UNRESOLVED", "status": "TIME_LIMIT", "runtime": 360.0019328594208, "objval": 1.5157027348222663e-06, "objbound": 0.02901734734224383, "binaries": 46}
