Set parameter NodefileStart to value 6
Read parameters from file gurobi.env
Restricted license - for non-production use only - expires 2027-11-29
Set parameter OutputFlag to value 1
Set parameter Threads to value 4
Set parameter TimeLimit to value 360
Set parameter MIPGap to value 5e-05
Set parameter MIPFocus to value 2
Set parameter NonConvex to value 2
Set parameter BestBdStop to value 2.7426211734693878e-02
Gurobi Optimizer version 13.0.3 build v13.0.3rc0 (linux64 - "Ubuntu 24.04.5 LTS")

CPU model: AMD EPYC 7763 64-Core Processor, instruction set [SSE2|AVX|AVX2]
Thread count: 2 physical cores, 4 logical processors, using up to 4 threads

Non-default parameters:
TimeLimit  360
BestBdStop  2.7426211734693878e-02
MIPGap  5e-05
MIPFocus  2
NodefileStart  6
NonConvex  2
Threads  4

Optimize a model with 141 rows, 111 columns and 810 nonzeros (Max)
Model fingerprint: 0x1920627a
Model has 1 linear objective coefficients
Model has 50 quadratic constraints
Variable types: 65 continuous, 46 integer (46 binary)
Coefficient statistics:
  Matrix range     [5e-01, 1e+00]
  QMatrix range    [1e+00, 1e+00]
  QLMatrix range   [1e+00, 1e+00]
  Objective range  [1e+00, 1e+00]
  Bounds range     [5e-01, 1e+00]
  RHS range        [1e+00, 1e+00]

Found heuristic solution: objective -0.0000000
Presolve time: 0.00s
Presolved: 341 rows, 112 columns, 1210 nonzeros
Presolved model has 50 bilinear constraint(s)

Solving non-convex MIQCP to global optimality

Variable types: 66 continuous, 46 integer (46 binary)
Root relaxation presolve removed 50 rows and 1 columns
Root relaxation presolved: 291 rows, 111 columns, 1160 nonzeros


Root relaxation: objective 8.333333e-02, 136 iterations, 0.00 seconds (0.00 work units)

    Nodes    |    Current Node    |     Objective Bounds      |     Work
 Expl Unexpl |  Obj  Depth IntInf | Incumbent    BestBd   Gap | It/Node Time

     0     0    0.08333    0   49   -0.00000    0.08333      -     -    0s
     0     0    0.08333    0   73   -0.00000    0.08333      -     -    0s
     0     0    0.08333    0   62   -0.00000    0.08333      -     -    0s
     0     0    0.08333    0   41   -0.00000    0.08333      -     -    0s
     0     0    0.08333    0   46   -0.00000    0.08333      -     -    0s
     0     0    0.08333    0   41   -0.00000    0.08333      -     -    0s
     0     0    0.08333    0   54   -0.00000    0.08333      -     -    0s
     0     0    0.08333    0   51   -0.00000    0.08333      -     -    0s
     0     0    0.08333    0   51   -0.00000    0.08333      -     -    0s
     0     2    0.08333    0   51   -0.00000    0.08333      -     -    0s
H  411   444                       0.0000001    0.08333      -  15.3    0s
*  828   808             140       0.0000004    0.08333      -  17.3    0s
H  837   808                       0.0000005    0.08333      -  17.2    0s
* 2095  1457             136       0.0004056    0.06741      -  17.9    1s
* 2101  1273             139       0.0025957    0.06741  2497%  17.8    1s
* 2102  1224             139       0.0027742    0.06741  2330%  17.8    1s
H 2202  1150                       0.0027742    0.06741  2330%  18.3    1s
H 2294  1185                       0.0029140    0.06741  2213%  18.7    1s
H 2315  1132                       0.0030348    0.06741  2121%  18.8    1s
H 2331  1088                       0.0030708    0.06741  2095%  18.8    1s
H 2674  1231                       0.0030708    0.06741  2095%  21.0    1s
H 2972  1247                       0.0045968    0.06741  1367%  22.0    2s
H 2981  1233                       0.0045968    0.06741  1367%  22.1    2s
H 3627  1694                       0.0045968    0.06741  1367%  24.4    2s
H 3761  1760                       0.0049633    0.06741  1258%  25.1    2s
H 3901  1825                       0.0049639    0.06741  1258%  25.3    2s
H 4607  2240                       0.0049648    0.06741  1258%  26.7    2s
H 4637  2234                       0.0050037    0.06741  1247%  26.8    2s
H 5731  2413                       0.0085455    0.06741   689%  27.9    3s
H 6872  2748                       0.0124583    0.06479   420%  29.4    3s
H 9464  4252                       0.0124831    0.06254   401%  28.6    4s
H 9816  4406                       0.0124831    0.06218   398%  29.0    4s
 11281  5160    0.04505   28   49    0.01248    0.06152   393%  29.8    5s
H16648  7152                       0.0133768    0.05927   343%  31.5    6s
 25880 11285    0.02161   41   53    0.01338    0.05635   321%  32.3   10s
H29214 12150                       0.0138166    0.05559   302%  32.3   10s
H29238 12171                       0.0138166    0.05559   302%  32.3   11s
H38853 15914                       0.0139354    0.05353   284%  32.2   14s
H41296 16931                       0.0139354    0.05306   281%  32.2   14s
 42761 17415     cutoff   34         0.01394    0.05276   279%  32.1   15s
 61770 24379     cutoff   33         0.01394    0.05019   260%  32.0   20s
 82103 31770    0.04836   28   58    0.01394    0.04851   248%  31.9   25s
 103218 39060    0.01707   42   55    0.01394    0.04716   238%  31.6   30s
 123948 45958    0.03721   33   60    0.01394    0.04604   230%  31.4   35s
 145588 53426    0.02099   39   54    0.01394    0.04514   224%  31.1   40s
 166586 60411    0.01517   38   51    0.01394    0.04449   219%  31.0   45s
 187782 67317    0.04258   30   53    0.01394    0.04382   214%  30.9   50s
H202643 72000                       0.0139354    0.04342   212%  30.8   53s
H203793 71936                       0.0140546    0.04340   209%  30.8   54s
 204284 72200    0.03068   39   55    0.01405    0.04337   209%  30.8   55s
 223122 78085     cutoff   38         0.01405    0.04291   205%  30.7   60s
 244542 84639 infeasible   54         0.01405    0.04239   202%  30.6   65s
 265626 90976     cutoff   39         0.01405    0.04193   198%  30.5   70s
 287461 97421     cutoff   42         0.01405    0.04146   195%  30.3   75s
 309404 104226    0.03120   36   54    0.01405    0.04102   192%  30.2   80s
 330131 110147    0.03322   38   52    0.01405    0.04064   189%  30.1   85s
 348933 116068    0.02214   37   54    0.01405    0.04033   187%  30.0   90s
 370589 122596     cutoff   30         0.01405    0.04001   185%  29.9   95s
 392391 129078    0.03594   31   50    0.01405    0.03970   182%  29.8  100s
 414457 135378    0.02053   39   45    0.01405    0.03942   180%  29.7  105s
 431847 140440     cutoff   37         0.01405    0.03923   179%  29.7  110s
 453820 146683     cutoff   29         0.01405    0.03898   177%  29.6  115s
 476161 152873 infeasible   36         0.01405    0.03873   176%  29.5  120s
 497845 159216     cutoff   47         0.01405    0.03851   174%  29.4  125s
 520128 165369     cutoff   33         0.01405    0.03829   172%  29.3  130s
 542911 172141    0.01616   45   50    0.01405    0.03806   171%  29.2  135s
 565382 178513    0.02016   34   52    0.01405    0.03784   169%  29.2  140s
 586724 184545     cutoff   47         0.01405    0.03765   168%  29.1  145s
 609225 190974    0.02467   43   52    0.01405    0.03745   166%  29.0  150s
 632102 197123    0.02311   41   54    0.01405    0.03727   165%  28.9  155s
 649349 201937     cutoff   40         0.01405    0.03714   164%  28.9  160s
 670805 207924    0.01494   38   52    0.01405    0.03697   163%  28.8  165s
 693300 214149    0.02452   43   50    0.01405    0.03682   162%  28.8  170s
 716101 220663    0.02255   47   49    0.01405    0.03665   161%  28.7  175s
 738879 226763    0.02142   36   56    0.01405    0.03651   160%  28.7  180s
 761278 232729    0.01906   48   56    0.01405    0.03636   159%  28.6  185s
H762184 184506                       0.0179418    0.03636   103%  28.6  185s
 781713 187840    0.01945   42   51    0.01794    0.03621   102%  28.6  190s
 804674 191719    0.02074   41   52    0.01794    0.03603   101%  28.5  195s
H823676 194858                       0.0179418    0.03589   100%  28.5  199s
 825602 195257     cutoff   48         0.01794    0.03587   100%  28.5  200s
 848446 199029    0.02211   40   55    0.01794    0.03570  99.0%  28.4  205s
 870920 202805    0.01991   44   51    0.01794    0.03554  98.1%  28.4  210s
 889818 205830    0.02259   37   50    0.01794    0.03540  97.3%  28.3  215s
 912612 209633    0.01829   42   54    0.01794    0.03526  96.5%  28.3  220s
 934927 213264    0.02492   36   52    0.01794    0.03512  95.7%  28.2  225s
 958542 217252    0.02603   33   56    0.01794    0.03497  94.9%  28.2  230s
 977665 220157    0.01980   39   44    0.01794    0.03486  94.3%  28.1  235s
 1000815 223979    0.01886   38   54    0.01794    0.03473  93.6%  28.1  240s
 1023019 227513    0.02546   43   53    0.01794    0.03460  92.9%  28.1  245s
 1045730 231081    0.02458   36   52    0.01794    0.03448  92.2%  28.0  250s
 1066035 234095     cutoff   36         0.01794    0.03438  91.6%  28.0  255s
 1088814 237271     cutoff   46         0.01794    0.03426  90.9%  28.0  260s
 1110518 240522    0.02004   36   40    0.01794    0.03415  90.3%  27.9  265s
 1133532 244032     cutoff   41         0.01794    0.03404  89.7%  27.9  270s
 1156163 247330    0.03277   39   58    0.01794    0.03392  89.1%  27.9  275s
 1179564 250692    0.02654   43   56    0.01794    0.03381  88.4%  27.8  280s
 1195548 252909 infeasible   43         0.01794    0.03373  88.0%  27.8  285s
 1214225 255551     cutoff   51         0.01794    0.03364  87.5%  27.8  290s
 1235496 258466    0.01914   40   50    0.01794    0.03355  87.0%  27.8  295s
 1256478 261149    0.02001   50   53    0.01794    0.03346  86.5%  27.7  300s
 1277742 263993     cutoff   42         0.01794    0.03336  85.9%  27.7  305s
 1297851 266606     cutoff   39         0.01794    0.03327  85.4%  27.7  310s
 1319084 269394    0.01952   38   50    0.01794    0.03318  84.9%  27.7  315s
 1337745 271949     cutoff   49         0.01794    0.03310  84.5%  27.6  320s
 1359084 274796 infeasible   34         0.01794    0.03301  84.0%  27.6  325s
 1379908 277438     cutoff   36         0.01794    0.03293  83.5%  27.6  330s
 1400805 280406 infeasible   43         0.01794    0.03285  83.1%  27.6  335s
 1420971 283164    0.02803   34   54    0.01794    0.03276  82.6%  27.5  340s
 1441259 285747    0.02381   41   53    0.01794    0.03268  82.2%  27.5  345s
 1463523 288976     cutoff   41         0.01794    0.03260  81.7%  27.5  350s
 1486022 291713     cutoff   46         0.01794    0.03251  81.2%  27.5  355s
 1507393 294420    0.02563   36   55    0.01794    0.03243  80.7%  27.5  360s

Cutting planes:
  Gomory: 31
  Implied bound: 39
  MIR: 23
  Flow cover: 109
  Inf proof: 12
  RLT: 112
  Relax-and-lift: 27
  BQP: 35

Explored 1507741 nodes (41392294 simplex iterations) in 360.00 seconds (398.06 work units)
Thread count was 4 (of 4 available processors)

Solution count 10: 0.0179418 0.0140546 0.0139354 ... 0.00496479

Time limit reached
Best objective 1.794183710571e-02, best bound 3.242505924279e-02, gap 80.7232%
{"verdict": "UNRESOLVED", "status": "TIME_LIMIT", "runtime": 360.0023789405823, "objval": 0.017941837105713537, "objbound": 0.032425059242789905, "binaries": 46}
