Set parameter NodefileStart to value 6
Read parameters from file gurobi.env
Restricted license - for non-production use only - expires 2027-11-29
Set parameter OutputFlag to value 1
Set parameter Threads to value 4
Set parameter TimeLimit to value 360
Set parameter MIPGap to value 5e-05
Set parameter MIPFocus to value 2
Set parameter NonConvex to value 2
Set parameter BestBdStop to value 2.7426211734693878e-02
Gurobi Optimizer version 13.0.3 build v13.0.3rc0 (linux64 - "Ubuntu 24.04.5 LTS")

CPU model: AMD EPYC 7763 64-Core Processor, instruction set [SSE2|AVX|AVX2]
Thread count: 2 physical cores, 4 logical processors, using up to 4 threads

Non-default parameters:
TimeLimit  360
BestBdStop  2.7426211734693878e-02
MIPGap  5e-05
MIPFocus  2
NodefileStart  6
NonConvex  2
Threads  4

Optimize a model with 141 rows, 111 columns and 810 nonzeros (Max)
Model fingerprint: 0x78866966
Model has 1 linear objective coefficients
Model has 50 quadratic constraints
Variable types: 65 continuous, 46 integer (46 binary)
Coefficient statistics:
  Matrix range     [5e-01, 1e+00]
  QMatrix range    [1e+00, 1e+00]
  QLMatrix range   [1e+00, 1e+00]
  Objective range  [1e+00, 1e+00]
  Bounds range     [5e-01, 1e+00]
  RHS range        [1e+00, 1e+00]

Found heuristic solution: objective -0.0000000
Presolve time: 0.00s
Presolved: 341 rows, 112 columns, 1210 nonzeros
Presolved model has 50 bilinear constraint(s)

Solving non-convex MIQCP to global optimality

Variable types: 66 continuous, 46 integer (46 binary)
Root relaxation presolve removed 50 rows and 1 columns
Root relaxation presolved: 291 rows, 111 columns, 1160 nonzeros


Root relaxation: objective 8.333333e-02, 141 iterations, 0.00 seconds (0.00 work units)

    Nodes    |    Current Node    |     Objective Bounds      |     Work
 Expl Unexpl |  Obj  Depth IntInf | Incumbent    BestBd   Gap | It/Node Time

     0     0    0.08333    0   50   -0.00000    0.08333      -     -    0s
     0     0    0.07895    0   75   -0.00000    0.07895      -     -    0s
     0     0    0.07609    0   62   -0.00000    0.07609      -     -    0s
     0     0    0.07609    0   68   -0.00000    0.07609      -     -    0s
     0     0    0.07609    0   56   -0.00000    0.07609      -     -    0s
     0     0    0.07609    0   56   -0.00000    0.07609      -     -    0s
     0     0    0.07609    0   62   -0.00000    0.07609      -     -    0s
     0     0    0.07609    0   62   -0.00000    0.07609      -     -    0s
     0     0    0.07609    0   55   -0.00000    0.07609      -     -    0s
     0     0    0.07609    0   51   -0.00000    0.07609      -     -    0s
     0     0    0.07609    0   52   -0.00000    0.07609      -     -    0s
     0     0    0.07609    0   52   -0.00000    0.07609      -     -    0s
     0     0    0.07609    0   52   -0.00000    0.07609      -     -    0s
     0     2    0.07609    0   52   -0.00000    0.07609      -     -    0s
*  563   479              90       0.0000001    0.07547      -  30.7    0s
H  606   557                       0.0000003    0.07547      -  30.5    0s
* 1684  1317              87       0.0000004    0.04782      -  32.0    1s
* 1685  1269              87       0.0000004    0.04782      -  32.0    1s
* 1833  1247              97       0.0000007    0.04782      -  30.5    1s
* 1834  1205              97       0.0000007    0.04782      -  30.5    1s
H 2754  1547                       0.0000009    0.04782      -  29.6    2s
H 2766  1505                       0.0000010    0.04782      -  29.8    2s
 10419  7580    0.00001   84   49    0.00000    0.04782      -  30.8    5s
 29943 22011    0.04351   28   62    0.00000    0.04782      -  30.8   10s
 45833 33707    0.00000   92   29    0.00000    0.04758      -  31.4   15s
 65292 47880    0.00005   69   50    0.00000    0.04649      -  31.5   20s
 86333 63279    0.00007   62   41    0.00000    0.04579      -  31.7   25s
 105432 77147    0.00329   47   44    0.00000    0.04529      -  31.9   30s
 124868 91089    0.01212   44   45    0.00000    0.04490      -  32.1   35s
H139903 101628                       0.0000010    0.04468      -  32.3   39s
 140614 102419    0.00498   47   51    0.00000    0.04464      -  32.3   40s
 159358 115837    0.00224   50   53    0.00000    0.04429      -  32.5   45s
H160605 116378                       0.0000010    0.04427      -  32.5   45s
 175796 127589    0.00687   45   50    0.00000    0.04390      -  32.6   50s
 194723 141366    0.00105   44   51    0.00000    0.04356      -  32.8   55s
 213362 154589    0.00010   64   43    0.00000    0.04332      -  33.0   60s
 231779 167285     cutoff   64         0.00000    0.04306      -  33.1   65s
 250516 180464    0.04098   31   55    0.00000    0.04281      -  33.2   70s
 269021 193825    0.00256   49   36    0.00000    0.04263      -  33.3   75s
 287632 207138    0.00025   59   50    0.00000    0.04243      -  33.3   80s
 305598 219920    0.02562   35   51    0.00000    0.04222      -  33.4   85s
 324502 233336    0.00525   43   50    0.00000    0.04205      -  33.4   90s
 342998 246475 infeasible   52         0.00000    0.04183      -  33.4   95s
 361913 259582    0.00249   38   45    0.00000    0.04167      -  33.4  100s
 379388 271794     cutoff   88         0.00000    0.04156      -  33.5  105s
 393639 281731    0.02228   32   52    0.00000    0.04146      -  33.6  110s
 409963 292539    0.00607   50   52    0.00000    0.04129      -  33.6  115s
 429160 306283    0.02525   33   43    0.00000    0.04111      -  33.7  120s
 447779 319278    0.00516   42   44    0.00000    0.04098      -  33.7  125s
 464615 331276    0.00227   40   50    0.00000    0.04084      -  33.8  130s
 482595 343795    0.00009   60   46    0.00000    0.04070      -  33.8  135s
 502125 357557    0.00000   83   42    0.00000    0.04059      -  33.9  140s
 520536 370163    0.00000   70   33    0.00000    0.04046      -  33.9  145s
 536343 381003    0.00000   86   35    0.00000    0.04038      -  34.0  150s
 552984 392238    0.00016   67   53    0.00000    0.04026      -  34.0  155s
 571955 405571    0.00021   69   50    0.00000    0.04014      -  34.1  160s
 589500 417785     cutoff   38         0.00000    0.04003      -  34.1  165s
 604575 428431     cutoff   49         0.00000    0.03997      -  34.2  170s
 622775 441009 infeasible   65         0.00000    0.03986      -  34.1  175s
 641840 454054    0.00354   42   50    0.00000    0.03976      -  34.2  180s
 659901 466541     cutoff   65         0.00000    0.03966      -  34.2  185s
 678214 478862    0.03854   31   53    0.00000    0.03958      -  34.2  190s
 694238 489552     cutoff   96         0.00000    0.03950      -  34.2  195s
 712176 501840    0.00001   48   47    0.00000    0.03943      -  34.2  200s
 730684 514535    0.01856   44   51    0.00000    0.03932      -  34.2  205s
 748264 526362     cutoff   46         0.00000    0.03924      -  34.3  210s
 767912 539742    0.00471   46   46    0.00000    0.03915      -  34.2  215s
 786093 552643    0.00422   50   50    0.00000    0.03905      -  34.2  220s
 795397 558819    0.00035   54   50    0.00000    0.03902      -  34.3  225s
 800117 562174    0.00024   47   31    0.00000    0.03900      -  34.3  230s
 817816 574158     cutoff   83         0.00000    0.03893      -  34.3  235s
 832907 584834    0.00140   53   38    0.00000    0.03887      -  34.3  240s
 852041 598314    0.00873   43   50    0.00000    0.03880      -  34.3  245s
 868072 608899    0.00037   65   50    0.00000    0.03874      -  34.3  250s
 884457 619968    0.00066   58   42    0.00000    0.03867      -  34.3  255s
 902892 632014    0.01316   38   51    0.00000    0.03859      -  34.4  260s
 920790 644068    0.00006   35   44    0.00000    0.03852      -  34.4  265s
 938036 655563    0.00000   88   39    0.00000    0.03845      -  34.4  270s
 955249 667227    0.00546   44   44    0.00000    0.03841      -  34.5  275s
 974333 680562 infeasible   77         0.00000    0.03837      -  34.5  280s
 992618 693045    0.00716   39   50    0.00000    0.03832      -  34.5  285s
 1010471 705117    0.00171   43   45    0.00000    0.03827      -  34.5  290s
 1027888 716774    0.00275   53   50    0.00000    0.03822      -  34.5  295s
 1046849 728976    0.03671   29   53    0.00000    0.03814      -  34.5  300s
 1064522 741442    0.03068   32   47    0.00000    0.03808      -  34.5  305s
 1082647 753358    0.02563   36   51    0.00000    0.03802      -  34.5  310s
 1100439 765409    0.00020   58   37    0.00000    0.03797      -  34.5  315s
 1119972 778330    0.00000   90   40    0.00000    0.03791      -  34.5  320s
H1125683 781902                       0.0000010    0.03789      -  34.5  321s
 1135319 788427     cutoff   57         0.00000    0.03786      -  34.5  325s
 1153816 801464    0.00105   52   50    0.00000    0.03781      -  34.5  330s
 1172033 813277     cutoff   43         0.00000    0.03775      -  34.5  335s
 1191315 826192    0.01407   37   54    0.00000    0.03770      -  34.5  340s
 1207559 836888    0.00520   46   50    0.00000    0.03765      -  34.5  345s
 1225859 849231    0.00768   44   50    0.00000    0.03760      -  34.5  350s
 1243586 860817    0.00000   88   29    0.00000    0.03755      -  34.5  355s
 1260965 872550    0.02575   34   55    0.00000    0.03750      -  34.5  360s

Cutting planes:
  Gomory: 13
  Implied bound: 10
  MIR: 8
  Flow cover: 29
  RLT: 128
  Relax-and-lift: 5
  BQP: 41

Explored 1261202 nodes (43515230 simplex iterations) in 360.01 seconds (377.65 work units)
Thread count was 4 (of 4 available processors)

Solution count 10: 1.03545e-06 1.03472e-06 1.03203e-06 ... 9.88839e-08

Time limit reached
Best objective 1.035452298978e-06, best bound 3.750195175189e-02, gap 3621694.2429%
{"verdict": "UNRESOLVED", "status": "TIME_LIMIT", "runtime": 360.0066351890564, "objval": 1.035452298977846e-06, "objbound": 0.03750195175189287, "binaries": 46}
