Set parameter NodefileStart to value 6
Read parameters from file gurobi.env
Restricted license - for non-production use only - expires 2027-11-29
Set parameter OutputFlag to value 1
Set parameter Threads to value 4
Set parameter TimeLimit to value 360
Set parameter MIPGap to value 5e-05
Set parameter MIPFocus to value 2
Set parameter NonConvex to value 2
Set parameter BestBdStop to value 2.7426211734693878e-02
Gurobi Optimizer version 13.0.3 build v13.0.3rc0 (linux64 - "Ubuntu 24.04.5 LTS")

CPU model: AMD EPYC 7763 64-Core Processor, instruction set [SSE2|AVX|AVX2]
Thread count: 2 physical cores, 4 logical processors, using up to 4 threads

Non-default parameters:
TimeLimit  360
BestBdStop  2.7426211734693878e-02
MIPGap  5e-05
MIPFocus  2
NodefileStart  6
NonConvex  2
Threads  4

Optimize a model with 141 rows, 111 columns and 810 nonzeros (Max)
Model fingerprint: 0x8f8e84a0
Model has 1 linear objective coefficients
Model has 50 quadratic constraints
Variable types: 65 continuous, 46 integer (46 binary)
Coefficient statistics:
  Matrix range     [5e-01, 1e+00]
  QMatrix range    [1e+00, 1e+00]
  QLMatrix range   [1e+00, 1e+00]
  Objective range  [1e+00, 1e+00]
  Bounds range     [5e-01, 1e+00]
  RHS range        [1e+00, 1e+00]

Found heuristic solution: objective -0.0000000
Presolve time: 0.00s
Presolved: 341 rows, 112 columns, 1210 nonzeros
Presolved model has 50 bilinear constraint(s)

Solving non-convex MIQCP to global optimality

Variable types: 66 continuous, 46 integer (46 binary)
Root relaxation presolve removed 70 rows and 11 columns
Root relaxation presolved: 271 rows, 101 columns, 1040 nonzeros


Root relaxation: objective 7.142857e-02, 110 iterations, 0.00 seconds (0.00 work units)

    Nodes    |    Current Node    |     Objective Bounds      |     Work
 Expl Unexpl |  Obj  Depth IntInf | Incumbent    BestBd   Gap | It/Node Time

     0     0    0.07143    0   50   -0.00000    0.07143      -     -    0s
     0     0    0.07143    0   63   -0.00000    0.07143      -     -    0s
     0     0    0.07143    0   63   -0.00000    0.07143      -     -    0s
     0     0    0.07143    0   52   -0.00000    0.07143      -     -    0s
H    0     0                       0.0000000    0.07143      -     -    0s
     0     0    0.07143    0   46    0.00000    0.07143      -     -    0s
     0     0    0.07143    0   50    0.00000    0.07143      -     -    0s
     0     0    0.07143    0   48    0.00000    0.07143      -     -    0s
     0     0    0.07143    0   48    0.00000    0.07143      -     -    0s
H    0     0                       0.0000000    0.07143      -     -    0s
     0     2    0.07143    0   48    0.00000    0.07143      -     -    0s
*  720   699             103       0.0000001    0.07143      -  23.7    0s
H  934   786                       0.0000003    0.07143      -  23.9    0s
H 1173   944                       0.0000006    0.07143      -  27.6    1s
H 1481  1144                       0.0000006    0.06184      -  26.7    1s
* 2547  1641             129       0.0000009    0.05584      -  23.0    2s
* 3753  2217             122       0.0000009    0.05062      -  22.6    2s
* 3758  2211             123       0.0000010    0.05062      -  22.6    2s
 13016  9773    0.00324   46   12    0.00000    0.04317      -  23.9    5s
*13675 10045              83       0.0000011    0.04297      -  23.8    5s
H15690 11362                       0.0000011    0.04253      -  23.4    5s
*15770 11513              96       0.0000013    0.04252      -  23.4    5s
*15771 11362              96       0.0000018    0.04252      -  23.4    5s
 28645 20360    0.00001   93   43    0.00000    0.04033      -  23.6   10s
 45287 31294    0.03534   29   63    0.00000    0.03916      -  23.1   15s
 65394 44329    0.01981   36   52    0.00000    0.03818      -  23.3   20s
 84546 57435    0.00000   78   49    0.00000    0.03763      -  23.7   25s
 105255 70981    0.00016   64   50    0.00000    0.03713      -  24.1   30s
 124379 84431    0.00045   52   45    0.00000    0.03676      -  24.1   35s
 143975 97435    0.00002   64   49    0.00000    0.03641      -  24.1   40s
 163547 109875     cutoff   81         0.00000    0.03618      -  24.2   45s
 173320 116718    0.00000   98   17    0.00000    0.03604      -  24.3   50s
 193932 129578    0.00000   86   45    0.00000    0.03579      -  24.4   55s
 212677 141027    0.02709   31   53    0.00000    0.03554      -  24.6   60s
 232396 153024     cutoff   37         0.00000    0.03530      -  24.5   65s
 251207 165216    0.00096   53   51    0.00000    0.03511      -  24.7   70s
 270268 176875     cutoff   71         0.00000    0.03494      -  24.7   75s
 290116 189004    0.00006   50   37    0.00000    0.03475      -  24.8   80s
 310178 202682    0.00000   91   32    0.00000    0.03462      -  24.8   85s
 329200 215020    0.00355   47   44    0.00000    0.03448      -  24.9   90s
 345952 225242    0.01959   28   49    0.00000    0.03432      -  24.9   95s
 364316 237280     cutoff   79         0.00000    0.03420      -  25.0  100s
 383083 248523    0.01265   29   54    0.00000    0.03406      -  25.0  105s
 403526 260996    0.00018   55   50    0.00000    0.03393      -  25.0  110s
 421034 272264    0.00000   97   35    0.00000    0.03383      -  25.0  115s
 439921 284194    0.00145   46   50    0.00000    0.03371      -  25.0  120s
 459306 296455    0.01293   34   51    0.00000    0.03358      -  25.0  125s
 479126 308495    0.01818   30   44    0.00000    0.03345      -  25.0  130s
 498953 321168    0.02203   36   57    0.00000    0.03332      -  25.0  135s
 517707 332790    0.00949   37   48    0.00000    0.03320      -  25.2  140s
 537384 345103    0.00002   57   40    0.00000    0.03311      -  25.4  145s
 556620 356489    0.00000   69   45    0.00000    0.03300      -  25.6  150s
 577328 368704    0.00000   79   23    0.00000    0.03286      -  25.8  155s
 597066 380445    0.00005   54   50    0.00000    0.03275      -  26.0  160s
 616719 392061     cutoff   66         0.00000    0.03266      -  26.1  165s
 618176 393208    0.00058   51   44    0.00000    0.03265      -  26.2  170s
 637473 405292    0.00068   42   50    0.00000    0.03255      -  26.3  175s
 656684 417525    0.00191   49   43    0.00000    0.03248      -  26.5  180s
 675981 429589    0.00008   60   50    0.00000    0.03240      -  26.7  185s
 694267 440931    0.01550   37   51    0.00000    0.03231      -  26.8  190s
 712550 452106    0.00085   33   52    0.00000    0.03223      -  27.0  195s
 731984 464552    0.00019   59   45    0.00000    0.03214      -  27.1  200s
 751232 476129     cutoff   67         0.00000    0.03205      -  27.2  205s
 771827 488671    0.00059   48   50    0.00000    0.03197      -  27.4  210s
 791162 500241    0.00202   43   52    0.00000    0.03189      -  27.4  215s
 810940 512202    0.00038   60   50    0.00000    0.03181      -  27.5  220s
 829675 523502    0.00000   68   36    0.00000    0.03175      -  27.6  225s
 850983 536361    0.01745   33   50    0.00000    0.03167      -  27.7  230s
 870285 547668    0.00003   62   43    0.00000    0.03159      -  27.8  235s
 889148 558584    0.01744   36   53    0.00000    0.03153      -  27.9  240s
 909522 570796    0.00249   43   56    0.00000    0.03144      -  28.0  245s
 926685 581639    0.01977   38   58    0.00000    0.03140      -  28.1  250s
 943474 591602    0.00001   49   51    0.00000    0.03135      -  28.1  255s
 962598 602715    0.00001   76   49    0.00000    0.03127      -  28.2  260s
 983244 614808     cutoff   55         0.00000    0.03120      -  28.3  265s
 1002763 626355    0.00064   53   40    0.00000    0.03113      -  28.3  270s
 1020981 637432     cutoff   53         0.00000    0.03107      -  28.4  275s
 1040223 649097    0.00544   42   44    0.00000    0.03100      -  28.5  280s
 1060401 660625    0.02709   35   56    0.00000    0.03094      -  28.5  285s
 1078905 671955    0.00463   38   46    0.00000    0.03088      -  28.6  290s
 1097485 683221     cutoff   45         0.00000    0.03082      -  28.7  295s
 1117969 694944    0.01358   34   51    0.00000    0.03074      -  28.7  300s
 1135259 705756     cutoff   64         0.00000    0.03069      -  28.8  305s
 1145484 712420    0.00207   44   52    0.00000    0.03067      -  28.8  310s
 1164838 724052    0.00183   46   37    0.00000    0.03062      -  28.8  315s
 1184432 735831    0.00998   39   45    0.00000    0.03056      -  28.9  320s
 1203158 746845    0.00000   81   35    0.00000    0.03049      -  28.9  325s
 1224046 759080    0.00115   50   50    0.00000    0.03043      -  28.9  330s
 1242573 770751    0.00815   37   50    0.00000    0.03039      -  29.0  335s
 1261402 781678    0.01909   35   52    0.00000    0.03034      -  29.1  340s
 1280405 793011    0.00107   54   44    0.00000    0.03028      -  29.1  345s
 1300381 804659     cutoff   72         0.00000    0.03023      -  29.1  350s
 1319299 815731    0.00001   71   29    0.00000    0.03018      -  29.2  355s
 1337785 826624    0.00012   48   50    0.00000    0.03013      -  29.3  360s

Cutting planes:
  Gomory: 26
  Lift-and-project: 3
  Implied bound: 25
  MIR: 5
  Flow cover: 76
  Inf proof: 5
  RLT: 89
  Relax-and-lift: 29
  BQP: 15

Explored 1338219 nodes (39144653 simplex iterations) in 360.00 seconds (390.63 work units)
Thread count was 4 (of 4 available processors)

Solution count 10: 1.82364e-06 1.3384e-06 1.12806e-06 ... 3.28142e-07

Time limit reached
Best objective 1.823643641028e-06, best bound 3.012337883453e-02, gap 1651723.7531%
{"verdict": "UNRESOLVED", "status": "TIME_LIMIT", "runtime": 360.0029501914978, "objval": 1.823643641027982e-06, "objbound": 0.030123378834525615, "binaries": 46}
