Set parameter NodefileStart to value 6
Read parameters from file gurobi.env
Restricted license - for non-production use only - expires 2027-11-29
Set parameter OutputFlag to value 1
Set parameter Threads to value 4
Set parameter TimeLimit to value 360
Set parameter MIPGap to value 5e-05
Set parameter MIPFocus to value 2
Set parameter NonConvex to value 2
Set parameter BestBdStop to value 2.7426211734693878e-02
Gurobi Optimizer version 13.0.3 build v13.0.3rc0 (linux64 - "Ubuntu 24.04.5 LTS")

CPU model: AMD EPYC 9V74 80-Core Processor, instruction set [SSE2|AVX|AVX2]
Thread count: 2 physical cores, 4 logical processors, using up to 4 threads

Non-default parameters:
TimeLimit  360
BestBdStop  2.7426211734693878e-02
MIPGap  5e-05
MIPFocus  2
NodefileStart  6
NonConvex  2
Threads  4

Optimize a model with 141 rows, 111 columns and 810 nonzeros (Max)
Model fingerprint: 0x0b7dd764
Model has 1 linear objective coefficients
Model has 50 quadratic constraints
Variable types: 65 continuous, 46 integer (46 binary)
Coefficient statistics:
  Matrix range     [5e-01, 1e+00]
  QMatrix range    [1e+00, 1e+00]
  QLMatrix range   [1e+00, 1e+00]
  Objective range  [1e+00, 1e+00]
  Bounds range     [5e-01, 1e+00]
  RHS range        [1e+00, 1e+00]

Found heuristic solution: objective -0.0000000
Presolve time: 0.00s
Presolved: 341 rows, 112 columns, 1210 nonzeros
Presolved model has 50 bilinear constraint(s)

Solving non-convex MIQCP to global optimality

Variable types: 66 continuous, 46 integer (46 binary)
Root relaxation presolve removed 70 rows and 11 columns
Root relaxation presolved: 271 rows, 101 columns, 1040 nonzeros


Root relaxation: objective 7.142857e-02, 106 iterations, 0.00 seconds (0.00 work units)

    Nodes    |    Current Node    |     Objective Bounds      |     Work
 Expl Unexpl |  Obj  Depth IntInf | Incumbent    BestBd   Gap | It/Node Time

     0     0    0.07143    0   44   -0.00000    0.07143      -     -    0s
     0     0    0.07143    0   58   -0.00000    0.07143      -     -    0s
     0     0    0.07143    0   71   -0.00000    0.07143      -     -    0s
     0     0    0.07143    0   60   -0.00000    0.07143      -     -    0s
     0     0    0.07143    0   52   -0.00000    0.07143      -     -    0s
H    0     0                       0.0000001    0.07143      -     -    0s
H    0     0                       0.0000001    0.07143      -     -    0s
H    0     0                       0.0000001    0.07143      -     -    0s
     0     0    0.07016    0   55    0.00000    0.07016      -     -    0s
     0     0    0.06613    0   49    0.00000    0.06613      -     -    0s
     0     0    0.06613    0   52    0.00000    0.06613      -     -    0s
     0     0    0.06613    0   53    0.00000    0.06613      -     -    0s
     0     0    0.06613    0   54    0.00000    0.06613      -     -    0s
     0     0    0.06613    0   55    0.00000    0.06613      -     -    0s
     0     0    0.06613    0   55    0.00000    0.06613      -     -    0s
     0     0    0.06613    0   55    0.00000    0.06613      -     -    0s
     0     0    0.06613    0   53    0.00000    0.06613      -     -    0s
     0     2    0.06613    0   53    0.00000    0.06613      -     -    0s
H 1132   923                       0.0000001    0.06606      -  26.7    1s
H 1135   878                       0.0000002    0.06606      -  26.6    1s
H 1399   992                       0.0000003    0.03720      -  27.9    2s
H 2348  1403                       0.0000004    0.03720      -  22.9    2s
* 2498  1499             102       0.0000004    0.03720      -  22.3    2s
H 3100  1733                       0.0000004    0.03720      -  22.1    2s
H 6086  4105                       0.0000004    0.03720      -  19.4    3s
* 7348  5077              90       0.0000004    0.03720      -  19.2    4s
* 8035  5427              97       0.0000005    0.03720      -  19.1    4s
* 8649  5820              86       0.0000005    0.03720      -  19.0    4s
  9646  6551    0.01648   44   55    0.00000    0.03661      -  19.1    5s
*16756 11756             109       0.0000005    0.03404      -  19.2    6s
 29640 20359    0.02562   45   52    0.00000    0.03169      -  20.0   10s
H29644 20124                       0.0000006    0.03169      -  20.0   10s
H38597 26298                       0.0000006    0.03077      -  20.3   12s
 50470 34911    0.00925   49   34    0.00000    0.02938      -  20.5   15s
 69224 46916     cutoff  109         0.00000    0.02816      -  20.5   20s

Cutting planes:
  Gomory: 9
  Flow cover: 3
  RLT: 46
  Relax-and-lift: 3
  BQP: 7

Explored 84533 nodes (1742237 simplex iterations) in 23.50 seconds (23.21 work units)
Thread count was 4 (of 4 available processors)

Solution count 10: 6.28648e-07 5.86877e-07 4.79048e-07 ... 1.90493e-07

Optimization achieved user objective limit
Best objective 6.286477555176e-07, best bound 2.742328508892e-02, gap -
{"verdict": "PROVED", "status": "BOUND_REACHED", "runtime": 23.50270414352417, "objval": 6.286477555175977e-07, "objbound": 0.027423285088922944, "binaries": 46}
