Set parameter NodefileStart to value 6
Read parameters from file gurobi.env
Restricted license - for non-production use only - expires 2027-11-29
Set parameter OutputFlag to value 1
Set parameter Threads to value 4
Set parameter TimeLimit to value 360
Set parameter MIPGap to value 5e-05
Set parameter MIPFocus to value 2
Set parameter NonConvex to value 2
Set parameter BestBdStop to value 2.7426211734693878e-02
Gurobi Optimizer version 13.0.3 build v13.0.3rc0 (linux64 - "Ubuntu 24.04.5 LTS")

CPU model: AMD EPYC 7763 64-Core Processor, instruction set [SSE2|AVX|AVX2]
Thread count: 2 physical cores, 4 logical processors, using up to 4 threads

Non-default parameters:
TimeLimit  360
BestBdStop  2.7426211734693878e-02
MIPGap  5e-05
MIPFocus  2
NodefileStart  6
NonConvex  2
Threads  4

Optimize a model with 141 rows, 111 columns and 810 nonzeros (Max)
Model fingerprint: 0xaa6f1822
Model has 1 linear objective coefficients
Model has 50 quadratic constraints
Variable types: 65 continuous, 46 integer (46 binary)
Coefficient statistics:
  Matrix range     [5e-01, 1e+00]
  QMatrix range    [1e+00, 1e+00]
  QLMatrix range   [1e+00, 1e+00]
  Objective range  [1e+00, 1e+00]
  Bounds range     [5e-01, 1e+00]
  RHS range        [1e+00, 1e+00]

Found heuristic solution: objective -0.0000000
Presolve time: 0.00s
Presolved: 341 rows, 112 columns, 1210 nonzeros
Presolved model has 50 bilinear constraint(s)

Solving non-convex MIQCP to global optimality

Variable types: 66 continuous, 46 integer (46 binary)
Root relaxation presolve removed 50 rows and 1 columns
Root relaxation presolved: 291 rows, 111 columns, 1160 nonzeros


Root relaxation: objective 8.333333e-02, 117 iterations, 0.00 seconds (0.00 work units)

    Nodes    |    Current Node    |     Objective Bounds      |     Work
 Expl Unexpl |  Obj  Depth IntInf | Incumbent    BestBd   Gap | It/Node Time

     0     0    0.08333    0   50   -0.00000    0.08333      -     -    0s
     0     0    0.07143    0   50   -0.00000    0.07143      -     -    0s
     0     0    0.07143    0   63   -0.00000    0.07143      -     -    0s
     0     0    0.07143    0   58   -0.00000    0.07143      -     -    0s
     0     0    0.07143    0   57   -0.00000    0.07143      -     -    0s
     0     0    0.07143    0   70   -0.00000    0.07143      -     -    0s
     0     0    0.07143    0   43   -0.00000    0.07143      -     -    0s
     0     0    0.07143    0   43   -0.00000    0.07143      -     -    0s
     0     0    0.07143    0   43   -0.00000    0.07143      -     -    0s
     0     0    0.07143    0   48   -0.00000    0.07143      -     -    0s
     0     0    0.07143    0   63   -0.00000    0.07143      -     -    0s
     0     0    0.07143    0   43   -0.00000    0.07143      -     -    0s
     0     0    0.07143    0   43   -0.00000    0.07143      -     -    0s
     0     2    0.07143    0   43   -0.00000    0.07143      -     -    0s
* 1740  1343              80       0.0000008    0.07143      -  22.2    1s
* 1743  1291              80       0.0000008    0.07143      -  22.1    1s
* 2089  1487             135       0.0000010    0.06965      -  22.2    1s
* 2170  1451             135       0.0000014    0.06965      -  22.1    1s
H 3210  1924                       0.0000014    0.06829      -  20.2    3s
  5918  4142    0.00051   49   37    0.00000    0.06039      -  19.8    5s
 28596 21774     cutoff   49         0.00000    0.05100      -  18.3   10s
 54296 40303    0.00033   71   51    0.00000    0.04814      -  18.9   15s
 71390 52157    0.00230   47   50    0.00000    0.04701      -  19.2   20s
 90358 65148    0.02791   32   53    0.00000    0.04606      -  19.5   25s
 116036 83579    0.00005   89   46    0.00000    0.04533      -  19.4   30s
 138082 99226    0.04433   22   49    0.00000    0.04471      -  19.5   35s
 162615 115751    0.03527   34   53    0.00000    0.04414      -  19.5   40s
 187377 133569    0.04230   33   52    0.00000    0.04368      -  19.5   45s
 212665 151022    0.02821   35   44    0.00000    0.04326      -  19.5   50s
 239021 169546     cutoff   70         0.00000    0.04289      -  19.5   55s
 263444 185967    0.00453   41   51    0.00000    0.04251      -  19.5   60s
 285234 201081    0.00133   48   47    0.00000    0.04224      -  19.5   65s
 310689 218768    0.00002   94   40    0.00000    0.04202      -  19.4   70s
 335903 235727    0.00001   98   42    0.00000    0.04177      -  19.4   75s
 362242 253170    0.01840   36   51    0.00000    0.04148      -  19.4   80s
 387436 269858    0.00001  119   37    0.00000    0.04124      -  19.3   85s
 408347 283975    0.00009  108   35    0.00000    0.04104      -  19.3   90s
 432202 300258    0.01444   45   50    0.00000    0.04089      -  19.3   95s
 451544 313519     cutoff   46         0.00000    0.04075      -  19.3  100s
 477634 333219    0.01396   40   51    0.00000    0.04063      -  19.2  105s
 502599 350432    0.01486   41   51    0.00000    0.04048      -  19.2  110s
H519068 360078                       0.0000017    0.04039      -  19.2  113s
 526701 365711    0.00508   54   50    0.00000    0.04035      -  19.2  115s
 552042 383354    0.00382   43   53    0.00000    0.04021      -  19.2  120s
 573636 397934    0.00002  102   30    0.00000    0.04008      -  19.1  125s
 600181 415159    0.00306   46   37    0.00000    0.03994      -  19.1  130s
 624457 431560    0.00065   69   50    0.00000    0.03979      -  19.2  135s
 649058 449161    0.01152   37   43    0.00000    0.03969      -  19.2  140s
 674167 465739    0.00141   57   43    0.00000    0.03955      -  19.1  145s
 699320 482226    0.00333   48   50    0.00000    0.03941      -  19.1  150s
 726048 499273    0.00000  119   43    0.00000    0.03925      -  19.1  155s
 734410 505251 infeasible  104         0.00000    0.03921      -  19.1  160s
 759548 522439    0.01316   39   50    0.00000    0.03911      -  19.1  165s
 784915 539285    0.00781   44   50    0.00000    0.03900      -  19.1  170s
 811483 557299    0.00000   96   27    0.00000    0.03889      -  19.1  175s
 836241 573381    0.00000   82   21    0.00000    0.03878      -  19.1  180s
 861304 589534    0.02594   35   43    0.00000    0.03868      -  19.1  185s
 886040 605590    0.00000   78   25    0.00000    0.03857      -  19.1  190s
 911883 622637    0.00450   47   50    0.00000    0.03847      -  19.1  195s
 933586 636664     cutoff   57         0.00000    0.03842      -  19.1  200s
 955753 651342    0.00610   41   43    0.00000    0.03835      -  19.2  205s
 978778 666789    0.00002   74   36    0.00000    0.03826      -  19.2  210s
 1005294 684503    0.00015   62   54    0.00000    0.03817      -  19.2  215s
 1029964 700247    0.00314   57   50    0.00000    0.03809      -  19.2  220s
 1052978 715276    0.00003   75   45    0.00000    0.03800      -  19.1  225s
 1077694 731374     cutoff   41         0.00000    0.03792      -  19.1  230s
 1102447 747476    0.00189   49   43    0.00000    0.03785      -  19.1  235s
 1126666 763354    0.00759   47   47    0.00000    0.03778      -  19.1  240s
 1152138 779824     cutoff   98         0.00000    0.03771      -  19.1  245s
 1175709 795672    0.01728   44   50    0.00000    0.03764      -  19.1  250s
 1200172 812163    0.00560   41   53    0.00000    0.03759      -  19.1  255s
 1225312 828627    0.00000  108   31    0.00000    0.03752      -  19.1  260s
 1249525 844807    0.00061   69   50    0.00000    0.03745      -  19.1  265s
 1274154 860909    0.00481   52   51    0.00000    0.03739      -  19.1  270s
 1298323 877229    0.00016   48   42    0.00000    0.03732      -  19.1  275s
 1323190 894199    0.00000  114   12    0.00000    0.03727      -  19.1  280s
 1347094 910269    0.00580   54   52    0.00000    0.03723      -  19.1  285s
 1372872 926918    0.00004   59   43    0.00000    0.03716      -  19.1  290s
 1395092 941167    0.00269   54   51    0.00000    0.03709      -  19.1  295s
 1417826 956219    0.00040   70   37    0.00000    0.03704      -  19.0  300s
 1439973 970852    0.01229   41   54    0.00000    0.03699      -  19.0  305s
 1465225 987929     cutoff   57         0.00000    0.03693      -  19.1  310s
 1487808 1002815    0.00001   84   39    0.00000    0.03688      -  19.1  315s
 1509065 1016915    0.02475   44   50    0.00000    0.03683      -  19.1  320s
 1533789 1033012    0.00001   85   27    0.00000    0.03678      -  19.1  325s
 1560269 1050672     cutoff   53         0.00000    0.03672      -  19.1  330s
 1584480 1067208    0.00009   89   48    0.00000    0.03667      -  19.0  335s
 1609032 1083254    0.02172   42   52    0.00000    0.03662      -  19.1  340s
 1631625 1097675    0.01642   42   52    0.00000    0.03657      -  19.0  345s
 1656528 1114279    0.00796   50   50    0.00000    0.03652      -  19.0  350s
 1682202 1131610    0.00918   40   50    0.00000    0.03648      -  19.1  355s
 1706555 1147755    0.00168   38   43    0.00000    0.03643      -  19.0  360s

Cutting planes:
  Gomory: 5
  Implied bound: 3
  MIR: 2
  Flow cover: 8
  RLT: 61
  Relax-and-lift: 6
  BQP: 21

Explored 1706584 nodes (32510564 simplex iterations) in 360.00 seconds (372.67 work units)
Thread count was 4 (of 4 available processors)

Solution count 7: 1.65691e-06 1.4301e-06 1.42675e-06 ... -0

Time limit reached
Best objective 1.656914913354e-06, best bound 3.642673251109e-02, gap 2198367.2971%
{"verdict": "UNRESOLVED", "status": "TIME_LIMIT", "runtime": 360.00190711021423, "objval": 1.6569149133538476e-06, "objbound": 0.03642673251108783, "binaries": 46}
