Set parameter NodefileStart to value 6
Read parameters from file gurobi.env
Restricted license - for non-production use only - expires 2027-11-29
Set parameter OutputFlag to value 1
Set parameter Threads to value 4
Set parameter TimeLimit to value 360
Set parameter MIPGap to value 5e-05
Set parameter MIPFocus to value 2
Set parameter NonConvex to value 2
Set parameter BestBdStop to value 2.7426211734693878e-02
Gurobi Optimizer version 13.0.3 build v13.0.3rc0 (linux64 - "Ubuntu 24.04.5 LTS")

CPU model: AMD EPYC 7763 64-Core Processor, instruction set [SSE2|AVX|AVX2]
Thread count: 2 physical cores, 4 logical processors, using up to 4 threads

Non-default parameters:
TimeLimit  360
BestBdStop  2.7426211734693878e-02
MIPGap  5e-05
MIPFocus  2
NodefileStart  6
NonConvex  2
Threads  4

Optimize a model with 141 rows, 111 columns and 810 nonzeros (Max)
Model fingerprint: 0xa917a605
Model has 1 linear objective coefficients
Model has 50 quadratic constraints
Variable types: 65 continuous, 46 integer (46 binary)
Coefficient statistics:
  Matrix range     [5e-01, 1e+00]
  QMatrix range    [1e+00, 1e+00]
  QLMatrix range   [1e+00, 1e+00]
  Objective range  [1e+00, 1e+00]
  Bounds range     [5e-01, 1e+00]
  RHS range        [1e+00, 1e+00]

Found heuristic solution: objective -0.0000000
Presolve time: 0.00s
Presolved: 341 rows, 112 columns, 1210 nonzeros
Presolved model has 50 bilinear constraint(s)

Solving non-convex MIQCP to global optimality

Variable types: 66 continuous, 46 integer (46 binary)
Root relaxation presolve removed 70 rows and 11 columns
Root relaxation presolved: 271 rows, 101 columns, 1040 nonzeros


Root relaxation: objective 7.142857e-02, 101 iterations, 0.00 seconds (0.00 work units)

    Nodes    |    Current Node    |     Objective Bounds      |     Work
 Expl Unexpl |  Obj  Depth IntInf | Incumbent    BestBd   Gap | It/Node Time

     0     0    0.07143    0   50   -0.00000    0.07143      -     -    0s
     0     0    0.07143    0   59   -0.00000    0.07143      -     -    0s
     0     0    0.07143    0   43   -0.00000    0.07143      -     -    0s
     0     0    0.07143    0   54   -0.00000    0.07143      -     -    0s
     0     0    0.07143    0   37   -0.00000    0.07143      -     -    0s
H    0     0                       0.0000000    0.07143      -     -    0s
H    0     0                       0.0000001    0.07143      -     -    0s
     0     0    0.07143    0   50    0.00000    0.07143      -     -    0s
     0     0    0.07143    0   56    0.00000    0.07143      -     -    0s
     0     0    0.07143    0   51    0.00000    0.07143      -     -    0s
     0     0    0.07143    0   53    0.00000    0.07143      -     -    0s
     0     0    0.07143    0   59    0.00000    0.07143      -     -    0s
     0     0    0.07143    0   54    0.00000    0.07143      -     -    0s
     0     0    0.07143    0   54    0.00000    0.07143      -     -    0s
     0     2    0.07143    0   54    0.00000    0.07143      -     -    0s
*  629   603              83       0.0000001    0.07143      -  23.9    1s
H  631   603                       0.0000002    0.07143      -  23.9    1s
*  655   667             104       0.0000003    0.07143      -  23.3    1s
H 1172  1039                       0.0000003    0.07143      -  26.6    1s
H 1180   992                       0.0000003    0.07143      -  26.4    1s
H 4000  2444                       0.0000003    0.06321      -  27.8    3s
* 4251  2561              94       0.0000004    0.06321      -  27.2    3s
H 4755  2873                       0.0000009    0.06125      -  27.0    3s
 10056  7062    0.00127   37   27    0.00000    0.05556      -  28.7    5s
 26084 18896     cutoff   65         0.00000    0.05055      -  28.9   10s
H30695 22178                       0.0000009    0.05009      -  29.0   11s
H35711 26088                       0.0000009    0.04931      -  29.5   13s
 43854 31837    0.00292   41   44    0.00000    0.04834      -  29.4   15s
 61670 44670    0.00732   33   54    0.00000    0.04675      -  29.5   20s
 82371 59627    0.01324   35   51    0.00000    0.04559      -  29.2   25s
 102497 73930    0.00000   61   32    0.00000    0.04482      -  29.2   30s
 119118 85917    0.01492   37   50    0.00000    0.04426      -  29.3   35s
 141095 101239    0.02122   43   53    0.00000    0.04375      -  29.2   40s
 160044 114624    0.00762   45   53    0.00000    0.04327      -  29.4   45s
 179496 128414    0.00447   43   50    0.00000    0.04278      -  29.6   50s
 194424 139134 infeasible   60         0.00000    0.04252      -  29.5   55s
 213267 152376    0.00014   61   37    0.00000    0.04213      -  29.5   60s
 231919 165090    0.00062   61   50    0.00000    0.04182      -  29.6   65s
 252086 178993    0.00547   41   50    0.00000    0.04152      -  29.5   70s
 272274 193020    0.01120   36   50    0.00000    0.04127      -  29.5   75s
 291405 206508    0.03696   30   54    0.00000    0.04110      -  29.6   80s
 310205 219522    0.00067   62   50    0.00000    0.04089      -  29.7   85s
H315110 222524                       0.0000009    0.04082      -  29.7   86s
 327970 231659    0.00648   51   50    0.00000    0.04069      -  29.7   90s
 344951 243844     cutoff   68         0.00000    0.04051      -  29.6   95s
 362096 255228    0.00340   52   43    0.00000    0.04036      -  29.7  100s
 379147 267504    0.00463   53   44    0.00000    0.04023      -  29.6  105s
 395922 279070    0.00221   47   45    0.00000    0.04008      -  29.6  110s
 409401 288523    0.00004   56   37    0.00000    0.03996      -  29.6  115s
 427792 301058    0.00797   44   50    0.00000    0.03983      -  29.7  120s
 446295 313564    0.01026   47   52    0.00000    0.03969      -  29.7  125s
 464838 326513    0.00481   51   35    0.00000    0.03955      -  29.6  130s
 484897 340084    0.00000   95   34    0.00000    0.03944      -  29.5  135s
 503442 352855 infeasible   40         0.00000    0.03934      -  29.6  140s
 522317 366232    0.00256   47   50    0.00000    0.03924      -  29.6  145s
 541424 379389     cutoff   36         0.00000    0.03911      -  29.7  150s
 558059 391486    0.00008   76   52    0.00000    0.03904      -  29.7  155s
 576660 404140    0.01988   34   50    0.00000    0.03894      -  29.7  160s
 595873 417199    0.00251   52   50    0.00000    0.03881      -  29.7  165s
 614992 430338    0.00308   55   52    0.00000    0.03872      -  29.7  170s
 634354 443162    0.01470   40   51    0.00000    0.03859      -  29.7  175s
 651683 455084    0.00002   80   42    0.00000    0.03851      -  29.6  180s
 670330 468102    0.00000   62   36    0.00000    0.03842      -  29.7  185s
 688384 480324    0.01108   44   53    0.00000    0.03833      -  29.7  190s
 708021 493435    0.00088   55   50    0.00000    0.03824      -  29.8  195s
 727592 506880     cutoff   88         0.00000    0.03814      -  29.7  200s
 745702 519349    0.00991   45   50    0.00000    0.03807      -  29.8  205s
 764939 532400    0.01310   40   54    0.00000    0.03798      -  29.7  210s
 782740 544602    0.00154   50   53    0.00000    0.03790      -  29.7  215s
 801452 557693    0.00188   53   50    0.00000    0.03782      -  29.7  220s
 820410 571080    0.00058   58   51    0.00000    0.03775      -  29.7  225s
H830139 577001                       0.0000009    0.03770      -  29.7  227s
 837329 582266    0.00299   43   43    0.00000    0.03768      -  29.7  230s
 855002 594353    0.00012   68   50    0.00000    0.03761      -  29.7  235s
 870996 604964     cutoff   94         0.00000    0.03754      -  29.7  240s
 889434 617501    0.01716   44   50    0.00000    0.03747      -  29.7  245s
 909964 631482    0.00000   88   40    0.00000    0.03740      -  29.7  250s
 928788 644060    0.00500   48   50    0.00000    0.03733      -  29.6  255s
 945384 655593    0.01188   43   53    0.00000    0.03728      -  29.7  260s
 964882 668714     cutoff   84         0.00000    0.03723      -  29.6  265s
 985513 681968    0.00000   95   34    0.00000    0.03717      -  29.6  270s
 1004871 695105    0.00003   70   50    0.00000    0.03711      -  29.6  275s
 1021124 706186    0.03309   37   55    0.00000    0.03706      -  29.6  280s
 1039827 718697     cutoff   83         0.00000    0.03700      -  29.6  285s
 1058779 731327    0.00877   39   50    0.00000    0.03694      -  29.6  290s
 1078572 745123    0.00824   41   45    0.00000    0.03689      -  29.6  295s
 1098404 758491     cutoff   47         0.00000    0.03683      -  29.6  300s
 1114670 769466    0.00022   71   41    0.00000    0.03680      -  29.6  305s
 1134882 782876    0.00165   57   44    0.00000    0.03675      -  29.6  310s
 1153210 795232     cutoff   75         0.00000    0.03670      -  29.6  315s
 1173341 809140    0.01486   34   52    0.00000    0.03664      -  29.6  320s
 1190155 820357    0.00074   61   51    0.00000    0.03661      -  29.6  325s
 1209177 833172 infeasible   52         0.00000    0.03655      -  29.6  330s
 1229419 846754    0.00613   41   31    0.00000    0.03650      -  29.5  335s
 1249371 859683    0.00027   60   51    0.00000    0.03645      -  29.5  340s
 1267476 873449    0.01389   43   51    0.00000    0.03640      -  29.5  345s
 1286169 884555 infeasible   53         0.00000    0.03637      -  29.5  350s
 1298867 894816    0.00210   44   52    0.00000    0.03634      -  29.5  355s
 1319288 907055    0.00206   51   52    0.00000    0.03630      -  29.5  360s

Cutting planes:
  Gomory: 28
  Implied bound: 34
  MIR: 6
  Mixing: 1
  Flow cover: 64
  Inf proof: 2
  RLT: 128
  Relax-and-lift: 31
  BQP: 38

Explored 1319627 nodes (38920016 simplex iterations) in 360.00 seconds (366.05 work units)
Thread count was 4 (of 4 available processors)

Solution count 10: 9.29633e-07 9.29633e-07 9.11851e-07 ... 3.17111e-07

Time limit reached
Best objective 9.296325384765e-07, best bound 3.629476103393e-02, gap -
{"verdict": "UNRESOLVED", "status": "TIME_LIMIT", "runtime": 360.0031759738922, "objval": 9.296325384765213e-07, "objbound": 0.036294761033931755, "binaries": 46}
