Set parameter NodefileStart to value 6
Read parameters from file gurobi.env
Restricted license - for non-production use only - expires 2027-11-29
Set parameter OutputFlag to value 1
Set parameter Threads to value 4
Set parameter TimeLimit to value 360
Set parameter MIPGap to value 5e-05
Set parameter MIPFocus to value 2
Set parameter NonConvex to value 2
Set parameter BestBdStop to value 2.7426211734693878e-02
Gurobi Optimizer version 13.0.3 build v13.0.3rc0 (linux64 - "Ubuntu 24.04.5 LTS")

CPU model: Intel(R) Xeon(R) 6973P-C, instruction set [SSE2|AVX|AVX2|AVX512]
Thread count: 2 physical cores, 4 logical processors, using up to 4 threads

Non-default parameters:
TimeLimit  360
BestBdStop  2.7426211734693878e-02
MIPGap  5e-05
MIPFocus  2
NodefileStart  6
NonConvex  2
Threads  4

Optimize a model with 129 rows, 99 columns and 714 nonzeros (Max)
Model fingerprint: 0x8ccf12b8
Model has 1 linear objective coefficients
Model has 50 quadratic constraints
Variable types: 65 continuous, 34 integer (34 binary)
Coefficient statistics:
  Matrix range     [5e-01, 1e+00]
  QMatrix range    [1e+00, 1e+00]
  QLMatrix range   [1e+00, 1e+00]
  Objective range  [1e+00, 1e+00]
  Bounds range     [5e-01, 1e+00]
  RHS range        [1e+00, 1e+00]

Found heuristic solution: objective -0.0000000
Presolve time: 0.00s
Presolved: 329 rows, 100 columns, 1114 nonzeros
Presolved model has 50 bilinear constraint(s)

Solving non-convex MIQCP to global optimality

Variable types: 66 continuous, 34 integer (34 binary)
Root relaxation presolve removed 50 rows and 1 columns
Root relaxation presolved: 279 rows, 99 columns, 1064 nonzeros


Root relaxation: objective 1.250000e-01, 125 iterations, 0.00 seconds (0.00 work units)

    Nodes    |    Current Node    |     Objective Bounds      |     Work
 Expl Unexpl |  Obj  Depth IntInf | Incumbent    BestBd   Gap | It/Node Time

     0     0    0.12500    0   50   -0.00000    0.12500      -     -    0s
     0     0    0.08766    0   60   -0.00000    0.08766      -     -    0s
     0     0    0.08750    0   62   -0.00000    0.08750      -     -    0s
     0     0    0.08333    0   61   -0.00000    0.08333      -     -    0s
     0     0    0.08333    0   61   -0.00000    0.08333      -     -    0s
     0     0    0.07900    0   62   -0.00000    0.07900      -     -    0s
     0     0    0.07884    0   62   -0.00000    0.07884      -     -    0s
     0     0    0.07865    0   49   -0.00000    0.07865      -     -    0s
     0     0    0.07865    0   49   -0.00000    0.07865      -     -    0s
     0     0    0.07865    0   62   -0.00000    0.07865      -     -    0s
     0     0    0.07836    0   65   -0.00000    0.07836      -     -    0s
     0     0    0.07836    0   64   -0.00000    0.07836      -     -    0s
     0     0    0.07716    0   62   -0.00000    0.07716      -     -    0s
     0     0    0.07698    0   66   -0.00000    0.07698      -     -    0s
     0     0    0.07685    0   66   -0.00000    0.07685      -     -    0s
     0     0    0.07672    0   66   -0.00000    0.07672      -     -    0s
     0     0    0.07672    0   67   -0.00000    0.07672      -     -    0s
     0     0    0.07539    0   67   -0.00000    0.07539      -     -    0s
     0     0    0.07539    0   67   -0.00000    0.07539      -     -    0s
     0     2    0.07539    0   67   -0.00000    0.07539      -     -    0s
*  700   588              91       0.0000001    0.07539      -  29.3    0s
*  722   652             102       0.0000002    0.07539      -  28.5    0s
*  810   645             101       0.0000003    0.07143      -  27.1    0s
H 1176   925                       0.0000003    0.07143      -  31.0    0s
H 1185   884                       0.0000005    0.07143      -  30.8    0s
H 1683  1186                       0.0000005    0.07143      -  31.1    1s
* 1864  1121              93       0.0000007    0.06557      -  29.5    1s
 17013 11852    0.00000   60   17    0.00000    0.04970      -  29.4    5s
H30531 19959                       0.0000012    0.04751      -  29.0    7s
 46939 31559    0.00003   57   43    0.00000    0.04584      -  28.9   10s
 79018 52664    0.00748   31   50    0.00000    0.04361      -  28.8   15s
 108404 71873    0.00221   39   44    0.00000    0.04160      -  28.9   20s
 139327 91653     cutoff   30         0.00000    0.04035      -  29.0   25s
 171945 112841    0.02665   26   51    0.00000    0.03957      -  28.9   30s
 204935 133241     cutoff  107         0.00000    0.03894      -  28.7   35s
 236045 153684    0.00082   53   50    0.00000    0.03831      -  28.7   40s
 265537 172455    0.00467   35   51    0.00000    0.03778      -  28.6   45s
 297974 193269    0.00021   54   44    0.00000    0.03730      -  28.6   50s
 327413 212323    0.00001   76   26    0.00000    0.03688      -  28.5   55s
 358575 231766    0.00002   56   44    0.00000    0.03635      -  28.4   60s
H374464 241071                       0.0000012    0.03612      -  28.4   62s
 386313 248339    0.00385   42   50    0.00000    0.03592      -  28.4   65s
 417998 268503    0.00007   59   42    0.00000    0.03556      -  28.4   70s
 448675 288610     cutoff   70         0.00000    0.03532      -  28.5   75s
 473909 304071    0.00003   50   48    0.00000    0.03506      -  28.6   80s
 500956 321057 infeasible   30         0.00000    0.03483      -  28.5   85s
 532697 341929    0.02729   28   51    0.00000    0.03456      -  28.6   90s
 565339 361418 infeasible   57         0.00000    0.03423      -  28.5   95s
 596269 380483    0.02838   30   50    0.00000    0.03397      -  28.5  100s
 623395 397725    0.00000   51   48    0.00000    0.03383      -  28.6  105s
 655836 418433    0.00002   66   43    0.00000    0.03361      -  28.6  110s
 688480 439322    0.00133   37   18    0.00000    0.03340      -  28.6  115s
 720204 459021    0.00103   38   38    0.00000    0.03321      -  28.5  120s
 746287 474593    0.00057   40   37    0.00000    0.03301      -  28.5  125s
 778792 495354    0.00007   59   43    0.00000    0.03279      -  28.5  130s
 805520 512184    0.00000   89   27    0.00000    0.03263      -  28.5  135s
 835640 530368    0.00117   49   38    0.00000    0.03242      -  28.5  140s
 866794 549530    0.00445   43   51    0.00000    0.03225      -  28.5  145s
 896705 567640    0.00023   37   38    0.00000    0.03210      -  28.5  150s
 926058 585918    0.00801   29   52    0.00000    0.03196      -  28.5  155s
 956693 605000    0.00000   94   29    0.00000    0.03182      -  28.6  160s
 984501 621940     cutoff   61         0.00000    0.03168      -  28.6  165s
 1008525 637201    0.00001   86   28    0.00000    0.03155      -  28.6  170s
 1034222 652834    0.02849   31   51    0.00000    0.03143      -  28.6  175s
 1062416 670165    0.00003   65   34    0.00000    0.03130      -  28.6  180s
 1094479 688817     cutoff   32         0.00000    0.03113      -  28.6  185s
 1121911 706530     cutoff   65         0.00000    0.03104      -  28.7  190s
 1151726 724843    0.00007   38   36    0.00000    0.03090      -  28.7  195s
 1182533 743541    0.02497   29   53    0.00000    0.03075      -  28.7  200s
 1213153 762333    0.00000   85   27    0.00000    0.03062      -  28.7  205s
 1242564 780341    0.00842   35   50    0.00000    0.03050      -  28.7  210s
 1271786 797450    0.02409   30   50    0.00000    0.03037      -  28.7  215s
 1304261 816594     cutoff   67         0.00000    0.03022      -  28.7  220s
 1332036 833326    0.00029   49   37    0.00000    0.03011      -  28.7  225s
 1360952 850904    0.00103   43   37    0.00000    0.03001      -  28.7  230s
 1389965 868814    0.00761   43   50    0.00000    0.02993      -  28.7  235s
 1417975 885534    0.00008   59   49    0.00000    0.02983      -  28.7  240s
 1449875 904769    0.02317   32   50    0.00000    0.02972      -  28.7  245s
 1478742 921822    0.00004   56   42    0.00000    0.02960      -  28.7  250s
 1504242 936711    0.00012   43   51    0.00000    0.02952      -  28.7  255s
 1529298 951939    0.02151   35   51    0.00000    0.02945      -  28.7  260s
 1556891 969092    0.01689   32   50    0.00000    0.02937      -  28.7  265s
 1585918 986581    0.00001   87   20    0.00000    0.02928      -  28.7  270s
 1614782 1004060    0.00001   43   43    0.00000    0.02918      -  28.7  275s
 1644524 1022151    0.00057   37   38    0.00000    0.02907      -  28.7  280s
 1672907 1038588    0.00724   32   43    0.00000    0.02897      -  28.7  285s
 1701690 1056276    0.00040   52   50    0.00000    0.02891      -  28.7  290s
 1732095 1073723    0.00216   35   37    0.00000    0.02880      -  28.7  295s
 1752780 1086798    0.02245   30   52    0.00000    0.02874      -  28.7  300s
 1782974 1105222    0.00678   42   50    0.00000    0.02866      -  28.7  305s
 1814830 1124742    0.01552   32   50    0.00000    0.02857      -  28.7  310s
 1845626 1143652    0.00775   31   50    0.00000    0.02848      -  28.7  315s
 1875886 1162003    0.01796   30   45    0.00000    0.02841      -  28.7  320s
 1906899 1180161     cutoff   34         0.00000    0.02831      -  28.8  325s
 1935231 1197130    0.00000   62   24    0.00000    0.02824      -  28.8  330s
H1941574 1200682                       0.0000012    0.02822      -  28.8  331s
H1943015 1194235                       0.0000014    0.02822      -  28.8  332s
 1959833 1205254    0.00183   47   36    0.00000    0.02818      -  28.7  335s
 1989989 1222801    0.00124   33   31    0.00000    0.02810      -  28.8  340s
 2020380 1240864    0.00056   60   44    0.00000    0.02803      -  28.8  345s
 2050930 1260167    0.00016   66   43    0.00000    0.02796      -  28.8  350s
 2072914 1276888    0.00023   52   50    0.00000    0.02792      -  28.8  355s
 2103153 1292712    0.00476   36   51    0.00000    0.02785      -  28.8  360s

Cutting planes:
  Gomory: 12
  Lift-and-project: 2
  Implied bound: 8
  MIR: 8
  Flow cover: 45
  Inf proof: 2
  RLT: 66
  Relax-and-lift: 6
  BQP: 25

Explored 2103548 nodes (60531633 simplex iterations) in 360.00 seconds (510.88 work units)
Thread count was 4 (of 4 available processors)

Solution count 10: 1.42254e-06 1.24896e-06 1.24346e-06 ... 6.31816e-08

Time limit reached
Best objective 1.422542875758e-06, best bound 2.785263093254e-02, gap 1957846.6747%
{"verdict": "UNRESOLVED", "status": "TIME_LIMIT", "runtime": 360.00215888023376, "objval": 1.4225428757579347e-06, "objbound": 0.027852630932540933, "binaries": 34}
