Set parameter NodefileStart to value 6
Read parameters from file gurobi.env
Restricted license - for non-production use only - expires 2027-11-29
Set parameter OutputFlag to value 1
Set parameter Threads to value 4
Set parameter TimeLimit to value 360
Set parameter MIPGap to value 5e-05
Set parameter MIPFocus to value 2
Set parameter NonConvex to value 2
Set parameter BestBdStop to value 2.7426211734693878e-02
Gurobi Optimizer version 13.0.3 build v13.0.3rc0 (linux64 - "Ubuntu 24.04.5 LTS")

CPU model: AMD EPYC 9V74 80-Core Processor, instruction set [SSE2|AVX|AVX2]
Thread count: 2 physical cores, 4 logical processors, using up to 4 threads

Non-default parameters:
TimeLimit  360
BestBdStop  2.7426211734693878e-02
MIPGap  5e-05
MIPFocus  2
NodefileStart  6
NonConvex  2
Threads  4

Optimize a model with 141 rows, 111 columns and 810 nonzeros (Max)
Model fingerprint: 0xf1aba299
Model has 1 linear objective coefficients
Model has 50 quadratic constraints
Variable types: 65 continuous, 46 integer (46 binary)
Coefficient statistics:
  Matrix range     [5e-01, 1e+00]
  QMatrix range    [1e+00, 1e+00]
  QLMatrix range   [1e+00, 1e+00]
  Objective range  [1e+00, 1e+00]
  Bounds range     [5e-01, 1e+00]
  RHS range        [1e+00, 1e+00]

Found heuristic solution: objective -0.0000000
Presolve time: 0.00s
Presolved: 341 rows, 112 columns, 1210 nonzeros
Presolved model has 50 bilinear constraint(s)

Solving non-convex MIQCP to global optimality

Variable types: 66 continuous, 46 integer (46 binary)
Root relaxation presolve removed 50 rows and 1 columns
Root relaxation presolved: 291 rows, 111 columns, 1160 nonzeros


Root relaxation: objective 8.333333e-02, 111 iterations, 0.00 seconds (0.00 work units)

    Nodes    |    Current Node    |     Objective Bounds      |     Work
 Expl Unexpl |  Obj  Depth IntInf | Incumbent    BestBd   Gap | It/Node Time

     0     0    0.08333    0   50   -0.00000    0.08333      -     -    0s
H    0     0                       0.0000001    0.08333      -     -    0s
     0     0    0.08333    0   59    0.00000    0.08333      -     -    0s
     0     0    0.08333    0   51    0.00000    0.08333      -     -    0s
     0     0    0.08333    0   46    0.00000    0.08333      -     -    0s
     0     0    0.08333    0   45    0.00000    0.08333      -     -    0s
     0     0    0.08333    0   45    0.00000    0.08333      -     -    0s
     0     0    0.08333    0   46    0.00000    0.08333      -     -    0s
     0     0    0.08333    0   42    0.00000    0.08333      -     -    0s
     0     0    0.08333    0   42    0.00000    0.08333      -     -    0s
     0     2    0.08333    0   42    0.00000    0.08333      -     -    0s
H  377   380                       0.0000002    0.08333      -  14.4    0s
H  580   560                       0.0000004    0.08333      -  17.7    0s
H  659   615                       0.0000004    0.08333      -  18.5    0s
H 4099  2643                       0.0000006    0.06536      -  21.9    2s
H 5298  3522                       0.0000007    0.06536      -  21.3    2s
H 5454  3616                       0.0000007    0.06536      -  21.2    2s
H 5921  4020                       0.0000009    0.06536      -  21.5    3s
 13198  9579    0.02988   29   55    0.00000    0.06154      -  22.7    5s
 31108 21866    0.03456   36   53    0.00000    0.05623      -  24.6   10s
H44308 31417                       0.0000009    0.05469      -  26.1   13s
 48394 34477    0.01497   34   49    0.00000    0.05427      -  26.7   15s
 66894 47002    0.00003   57   43    0.00000    0.05299      -  27.4   20s
H76554 53481                       0.0000010    0.05238      -  27.8   22s
 85046 59328    0.00548   44   52    0.00000    0.05208      -  28.2   25s
 104824 72713    0.00243   47   57    0.00000    0.05127      -  28.7   30s
 123605 85608    0.00236   44   51    0.00000    0.05051      -  28.9   35s
 141911 97844     cutoff   46         0.00000    0.04986      -  29.1   40s
 161055 110530    0.00003   62   38    0.00000    0.04918      -  29.3   45s
 175956 120248    0.00163   50   44    0.00000    0.04880      -  29.4   50s
 194555 132935    0.00000   81   18    0.00000    0.04825      -  29.4   55s
 213452 145608    0.00004   56   35    0.00000    0.04768      -  29.4   60s
 233191 158763    0.01337   36   46    0.00000    0.04723      -  29.4   65s
 252668 172233    0.00141   66   52    0.00000    0.04674      -  29.3   70s
 272294 185274     cutoff   68         0.00000    0.04645      -  29.4   75s
 290186 197339     cutoff   92         0.00000    0.04618      -  29.4   80s
 309721 210291    0.01037   44   51    0.00000    0.04589      -  29.4   85s
 327378 221728    0.00000   95   21    0.00000    0.04559      -  29.4   90s
 342846 232012    0.00001   94   38    0.00000    0.04534      -  29.5   95s
 362177 244924    0.02058   36   47    0.00000    0.04505      -  29.5  100s
 380410 256552    0.00000   87   37    0.00000    0.04484      -  29.5  105s
 398023 268030    0.00147   55   38    0.00000    0.04469      -  29.5  110s
 411878 277154    0.00153   56   51    0.00000    0.04459      -  29.5  115s
 429990 288915    0.00007   82   53    0.00000    0.04440      -  29.5  120s
 449007 301525    0.00106   56   44    0.00000    0.04423      -  29.5  125s
 467367 313331    0.00041   63   41    0.00000    0.04407      -  29.6  130s
 486113 324933    0.03601   28   52    0.00000    0.04392      -  29.6  135s
 500040 335068    0.02497   39   53    0.00000    0.04387      -  29.6  140s
 519635 347850     cutoff   86         0.00000    0.04368      -  29.7  145s
 538345 360186    0.00165   64   52    0.00000    0.04352      -  29.7  150s
 557069 372414    0.00068   54   52    0.00000    0.04335      -  29.7  155s
 575832 384861    0.00480   45   43    0.00000    0.04321      -  29.7  160s
 593401 396535    0.00002   68   55    0.00000    0.04312      -  29.7  165s
 612489 408564     cutoff   46         0.00000    0.04296      -  29.7  170s
 631489 421799    0.00000  108   14    0.00000    0.04286      -  29.7  175s
 649368 433407    0.03824   25   47    0.00000    0.04275      -  29.7  180s
 668818 445947    0.02789   36   52    0.00000    0.04261      -  29.7  185s
 687605 457912    0.00014   68   50    0.00000    0.04250      -  29.7  190s
 702413 468094    0.00037   56   50    0.00000    0.04242      -  29.7  195s
 717519 481049    0.00000   92   29    0.00000    0.04241      -  29.7  200s
 738550 492544    0.01813   37   54    0.00000    0.04229      -  29.8  205s
 756813 504425    0.00001   88   45    0.00000    0.04219      -  29.8  210s
 774965 516274     cutoff   49         0.00000    0.04207      -  29.8  215s
 793098 527393    0.00525   30   43    0.00000    0.04198      -  29.8  220s
 811254 539433     cutoff   53         0.00000    0.04189      -  29.8  225s
 829761 551504    0.00719   46   44    0.00000    0.04180      -  29.8  230s
 847201 563002    0.00472   41   53    0.00000    0.04172      -  29.8  235s
 859530 571065    0.00001   60   33    0.00000    0.04167      -  29.8  240s
H875987 582165                       0.0000010    0.04160      -  29.8  245s
 893690 593519    0.00158   53   52    0.00000    0.04153      -  29.9  250s
 912323 604944    0.00378   45   43    0.00000    0.04145      -  29.9  255s
 930102 616161    0.00000   66   32    0.00000    0.04133      -  29.9  260s
 948254 628039    0.00066   50   55    0.00000    0.04126      -  29.9  265s
 965922 639257    0.00153   50   38    0.00000    0.04116      -  30.0  270s
 983845 651148    0.00008   71   43    0.00000    0.04110      -  30.0  275s
 1001075 661880     cutoff   46         0.00000    0.04102      -  30.0  280s
 1020008 674120    0.00003   69   50    0.00000    0.04093      -  30.1  285s
 1035060 683982 infeasible   71         0.00000    0.04087      -  30.1  290s
 1050983 694117    0.00822   46   51    0.00000    0.04079      -  30.1  295s
 1068066 704814    0.00133   46   50    0.00000    0.04071      -  30.2  300s
 1086600 716567    0.01064   46   51    0.00000    0.04064      -  30.2  305s
 1105142 728399    0.00002   76   52    0.00000    0.04057      -  30.2  310s
 1123538 739716    0.00017   61   51    0.00000    0.04049      -  30.2  315s
 1141423 751424    0.00000   93   48    0.00000    0.04044      -  30.3  320s
 1157774 761810    0.01046   33   43    0.00000    0.04038      -  30.3  325s
 1175271 772402    0.03417   33   57    0.00000    0.04031      -  30.3  330s
 1193214 783631     cutoff   76         0.00000    0.04025      -  30.3  335s
H1195073 784440                       0.0000010    0.04024      -  30.3  336s
H1196340 785269                       0.0000010    0.04024      -  30.3  337s
H1196562 785272                       0.0000010    0.04024      -  30.3  337s
 1203304 789617    0.00064   62   52    0.00000    0.04021      -  30.3  340s
 1222848 802511    0.00784   37   53    0.00000    0.04014      -  30.3  345s
 1241236 814358    0.02309   37   53    0.00000    0.04007      -  30.3  350s
 1258821 825143    0.00000   62   35    0.00000    0.04000      -  30.4  355s
 1276312 836158     cutoff   46         0.00000    0.03995      -  30.4  360s

Cutting planes:
  Gomory: 36
  Implied bound: 36
  MIR: 19
  Mixing: 1
  Flow cover: 95
  Inf proof: 1
  RLT: 109
  Relax-and-lift: 17
  BQP: 46

Explored 1276707 nodes (38800214 simplex iterations) in 360.00 seconds (369.25 work units)
Thread count was 4 (of 4 available processors)

Solution count 10: 1.00831e-06 1.00062e-06 9.98386e-07 ... 4.21422e-07

Time limit reached
Best objective 1.008312122269e-06, best bound 3.995426354336e-02, gap 3962389.6558%
{"verdict": "UNRESOLVED", "status": "TIME_LIMIT", "runtime": 360.00386595726013, "objval": 1.0083121222692615e-06, "objbound": 0.039954263543364496, "binaries": 46}
