Set parameter NodefileStart to value 6
Read parameters from file gurobi.env
Restricted license - for non-production use only - expires 2027-11-29
Set parameter OutputFlag to value 1
Set parameter Threads to value 4
Set parameter TimeLimit to value 360
Set parameter MIPGap to value 5e-05
Set parameter MIPFocus to value 2
Set parameter NonConvex to value 2
Set parameter BestBdStop to value 2.7426211734693878e-02
Gurobi Optimizer version 13.0.3 build v13.0.3rc0 (linux64 - "Ubuntu 24.04.5 LTS")

CPU model: AMD EPYC 7763 64-Core Processor, instruction set [SSE2|AVX|AVX2]
Thread count: 2 physical cores, 4 logical processors, using up to 4 threads

Non-default parameters:
TimeLimit  360
BestBdStop  2.7426211734693878e-02
MIPGap  5e-05
MIPFocus  2
NodefileStart  6
NonConvex  2
Threads  4

Optimize a model with 133 rows, 103 columns and 742 nonzeros (Max)
Model fingerprint: 0xc24fe0fa
Model has 1 linear objective coefficients
Model has 50 quadratic constraints
Variable types: 65 continuous, 38 integer (38 binary)
Coefficient statistics:
  Matrix range     [5e-01, 1e+00]
  QMatrix range    [1e+00, 1e+00]
  QLMatrix range   [1e+00, 1e+00]
  Objective range  [1e+00, 1e+00]
  Bounds range     [5e-01, 1e+00]
  RHS range        [1e+00, 1e+00]

Found heuristic solution: objective -0.0000000
Presolve time: 0.00s
Presolved: 333 rows, 104 columns, 1142 nonzeros
Presolved model has 50 bilinear constraint(s)

Solving non-convex MIQCP to global optimality

Variable types: 66 continuous, 38 integer (38 binary)
Root relaxation presolve removed 66 rows and 9 columns
Root relaxation presolved: 267 rows, 95 columns, 996 nonzeros


Root relaxation: objective 1.000000e-01, 130 iterations, 0.00 seconds (0.00 work units)

    Nodes    |    Current Node    |     Objective Bounds      |     Work
 Expl Unexpl |  Obj  Depth IntInf | Incumbent    BestBd   Gap | It/Node Time

     0     0    0.10000    0   50   -0.00000    0.10000      -     -    0s
     0     0    0.08000    0   59   -0.00000    0.08000      -     -    0s
     0     0    0.06667    0   65   -0.00000    0.06667      -     -    0s
     0     0    0.06452    0   67   -0.00000    0.06452      -     -    0s
     0     0    0.06250    0   57   -0.00000    0.06250      -     -    0s
     0     0    0.06250    0   47   -0.00000    0.06250      -     -    0s
     0     0    0.06244    0   62   -0.00000    0.06244      -     -    0s
     0     0    0.06240    0   56   -0.00000    0.06240      -     -    0s
     0     0    0.06146    0   62   -0.00000    0.06146      -     -    0s
     0     0    0.06139    0   61   -0.00000    0.06139      -     -    0s
     0     0    0.06139    0   62   -0.00000    0.06139      -     -    0s
     0     0    0.06139    0   57   -0.00000    0.06139      -     -    0s
     0     0    0.06139    0   60   -0.00000    0.06139      -     -    0s
     0     0    0.05977    0   62   -0.00000    0.05977      -     -    0s
     0     0    0.05977    0   57   -0.00000    0.05977      -     -    0s
     0     0    0.05963    0   57   -0.00000    0.05963      -     -    0s
     0     0    0.05963    0   58   -0.00000    0.05963      -     -    0s
     0     0    0.05963    0   58   -0.00000    0.05963      -     -    0s
     0     0    0.05963    0   58   -0.00000    0.05963      -     -    0s
     0     0    0.05963    0   58   -0.00000    0.05963      -     -    0s
     0     0    0.05961    0   58   -0.00000    0.05961      -     -    0s
     0     0    0.05961    0   58   -0.00000    0.05961      -     -    0s
     0     2    0.05961    0   58   -0.00000    0.05961      -     -    0s
*  478   450              69       0.0000000    0.05961      -  17.6    0s
*  506   508              72       0.0000000    0.05961      -  17.3    0s
*  629   548              85       0.0000002    0.05956      -  17.4    0s
*  630   548              85       0.0000002    0.05956      -  17.4    0s
H  779   716                       0.0000004    0.05956      -  17.8    0s
H  836   710                       0.0000004    0.05956      -  17.6    0s
* 2489  1643             120       0.0000005    0.03525      -  19.8    2s
* 2490  1593             120       0.0000005    0.03525      -  19.8    2s
* 2530  1558             121       0.0000005    0.03525      -  19.8    2s
* 2531  1513             121       0.0000005    0.03525      -  19.8    2s
H 2980  1719                       0.0000006    0.03525      -  19.3    2s
H 3227  1809                       0.0000008    0.03525      -  19.8    3s
* 4534  2735             110       0.0000008    0.03525      -  21.1    3s
 10136  6678    0.00419   36   56    0.00000    0.03525      -  22.1    5s
 28862 18533    0.00001   56   36    0.00000    0.03138      -  21.2   10s
 45443 29851    0.00000   66   20    0.00000    0.02967      -  20.7   15s
 67819 43096    0.01088   33   50    0.00000    0.02805      -  20.4   20s

Cutting planes:
  Gomory: 13
  Implied bound: 1
  MIR: 3
  Flow cover: 13
  RLT: 64
  Relax-and-lift: 3
  BQP: 12

Explored 85357 nodes (1725777 simplex iterations) in 23.79 seconds (23.55 work units)
Thread count was 4 (of 4 available processors)

Solution count 10: 8.24736e-07 7.52318e-07 5.65282e-07 ... 1.84192e-07

Optimization achieved user objective limit
Best objective 8.247360964240e-07, best bound 2.741303673806e-02, gap -
{"verdict": "PROVED", "status": "BOUND_REACHED", "runtime": 23.78652811050415, "objval": 8.247360964240065e-07, "objbound": 0.027413036738057554, "binaries": 38}
