02:21:30 UTC start: 1 unresolved seed region(s) and 0 missing piece(s) under [[[0,2,4],0],[[0,2,5],0],[[0,2,6],0],[[0,2,7],0],[[0,2,8],0],[[0,3,4],0],[[0,3,5],0],[[0,3,6],0],[[0,3,7],0],[[0,3,8],0],[[1,2,4],1],[[1,2,5],1],[[1,2,6],1],[[1,2,7],1],[[1,2,8],1],[[1,3,4],1],[[1,3,5],1],[[1,3,6],0],[[1,3,7],0],[[1,3,8],1],[[2,3,4],1],[[2,3,5],1],[[2,3,6],1],[[2,3,7],1],[[2,3,8],1],[[4,5,6],1],[[4,5,7],0],[[4,5,8],0],[[4,6,7],1]]
02:25:51 UTC split region (bound/target 36.461) on [[4,6,8],[4,7,8],[5,6,7],[5,6,8]]: 12 pieces proved, 4 open; total runs 16, proved 12, open regions 4
02:28:43 UTC split region (bound/target 1.273) on [[5,7,8],[6,7,8],[0,4,5],[0,4,6]]: 15 pieces proved, 1 open; total runs 32, proved 27, open regions 4
02:30:45 UTC split region (bound/target 1.020) on [[0,4,7],[0,4,8],[0,5,6],[0,5,7]]: 15 pieces proved, 1 open; total runs 48, proved 42, open regions 4
02:32:04 UTC split region (bound/target 1.053) on [[0,5,8],[0,6,7],[0,6,8],[0,7,8]]: 16 pieces proved, 0 open; total runs 64, proved 58, open regions 3
02:34:26 UTC split region (bound/target 1.282) on [[5,7,8],[6,7,8],[0,4,5],[0,4,6]]: 16 pieces proved, 0 open; total runs 80, proved 74, open regions 2
02:38:46 UTC split region (bound/target 1.328) on [[5,7,8],[6,7,8],[0,4,5],[0,4,6]]: 14 pieces proved, 2 open; total runs 96, proved 88, open regions 3
02:40:45 UTC split region (bound/target 1.074) on [[0,4,7],[0,4,8],[0,5,6],[0,5,7]]: 15 pieces proved, 1 open; total runs 112, proved 103, open regions 3
02:42:15 UTC split region (bound/target 1.114) on [[0,5,8],[0,6,7],[0,6,8],[0,7,8]]: 16 pieces proved, 0 open; total runs 128, proved 119, open regions 2
02:43:44 UTC split region (bound/target 1.180) on [[0,4,7],[0,4,8],[0,5,6],[0,5,7]]: 15 pieces proved, 1 open; total runs 144, proved 134, open regions 2
02:44:47 UTC region PROVED by a 300 s run (63 s); open 1
02:51:06 UTC split region (bound/target 1.496) on [[5,7,8],[6,7,8],[0,4,5],[0,4,6]]: 12 pieces proved, 4 open; total runs 161, proved 147, open regions 4
02:51:56 UTC split region (bound/target 1.060) on [[0,4,7],[0,4,8],[0,5,6],[0,5,7]]: 16 pieces proved, 0 open; total runs 177, proved 163, open regions 3
02:54:10 UTC split region (bound/target 1.087) on [[0,4,7],[0,4,8],[0,5,6],[0,5,7]]: 15 pieces proved, 1 open; total runs 193, proved 178, open regions 3
02:55:17 UTC region PROVED by a 300 s run (66 s); open 2
02:58:03 UTC split region (bound/target 1.113) on [[0,4,7],[0,4,8],[0,5,6],[0,5,7]]: 14 pieces proved, 2 open; total runs 210, proved 193, open regions 3
02:59:48 UTC split region (bound/target 1.075) on [[0,5,8],[0,6,7],[0,6,8],[0,7,8]]: 15 pieces proved, 1 open; total runs 226, proved 208, open regions 3
03:00:50 UTC split region (bound/target 1.030) on [[1,4,5],[1,4,6],[1,4,7],[1,4,8]]: 16 pieces proved, 0 open; total runs 242, proved 224, open regions 2
03:02:19 UTC split region (bound/target 1.251) on [[0,4,7],[0,4,8],[0,5,6],[0,5,7]]: 15 pieces proved, 1 open; total runs 258, proved 239, open regions 2
03:04:05 UTC split region (bound/target 1.072) on [[0,5,8],[0,6,7],[0,6,8],[0,7,8]]: 15 pieces proved, 1 open; total runs 274, proved 254, open regions 2
03:05:17 UTC split region (bound/target 1.074) on [[1,4,5],[1,4,6],[1,4,7],[1,4,8]]: 16 pieces proved, 0 open; total runs 290, proved 270, open regions 1
03:07:01 UTC split region (bound/target 1.274) on [[0,5,8],[0,6,7],[0,6,8],[0,7,8]]: 15 pieces proved, 1 open; total runs 306, proved 285, open regions 1
03:08:17 UTC split region (bound/target 1.057) on [[1,4,5],[1,4,6],[1,4,7],[1,4,8]]: 16 pieces proved, 0 open; total runs 322, proved 301, open regions 0
03:08:17 UTC ALL REGIONS PROVED by this driver: runs 322, proved 301 (the certificate itself must still be checked with summarize.py and combine_plan_260927.py)
