Set parameter NodefileStart to value 6
Read parameters from file gurobi.env
Restricted license - for non-production use only - expires 2027-11-29
Set parameter OutputFlag to value 1
Set parameter Threads to value 4
Set parameter TimeLimit to value 360
Set parameter MIPGap to value 5e-05
Set parameter MIPFocus to value 2
Set parameter NonConvex to value 2
Set parameter BestBdStop to value 2.7426211734693878e-02
Gurobi Optimizer version 13.0.3 build v13.0.3rc0 (linux64 - "Ubuntu 24.04.5 LTS")

CPU model: AMD EPYC 9V74 80-Core Processor, instruction set [SSE2|AVX|AVX2]
Thread count: 2 physical cores, 4 logical processors, using up to 4 threads

Non-default parameters:
TimeLimit  360
BestBdStop  2.7426211734693878e-02
MIPGap  5e-05
MIPFocus  2
NodefileStart  6
NonConvex  2
Threads  4

Optimize a model with 121 rows, 91 columns and 658 nonzeros (Max)
Model fingerprint: 0xe2163709
Model has 1 linear objective coefficients
Model has 50 quadratic constraints
Variable types: 65 continuous, 26 integer (26 binary)
Coefficient statistics:
  Matrix range     [5e-01, 1e+00]
  QMatrix range    [1e+00, 1e+00]
  QLMatrix range   [1e+00, 1e+00]
  Objective range  [1e+00, 1e+00]
  Bounds range     [5e-01, 1e+00]
  RHS range        [1e+00, 1e+00]

Found heuristic solution: objective -0.0000000
Presolve time: 0.00s
Presolved: 321 rows, 92 columns, 1058 nonzeros
Presolved model has 50 bilinear constraint(s)

Solving non-convex MIQCP to global optimality

Variable types: 66 continuous, 26 integer (26 binary)
Root relaxation presolve removed 50 rows and 1 columns
Root relaxation presolved: 271 rows, 91 columns, 1008 nonzeros


Root relaxation: objective 1.000000e-01, 110 iterations, 0.00 seconds (0.00 work units)

    Nodes    |    Current Node    |     Objective Bounds      |     Work
 Expl Unexpl |  Obj  Depth IntInf | Incumbent    BestBd   Gap | It/Node Time

     0     0    0.10000    0   44   -0.00000    0.10000      -     -    0s
     0     0    0.08333    0   47   -0.00000    0.08333      -     -    0s
     0     0    0.08333    0   46   -0.00000    0.08333      -     -    0s
     0     0    0.08333    0   41   -0.00000    0.08333      -     -    0s
     0     0    0.08333    0   41   -0.00000    0.08333      -     -    0s
     0     0    0.08333    0   41   -0.00000    0.08333      -     -    0s
     0     2    0.08333    0   41   -0.00000    0.08333      -     -    0s
*  856   791             106       0.0000000    0.07143      -  26.7    0s
*  862   791             107       0.0000000    0.07143      -  26.8    0s
* 1924  1417             114       0.0000005    0.07143      -  23.7    1s
* 1925  1369             114       0.0000005    0.07143      -  23.7    1s
* 2049  1335             118       0.0000007    0.07143      -  23.3    1s
H 4113  2560                       0.0000007    0.06312      -  23.4    2s
*12340  8968              70       0.0000008    0.05411      -  20.4    4s
 17252 13287    0.00000  107   12    0.00000    0.05309      -  19.4    5s
*25371 18820             124       0.0000008    0.05080      -  19.0    7s
*28701 20976              89       0.0000009    0.05008      -  19.1    7s
*30337 22403              89       0.0000009    0.05000      -  18.8    8s
 38893 28055    0.02243   20   50    0.00000    0.04840      -  19.1   10s
 62540 43990     cutoff   64         0.00000    0.04599      -  19.9   15s
H73684 51595                       0.0000010    0.04526      -  20.0   17s
 83923 58681    0.00519   36   50    0.00000    0.04440      -  20.2   20s
 106909 74271    0.00193   44   50    0.00000    0.04318      -  20.3   25s
 130429 89824    0.01248   26   51    0.00000    0.04233      -  20.6   30s
*154481 104383              91       0.0000010    0.04113      -  20.8   34s
 154690 104631     cutoff   43         0.00000    0.04113      -  20.8   35s
 176726 118821    0.00001   78   44    0.00000    0.04030      -  20.7   40s
H190083 127940                       0.0000010    0.03990      -  20.7   42s
 197206 132657    0.00014   57   35    0.00000    0.03965      -  20.7   45s
 221925 148494    0.01435   31   51    0.00000    0.03899      -  20.7   50s
 246323 164248    0.02474   28   51    0.00000    0.03840      -  20.7   55s
 270102 178888     cutoff   74         0.00000    0.03779      -  20.7   60s
 295565 194533    0.00028   50   50    0.00000    0.03724      -  20.8   65s
 318386 209891     cutoff   28         0.00000    0.03688      -  20.8   70s
 341383 224514     cutoff   58         0.00000    0.03651      -  20.8   75s
 365462 238825    0.01593   35   50    0.00000    0.03618      -  20.8   80s
 389695 253469    0.00395   38   50    0.00000    0.03577      -  20.8   85s
 411199 266935     cutoff   55         0.00000    0.03549      -  20.8   90s
 433520 281008    0.00033   59   51    0.00000    0.03518      -  20.8   95s
H440036 284676                       0.0000011    0.03508      -  20.8   96s
 453272 292820     cutoff   38         0.00000    0.03492      -  20.8  101s
 472570 304257     cutoff   57         0.00000    0.03466      -  20.8  105s
 490153 315389    0.00163   44   38    0.00000    0.03447      -  20.8  110s
 514382 330808    0.01543   31   53    0.00000    0.03426      -  20.8  115s
 538068 345708    0.00001   67   44    0.00000    0.03409      -  20.9  120s
 560616 360058    0.00026   52   50    0.00000    0.03391      -  20.9  125s
 585476 375383    0.00908   34   50    0.00000    0.03371      -  20.9  130s
 609543 389736    0.00076   45   50    0.00000    0.03353      -  20.9  135s
 634034 404755    0.00830   37   50    0.00000    0.03333      -  20.8  140s
 656072 418774    0.01346   31   50    0.00000    0.03319      -  20.9  145s
 678239 432563    0.00766   32   50    0.00000    0.03306      -  20.9  150s
 702435 447133    0.00852   34   50    0.00000    0.03288      -  20.8  155s
 727891 462264    0.00001   30   28    0.00000    0.03272      -  20.8  160s
 750941 475974    0.00000   64   23    0.00000    0.03255      -  20.8  165s
 776713 491689    0.00326   38   50    0.00000    0.03242      -  20.8  170s
 798827 505211    0.00165   43   43    0.00000    0.03231      -  20.8  175s
 823086 520580     cutoff  101         0.00000    0.03218      -  20.8  180s
 847561 535310    0.01609   29   51    0.00000    0.03205      -  20.8  185s
*861041 543271             109       0.0000011    0.03198      -  20.8  187s
*861047 542947             109       0.0000011    0.03198      -  20.8  187s
 869330 547609    0.02795   31   53    0.00000    0.03194      -  20.9  190s
 894008 562587    0.00474   44   50    0.00000    0.03182      -  20.8  195s
 919521 577958    0.00490   35   51    0.00000    0.03168      -  20.9  200s
 940081 590729    0.00952   27   44    0.00000    0.03159      -  20.9  205s
 960134 602550     cutoff   50         0.00000    0.03151      -  20.9  210s
 983193 617034    0.00008   59   43    0.00000    0.03141      -  20.9  215s
 1005011 630374    0.02092   32   52    0.00000    0.03129      -  20.9  220s
 1025053 643214    0.00574   42   52    0.00000    0.03122      -  20.9  225s
H1029098 644064                       0.0000012    0.03121      -  20.9  226s
 1045051 653316    0.00002   63   44    0.00000    0.03112      -  20.9  230s
*1048914 655239             117       0.0000012    0.03111      -  20.9  230s
 1068409 666939    0.00276   41   50    0.00000    0.03103      -  20.9  235s
 1091906 680508    0.01591   32   43    0.00000    0.03091      -  20.9  240s
 1113611 694026    0.00170   43   50    0.00000    0.03084      -  20.9  245s
 1136577 707381    0.00458   37   46    0.00000    0.03075      -  20.9  250s
 1160745 721572    0.02106   33   50    0.00000    0.03066      -  20.9  255s
 1183992 735880    0.00003   58   50    0.00000    0.03057      -  20.9  260s
 1207483 750229    0.01439   44   50    0.00000    0.03050      -  21.0  265s
 1231220 764305    0.00315   41   45    0.00000    0.03042      -  21.0  270s
 1246324 773078    0.00339   45   50    0.00000    0.03037      -  21.0  275s
 1269466 787595    0.00000  104    9    0.00000    0.03030      -  21.0  280s
 1293550 801658    0.00446   41   50    0.00000    0.03020      -  21.0  285s
 1318259 816313    0.02415   27   51    0.00000    0.03011      -  20.9  290s
 1342068 829995    0.00001   71   49    0.00000    0.03002      -  21.0  295s
 1365447 844080    0.00470   32   50    0.00000    0.02994      -  21.0  300s
 1389622 857643    0.00438   40   51    0.00000    0.02985      -  21.0  305s
 1414199 872716    0.02692   28   51    0.00000    0.02976      -  21.0  310s
 1438101 885777    0.00634   41   44    0.00000    0.02967      -  21.0  315s
 1461766 899562    0.00005   44   29    0.00000    0.02960      -  21.0  320s
 1485684 912859    0.00616   42   51    0.00000    0.02952      -  21.0  325s
 1500186 921165    0.02898   31   52    0.00000    0.02948      -  21.0  330s
 1519429 932789     cutoff   68         0.00000    0.02942      -  21.0  335s
 1539176 944169    0.00059   46   37    0.00000    0.02937      -  21.0  340s
 1561067 956854    0.01386   38   51    0.00000    0.02931      -  21.0  345s
 1577062 966989    0.00130   38   44    0.00000    0.02928      -  21.0  350s
 1598867 980511    0.00842   40   50    0.00000    0.02922      -  21.0  355s
 1623388 995578     cutoff   47         0.00000    0.02916      -  21.0  360s

Cutting planes:
  Gomory: 3
  Implied bound: 5
  MIR: 1
  Flow cover: 3
  Inf proof: 1
  RLT: 50
  Relax-and-lift: 4
  BQP: 30

Explored 1623453 nodes (34084543 simplex iterations) in 360.00 seconds (375.09 work units)
Thread count was 4 (of 4 available processors)

Solution count 10: 1.18801e-06 1.16737e-06 1.10648e-06 ... 8.25799e-07

Time limit reached
Best objective 1.188008878498e-06, best bound 2.916160570400e-02, gap 2454562.2699%
{"verdict": "UNRESOLVED", "status": "TIME_LIMIT", "runtime": 360.0018901824951, "objval": 1.1880088784977559e-06, "objbound": 0.029161605704004407, "binaries": 26}
