Set parameter NodefileStart to value 6
Read parameters from file gurobi.env
Restricted license - for non-production use only - expires 2027-11-29
Set parameter OutputFlag to value 1
Set parameter Threads to value 4
Set parameter TimeLimit to value 360
Set parameter MIPGap to value 5e-05
Set parameter MIPFocus to value 2
Set parameter NonConvex to value 2
Set parameter BestBdStop to value 2.7426211734693878e-02
Gurobi Optimizer version 13.0.3 build v13.0.3rc0 (linux64 - "Ubuntu 24.04.5 LTS")

CPU model: AMD EPYC 7763 64-Core Processor, instruction set [SSE2|AVX|AVX2]
Thread count: 2 physical cores, 4 logical processors, using up to 4 threads

Non-default parameters:
TimeLimit  360
BestBdStop  2.7426211734693878e-02
MIPGap  5e-05
MIPFocus  2
NodefileStart  6
NonConvex  2
Threads  4

Optimize a model with 137 rows, 107 columns and 774 nonzeros (Max)
Model fingerprint: 0x03bed38c
Model has 1 linear objective coefficients
Model has 50 quadratic constraints
Variable types: 65 continuous, 42 integer (42 binary)
Coefficient statistics:
  Matrix range     [5e-01, 1e+00]
  QMatrix range    [1e+00, 1e+00]
  QLMatrix range   [1e+00, 1e+00]
  Objective range  [1e+00, 1e+00]
  Bounds range     [5e-01, 1e+00]
  RHS range        [1e+00, 1e+00]

Found heuristic solution: objective -0.0000000
Presolve time: 0.00s
Presolved: 337 rows, 108 columns, 1174 nonzeros
Presolved model has 50 bilinear constraint(s)

Solving non-convex MIQCP to global optimality

Variable types: 66 continuous, 42 integer (42 binary)
Root relaxation presolve removed 50 rows and 1 columns
Root relaxation presolved: 287 rows, 107 columns, 1124 nonzeros


Root relaxation: objective 1.250000e-01, 108 iterations, 0.00 seconds (0.00 work units)

    Nodes    |    Current Node    |     Objective Bounds      |     Work
 Expl Unexpl |  Obj  Depth IntInf | Incumbent    BestBd   Gap | It/Node Time

     0     0    0.12500    0   41   -0.00000    0.12500      -     -    0s
     0     0    0.10000    0   63   -0.00000    0.10000      -     -    0s
     0     0    0.10000    0   44   -0.00000    0.10000      -     -    0s
     0     0    0.10000    0   37   -0.00000    0.10000      -     -    0s
     0     0    0.10000    0   37   -0.00000    0.10000      -     -    0s
     0     0    0.10000    0   37   -0.00000    0.10000      -     -    0s
     0     2    0.10000    0   37   -0.00000    0.10000      -     -    0s
*  688   639              88       0.0000003    0.10000      -  13.8    0s
H 1470  1131                       0.0000005    0.06377      -  19.5    1s
* 2842  1702             121       0.0000005    0.06208      -  20.9    1s
H 3077  1775                       0.0000007    0.06208      -  22.1    1s
H 3213  1849                       0.0000007    0.06208      -  21.6    1s
H 3979  2290                       0.0000008    0.05750      -  21.9    2s
 15343 10817    0.00009   38   34    0.00000    0.04951      -  27.2    5s
H16286 10845                       0.0000011    0.04923      -  26.9    5s
H29289 19258                       0.0000014    0.04744      -  27.4    8s
 34832 22910    0.00000   76   46    0.00000    0.04633      -  27.2   10s
H36089 23357                       0.0000015    0.04622      -  27.2   10s
 56429 36220    0.00019   45   37    0.00000    0.04420      -  27.7   15s
H58069 36994                       0.0000015    0.04405      -  27.8   15s
 77532 50700    0.00006   62   43    0.00000    0.04299      -  28.3   20s
 97660 63738    0.01407   39   53    0.00000    0.04238      -  29.0   25s
 118100 76790    0.00019   46   43    0.00000    0.04178      -  29.7   30s
 138253 90236    0.00148   44   52    0.00000    0.04134      -  30.4   35s
 158251 103617    0.00002   69   50    0.00000    0.04101      -  31.3   40s
 179721 117370    0.00449   53   50    0.00000    0.04069      -  31.4   45s
H189210 123563                       0.0000015    0.04056      -  31.7   47s
H190301 123782                       0.0000017    0.04055      -  31.7   47s
 197186 128111    0.00003   55   38    0.00000    0.04044      -  31.7   50s
 219844 142127     cutoff   76         0.00000    0.04008      -  31.8   55s
 238526 154782    0.02744   30   52    0.00000    0.03981      -  31.9   60s
 259307 168309    0.03708   23   64    0.00000    0.03955      -  31.9   65s
 280261 182108    0.03137   38   51    0.00000    0.03929      -  32.0   70s
 300634 194962    0.00689   41   50    0.00000    0.03907      -  32.1   75s
 321760 208598    0.00000   61   35    0.00000    0.03880      -  32.2   80s
 339976 220386    0.00283   37   52    0.00000    0.03863      -  32.3   85s
 360712 233479    0.00036   52   32    0.00000    0.03837      -  32.4   90s
H380136 245714                       0.0000017    0.03819      -  32.4   94s
 381450 246420    0.01274   41   52    0.00000    0.03817      -  32.4   95s
 400699 258378    0.00000   67   40    0.00000    0.03795      -  32.4  100s
 416389 268377    0.00009   62   50    0.00000    0.03784      -  32.5  105s
 433761 279495    0.01708   40   51    0.00000    0.03768      -  32.6  110s
 451567 291063    0.00690   46   45    0.00000    0.03755      -  32.7  115s
 469020 302088    0.00027   48   49    0.00000    0.03742      -  32.7  120s
 486691 313781    0.00133   42   36    0.00000    0.03733      -  32.8  125s
 508088 327260    0.00925   42   52    0.00000    0.03715      -  32.9  130s
 528433 340270    0.00308   43   36    0.00000    0.03699      -  32.9  135s
 548609 353472     cutoff   58         0.00000    0.03689      -  33.0  140s
 569431 366048    0.00002   55   47    0.00000    0.03672      -  33.1  145s
 587341 376252    0.00000   48   34    0.00000    0.03658      -  33.1  150s
 608030 389203    0.00988   43   50    0.00000    0.03644      -  33.1  155s
 629365 402553    0.00000   77   42    0.00000    0.03630      -  33.2  160s
 648133 413765    0.01634   46   52    0.00000    0.03615      -  33.2  165s
 668824 427250    0.01115   43   50    0.00000    0.03602      -  33.2  170s
 689387 439837    0.00741   45   52    0.00000    0.03591      -  33.3  175s
 707840 450841     cutoff   61         0.00000    0.03580      -  33.3  180s
 727560 463924    0.00580   44   50    0.00000    0.03571      -  33.4  185s
 749343 477111    0.00375   45   50    0.00000    0.03556      -  33.4  190s
 769729 490231     cutoff   51         0.00000    0.03549      -  33.4  195s
 789642 502303    0.00033   56   37    0.00000    0.03538      -  33.4  200s
 810439 514980    0.00163   49   37    0.00000    0.03529      -  33.4  205s
 829256 526267    0.00004   71   37    0.00000    0.03520      -  33.4  210s
 849285 538869    0.00000   64   39    0.00000    0.03509      -  33.5  215s
 871500 552197    0.00011   59   24    0.00000    0.03498      -  33.4  220s
 892294 565307     cutoff   49         0.00000    0.03488      -  33.4  225s
 912701 577820    0.02178   35   50    0.00000    0.03480      -  33.4  230s
 933095 590060    0.00002   67   43    0.00000    0.03471      -  33.5  235s
 950472 599965    0.00010   60   50    0.00000    0.03461      -  33.5  240s
 969542 611293    0.00044   57   38    0.00000    0.03454      -  33.4  245s
 988738 622898    0.00052   47   51    0.00000    0.03446      -  33.5  250s
 1008107 634657    0.00335   48   50    0.00000    0.03437      -  33.5  255s
 1027987 647083    0.00443   51   50    0.00000    0.03429      -  33.5  260s
 1048249 659764    0.00194   47   50    0.00000    0.03423      -  33.5  265s
 1066284 670771    0.00001   69   43    0.00000    0.03416      -  33.6  270s
 1085898 683273    0.00359   46   46    0.00000    0.03408      -  33.6  275s
 1108251 696915    0.00001   64   38    0.00000    0.03401      -  33.5  280s
 1128400 708926     cutoff   40         0.00000    0.03394      -  33.5  285s
 1148408 721500    0.00005   65   38    0.00000    0.03387      -  33.5  290s
 1166295 731600    0.00459   37   40    0.00000    0.03380      -  33.5  295s
 1186931 744364    0.00400   47   50    0.00000    0.03372      -  33.6  300s
 1207554 756395    0.00879   42   51    0.00000    0.03366      -  33.6  305s
 1227314 768668     cutoff   42         0.00000    0.03359      -  33.6  310s
 1247748 780650    0.00017   54   43    0.00000    0.03352      -  33.6  315s
 1265813 791410    0.00000   58   23    0.00000    0.03347      -  33.6  320s
 1286191 804001    0.00042   56   53    0.00000    0.03341      -  33.6  325s
 1306301 816384    0.00010   48   50    0.00000    0.03335      -  33.7  330s
 1327102 828547    0.00170   46   43    0.00000    0.03329      -  33.7  335s
 1348312 841256    0.00004   48   42    0.00000    0.03322      -  33.7  340s
 1366166 851824 infeasible   63         0.00000    0.03315      -  33.7  345s
 1386279 863924    0.00001   60   44    0.00000    0.03308      -  33.7  350s
 1407165 875984    0.00036   54   37    0.00000    0.03301      -  33.7  355s
 1428274 888276    0.00002   62   34    0.00000    0.03295      -  33.7  360s

Cutting planes:
  Gomory: 4
  MIR: 1
  Flow cover: 9
  RLT: 50
  Relax-and-lift: 4
  BQP: 22

Explored 1428284 nodes (48109673 simplex iterations) in 360.00 seconds (356.95 work units)
Thread count was 4 (of 4 available processors)

Solution count 10: 1.73229e-06 1.53753e-06 1.50132e-06 ... 5.08926e-07

Time limit reached
Best objective 1.732287384038e-06, best bound 3.295471423179e-02, gap 1902281.4718%
{"verdict": "UNRESOLVED", "status": "TIME_LIMIT", "runtime": 360.0018229484558, "objval": 1.732287384037523e-06, "objbound": 0.03295471423179197, "binaries": 42}
