Set parameter NodefileStart to value 6
Read parameters from file gurobi.env
Restricted license - for non-production use only - expires 2027-11-29
Set parameter OutputFlag to value 1
Set parameter Threads to value 4
Set parameter TimeLimit to value 360
Set parameter MIPGap to value 5e-05
Set parameter MIPFocus to value 2
Set parameter NonConvex to value 2
Set parameter BestBdStop to value 2.7426211734693878e-02
Gurobi Optimizer version 13.0.3 build v13.0.3rc0 (linux64 - "Ubuntu 24.04.5 LTS")

CPU model: AMD EPYC 9V74 80-Core Processor, instruction set [SSE2|AVX|AVX2|AVX512]
Thread count: 2 physical cores, 4 logical processors, using up to 4 threads

Non-default parameters:
TimeLimit  360
BestBdStop  2.7426211734693878e-02
MIPGap  5e-05
MIPFocus  2
NodefileStart  6
NonConvex  2
Threads  4

Optimize a model with 141 rows, 111 columns and 810 nonzeros (Max)
Model fingerprint: 0x3a857dd4
Model has 1 linear objective coefficients
Model has 50 quadratic constraints
Variable types: 65 continuous, 46 integer (46 binary)
Coefficient statistics:
  Matrix range     [5e-01, 1e+00]
  QMatrix range    [1e+00, 1e+00]
  QLMatrix range   [1e+00, 1e+00]
  Objective range  [1e+00, 1e+00]
  Bounds range     [5e-01, 1e+00]
  RHS range        [1e+00, 1e+00]

Found heuristic solution: objective -0.0000000
Presolve time: 0.00s
Presolved: 341 rows, 112 columns, 1210 nonzeros
Presolved model has 50 bilinear constraint(s)

Solving non-convex MIQCP to global optimality

Variable types: 66 continuous, 46 integer (46 binary)
Root relaxation presolve removed 50 rows and 1 columns
Root relaxation presolved: 291 rows, 111 columns, 1160 nonzeros


Root relaxation: objective 8.333333e-02, 128 iterations, 0.00 seconds (0.00 work units)

    Nodes    |    Current Node    |     Objective Bounds      |     Work
 Expl Unexpl |  Obj  Depth IntInf | Incumbent    BestBd   Gap | It/Node Time

     0     0    0.08333    0   46   -0.00000    0.08333      -     -    0s
     0     0    0.08333    0   61   -0.00000    0.08333      -     -    0s
     0     0    0.07143    0   65   -0.00000    0.07143      -     -    0s
     0     0    0.07143    0   50   -0.00000    0.07143      -     -    0s
     0     0    0.07143    0   47   -0.00000    0.07143      -     -    0s
     0     0    0.07143    0   46   -0.00000    0.07143      -     -    0s
     0     0    0.07143    0   54   -0.00000    0.07143      -     -    0s
     0     0    0.07143    0   60   -0.00000    0.07143      -     -    0s
     0     0    0.07143    0   48   -0.00000    0.07143      -     -    0s
     0     0    0.07143    0   52   -0.00000    0.07143      -     -    0s
     0     0    0.07143    0   51   -0.00000    0.07143      -     -    0s
     0     0    0.07143    0   51   -0.00000    0.07143      -     -    0s
     0     2    0.07143    0   51   -0.00000    0.07143      -     -    0s
H  473   451                       0.0000002    0.07143      -  25.2    0s
*  594   561             104       0.0000002    0.07143      -  24.6    0s
H  666   625                       0.0000002    0.07143      -  24.8    0s
* 1158   996             108       0.0000004    0.07143      -  24.1    0s
H 1203   948                       0.0000006    0.07143      -  23.4    0s
H 1475  1080                       0.0008784    0.06096  6839%  26.9    1s
H 1527  1077                       0.0008784    0.06096  6839%  26.8    1s
* 1718  1170              87       0.0011804    0.06081  5051%  25.3    1s
* 1721  1129              89       0.0014006    0.06081  4242%  25.3    1s
H 1767  1056                       0.0029697    0.06081  1948%  25.0    1s
H 2811  1007                       0.0080494    0.05526   587%  29.6    1s
H 3085   866                       0.0140314    0.05490   291%  30.4    1s
H 3105   882                       0.0140314    0.05490   291%  30.4    1s
* 3193   879              76       0.0145361    0.05486   277%  30.2    1s
H 3225   885                       0.0145361    0.05486   277%  30.0    1s
H 3264   879                       0.0147526    0.05486   272%  30.1    1s
H 3289   893                       0.0147526    0.05486   272%  30.2    1s
H 3822  1040                       0.0151236    0.05407   258%  32.3    2s
H 5802  1335                       0.0177681    0.04991   181%  35.2    2s
 16488  4150    0.04146   26   61    0.01777    0.04313   143%  38.0    5s
H16494  4118                       0.0180454    0.04313   139%  38.0    5s
H16583  4209                       0.0180454    0.04313   139%  38.0    5s
H19911  4901                       0.0185282    0.04250   129%  38.3    6s
H22099  5183                       0.0197349    0.04226   114%  38.3    7s
 35292  7445    0.02215   32   53    0.01973    0.03996   102%  38.5   10s
H35300  7404                       0.0198265    0.03994   101%  38.5   10s
H35307  7453                       0.0198265    0.03994   101%  38.5   10s
H44367  8923                       0.0198544    0.03888  95.8%  38.3   12s
 59382 11363     cutoff   35         0.01985    0.03753  89.0%  37.7   15s
 82752 14907    0.02517   32   67    0.01985    0.03604  81.5%  37.4   20s
 108293 18126    0.02712   36   53    0.01985    0.03481  75.3%  37.2   25s
 134399 21367    0.03158   34   61    0.01985    0.03381  70.3%  36.8   30s
 161629 24089    0.02577   37   57    0.01985    0.03296  66.0%  36.4   35s
 188376 27161     cutoff   29         0.01985    0.03229  62.6%  36.0   40s
 212930 29655    0.02275   37   56    0.01985    0.03170  59.7%  35.5   45s
 240791 32349    0.02481   31   61    0.01985    0.03109  56.6%  35.2   50s
H251990 33320                       0.0198546    0.03089  55.6%  35.0   52s
H253345 33348                       0.0198844    0.03085  55.1%  35.0   52s
H254594 33114                       0.0200571    0.03083  53.7%  35.0   52s
H255890 33252                       0.0200574    0.03080  53.6%  35.0   53s
H255893 33231                       0.0200663    0.03080  53.5%  35.0   53s
H255946 33258                       0.0200663    0.03080  53.5%  35.0   53s
 264026 33990    0.02292   30   54    0.02007    0.03066  52.8%  34.8   55s
 292418 36338     cutoff   27         0.02007    0.03020  50.5%  34.4   60s
 322124 38901     cutoff   43         0.02007    0.02976  48.3%  33.9   65s
H328090 39301                       0.0200970    0.02968  47.7%  33.8   66s
H328321 39352                       0.0200970    0.02967  47.6%  33.8   66s
H329073 39385                       0.0200971    0.02966  47.6%  33.8   66s
 342112 41049    0.02099   35   60    0.02010    0.02951  46.8%  33.7   70s
 374241 43502    0.02658   32   57    0.02010    0.02916  45.1%  33.3   75s
 403930 45941     cutoff   41         0.02010    0.02885  43.6%  33.0   80s
 433869 48401     cutoff   33         0.02010    0.02857  42.1%  32.6   85s
 463660 50701     cutoff   42         0.02010    0.02831  40.9%  32.4   90s
 489706 52353    0.02568   32   59    0.02010    0.02809  39.8%  32.1   95s
 519483 54656    0.02601   31   63    0.02010    0.02788  38.7%  31.9  100s
 550446 56891     cutoff   40         0.02010    0.02767  37.7%  31.7  105s
 581273 59406    0.02360   46   56    0.02010    0.02749  36.8%  31.4  110s

Cutting planes:
  Gomory: 7
  Implied bound: 4
  MIR: 3
  Flow cover: 6
  RLT: 70
  Relax-and-lift: 1
  BQP: 12

Explored 593192 nodes (18581720 simplex iterations) in 111.86 seconds (150.72 work units)
Thread count was 4 (of 4 available processors)

Solution count 10: 0.0200971 0.0200663 0.0200574 ... 0.0180454

Optimization achieved user objective limit
Best objective 2.009705167810e-02, best bound 2.742492894913e-02, gap 36.4624%
{"verdict": "PROVED", "status": "BOUND_REACHED", "runtime": 111.85926508903503, "objval": 0.020097051678103942, "objbound": 0.027424928949132486, "binaries": 46}
