Set parameter NodefileStart to value 6
Read parameters from file gurobi.env
Restricted license - for non-production use only - expires 2027-11-29
Set parameter OutputFlag to value 1
Set parameter Threads to value 4
Set parameter TimeLimit to value 360
Set parameter MIPGap to value 5e-05
Set parameter MIPFocus to value 2
Set parameter NonConvex to value 2
Set parameter BestBdStop to value 2.7426211734693878e-02
Gurobi Optimizer version 13.0.3 build v13.0.3rc0 (linux64 - "Ubuntu 24.04.5 LTS")

CPU model: INTEL(R) XEON(R) PLATINUM 8573C, instruction set [SSE2|AVX|AVX2|AVX512]
Thread count: 2 physical cores, 4 logical processors, using up to 4 threads

Non-default parameters:
TimeLimit  360
BestBdStop  2.7426211734693878e-02
MIPGap  5e-05
MIPFocus  2
NodefileStart  6
NonConvex  2
Threads  4

Optimize a model with 141 rows, 111 columns and 810 nonzeros (Max)
Model fingerprint: 0x9a9d9074
Model has 1 linear objective coefficients
Model has 50 quadratic constraints
Variable types: 65 continuous, 46 integer (46 binary)
Coefficient statistics:
  Matrix range     [5e-01, 1e+00]
  QMatrix range    [1e+00, 1e+00]
  QLMatrix range   [1e+00, 1e+00]
  Objective range  [1e+00, 1e+00]
  Bounds range     [5e-01, 1e+00]
  RHS range        [1e+00, 1e+00]

Found heuristic solution: objective -0.0000000
Presolve time: 0.00s
Presolved: 341 rows, 112 columns, 1210 nonzeros
Presolved model has 50 bilinear constraint(s)

Solving non-convex MIQCP to global optimality

Variable types: 66 continuous, 46 integer (46 binary)
Root relaxation presolve removed 70 rows and 11 columns
Root relaxation presolved: 271 rows, 101 columns, 1040 nonzeros


Root relaxation: objective 7.142857e-02, 107 iterations, 0.00 seconds (0.00 work units)

    Nodes    |    Current Node    |     Objective Bounds      |     Work
 Expl Unexpl |  Obj  Depth IntInf | Incumbent    BestBd   Gap | It/Node Time

     0     0    0.07143    0   44   -0.00000    0.07143      -     -    0s
     0     0    0.07143    0   63   -0.00000    0.07143      -     -    0s
     0     0    0.07143    0   57   -0.00000    0.07143      -     -    0s
     0     0    0.07143    0   64   -0.00000    0.07143      -     -    0s
     0     0    0.07143    0   44   -0.00000    0.07143      -     -    0s
     0     0    0.07143    0   45   -0.00000    0.07143      -     -    0s
     0     0    0.07143    0   52   -0.00000    0.07143      -     -    0s
     0     0    0.07143    0   52   -0.00000    0.07143      -     -    0s
     0     0    0.07143    0   48   -0.00000    0.07143      -     -    0s
     0     0    0.07143    0   48   -0.00000    0.07143      -     -    0s
     0     0    0.07143    0   48   -0.00000    0.07143      -     -    0s
     0     0    0.07143    0   39   -0.00000    0.07143      -     -    0s
     0     2    0.07143    0   39   -0.00000    0.07143      -     -    0s
H  668   543                       0.0000000    0.07143      -  31.7    0s
*  728   582             110       0.0000000    0.07143      -  30.7    1s
*  730   582             111       0.0000000    0.07143      -  30.6    1s
H 1172   911                       0.0000003    0.06580      -  32.4    1s
* 1850  1258             104       0.0000003    0.06580      -  32.2    2s
H 2949  1707                       0.0000004    0.06546      -  32.3    3s
H 2950  1663                       0.0000004    0.06546      -  32.4    3s
H 3066  1663                       0.0000006    0.06546      -  32.0    3s
 10699  6945    0.00000   54   23    0.00000    0.04889      -  29.1    5s
 23668 15714    0.00000  110   17    0.00000    0.04404      -  29.0   10s
H27986 18185                       0.0000007    0.04296      -  28.9   12s
H29336 19234                       0.0000008    0.04262      -  28.9   12s
 39108 25840    0.00422   50   54    0.00000    0.04090      -  28.6   15s
 57988 39207    0.00099   40   53    0.00000    0.03949      -  28.4   20s
 77622 53073    0.01107   39   45    0.00000    0.03847      -  28.4   25s
*88994 60849              90       0.0000009    0.03792      -  28.4   28s
 89275 60849    0.00188   49   53    0.00000    0.03791      -  28.4   30s
 96469 65976    0.00024   68   51    0.00000    0.03765      -  28.6   35s
 114374 78399    0.00049   53   52    0.00000    0.03706      -  28.3   40s
 135119 92551    0.02686   31   53    0.00000    0.03631      -  28.2   45s
 155087 106531    0.00995   40   43    0.00000    0.03593      -  28.2   50s
 175702 120791    0.00073   54   43    0.00000    0.03566      -  28.0   55s
 194996 133864    0.00054   57   50    0.00000    0.03535      -  28.0   60s
 215478 148028    0.00161   50   52    0.00000    0.03507      -  27.8   65s
 236450 162908    0.00000   91   39    0.00000    0.03486      -  28.0   70s
*250655 172610             101       0.0000009    0.03469      -  28.1   73s
 254602 175174    0.00001   69   26    0.00000    0.03464      -  28.1   75s
H260187 178150                       0.0000010    0.03458      -  28.1   76s
H260303 177709                       0.0000010    0.03458      -  28.1   76s
 272961 186649    0.00005   82   51    0.00000    0.03446      -  28.1   80s
 291541 198916     cutoff   66         0.00000    0.03425      -  28.0   85s
 310895 211793     cutoff   96         0.00000    0.03408      -  28.0   90s
 329291 224689     cutoff   86         0.00000    0.03393      -  28.1   95s
 349308 238781    0.00249   42   50    0.00000    0.03376      -  28.1  100s
 367326 250690    0.00140   45   50    0.00000    0.03359      -  28.1  105s
 387855 264249    0.00688   40   45    0.00000    0.03344      -  28.0  110s
 406094 276184     cutoff  103         0.00000    0.03329      -  28.0  115s
 423102 288049    0.00674   37   39    0.00000    0.03317      -  28.0  120s
 439950 298888    0.01006   40   45    0.00000    0.03303      -  28.0  125s
 453032 307363    0.00633   45   52    0.00000    0.03296      -  28.1  130s
 470398 318878    0.00000   88   31    0.00000    0.03285      -  28.1  135s
 488536 331184     cutoff   98         0.00000    0.03276      -  28.1  140s
 506580 343229    0.00034   56   34    0.00000    0.03266      -  28.1  145s
 527991 356633    0.00104   48   33    0.00000    0.03255      -  28.0  150s
 545927 368143    0.00163   50   51    0.00000    0.03244      -  28.0  155s
*561333 376483             116       0.0000011    0.03235      -  28.0  158s
H562478 377219                       0.0000011    0.03234      -  28.0  159s
H562771 375048                       0.0000013    0.03234      -  28.0  159s
 563122 375314    0.00605   41   50    0.00000    0.03234      -  28.0  160s
H564005 375172                       0.0000013    0.03234      -  28.0  160s
H565357 375353                       0.0000014    0.03233      -  28.0  161s
H566728 375171                       0.0000014    0.03233      -  28.0  161s
H567919 374984                       0.0000015    0.03232      -  28.0  162s
 578553 382024     cutoff   70         0.00000    0.03229      -  28.0  165s
 595990 393500    0.00927   44   51    0.00000    0.03220      -  28.0  170s
 614436 406169     cutoff   56         0.00000    0.03215      -  28.0  175s
 636454 419753    0.00488   41   51    0.00000    0.03200      -  28.0  180s
 653209 430788    0.03144   30   53    0.00000    0.03192      -  28.0  185s
 671052 442027    0.02267   34   58    0.00000    0.03183      -  28.0  190s
H683146 449982                       0.0000015    0.03178      -  28.0  193s
 688487 453570 infeasible   42         0.00000    0.03176      -  28.0  195s
 706037 465166    0.00730   46   51    0.00000    0.03170      -  28.0  200s
 724571 476985    0.01398   43   44    0.00000    0.03162      -  28.0  205s
 746940 491078     cutoff   59         0.00000    0.03153      -  28.0  210s
 762654 500864     cutoff   43         0.00000    0.03147      -  28.0  215s
 780543 512798    0.00989   48   53    0.00000    0.03141      -  28.0  220s
 802919 527348    0.00162   45   44    0.00000    0.03132      -  28.0  225s
 823159 540507    0.00000   94   20    0.00000    0.03127      -  28.0  230s
 837706 550017 infeasible   55         0.00000    0.03124      -  27.9  235s
 859846 564300    0.00001   61   43    0.00000    0.03116      -  28.0  240s
 876155 574923 infeasible   79         0.00000    0.03111      -  27.9  245s
H884643 580186                       0.0000016    0.03110      -  27.9  246s
 893079 585793    0.01103   35   51    0.00000    0.03107      -  27.9  250s
 914609 601326    0.00341   34   56    0.00000    0.03102      -  27.9  255s
 927582 609997    0.00001   51   50    0.00000    0.03099      -  27.9  260s
 949424 624674    0.00147   51   32    0.00000    0.03093      -  28.0  265s
 963738 634279    0.01829   36   44    0.00000    0.03090      -  28.0  270s
 981174 645355    0.00017   63   50    0.00000    0.03086      -  28.0  275s
 1002459 658971     cutoff   48         0.00000    0.03080      -  28.0  280s
 1021165 671729 infeasible   50         0.00000    0.03076      -  27.9  285s
 1041186 684475    0.00014   42   52    0.00000    0.03071      -  28.0  290s
 1060998 697086     cutoff   42         0.00000    0.03066      -  28.0  295s
 1081217 711012    0.00652   44   51    0.00000    0.03062      -  28.0  300s
 1099145 722912    0.00247   46   44    0.00000    0.03058      -  28.0  305s
 1119341 735529    0.00101   47   47    0.00000    0.03053      -  28.0  310s
 1136523 747166     cutoff   76         0.00000    0.03051      -  28.0  315s
H1140484 746447                       0.0000017    0.03050      -  28.0  316s
 1154535 755960    0.00020   66   50    0.00000    0.03047      -  28.0  320s
 1174860 768402    0.00001   65   44    0.00000    0.03042      -  28.0  325s
 1193712 781058    0.01924   32   54    0.00000    0.03038      -  28.0  330s
 1213763 793089    0.02252   36   52    0.00000    0.03033      -  28.0  335s
 1232010 804160     cutoff   59         0.00000    0.03029      -  28.0  340s
 1254211 817369    0.01685   36   52    0.00000    0.03024      -  28.0  345s
 1270567 827912    0.00775   45   50    0.00000    0.03020      -  28.0  350s
 1286854 837788    0.00465   44   51    0.00000    0.03018      -  28.0  355s
 1306188 850159     cutoff   40         0.00000    0.03014      -  28.0  360s

Cutting planes:
  Gomory: 4
  Implied bound: 2
  MIR: 7
  Flow cover: 18
  RLT: 89
  Relax-and-lift: 8
  BQP: 30

Explored 1306544 nodes (36538105 simplex iterations) in 360.00 seconds (317.38 work units)
Thread count was 4 (of 4 available processors)

Solution count 10: 1.70111e-06 1.56314e-06 1.52618e-06 ... 9.92935e-07

Time limit reached
Best objective 1.701111254750e-06, best bound 3.013638271889e-02, gap 1771470.3564%
{"verdict": "UNRESOLVED", "status": "TIME_LIMIT", "runtime": 360.00326704978943, "objval": 1.7011112547502218e-06, "objbound": 0.030136382718885454, "binaries": 46}
