Set parameter NodefileStart to value 6
Read parameters from file gurobi.env
Restricted license - for non-production use only - expires 2027-11-29
Set parameter OutputFlag to value 1
Set parameter Threads to value 4
Set parameter TimeLimit to value 360
Set parameter MIPGap to value 5e-05
Set parameter MIPFocus to value 2
Set parameter NonConvex to value 2
Set parameter BestBdStop to value 2.7426211734693878e-02
Gurobi Optimizer version 13.0.3 build v13.0.3rc0 (linux64 - "Ubuntu 24.04.5 LTS")

CPU model: AMD EPYC 7763 64-Core Processor, instruction set [SSE2|AVX|AVX2]
Thread count: 2 physical cores, 4 logical processors, using up to 4 threads

Non-default parameters:
TimeLimit  360
BestBdStop  2.7426211734693878e-02
MIPGap  5e-05
MIPFocus  2
NodefileStart  6
NonConvex  2
Threads  4

Optimize a model with 141 rows, 111 columns and 810 nonzeros (Max)
Model fingerprint: 0xea0bdda9
Model has 1 linear objective coefficients
Model has 50 quadratic constraints
Variable types: 65 continuous, 46 integer (46 binary)
Coefficient statistics:
  Matrix range     [5e-01, 1e+00]
  QMatrix range    [1e+00, 1e+00]
  QLMatrix range   [1e+00, 1e+00]
  Objective range  [1e+00, 1e+00]
  Bounds range     [5e-01, 1e+00]
  RHS range        [1e+00, 1e+00]

Found heuristic solution: objective -0.0000000
Presolve time: 0.00s
Presolved: 341 rows, 112 columns, 1210 nonzeros
Presolved model has 50 bilinear constraint(s)

Solving non-convex MIQCP to global optimality

Variable types: 66 continuous, 46 integer (46 binary)
Root relaxation presolve removed 50 rows and 1 columns
Root relaxation presolved: 291 rows, 111 columns, 1160 nonzeros


Root relaxation: objective 1.250000e-01, 109 iterations, 0.00 seconds (0.00 work units)

    Nodes    |    Current Node    |     Objective Bounds      |     Work
 Expl Unexpl |  Obj  Depth IntInf | Incumbent    BestBd   Gap | It/Node Time

     0     0    0.12500    0   44   -0.00000    0.12500      -     -    0s
     0     0    0.10714    0   76   -0.00000    0.10714      -     -    0s
     0     0    0.10714    0   74   -0.00000    0.10714      -     -    0s
     0     0    0.10714    0   51   -0.00000    0.10714      -     -    0s
H    0     0                       0.0000001    0.10714      -     -    0s
H    0     0                       0.0000002    0.10714      -     -    0s
     0     0    0.09818    0   51    0.00000    0.09818      -     -    0s
     0     0    0.09773    0   49    0.00000    0.09773      -     -    0s
     0     0    0.09722    0   48    0.00000    0.09722      -     -    0s
     0     0    0.09573    0   48    0.00000    0.09573      -     -    0s
     0     2    0.09573    0   48    0.00000    0.09573      -     -    0s
*  814   767             104       0.0000003    0.09573      -  15.8    1s
H 1158  1002                       0.0000008    0.09573      -  18.3    1s
* 1899  1438             114       0.0000009    0.06047      -  22.0    2s
H 2999  1871                       0.0000010    0.06047      -  24.8    3s
H 3048  1868                       0.0000011    0.06047      -  24.9    3s
H 3219  1923                       0.0000013    0.06047      -  25.3    3s
  8622  6243    0.01997   39   51    0.00000    0.06047      -  28.4    5s
H16217 11841                       0.0000013    0.06047      -  29.4    7s
 20555 15767    0.03204   41   53    0.00000    0.06047      -  29.3   10s
 35547 27230    0.02726   37   45    0.00000    0.06047      -  30.0   15s
 52413 39869    0.01806   42   51    0.00000    0.06047      -  31.0   20s
 69084 52147    0.00458   61   50    0.00000    0.06047      -  30.9   25s
 86467 64838    0.00003   99   42    0.00000    0.06047      -  30.7   30s
 103940 80354     cutoff   95         0.00000    0.06047      -  30.5   36s
 121449 90981    0.00017   76   50    0.00000    0.06047      -  30.8   40s
H136326 101715                       0.0000013    0.06047      -  31.1   44s
 136330 102094    0.00015   89   50    0.00000    0.06047      -  31.1   45s
H137333 102160                       0.0000014    0.06047      -  31.1   45s
 150704 112447    0.03526   35   58    0.00000    0.06047      -  30.8   50s
 167636 125139    0.01914   36   52    0.00000    0.06047      -  30.9   55s
 182487 135676    0.00612   51   41    0.00000    0.06047      -  31.0   60s
 198031 147392    0.02006   42   53    0.00000    0.06047      -  30.9   65s
H204256 151798                       0.0000014    0.06047      -  30.9   66s
H205379 150706                       0.0000016    0.06047      -  30.9   67s
 210645 154991    0.00000   64   36    0.00000    0.06047      -  31.0   70s
 228164 168027    0.06047   28   54    0.00000    0.06047      -  30.9   75s
 246673 181955    0.00168   65   54    0.00000    0.06047      -  31.0   80s
 263936 194675    0.02354   46   50    0.00000    0.06047      -  30.9   85s
 280759 207505    0.00083   70   51    0.00000    0.06047      -  31.1   90s
 294455 217505     cutoff   93         0.00000    0.06047      -  30.9   95s
 311970 230338    0.03641   49   52    0.00000    0.06047      -  31.0  100s
 327005 241758    0.01910   38   53    0.00000    0.06047      -  31.0  105s
 340687 251853    0.00137   55   43    0.00000    0.06047      -  31.0  110s
 355850 263144    0.00000  121   33    0.00000    0.06047      -  31.0  115s
 369843 273040    0.01676   37   54    0.00000    0.06047      -  31.0  120s
 386912 285574    0.00145   56   54    0.00000    0.06047      -  31.0  125s
 403354 297911    0.04113   35   56    0.00000    0.06047      -  31.0  130s
 420982 310898     cutoff   81         0.00000    0.06047      -  31.0  135s
 437671 323159    0.05874   30   52    0.00000    0.06047      -  31.1  140s
 453849 334848    0.02068   48   51    0.00000    0.06047      -  31.1  145s
 470113 346708    0.00117   57   27    0.00000    0.06047      -  31.2  150s
 486488 358588    0.00524   63   50    0.00000    0.06047      -  31.2  155s
 502735 370840    0.00000   94   32    0.00000    0.06047      -  31.2  160s
 519339 383173    0.00000  112   39    0.00000    0.06047      -  31.3  165s
 536333 395508    0.00000   90   36    0.00000    0.06047      -  31.2  170s
 553652 408097    0.00001   97   29    0.00000    0.06047      -  31.2  175s
 570509 420843    0.00000   97   45    0.00000    0.06047      -  31.2  180s
 583486 430305    0.02933   37   47    0.00000    0.06047      -  31.3  185s
 601409 444493    0.00000   99   34    0.00000    0.06047      -  31.2  190s
 618207 456581    0.00007   90   48    0.00000    0.06047      -  31.2  195s
H630383 464189                       0.0000017    0.06047      -  31.2  198s
 633188 466237    0.00018   72   43    0.00000    0.06047      -  31.2  200s
 650557 479357    0.05607   30   52    0.00000    0.06047      -  31.2  205s
 667482 491651    0.00029   52   43    0.00000    0.06047      -  31.2  210s
 685064 503972    0.02556   40   45    0.00000    0.06047      -  31.2  215s
 702523 516777    0.01784   43   50    0.00000    0.06047      -  31.2  220s
 719240 529230     cutoff  110         0.00000    0.06047      -  31.2  225s
 736502 541617    0.02640   38   53    0.00000    0.06047      -  31.2  230s
 749601 551273    0.00019   60   36    0.00000    0.06047      -  31.3  235s
 768083 564811    0.00003   91   44    0.00000    0.06047      -  31.3  240s
 778129 572169    0.00188   51   36    0.00000    0.06047      -  31.3  245s
 795172 584635    0.00000   96   36    0.00000    0.06047      -  31.3  250s
 812200 597358    0.03729   40   50    0.00000    0.06038      -  31.2  255s
 828644 609101    0.00005   71   48    0.00000    0.06028      -  31.3  260s
 845946 622184    0.00042   70   50    0.00000    0.06019      -  31.3  265s
 863262 634975 infeasible   66         0.00000    0.06013      -  31.3  270s
 880432 647656    0.01253   47   50    0.00000    0.06007      -  31.3  275s
 897647 660553     cutoff   81         0.00000    0.06000      -  31.3  280s
 913911 672407    0.00001   88   44    0.00000    0.05991      -  31.3  285s
 930564 684499    0.03032   46   51    0.00000    0.05982      -  31.3  290s
 949100 697845    0.00000  104   37    0.00000    0.05973      -  31.3  295s
 966067 710531    0.00557   51   51    0.00000    0.05966      -  31.3  300s
 966322 710551    0.02549   40   50    0.00000    0.05966      -  31.3  305s
 966455 710759    0.01601   44   52    0.00000    0.05966      -  31.3  310s
 977091 718663    0.00186   63   53    0.00000    0.05962      -  31.3  315s
 993275 730339    0.00015   78   50    0.00000    0.05955      -  31.3  320s
 1010438 742797    0.04463   36   57    0.00000    0.05948      -  31.3  325s
 1027995 755644    0.00018   70   50    0.00000    0.05941      -  31.3  330s
 1044841 767662    0.00007   83   43    0.00000    0.05935      -  31.3  335s
 1061686 780031    0.00000  107   37    0.00000    0.05929      -  31.3  340s
 1078393 792090    0.00471   58   39    0.00000    0.05922      -  31.3  345s
 1094999 804516    0.00092   58   50    0.00000    0.05917      -  31.4  350s
 1112811 816971    0.00832   47   44    0.00000    0.05908      -  31.4  355s
 1128938 829088    0.00000   75   35    0.00000    0.05903      -  31.4  360s

Cutting planes:
  Gomory: 89
  Lift-and-project: 4
  Implied bound: 31
  MIR: 29
  Mixing: 2
  Flow cover: 183
  RLT: 174
  Relax-and-lift: 35
  BQP: 53

Explored 1129311 nodes (35445289 simplex iterations) in 360.00 seconds (401.60 work units)
Thread count was 4 (of 4 available processors)

Solution count 10: 1.74775e-06 1.3738e-06 1.31575e-06 ... 2.95064e-07

Time limit reached
Best objective 1.747751764702e-06, best bound 5.903040270830e-02, gap 3377404.9696%
{"verdict": "UNRESOLVED", "status": "TIME_LIMIT", "runtime": 360.0033450126648, "objval": 1.747751764702432e-06, "objbound": 0.059030402708300116, "binaries": 46}
