Set parameter NodefileStart to value 6
Read parameters from file gurobi.env
Restricted license - for non-production use only - expires 2027-11-29
Set parameter OutputFlag to value 1
Set parameter Threads to value 4
Set parameter TimeLimit to value 360
Set parameter MIPGap to value 5e-05
Set parameter MIPFocus to value 2
Set parameter NonConvex to value 2
Set parameter BestBdStop to value 2.7426211734693878e-02
Gurobi Optimizer version 13.0.3 build v13.0.3rc0 (linux64 - "Ubuntu 24.04.5 LTS")

CPU model: AMD EPYC 7763 64-Core Processor, instruction set [SSE2|AVX|AVX2]
Thread count: 2 physical cores, 4 logical processors, using up to 4 threads

Non-default parameters:
TimeLimit  360
BestBdStop  2.7426211734693878e-02
MIPGap  5e-05
MIPFocus  2
NodefileStart  6
NonConvex  2
Threads  4

Optimize a model with 121 rows, 91 columns and 658 nonzeros (Max)
Model fingerprint: 0x9c3051e0
Model has 1 linear objective coefficients
Model has 50 quadratic constraints
Variable types: 65 continuous, 26 integer (26 binary)
Coefficient statistics:
  Matrix range     [5e-01, 1e+00]
  QMatrix range    [1e+00, 1e+00]
  QLMatrix range   [1e+00, 1e+00]
  Objective range  [1e+00, 1e+00]
  Bounds range     [5e-01, 1e+00]
  RHS range        [1e+00, 1e+00]

Found heuristic solution: objective -0.0000000
Presolve time: 0.00s
Presolved: 321 rows, 92 columns, 1058 nonzeros
Presolved model has 50 bilinear constraint(s)

Solving non-convex MIQCP to global optimality

Variable types: 66 continuous, 26 integer (26 binary)
Root relaxation presolve removed 50 rows and 1 columns
Root relaxation presolved: 271 rows, 91 columns, 1008 nonzeros


Root relaxation: objective 7.142857e-02, 123 iterations, 0.00 seconds (0.00 work units)

    Nodes    |    Current Node    |     Objective Bounds      |     Work
 Expl Unexpl |  Obj  Depth IntInf | Incumbent    BestBd   Gap | It/Node Time

     0     0    0.07143    0   52   -0.00000    0.07143      -     -    0s
     0     0    0.05556    0   50   -0.00000    0.05556      -     -    0s
     0     0    0.05556    0   43   -0.00000    0.05556      -     -    0s
     0     0    0.05556    0   43   -0.00000    0.05556      -     -    0s
     0     0    0.05556    0   38   -0.00000    0.05556      -     -    0s
     0     0    0.05556    0   46   -0.00000    0.05556      -     -    0s
     0     0    0.05556    0   46   -0.00000    0.05556      -     -    0s
     0     2    0.05556    0   46   -0.00000    0.05556      -     -    0s
H   19    21                       0.0000000    0.05556      -  18.0    0s
H   45    61                       0.0000002    0.05556      -  22.5    0s
H 1848  1197                       0.0000002    0.02756      -  27.5    1s

Cutting planes:
  Gomory: 9
  Flow cover: 1
  RLT: 19
  BQP: 6

Explored 2224 nodes (61247 simplex iterations) in 1.68 seconds (1.09 work units)
Thread count was 4 (of 4 available processors)

Solution count 6: 2.24432e-07 2.24432e-07 1.8645e-07 ... -0

Optimization achieved user objective limit
Best objective 2.244323386596e-07, best bound 2.374216131611e-02, gap -
{"verdict": "PROVED", "status": "BOUND_REACHED", "runtime": 1.683887004852295, "objval": 2.2443233865957698e-07, "objbound": 0.023742161316114098, "binaries": 26}
