Set parameter NodefileStart to value 6
Read parameters from file gurobi.env
Restricted license - for non-production use only - expires 2027-11-29
Set parameter OutputFlag to value 1
Set parameter Threads to value 4
Set parameter TimeLimit to value 360
Set parameter MIPGap to value 5e-05
Set parameter MIPFocus to value 2
Set parameter NonConvex to value 2
Set parameter BestBdStop to value 2.7426211734693878e-02
Gurobi Optimizer version 13.0.3 build v13.0.3rc0 (linux64 - "Ubuntu 24.04.5 LTS")

CPU model: AMD EPYC 9V74 80-Core Processor, instruction set [SSE2|AVX|AVX2]
Thread count: 2 physical cores, 4 logical processors, using up to 4 threads

Non-default parameters:
TimeLimit  360
BestBdStop  2.7426211734693878e-02
MIPGap  5e-05
MIPFocus  2
NodefileStart  6
NonConvex  2
Threads  4

Optimize a model with 145 rows, 115 columns and 846 nonzeros (Max)
Model fingerprint: 0x939037df
Model has 1 linear objective coefficients
Model has 50 quadratic constraints
Variable types: 65 continuous, 50 integer (50 binary)
Coefficient statistics:
  Matrix range     [5e-01, 1e+00]
  QMatrix range    [1e+00, 1e+00]
  QLMatrix range   [1e+00, 1e+00]
  Objective range  [1e+00, 1e+00]
  Bounds range     [5e-01, 1e+00]
  RHS range        [1e+00, 1e+00]

Found heuristic solution: objective -0.0000000
Presolve time: 0.00s
Presolved: 345 rows, 116 columns, 1246 nonzeros
Presolved model has 50 bilinear constraint(s)

Solving non-convex MIQCP to global optimality

Variable types: 66 continuous, 50 integer (50 binary)
Root relaxation presolve removed 50 rows and 1 columns
Root relaxation presolved: 295 rows, 115 columns, 1196 nonzeros


Root relaxation: objective 8.333333e-02, 126 iterations, 0.00 seconds (0.00 work units)

    Nodes    |    Current Node    |     Objective Bounds      |     Work
 Expl Unexpl |  Obj  Depth IntInf | Incumbent    BestBd   Gap | It/Node Time

     0     0    0.08333    0   44   -0.00000    0.08333      -     -    0s
     0     0    0.06250    0   71   -0.00000    0.06250      -     -    0s
     0     0    0.06250    0   49   -0.00000    0.06250      -     -    0s
     0     0    0.06250    0   50   -0.00000    0.06250      -     -    0s
     0     0    0.06250    0   50   -0.00000    0.06250      -     -    0s
     0     0    0.06250    0   50   -0.00000    0.06250      -     -    0s
     0     2    0.06250    0   50   -0.00000    0.06250      -     -    0s
H  346   342                       0.0000001    0.06250      -  16.6    0s
H 1176   994                       0.0000003    0.05670      -  14.7    0s
H 1181   947                       0.0000005    0.05670      -  14.6    1s
H 1715  1229                       0.0007950    0.05670  7032%  15.3    1s
H 1998  1288                       0.0007951    0.05159  6389%  15.4    1s
H 2642  1534                       0.0008279    0.04713  5593%  17.6    1s
H 2880  1571                       0.0008279    0.04463  5291%  17.5    1s
H 3021  1493                       0.0009558    0.04426  4531%  17.7    1s
H 3152  1483                       0.0013185    0.04426  3257%  18.6    1s
H 3346  1607                       0.0013582    0.04306  3071%  19.1    1s
H 4418  2270                       0.0014491    0.04098  2728%  20.1    2s
H 5071  2656                       0.0014818    0.03873  2514%  20.6    2s
H 5216  2740                       0.0015340    0.03791  2371%  20.6    2s
H 6246  2817                       0.0024730    0.03716  1403%  20.3    2s
H 6249  2799                       0.0025145    0.03716  1378%  20.3    2s
H 9027  3996                       0.0031926    0.03581  1022%  21.4    3s
 13972  6714    0.00659   30   57    0.00319    0.03409   968%  22.6    5s
 34184 16650    0.01289   28   50    0.00319    0.03123   878%  26.7   10s
 53464 25348    0.00423   49   52    0.00319    0.03028   848%  28.7   15s
 75416 34823    0.00344   43   53    0.00319    0.02926   816%  29.7   20s
 97431 44514     cutoff   40         0.00319    0.02873   800%  30.6   25s
 118985 54474    0.01004   37   56    0.00319    0.02837   789%  31.2   30s
 140970 64261    0.00397   38   52    0.00319    0.02803   778%  31.6   35s
H149368 67260                       0.0032808    0.02789   750%  31.7   37s
 156965 70717    0.00402   36   50    0.00328    0.02777   746%  31.8   40s
 177864 79956     cutoff   41         0.00328    0.02745   737%  31.9   45s

Cutting planes:
  Gomory: 2
  Implied bound: 10
  Flow cover: 1
  RLT: 45
  BQP: 17

Explored 181610 nodes (5804915 simplex iterations) in 45.78 seconds (47.10 work units)
Thread count was 4 (of 4 available processors)

Solution count 10: 0.00328079 0.0031926 0.00251451 ... 0.000955848

Optimization achieved user objective limit
Best objective 3.280791596286e-03, best bound 2.742226589407e-02, gap 735.8430%
{"verdict": "PROVED", "status": "BOUND_REACHED", "runtime": 45.77728199958801, "objval": 0.003280791596286201, "objbound": 0.027422265894067183, "binaries": 50}
