Set parameter NodefileStart to value 6
Read parameters from file gurobi.env
Restricted license - for non-production use only - expires 2027-11-29
Set parameter OutputFlag to value 1
Set parameter Threads to value 4
Set parameter TimeLimit to value 360
Set parameter MIPGap to value 5e-05
Set parameter MIPFocus to value 2
Set parameter NonConvex to value 2
Set parameter BestBdStop to value 2.7426211734693878e-02
Gurobi Optimizer version 13.0.3 build v13.0.3rc0 (linux64 - "Ubuntu 24.04.5 LTS")

CPU model: AMD EPYC 7763 64-Core Processor, instruction set [SSE2|AVX|AVX2]
Thread count: 2 physical cores, 4 logical processors, using up to 4 threads

Non-default parameters:
TimeLimit  360
BestBdStop  2.7426211734693878e-02
MIPGap  5e-05
MIPFocus  2
NodefileStart  6
NonConvex  2
Threads  4

Optimize a model with 141 rows, 111 columns and 810 nonzeros (Max)
Model fingerprint: 0xf9081709
Model has 1 linear objective coefficients
Model has 50 quadratic constraints
Variable types: 65 continuous, 46 integer (46 binary)
Coefficient statistics:
  Matrix range     [5e-01, 1e+00]
  QMatrix range    [1e+00, 1e+00]
  QLMatrix range   [1e+00, 1e+00]
  Objective range  [1e+00, 1e+00]
  Bounds range     [5e-01, 1e+00]
  RHS range        [1e+00, 1e+00]

Found heuristic solution: objective -0.0000000
Presolve time: 0.00s
Presolved: 341 rows, 112 columns, 1210 nonzeros
Presolved model has 50 bilinear constraint(s)

Solving non-convex MIQCP to global optimality

Variable types: 66 continuous, 46 integer (46 binary)
Root relaxation presolve removed 50 rows and 1 columns
Root relaxation presolved: 291 rows, 111 columns, 1160 nonzeros


Root relaxation: objective 8.333333e-02, 113 iterations, 0.00 seconds (0.00 work units)

    Nodes    |    Current Node    |     Objective Bounds      |     Work
 Expl Unexpl |  Obj  Depth IntInf | Incumbent    BestBd   Gap | It/Node Time

     0     0    0.08333    0   53   -0.00000    0.08333      -     -    0s
     0     0    0.08333    0   42   -0.00000    0.08333      -     -    0s
H    0     0                       0.0000000    0.08333      -     -    0s
     0     0    0.08333    0   47    0.00000    0.08333      -     -    0s
     0     0    0.08333    0   41    0.00000    0.08333      -     -    0s
     0     0    0.08333    0   39    0.00000    0.08333      -     -    0s
     0     2    0.08333    0   39    0.00000    0.08333      -     -    0s
H   91   112                       0.0000000    0.08333      -  31.9    0s
H  416   457                       0.0000001    0.08333      -  18.2    0s
H 1202   994                       0.0000002    0.07500      -  21.5    1s
H 1217   941                       0.0000003    0.07500      -  21.5    1s
* 2711  1631              70       0.0000003    0.07143      -  24.1    2s
* 2712  1587              70       0.0000003    0.07143      -  24.1    2s
* 4946  3166              73       0.0000006    0.06739      -  23.9    3s
H 6317  4120                       0.0000010    0.06670      -  23.9    3s
* 7811  5214             147       0.0000012    0.06578      -  22.9    3s
H 8585  5903                       0.0000012    0.06486      -  23.0    4s
 10117  7074    0.00011   57   45    0.00000    0.06439      -  23.3    5s
H21778 15010                       0.0000016    0.06061      -  24.7    8s
 24905 17608    0.00418   44   51    0.00000    0.06009      -  25.1   10s
 40967 29200    0.03666   28   51    0.00000    0.05818      -  28.5   15s
 60088 43145    0.00005   58   52    0.00000    0.05611      -  29.7   20s
 79159 57134    0.00000   68   36    0.00000    0.05477      -  30.6   25s
 99314 71310    0.00000   72   41    0.00000    0.05361      -  31.2   30s
 117866 84702     cutoff   38         0.00000    0.05293      -  31.5   35s
 136202 98011    0.01430   42   52    0.00000    0.05246      -  31.6   40s
 154534 111141    0.01795   41   44    0.00000    0.05183      -  31.9   45s
 170434 122032     cutoff   36         0.00000    0.05145      -  32.2   50s
 187952 134512    0.00196   50   44    0.00000    0.05095      -  32.5   55s
 205457 146826    0.00075   55   51    0.00000    0.05050      -  32.8   60s
 223211 159074    0.00948   40   51    0.00000    0.05011      -  33.0   65s
 241624 171455     cutoff   41         0.00000    0.04964      -  33.2   70s
 259455 183773     cutoff   79         0.00000    0.04919      -  33.4   75s
 278648 196839    0.00000   80   50    0.00000    0.04890      -  33.5   80s
 294225 207684 infeasible   80         0.00000    0.04861      -  33.6   85s
 311877 220095    0.02099   42   52    0.00000    0.04834      -  33.8   90s
 329437 231804    0.00005   61   44    0.00000    0.04805      -  33.9   95s
 347075 244128     cutoff   93         0.00000    0.04778      -  34.1  100s
 365739 257058    0.00195   54   45    0.00000    0.04754      -  34.2  105s
 383524 269100    0.00007   59   51    0.00000    0.04726      -  34.3  110s
 400943 280856    0.01607   36   53    0.00000    0.04699      -  34.4  115s
 416360 291214    0.00245   44   52    0.00000    0.04681      -  34.4  120s
 434378 303145    0.00002   63   40    0.00000    0.04660      -  34.4  125s
 452964 315404    0.00583   51   51    0.00000    0.04640      -  34.5  130s
 470723 327603    0.00000   59   35    0.00000    0.04622      -  34.5  135s
 488584 339752    0.00000   62   35    0.00000    0.04605      -  34.5  140s
 506287 352177    0.00000  100   18    0.00000    0.04588      -  34.6  145s
H515962 356994                       0.0000018    0.04581      -  34.6  147s
 520241 360427    0.00001   78   41    0.00000    0.04578      -  34.6  150s
 536148 371634    0.00038   60   31    0.00000    0.04563      -  34.7  155s
 554545 384263    0.03736   38   53    0.00000    0.04551      -  34.6  160s
 573197 397236    0.00000   79   37    0.00000    0.04542      -  34.7  165s
 590741 409344    0.00057   55   53    0.00000    0.04528      -  34.7  170s
 608669 422216    0.00247   51   53    0.00000    0.04514      -  34.7  175s
 626062 433726    0.00191   47   44    0.00000    0.04502      -  34.7  180s
 644660 445973    0.00003   55   50    0.00000    0.04488      -  34.8  185s
 662547 458157     cutoff   53         0.00000    0.04474      -  34.9  190s
 675592 466723    0.00037   55   52    0.00000    0.04465      -  34.9  195s
 693088 479035    0.00002   74   41    0.00000    0.04454      -  34.9  200s
 709828 493297    0.00009   62   43    0.00000    0.04445      -  35.0  205s
 729102 503651    0.00001   77   43    0.00000    0.04432      -  35.0  210s
 746745 515843    0.00307   50   50    0.00000    0.04421      -  35.0  215s
 763814 527714    0.00002   66   45    0.00000    0.04411      -  35.1  220s
H770200 531573                       0.0000018    0.04408      -  35.1  221s
 776944 536430    0.01302   42   51    0.00000    0.04404      -  35.1  225s
 795139 548851    0.00168   51   43    0.00000    0.04394      -  35.1  230s
 812390 560390    0.00354   44   51    0.00000    0.04383      -  35.2  235s
 829665 571803     cutoff   87         0.00000    0.04373      -  35.2  240s
 844377 581482     cutoff   81         0.00000    0.04365      -  35.3  245s
 863029 593772    0.00084   55   50    0.00000    0.04353      -  35.3  250s
 878469 603696    0.00004   73   50    0.00000    0.04346      -  35.3  255s
 895985 615194    0.00181   39   50    0.00000    0.04337      -  35.3  260s
 910845 624554    0.00000   86   49    0.00000    0.04328      -  35.3  265s
 929420 637430    0.00242   52   50    0.00000    0.04321      -  35.3  270s
 947183 649357    0.00487   40   52    0.00000    0.04313      -  35.3  275s
 964846 660937    0.00103   59   43    0.00000    0.04302      -  35.4  280s
 981238 671917    0.01219   39   50    0.00000    0.04294      -  35.4  285s
 997638 682743    0.01273   39   52    0.00000    0.04288      -  35.4  290s
 1013827 693723    0.00005   69   40    0.00000    0.04280      -  35.5  295s
 1028774 703803    0.00001   71   49    0.00000    0.04272      -  35.5  300s
 1046822 716353    0.00899   34   43    0.00000    0.04270      -  35.5  305s
 1065204 729730     cutoff   84         0.00000    0.04268      -  35.5  310s
 1082074 740873    0.00007   81   33    0.00000    0.04262      -  35.5  315s
 1099157 752308    0.00122   46   44    0.00000    0.04256      -  35.6  320s
 1116161 763696    0.00597   47   51    0.00000    0.04248      -  35.6  325s
 1133390 774629    0.00028   56   37    0.00000    0.04242      -  35.6  330s
 1149570 784897    0.00121   57   42    0.00000    0.04235      -  35.6  335s
 1167070 796599     cutoff   44         0.00000    0.04230      -  35.6  340s
 1184369 808058    0.00285   43   51    0.00000    0.04224      -  35.6  345s
 1201420 819816    0.00082   50   53    0.00000    0.04220      -  35.7  350s
 1219617 831876    0.01788   33   53    0.00000    0.04212      -  35.7  355s
 1235897 842930    0.02048   41   51    0.00000    0.04207      -  35.7  360s

Cutting planes:
  Gomory: 17
  Implied bound: 27
  MIR: 26
  Flow cover: 74
  Inf proof: 3
  RLT: 104
  Relax-and-lift: 20
  BQP: 27

Explored 1236308 nodes (44170234 simplex iterations) in 360.00 seconds (386.89 work units)
Thread count was 4 (of 4 available processors)

Solution count 10: 1.8039e-06 1.57072e-06 1.16592e-06 ... 3.4671e-08

Time limit reached
Best objective 1.803895426763e-06, best bound 4.206362636518e-02, gap 2331721.7753%
{"verdict": "UNRESOLVED", "status": "TIME_LIMIT", "runtime": 360.00372099876404, "objval": 1.8038954267629928e-06, "objbound": 0.04206362636517696, "binaries": 46}
