Set parameter NodefileStart to value 6
Read parameters from file gurobi.env
Restricted license - for non-production use only - expires 2027-11-29
Set parameter OutputFlag to value 1
Set parameter Threads to value 4
Set parameter TimeLimit to value 360
Set parameter MIPGap to value 5e-05
Set parameter MIPFocus to value 2
Set parameter NonConvex to value 2
Set parameter BestBdStop to value 2.7426211734693878e-02
Gurobi Optimizer version 13.0.3 build v13.0.3rc0 (linux64 - "Ubuntu 24.04.5 LTS")

CPU model: INTEL(R) XEON(R) PLATINUM 8573C, instruction set [SSE2|AVX|AVX2|AVX512]
Thread count: 2 physical cores, 4 logical processors, using up to 4 threads

Non-default parameters:
TimeLimit  360
BestBdStop  2.7426211734693878e-02
MIPGap  5e-05
MIPFocus  2
NodefileStart  6
NonConvex  2
Threads  4

Optimize a model with 121 rows, 91 columns and 658 nonzeros (Max)
Model fingerprint: 0x15540f6b
Model has 1 linear objective coefficients
Model has 50 quadratic constraints
Variable types: 65 continuous, 26 integer (26 binary)
Coefficient statistics:
  Matrix range     [5e-01, 1e+00]
  QMatrix range    [1e+00, 1e+00]
  QLMatrix range   [1e+00, 1e+00]
  Objective range  [1e+00, 1e+00]
  Bounds range     [5e-01, 1e+00]
  RHS range        [1e+00, 1e+00]

Found heuristic solution: objective -0.0000000
Presolve time: 0.00s
Presolved: 321 rows, 92 columns, 1058 nonzeros
Presolved model has 50 bilinear constraint(s)

Solving non-convex MIQCP to global optimality

Variable types: 66 continuous, 26 integer (26 binary)
Root relaxation presolve removed 50 rows and 1 columns
Root relaxation presolved: 271 rows, 91 columns, 1008 nonzeros


Root relaxation: objective 7.142857e-02, 101 iterations, 0.00 seconds (0.00 work units)

    Nodes    |    Current Node    |     Objective Bounds      |     Work
 Expl Unexpl |  Obj  Depth IntInf | Incumbent    BestBd   Gap | It/Node Time

     0     0    0.07143    0   46   -0.00000    0.07143      -     -    0s
     0     0    0.05556    0   40   -0.00000    0.05556      -     -    0s
     0     0    0.05556    0   45   -0.00000    0.05556      -     -    0s
     0     0    0.05556    0   46   -0.00000    0.05556      -     -    0s
     0     0    0.05556    0   47   -0.00000    0.05556      -     -    0s
     0     0    0.05556    0   53   -0.00000    0.05556      -     -    0s
     0     0    0.05556    0   53   -0.00000    0.05556      -     -    0s
     0     2    0.05556    0   53   -0.00000    0.05556      -     -    0s
*  585   466              81       0.0000000    0.05556      -  25.1    0s
*  586   466              81       0.0000001    0.05556      -  25.1    0s
* 2400  1306              82       0.0000001    0.03275      -  29.7    2s
* 2401  1259              81       0.0000001    0.03275      -  29.7    2s
* 2473  1307              64       0.0000001    0.03242      -  29.2    2s
H 2531  1247                       0.0000001    0.03237      -  28.7    2s
* 2874  1315              65       0.0000002    0.03237      -  26.4    2s
* 2880  1266              64       0.0000002    0.03237      -  26.4    2s
H 2947  1266                       0.0000004    0.03237      -  26.0    2s
H 3411  1430                       0.0000005    0.02997      -  24.2    2s
H 3453  1411                       0.0000006    0.02997      -  24.0    2s

Cutting planes:
  Gomory: 5
  RLT: 26
  BQP: 7

Explored 5083 nodes (109701 simplex iterations) in 2.55 seconds (1.95 work units)
Thread count was 4 (of 4 available processors)

Solution count 10: 6.31103e-07 4.62835e-07 3.61713e-07 ... 5.33225e-08

Optimization achieved user objective limit
Best objective 6.311026192582e-07, best bound 2.675789445702e-02, gap -
{"verdict": "PROVED", "status": "BOUND_REACHED", "runtime": 2.54738187789917, "objval": 6.311026192582122e-07, "objbound": 0.026757894457022424, "binaries": 26}
