Set parameter NodefileStart to value 6
Read parameters from file gurobi.env
Restricted license - for non-production use only - expires 2027-11-29
Set parameter OutputFlag to value 1
Set parameter Threads to value 4
Set parameter TimeLimit to value 360
Set parameter MIPGap to value 5e-05
Set parameter MIPFocus to value 2
Set parameter NonConvex to value 2
Set parameter BestBdStop to value 2.7426211734693878e-02
Gurobi Optimizer version 13.0.3 build v13.0.3rc0 (linux64 - "Ubuntu 24.04.5 LTS")

CPU model: AMD EPYC 9V74 80-Core Processor, instruction set [SSE2|AVX|AVX2|AVX512]
Thread count: 2 physical cores, 4 logical processors, using up to 4 threads

Non-default parameters:
TimeLimit  360
BestBdStop  2.7426211734693878e-02
MIPGap  5e-05
MIPFocus  2
NodefileStart  6
NonConvex  2
Threads  4

Optimize a model with 141 rows, 111 columns and 810 nonzeros (Max)
Model fingerprint: 0x92f30699
Model has 1 linear objective coefficients
Model has 50 quadratic constraints
Variable types: 65 continuous, 46 integer (46 binary)
Coefficient statistics:
  Matrix range     [5e-01, 1e+00]
  QMatrix range    [1e+00, 1e+00]
  QLMatrix range   [1e+00, 1e+00]
  Objective range  [1e+00, 1e+00]
  Bounds range     [5e-01, 1e+00]
  RHS range        [1e+00, 1e+00]

Found heuristic solution: objective -0.0000000
Presolve time: 0.00s
Presolved: 341 rows, 112 columns, 1210 nonzeros
Presolved model has 50 bilinear constraint(s)

Solving non-convex MIQCP to global optimality

Variable types: 66 continuous, 46 integer (46 binary)
Root relaxation presolve removed 50 rows and 1 columns
Root relaxation presolved: 291 rows, 111 columns, 1160 nonzeros


Root relaxation: objective 8.333333e-02, 100 iterations, 0.00 seconds (0.00 work units)

    Nodes    |    Current Node    |     Objective Bounds      |     Work
 Expl Unexpl |  Obj  Depth IntInf | Incumbent    BestBd   Gap | It/Node Time

     0     0    0.08333    0   48   -0.00000    0.08333      -     -    0s
     0     0    0.07143    0   50   -0.00000    0.07143      -     -    0s
     0     0    0.07143    0   55   -0.00000    0.07143      -     -    0s
     0     0    0.07143    0   68   -0.00000    0.07143      -     -    0s
H    0     0                       0.0000001    0.07143      -     -    0s
H    0     0                       0.0000001    0.07143      -     -    0s
H    0     0                       0.0000001    0.07143      -     -    0s
     0     0    0.07143    0   64    0.00000    0.07143      -     -    0s
     0     0    0.07143    0   47    0.00000    0.07143      -     -    0s
     0     0    0.07143    0   56    0.00000    0.07143      -     -    0s
     0     0    0.07143    0   59    0.00000    0.07143      -     -    0s
     0     0    0.07143    0   59    0.00000    0.07143      -     -    0s
     0     2    0.07143    0   59    0.00000    0.07143      -     -    0s
H  637   633                       0.0000004    0.07143      -  21.5    0s
H 1162   953                       0.0101211    0.05235   417%  25.1    1s
H 1172   912                       0.0112044    0.04692   319%  24.9    1s
H 1178   869                       0.0134364    0.04533   237%  24.8    1s
H 1178   825                       0.0135185    0.04533   235%  24.8    1s
H 1178   784                       0.0135213    0.04533   235%  24.8    1s
H 1179   744                       0.0135213    0.04451   229%  24.8    2s
H 1196   719                       0.0135213    0.04256   215%  28.9    2s
H 1678   985                       0.0135214    0.04256   215%  28.5    2s
H 2237  1131                       0.0135216    0.04256   215%  32.8    3s
H 3246  1450                       0.0137995    0.04256   208%  35.2    3s
H 4317  1872                       0.0159020    0.04256   168%  35.5    3s
  7872  3212     cutoff   48         0.01590    0.04256   168%  37.9    5s
H 7874  3202                       0.0160106    0.04256   166%  37.9    5s
H19740  6612                       0.0187854    0.04256   127%  35.8    7s
H24561  7933                       0.0187854    0.04256   127%  35.5    9s
H24563  7849                       0.0190639    0.04256   123%  35.5    9s
 26284  8507 infeasible   41         0.01906    0.04256   123%  35.5   10s
H35289 10696                       0.0191123    0.04256   123%  34.8   12s
 48127 13793    0.02462   46   53    0.01911    0.04256   123%  33.9   15s
H66213 17454                       0.0191493    0.04132   116%  33.2   19s
H66325 17546                       0.0191493    0.04132   116%  33.2   19s
H66550 17546                       0.0191493    0.04132   116%  33.2   19s
H66771 17611                       0.0191493    0.04126   115%  33.2   19s
 69318 18124     cutoff   46         0.01915    0.04102   114%  33.1   20s
 92641 22506    0.02048   57   46    0.01915    0.03942   106%  32.5   25s
 115187 25900    0.03514   48   54    0.01915    0.03810  99.0%  32.0   30s
 140539 29482    0.01999   47   53    0.01915    0.03690  92.7%  31.6   35s
 165767 32914    0.02314   48   46    0.01915    0.03583  87.1%  31.3   40s
 190994 35731     cutoff   52         0.01915    0.03497  82.6%  30.9   45s
 214059 37988    0.02237   57   44    0.01915    0.03416  78.4%  30.6   50s
 239045 40004     cutoff   49         0.01915    0.03329  73.8%  30.3   55s
 263978 42003    0.02543   47   44    0.01915    0.03254  70.0%  30.1   60s
 289713 43757    0.03180   42   54    0.01915    0.03185  66.3%  29.8   65s
 313397 45183    0.02166   50   49    0.01915    0.03126  63.2%  29.6   70s
 339433 47007    0.02634   46   54    0.01915    0.03065  60.1%  29.3   75s
 365546 48341 infeasible   48         0.01915    0.03011  57.2%  29.1   80s
 387739 49398    0.02372   46   46    0.01915    0.02964  54.8%  28.9   85s
 411830 50397    0.02045   58   48    0.01915    0.02916  52.3%  28.7   90s
 437218 51428    0.02661   54   51    0.01915    0.02871  49.9%  28.5   95s
 463388 52111    0.01987   56   53    0.01915    0.02825  47.5%  28.2  100s
 490119 52858    0.01987   46   54    0.01915    0.02782  45.3%  28.0  105s
 514051 53515    0.02715   45   53    0.01915    0.02748  43.5%  27.8  110s

Cutting planes:
  Gomory: 1
  Implied bound: 9
  MIR: 8
  Flow cover: 25
  RLT: 70
  Relax-and-lift: 4
  BQP: 26

Explored 518294 nodes (14400483 simplex iterations) in 110.75 seconds (126.53 work units)
Thread count was 4 (of 4 available processors)

Solution count 10: 0.0191493 0.0191123 0.0190639 ... 0.0135213

Optimization achieved user objective limit
Best objective 1.914933881104e-02, best bound 2.742227752387e-02, gap 43.2022%
{"verdict": "PROVED", "status": "BOUND_REACHED", "runtime": 110.74895691871643, "objval": 0.019149338811037656, "objbound": 0.027422277523865293, "binaries": 46}
