Set parameter NodefileStart to value 6
Read parameters from file gurobi.env
Restricted license - for non-production use only - expires 2027-11-29
Set parameter OutputFlag to value 1
Set parameter Threads to value 4
Set parameter TimeLimit to value 360
Set parameter MIPGap to value 5e-05
Set parameter MIPFocus to value 2
Set parameter NonConvex to value 2
Set parameter BestBdStop to value 2.7426211734693878e-02
Gurobi Optimizer version 13.0.3 build v13.0.3rc0 (linux64 - "Ubuntu 24.04.5 LTS")

CPU model: AMD EPYC 9V74 80-Core Processor, instruction set [SSE2|AVX|AVX2]
Thread count: 2 physical cores, 4 logical processors, using up to 4 threads

Non-default parameters:
TimeLimit  360
BestBdStop  2.7426211734693878e-02
MIPGap  5e-05
MIPFocus  2
NodefileStart  6
NonConvex  2
Threads  4

Optimize a model with 141 rows, 111 columns and 810 nonzeros (Max)
Model fingerprint: 0xb0e947da
Model has 1 linear objective coefficients
Model has 50 quadratic constraints
Variable types: 65 continuous, 46 integer (46 binary)
Coefficient statistics:
  Matrix range     [5e-01, 1e+00]
  QMatrix range    [1e+00, 1e+00]
  QLMatrix range   [1e+00, 1e+00]
  Objective range  [1e+00, 1e+00]
  Bounds range     [5e-01, 1e+00]
  RHS range        [1e+00, 1e+00]

Found heuristic solution: objective -0.0000000
Presolve time: 0.00s
Presolved: 341 rows, 112 columns, 1210 nonzeros
Presolved model has 50 bilinear constraint(s)

Solving non-convex MIQCP to global optimality

Variable types: 66 continuous, 46 integer (46 binary)
Root relaxation presolve removed 50 rows and 1 columns
Root relaxation presolved: 291 rows, 111 columns, 1160 nonzeros


Root relaxation: objective 8.333333e-02, 122 iterations, 0.00 seconds (0.00 work units)

    Nodes    |    Current Node    |     Objective Bounds      |     Work
 Expl Unexpl |  Obj  Depth IntInf | Incumbent    BestBd   Gap | It/Node Time

     0     0    0.08333    0   57   -0.00000    0.08333      -     -    0s
     0     0    0.08333    0   70   -0.00000    0.08333      -     -    0s
     0     0    0.08333    0   64   -0.00000    0.08333      -     -    0s
     0     0    0.08333    0   41   -0.00000    0.08333      -     -    0s
     0     0    0.08333    0   41   -0.00000    0.08333      -     -    0s
     0     0    0.08333    0   36   -0.00000    0.08333      -     -    0s
H    0     0                       0.0000000    0.08333      -     -    0s
     0     0    0.08333    0   57    0.00000    0.08333      -     -    0s
     0     0    0.08333    0   50    0.00000    0.08333      -     -    0s
     0     0    0.08333    0   50    0.00000    0.08333      -     -    0s
     0     2    0.08333    0   50    0.00000    0.08333      -     -    0s
H  189   226                       0.0000000    0.08333      -  36.2    0s
H  296   301                       0.0000000    0.08333      -  36.4    0s
*  578   523              91       0.0000001    0.08333      -  33.3    0s
*  583   523              93       0.0000001    0.08333      -  33.0    0s
*  620   523              93       0.0000001    0.08333      -  32.6    0s
*  621   523              93       0.0000001    0.08333      -  32.6    0s
H  656   569                       0.0000002    0.08333      -  32.9    0s
H  734   606                       0.0000002    0.08333      -  33.3    0s
H  766   604                       0.0000002    0.08333      -  33.0    0s
H  984   819                       0.0000003    0.08333      -  32.8    1s
H 1185   912                       0.0000004    0.06212      -  33.5    1s
* 1767  1216              98       0.0000006    0.04645      -  34.5    2s
* 1769  1172              99       0.0000007    0.04645      -  34.5    2s
* 2222  1390             104       0.0000010    0.04645      -  31.9    2s
  8996  6333    0.00001   75   40    0.00000    0.04645      -  31.2    5s
 26586 18834     cutoff   84         0.00000    0.04645      -  30.7   10s
 44713 32522    0.00070   41   51    0.00000    0.04645      -  29.6   15s
 64635 47032     cutoff   54         0.00000    0.04645      -  29.4   20s
 85721 62549    0.00001   72   50    0.00000    0.04645      -  29.0   25s
 104846 75529    0.00005   55   50    0.00000    0.04645      -  28.8   30s
 121563 87113    0.00154   57   51    0.00000    0.04645      -  28.9   35s
 140325 100976    0.00301   52   33    0.00000    0.04645      -  28.9   40s
 159703 114834    0.00001   80   42    0.00000    0.04645      -  29.0   45s
 179766 128789    0.00077   58   52    0.00000    0.04645      -  29.1   50s
H186237 130864                       0.0000012    0.04645      -  29.1   51s
 193682 136260     cutoff  100         0.00000    0.04645      -  29.2   55s
 214020 150700    0.03264   37   52    0.00000    0.04645      -  29.3   60s
 232895 163842    0.02052   36   56    0.00000    0.04645      -  29.4   65s
 251185 176744    0.00001   65   42    0.00000    0.04645      -  29.4   70s
 269318 189136    0.00000   70   47    0.00000    0.04645      -  29.5   75s
 286302 200835    0.00001   57   51    0.00000    0.04645      -  29.7   80s
 304629 213476    0.00305   50   39    0.00000    0.04635      -  29.7   85s
 323226 226198    0.00003   77   50    0.00000    0.04613      -  29.7   90s
 341864 239013    0.00005   86   47    0.00000    0.04595      -  29.7   95s
 361641 252260    0.00003   58   50    0.00000    0.04576      -  29.8  100s
 378065 264192    0.00640   42   51    0.00000    0.04563      -  29.9  105s
 393484 275017 infeasible   56         0.00000    0.04548      -  29.9  110s
 412609 288033    0.00091   49   43    0.00000    0.04530      -  29.9  115s
 427531 300668    0.00000   99   33    0.00000    0.04516      -  29.9  121s
 445371 310961    0.03241   41   50    0.00000    0.04504      -  29.9  125s
 463916 323382     cutoff   89         0.00000    0.04492      -  29.9  130s
 483474 337156    0.00000   81   38    0.00000    0.04478      -  29.9  135s
 497542 347293    0.03705   27   53    0.00000    0.04470      -  29.9  140s
 515535 359365    0.00026   63   50    0.00000    0.04458      -  29.9  145s
 534923 372817    0.00011   64   50    0.00000    0.04449      -  29.9  150s
 554432 386652    0.00000   61   49    0.00000    0.04440      -  29.9  155s
 572364 399069    0.00428   48   52    0.00000    0.04432      -  29.9  160s
 591182 411954    0.01971   44   45    0.00000    0.04421      -  29.9  165s
H598757 417211                       0.0000012    0.04417      -  29.9  166s
 608283 423790    0.04395   30   52    0.00000    0.04413      -  30.0  170s
 627693 436795    0.00692   49   52    0.00000    0.04401      -  30.0  175s
 645649 447913    0.00810   41   44    0.00000    0.04395      -  30.0  180s
 661776 458406    0.00000   75   10    0.00000    0.04390      -  30.1  185s
 680542 470375    0.03436   34   56    0.00000    0.04382      -  30.1  190s
 698860 483293    0.00065   54   43    0.00000    0.04375      -  30.1  195s
 713921 493405    0.02102   34   49    0.00000    0.04368      -  30.2  200s
 732281 505307    0.01746   33   45    0.00000    0.04358      -  30.2  205s
 748069 516172    0.00000   86   44    0.00000    0.04349      -  30.2  210s
 766433 529062    0.00683   46   52    0.00000    0.04343      -  30.2  215s
 786380 542883    0.00004   53   43    0.00000    0.04336      -  30.2  220s
 804248 555167    0.00152   44   51    0.00000    0.04327      -  30.2  225s
 820039 566211    0.01489   38   55    0.00000    0.04323      -  30.2  230s
 837050 577951    0.00017   68   50    0.00000    0.04317      -  30.2  235s
 853580 589544    0.00001   89   38    0.00000    0.04311      -  30.3  240s
 871509 601623    0.02269   32   50    0.00000    0.04303      -  30.2  245s
 890359 614495     cutoff   78         0.00000    0.04295      -  30.3  250s
 907471 626256    0.00002   74   44    0.00000    0.04290      -  30.3  255s
 925517 639615    0.00011   61   50    0.00000    0.04284      -  30.2  260s
 943835 652394    0.03327   33   53    0.00000    0.04279      -  30.3  265s
 961821 664630    0.01961   40   52    0.00000    0.04274      -  30.3  270s
 980937 677670    0.00001   78   48    0.00000    0.04269      -  30.3  275s
 999461 690051    0.03200   31   56    0.00000    0.04262      -  30.3  280s
 1017316 702264    0.00785   46   51    0.00000    0.04257      -  30.3  285s
 1035386 714513    0.00131   39   44    0.00000    0.04251      -  30.3  290s
 1054617 727974    0.00152   47   52    0.00000    0.04247      -  30.3  295s
 1072792 740520    0.01078   42   50    0.00000    0.04241      -  30.3  300s
 1089393 751888    0.00008   68   49    0.00000    0.04236      -  30.3  305s
 1107655 764137    0.00009   47   36    0.00000    0.04231      -  30.3  310s
 1127324 777070    0.00183   54   51    0.00000    0.04226      -  30.3  315s
 1144355 788277    0.00001   85   49    0.00000    0.04221      -  30.3  320s
 1162031 800165    0.00000   90   27    0.00000    0.04216      -  30.3  325s
 1180497 812735    0.00004   56   50    0.00000    0.04211      -  30.3  330s
 1200028 825948    0.00000   76   46    0.00000    0.04205      -  30.3  335s
 1213446 834995    0.00002   63   50    0.00000    0.04201      -  30.3  340s
 1232265 847743    0.00003   58   38    0.00000    0.04196      -  30.3  345s
 1251388 860738    0.00001   68   50    0.00000    0.04190      -  30.3  350s
 1267264 871450    0.03314   38   56    0.00000    0.04185      -  30.3  355s
 1281426 881097    0.00019   61   51    0.00000    0.04181      -  30.3  360s

Cutting planes:
  Gomory: 44
  Implied bound: 29
  MIR: 12
  Flow cover: 91
  Inf proof: 2
  RLT: 119
  Relax-and-lift: 30
  BQP: 39

Explored 1281965 nodes (38879837 simplex iterations) in 360.00 seconds (374.40 work units)
Thread count was 4 (of 4 available processors)

Solution count 10: 1.16724e-06 9.72549e-07 6.66983e-07 ... 1.13634e-07

Time limit reached
Best objective 1.167241175395e-06, best bound 4.180650988195e-02, gap 3581551.3985%
{"verdict": "UNRESOLVED", "status": "TIME_LIMIT", "runtime": 360.0034511089325, "objval": 1.1672411753954615e-06, "objbound": 0.04180650988194808, "binaries": 46}
