Set parameter NodefileStart to value 6
Read parameters from file gurobi.env
Restricted license - for non-production use only - expires 2027-11-29
Set parameter OutputFlag to value 1
Set parameter Threads to value 4
Set parameter TimeLimit to value 360
Set parameter MIPGap to value 5e-05
Set parameter MIPFocus to value 2
Set parameter NonConvex to value 2
Set parameter BestBdStop to value 2.7426211734693878e-02
Gurobi Optimizer version 13.0.3 build v13.0.3rc0 (linux64 - "Ubuntu 24.04.5 LTS")

CPU model: AMD EPYC 9V74 80-Core Processor, instruction set [SSE2|AVX|AVX2|AVX512]
Thread count: 2 physical cores, 4 logical processors, using up to 4 threads

Non-default parameters:
TimeLimit  360
BestBdStop  2.7426211734693878e-02
MIPGap  5e-05
MIPFocus  2
NodefileStart  6
NonConvex  2
Threads  4

Optimize a model with 145 rows, 115 columns and 846 nonzeros (Max)
Model fingerprint: 0x8cfe211a
Model has 1 linear objective coefficients
Model has 50 quadratic constraints
Variable types: 65 continuous, 50 integer (50 binary)
Coefficient statistics:
  Matrix range     [5e-01, 1e+00]
  QMatrix range    [1e+00, 1e+00]
  QLMatrix range   [1e+00, 1e+00]
  Objective range  [1e+00, 1e+00]
  Bounds range     [5e-01, 1e+00]
  RHS range        [1e+00, 1e+00]

Found heuristic solution: objective -0.0000000
Presolve time: 0.00s
Presolved: 345 rows, 116 columns, 1246 nonzeros
Presolved model has 50 bilinear constraint(s)

Solving non-convex MIQCP to global optimality

Variable types: 66 continuous, 50 integer (50 binary)
Root relaxation presolve removed 50 rows and 1 columns
Root relaxation presolved: 295 rows, 115 columns, 1196 nonzeros


Root relaxation: objective 8.333333e-02, 129 iterations, 0.00 seconds (0.00 work units)

    Nodes    |    Current Node    |     Objective Bounds      |     Work
 Expl Unexpl |  Obj  Depth IntInf | Incumbent    BestBd   Gap | It/Node Time

     0     0    0.08333    0   44   -0.00000    0.08333      -     -    0s
     0     0    0.06250    0   45   -0.00000    0.06250      -     -    0s
     0     0    0.06250    0   56   -0.00000    0.06250      -     -    0s
     0     0    0.06250    0   60   -0.00000    0.06250      -     -    0s
H    0     0                       0.0000001    0.06250      -     -    0s
H    0     0                       0.0000001    0.06250      -     -    0s
H    0     0                       0.0000002    0.06250      -     -    0s
H    0     0                       0.0000002    0.06250      -     -    0s
     0     0    0.06250    0   59    0.00000    0.06250      -     -    0s
     0     0    0.06250    0   56    0.00000    0.06250      -     -    0s
     0     0    0.06250    0   39    0.00000    0.06250      -     -    0s
     0     0    0.06250    0   50    0.00000    0.06250      -     -    0s
     0     0    0.06250    0   47    0.00000    0.06250      -     -    0s
     0     0    0.06250    0   40    0.00000    0.06250      -     -    0s
     0     0    0.06250    0   42    0.00000    0.06250      -     -    0s
     0     0    0.06250    0   42    0.00000    0.06250      -     -    0s
H    0     0                       0.0068934    0.06250   807%     -    0s
H    0     0                       0.0078125    0.06250   700%     -    0s
H    0     0                       0.0133929    0.06250   367%     -    0s
     0     2    0.06229    0   56    0.01339    0.06229   365%     -    0s
H  501   489                       0.0136409    0.06229   357%  22.6    0s
H 1124   943                       0.0136742    0.06219   355%  30.1    1s
H 1739  1222                       0.0136939    0.05732   319%  28.5    2s
H 1859  1311                       0.0137029    0.05732   318%  28.1    2s
H 1869  1265                       0.0137422    0.05732   317%  28.2    2s
H 2671  1571                       0.0168008    0.05732   241%  23.8    2s
H 2798  1497                       0.0168012    0.05732   241%  23.6    2s
H 3055  1535                       0.0168013    0.05732   241%  24.3    2s
H 4175  1586                       0.0196050    0.05732   192%  25.2    3s
 10600  5216    0.02765   40   48    0.01960    0.05586   185%  22.5    5s
H11983  5366                       0.0200040    0.05556   178%  22.8    5s
H19923  7889                       0.0204416    0.05399   164%  24.5    7s
 28989 10620    0.03105   35   55    0.02044    0.05238   156%  26.2   10s
 47172 16110    0.02197   42   49    0.02044    0.05022   146%  28.0   15s
 68009 21745     cutoff   44         0.02044    0.04856   138%  28.5   20s
 89984 27942 infeasible   48         0.02044    0.04725   131%  28.7   25s
 107117 32050    0.02558   36   47    0.02044    0.04639   127%  28.8   30s
 127637 36669    0.02202   46   54    0.02044    0.04560   123%  29.1   35s
H134219 36696                       0.0213968    0.04542   112%  29.2   36s
H134406 36722                       0.0213968    0.04540   112%  29.2   36s
H135324 36918                       0.0213968    0.04535   112%  29.3   36s
H140487 37980                       0.0213968    0.04514   111%  29.3   38s
 144372 38758    0.02949   43   55    0.02140    0.04497   110%  29.4   40s
H159604 33859                       0.0251084    0.04448  77.1%  29.4   43s
H160609 33948                       0.0251084    0.04445  77.0%  29.4   43s
 162978 34300     cutoff   39         0.02511    0.04435  76.6%  29.4   45s
 183122 37047     cutoff   35         0.02511    0.04359  73.6%  29.5   50s
 202610 39499     cutoff   47         0.02511    0.04299  71.2%  29.5   55s
 224728 42561     cutoff   47         0.02511    0.04233  68.6%  29.5   60s
 247129 45270    0.03264   44   59    0.02511    0.04175  66.3%  29.4   65s
 265215 47390     cutoff   48         0.02511    0.04133  64.6%  29.4   70s
 287348 50038    0.03405   38   59    0.02511    0.04090  62.9%  29.4   75s
 309980 52414    0.02781   42   56    0.02511    0.04048  61.2%  29.4   80s
H318831 53309                       0.0251084    0.04034  60.7%  29.4   81s
 330104 54837     cutoff   43         0.02511    0.04015  59.9%  29.4   85s
 352961 56875    0.03106   47   57    0.02511    0.03977  58.4%  29.3   90s
 377179 59061    0.03494   39   57    0.02511    0.03935  56.7%  29.2   95s
 399386 61065    0.03285   42   60    0.02511    0.03902  55.4%  29.2  100s
 422339 62711     cutoff   51         0.02511    0.03867  54.0%  29.1  105s
 443068 64532     cutoff   42         0.02511    0.03842  53.0%  29.0  110s
 463626 66195     cutoff   45         0.02511    0.03816  52.0%  29.0  115s
 486846 68003    0.02783   52   53    0.02511    0.03788  50.9%  28.9  120s
 510459 70566     cutoff   39         0.02511    0.03768  50.1%  28.8  125s
 534635 73006     cutoff   44         0.02511    0.03747  49.2%  28.7  130s
 558290 75126     cutoff   39         0.02511    0.03726  48.4%  28.6  135s
 582589 77020    0.02808   49   58    0.02511    0.03706  47.6%  28.5  140s
 603581 79086    0.02958   39   53    0.02511    0.03689  46.9%  28.4  145s
 626418 80474     cutoff   43         0.02511    0.03671  46.2%  28.3  150s
 649721 81857     cutoff   41         0.02511    0.03651  45.4%  28.2  155s
 675919 83486     cutoff   44         0.02511    0.03628  44.5%  28.1  160s
H686448 84074                       0.0251084    0.03619  44.1%  28.1  162s
 698201 84663    0.02640   61   42    0.02511    0.03608  43.7%  28.1  165s
 723091 86103     cutoff   44         0.02511    0.03588  42.9%  28.0  170s
 746605 87166     cutoff   59         0.02511    0.03568  42.1%  27.9  175s
 772889 88330 infeasible   52         0.02511    0.03545  41.2%  27.8  180s
 797082 89364    0.03239   38   54    0.02511    0.03525  40.4%  27.7  185s
 816856 90000    0.02989   44   60    0.02511    0.03509  39.8%  27.7  190s
 841464 90754    0.02519   42   56    0.02511    0.03489  39.0%  27.6  195s
 866399 91579    0.02949   41   44    0.02511    0.03470  38.2%  27.5  200s
 891802 92518    0.02675   48   50    0.02511    0.03450  37.4%  27.4  205s
 918013 92995    0.02774   41   42    0.02511    0.03430  36.6%  27.4  210s
 941594 93850    0.02931   40   52    0.02511    0.03414  36.0%  27.3  215s
 966998 94616    0.03060   43   46    0.02511    0.03397  35.3%  27.2  220s
 991378 95243    0.02516   45   52    0.02511    0.03380  34.6%  27.1  225s
 1010299 95631     cutoff   49         0.02511    0.03368  34.1%  27.1  230s
 1038123 96253     cutoff   53         0.02511    0.03352  33.5%  27.0  235s
 1062003 96426    0.03150   42   56    0.02511    0.03336  32.9%  26.9  240s
 1084170 96519     cutoff   52         0.02511    0.03322  32.3%  26.9  245s
 1108651 96647     cutoff   37         0.02511    0.03306  31.7%  26.8  250s
 1134042 96826    0.02639   47   55    0.02511    0.03290  31.1%  26.7  255s
 1157223 97146     cutoff   53         0.02511    0.03277  30.5%  26.6  260s
 1180845 97301    0.03160   43   56    0.02511    0.03263  30.0%  26.6  265s
 1206597 97399    0.02533   48   51    0.02511    0.03247  29.3%  26.5  270s
 1231505 97523 infeasible   65         0.02511    0.03233  28.8%  26.4  275s
 1252238 97406     cutoff   46         0.02511    0.03221  28.3%  26.4  280s
 1275419 97675     cutoff   53         0.02511    0.03208  27.8%  26.3  285s
 1300215 97528    0.02600   44   54    0.02511    0.03195  27.2%  26.2  290s
 1326131 97310     cutoff   47         0.02511    0.03181  26.7%  26.1  295s
 1351851 96912     cutoff   43         0.02511    0.03166  26.1%  26.1  300s
 1378439 96716    0.03100   41   49    0.02511    0.03152  25.5%  26.0  305s
 1403062 96166     cutoff   49         0.02511    0.03139  25.0%  25.9  310s
 1426467 95771    0.02790   37   61    0.02511    0.03126  24.5%  25.9  315s
 1449141 95415     cutoff   44         0.02511    0.03114  24.0%  25.8  320s
 1477609 94933     cutoff   49         0.02511    0.03099  23.4%  25.7  325s
 1502962 94746     cutoff   44         0.02511    0.03087  23.0%  25.7  330s
 1529251 94289    0.02795   45   57    0.02511    0.03074  22.4%  25.6  335s
 1553110 93796     cutoff   44         0.02511    0.03063  22.0%  25.5  340s
 1580002 92894     cutoff   45         0.02511    0.03048  21.4%  25.5  345s
 1608282 92042     cutoff   46         0.02511    0.03033  20.8%  25.4  350s
 1635192 91224    0.02720   50   39    0.02511    0.03020  20.3%  25.3  355s
 1658045 90299     cutoff   60         0.02511    0.03008  19.8%  25.2  360s

Cutting planes:
  Gomory: 3
  Implied bound: 9
  MIR: 6
  Flow cover: 18
  Inf proof: 1
  RLT: 74
  Relax-and-lift: 3
  BQP: 40

Explored 1658142 nodes (41838388 simplex iterations) in 360.00 seconds (385.58 work units)
Thread count was 4 (of 4 available processors)

Solution count 10: 0.0251084 0.0213968 0.0204416 ... 0.0136939

Time limit reached
Best objective 2.510840198543e-02, best bound 3.008169610663e-02, gap 19.8073%
{"verdict": "UNRESOLVED", "status": "TIME_LIMIT", "runtime": 360.002259016037, "objval": 0.025108401985427523, "objbound": 0.03008169610662915, "binaries": 50}
