Set parameter NodefileStart to value 6
Read parameters from file gurobi.env
Restricted license - for non-production use only - expires 2027-11-29
Set parameter OutputFlag to value 1
Set parameter Threads to value 4
Set parameter TimeLimit to value 360
Set parameter MIPGap to value 5e-05
Set parameter MIPFocus to value 2
Set parameter NonConvex to value 2
Set parameter BestBdStop to value 2.7426211734693878e-02
Gurobi Optimizer version 13.0.3 build v13.0.3rc0 (linux64 - "Ubuntu 24.04.5 LTS")

CPU model: Intel(R) Xeon(R) Platinum 8370C CPU @ 2.80GHz, instruction set [SSE2|AVX|AVX2|AVX512]
Thread count: 2 physical cores, 4 logical processors, using up to 4 threads

Non-default parameters:
TimeLimit  360
BestBdStop  2.7426211734693878e-02
MIPGap  5e-05
MIPFocus  2
NodefileStart  6
NonConvex  2
Threads  4

Optimize a model with 133 rows, 103 columns and 742 nonzeros (Max)
Model fingerprint: 0xea9f5d32
Model has 1 linear objective coefficients
Model has 50 quadratic constraints
Variable types: 65 continuous, 38 integer (38 binary)
Coefficient statistics:
  Matrix range     [5e-01, 1e+00]
  QMatrix range    [1e+00, 1e+00]
  QLMatrix range   [1e+00, 1e+00]
  Objective range  [1e+00, 1e+00]
  Bounds range     [5e-01, 1e+00]
  RHS range        [1e+00, 1e+00]

Found heuristic solution: objective -0.0000000
Presolve time: 0.00s
Presolved: 333 rows, 104 columns, 1142 nonzeros
Presolved model has 50 bilinear constraint(s)

Solving non-convex MIQCP to global optimality

Variable types: 66 continuous, 38 integer (38 binary)
Root relaxation presolve removed 50 rows and 1 columns
Root relaxation presolved: 283 rows, 103 columns, 1092 nonzeros


Root relaxation: objective 1.250000e-01, 109 iterations, 0.00 seconds (0.00 work units)

    Nodes    |    Current Node    |     Objective Bounds      |     Work
 Expl Unexpl |  Obj  Depth IntInf | Incumbent    BestBd   Gap | It/Node Time

     0     0    0.12500    0   53   -0.00000    0.12500      -     -    0s
     0     0    0.10000    0   56   -0.00000    0.10000      -     -    0s
     0     0    0.08065    0   69   -0.00000    0.08065      -     -    0s
     0     0    0.08065    0   69   -0.00000    0.08065      -     -    0s
     0     0    0.07975    0   71   -0.00000    0.07975      -     -    0s
     0     0    0.07911    0   69   -0.00000    0.07911      -     -    0s
     0     0    0.07907    0   70   -0.00000    0.07907      -     -    0s
     0     0    0.07554    0   70   -0.00000    0.07554      -     -    0s
     0     0    0.07543    0   60   -0.00000    0.07543      -     -    0s
     0     0    0.07543    0   63   -0.00000    0.07543      -     -    0s
     0     0    0.07543    0   64   -0.00000    0.07543      -     -    0s
     0     0    0.07543    0   64   -0.00000    0.07543      -     -    0s
     0     0    0.07543    0   63   -0.00000    0.07543      -     -    0s
     0     0    0.07543    0   63   -0.00000    0.07543      -     -    0s
     0     0    0.07543    0   53   -0.00000    0.07543      -     -    0s
     0     2    0.07543    0   53   -0.00000    0.07543      -     -    0s
* 1783  1320             104       0.0000000    0.04098      -  30.2    2s
* 1785  1273             104       0.0000000    0.04098      -  30.2    2s
* 1786  1229             105       0.0000000    0.04098      -  30.2    2s
* 1801  1182              98       0.0000001    0.04098      -  30.0    2s
* 1839  1127              94       0.0000002    0.04098      -  29.7    2s
H 2193  1270                       0.0000004    0.04098      -  31.8    2s
H 2446  1303                       0.0000004    0.04098      -  32.4    2s
H 2716  1391                       0.0000007    0.04098      -  34.8    3s
* 6741  3844              78       0.0000007    0.04023      -  31.8    4s
  7169  3986    0.00000   52   37    0.00000    0.03787      -  31.8    6s
 22724 13864    0.00000   61   35    0.00000    0.02911      -  29.1   11s

Cutting planes:
  Gomory: 11
  Implied bound: 1
  MIR: 4
  Flow cover: 7
  RLT: 66
  Relax-and-lift: 2
  BQP: 14

Explored 31791 nodes (928998 simplex iterations) in 13.71 seconds (9.75 work units)
Thread count was 4 (of 4 available processors)

Solution count 7: 6.59756e-07 6.56766e-07 3.90588e-07 ... -0

Optimization achieved user objective limit
Best objective 6.597559222569e-07, best bound 2.737429525460e-02, gap -
{"verdict": "PROVED", "status": "BOUND_REACHED", "runtime": 13.708401918411255, "objval": 6.597559222568956e-07, "objbound": 0.02737429525459889, "binaries": 38}
