Set parameter NodefileStart to value 6
Read parameters from file gurobi.env
Restricted license - for non-production use only - expires 2027-11-29
Set parameter OutputFlag to value 1
Set parameter Threads to value 4
Set parameter TimeLimit to value 360
Set parameter MIPGap to value 5e-05
Set parameter MIPFocus to value 2
Set parameter NonConvex to value 2
Set parameter BestBdStop to value 2.7426211734693878e-02
Gurobi Optimizer version 13.0.3 build v13.0.3rc0 (linux64 - "Ubuntu 24.04.5 LTS")

CPU model: Intel(R) Xeon(R) Platinum 8370C CPU @ 2.80GHz, instruction set [SSE2|AVX|AVX2|AVX512]
Thread count: 2 physical cores, 4 logical processors, using up to 4 threads

Non-default parameters:
TimeLimit  360
BestBdStop  2.7426211734693878e-02
MIPGap  5e-05
MIPFocus  2
NodefileStart  6
NonConvex  2
Threads  4

Optimize a model with 149 rows, 119 columns and 871 nonzeros (Max)
Model fingerprint: 0x11f58251
Model has 1 linear objective coefficients
Model has 50 quadratic constraints
Variable types: 65 continuous, 54 integer (54 binary)
Coefficient statistics:
  Matrix range     [5e-01, 1e+00]
  QMatrix range    [1e+00, 1e+00]
  QLMatrix range   [1e+00, 1e+00]
  Objective range  [1e+00, 1e+00]
  Bounds range     [5e-01, 1e+00]
  RHS range        [1e+00, 1e+00]

Found heuristic solution: objective -0.0000000
Presolve time: 0.00s
Presolved: 349 rows, 120 columns, 1271 nonzeros
Presolved model has 50 bilinear constraint(s)

Solving non-convex MIQCP to global optimality

Variable types: 66 continuous, 54 integer (54 binary)
Root relaxation presolve removed 72 rows and 12 columns
Root relaxation presolved: 277 rows, 108 columns, 1089 nonzeros


Root relaxation: objective 1.000000e-01, 124 iterations, 0.00 seconds (0.00 work units)

    Nodes    |    Current Node    |     Objective Bounds      |     Work
 Expl Unexpl |  Obj  Depth IntInf | Incumbent    BestBd   Gap | It/Node Time

     0     0    0.10000    0   48   -0.00000    0.10000      -     -    0s
     0     0    0.08333    0   57   -0.00000    0.08333      -     -    0s
     0     0    0.08333    0   41   -0.00000    0.08333      -     -    0s
     0     0    0.08230    0   54   -0.00000    0.08230      -     -    0s
     0     0    0.08230    0   53   -0.00000    0.08230      -     -    0s
     0     0    0.08230    0   45   -0.00000    0.08230      -     -    0s
     0     0    0.08230    0   45   -0.00000    0.08230      -     -    0s
     0     0    0.08230    0   45   -0.00000    0.08230      -     -    0s
     0     0    0.08230    0   45   -0.00000    0.08230      -     -    0s
     0     2    0.08230    0   45   -0.00000    0.08230      -     -    0s
*  542   554              84       0.0000000    0.08230      -  21.9    0s
*  551   544              74       0.0000000    0.08230      -  21.6    0s
*  556   536              77       0.0000000    0.08230      -  21.5    0s
*  561   536              79       0.0000000    0.08230      -  21.5    0s
*  566   518              82       0.0000001    0.08230      -  21.9    0s
H 1542  1101                       0.0000001    0.06559      -  19.7    1s
* 1557  1051              63       0.0000003    0.06559      -  19.6    1s
* 1987  1118              60       0.0000004    0.04402      -  17.7    2s
H 3122  1672                       0.0000004    0.02844      -  15.6    4s
H 3333  1849                       0.0000006    0.02844      -  15.1    4s

Cutting planes:
  Gomory: 3
  Implied bound: 1
  Flow cover: 10
  RLT: 24
  BQP: 5

Explored 3656 nodes (52606 simplex iterations) in 4.46 seconds (2.02 work units)
Thread count was 4 (of 4 available processors)

Solution count 10: 5.87379e-07 3.96281e-07 3.87754e-07 ... 7.07595e-10

Optimization achieved user objective limit
Best objective 5.873785951550e-07, best bound 2.256179469940e-02, gap -
{"verdict": "PROVED", "status": "BOUND_REACHED", "runtime": 4.463374853134155, "objval": 5.87378595155036e-07, "objbound": 0.022561794699400225, "binaries": 54}
