Set parameter NodefileStart to value 6
Read parameters from file gurobi.env
Restricted license - for non-production use only - expires 2027-11-29
Set parameter OutputFlag to value 1
Set parameter Threads to value 4
Set parameter TimeLimit to value 360
Set parameter MIPGap to value 5e-05
Set parameter MIPFocus to value 2
Set parameter NonConvex to value 2
Set parameter BestBdStop to value 2.7426211734693878e-02
Gurobi Optimizer version 13.0.3 build v13.0.3rc0 (linux64 - "Ubuntu 24.04.5 LTS")

CPU model: INTEL(R) XEON(R) PLATINUM 8573C, instruction set [SSE2|AVX|AVX2|AVX512]
Thread count: 2 physical cores, 4 logical processors, using up to 4 threads

Non-default parameters:
TimeLimit  360
BestBdStop  2.7426211734693878e-02
MIPGap  5e-05
MIPFocus  2
NodefileStart  6
NonConvex  2
Threads  4

Optimize a model with 133 rows, 103 columns and 742 nonzeros (Max)
Model fingerprint: 0x394c2873
Model has 1 linear objective coefficients
Model has 50 quadratic constraints
Variable types: 65 continuous, 38 integer (38 binary)
Coefficient statistics:
  Matrix range     [5e-01, 1e+00]
  QMatrix range    [1e+00, 1e+00]
  QLMatrix range   [1e+00, 1e+00]
  Objective range  [1e+00, 1e+00]
  Bounds range     [5e-01, 1e+00]
  RHS range        [1e+00, 1e+00]

Found heuristic solution: objective -0.0000000
Presolve time: 0.00s
Presolved: 333 rows, 104 columns, 1142 nonzeros
Presolved model has 50 bilinear constraint(s)

Solving non-convex MIQCP to global optimality

Variable types: 66 continuous, 38 integer (38 binary)
Root relaxation presolve removed 50 rows and 1 columns
Root relaxation presolved: 283 rows, 103 columns, 1092 nonzeros


Root relaxation: objective 1.250000e-01, 121 iterations, 0.00 seconds (0.00 work units)

    Nodes    |    Current Node    |     Objective Bounds      |     Work
 Expl Unexpl |  Obj  Depth IntInf | Incumbent    BestBd   Gap | It/Node Time

     0     0    0.12500    0   50   -0.00000    0.12500      -     -    0s
     0     0    0.10000    0   49   -0.00000    0.10000      -     -    0s
     0     0    0.08333    0   51   -0.00000    0.08333      -     -    0s
     0     0    0.08333    0   49   -0.00000    0.08333      -     -    0s
     0     0    0.08333    0   53   -0.00000    0.08333      -     -    0s
     0     0    0.08333    0   53   -0.00000    0.08333      -     -    0s
     0     0    0.08333    0   55   -0.00000    0.08333      -     -    0s
     0     0    0.08333    0   56   -0.00000    0.08333      -     -    0s
     0     0    0.08333    0   51   -0.00000    0.08333      -     -    0s
     0     0    0.08333    0   59   -0.00000    0.08333      -     -    0s
     0     0    0.08306    0   69   -0.00000    0.08306      -     -    0s
     0     0    0.08306    0   63   -0.00000    0.08306      -     -    0s
     0     0    0.08295    0   67   -0.00000    0.08295      -     -    0s
     0     0    0.08295    0   69   -0.00000    0.08295      -     -    0s
     0     0    0.08295    0   69   -0.00000    0.08295      -     -    0s
     0     0    0.08295    0   69   -0.00000    0.08295      -     -    0s
     0     0    0.08295    0   69   -0.00000    0.08295      -     -    0s
     0     0    0.08295    0   69   -0.00000    0.08295      -     -    0s
     0     2    0.08295    0   69   -0.00000    0.08295      -     -    0s
H   68    79                       0.0000000    0.07857      -  19.9    0s
H  242   255                       0.0000000    0.07857      -  30.2    0s
H 1059   946                       0.0000007    0.07692      -  34.1    0s
 12781  8115    0.00000   98   35    0.00000    0.03044      -  28.7    5s

Cutting planes:
  Gomory: 15
  Lift-and-project: 1
  MIR: 1
  Flow cover: 11
  RLT: 42
  BQP: 6

Explored 24914 nodes (709268 simplex iterations) in 8.15 seconds (6.99 work units)
Thread count was 4 (of 4 available processors)

Solution count 4: 7.06503e-07 1.32938e-08 5.57016e-09 -0 

Optimization achieved user objective limit
Best objective 7.065030094289e-07, best bound 2.726746087185e-02, gap -
{"verdict": "PROVED", "status": "BOUND_REACHED", "runtime": 8.149871110916138, "objval": 7.065030094288718e-07, "objbound": 0.027267460871852965, "binaries": 38}
