Set parameter NodefileStart to value 6
Read parameters from file gurobi.env
Restricted license - for non-production use only - expires 2027-11-29
Set parameter OutputFlag to value 1
Set parameter Threads to value 4
Set parameter TimeLimit to value 360
Set parameter MIPGap to value 5e-05
Set parameter MIPFocus to value 2
Set parameter NonConvex to value 2
Set parameter BestBdStop to value 2.7426211734693878e-02
Gurobi Optimizer version 13.0.3 build v13.0.3rc0 (linux64 - "Ubuntu 24.04.5 LTS")

CPU model: AMD EPYC 9V74 80-Core Processor, instruction set [SSE2|AVX|AVX2|AVX512]
Thread count: 2 physical cores, 4 logical processors, using up to 4 threads

Non-default parameters:
TimeLimit  360
BestBdStop  2.7426211734693878e-02
MIPGap  5e-05
MIPFocus  2
NodefileStart  6
NonConvex  2
Threads  4

Optimize a model with 141 rows, 111 columns and 810 nonzeros (Max)
Model fingerprint: 0x7135f675
Model has 1 linear objective coefficients
Model has 50 quadratic constraints
Variable types: 65 continuous, 46 integer (46 binary)
Coefficient statistics:
  Matrix range     [5e-01, 1e+00]
  QMatrix range    [1e+00, 1e+00]
  QLMatrix range   [1e+00, 1e+00]
  Objective range  [1e+00, 1e+00]
  Bounds range     [5e-01, 1e+00]
  RHS range        [1e+00, 1e+00]

Found heuristic solution: objective -0.0000000
Presolve time: 0.00s
Presolved: 341 rows, 112 columns, 1210 nonzeros
Presolved model has 50 bilinear constraint(s)

Solving non-convex MIQCP to global optimality

Variable types: 66 continuous, 46 integer (46 binary)
Root relaxation presolve removed 50 rows and 1 columns
Root relaxation presolved: 291 rows, 111 columns, 1160 nonzeros


Root relaxation: objective 8.333333e-02, 100 iterations, 0.00 seconds (0.00 work units)

    Nodes    |    Current Node    |     Objective Bounds      |     Work
 Expl Unexpl |  Obj  Depth IntInf | Incumbent    BestBd   Gap | It/Node Time

     0     0    0.08333    0   48   -0.00000    0.08333      -     -    0s
     0     0    0.08333    0   53   -0.00000    0.08333      -     -    0s
     0     0    0.08333    0   36   -0.00000    0.08333      -     -    0s
     0     0    0.08333    0   36   -0.00000    0.08333      -     -    0s
H    0     0                       0.0000000    0.08333      -     -    0s
     0     2    0.08333    0   36    0.00000    0.08333      -     -    0s
H 1142  1025                       0.0000003    0.07328      -  26.6    0s
H 1288  1091                       0.0000005    0.07328      -  27.9    1s
H 1531  1209                       0.0000695    0.07328      -  25.9    1s
H 1548  1156                       0.0011852    0.07328  6083%  25.6    1s
H 1679  1223                       0.0011852    0.07328  6083%  24.4    1s
H 1707  1094                       0.0065292    0.07328  1022%  24.0    1s
* 1980  1113             128       0.0086551    0.07328   747%  24.1    1s
* 1983  1068             130       0.0090000    0.07328   714%  24.0    1s
* 1984  1032             130       0.0090001    0.07328   714%  24.0    1s
* 1989   996             130       0.0090001    0.07328   714%  24.0    1s
* 1990   963             130       0.0090003    0.07328   714%  24.0    1s
H 2525  1160                       0.0096954    0.07328   656%  27.6    1s
H 2836  1265                       0.0098728    0.07328   642%  27.9    1s
H 3954  1341                       0.0130308    0.07134   448%  25.3    1s
H 4023  1396                       0.0130308    0.07134   448%  25.3    1s
H20207  9175                       0.0136035    0.06080   347%  28.7    4s
 20314  9183    0.02560   35   53    0.01360    0.06070   346%  28.7    5s
H20321  9187                       0.0136035    0.06070   346%  28.7    5s
H20537  8906                       0.0148537    0.06054   308%  28.7    5s
 48229 20370    0.04129   26   56    0.01485    0.05473   268%  28.0   10s
 82825 33077    0.05082   27   58    0.01485    0.05137   246%  27.4   15s
 117242 45504    0.03596   37   55    0.01485    0.04929   232%  27.1   20s
 151720 57936    0.01653   34   51    0.01485    0.04769   221%  26.9   25s
 182809 68916    0.02446   37   52    0.01485    0.04663   214%  26.7   30s
 217541 80796    0.01889   34   52    0.01485    0.04571   208%  26.5   35s
 252064 92562    0.01846   43   51    0.01485    0.04508   204%  26.4   40s
 286682 104434     cutoff   36         0.01485    0.04453   200%  26.4   45s
*301201 107025             139       0.0155304    0.04433   185%  26.3   47s
*301202 107025             139       0.0155304    0.04433   185%  26.3   47s
H301643 107110                       0.0155313    0.04432   185%  26.3   47s
H303171 106534                       0.0157882    0.04429   181%  26.3   47s
 318101 111254    0.01641   38   50    0.01579    0.04403   179%  26.2   50s
 352942 122125     cutoff   40         0.01579    0.04349   175%  26.2   55s
 383784 131657     cutoff   37         0.01579    0.04303   173%  26.1   60s
 419167 142497    0.02648   40   52    0.01579    0.04256   170%  26.1   65s
 453378 152995    0.03472   36   53    0.01579    0.04219   167%  26.0   70s
 485299 163110    0.01915   36   50    0.01579    0.04187   165%  26.0   75s
 519313 173530    0.01699   39   52    0.01579    0.04154   163%  26.0   80s
 549688 182789     cutoff   43         0.01579    0.04124   161%  25.9   85s
 584512 193329    0.02872   41   53    0.01579    0.04095   159%  25.8   90s
 619521 204044    0.01797   51   44    0.01579    0.04066   158%  25.8   95s
 654300 214808    0.02638   38   54    0.01579    0.04038   156%  25.7  100s
 689211 226340     cutoff   37         0.01579    0.04014   154%  25.6  105s
 723841 237223    0.03926   30   50    0.01579    0.03991   153%  25.6  110s
 758356 247615    0.01829   42   44    0.01579    0.03971   151%  25.6  115s
 788795 256595     cutoff   50         0.01579    0.03953   150%  25.6  120s
H796935 228379                       0.0182193    0.03948   117%  25.6  121s
H799105 228975                       0.0182193    0.03946   117%  25.6  121s
 817039 233519     cutoff   45         0.01822    0.03934   116%  25.6  125s
 852136 242009    0.03886   29   50    0.01822    0.03910   115%  25.6  130s
 887001 250342    0.02847   39   52    0.01822    0.03888   113%  25.5  135s
 921287 258255    0.02606   42   56    0.01822    0.03868   112%  25.5  140s
 956243 266119     cutoff   47         0.01822    0.03848   111%  25.5  145s
 987630 273346     cutoff   36         0.01822    0.03831   110%  25.5  150s
 1022109 281426    0.02193   41   53    0.01822    0.03814   109%  25.4  155s
 1052558 287816    0.02432   49   49    0.01822    0.03800   109%  25.4  160s
 1085623 295472    0.01828   41   52    0.01822    0.03784   108%  25.4  165s
 1118835 303249    0.01833   47   50    0.01822    0.03769   107%  25.4  170s
 1148423 309828    0.03754   42   55    0.01822    0.03756   106%  25.3  175s
 1183097 317462    0.02331   44   51    0.01822    0.03741   105%  25.3  180s
 1218221 325647    0.02170   36   56    0.01822    0.03726   105%  25.3  185s
 1252895 333251     cutoff   42         0.01822    0.03711   104%  25.3  190s
 1287738 341254     cutoff   55         0.01822    0.03697   103%  25.2  195s
 1321954 348824    0.02135   40   50    0.01822    0.03684   102%  25.2  200s
 1353604 355775     cutoff   40         0.01822    0.03673   102%  25.2  205s
 1388413 363840    0.03414   37   45    0.01822    0.03661   101%  25.2  210s
 1422817 372114     cutoff   39         0.01822    0.03650   100%  25.1  215s
 1456927 379674    0.02951   41   51    0.01822    0.03639   100%  25.1  220s
 1491037 386708    0.03565   36   54    0.01822    0.03629  99.2%  25.1  225s
 1525590 394149    0.02360   40   51    0.01822    0.03617  98.5%  25.1  230s
 1556692 400754    0.01826   41   53    0.01822    0.03607  98.0%  25.1  235s
 1591832 408076    0.02340   34   53    0.01822    0.03596  97.4%  25.1  240s
 1627016 415622    0.03309   50   53    0.01822    0.03586  96.8%  25.1  245s
 1662842 424190     cutoff   47         0.01822    0.03576  96.3%  25.0  250s
 1694751 431992    0.02450   40   53    0.01822    0.03567  95.8%  25.0  255s
 1730562 440034    0.03325   38   51    0.01822    0.03557  95.2%  25.0  260s
 1762036 446397    0.03007   28   60    0.01822    0.03549  94.8%  25.0  265s
 1797576 453907     cutoff   41         0.01822    0.03539  94.3%  24.9  270s
 1832015 460954     cutoff   36         0.01822    0.03530  93.7%  24.9  275s
 1867198 467884 infeasible   39         0.01822    0.03521  93.3%  24.9  280s
 1903064 474913     cutoff   45         0.01822    0.03512  92.8%  24.9  285s
 1933558 480768    0.01959   44   51    0.01822    0.03505  92.4%  24.9  290s
 1968895 487620    0.02375   41   53    0.01822    0.03496  91.9%  24.9  295s
 2004290 494344     cutoff   36         0.01822    0.03488  91.4%  24.9  300s
 2039166 501148    0.02142   38   51    0.01822    0.03480  91.0%  24.8  305s
 2074943 508235    0.01928   49   55    0.01822    0.03472  90.6%  24.8  310s
 2110310 514869    0.01870   38   50    0.01822    0.03464  90.1%  24.8  315s
 2141896 520583    0.02846   37   48    0.01822    0.03457  89.8%  24.8  320s
 2177236 527662    0.01994   38   52    0.01822    0.03451  89.4%  24.8  325s
 2212106 534455    0.01919   47   52    0.01822    0.03444  89.0%  24.8  330s
 2247715 541231     cutoff   49         0.01822    0.03437  88.6%  24.8  335s
 2279943 547259     cutoff   40         0.01822    0.03430  88.3%  24.8  340s
H2288359 492657                       0.0199155    0.03428  72.1%  24.8  341s
H2290445 492853                       0.0199155    0.03428  72.1%  24.8  341s
 2309983 495870    0.02033   41   53    0.01992    0.03423  71.9%  24.7  345s
H2316553 496776                       0.0199155    0.03422  71.8%  24.7  345s
H2316658 496774                       0.0199156    0.03422  71.8%  24.7  346s
H2317003 496829                       0.0199156    0.03421  71.8%  24.7  346s
 2338493 500112     cutoff   45         0.01992    0.03416  71.5%  24.7  350s
 2373291 505821    0.02719   34   51    0.01992    0.03408  71.1%  24.7  355s
 2406286 510808     cutoff   42         0.01992    0.03401  70.8%  24.7  360s

Cutting planes:
  Gomory: 4
  MIR: 1
  Flow cover: 25
  RLT: 52
  Relax-and-lift: 4
  BQP: 12

Explored 2406677 nodes (59429438 simplex iterations) in 360.00 seconds (468.28 work units)
Thread count was 4 (of 4 available processors)

Solution count 10: 0.0199156 0.0199155 0.0182193 ... 0.00987281

Time limit reached
Best objective 1.991556348911e-02, best bound 3.400671844202e-02, gap 70.7545%
{"verdict": "UNRESOLVED", "status": "TIME_LIMIT", "runtime": 360.0028078556061, "objval": 0.019915563489114857, "objbound": 0.03400671844202273, "binaries": 46}
