Set parameter NodefileStart to value 6
Read parameters from file gurobi.env
Restricted license - for non-production use only - expires 2027-11-29
Set parameter OutputFlag to value 1
Set parameter Threads to value 4
Set parameter TimeLimit to value 360
Set parameter MIPGap to value 5e-05
Set parameter MIPFocus to value 2
Set parameter NonConvex to value 2
Set parameter BestBdStop to value 2.7426211734693878e-02
Gurobi Optimizer version 13.0.3 build v13.0.3rc0 (linux64 - "Ubuntu 24.04.5 LTS")

CPU model: AMD EPYC 7763 64-Core Processor, instruction set [SSE2|AVX|AVX2]
Thread count: 2 physical cores, 4 logical processors, using up to 4 threads

Non-default parameters:
TimeLimit  360
BestBdStop  2.7426211734693878e-02
MIPGap  5e-05
MIPFocus  2
NodefileStart  6
NonConvex  2
Threads  4

Optimize a model with 149 rows, 119 columns and 871 nonzeros (Max)
Model fingerprint: 0xb2cc3073
Model has 1 linear objective coefficients
Model has 50 quadratic constraints
Variable types: 65 continuous, 54 integer (54 binary)
Coefficient statistics:
  Matrix range     [5e-01, 1e+00]
  QMatrix range    [1e+00, 1e+00]
  QLMatrix range   [1e+00, 1e+00]
  Objective range  [1e+00, 1e+00]
  Bounds range     [5e-01, 1e+00]
  RHS range        [1e+00, 1e+00]

Found heuristic solution: objective -0.0000000
Presolve time: 0.00s
Presolved: 349 rows, 120 columns, 1271 nonzeros
Presolved model has 50 bilinear constraint(s)

Solving non-convex MIQCP to global optimality

Variable types: 66 continuous, 54 integer (54 binary)
Root relaxation presolve removed 74 rows and 13 columns
Root relaxation presolved: 275 rows, 107 columns, 1079 nonzeros


Root relaxation: objective 7.142857e-02, 104 iterations, 0.00 seconds (0.00 work units)

    Nodes    |    Current Node    |     Objective Bounds      |     Work
 Expl Unexpl |  Obj  Depth IntInf | Incumbent    BestBd   Gap | It/Node Time

     0     0    0.07143    0   59   -0.00000    0.07143      -     -    0s
     0     0    0.06667    0   80   -0.00000    0.06667      -     -    0s
     0     0    0.06667    0   79   -0.00000    0.06667      -     -    0s
     0     0    0.06250    0   74   -0.00000    0.06250      -     -    0s
     0     0    0.06250    0   75   -0.00000    0.06250      -     -    0s
     0     0    0.05556    0   76   -0.00000    0.05556      -     -    0s
     0     0    0.05556    0   75   -0.00000    0.05556      -     -    0s
     0     0    0.05556    0   74   -0.00000    0.05556      -     -    0s
     0     0    0.05556    0   60   -0.00000    0.05556      -     -    0s
     0     0    0.05556    0   61   -0.00000    0.05556      -     -    0s
     0     0    0.05556    0   50   -0.00000    0.05556      -     -    0s
     0     0    0.05556    0   56   -0.00000    0.05556      -     -    0s
     0     0    0.05556    0   57   -0.00000    0.05556      -     -    0s
     0     0    0.05556    0   57   -0.00000    0.05556      -     -    0s
H    0     0                       0.0000000    0.05556      -     -    0s
     0     2    0.05556    0   57    0.00000    0.05556      -     -    0s
H  520   471                       0.0000004    0.05556      -  29.1    0s
* 1813  1033              86       0.0014915    0.03587  2305%  24.7    1s
* 1814   976              86       0.0019825    0.03587  1709%  24.7    1s
* 1816   932              86       0.0019895    0.03587  1703%  24.7    1s
* 1818   889              85       0.0019912    0.03587  1701%  24.7    1s
H 1874   849                       0.0021437    0.03157  1373%  25.3    1s
H 1939   836                       0.0021438    0.03157  1372%  25.6    1s
H 1987   742                       0.0030488    0.03157   935%  25.6    1s
H 2074   749                       0.0030491    0.03099   916%  25.4    1s
H 2507   972                       0.0032047    0.03099   867%  26.6    2s
H 2687  1049                       0.0033095    0.03099   836%  26.2    2s
H 2707  1013                       0.0033687    0.03099   820%  26.2    2s
H 2890   958                       0.0038588    0.03099   703%  25.4    2s
H 3457  1266                       0.0040520    0.03080   660%  25.9    2s
H 3956  1516                       0.0040521    0.02889   613%  28.5    2s
H 4118  1624                       0.0040799    0.02889   608%  28.8    2s
H 4411  1790                       0.0040799    0.02881   606%  29.5    2s
H 5110  2105                       0.0040800    0.02881   606%  31.3    2s
H 6312  2627                       0.0042145    0.02874   582%  32.8    3s
H 7392  2960                       0.0045567    0.02864   528%  34.4    3s
H 8481  3393                       0.0045575    0.02862   528%  35.5    3s
H 9572  3817                       0.0046201    0.02851   517%  36.8    4s
H 9606  3817                       0.0046201    0.02851   517%  36.8    4s
 10774  4359     cutoff   29         0.00462    0.02828   512%  38.3    5s
H10894  4359                       0.0046206    0.02828   512%  38.4    5s
H10944  3772                       0.0056747    0.02828   398%  38.5    5s

Cutting planes:
  Implied bound: 6
  Flow cover: 4
  RLT: 49
  Relax-and-lift: 8
  BQP: 8

Explored 16036 nodes (645861 simplex iterations) in 6.53 seconds (5.89 work units)
Thread count was 4 (of 4 available processors)

Solution count 10: 0.00567471 0.00462058 0.00462009 ... 0.00385882

Optimization achieved user objective limit
Best objective 5.674713786393e-03, best bound 2.741169670149e-02, gap 383.0499%
{"verdict": "PROVED", "status": "BOUND_REACHED", "runtime": 6.526577949523926, "objval": 0.005674713786393017, "objbound": 0.02741169670149146, "binaries": 54}
