Set parameter NodefileStart to value 6
Read parameters from file gurobi.env
Restricted license - for non-production use only - expires 2027-11-29
Set parameter OutputFlag to value 1
Set parameter Threads to value 4
Set parameter TimeLimit to value 360
Set parameter MIPGap to value 5e-05
Set parameter MIPFocus to value 2
Set parameter NonConvex to value 2
Set parameter BestBdStop to value 2.7426211734693878e-02
Gurobi Optimizer version 13.0.3 build v13.0.3rc0 (linux64 - "Ubuntu 24.04.5 LTS")

CPU model: AMD EPYC 7763 64-Core Processor, instruction set [SSE2|AVX|AVX2]
Thread count: 2 physical cores, 4 logical processors, using up to 4 threads

Non-default parameters:
TimeLimit  360
BestBdStop  2.7426211734693878e-02
MIPGap  5e-05
MIPFocus  2
NodefileStart  6
NonConvex  2
Threads  4

Optimize a model with 141 rows, 111 columns and 810 nonzeros (Max)
Model fingerprint: 0xfa6b2acb
Model has 1 linear objective coefficients
Model has 50 quadratic constraints
Variable types: 65 continuous, 46 integer (46 binary)
Coefficient statistics:
  Matrix range     [5e-01, 1e+00]
  QMatrix range    [1e+00, 1e+00]
  QLMatrix range   [1e+00, 1e+00]
  Objective range  [1e+00, 1e+00]
  Bounds range     [5e-01, 1e+00]
  RHS range        [1e+00, 1e+00]

Found heuristic solution: objective -0.0000000
Presolve time: 0.00s
Presolved: 341 rows, 112 columns, 1210 nonzeros
Presolved model has 50 bilinear constraint(s)

Solving non-convex MIQCP to global optimality

Variable types: 66 continuous, 46 integer (46 binary)
Root relaxation presolve removed 70 rows and 11 columns
Root relaxation presolved: 271 rows, 101 columns, 1040 nonzeros


Root relaxation: objective 7.142857e-02, 96 iterations, 0.00 seconds (0.00 work units)

    Nodes    |    Current Node    |     Objective Bounds      |     Work
 Expl Unexpl |  Obj  Depth IntInf | Incumbent    BestBd   Gap | It/Node Time

     0     0    0.07143    0   44   -0.00000    0.07143      -     -    0s
H    0     0                       0.0000000    0.07143      -     -    0s
     0     0    0.07143    0   53    0.00000    0.07143      -     -    0s
     0     0    0.07143    0   59    0.00000    0.07143      -     -    0s
     0     0    0.07143    0   57    0.00000    0.07143      -     -    0s
     0     0    0.07143    0   44    0.00000    0.07143      -     -    0s
     0     0    0.07143    0   56    0.00000    0.07143      -     -    0s
     0     0    0.07143    0   69    0.00000    0.07143      -     -    0s
     0     0    0.07143    0   50    0.00000    0.07143      -     -    0s
     0     0    0.07143    0   60    0.00000    0.07143      -     -    0s
     0     0    0.07143    0   58    0.00000    0.07143      -     -    0s
     0     0    0.07143    0   58    0.00000    0.07143      -     -    0s
     0     0    0.07143    0   58    0.00000    0.07143      -     -    0s
     0     0    0.07143    0   44    0.00000    0.07143      -     -    0s
     0     2    0.07143    0   44    0.00000    0.07143      -     -    0s
H   22    32                       0.0000005    0.06892      -  46.4    0s
H 2109  1408                       0.0000005    0.06344      -  25.5    2s
* 7699  4898              86       0.0000006    0.05106      -  23.9    3s
 10309  7248 infeasible   51         0.00000    0.05004      -  22.4    5s
*12389  8585              76       0.0000006    0.04911      -  22.4    5s
*12393  8577              78       0.0000006    0.04911      -  22.4    5s
 26816 18979    0.00422   44   50    0.00000    0.04509      -  21.1   10s
 46836 32884     cutoff   32         0.00000    0.04105      -  20.9   15s
H54850 38541                       0.0000007    0.04050      -  21.0   16s
 66561 46813 infeasible   31         0.00000    0.03938      -  21.2   20s
H71931 50443                       0.0000007    0.03902      -  21.1   21s
 88326 61933    0.00873   40   54    0.00000    0.03780      -  21.2   25s
 110276 76955    0.00669   43   58    0.00000    0.03659      -  21.1   30s
 130224 91282    0.00398   36   45    0.00000    0.03577      -  21.1   35s
 151879 105937    0.00017   52   38    0.00000    0.03479      -  21.1   40s
 171816 119614    0.01995   30   54    0.00000    0.03410      -  21.2   45s
 190948 133208     cutoff   92         0.00000    0.03356      -  21.1   50s
 211163 147304    0.00124   39   50    0.00000    0.03310      -  21.1   55s
*229304 157925              76       0.0000009    0.03270      -  21.1   59s
 230623 159284     cutoff   94         0.00000    0.03267      -  21.1   60s
 252254 172888    0.00015   58   42    0.00000    0.03214      -  21.1   65s
 274283 188373    0.01562   25   55    0.00000    0.03175      -  21.1   70s
 295581 202444    0.00003   57   49    0.00000    0.03135      -  21.1   75s
 310574 212849    0.00437   45   49    0.00000    0.03110      -  21.2   80s
 320812 219733    0.00000   65   30    0.00000    0.03094      -  21.2   85s
 335726 229911    0.00016   53   50    0.00000    0.03065      -  21.2   90s
 357087 244219    0.00364   32   43    0.00000    0.03032      -  21.2   95s
 377597 257861    0.00476   43   56    0.00000    0.03009      -  21.3  100s
 398808 272018    0.00928   36   51    0.00000    0.02984      -  21.3  105s
 414380 282698    0.00002   48   38    0.00000    0.02968      -  21.3  110s
 431394 293837    0.00009   53   39    0.00000    0.02948      -  21.3  115s
 451913 308364    0.00115   52   31    0.00000    0.02925      -  21.4  120s
 472637 322307 infeasible   71         0.00000    0.02898      -  21.4  125s
 492484 336030    0.00012   45   32    0.00000    0.02880      -  21.4  130s
 512929 349405    0.02084   31   52    0.00000    0.02863      -  21.4  135s
 532197 362732    0.00005   59   55    0.00000    0.02844      -  21.5  140s
 552100 375132    0.01771   35   54    0.00000    0.02825      -  21.6  145s
 573186 389372    0.00000   70   23    0.00000    0.02808      -  21.6  150s
 593778 403353    0.00001   62   50    0.00000    0.02790      -  21.6  155s
 614329 417351    0.00124   46   50    0.00000    0.02773      -  21.6  160s
 634318 430513    0.00005   65   50    0.00000    0.02759      -  21.6  165s

Cutting planes:
  Gomory: 4
  Implied bound: 30
  MIR: 6
  Mixing: 1
  Flow cover: 41
  Inf proof: 1
  RLT: 86
  Relax-and-lift: 25
  BQP: 29

Explored 650091 nodes (14047492 simplex iterations) in 168.90 seconds (174.97 work units)
Thread count was 4 (of 4 available processors)

Solution count 10: 8.6461e-07 6.73219e-07 6.72819e-07 ... -0

Optimization achieved user objective limit
Best objective 8.646098322083e-07, best bound 2.742386284321e-02, gap -
{"verdict": "PROVED", "status": "BOUND_REACHED", "runtime": 168.90569186210632, "objval": 8.646098322083223e-07, "objbound": 0.02742386284320535, "binaries": 46}
