Set parameter NodefileStart to value 6
Read parameters from file gurobi.env
Restricted license - for non-production use only - expires 2027-11-29
Set parameter OutputFlag to value 1
Set parameter Threads to value 4
Set parameter TimeLimit to value 360
Set parameter MIPGap to value 5e-05
Set parameter MIPFocus to value 2
Set parameter NonConvex to value 2
Set parameter BestBdStop to value 2.7426211734693878e-02
Gurobi Optimizer version 13.0.3 build v13.0.3rc0 (linux64 - "Ubuntu 24.04.5 LTS")

CPU model: Intel(R) Xeon(R) Platinum 8370C CPU @ 2.80GHz, instruction set [SSE2|AVX|AVX2|AVX512]
Thread count: 2 physical cores, 4 logical processors, using up to 4 threads

Non-default parameters:
TimeLimit  360
BestBdStop  2.7426211734693878e-02
MIPGap  5e-05
MIPFocus  2
NodefileStart  6
NonConvex  2
Threads  4

Optimize a model with 133 rows, 103 columns and 742 nonzeros (Max)
Model fingerprint: 0x1f812448
Model has 1 linear objective coefficients
Model has 50 quadratic constraints
Variable types: 65 continuous, 38 integer (38 binary)
Coefficient statistics:
  Matrix range     [5e-01, 1e+00]
  QMatrix range    [1e+00, 1e+00]
  QLMatrix range   [1e+00, 1e+00]
  Objective range  [1e+00, 1e+00]
  Bounds range     [5e-01, 1e+00]
  RHS range        [1e+00, 1e+00]

Found heuristic solution: objective -0.0000000
Presolve time: 0.00s
Presolved: 333 rows, 104 columns, 1142 nonzeros
Presolved model has 50 bilinear constraint(s)

Solving non-convex MIQCP to global optimality

Variable types: 66 continuous, 38 integer (38 binary)
Found heuristic solution: objective 0.0000000
Root relaxation presolve removed 50 rows and 1 columns
Root relaxation presolved: 283 rows, 103 columns, 1092 nonzeros


Root relaxation: objective 1.250000e-01, 126 iterations, 0.00 seconds (0.00 work units)

    Nodes    |    Current Node    |     Objective Bounds      |     Work
 Expl Unexpl |  Obj  Depth IntInf | Incumbent    BestBd   Gap | It/Node Time

     0     0    0.12500    0   58    0.00000    0.12500      -     -    0s
     0     0    0.10000    0   50    0.00000    0.10000      -     -    0s
     0     0    0.10000    0   50    0.00000    0.10000      -     -    0s
     0     0    0.10000    0   50    0.00000    0.10000      -     -    0s
     0     0    0.10000    0   47    0.00000    0.10000      -     -    0s
     0     0    0.09459    0   54    0.00000    0.09459      -     -    0s
     0     0    0.09459    0   54    0.00000    0.09459      -     -    0s
     0     0    0.09459    0   54    0.00000    0.09459      -     -    0s
     0     0    0.09427    0   56    0.00000    0.09427      -     -    0s
     0     0    0.09427    0   56    0.00000    0.09427      -     -    0s
     0     0    0.09427    0   56    0.00000    0.09427      -     -    0s
     0     0    0.09427    0   56    0.00000    0.09427      -     -    0s
     0     0    0.09427    0   56    0.00000    0.09427      -     -    0s
     0     0    0.09302    0   56    0.00000    0.09302      -     -    0s
     0     0    0.09302    0   56    0.00000    0.09302      -     -    0s
     0     2    0.09302    0   56    0.00000    0.09302      -     -    0s
H   79    90                       0.0000000    0.09184      -  26.9    0s
H  115   134                       0.0000000    0.09184      -  29.8    0s
H  161   198                       0.0000000    0.09184      -  30.6    0s
H  515   551                       0.0000000    0.09184      -  19.2    0s
*  681   630              84       0.0000001    0.08824      -  20.5    0s
*  979   916             101       0.0000002    0.08750      -  20.0    0s
* 1601  1188              75       0.0000005    0.05386      -  21.9    1s
* 1604  1140              76       0.0000007    0.05386      -  21.8    1s
H 2664  1568                       0.0000007    0.05386      -  26.1    2s
H 2667  1600                       0.0000007    0.05386      -  26.2    2s
H 5079  2964                       0.0000008    0.05220      -  26.1    3s
H 6577  3832                       0.0000008    0.04793      -  27.4    3s
* 7472  4421              88       0.0000009    0.04644      -  27.3    3s
H 9691  5538                       0.0000010    0.04338      -  26.8    4s
 12095  7350    0.00936   29   53    0.00000    0.04210      -  27.8    5s
 30207 17753    0.00005   50   51    0.00000    0.03491      -  28.7   10s
H33913 19561                       0.0000010    0.03432      -  28.5   10s
 49551 28318    0.00000   60   41    0.00000    0.03133      -  28.6   15s
 70862 40260    0.00004   47   40    0.00000    0.02892      -  28.8   20s

Cutting planes:
  Gomory: 13
  MIR: 2
  Flow cover: 7
  RLT: 45
  BQP: 15

Explored 87007 nodes (2506838 simplex iterations) in 23.33 seconds (21.37 work units)
Thread count was 4 (of 4 available processors)

Solution count 10: 9.86175e-07 9.86175e-07 9.77885e-07 ... 1.52576e-07

Optimization achieved user objective limit
Best objective 9.861751054707e-07, best bound 2.742146181554e-02, gap -
{"verdict": "PROVED", "status": "BOUND_REACHED", "runtime": 23.328202962875366, "objval": 9.86175105470665e-07, "objbound": 0.027421461815537403, "binaries": 38}
