Set parameter NodefileStart to value 6
Read parameters from file gurobi.env
Restricted license - for non-production use only - expires 2027-11-29
Set parameter OutputFlag to value 1
Set parameter Threads to value 4
Set parameter TimeLimit to value 360
Set parameter MIPGap to value 5e-05
Set parameter MIPFocus to value 2
Set parameter NonConvex to value 2
Set parameter BestBdStop to value 2.7426211734693878e-02
Gurobi Optimizer version 13.0.3 build v13.0.3rc0 (linux64 - "Ubuntu 24.04.5 LTS")

CPU model: AMD EPYC 7763 64-Core Processor, instruction set [SSE2|AVX|AVX2]
Thread count: 2 physical cores, 4 logical processors, using up to 4 threads

Non-default parameters:
TimeLimit  360
BestBdStop  2.7426211734693878e-02
MIPGap  5e-05
MIPFocus  2
NodefileStart  6
NonConvex  2
Threads  4

Optimize a model with 141 rows, 111 columns and 810 nonzeros (Max)
Model fingerprint: 0xceadf17e
Model has 1 linear objective coefficients
Model has 50 quadratic constraints
Variable types: 65 continuous, 46 integer (46 binary)
Coefficient statistics:
  Matrix range     [5e-01, 1e+00]
  QMatrix range    [1e+00, 1e+00]
  QLMatrix range   [1e+00, 1e+00]
  Objective range  [1e+00, 1e+00]
  Bounds range     [5e-01, 1e+00]
  RHS range        [1e+00, 1e+00]

Found heuristic solution: objective -0.0000000
Presolve time: 0.00s
Presolved: 341 rows, 112 columns, 1210 nonzeros
Presolved model has 50 bilinear constraint(s)

Solving non-convex MIQCP to global optimality

Variable types: 66 continuous, 46 integer (46 binary)
Root relaxation presolve removed 50 rows and 1 columns
Root relaxation presolved: 291 rows, 111 columns, 1160 nonzeros


Root relaxation: objective 8.333333e-02, 103 iterations, 0.00 seconds (0.00 work units)

    Nodes    |    Current Node    |     Objective Bounds      |     Work
 Expl Unexpl |  Obj  Depth IntInf | Incumbent    BestBd   Gap | It/Node Time

     0     0    0.08333    0   50   -0.00000    0.08333      -     -    0s
     0     0    0.07143    0   57   -0.00000    0.07143      -     -    0s
     0     0    0.07143    0   59   -0.00000    0.07143      -     -    0s
     0     0    0.07143    0   64   -0.00000    0.07143      -     -    0s
H    0     0                       0.0000001    0.07143      -     -    0s
     0     0    0.07143    0   63    0.00000    0.07143      -     -    0s
     0     0    0.07143    0   68    0.00000    0.07143      -     -    0s
     0     0    0.07143    0   43    0.00000    0.07143      -     -    0s
     0     0    0.07143    0   47    0.00000    0.07143      -     -    0s
     0     0    0.07143    0   55    0.00000    0.07143      -     -    0s
     0     0    0.07143    0   47    0.00000    0.07143      -     -    0s
     0     0    0.07143    0   50    0.00000    0.07143      -     -    0s
     0     0    0.07143    0   57    0.00000    0.07143      -     -    0s
     0     0    0.07143    0   57    0.00000    0.07143      -     -    0s
     0     2    0.07143    0   57    0.00000    0.07143      -     -    0s
* 1771  1263             102       0.0000001    0.07143      -  25.7    2s
* 1772  1217             103       0.0000002    0.07143      -  25.7    2s
* 1774  1170             104       0.0000002    0.07143      -  25.7    2s
H 2263  1395                       0.0000003    0.07143      -  26.6    2s
H 2412  1391                       0.0000004    0.07143      -  27.1    2s
* 6251  3980              94       0.0000004    0.06055      -  30.0    3s
* 6252  3980              94       0.0000004    0.06055      -  30.0    3s
* 6290  3968              86       0.0000005    0.06029      -  29.9    3s
* 6293  3958              87       0.0000005    0.06029      -  29.9    3s
* 7321  4865             110       0.0000005    0.05986      -  31.1    4s
 10164  7041    0.00197   39   44    0.00000    0.05839      -  32.7    5s
 26216 18918    0.00003   83   51    0.00000    0.05556      -  32.8   10s
 44050 31833    0.01358   42   51    0.00000    0.05365      -  32.9   15s
H58298 41885                       0.0000006    0.05230      -  32.4   18s
 65298 47000    0.00002   65   37    0.00000    0.05181      -  32.4   20s
 86151 61923    0.00036   44   50    0.00000    0.05078      -  32.0   25s
 106953 77167    0.00000   90   44    0.00000    0.05000      -  31.7   30s
 128638 92684    0.00003   76   48    0.00000    0.04936      -  31.5   35s
 149367 107775    0.00055   56   50    0.00000    0.04881      -  31.3   40s
 167585 120770    0.03595   42   52    0.00000    0.04845      -  31.2   45s
 189436 136358    0.00060   68   50    0.00000    0.04809      -  31.2   50s
H193501 137831                       0.0000009    0.04801      -  31.2   51s
 208210 148428    0.00035   77   50    0.00000    0.04777      -  31.3   55s
 228052 162556     cutoff  103         0.00000    0.04750      -  31.4   60s
 248217 176678    0.00005   59   36    0.00000    0.04727      -  31.5   65s
 267465 190120    0.00000   94   42    0.00000    0.04707      -  31.7   70s
 286683 203307    0.03722   33   52    0.00000    0.04684      -  31.7   75s
 306210 216434     cutoff   56         0.00000    0.04659      -  31.8   80s
 323677 227943    0.00002   67   44    0.00000    0.04641      -  31.9   85s
 343427 240513    0.00144   50   50    0.00000    0.04623      -  31.9   90s
 363168 254548    0.00001   73   50    0.00000    0.04605      -  32.1   95s
 382772 267495    0.00072   44   25    0.00000    0.04588      -  32.1  100s
 401913 280674    0.00091   44   45    0.00000    0.04574      -  32.1  105s
 420344 292718    0.00044   39   43    0.00000    0.04559      -  32.1  110s
 437786 304609    0.00823   34   50    0.00000    0.04547      -  32.1  115s
 452637 315073     cutoff   87         0.00000    0.04545      -  32.1  120s
 469391 326843    0.00001   87   40    0.00000    0.04537      -  32.2  125s
 489124 339837    0.02571   46   50    0.00000    0.04524      -  32.2  130s
 508112 352615    0.00032   59   44    0.00000    0.04512      -  32.3  135s
 527542 365826    0.00812   49   50    0.00000    0.04504      -  32.3  140s
 546913 378961    0.00001   75   35    0.00000    0.04493      -  32.4  145s
 566028 392173     cutoff   91         0.00000    0.04484      -  32.4  150s
 583907 403742    0.00025   65   44    0.00000    0.04474      -  32.4  155s
 602100 415755    0.00000   87   28    0.00000    0.04464      -  32.4  160s
 621680 429032    0.00060   65   43    0.00000    0.04454      -  32.5  165s
 641232 442228    0.00000   90   33    0.00000    0.04449      -  32.4  170s
 660572 455245    0.02114   41   45    0.00000    0.04439      -  32.4  175s
 679749 467801     cutoff   58         0.00000    0.04431      -  32.5  180s
 698754 479883    0.02859   36   53    0.00000    0.04423      -  32.5  185s
 715612 491156     cutoff   77         0.00000    0.04416      -  32.5  190s
 734009 503273    0.03441   38   51    0.00000    0.04407      -  32.5  195s
 753898 516256    0.00000   95   31    0.00000    0.04399      -  32.5  200s
 773006 529222    0.00313   48   50    0.00000    0.04392      -  32.5  205s
 792381 541990    0.01514   44   50    0.00000    0.04384      -  32.5  210s
 810994 554648    0.02350   42   50    0.00000    0.04378      -  32.5  215s
H813330 550430                       0.0000011    0.04377      -  32.5  215s
 825945 558703    0.00000   96   34    0.00000    0.04372      -  32.6  220s
 844282 571181    0.00066   63   51    0.00000    0.04365      -  32.6  225s
 862597 583071    0.00000   73   30    0.00000    0.04357      -  32.6  230s
 881067 595571    0.00139   57   53    0.00000    0.04351      -  32.7  235s
 899103 607480     cutoff   50         0.00000    0.04345      -  32.7  240s
 918435 619889    0.01628   44   51    0.00000    0.04340      -  32.7  245s
 935378 631036    0.00133   50   53    0.00000    0.04333      -  32.7  250s
 939759 633679    0.00000   77   40    0.00000    0.04332      -  32.7  255s
 939778 633922 infeasible   82         0.00000    0.04332      -  32.7  260s
 957376 645313    0.00666   50   50    0.00000    0.04326      -  32.7  265s
 975036 657200    0.00008   73   38    0.00000    0.04320      -  32.7  270s
 993290 669009    0.01722   47   50    0.00000    0.04313      -  32.7  275s
 1011938 681161    0.02979   40   45    0.00000    0.04307      -  32.7  280s
 1031261 693438    0.00489   45   52    0.00000    0.04300      -  32.7  285s
 1050422 706312    0.03426   40   51    0.00000    0.04293      -  32.8  290s
 1068339 718016     cutoff   48         0.00000    0.04287      -  32.8  295s
 1086384 729696    0.02126   34   50    0.00000    0.04281      -  32.8  300s
 1106224 742522    0.02222   35   50    0.00000    0.04275      -  32.8  305s
 1124436 754714    0.00434   42   50    0.00000    0.04269      -  32.8  310s
 1142380 766771    0.01212   42   52    0.00000    0.04263      -  32.8  315s
 1161066 779206    0.00422   45   50    0.00000    0.04259      -  32.8  320s
 1180437 791876     cutoff   46         0.00000    0.04254      -  32.8  325s
 1199407 803696    0.00035   62   38    0.00000    0.04248      -  32.8  330s
 1217314 814665    0.00003   75   50    0.00000    0.04243      -  32.8  335s
 1232886 824676    0.00407   52   51    0.00000    0.04238      -  32.8  340s
 1252888 837165    0.00437   45   42    0.00000    0.04234      -  32.8  345s
 1271516 848967 infeasible   68         0.00000    0.04230      -  32.8  350s
 1290147 860937    0.00000   79   36    0.00000    0.04227      -  32.8  355s
 1308899 872918    0.00092   58   28    0.00000    0.04223      -  32.8  360s

Cutting planes:
  Gomory: 6
  Implied bound: 8
  MIR: 2
  Flow cover: 20
  RLT: 110
  Relax-and-lift: 9
  BQP: 29

Explored 1308903 nodes (42967919 simplex iterations) in 360.00 seconds (363.45 work units)
Thread count was 4 (of 4 available processors)

Solution count 10: 1.11759e-06 8.53407e-07 5.92273e-07 ... 2.52176e-07

Time limit reached
Best objective 1.117585155488e-06, best bound 4.223145579806e-02, gap 3778713.2377%
{"verdict": "UNRESOLVED", "status": "TIME_LIMIT", "runtime": 360.00207901000977, "objval": 1.117585155488432e-06, "objbound": 0.04223145579805776, "binaries": 46}
