Set parameter NodefileStart to value 6
Read parameters from file gurobi.env
Restricted license - for non-production use only - expires 2027-11-29
Set parameter OutputFlag to value 1
Set parameter Threads to value 4
Set parameter TimeLimit to value 360
Set parameter MIPGap to value 5e-05
Set parameter MIPFocus to value 2
Set parameter NonConvex to value 2
Set parameter BestBdStop to value 2.7426211734693878e-02
Gurobi Optimizer version 13.0.3 build v13.0.3rc0 (linux64 - "Ubuntu 24.04.5 LTS")

CPU model: AMD EPYC 7763 64-Core Processor, instruction set [SSE2|AVX|AVX2]
Thread count: 2 physical cores, 4 logical processors, using up to 4 threads

Non-default parameters:
TimeLimit  360
BestBdStop  2.7426211734693878e-02
MIPGap  5e-05
MIPFocus  2
NodefileStart  6
NonConvex  2
Threads  4

Optimize a model with 133 rows, 103 columns and 742 nonzeros (Max)
Model fingerprint: 0x58635728
Model has 1 linear objective coefficients
Model has 50 quadratic constraints
Variable types: 65 continuous, 38 integer (38 binary)
Coefficient statistics:
  Matrix range     [5e-01, 1e+00]
  QMatrix range    [1e+00, 1e+00]
  QLMatrix range   [1e+00, 1e+00]
  Objective range  [1e+00, 1e+00]
  Bounds range     [5e-01, 1e+00]
  RHS range        [1e+00, 1e+00]

Found heuristic solution: objective -0.0000000
Presolve time: 0.00s
Presolved: 333 rows, 104 columns, 1142 nonzeros
Presolved model has 50 bilinear constraint(s)

Solving non-convex MIQCP to global optimality

Variable types: 66 continuous, 38 integer (38 binary)
Root relaxation presolve removed 50 rows and 1 columns
Root relaxation presolved: 283 rows, 103 columns, 1092 nonzeros


Root relaxation: objective 1.250000e-01, 135 iterations, 0.00 seconds (0.00 work units)

    Nodes    |    Current Node    |     Objective Bounds      |     Work
 Expl Unexpl |  Obj  Depth IntInf | Incumbent    BestBd   Gap | It/Node Time

     0     0    0.12500    0   59   -0.00000    0.12500      -     -    0s
     0     0    0.10000    0   58   -0.00000    0.10000      -     -    0s
     0     0    0.07813    0   60   -0.00000    0.07813      -     -    0s
     0     0    0.07792    0   60   -0.00000    0.07792      -     -    0s
     0     0    0.07500    0   47   -0.00000    0.07500      -     -    0s
     0     0    0.07500    0   48   -0.00000    0.07500      -     -    0s
     0     0    0.07495    0   57   -0.00000    0.07495      -     -    0s
     0     0    0.07486    0   59   -0.00000    0.07486      -     -    0s
     0     0    0.07452    0   60   -0.00000    0.07452      -     -    0s
     0     0    0.07452    0   60   -0.00000    0.07452      -     -    0s
     0     0    0.07452    0   60   -0.00000    0.07452      -     -    0s
     0     0    0.07452    0   54   -0.00000    0.07452      -     -    0s
     0     2    0.07452    0   54   -0.00000    0.07452      -     -    0s
*  636   594              95       0.0000002    0.07143      -  28.0    0s
* 1706  1320              80       0.0000006    0.04485      -  29.7    1s
* 1829  1300              94       0.0000008    0.04485      -  29.3    1s
* 1831  1254              94       0.0000011    0.04485      -  29.2    1s
* 1834  1209              94       0.0000011    0.04485      -  29.2    1s
* 1836  1167              93       0.0000011    0.04485      -  29.2    1s
H 3176  1766                       0.0000011    0.04485      -  29.1    2s
 12794  8541    0.00000   64   23    0.00000    0.04485      -  26.8    5s
H16595 10972                       0.0000013    0.04464      -  26.7    6s
 31273 21132    0.00918   41   44    0.00000    0.04243      -  26.9   10s
 52889 34890    0.00112   44   50    0.00000    0.04053      -  27.0   15s
 76937 50279     cutoff   56         0.00000    0.03880      -  27.4   20s
 100335 65284     cutoff   48         0.00000    0.03767      -  27.3   25s
 122843 79897    0.01587   34   45    0.00000    0.03676      -  27.4   30s
 147285 95199    0.00897   34   46    0.00000    0.03590      -  27.4   35s
 167891 107781    0.00000   70   34    0.00000    0.03526      -  27.5   40s
 190001 121424    0.00066   61   50    0.00000    0.03472      -  27.7   45s
 211018 135263    0.00421   49   44    0.00000    0.03431      -  27.6   50s
 233585 149565    0.01026   37   44    0.00000    0.03397      -  27.7   55s
 257887 164636    0.01256   32   44    0.00000    0.03361      -  27.6   60s
 278879 178174    0.00311   44   31    0.00000    0.03338      -  27.5   65s
 301323 192441    0.00078   47   43    0.00000    0.03310      -  27.4   70s
 324497 206905    0.00178   45   50    0.00000    0.03280      -  27.5   75s
 347057 219852    0.00059   37   50    0.00000    0.03247      -  27.6   80s
 369761 233211     cutoff   70         0.00000    0.03214      -  27.6   85s
 392296 247940    0.01315   38   45    0.00000    0.03192      -  27.6   90s
 416065 263084    0.01370   38   53    0.00000    0.03170      -  27.7   95s
 435692 274979    0.00145   45   38    0.00000    0.03148      -  27.8  100s
 456109 287561    0.00058   55   50    0.00000    0.03129      -  27.8  105s
 479436 300938    0.00006   48   26    0.00000    0.03109      -  27.8  110s
 498015 312638    0.00495   41   51    0.00000    0.03092      -  27.9  115s
 519506 326883    0.01632   35   53    0.00000    0.03075      -  27.9  120s
 541630 339438    0.00000   76   26    0.00000    0.03055      -  28.0  125s
 562524 351709    0.00003   79   38    0.00000    0.03039      -  28.0  130s
H566373 351962                       0.0000014    0.03035      -  28.0  131s
H567697 349352                       0.0000016    0.03033      -  28.0  131s
 580817 357206    0.01727   34   51    0.00000    0.03023      -  28.0  135s
 603090 371227    0.00070   64   43    0.00000    0.03008      -  28.0  140s
 625406 384067 infeasible   52         0.00000    0.02992      -  28.1  145s
 648750 398292    0.00013   46   33    0.00000    0.02977      -  28.1  150s
 669729 411562     cutoff   34         0.00000    0.02964      -  28.1  155s
 689188 421792     cutoff   43         0.00000    0.02951      -  28.1  160s
 712671 435746    0.00897   32   50    0.00000    0.02936      -  28.1  165s
 734745 448897    0.00147   58   43    0.00000    0.02925      -  28.2  170s
 756408 462001    0.02446   31   50    0.00000    0.02914      -  28.2  175s
 777731 475111    0.00001   80   20    0.00000    0.02902      -  28.2  180s
 801750 489735    0.00543   37   38    0.00000    0.02890      -  28.2  185s
 821092 500710    0.00109   40   38    0.00000    0.02879      -  28.2  190s
 843608 513972    0.00027   59   50    0.00000    0.02868      -  28.2  195s
 866002 526384     cutoff   51         0.00000    0.02855      -  28.2  200s
 887693 539783    0.00038   55   50    0.00000    0.02847      -  28.2  205s
 910554 553111    0.00288   42   31    0.00000    0.02834      -  28.2  210s
 932529 565989    0.01740   36   45    0.00000    0.02823      -  28.2  215s
 953995 579501    0.01191   41   47    0.00000    0.02814      -  28.2  220s
 973017 590470    0.00028   57   37    0.00000    0.02805      -  28.2  225s
 991278 602330     cutoff   43         0.00000    0.02798      -  28.2  230s
 1014159 616030    0.00023   54   51    0.00000    0.02787      -  28.2  235s
 1032682 628578    0.00021   64   29    0.00000    0.02781      -  28.2  240s
 1052332 640177    0.00391   38   45    0.00000    0.02773      -  28.2  245s
 1073711 652281     cutoff   45         0.00000    0.02764      -  28.3  250s
 1096116 664974    0.00001   55   37    0.00000    0.02755      -  28.3  255s
 1117364 677441    0.00001   38   36    0.00000    0.02746      -  28.3  260s

Cutting planes:
  Gomory: 14
  Implied bound: 4
  MIR: 3
  Flow cover: 20
  RLT: 79
  Relax-and-lift: 3
  BQP: 15

Explored 1125147 nodes (31863372 simplex iterations) in 261.60 seconds (258.36 work units)
Thread count was 4 (of 4 available processors)

Solution count 10: 1.58829e-06 1.38555e-06 1.28221e-06 ... -0

Optimization achieved user objective limit
Best objective 1.588289503904e-06, best bound 2.742438056431e-02, gap 1726561.3232%
{"verdict": "PROVED", "status": "BOUND_REACHED", "runtime": 261.5990707874298, "objval": 1.5882895039037725e-06, "objbound": 0.02742438056431317, "binaries": 38}
