Set parameter NodefileStart to value 6
Read parameters from file gurobi.env
Restricted license - for non-production use only - expires 2027-11-29
Set parameter OutputFlag to value 1
Set parameter Threads to value 4
Set parameter TimeLimit to value 360
Set parameter MIPGap to value 5e-05
Set parameter MIPFocus to value 2
Set parameter NonConvex to value 2
Set parameter BestBdStop to value 2.7426211734693878e-02
Gurobi Optimizer version 13.0.3 build v13.0.3rc0 (linux64 - "Ubuntu 24.04.5 LTS")

CPU model: AMD EPYC 7763 64-Core Processor, instruction set [SSE2|AVX|AVX2]
Thread count: 2 physical cores, 4 logical processors, using up to 4 threads

Non-default parameters:
TimeLimit  360
BestBdStop  2.7426211734693878e-02
MIPGap  5e-05
MIPFocus  2
NodefileStart  6
NonConvex  2
Threads  4

Optimize a model with 129 rows, 99 columns and 714 nonzeros (Max)
Model fingerprint: 0x7163852f
Model has 1 linear objective coefficients
Model has 50 quadratic constraints
Variable types: 65 continuous, 34 integer (34 binary)
Coefficient statistics:
  Matrix range     [5e-01, 1e+00]
  QMatrix range    [1e+00, 1e+00]
  QLMatrix range   [1e+00, 1e+00]
  Objective range  [1e+00, 1e+00]
  Bounds range     [5e-01, 1e+00]
  RHS range        [1e+00, 1e+00]

Found heuristic solution: objective -0.0000000
Presolve time: 0.00s
Presolved: 329 rows, 100 columns, 1114 nonzeros
Presolved model has 50 bilinear constraint(s)

Solving non-convex MIQCP to global optimality

Variable types: 66 continuous, 34 integer (34 binary)
Root relaxation presolve removed 50 rows and 1 columns
Root relaxation presolved: 279 rows, 99 columns, 1064 nonzeros


Root relaxation: objective 1.250000e-01, 124 iterations, 0.00 seconds (0.00 work units)

    Nodes    |    Current Node    |     Objective Bounds      |     Work
 Expl Unexpl |  Obj  Depth IntInf | Incumbent    BestBd   Gap | It/Node Time

     0     0    0.12500    0   51   -0.00000    0.12500      -     -    0s
     0     0    0.10000    0   57   -0.00000    0.10000      -     -    0s
     0     0    0.09375    0   61   -0.00000    0.09375      -     -    0s
     0     0    0.09375    0   60   -0.00000    0.09375      -     -    0s
     0     0    0.09375    0   64   -0.00000    0.09375      -     -    0s
     0     0    0.09091    0   64   -0.00000    0.09091      -     -    0s
     0     0    0.08808    0   69   -0.00000    0.08808      -     -    0s
     0     0    0.08808    0   63   -0.00000    0.08808      -     -    0s
H    0     0                       0.0000000    0.08690      -     -    0s
     0     0    0.08690    0   63    0.00000    0.08690      -     -    0s
     0     0    0.08333    0   63    0.00000    0.08333      -     -    0s
     0     0    0.08333    0   58    0.00000    0.08333      -     -    0s
     0     0    0.08333    0   63    0.00000    0.08333      -     -    0s
     0     0    0.08333    0   59    0.00000    0.08333      -     -    0s
     0     0    0.08333    0   59    0.00000    0.08333      -     -    0s
     0     0    0.08333    0   59    0.00000    0.08333      -     -    0s
H    0     0                       0.0000000    0.08333      -     -    0s
     0     2    0.08333    0   59    0.00000    0.08333      -     -    0s
H   11    32                       0.0000004    0.07895      -  47.6    0s
H 2176  1441                       0.0000004    0.03899      -  26.8    2s
*10520  6938              71       0.0000005    0.03567      -  28.3    4s
H11621  7357                       0.0000005    0.03543      -  27.7    4s
 11706  7564    0.00877   31   44    0.00000    0.03543      -  27.8    5s
H18074 10991                       0.0000007    0.03360      -  26.1    6s
H18333 11166                       0.0000007    0.03357      -  26.0    7s
H19649 11879                       0.0000007    0.03322      -  25.8    7s
 29015 17216    0.00019   52   32    0.00000    0.03129      -  25.0   10s
H32713 18653                       0.0000012    0.03101      -  25.0   11s
 47869 28038     cutoff   34         0.00000    0.02937      -  24.5   15s
 68773 40170    0.01771   21   55    0.00000    0.02792      -  23.9   20s

Cutting planes:
  Gomory: 2
  MIR: 1
  Flow cover: 12
  RLT: 52
  BQP: 7

Explored 82427 nodes (1926233 simplex iterations) in 22.72 seconds (22.80 work units)
Thread count was 4 (of 4 available processors)

Solution count 10: 1.18659e-06 7.12398e-07 7.10002e-07 ... 4.33811e-10

Optimization achieved user objective limit
Best objective 1.186593446178e-06, best bound 2.742232244968e-02, gap 2310912.4650%
{"verdict": "PROVED", "status": "BOUND_REACHED", "runtime": 22.724050045013428, "objval": 1.1865934461780846e-06, "objbound": 0.027422322449681544, "binaries": 34}
