Set parameter NodefileStart to value 6
Read parameters from file gurobi.env
Restricted license - for non-production use only - expires 2027-11-29
Set parameter OutputFlag to value 1
Set parameter Threads to value 4
Set parameter TimeLimit to value 360
Set parameter MIPGap to value 5e-05
Set parameter MIPFocus to value 2
Set parameter NonConvex to value 2
Set parameter BestBdStop to value 2.7426211734693878e-02
Gurobi Optimizer version 13.0.3 build v13.0.3rc0 (linux64 - "Ubuntu 24.04.5 LTS")

CPU model: Intel(R) Xeon(R) 6973P-C, instruction set [SSE2|AVX|AVX2|AVX512]
Thread count: 2 physical cores, 4 logical processors, using up to 4 threads

Non-default parameters:
TimeLimit  360
BestBdStop  2.7426211734693878e-02
MIPGap  5e-05
MIPFocus  2
NodefileStart  6
NonConvex  2
Threads  4

Optimize a model with 141 rows, 111 columns and 810 nonzeros (Max)
Model fingerprint: 0xdc25de41
Model has 1 linear objective coefficients
Model has 50 quadratic constraints
Variable types: 65 continuous, 46 integer (46 binary)
Coefficient statistics:
  Matrix range     [5e-01, 1e+00]
  QMatrix range    [1e+00, 1e+00]
  QLMatrix range   [1e+00, 1e+00]
  Objective range  [1e+00, 1e+00]
  Bounds range     [5e-01, 1e+00]
  RHS range        [1e+00, 1e+00]

Found heuristic solution: objective -0.0000000
Presolve time: 0.00s
Presolved: 341 rows, 112 columns, 1210 nonzeros
Presolved model has 50 bilinear constraint(s)

Solving non-convex MIQCP to global optimality

Variable types: 66 continuous, 46 integer (46 binary)
Root relaxation presolve removed 50 rows and 1 columns
Root relaxation presolved: 291 rows, 111 columns, 1160 nonzeros


Root relaxation: objective 1.250000e-01, 116 iterations, 0.00 seconds (0.00 work units)

    Nodes    |    Current Node    |     Objective Bounds      |     Work
 Expl Unexpl |  Obj  Depth IntInf | Incumbent    BestBd   Gap | It/Node Time

     0     0    0.12500    0   42   -0.00000    0.12500      -     -    0s
     0     0    0.09091    0   67   -0.00000    0.09091      -     -    0s
     0     0    0.08333    0   50   -0.00000    0.08333      -     -    0s
     0     0    0.08333    0   45   -0.00000    0.08333      -     -    0s
     0     0    0.08333    0   50   -0.00000    0.08333      -     -    0s
     0     0    0.08333    0   48   -0.00000    0.08333      -     -    0s
     0     0    0.08333    0   42   -0.00000    0.08333      -     -    0s
     0     0    0.08333    0   58   -0.00000    0.08333      -     -    0s
     0     0    0.08333    0   46   -0.00000    0.08333      -     -    0s
     0     0    0.08333    0   46   -0.00000    0.08333      -     -    0s
     0     0    0.08333    0   61   -0.00000    0.08333      -     -    0s
     0     0    0.08333    0   41   -0.00000    0.08333      -     -    0s
     0     0    0.08333    0   44   -0.00000    0.08333      -     -    0s
     0     0    0.08333    0   48   -0.00000    0.08333      -     -    0s
     0     0    0.08333    0   48   -0.00000    0.08333      -     -    0s
     0     2    0.08333    0   48   -0.00000    0.08333      -     -    0s
H  243   247                       0.0000000    0.08333      -  18.5    0s
*  588   536              77       0.0000001    0.08333      -  17.6    0s
*  630   599              89       0.0000003    0.08333      -  17.4    0s
H  868   811                       0.0000006    0.08333      -  18.8    0s
* 1906  1440             102       0.0000010    0.07195      -  18.1    1s
* 1907  1392             102       0.0000012    0.07195      -  18.1    1s
H 2778  1662                       0.0000012    0.06299      -  19.8    1s
 20930 16492    0.00376   35   41    0.00000    0.05276      -  20.7    5s
 56429 37389    0.00000   69   13    0.00000    0.05027      -  21.8   10s
H60105 39559                       0.0000012    0.05006      -  21.9   10s
 87361 58478    0.00000   78   39    0.00000    0.04944      -  22.0   15s
H93133 62567                       0.0000012    0.04942      -  22.0   15s
H94205 62820                       0.0000013    0.04942      -  22.0   16s
 115443 77801    0.00001   95   43    0.00000    0.04872      -  22.1   20s
 148652 100183    0.00337   41   52    0.00000    0.04811      -  22.2   25s
 181720 123409     cutoff   49         0.00000    0.04777      -  22.0   30s
 214045 145676    0.04176   32   53    0.00000    0.04737      -  21.9   35s
 243275 166043    0.00001   52   42    0.00000    0.04709      -  21.8   40s
 277166 190028    0.01720   38   50    0.00000    0.04683      -  21.7   45s
 308297 210998    0.00000   66   25    0.00000    0.04668      -  21.9   50s
 338747 232210     cutoff   83         0.00000    0.04648      -  21.8   55s
 369417 253971    0.00628   53   50    0.00000    0.04631      -  21.8   60s
 401010 275350    0.00001   85   47    0.00000    0.04606      -  21.9   65s
 428869 294998    0.00001   70   38    0.00000    0.04588      -  22.0   70s
 451446 311546    0.01445   42   54    0.00000    0.04580      -  21.9   75s
 484691 335041 infeasible   56         0.00000    0.04562      -  21.9   80s
 515714 356450    0.00010   60   55    0.00000    0.04545      -  21.9   85s
 548546 378572    0.01925   42   51    0.00000    0.04530      -  21.9   90s
 579509 399089    0.00130   58   44    0.00000    0.04518      -  21.9   95s
 607388 418497    0.00600   38   50    0.00000    0.04511      -  22.0  100s
 638033 438468    0.01614   36   52    0.00000    0.04495      -  22.1  105s
 669374 459233    0.00507   44   52    0.00000    0.04476      -  22.1  110s
 698823 478453    0.02113   38   50    0.00000    0.04464      -  22.1  115s
 728972 498775    0.00009   83   18    0.00000    0.04452      -  22.1  120s
*734115 498562              77       0.0000015    0.04451      -  22.2  120s
H735140 497585                       0.0000016    0.04450      -  22.2  121s
 757949 513028    0.01039   49   50    0.00000    0.04438      -  22.2  125s
 787310 533134    0.00214   49   51    0.00000    0.04426      -  22.2  130s
 818249 554437    0.01615   42   54    0.00000    0.04416      -  22.2  135s
 848465 574702    0.01817   39   50    0.00000    0.04405      -  22.2  140s
 880288 596566    0.00000   89   43    0.00000    0.04393      -  22.2  145s
H902970 606405                       0.0000019    0.04385      -  22.2  148s
 908254 610217    0.02162   43   51    0.00000    0.04383      -  22.2  150s
 933039 627750    0.00000   83   33    0.00000    0.04380      -  22.3  155s
 961797 647838    0.00023   51   44    0.00000    0.04374      -  22.3  160s
H975879 654124                       0.0000020    0.04370      -  22.3  162s
 988213 663028    0.00348   50   51    0.00000    0.04366      -  22.4  165s
 1019075 684774    0.01093   47   55    0.00000    0.04358      -  22.4  170s
 1049170 704791     cutoff   79         0.00000    0.04348      -  22.5  175s
 1080946 727253    0.02476   36   52    0.00000    0.04339      -  22.5  180s
 1109302 746599     cutoff   43         0.00000    0.04329      -  22.5  185s
 1137247 766647     cutoff   70         0.00000    0.04323      -  22.6  190s
 1167784 789544    0.03237   34   51    0.00000    0.04322      -  22.6  195s
 1198250 810089    0.02726   44   50    0.00000    0.04317      -  22.6  200s
 1224239 828256     cutoff   75         0.00000    0.04311      -  22.6  205s
 1255184 850162     cutoff  101         0.00000    0.04304      -  22.7  210s
 1286365 871710    0.03033   42   51    0.00000    0.04296      -  22.7  215s
 1314968 891888    0.00271   41   54    0.00000    0.04291      -  22.7  220s
 1343487 911630    0.00785   43   51    0.00000    0.04285      -  22.7  225s
 1373870 933308    0.00003   89   40    0.00000    0.04280      -  22.8  230s
 1400901 952040    0.01224   36   45    0.00000    0.04276      -  22.8  235s
 1428682 970131     cutoff   70         0.00000    0.04271      -  22.8  240s
 1456666 988834    0.00003   67   43    0.00000    0.04265      -  22.8  245s
 1487084 1009766    0.00344   42   50    0.00000    0.04261      -  22.8  250s
H1510130 1024103                       0.0000021    0.04256      -  22.8  254s
 1513767 1026625    0.00376   51   38    0.00000    0.04255      -  22.8  255s
 1543585 1047918    0.00006   60   43    0.00000    0.04251      -  22.9  260s
 1570361 1066923     cutoff   95         0.00000    0.04247      -  22.9  265s
 1601702 1088378    0.01061   38   44    0.00000    0.04241      -  22.9  270s
 1632493 1109535    0.00019   68   52    0.00000    0.04236      -  22.9  275s
 1662516 1129608    0.00950   40   50    0.00000    0.04230      -  23.0  280s
 1691711 1148844    0.01178   40   44    0.00000    0.04224      -  23.0  285s
 1722496 1170556    0.00026   65   51    0.00000    0.04219      -  23.0  290s
 1754156 1192740    0.00195   51   50    0.00000    0.04215      -  23.0  295s
 1784208 1213201    0.02753   42   51    0.00000    0.04211      -  23.0  300s
 1812925 1232907    0.00040   56   50    0.00000    0.04206      -  23.0  305s
 1844424 1254270    0.00002   49   43    0.00000    0.04200      -  23.0  310s
 1868646 1270726     cutoff   79         0.00000    0.04196      -  23.0  315s
 1881357 1279656    0.00008   75   51    0.00000    0.04195      -  23.0  320s
 1891039 1286542    0.00001   82   46    0.00000    0.04193      -  23.0  325s
 1921815 1307624     cutoff   59         0.00000    0.04188      -  23.1  330s
 1953552 1328804    0.00078   63   50    0.00000    0.04184      -  23.1  335s
 1982579 1349366    0.00864   48   50    0.00000    0.04181      -  23.1  340s
 2012137 1369057    0.00151   52   50    0.00000    0.04175      -  23.1  345s
 2042918 1390104    0.03409   37   50    0.00000    0.04170      -  23.1  350s
 2072391 1410367     cutoff   52         0.00000    0.04166      -  23.1  355s
 2102120 1430554    0.00002   82   37    0.00000    0.04162      -  23.1  360s

Cutting planes:
  Gomory: 7
  Lift-and-project: 1
  MIR: 5
  Flow cover: 8
  RLT: 66
  Relax-and-lift: 2
  BQP: 32

Explored 2102287 nodes (48668796 simplex iterations) in 360.00 seconds (560.70 work units)
Thread count was 4 (of 4 available processors)

Solution count 10: 2.05088e-06 1.61328e-06 1.51873e-06 ... 3.98365e-08

Time limit reached
Best objective 2.050879179233e-06, best bound 4.161719412353e-02, gap 2029136.7559%
{"verdict": "UNRESOLVED", "status": "TIME_LIMIT", "runtime": 360.00180292129517, "objval": 2.0508791792328562e-06, "objbound": 0.04161719412353059, "binaries": 46}
