Set parameter NodefileStart to value 6
Read parameters from file gurobi.env
Restricted license - for non-production use only - expires 2027-11-29
Set parameter OutputFlag to value 1
Set parameter Threads to value 4
Set parameter TimeLimit to value 360
Set parameter MIPGap to value 5e-05
Set parameter MIPFocus to value 2
Set parameter NonConvex to value 2
Set parameter BestBdStop to value 2.7426211734693878e-02
Gurobi Optimizer version 13.0.3 build v13.0.3rc0 (linux64 - "Ubuntu 24.04.5 LTS")

CPU model: AMD EPYC 9V74 80-Core Processor, instruction set [SSE2|AVX|AVX2]
Thread count: 2 physical cores, 4 logical processors, using up to 4 threads

Non-default parameters:
TimeLimit  360
BestBdStop  2.7426211734693878e-02
MIPGap  5e-05
MIPFocus  2
NodefileStart  6
NonConvex  2
Threads  4

Optimize a model with 145 rows, 115 columns and 846 nonzeros (Max)
Model fingerprint: 0x141ebeb6
Model has 1 linear objective coefficients
Model has 50 quadratic constraints
Variable types: 65 continuous, 50 integer (50 binary)
Coefficient statistics:
  Matrix range     [5e-01, 1e+00]
  QMatrix range    [1e+00, 1e+00]
  QLMatrix range   [1e+00, 1e+00]
  Objective range  [1e+00, 1e+00]
  Bounds range     [5e-01, 1e+00]
  RHS range        [1e+00, 1e+00]

Found heuristic solution: objective -0.0000000
Presolve time: 0.00s
Presolved: 345 rows, 116 columns, 1246 nonzeros
Presolved model has 50 bilinear constraint(s)

Solving non-convex MIQCP to global optimality

Variable types: 66 continuous, 50 integer (50 binary)
Root relaxation presolve removed 50 rows and 1 columns
Root relaxation presolved: 295 rows, 115 columns, 1196 nonzeros


Root relaxation: objective 8.333333e-02, 103 iterations, 0.00 seconds (0.00 work units)

    Nodes    |    Current Node    |     Objective Bounds      |     Work
 Expl Unexpl |  Obj  Depth IntInf | Incumbent    BestBd   Gap | It/Node Time

     0     0    0.08333    0   50   -0.00000    0.08333      -     -    0s
     0     0    0.08333    0   67   -0.00000    0.08333      -     -    0s
     0     0    0.08333    0   63   -0.00000    0.08333      -     -    0s
     0     0    0.08333    0   51   -0.00000    0.08333      -     -    0s
     0     0    0.08333    0   39   -0.00000    0.08333      -     -    0s
     0     0    0.08333    0   37   -0.00000    0.08333      -     -    0s
     0     0    0.08333    0   38   -0.00000    0.08333      -     -    0s
     0     0    0.08333    0   38   -0.00000    0.08333      -     -    0s
     0     2    0.08333    0   38   -0.00000    0.08333      -     -    0s
H   95   112                       0.0000001    0.08333      -  27.4    0s
H  163   200                       0.0000002    0.08333      -  25.6    0s
H  455   465                       0.0000004    0.08333      -  20.3    0s
H 1383  1112                       0.0012949    0.07666  5820%  22.1    1s
* 1571  1128              75       0.0019811    0.07666  3770%  22.7    1s
* 1704  1162              95       0.0042694    0.07251  1598%  23.1    1s
* 1744  1092             101       0.0050000    0.07251  1350%  22.5    1s
H 2181  1137                       0.0050790    0.06897  1258%  24.8    1s
H 2308  1116                       0.0050790    0.06897  1258%  26.2    1s
H 2544  1200                       0.0052372    0.06896  1217%  29.0    1s
H 2565  1148                       0.0054368    0.06896  1168%  29.0    1s
H 2775  1128                       0.0057444    0.06896  1100%  29.3    1s
H 3186  1144                       0.0063287    0.06182   877%  30.1    2s
H 4285  1383                       0.0101642    0.05605   451%  33.8    2s
H 4397  1422                       0.0101673    0.05527   444%  33.9    2s
H 5477  1914                       0.0101679    0.05447   436%  35.4    2s
H 5478  1930                       0.0101818    0.05447   435%  35.4    3s
H 5480  1930                       0.0102015    0.05447   434%  35.4    3s
 12107  4369    0.01179   27   54    0.01020    0.04944   385%  36.5    5s
H14450  4852                       0.0105144    0.04809   357%  36.8    5s
H14452  4847                       0.0105244    0.04809   357%  36.8    5s
H15149  4755                       0.0123032    0.04799   290%  36.5    5s
H15152  4746                       0.0123325    0.04799   289%  36.5    5s
H16630  5169                       0.0123678    0.04728   282%  36.1    6s
 27977  7828    0.01602   41   54    0.01237    0.04341   251%  37.3   10s
H29605  7445                       0.0134570    0.04266   217%  37.4   10s
 43528 10276    0.03179   25   58    0.01346    0.03927   192%  38.2   15s
 62457 13729    0.01769   33   51    0.01346    0.03594   167%  37.9   20s
 82366 17061    0.02220   30   55    0.01346    0.03359   150%  37.6   25s
H92919 18779                       0.0134571    0.03263   143%  37.4   27s
 99618 19628    0.01447   30   56    0.01346    0.03209   138%  37.3   30s
 119376 22071    0.02069   33   54    0.01346    0.03049   127%  37.0   35s
 139036 24314    0.01590   43   57    0.01346    0.02915   117%  36.7   40s
 158656 26648     cutoff   44         0.01346    0.02815   109%  36.4   45s

Cutting planes:
  Gomory: 38
  Lift-and-project: 4
  Implied bound: 27
  MIR: 1
  Mixing: 2
  Flow cover: 47
  Inf proof: 7
  RLT: 56
  Relax-and-lift: 14
  BQP: 26

Explored 177785 nodes (6399287 simplex iterations) in 49.61 seconds (52.81 work units)
Thread count was 4 (of 4 available processors)

Solution count 10: 0.0134571 0.0123678 0.0123325 ... 0.0101673

Optimization achieved user objective limit
Best objective 1.345706612108e-02, best bound 2.741014427107e-02, gap 103.6859%
{"verdict": "PROVED", "status": "BOUND_REACHED", "runtime": 49.61121582984924, "objval": 0.013457066121081232, "objbound": 0.02741014427107069, "binaries": 50}
