Set parameter NodefileStart to value 6
Read parameters from file gurobi.env
Restricted license - for non-production use only - expires 2027-11-29
Set parameter OutputFlag to value 1
Set parameter Threads to value 4
Set parameter TimeLimit to value 360
Set parameter MIPGap to value 5e-05
Set parameter MIPFocus to value 2
Set parameter NonConvex to value 2
Set parameter BestBdStop to value 2.7426211734693878e-02
Gurobi Optimizer version 13.0.3 build v13.0.3rc0 (linux64 - "Ubuntu 24.04.5 LTS")

CPU model: AMD EPYC 9V74 80-Core Processor, instruction set [SSE2|AVX|AVX2]
Thread count: 2 physical cores, 4 logical processors, using up to 4 threads

Non-default parameters:
TimeLimit  360
BestBdStop  2.7426211734693878e-02
MIPGap  5e-05
MIPFocus  2
NodefileStart  6
NonConvex  2
Threads  4

Optimize a model with 145 rows, 115 columns and 846 nonzeros (Max)
Model fingerprint: 0x0c7e20b2
Model has 1 linear objective coefficients
Model has 50 quadratic constraints
Variable types: 65 continuous, 50 integer (50 binary)
Coefficient statistics:
  Matrix range     [5e-01, 1e+00]
  QMatrix range    [1e+00, 1e+00]
  QLMatrix range   [1e+00, 1e+00]
  Objective range  [1e+00, 1e+00]
  Bounds range     [5e-01, 1e+00]
  RHS range        [1e+00, 1e+00]

Found heuristic solution: objective -0.0000000
Presolve time: 0.00s
Presolved: 345 rows, 116 columns, 1246 nonzeros
Presolved model has 50 bilinear constraint(s)

Solving non-convex MIQCP to global optimality

Variable types: 66 continuous, 50 integer (50 binary)
Root relaxation presolve removed 50 rows and 1 columns
Root relaxation presolved: 295 rows, 115 columns, 1196 nonzeros


Root relaxation: objective 6.250000e-02, 120 iterations, 0.00 seconds (0.00 work units)

    Nodes    |    Current Node    |     Objective Bounds      |     Work
 Expl Unexpl |  Obj  Depth IntInf | Incumbent    BestBd   Gap | It/Node Time

     0     0    0.06250    0   57   -0.00000    0.06250      -     -    0s
     0     0    0.05000    0   63   -0.00000    0.05000      -     -    0s
     0     0    0.05000    0   61   -0.00000    0.05000      -     -    0s
     0     0    0.05000    0   61   -0.00000    0.05000      -     -    0s
     0     0    0.05000    0   50   -0.00000    0.05000      -     -    0s
     0     0    0.05000    0   45   -0.00000    0.05000      -     -    0s
     0     0    0.05000    0   45   -0.00000    0.05000      -     -    0s
     0     0    0.05000    0   52   -0.00000    0.05000      -     -    0s
     0     0    0.05000    0   50   -0.00000    0.05000      -     -    0s
     0     0    0.05000    0   50   -0.00000    0.05000      -     -    0s
     0     0    0.05000    0   50   -0.00000    0.05000      -     -    0s
     0     0    0.05000    0   50   -0.00000    0.05000      -     -    0s
     0     2    0.05000    0   50   -0.00000    0.05000      -     -    0s
H  384   378                       0.0000002    0.05000      -  25.8    0s
*  464   422              50       0.0000002    0.05000      -  24.3    0s
H  857   675                       0.0000002    0.05000      -  22.6    0s
H 1113   845                       0.0000006    0.05000      -  24.2    1s

Cutting planes:
  Gomory: 6
  Implied bound: 1
  MIR: 1
  RLT: 28
  Relax-and-lift: 1
  BQP: 7

Explored 1900 nodes (48304 simplex iterations) in 2.03 seconds (1.21 work units)
Thread count was 4 (of 4 available processors)

Solution count 6: 6.45333e-07 6.45333e-07 1.79558e-07 ... -0

Optimization achieved user objective limit
Best objective 6.453329734865e-07, best bound 2.739223534950e-02, gap -
{"verdict": "PROVED", "status": "BOUND_REACHED", "runtime": 2.0299980640411377, "objval": 6.453329734864636e-07, "objbound": 0.02739223534950126, "binaries": 50}
