Set parameter NodefileStart to value 6
Read parameters from file gurobi.env
Restricted license - for non-production use only - expires 2027-11-29
Set parameter OutputFlag to value 1
Set parameter Threads to value 4
Set parameter TimeLimit to value 360
Set parameter MIPGap to value 5e-05
Set parameter MIPFocus to value 2
Set parameter NonConvex to value 2
Set parameter BestBdStop to value 2.7426211734693878e-02
Gurobi Optimizer version 13.0.3 build v13.0.3rc0 (linux64 - "Ubuntu 24.04.5 LTS")

CPU model: AMD EPYC 9V45 96-Core Processor, instruction set [SSE2|AVX|AVX2|AVX512]
Thread count: 2 physical cores, 4 logical processors, using up to 4 threads

Non-default parameters:
TimeLimit  360
BestBdStop  2.7426211734693878e-02
MIPGap  5e-05
MIPFocus  2
NodefileStart  6
NonConvex  2
Threads  4

Optimize a model with 145 rows, 115 columns and 846 nonzeros (Max)
Model fingerprint: 0xd35611b8
Model has 1 linear objective coefficients
Model has 50 quadratic constraints
Variable types: 65 continuous, 50 integer (50 binary)
Coefficient statistics:
  Matrix range     [5e-01, 1e+00]
  QMatrix range    [1e+00, 1e+00]
  QLMatrix range   [1e+00, 1e+00]
  Objective range  [1e+00, 1e+00]
  Bounds range     [5e-01, 1e+00]
  RHS range        [1e+00, 1e+00]

Found heuristic solution: objective -0.0000000
Presolve time: 0.00s
Presolved: 345 rows, 116 columns, 1246 nonzeros
Presolved model has 50 bilinear constraint(s)

Solving non-convex MIQCP to global optimality

Variable types: 66 continuous, 50 integer (50 binary)
Root relaxation presolve removed 50 rows and 1 columns
Root relaxation presolved: 295 rows, 115 columns, 1196 nonzeros


Root relaxation: objective 1.250000e-01, 101 iterations, 0.00 seconds (0.00 work units)

    Nodes    |    Current Node    |     Objective Bounds      |     Work
 Expl Unexpl |  Obj  Depth IntInf | Incumbent    BestBd   Gap | It/Node Time

     0     0    0.12500    0   50   -0.00000    0.12500      -     -    0s
     0     0    0.10000    0   43   -0.00000    0.10000      -     -    0s
     0     0    0.10000    0   43   -0.00000    0.10000      -     -    0s
     0     0    0.10000    0   43   -0.00000    0.10000      -     -    0s
     0     2    0.10000    0   43   -0.00000    0.10000      -     -    0s
*  438   476              70       0.0000000    0.10000      -  17.5    0s
H  503   531                       0.0000001    0.10000      -  17.4    0s
H 1142   918                       0.0017710    0.10000  5547%  20.3    0s
H 1148   876                       0.0022283    0.08075  3524%  20.2    0s
H 1148   832                       0.0025941    0.08075  3013%  20.2    0s
H 1148   790                       0.0025941    0.07864  2931%  20.2    0s
H 1157   757                       0.0027507    0.07847  2753%  20.4    0s
H 1164   723                       0.0059505    0.07847  1219%  20.3    1s
H 2033  1157                       0.0059668    0.07847  1215%  21.0    1s
H 2072  1109                       0.0061042    0.07847  1185%  21.0    1s
H 2208  1121                       0.0067002    0.07847  1071%  20.6    1s
H 2262  1063                       0.0067747    0.07847  1058%  20.6    1s
H 2315  1062                       0.0073412    0.07847   969%  20.8    1s
H 2937  1516                       0.0074106    0.07847   959%  19.0    2s
H 3109  1681                       0.0074518    0.07847   953%  18.2    2s
H 3207  1730                       0.0105741    0.07847   642%  17.9    2s
* 3583  1519             129       0.0136508    0.07847   475%  17.4    2s
* 3584  1519             129       0.0136509    0.07847   475%  17.4    2s
H 3763  1635                       0.0136510    0.07847   475%  17.8    2s
H 4855  2138                       0.0146603    0.07847   435%  18.7    2s
H 6502  2940                       0.0146604    0.07847   435%  20.4    2s
H10700  4370                       0.0151621    0.07629   403%  22.1    3s
 20377  8704    0.01894   44   56    0.01516    0.07135   371%  22.0    5s
H37960 13070                       0.0188643    0.06613   251%  23.2    8s
H38042 13173                       0.0188643    0.06613   251%  23.2    8s
H38297 13173                       0.0188643    0.06603   250%  23.2    8s
 48104 16350    0.03501   37   54    0.01886    0.06373   238%  23.6   10s
 80423 26548    0.03668   41   46    0.01886    0.06044   220%  24.3   15s
 114747 37206     cutoff   41         0.01886    0.05827   209%  24.6   20s
H121327 39019                       0.0190324    0.05794   204%  24.5   20s
H122117 39290                       0.0190324    0.05790   204%  24.5   21s
 145557 46330    0.02368   52   44    0.01903    0.05682   199%  24.4   25s
 174294 54816    0.02708   48   46    0.01903    0.05558   192%  24.3   30s
H187650 58447                       0.0190324    0.05510   190%  24.3   32s
 206581 63787    0.01928   43   52    0.01903    0.05454   187%  24.9   35s
 237973 72253    0.01949   33   55    0.01903    0.05361   182%  25.6   40s
 272731 81370    0.02140   35   53    0.01903    0.05265   177%  26.2   45s
 307897 90527    0.02331   38   46    0.01903    0.05182   172%  26.6   50s
H309581 76337                       0.0232576    0.05179   123%  26.6   50s
H310148 76500                       0.0232576    0.05177   123%  26.6   50s
H310613 76567                       0.0232576    0.05176   123%  26.6   50s
H311450 76712                       0.0232576    0.05174   122%  26.6   50s
 335362 81330    0.02899   39   51    0.02326    0.05107   120%  26.9   55s
 368921 87042    0.02663   44   45    0.02326    0.05032   116%  27.1   60s
 400104 93194    0.03384   45   38    0.02326    0.04972   114%  27.3   65s
H409454 87266                       0.0249781    0.04958  98.5%  27.3   66s
H414779 88004                       0.0249781    0.04946  98.0%  27.3   67s
H422157 88898                       0.0249781    0.04930  97.4%  27.4   68s
 425064 89387    0.02606   45   52    0.02498    0.04925  97.2%  27.4   70s
H457522 94047                       0.0249781    0.04867  94.9%  27.6   74s
 458589 94197    0.02946   44   58    0.02498    0.04865  94.8%  27.6   75s
 487857 98079    0.03573   39   58    0.02498    0.04815  92.8%  27.7   80s
 522755 102502    0.02604   47   46    0.02498    0.04762  90.6%  27.7   85s
 556563 106997     cutoff   43         0.02498    0.04711  88.6%  27.8   90s
 590926 111731    0.03012   40   57    0.02498    0.04664  86.7%  27.8   95s
 626016 116295    0.02605   37   54    0.02498    0.04619  84.9%  27.8  100s
 657352 120378    0.03125   50   56    0.02498    0.04582  83.4%  27.8  105s
 691915 124696     cutoff   50         0.02498    0.04545  81.9%  27.9  110s
 725837 128957    0.03507   39   56    0.02498    0.04506  80.4%  27.8  115s
 760401 133206    0.04287   36   61    0.02498    0.04473  79.1%  27.8  120s
 794716 136911     cutoff   39         0.02498    0.04440  77.8%  27.8  125s
 825342 140208     cutoff   47         0.02498    0.04412  76.6%  27.8  130s
 859627 143693    0.03803   38   49    0.02498    0.04381  75.4%  27.8  135s
 894579 147536    0.03593   41   62    0.02498    0.04349  74.1%  27.8  140s
 930475 151136    0.02893   46   53    0.02498    0.04318  72.9%  27.7  145s
 963149 154604 infeasible   54         0.02498    0.04290  71.7%  27.7  150s
 995768 157861     cutoff   51         0.02498    0.04263  70.7%  27.7  155s
 1029827 161133 infeasible   44         0.02498    0.04236  69.6%  27.6  160s
 1069701 165075     cutoff   47         0.02498    0.04206  68.4%  27.6  165s
 1109275 169180    0.03250   39   50    0.02498    0.04179  67.3%  27.5  170s
 1147328 172483     cutoff   48         0.02498    0.04153  66.3%  27.5  175s
 1185809 176118     cutoff   44         0.02498    0.04127  65.2%  27.5  180s
 1221655 179320     cutoff   51         0.02498    0.04105  64.3%  27.4  185s
 1261373 182705     cutoff   50         0.02498    0.04080  63.3%  27.4  190s
 1303102 186099     cutoff   43         0.02498    0.04055  62.4%  27.3  195s
 1341517 189486     cutoff   48         0.02498    0.04033  61.5%  27.3  200s
 1380877 192592     cutoff   49         0.02498    0.04011  60.6%  27.3  205s
 1421823 196150     cutoff   41         0.02498    0.03989  59.7%  27.2  210s
 1459249 199194     cutoff   47         0.02498    0.03969  58.9%  27.2  215s
 1494700 202068    0.03663   40   50    0.02498    0.03952  58.2%  27.1  220s
 1531759 204517    0.02915   46   53    0.02498    0.03933  57.4%  27.1  225s
 1568121 207239    0.02582   48   49    0.02498    0.03914  56.7%  27.1  230s
 1606230 210455    0.02507   52   41    0.02498    0.03897  56.0%  27.0  235s
 1644696 213178    0.02731   49   60    0.02498    0.03879  55.3%  27.0  240s
 1687066 216168    0.02641   44   51    0.02498    0.03860  54.5%  26.9  245s
 1728309 218967    0.02548   50   51    0.02498    0.03842  53.8%  26.9  250s
 1768981 221267    0.03442   46   52    0.02498    0.03824  53.1%  26.8  255s
 1805724 223511    0.03354   39   57    0.02498    0.03809  52.5%  26.8  260s
 1845723 225890    0.03031   57   52    0.02498    0.03792  51.8%  26.7  265s
 1885362 228172     cutoff   42         0.02498    0.03776  51.2%  26.7  270s
 1922702 230436    0.02754   45   57    0.02498    0.03762  50.6%  26.6  275s
 1967873 233224    0.02622   48   44    0.02498    0.03745  49.9%  26.6  280s
 2004675 235454 infeasible   54         0.02498    0.03732  49.4%  26.5  285s
 2042982 237751     cutoff   51         0.02498    0.03718  48.9%  26.5  290s
 2082061 239744    0.03387   43   57    0.02498    0.03703  48.3%  26.5  295s
 2123054 241789     cutoff   50         0.02498    0.03689  47.7%  26.4  300s
 2158122 243643     cutoff   50         0.02498    0.03677  47.2%  26.4  305s
 2197595 245777 infeasible   44         0.02498    0.03663  46.7%  26.3  310s
 2232329 247172     cutoff   47         0.02498    0.03651  46.2%  26.3  315s
 2270731 248940    0.03097   47   54    0.02498    0.03637  45.6%  26.2  320s
 2309199 250618     cutoff   42         0.02498    0.03625  45.1%  26.2  325s
 2348678 252183    0.03128   39   52    0.02498    0.03611  44.6%  26.2  330s
 2387832 253447     cutoff   47         0.02498    0.03598  44.0%  26.1  335s
 2421642 254518     cutoff   43         0.02498    0.03586  43.6%  26.1  340s
 2463342 256013    0.02543   46   57    0.02498    0.03573  43.1%  26.0  345s
 2499005 257421     cutoff   51         0.02498    0.03562  42.6%  26.0  350s
 2537017 258979    0.02958   47   51    0.02498    0.03551  42.2%  26.0  355s
 2573551 260335    0.02624   46   51    0.02498    0.03539  41.7%  25.9  360s

Cutting planes:
  Gomory: 2
  Flow cover: 11
  Inf proof: 1
  RLT: 58
  Relax-and-lift: 4
  BQP: 30

Explored 2573869 nodes (66681551 simplex iterations) in 360.00 seconds (571.78 work units)
Thread count was 4 (of 4 available processors)

Solution count 10: 0.0249781 0.0232576 0.0190324 ... 0.00745182

Time limit reached
Best objective 2.497808210778e-02, best bound 3.538593254083e-02, gap 41.6679%
{"verdict": "UNRESOLVED", "status": "TIME_LIMIT", "runtime": 360.00167298316956, "objval": 0.02497808210778357, "objbound": 0.03538593254083469, "binaries": 50}
