Set parameter NodefileStart to value 6
Read parameters from file gurobi.env
Restricted license - for non-production use only - expires 2027-11-29
Set parameter OutputFlag to value 1
Set parameter Threads to value 4
Set parameter TimeLimit to value 360
Set parameter MIPGap to value 5e-05
Set parameter MIPFocus to value 2
Set parameter NonConvex to value 2
Set parameter BestBdStop to value 2.7426211734693878e-02
Gurobi Optimizer version 13.0.3 build v13.0.3rc0 (linux64 - "Ubuntu 24.04.5 LTS")

CPU model: AMD EPYC 9V74 80-Core Processor, instruction set [SSE2|AVX|AVX2|AVX512]
Thread count: 2 physical cores, 4 logical processors, using up to 4 threads

Non-default parameters:
TimeLimit  360
BestBdStop  2.7426211734693878e-02
MIPGap  5e-05
MIPFocus  2
NodefileStart  6
NonConvex  2
Threads  4

Optimize a model with 141 rows, 111 columns and 810 nonzeros (Max)
Model fingerprint: 0x7e1fcb14
Model has 1 linear objective coefficients
Model has 50 quadratic constraints
Variable types: 65 continuous, 46 integer (46 binary)
Coefficient statistics:
  Matrix range     [5e-01, 1e+00]
  QMatrix range    [1e+00, 1e+00]
  QLMatrix range   [1e+00, 1e+00]
  Objective range  [1e+00, 1e+00]
  Bounds range     [5e-01, 1e+00]
  RHS range        [1e+00, 1e+00]

Found heuristic solution: objective -0.0000000
Presolve time: 0.00s
Presolved: 341 rows, 112 columns, 1210 nonzeros
Presolved model has 50 bilinear constraint(s)

Solving non-convex MIQCP to global optimality

Variable types: 66 continuous, 46 integer (46 binary)
Root relaxation presolve removed 70 rows and 11 columns
Root relaxation presolved: 271 rows, 101 columns, 1040 nonzeros


Root relaxation: objective 7.142857e-02, 99 iterations, 0.00 seconds (0.00 work units)

    Nodes    |    Current Node    |     Objective Bounds      |     Work
 Expl Unexpl |  Obj  Depth IntInf | Incumbent    BestBd   Gap | It/Node Time

     0     0    0.07143    0   50   -0.00000    0.07143      -     -    0s
     0     0    0.07143    0   62   -0.00000    0.07143      -     -    0s
     0     0    0.07143    0   48   -0.00000    0.07143      -     -    0s
     0     0    0.07143    0   67   -0.00000    0.07143      -     -    0s
     0     0    0.07143    0   48   -0.00000    0.07143      -     -    0s
H    0     0                       0.0000000    0.07143      -     -    0s
H    0     0                       0.0000001    0.07143      -     -    0s
H    0     0                       0.0000001    0.07143      -     -    0s
     0     0    0.07143    0   50    0.00000    0.07143      -     -    0s
     0     0    0.07143    0   51    0.00000    0.07143      -     -    0s
     0     0    0.07143    0   50    0.00000    0.07143      -     -    0s
     0     0    0.07143    0   50    0.00000    0.07143      -     -    0s
     0     0    0.07143    0   50    0.00000    0.07143      -     -    0s
     0     2    0.07143    0   50    0.00000    0.07143      -     -    0s
H 1229   986                       0.0000006    0.06168      -  27.6    1s
H 9648  6523                       0.0000006    0.04206      -  19.6    3s
 20266 13237    0.00813   42   56    0.00000    0.03813      -  19.0    5s
*21650 14064             123       0.0000008    0.03781      -  19.1    5s
 35725 22631    0.00000   99   29    0.00000    0.03618      -  18.7   10s
H61240 37822                       0.0000008    0.03417      -  18.7   14s
 62620 39219    0.00004   75   27    0.00000    0.03415      -  18.6   15s
 87405 52686     cutoff   62         0.00000    0.03289      -  19.1   20s
 114354 68781    0.00000   81   27    0.00000    0.03191      -  19.4   25s
 138875 82341    0.00027   37   53    0.00000    0.03136      -  19.8   30s
H148742 87727                       0.0000008    0.03115      -  19.9   32s
 159851 94368    0.00117   42   38    0.00000    0.03084      -  20.1   35s
 182642 106825    0.00018   43   50    0.00000    0.03021      -  20.3   40s
 206019 119399     cutoff   38         0.00000    0.02974      -  20.4   45s
 229408 132406    0.00151   34   46    0.00000    0.02928      -  20.7   50s
 253639 146278    0.02077   32   52    0.00000    0.02886      -  20.8   55s
 277740 159292    0.00000   85   35    0.00000    0.02844      -  20.9   60s
 298844 170405     cutoff   38         0.00000    0.02801      -  20.9   65s
 323479 183604    0.00009   48   44    0.00000    0.02756      -  20.9   70s

Cutting planes:
  Gomory: 12
  Implied bound: 26
  MIR: 8
  Flow cover: 76
  Inf proof: 1
  RLT: 104
  Relax-and-lift: 24
  BQP: 25

Explored 332828 nodes (6973604 simplex iterations) in 71.66 seconds (93.03 work units)
Thread count was 4 (of 4 available processors)

Solution count 6: 8.08419e-07 7.70593e-07 6.39092e-07 ... -0

Optimization achieved user objective limit
Best objective 8.084186192423e-07, best bound 2.741511672133e-02, gap -
{"verdict": "PROVED", "status": "BOUND_REACHED", "runtime": 71.66038203239441, "objval": 8.084186192423175e-07, "objbound": 0.027415116721326765, "binaries": 46}
