Set parameter NodefileStart to value 6
Read parameters from file gurobi.env
Restricted license - for non-production use only - expires 2027-11-29
Set parameter OutputFlag to value 1
Set parameter Threads to value 4
Set parameter TimeLimit to value 360
Set parameter MIPGap to value 5e-05
Set parameter MIPFocus to value 2
Set parameter NonConvex to value 2
Set parameter BestBdStop to value 2.7426211734693878e-02
Gurobi Optimizer version 13.0.3 build v13.0.3rc0 (linux64 - "Ubuntu 24.04.5 LTS")

CPU model: AMD EPYC 7763 64-Core Processor, instruction set [SSE2|AVX|AVX2]
Thread count: 2 physical cores, 4 logical processors, using up to 4 threads

Non-default parameters:
TimeLimit  360
BestBdStop  2.7426211734693878e-02
MIPGap  5e-05
MIPFocus  2
NodefileStart  6
NonConvex  2
Threads  4

Optimize a model with 133 rows, 103 columns and 742 nonzeros (Max)
Model fingerprint: 0x56443167
Model has 1 linear objective coefficients
Model has 50 quadratic constraints
Variable types: 65 continuous, 38 integer (38 binary)
Coefficient statistics:
  Matrix range     [5e-01, 1e+00]
  QMatrix range    [1e+00, 1e+00]
  QLMatrix range   [1e+00, 1e+00]
  Objective range  [1e+00, 1e+00]
  Bounds range     [5e-01, 1e+00]
  RHS range        [1e+00, 1e+00]

Found heuristic solution: objective -0.0000000
Presolve time: 0.00s
Presolved: 333 rows, 104 columns, 1142 nonzeros
Presolved model has 50 bilinear constraint(s)

Solving non-convex MIQCP to global optimality

Variable types: 66 continuous, 38 integer (38 binary)
Found heuristic solution: objective 0.0000000
Root relaxation presolve removed 66 rows and 9 columns
Root relaxation presolved: 267 rows, 95 columns, 996 nonzeros


Root relaxation: objective 1.000000e-01, 108 iterations, 0.00 seconds (0.00 work units)

    Nodes    |    Current Node    |     Objective Bounds      |     Work
 Expl Unexpl |  Obj  Depth IntInf | Incumbent    BestBd   Gap | It/Node Time

     0     0    0.10000    0   52    0.00000    0.10000      -     -    0s
     0     0    0.07143    0   63    0.00000    0.07143      -     -    0s
     0     0    0.06667    0   61    0.00000    0.06667      -     -    0s
     0     0    0.06250    0   56    0.00000    0.06250      -     -    0s
     0     0    0.06250    0   56    0.00000    0.06250      -     -    0s
     0     0    0.06250    0   56    0.00000    0.06250      -     -    0s
     0     0    0.06250    0   60    0.00000    0.06250      -     -    0s
     0     0    0.06250    0   61    0.00000    0.06250      -     -    0s
     0     0    0.06250    0   52    0.00000    0.06250      -     -    0s
H    0     0                       0.0000001    0.06250      -     -    0s
     0     0    0.06250    0   57    0.00000    0.06250      -     -    0s
     0     0    0.05687    0   58    0.00000    0.05687      -     -    0s
     0     0    0.05687    0   58    0.00000    0.05687      -     -    0s
     0     0    0.05220    0   55    0.00000    0.05220      -     -    0s
     0     0    0.05220    0   55    0.00000    0.05220      -     -    0s
     0     0    0.05220    0   56    0.00000    0.05220      -     -    0s
     0     0    0.05220    0   56    0.00000    0.05220      -     -    0s
     0     0    0.05220    0   59    0.00000    0.05220      -     -    0s
     0     0    0.05220    0   59    0.00000    0.05220      -     -    0s
     0     0    0.05220    0   59    0.00000    0.05220      -     -    0s
     0     2    0.05220    0   59    0.00000    0.05220      -     -    0s
* 3109  1612             107       0.0000001    0.03241      -  36.2    2s
H 3132  1635                       0.0000001    0.03241      -  36.2    2s
H 3319  1573                       0.0000005    0.03054      -  36.1    2s

Cutting planes:
  Gomory: 6
  Flow cover: 5
  RLT: 31
  Relax-and-lift: 1
  BQP: 5

Explored 4885 nodes (165995 simplex iterations) in 3.07 seconds (2.22 work units)
Thread count was 4 (of 4 available processors)

Solution count 6: 4.89337e-07 1.43824e-07 9.34583e-08 ... -0

Optimization achieved user objective limit
Best objective 4.893366356562e-07, best bound 2.668822065308e-02, gap -
{"verdict": "PROVED", "status": "BOUND_REACHED", "runtime": 3.0682969093322754, "objval": 4.893366356562013e-07, "objbound": 0.026688220653075613, "binaries": 38}
