Set parameter NodefileStart to value 6
Read parameters from file gurobi.env
Restricted license - for non-production use only - expires 2027-11-29
Set parameter OutputFlag to value 1
Set parameter Threads to value 4
Set parameter TimeLimit to value 360
Set parameter MIPGap to value 5e-05
Set parameter MIPFocus to value 2
Set parameter NonConvex to value 2
Set parameter BestBdStop to value 2.7426211734693878e-02
Gurobi Optimizer version 13.0.3 build v13.0.3rc0 (linux64 - "Ubuntu 24.04.5 LTS")

CPU model: AMD EPYC 7763 64-Core Processor, instruction set [SSE2|AVX|AVX2]
Thread count: 2 physical cores, 4 logical processors, using up to 4 threads

Non-default parameters:
TimeLimit  360
BestBdStop  2.7426211734693878e-02
MIPGap  5e-05
MIPFocus  2
NodefileStart  6
NonConvex  2
Threads  4

Optimize a model with 141 rows, 111 columns and 810 nonzeros (Max)
Model fingerprint: 0xa17a074c
Model has 1 linear objective coefficients
Model has 50 quadratic constraints
Variable types: 65 continuous, 46 integer (46 binary)
Coefficient statistics:
  Matrix range     [5e-01, 1e+00]
  QMatrix range    [1e+00, 1e+00]
  QLMatrix range   [1e+00, 1e+00]
  Objective range  [1e+00, 1e+00]
  Bounds range     [5e-01, 1e+00]
  RHS range        [1e+00, 1e+00]

Found heuristic solution: objective -0.0000000
Presolve time: 0.00s
Presolved: 341 rows, 112 columns, 1210 nonzeros
Presolved model has 50 bilinear constraint(s)

Solving non-convex MIQCP to global optimality

Variable types: 66 continuous, 46 integer (46 binary)
Root relaxation presolve removed 50 rows and 1 columns
Root relaxation presolved: 291 rows, 111 columns, 1160 nonzeros


Root relaxation: objective 8.333333e-02, 121 iterations, 0.00 seconds (0.00 work units)

    Nodes    |    Current Node    |     Objective Bounds      |     Work
 Expl Unexpl |  Obj  Depth IntInf | Incumbent    BestBd   Gap | It/Node Time

     0     0    0.08333    0   48   -0.00000    0.08333      -     -    0s
     0     0    0.07407    0   62   -0.00000    0.07407      -     -    0s
     0     0    0.06250    0   65   -0.00000    0.06250      -     -    0s
H    0     0                       0.0000000    0.06250      -     -    0s
     0     0    0.06250    0   59    0.00000    0.06250      -     -    0s
     0     0    0.06250    0   56    0.00000    0.06250      -     -    0s
     0     0    0.06250    0   66    0.00000    0.06250      -     -    0s
     0     0    0.06250    0   45    0.00000    0.06250      -     -    0s
     0     0    0.06250    0   53    0.00000    0.06250      -     -    0s
     0     0    0.06250    0   53    0.00000    0.06250      -     -    0s
     0     0    0.06250    0   54    0.00000    0.06250      -     -    0s
     0     0    0.06250    0   54    0.00000    0.06250      -     -    0s
     0     2    0.06250    0   54    0.00000    0.06250      -     -    0s
H  373   376                       0.0000000    0.06250      -  19.2    0s
* 1129   978             111       0.0000002    0.06250      -  18.4    0s
H 1191   922                       0.0000002    0.06250      -  18.4    1s
H 1193   877                       0.0000002    0.06250      -  18.4    1s
H 1197   836                       0.0000004    0.06250      -  18.3    1s
H 1623  1156                       0.0000006    0.06250      -  19.0    1s
* 4992  3339             139       0.0000007    0.05137      -  21.3    2s
* 4993  3339             139       0.0000007    0.05137      -  21.3    2s
* 5872  3944             132       0.0000008    0.05136      -  21.5    3s
H10909  7813                       0.0000008    0.04991      -  23.2    4s
*12141  8652             112       0.0000010    0.04964      -  23.8    4s
 12512  9097    0.01734   26   52    0.00000    0.04945      -  24.2    5s
H20108 14694                       0.0000010    0.04836      -  24.6    7s
 33247 24214    0.00621   56   52    0.00000    0.04689      -  25.1   10s
H33384 24296                       0.0000010    0.04689      -  25.0   10s
 54472 39992     cutoff  121         0.00000    0.04561      -  25.6   15s
H64973 46924                       0.0000011    0.04502      -  25.7   17s
H67179 48698                       0.0000011    0.04501      -  25.7   18s
 76676 55637    0.00000   63   33    0.00000    0.04467      -  25.9   20s
*78077 25635              76       0.0023317    0.04461  1813%  25.8   20s
H80385 26845                       0.0023326    0.04438  1803%  25.9   20s
H80512 25942                       0.0026641    0.04438  1566%  25.9   20s
H81525 25932                       0.0028319    0.04431  1465%  25.8   20s
H82321 26283                       0.0028334    0.04428  1463%  25.8   21s
H100981 36572                       0.0028438    0.04324  1420%  26.4   24s
 101215 36810    0.04001   27   56    0.00284    0.04323  1420%  26.4   25s
H103967 38184                       0.0028438    0.04306  1414%  26.5   25s
H105093 36552                       0.0035729    0.04302  1104%  26.5   25s
H111662 39691                       0.0038893    0.04280  1001%  26.6   27s
H111663 39691                       0.0038893    0.04280  1001%  26.6   27s
H111664 39691                       0.0038893    0.04280  1001%  26.6   27s
H112832 37210                       0.0048771    0.04277   777%  26.6   27s
H112951 37189                       0.0048863    0.04277   775%  26.6   27s
H117738 34246                       0.0071127    0.04251   498%  26.7   28s
H119300 35043                       0.0071127    0.04241   496%  26.7   29s
H120092 35329                       0.0071129    0.04237   496%  26.8   29s
H121159 35796                       0.0071129    0.04234   495%  26.8   29s
 122753 36589    0.01159   39   45    0.00711    0.04225   494%  26.8   30s
H125180 35165                       0.0081850    0.04213   415%  26.9   30s
H136667 37533                       0.0092343    0.04136   348%  27.0   33s
H136726 37504                       0.0092460    0.04134   347%  27.0   33s
 144485 41002    0.02719   33   53    0.00925    0.04100   343%  27.0   35s
 169325 51351    0.01147   39   55    0.00925    0.04014   334%  27.2   40s
H172250 51862                       0.0094100    0.04004   325%  27.3   40s
H172269 51863                       0.0094100    0.04004   325%  27.3   40s
H177285 54063                       0.0094101    0.03988   324%  27.3   42s
H185205 56713                       0.0095485    0.03963   315%  27.3   44s
 189120 58298    0.03408   31   52    0.00955    0.03954   314%  27.4   45s
 211242 66834     cutoff   43         0.00955    0.03899   308%  27.5   50s
 235993 76151    0.03378   41   55    0.00955    0.03846   303%  27.5   55s
 259927 85347    0.03523   30   52    0.00955    0.03799   298%  27.6   60s
 283817 93793    0.00974   39   52    0.00955    0.03756   293%  27.7   65s
 305098 101645     cutoff   39         0.00955    0.03725   290%  27.7   70s
 327609 109611     cutoff   47         0.00955    0.03690   286%  27.8   75s
 352524 118395     cutoff   43         0.00955    0.03651   282%  27.8   80s
 374162 125947    0.01263   36   50    0.00955    0.03623   279%  27.8   85s
 397767 134025 infeasible   44         0.00955    0.03595   276%  27.8   90s
 422164 143011 infeasible   41         0.00955    0.03569   274%  27.8   95s
 446619 151547    0.02464   32   53    0.00955    0.03543   271%  27.9  100s
 467228 158758    0.02540   31   51    0.00955    0.03521   269%  27.9  105s
 491122 166818     cutoff   44         0.00955    0.03498   266%  27.9  110s
 515402 174933    0.01901   32   56    0.00955    0.03477   264%  27.9  115s
 539159 183437    0.01677   40   45    0.00955    0.03459   262%  27.9  120s
 563449 192191    0.01433   42   50    0.00955    0.03447   261%  27.9  125s
 586058 199883    0.01019   41   54    0.00955    0.03429   259%  27.9  130s
 610714 208552 infeasible   40         0.00955    0.03411   257%  27.8  135s
 635034 216714     cutoff   44         0.00955    0.03393   255%  27.8  140s
 658202 224670    0.02793   32   54    0.00955    0.03377   254%  27.8  145s
 679019 231543    0.02640   28   57    0.00955    0.03363   252%  27.8  150s
 702214 239792    0.01128   42   54    0.00955    0.03350   251%  27.8  155s
 726790 247645    0.02608   35   57    0.00955    0.03335   249%  27.8  160s
 751102 255724    0.01528   38   54    0.00955    0.03321   248%  27.8  165s
 775943 263829    0.02445   37   56    0.00955    0.03308   246%  27.8  170s
 800048 271904    0.01196   40   53    0.00955    0.03295   245%  27.8  175s
 823223 279781    0.02818   34   54    0.00955    0.03282   244%  27.8  180s
 847088 287362    0.01700   35   57    0.00955    0.03270   242%  27.8  185s
 864666 292891    0.02572   37   50    0.00955    0.03260   241%  27.8  190s
 886639 300015    0.01984   36   52    0.00955    0.03250   240%  27.8  195s
 906724 306256    0.02043   36   54    0.00955    0.03240   239%  27.8  200s
 929816 313403    0.01440   38   51    0.00955    0.03230   238%  27.8  205s
 953437 320853    0.01033   43   60    0.00955    0.03219   237%  27.7  210s
 977568 328655     cutoff   45         0.00955    0.03209   236%  27.7  215s
 1000590 335806    0.01681   38   52    0.00955    0.03198   235%  27.7  220s
 1023435 343088     cutoff   47         0.00955    0.03188   234%  27.7  225s
 1046834 350400    0.01573   32   57    0.00955    0.03178   233%  27.7  230s
 1070957 357801    0.01284   34   33    0.00955    0.03168   232%  27.7  235s
 1090884 364333    0.01004   43   52    0.00955    0.03160   231%  27.7  240s
 1114394 371782     cutoff   39         0.00955    0.03151   230%  27.7  245s
 1137962 379779     cutoff   37         0.00955    0.03143   229%  27.7  250s
 1161001 387378    0.01130   40   53    0.00955    0.03135   228%  27.7  255s
 1185059 394497    0.01009   39   51    0.00955    0.03126   227%  27.7  260s
 1208602 401664    0.02005   38   52    0.00955    0.03118   227%  27.7  265s
 1232973 409119     cutoff   45         0.00955    0.03109   226%  27.7  270s
 1257298 417138    0.01079   43   52    0.00955    0.03102   225%  27.7  275s
 1277295 423349    0.01711   47   50    0.00955    0.03096   224%  27.7  280s
 1300029 430096     cutoff   51         0.00955    0.03088   223%  27.7  285s
 1323877 437270    0.00995   53   62    0.00955    0.03081   223%  27.7  290s
 1347976 444737    0.01006   40   51    0.00955    0.03073   222%  27.7  295s
 1370706 451403    0.01816   41   53    0.00955    0.03067   221%  27.7  300s
 1394629 458602    0.01256   46   52    0.00955    0.03059   220%  27.7  305s
 1418630 465895     cutoff   39         0.00955    0.03053   220%  27.7  310s
 1438705 471899     cutoff   40         0.00955    0.03047   219%  27.7  315s
 1462756 479035     cutoff   45         0.00955    0.03040   218%  27.7  320s
 1483309 484663    0.01175   44   38    0.00955    0.03034   218%  27.6  325s
 1507550 491518     cutoff   41         0.00955    0.03028   217%  27.5  330s
 1531019 498754    0.01550   40   52    0.00955    0.03021   216%  27.4  335s
 1554900 505582    0.01902   35   54    0.00955    0.03015   216%  27.3  340s
 1578682 512635    0.01043   43   55    0.00955    0.03009   215%  27.2  345s
H1581838 509700                       0.0097189    0.03008   210%  27.2  345s
H1582176 509726                       0.0097189    0.03008   210%  27.2  346s
 1596459 513905    0.01438   42   50    0.00972    0.03005   209%  27.1  350s
 1620478 520798    0.01124   44   51    0.00972    0.02999   209%  27.1  355s
 1644228 527540     cutoff   44         0.00972    0.02993   208%  27.0  360s

Cutting planes:
  Gomory: 12
  Implied bound: 12
  MIR: 3
  Flow cover: 16
  RLT: 94
  Relax-and-lift: 5
  BQP: 28

Explored 1644494 nodes (44355634 simplex iterations) in 360.00 seconds (390.47 work units)
Thread count was 4 (of 4 available processors)

Solution count 10: 0.00971886 0.00954851 0.00941005 ... 0.00488627

Time limit reached
Best objective 9.718856835398e-03, best bound 2.992673770405e-02, gap 207.9245%
{"verdict": "UNRESOLVED", "status": "TIME_LIMIT", "runtime": 360.0018939971924, "objval": 0.009718856835397596, "objbound": 0.029926737704045858, "binaries": 46}
