Set parameter NodefileStart to value 6
Read parameters from file gurobi.env
Restricted license - for non-production use only - expires 2027-11-29
Set parameter OutputFlag to value 1
Set parameter Threads to value 4
Set parameter TimeLimit to value 360
Set parameter MIPGap to value 5e-05
Set parameter MIPFocus to value 2
Set parameter NonConvex to value 2
Set parameter BestBdStop to value 2.7426211734693878e-02
Gurobi Optimizer version 13.0.3 build v13.0.3rc0 (linux64 - "Ubuntu 24.04.5 LTS")

CPU model: AMD EPYC 9V74 80-Core Processor, instruction set [SSE2|AVX|AVX2]
Thread count: 2 physical cores, 4 logical processors, using up to 4 threads

Non-default parameters:
TimeLimit  360
BestBdStop  2.7426211734693878e-02
MIPGap  5e-05
MIPFocus  2
NodefileStart  6
NonConvex  2
Threads  4

Optimize a model with 141 rows, 111 columns and 810 nonzeros (Max)
Model fingerprint: 0x7ff49626
Model has 1 linear objective coefficients
Model has 50 quadratic constraints
Variable types: 65 continuous, 46 integer (46 binary)
Coefficient statistics:
  Matrix range     [5e-01, 1e+00]
  QMatrix range    [1e+00, 1e+00]
  QLMatrix range   [1e+00, 1e+00]
  Objective range  [1e+00, 1e+00]
  Bounds range     [5e-01, 1e+00]
  RHS range        [1e+00, 1e+00]

Found heuristic solution: objective -0.0000000
Presolve time: 0.00s
Presolved: 341 rows, 112 columns, 1210 nonzeros
Presolved model has 50 bilinear constraint(s)

Solving non-convex MIQCP to global optimality

Variable types: 66 continuous, 46 integer (46 binary)
Root relaxation presolve removed 50 rows and 1 columns
Root relaxation presolved: 291 rows, 111 columns, 1160 nonzeros


Root relaxation: objective 8.333333e-02, 118 iterations, 0.00 seconds (0.00 work units)

    Nodes    |    Current Node    |     Objective Bounds      |     Work
 Expl Unexpl |  Obj  Depth IntInf | Incumbent    BestBd   Gap | It/Node Time

     0     0    0.08333    0   50   -0.00000    0.08333      -     -    0s
     0     0    0.07143    0   47   -0.00000    0.07143      -     -    0s
     0     0    0.07143    0   53   -0.00000    0.07143      -     -    0s
     0     0    0.07143    0   63   -0.00000    0.07143      -     -    0s
     0     0    0.07143    0   54   -0.00000    0.07143      -     -    0s
     0     0    0.07143    0   57   -0.00000    0.07143      -     -    0s
     0     0    0.07143    0   46   -0.00000    0.07143      -     -    0s
     0     0    0.07143    0   45   -0.00000    0.07143      -     -    0s
     0     0    0.07143    0   53   -0.00000    0.07143      -     -    0s
     0     0    0.07143    0   57   -0.00000    0.07143      -     -    0s
     0     0    0.07143    0   58   -0.00000    0.07143      -     -    0s
     0     0    0.07143    0   58   -0.00000    0.07143      -     -    0s
     0     2    0.07143    0   58   -0.00000    0.07143      -     -    0s
* 1781  1282              94       0.0000002    0.06062      -  26.0    1s
* 1784  1211              95       0.0000002    0.06062      -  25.9    1s
H 2884  1549                       0.0000005    0.05316      -  27.1    2s
* 5249  2905              92       0.0000006    0.04446      -  28.9    2s
* 5278  2903             101       0.0000006    0.04446      -  28.8    2s
* 5383  2898              90       0.0000006    0.04445      -  28.7    2s
 10498  6636    0.00000   93   34    0.00000    0.03838      -  28.2    5s
*12937  7989              91       0.0000006    0.03689      -  28.0    5s
 25966 15160    0.00377   41   53    0.00000    0.03217      -  30.3   10s
 43479 25129    0.00093   32   43    0.00000    0.02979      -  31.6   15s
H58750 33583                       0.0000007    0.02828      -  32.3   19s
 62724 35487    0.00249   33   30    0.00000    0.02803      -  32.3   20s

Cutting planes:
  Gomory: 7
  Implied bound: 6
  MIR: 3
  Flow cover: 28
  RLT: 78
  Relax-and-lift: 3
  BQP: 9

Explored 71798 nodes (2324541 simplex iterations) in 22.56 seconds (21.38 work units)
Thread count was 4 (of 4 available processors)

Solution count 9: 7.38455e-07 6.39594e-07 6.1736e-07 ... -0

Optimization achieved user objective limit
Best objective 7.384546976931e-07, best bound 2.737509622626e-02, gap -
{"verdict": "PROVED", "status": "BOUND_REACHED", "runtime": 22.561613082885742, "objval": 7.384546976931194e-07, "objbound": 0.027375096226264627, "binaries": 46}
