07:04:42 UTC start: 1 unresolved seed region(s) and 0 missing piece(s) under [[[0,2,4],1],[[0,2,5],0],[[0,2,6],0],[[0,2,7],0],[[0,2,8],0],[[0,3,4],0],[[0,3,5],0],[[0,3,6],0],[[0,3,7],0],[[0,3,8],0],[[1,2,4],1],[[1,2,5],1],[[1,2,6],1],[[1,2,7],1],[[1,2,8],1],[[1,3,4],1],[[1,3,5],0],[[1,3,6],1],[[1,3,7],1],[[1,3,8],0],[[2,3,4],1],[[2,3,5],1],[[2,3,6],1],[[2,3,7],1],[[2,3,8],1],[[4,5,6],1],[[4,5,7],0],[[4,5,8],1],[[4,6,7],1]]
07:08:29 UTC split region (bound/target 36.461) on [[4,6,8],[4,7,8],[5,6,7],[5,6,8]]: 13 pieces proved, 3 open; total runs 16, proved 13, open regions 3
07:10:05 UTC split region (bound/target 1.041) on [[5,7,8],[6,7,8],[0,4,5],[0,4,6]]: 15 pieces proved, 1 open; total runs 32, proved 28, open regions 3
07:10:39 UTC split region (bound/target 1.050) on [[0,4,7],[0,4,8],[0,5,6],[0,5,7]]: 16 pieces proved, 0 open; total runs 48, proved 44, open regions 2
07:12:21 UTC split region (bound/target 1.059) on [[5,7,8],[6,7,8],[0,4,5],[0,4,6]]: 15 pieces proved, 1 open; total runs 64, proved 59, open regions 2
07:13:08 UTC split region (bound/target 1.049) on [[0,4,7],[0,4,8],[0,5,6],[0,5,7]]: 16 pieces proved, 0 open; total runs 80, proved 75, open regions 1
07:19:03 UTC split region (bound/target 1.272) on [[5,7,8],[6,7,8],[0,4,5],[0,4,6]]: 13 pieces proved, 3 open; total runs 96, proved 88, open regions 3
07:20:42 UTC split region (bound/target 1.074) on [[0,4,7],[0,4,8],[0,5,6],[0,5,7]]: 15 pieces proved, 1 open; total runs 112, proved 103, open regions 3
07:24:40 UTC split region (bound/target 1.103) on [[0,5,8],[0,6,7],[0,6,8],[0,7,8]]: 13 pieces proved, 3 open; total runs 128, proved 116, open regions 5
07:25:49 UTC region PROVED by a 300 s run (68 s); open 4
07:26:24 UTC split region (bound/target 1.023) on [[1,4,5],[1,4,6],[1,4,7],[1,4,8]]: 16 pieces proved, 0 open; total runs 145, proved 133, open regions 3
07:27:48 UTC split region (bound/target 1.106) on [[1,4,5],[1,4,6],[1,4,7],[1,4,8]]: 16 pieces proved, 0 open; total runs 161, proved 149, open regions 2
07:30:13 UTC split region (bound/target 1.192) on [[0,4,7],[0,4,8],[0,5,6],[0,5,7]]: 14 pieces proved, 2 open; total runs 177, proved 163, open regions 3
07:34:01 UTC split region (bound/target 1.069) on [[0,5,8],[0,6,7],[0,6,8],[0,7,8]]: 14 pieces proved, 2 open; total runs 193, proved 177, open regions 4
07:35:01 UTC region PROVED by a 300 s run (60 s); open 3
07:35:54 UTC split region (bound/target 1.087) on [[1,4,5],[1,4,6],[1,4,7],[1,4,8]]: 16 pieces proved, 0 open; total runs 210, proved 194, open regions 2
07:38:37 UTC split region (bound/target 1.181) on [[0,5,8],[0,6,7],[0,6,8],[0,7,8]]: 14 pieces proved, 2 open; total runs 226, proved 208, open regions 3
07:39:42 UTC region PROVED by a 300 s run (64 s); open 2
07:40:38 UTC split region (bound/target 1.076) on [[1,4,5],[1,4,6],[1,4,7],[1,4,8]]: 16 pieces proved, 0 open; total runs 243, proved 225, open regions 1
07:43:06 UTC split region (bound/target 1.336) on [[0,4,7],[0,4,8],[0,5,6],[0,5,7]]: 14 pieces proved, 2 open; total runs 259, proved 239, open regions 2
07:45:06 UTC split region (bound/target 1.066) on [[0,5,8],[0,6,7],[0,6,8],[0,7,8]]: 15 pieces proved, 1 open; total runs 275, proved 254, open regions 2
07:46:40 UTC split region (bound/target 1.030) on [[1,4,5],[1,4,6],[1,4,7],[1,4,8]]: 16 pieces proved, 0 open; total runs 291, proved 270, open regions 1
07:49:23 UTC split region (bound/target 1.390) on [[0,5,8],[0,6,7],[0,6,8],[0,7,8]]: 14 pieces proved, 2 open; total runs 307, proved 284, open regions 2
07:51:48 UTC split region (bound/target 1.028) on [[1,4,5],[1,4,6],[1,4,7],[1,4,8]]: 14 pieces proved, 2 open; total runs 323, proved 298, open regions 3
07:52:40 UTC split region (bound/target 1.037) on [[1,4,5],[1,4,6],[1,4,7],[1,4,8]]: 16 pieces proved, 0 open; total runs 339, proved 314, open regions 2
07:53:00 UTC split region (bound/target 1.057) on [[1,5,6],[1,5,7],[1,5,8],[1,6,7]]: 16 pieces proved, 0 open; total runs 355, proved 330, open regions 1
07:53:38 UTC split region (bound/target 1.189) on [[1,5,6],[1,5,7],[1,5,8],[1,6,7]]: 16 pieces proved, 0 open; total runs 371, proved 346, open regions 0
07:53:38 UTC ALL REGIONS PROVED by this driver: runs 371, proved 346 (the certificate itself must still be checked with summarize.py and combine_plan_260927.py)
