Set parameter NodefileStart to value 6
Read parameters from file gurobi.env
Restricted license - for non-production use only - expires 2027-11-29
Set parameter OutputFlag to value 1
Set parameter Threads to value 4
Set parameter TimeLimit to value 360
Set parameter MIPGap to value 5e-05
Set parameter MIPFocus to value 2
Set parameter NonConvex to value 2
Set parameter BestBdStop to value 2.7426211734693878e-02
Gurobi Optimizer version 13.0.3 build v13.0.3rc0 (linux64 - "Ubuntu 24.04.5 LTS")

CPU model: Intel(R) Xeon(R) Platinum 8370C CPU @ 2.80GHz, instruction set [SSE2|AVX|AVX2|AVX512]
Thread count: 2 physical cores, 4 logical processors, using up to 4 threads

Non-default parameters:
TimeLimit  360
BestBdStop  2.7426211734693878e-02
MIPGap  5e-05
MIPFocus  2
NodefileStart  6
NonConvex  2
Threads  4

Optimize a model with 145 rows, 115 columns and 846 nonzeros (Max)
Model fingerprint: 0x8dcca805
Model has 1 linear objective coefficients
Model has 50 quadratic constraints
Variable types: 65 continuous, 50 integer (50 binary)
Coefficient statistics:
  Matrix range     [5e-01, 1e+00]
  QMatrix range    [1e+00, 1e+00]
  QLMatrix range   [1e+00, 1e+00]
  Objective range  [1e+00, 1e+00]
  Bounds range     [5e-01, 1e+00]
  RHS range        [1e+00, 1e+00]

Found heuristic solution: objective -0.0000000
Presolve time: 0.00s
Presolved: 345 rows, 116 columns, 1246 nonzeros
Presolved model has 50 bilinear constraint(s)

Solving non-convex MIQCP to global optimality

Variable types: 66 continuous, 50 integer (50 binary)
Root relaxation presolve removed 50 rows and 1 columns
Root relaxation presolved: 295 rows, 115 columns, 1196 nonzeros


Root relaxation: objective 8.333333e-02, 120 iterations, 0.00 seconds (0.00 work units)

    Nodes    |    Current Node    |     Objective Bounds      |     Work
 Expl Unexpl |  Obj  Depth IntInf | Incumbent    BestBd   Gap | It/Node Time

     0     0    0.08333    0   48   -0.00000    0.08333      -     -    0s
     0     0    0.07407    0   66   -0.00000    0.07407      -     -    0s
     0     0    0.07407    0   64   -0.00000    0.07407      -     -    0s
     0     0    0.06250    0   55   -0.00000    0.06250      -     -    0s
     0     0    0.06250    0   60   -0.00000    0.06250      -     -    0s
     0     0    0.06250    0   58   -0.00000    0.06250      -     -    0s
     0     0    0.06250    0   52   -0.00000    0.06250      -     -    0s
     0     0    0.06250    0   56   -0.00000    0.06250      -     -    0s
     0     0    0.06250    0   57   -0.00000    0.06250      -     -    0s
     0     0    0.06250    0   53   -0.00000    0.06250      -     -    0s
     0     0    0.06250    0   54   -0.00000    0.06250      -     -    0s
     0     0    0.06250    0   56   -0.00000    0.06250      -     -    0s
     0     0    0.06250    0   56   -0.00000    0.06250      -     -    0s
H    0     0                       0.0031466    0.06250  1886%     -    0s
H    0     0                       0.0045890    0.06250  1262%     -    0s
H    0     0                       0.0049384    0.06250  1166%     -    0s
H    0     0                       0.0052753    0.06250  1085%     -    0s
     0     2    0.06250    0   46    0.00528    0.06250  1085%     -    0s
H  253   258                       0.0052753    0.06250  1085%  21.7    0s
H  294   327                       0.0057814    0.06250   981%  22.4    0s
H  820   810                       0.0057814    0.06250   981%  27.0    0s
H 1896  1432                       0.0074346    0.04105   452%  26.1    2s
H 2215  1504                       0.0082458    0.04105   398%  23.8    2s
H 2248  1443                       0.0082821    0.04105   396%  23.8    2s
H 3644  1252                       0.0113807    0.04105   261%  24.4    3s
H 3705  1139                       0.0119354    0.04105   244%  24.5    3s
H 3740  1148                       0.0119354    0.04105   244%  24.5    3s
  5381  1845    0.01785   23   58    0.01194    0.04105   244%  27.0    5s
 18254  7182    0.02060   36   48    0.01194    0.04105   244%  30.1   10s
H33996 12376                       0.0127016    0.04042   218%  30.4   14s
 33998 12507    0.01796   32   52    0.01270    0.04042   218%  30.4   15s
H34591 12660                       0.0127017    0.04040   218%  30.5   15s
*39539 13494             118       0.0138669    0.04001   188%  30.7   16s
H40944 13463                       0.0143355    0.03981   178%  30.9   17s
H43010 13890                       0.0144199    0.03967   175%  30.8   18s
 48513 15305    0.02086   24   55    0.01442    0.03911   171%  31.2   20s
H53767 16512                       0.0146245    0.03861   164%  31.6   21s
H58201 17194                       0.0152503    0.03832   151%  32.0   23s
 61928 18186     cutoff   33         0.01525    0.03799   149%  32.2   25s
H71089 20099                       0.0155437    0.03737   140%  32.4   28s
 72198 20583     cutoff   40         0.01554    0.03734   140%  32.5   30s
 86411 24397     cutoff   31         0.01554    0.03666   136%  32.8   35s
H90153 25074                       0.0155947    0.03644   134%  32.8   36s
 100658 27536    0.02430   37   60    0.01559    0.03592   130%  32.9   40s
 113815 30656    0.02926   27   58    0.01559    0.03538   127%  33.0   45s
 128675 34143    0.01617   37   37    0.01559    0.03489   124%  33.0   50s
 144032 37639    0.01785   30   50    0.01559    0.03443   121%  33.0   55s
 158300 41069     cutoff   27         0.01559    0.03405   118%  33.0   60s
 174083 44608     cutoff   38         0.01559    0.03372   116%  33.0   65s
 189275 47705    0.02303   34   62    0.01559    0.03342   114%  33.0   70s
 205228 51073    0.01758   32   53    0.01559    0.03310   112%  32.9   75s
 220165 54330    0.01613   30   58    0.01559    0.03280   110%  32.8   80s
H233636 56796                       0.0155948    0.03255   109%  32.7   84s
 234975 57019     cutoff   36         0.01559    0.03252   109%  32.7   85s
 250479 59914     cutoff   29         0.01559    0.03227   107%  32.6   90s
 265554 63110     cutoff   28         0.01559    0.03205   106%  32.5   95s
 277229 65380     cutoff   29         0.01559    0.03189   105%  32.5  100s
 293948 68981    0.02103   34   59    0.01559    0.03168   103%  32.4  105s
 308975 71991    0.02977   28   62    0.01559    0.03148   102%  32.3  110s
 324348 74815    0.02428   34   62    0.01559    0.03130   101%  32.2  115s
 340188 77805    0.02227   33   54    0.01559    0.03111   100%  32.1  120s
 354924 80358    0.01913   40   57    0.01559    0.03096  98.5%  32.1  125s
 371014 83216    0.01594   38   58    0.01559    0.03076  97.2%  32.0  130s
 386164 86310    0.02081   38   46    0.01559    0.03060  96.2%  31.9  135s
 403427 89547     cutoff   38         0.01559    0.03044  95.2%  31.8  140s
 420113 92836 infeasible   53         0.01559    0.03029  94.3%  31.7  145s
 436405 96164     cutoff   40         0.01559    0.03016  93.4%  31.6  150s
 449144 98402     cutoff   39         0.01559    0.03004  92.7%  31.6  155s
 464621 101318    0.01664   34   58    0.01559    0.02993  91.9%  31.5  160s
 480363 104042    0.02610   39   59    0.01559    0.02981  91.1%  31.4  165s
 492958 106327     cutoff   35         0.01559    0.02972  90.5%  31.4  170s
H496214 106937                       0.0155949    0.02969  90.4%  31.4  170s
H497317 106988                       0.0156166    0.02968  90.1%  31.4  171s
 507752 109223    0.02594   33   62    0.01562    0.02960  89.5%  31.4  175s
 524749 112455     cutoff   33         0.01562    0.02947  88.7%  31.3  180s
H531450 113797                       0.0156166    0.02943  88.4%  31.3  181s
H532537 113813                       0.0156263    0.02942  88.3%  31.2  182s
H533784 114012                       0.0156371    0.02941  88.1%  31.2  183s
H535089 113933                       0.0156788    0.02940  87.5%  31.2  184s
 535610 114067     cutoff   43         0.01568    0.02940  87.5%  31.2  185s
 548100 116208    0.02689   37   54    0.01568    0.02933  87.0%  31.2  190s
 560740 118641    0.01947   36   55    0.01568    0.02923  86.5%  31.1  195s
 576876 121237    0.01802   33   53    0.01568    0.02913  85.8%  31.1  200s
 592951 123785    0.02394   28   53    0.01568    0.02902  85.1%  31.0  205s
 610092 126724    0.02297   29   59    0.01568    0.02891  84.4%  30.9  210s
 626364 129668     cutoff   33         0.01568    0.02882  83.8%  30.9  215s
 641943 132107    0.02319   39   57    0.01568    0.02871  83.1%  30.8  220s
 656196 134318     cutoff   29         0.01568    0.02864  82.6%  30.8  225s
 670012 136924    0.02054   29   43    0.01568    0.02856  82.2%  30.7  230s
 686647 139609    0.01939   34   58    0.01568    0.02846  81.5%  30.7  235s
 703174 142503    0.01816   35   56    0.01568    0.02838  81.0%  30.6  240s
 719245 145017    0.01781   35   56    0.01568    0.02829  80.4%  30.6  245s
 735022 147496    0.02356   32   51    0.01568    0.02821  79.9%  30.6  250s
 751417 149871    0.01842   39   59    0.01568    0.02812  79.4%  30.5  255s
 768137 152764    0.01639   33   56    0.01568    0.02805  78.9%  30.4  260s
 785464 155961    0.02235   39   56    0.01568    0.02797  78.4%  30.4  265s
 801254 158216    0.01736   37   38    0.01568    0.02790  77.9%  30.4  270s
 818242 161229     cutoff   35         0.01568    0.02783  77.5%  30.3  275s
 834722 163904    0.02320   35   47    0.01568    0.02776  77.0%  30.3  280s
 851354 166635    0.02697   34   64    0.01568    0.02769  76.6%  30.3  285s
 867156 169123    0.02342   40   59    0.01568    0.02761  76.1%  30.2  290s
 883494 171665    0.01968   40   59    0.01568    0.02754  75.6%  30.2  295s
 899646 174144    0.02249   29   58    0.01568    0.02747  75.2%  30.2  300s

Cutting planes:
  Gomory: 4
  Implied bound: 21
  MIR: 2
  Flow cover: 14
  RLT: 76
  BQP: 17

Explored 912067 nodes (27490157 simplex iterations) in 304.88 seconds (236.27 work units)
Thread count was 4 (of 4 available processors)

Solution count 10: 0.0156788 0.0156371 0.0156263 ... 0.0143355

Optimization achieved user objective limit
Best objective 1.567881991595e-02, best bound 2.742543183150e-02, gap 74.9203%
{"verdict": "PROVED", "status": "BOUND_REACHED", "runtime": 304.88372707366943, "objval": 0.01567881991595171, "objbound": 0.027425431831504705, "binaries": 50}
