Set parameter NodefileStart to value 6
Read parameters from file gurobi.env
Restricted license - for non-production use only - expires 2027-11-29
Set parameter OutputFlag to value 1
Set parameter Threads to value 4
Set parameter TimeLimit to value 360
Set parameter MIPGap to value 5e-05
Set parameter MIPFocus to value 2
Set parameter NonConvex to value 2
Set parameter BestBdStop to value 2.7426211734693878e-02
Gurobi Optimizer version 13.0.3 build v13.0.3rc0 (linux64 - "Ubuntu 24.04.5 LTS")

CPU model: Intel(R) Xeon(R) 6973P-C, instruction set [SSE2|AVX|AVX2|AVX512]
Thread count: 2 physical cores, 4 logical processors, using up to 4 threads

Non-default parameters:
TimeLimit  360
BestBdStop  2.7426211734693878e-02
MIPGap  5e-05
MIPFocus  2
NodefileStart  6
NonConvex  2
Threads  4

Optimize a model with 141 rows, 111 columns and 810 nonzeros (Max)
Model fingerprint: 0xf5179df6
Model has 1 linear objective coefficients
Model has 50 quadratic constraints
Variable types: 65 continuous, 46 integer (46 binary)
Coefficient statistics:
  Matrix range     [5e-01, 1e+00]
  QMatrix range    [1e+00, 1e+00]
  QLMatrix range   [1e+00, 1e+00]
  Objective range  [1e+00, 1e+00]
  Bounds range     [5e-01, 1e+00]
  RHS range        [1e+00, 1e+00]

Found heuristic solution: objective -0.0000000
Presolve time: 0.00s
Presolved: 341 rows, 112 columns, 1210 nonzeros
Presolved model has 50 bilinear constraint(s)

Solving non-convex MIQCP to global optimality

Variable types: 66 continuous, 46 integer (46 binary)
Root relaxation presolve removed 50 rows and 1 columns
Root relaxation presolved: 291 rows, 111 columns, 1160 nonzeros


Root relaxation: objective 1.250000e-01, 96 iterations, 0.00 seconds (0.00 work units)

    Nodes    |    Current Node    |     Objective Bounds      |     Work
 Expl Unexpl |  Obj  Depth IntInf | Incumbent    BestBd   Gap | It/Node Time

     0     0    0.12500    0   48   -0.00000    0.12500      -     -    0s
     0     0    0.10000    0   73   -0.00000    0.10000      -     -    0s
     0     0    0.10000    0   60   -0.00000    0.10000      -     -    0s
     0     0    0.10000    0   49   -0.00000    0.10000      -     -    0s
     0     0    0.10000    0   47   -0.00000    0.10000      -     -    0s
     0     0    0.10000    0   44   -0.00000    0.10000      -     -    0s
     0     0    0.10000    0   43   -0.00000    0.10000      -     -    0s
     0     0    0.10000    0   43   -0.00000    0.10000      -     -    0s
     0     0    0.10000    0   43   -0.00000    0.10000      -     -    0s
     0     2    0.10000    0   43   -0.00000    0.10000      -     -    0s
H  332   326                       0.0000003    0.10000      -  20.6    0s
H 1156   982                       0.0000003    0.09854      -  18.9    0s
H 1156   933                       0.0000005    0.09854      -  18.9    0s
H 1410  1090                       0.0047785    0.09060  1796%  23.5    1s
H 1518  1076                       0.0064570    0.09060  1303%  23.3    1s
H 1567  1053                       0.0064851    0.09060  1297%  23.4    1s
H 1578  1008                       0.0065519    0.09060  1283%  23.2    1s
H 1882  1120                       0.0072166    0.09060  1155%  23.9    1s
* 1905  1075             133       0.0072194    0.09060  1155%  23.7    1s
* 1906  1041             133       0.0072194    0.09060  1155%  23.7    1s
H 2640  1352                       0.0073875    0.08902  1105%  23.7    1s
H 3037  1440                       0.0074144    0.08567  1055%  23.2    1s
H 3040  1438                       0.0074150    0.08567  1055%  23.2    1s
H 3065  1495                       0.0074151    0.08567  1055%  23.2    1s
* 3136  1495             142       0.0074156    0.08567  1055%  23.2    1s
H 4519  1898                       0.0079862    0.07622   854%  27.1    1s
H 7797  3528                       0.0085445    0.06952   714%  30.7    3s
H 8399  3767                       0.0089705    0.06849   664%  30.6    3s
H12033  5400                       0.0089950    0.06447   617%  31.6    4s
 15280  6852    0.02477   32   58    0.00899    0.06282   598%  32.2    5s
H20117  9103                       0.0090176    0.06078   574%  32.9    6s
H29388 13178                       0.0091743    0.05766   528%  32.7    8s
 37513 17066    0.00939   40   55    0.00917    0.05623   513%  32.7   10s
 56877 27086    0.02513   37   49    0.00917    0.05449   494%  32.6   15s
 76487 36396    0.05127   31   50    0.00917    0.05318   480%  32.4   20s
H93235 44509                       0.0091744    0.05239   471%  32.5   23s
 94975 45633    0.02229   33   53    0.00917    0.05235   471%  32.5   25s
 115911 55591    0.04634   30   55    0.00917    0.05142   460%  32.5   30s
 137940 65861    0.01253   39   44    0.00917    0.05073   453%  32.5   35s
 160923 76161    0.05007   29   59    0.00917    0.05008   446%  32.6   40s
 183136 86615    0.01353   43   51    0.00917    0.04948   439%  32.5   45s
 204074 96178    0.01951   40   51    0.00917    0.04899   434%  32.5   50s
 226400 106122    0.01409   39   50    0.00917    0.04833   427%  32.4   55s
 250335 116678    0.01074   48   53    0.00917    0.04783   421%  32.4   60s
 273733 127678    0.01181   45   41    0.00917    0.04741   417%  32.4   65s
 295696 137164    0.02096   38   56    0.00917    0.04705   413%  32.4   70s
 314031 146148    0.01995   49   50    0.00917    0.04678   410%  32.4   75s
 336243 156034    0.03910   38   54    0.00917    0.04643   406%  32.3   80s
 361100 166869    0.02980   30   51    0.00917    0.04605   402%  32.2   85s
 381694 176094    0.02934   38   53    0.00917    0.04577   399%  32.2   90s
 404740 185535     cutoff   40         0.00917    0.04548   396%  32.1   95s
 428504 195900    0.02032   37   48    0.00917    0.04530   394%  32.1  100s
 452193 206508    0.02052   35   55    0.00917    0.04508   391%  32.1  105s
 469710 214011    0.03513   42   53    0.00917    0.04490   389%  32.1  110s
 493779 223977     cutoff   49         0.00917    0.04463   386%  32.0  115s
 518799 233760    0.02049   39   51    0.00917    0.04437   384%  31.9  120s
 541782 243719    0.01452   47   54    0.00917    0.04413   381%  31.9  125s
 567246 254598    0.03906   34   51    0.00917    0.04390   378%  31.8  130s
 591583 264760    0.03370   38   51    0.00917    0.04369   376%  31.8  135s
 614459 274556    0.03852   34   56    0.00917    0.04352   374%  31.8  140s
 636706 283287    0.03160   36   51    0.00917    0.04334   372%  31.7  145s
 654551 290726    0.02224   33   49    0.00917    0.04322   371%  31.7  150s
 676698 299549    0.03981   34   58    0.00917    0.04305   369%  31.7  155s
 696287 307437     cutoff   40         0.00917    0.04293   368%  31.6  160s
 719448 317041    0.01072   46   50    0.00917    0.04277   366%  31.6  165s
 740547 325699     cutoff   40         0.00917    0.04265   365%  31.6  170s
 765692 335664    0.02240   41   50    0.00917    0.04248   363%  31.5  175s
 789860 345559    0.03962   36   59    0.00917    0.04232   361%  31.5  180s
 813628 355176    0.00927   40   51    0.00917    0.04217   360%  31.4  185s
 835392 364264 infeasible   46         0.00917    0.04205   358%  31.4  190s
H855426 371252                       0.0092518    0.04192   353%  31.3  194s
*856191 371525             130       0.0092653    0.04192   352%  31.3  194s
*856192 371525             130       0.0092653    0.04192   352%  31.3  194s
H857305 364305                       0.0096811    0.04191   333%  31.3  194s
 858236 364760    0.01387   41   52    0.00968    0.04191   333%  31.3  195s
 879088 372670    0.01542   42   50    0.00968    0.04179   332%  31.3  200s
 899868 381754     cutoff   49         0.00968    0.04168   330%  31.3  205s
 922766 390836    0.01359   44   51    0.00968    0.04156   329%  31.2  210s
 949481 401229    0.01703   41   50    0.00968    0.04143   328%  31.2  215s
 973532 410380    0.03338   37   53    0.00968    0.04130   327%  31.2  220s
 998832 420891    0.01648   44   51    0.00968    0.04117   325%  31.1  225s
 1019308 428886    0.02869   30   57    0.00968    0.04108   324%  31.1  230s
 1042445 437665    0.02966   32   54    0.00968    0.04097   323%  31.1  235s
 1067681 447340     cutoff   36         0.00968    0.04085   322%  31.0  240s
 1088619 456173    0.01260   38   44    0.00968    0.04077   321%  31.0  245s
 1109637 464115    0.01383   41   46    0.00968    0.04068   320%  31.0  250s
 1133322 473671    0.02875   41   53    0.00968    0.04058   319%  31.0  255s
 1157048 482715    0.01096   38   52    0.00968    0.04047   318%  31.0  260s
 1181685 491917     cutoff   50         0.00968    0.04035   317%  31.0  265s
 1205143 501134    0.02405   31   61    0.00968    0.04025   316%  30.9  270s
 1222374 508040    0.01568   42   44    0.00968    0.04019   315%  30.9  275s
 1246195 517159    0.01095   43   42    0.00968    0.04010   314%  30.9  280s
 1269045 525920    0.01686   41   53    0.00968    0.04002   313%  30.9  285s
 1292368 534752     cutoff   48         0.00968    0.03994   313%  30.8  290s
 1310174 541652     cutoff   43         0.00968    0.03987   312%  30.8  295s
 1337013 552012    0.02206   39   52    0.00968    0.03977   311%  30.8  300s
 1364400 562210     cutoff   36         0.00968    0.03967   310%  30.8  305s
 1383841 571481    0.01961   36   51    0.00968    0.03961   309%  30.8  310s
H1400319 575422                       0.0097049    0.03956   308%  30.7  313s
 1406749 577981    0.03949   36   62    0.00970    0.03953   307%  30.7  315s
 1429264 586391    0.00982   43   45    0.00970    0.03945   306%  30.7  320s
 1452577 595241    0.03054   39   52    0.00970    0.03938   306%  30.7  325s
 1477326 604736    0.01258   43   50    0.00970    0.03930   305%  30.7  330s
 1498486 612669     cutoff   44         0.00970    0.03924   304%  30.6  335s
 1524033 622407     cutoff   39         0.00970    0.03916   303%  30.6  340s
 1548622 631832    0.01470   38   47    0.00970    0.03909   303%  30.6  345s
 1567115 638639    0.02799   35   50    0.00970    0.03903   302%  30.6  350s
 1590774 647661 infeasible   42         0.00970    0.03896   301%  30.6  355s
 1614292 655951    0.03098   40   52    0.00970    0.03890   301%  30.5  360s

Cutting planes:
  Gomory: 9
  Implied bound: 20
  MIR: 4
  Flow cover: 47
  RLT: 110
  Relax-and-lift: 14
  BQP: 25

Explored 1614308 nodes (49290234 simplex iterations) in 360.00 seconds (433.07 work units)
Thread count was 4 (of 4 available processors)

Solution count 10: 0.00970491 0.00968108 0.00926533 ... 0.00798624

Time limit reached
Best objective 9.704913075715e-03, best bound 3.890170754545e-02, gap 300.8455%
{"verdict": "UNRESOLVED", "status": "TIME_LIMIT", "runtime": 360.0016839504242, "objval": 0.009704913075714732, "objbound": 0.03890170754544575, "binaries": 46}
