Set parameter NodefileStart to value 6
Read parameters from file gurobi.env
Restricted license - for non-production use only - expires 2027-11-29
Set parameter OutputFlag to value 1
Set parameter Threads to value 4
Set parameter TimeLimit to value 360
Set parameter MIPGap to value 5e-05
Set parameter MIPFocus to value 2
Set parameter NonConvex to value 2
Set parameter BestBdStop to value 2.7426211734693878e-02
Gurobi Optimizer version 13.0.3 build v13.0.3rc0 (linux64 - "Ubuntu 24.04.5 LTS")

CPU model: AMD EPYC 7763 64-Core Processor, instruction set [SSE2|AVX|AVX2]
Thread count: 2 physical cores, 4 logical processors, using up to 4 threads

Non-default parameters:
TimeLimit  360
BestBdStop  2.7426211734693878e-02
MIPGap  5e-05
MIPFocus  2
NodefileStart  6
NonConvex  2
Threads  4

Optimize a model with 129 rows, 99 columns and 714 nonzeros (Max)
Model fingerprint: 0x94402b79
Model has 1 linear objective coefficients
Model has 50 quadratic constraints
Variable types: 65 continuous, 34 integer (34 binary)
Coefficient statistics:
  Matrix range     [5e-01, 1e+00]
  QMatrix range    [1e+00, 1e+00]
  QLMatrix range   [1e+00, 1e+00]
  Objective range  [1e+00, 1e+00]
  Bounds range     [5e-01, 1e+00]
  RHS range        [1e+00, 1e+00]

Found heuristic solution: objective -0.0000000
Presolve time: 0.00s
Presolved: 329 rows, 100 columns, 1114 nonzeros
Presolved model has 50 bilinear constraint(s)

Solving non-convex MIQCP to global optimality

Variable types: 66 continuous, 34 integer (34 binary)
Root relaxation presolve removed 50 rows and 1 columns
Root relaxation presolved: 279 rows, 99 columns, 1064 nonzeros


Root relaxation: objective 1.071429e-01, 110 iterations, 0.00 seconds (0.00 work units)

    Nodes    |    Current Node    |     Objective Bounds      |     Work
 Expl Unexpl |  Obj  Depth IntInf | Incumbent    BestBd   Gap | It/Node Time

     0     0    0.10714    0   57   -0.00000    0.10714      -     -    0s
     0     0    0.05000    0   52   -0.00000    0.05000      -     -    0s
     0     0    0.03750    0   54   -0.00000    0.03750      -     -    0s
     0     0    0.03750    0   55   -0.00000    0.03750      -     -    0s
     0     0    0.03750    0   55   -0.00000    0.03750      -     -    0s
     0     0    0.03750    0   55   -0.00000    0.03750      -     -    0s
     0     0    0.03750    0   54   -0.00000    0.03750      -     -    0s
     0     0    0.03748    0   54   -0.00000    0.03748      -     -    0s
     0     0    0.03704    0   53   -0.00000    0.03704      -     -    0s
     0     0    0.03704    0   52   -0.00000    0.03704      -     -    0s
     0     0    0.03704    0   52   -0.00000    0.03704      -     -    0s
     0     0    0.03704    0   52   -0.00000    0.03704      -     -    0s
     0     2    0.03704    0   52   -0.00000    0.03704      -     -    0s
*  731   637             102       0.0000000    0.03591      -  30.8    0s
*  736   637             103       0.0000000    0.03591      -  30.7    0s
H 1029   916                       0.0000000    0.03591      -  31.1    0s
* 1041   900              95       0.0000001    0.03591      -  30.8    0s
* 1055   900              99       0.0000002    0.03591      -  30.5    0s
H 1227   925                       0.0000005    0.03530      -  30.6    1s

Cutting planes:
  Gomory: 10
  RLT: 24
  BQP: 5

Explored 1240 nodes (38307 simplex iterations) in 1.44 seconds (0.84 work units)
Thread count was 4 (of 4 available processors)

Solution count 7: 5.27446e-07 5.27446e-07 1.09024e-07 ... -0

Optimization achieved user objective limit
Best objective 5.274458155236e-07, best bound 2.732796104673e-02, gap -
{"verdict": "PROVED", "status": "BOUND_REACHED", "runtime": 1.4432439804077148, "objval": 5.27445815523553e-07, "objbound": 0.02732796104672859, "binaries": 34}
