Set parameter NodefileStart to value 6
Read parameters from file gurobi.env
Restricted license - for non-production use only - expires 2027-11-29
Set parameter OutputFlag to value 1
Set parameter Threads to value 4
Set parameter TimeLimit to value 360
Set parameter MIPGap to value 5e-05
Set parameter MIPFocus to value 2
Set parameter NonConvex to value 2
Set parameter BestBdStop to value 2.7426211734693878e-02
Gurobi Optimizer version 13.0.3 build v13.0.3rc0 (linux64 - "Ubuntu 24.04.5 LTS")

CPU model: AMD EPYC 7763 64-Core Processor, instruction set [SSE2|AVX|AVX2]
Thread count: 2 physical cores, 4 logical processors, using up to 4 threads

Non-default parameters:
TimeLimit  360
BestBdStop  2.7426211734693878e-02
MIPGap  5e-05
MIPFocus  2
NodefileStart  6
NonConvex  2
Threads  4

Optimize a model with 149 rows, 119 columns and 871 nonzeros (Max)
Model fingerprint: 0xdadfc895
Model has 1 linear objective coefficients
Model has 50 quadratic constraints
Variable types: 65 continuous, 54 integer (54 binary)
Coefficient statistics:
  Matrix range     [5e-01, 1e+00]
  QMatrix range    [1e+00, 1e+00]
  QLMatrix range   [1e+00, 1e+00]
  Objective range  [1e+00, 1e+00]
  Bounds range     [5e-01, 1e+00]
  RHS range        [1e+00, 1e+00]

Found heuristic solution: objective -0.0000000
Presolve time: 0.00s
Presolved: 349 rows, 120 columns, 1271 nonzeros
Presolved model has 50 bilinear constraint(s)

Solving non-convex MIQCP to global optimality

Variable types: 66 continuous, 54 integer (54 binary)
Root relaxation presolve removed 72 rows and 12 columns
Root relaxation presolved: 277 rows, 108 columns, 1089 nonzeros


Root relaxation: objective 7.142857e-02, 86 iterations, 0.00 seconds (0.00 work units)

    Nodes    |    Current Node    |     Objective Bounds      |     Work
 Expl Unexpl |  Obj  Depth IntInf | Incumbent    BestBd   Gap | It/Node Time

     0     0    0.07143    0   44   -0.00000    0.07143      -     -    0s
     0     0    0.06250    0   68   -0.00000    0.06250      -     -    0s
     0     0    0.06250    0   60   -0.00000    0.06250      -     -    0s
     0     0    0.06250    0   51   -0.00000    0.06250      -     -    0s
H    0     0                       0.0000000    0.06250      -     -    0s
H    0     0                       0.0000000    0.06250      -     -    0s
     0     0    0.06250    0   48    0.00000    0.06250      -     -    0s
     0     0    0.06250    0   44    0.00000    0.06250      -     -    0s
     0     0    0.06250    0   44    0.00000    0.06250      -     -    0s
     0     0    0.06250    0   48    0.00000    0.06250      -     -    0s
     0     0    0.06250    0   42    0.00000    0.06250      -     -    0s
     0     0    0.06250    0   41    0.00000    0.06250      -     -    0s
     0     0    0.06250    0   41    0.00000    0.06250      -     -    0s
H    0     0                       0.0051923    0.06250  1104%     -    0s
H    0     0                       0.0055147    0.06250  1033%     -    0s
H    0     0                       0.0073052    0.06250   756%     -    0s
H    0     0                       0.0078125    0.06250   700%     -    0s
H    0     0                       0.0100446    0.06250   522%     -    0s
H    0     0                       0.0101562    0.06250   515%     -    0s
     0     2    0.06191    0   60    0.01016    0.06191   510%     -    0s
H  316   317                       0.0112748    0.06191   449%  28.9    0s
H 1575  1182                       0.0137648    0.04673   240%  27.1    2s
H 1659  1161                       0.0137648    0.04673   240%  26.8    2s
H 1860  1226                       0.0137648    0.04673   240%  26.0    2s
H 2100  1270                       0.0137648    0.04673   240%  25.8    2s
H 2215  1242                       0.0137648    0.04673   240%  26.0    2s
H 3472  1368                       0.0161317    0.04325   168%  23.1    2s
H 3618  1427                       0.0161317    0.04322   168%  23.3    2s
H 6653  2315                       0.0169172    0.04093   142%  24.2    4s
* 6941  1931              90       0.0198327    0.04088   106%  24.0    4s
 10146  2595    0.02686   28   54    0.01983    0.03889  96.1%  24.1    5s
H13892  2915                       0.0204285    0.03758  84.0%  24.4    6s
 27019  5009    0.03438   23   57    0.02043    0.03485  70.6%  23.2   10s
 47762  7896    0.02787   25   44    0.02043    0.03312  62.1%  21.8   15s
 72745 10578    0.02742   27   51    0.02043    0.03155  54.4%  21.0   20s
H78414 10658                       0.0206715    0.03120  50.9%  20.9   21s
H79719 10770                       0.0206716    0.03114  50.6%  20.9   21s
 95435 12319    0.03048   32   42    0.02067    0.03049  47.5%  20.5   25s
 118614 14160 infeasible   47         0.02067    0.02952  42.8%  20.1   30s
 142443 15609     cutoff   28         0.02067    0.02861  38.4%  19.6   35s
 167886 16865    0.02278   28   39    0.02067    0.02778  34.4%  19.2   40s

Cutting planes:
  Gomory: 4
  Implied bound: 9
  MIR: 4
  Flow cover: 8
  RLT: 50
  Relax-and-lift: 4
  BQP: 10

Explored 180564 nodes (3440953 simplex iterations) in 42.28 seconds (44.59 work units)
Thread count was 4 (of 4 available processors)

Solution count 10: 0.0206716 0.0204285 0.0198327 ... 0.0101562

Optimization achieved user objective limit
Best objective 2.067154899585e-02, best bound 2.741555337970e-02, gap 32.6246%
{"verdict": "PROVED", "status": "BOUND_REACHED", "runtime": 42.28061604499817, "objval": 0.02067154899585237, "objbound": 0.027415553379701977, "binaries": 54}
