Set parameter NodefileStart to value 6
Read parameters from file gurobi.env
Restricted license - for non-production use only - expires 2027-11-29
Set parameter OutputFlag to value 1
Set parameter Threads to value 4
Set parameter TimeLimit to value 360
Set parameter MIPGap to value 5e-05
Set parameter MIPFocus to value 2
Set parameter NonConvex to value 2
Set parameter BestBdStop to value 2.7426211734693878e-02
Gurobi Optimizer version 13.0.3 build v13.0.3rc0 (linux64 - "Ubuntu 24.04.5 LTS")

CPU model: AMD EPYC 7763 64-Core Processor, instruction set [SSE2|AVX|AVX2]
Thread count: 2 physical cores, 4 logical processors, using up to 4 threads

Non-default parameters:
TimeLimit  360
BestBdStop  2.7426211734693878e-02
MIPGap  5e-05
MIPFocus  2
NodefileStart  6
NonConvex  2
Threads  4

Optimize a model with 141 rows, 111 columns and 810 nonzeros (Max)
Model fingerprint: 0x176d5ea9
Model has 1 linear objective coefficients
Model has 50 quadratic constraints
Variable types: 65 continuous, 46 integer (46 binary)
Coefficient statistics:
  Matrix range     [5e-01, 1e+00]
  QMatrix range    [1e+00, 1e+00]
  QLMatrix range   [1e+00, 1e+00]
  Objective range  [1e+00, 1e+00]
  Bounds range     [5e-01, 1e+00]
  RHS range        [1e+00, 1e+00]

Found heuristic solution: objective -0.0000000
Presolve time: 0.00s
Presolved: 341 rows, 112 columns, 1210 nonzeros
Presolved model has 50 bilinear constraint(s)

Solving non-convex MIQCP to global optimality

Variable types: 66 continuous, 46 integer (46 binary)
Root relaxation presolve removed 50 rows and 1 columns
Root relaxation presolved: 291 rows, 111 columns, 1160 nonzeros


Root relaxation: objective 8.333333e-02, 106 iterations, 0.00 seconds (0.00 work units)

    Nodes    |    Current Node    |     Objective Bounds      |     Work
 Expl Unexpl |  Obj  Depth IntInf | Incumbent    BestBd   Gap | It/Node Time

     0     0    0.08333    0   49   -0.00000    0.08333      -     -    0s
H    0     0                       0.0000000    0.08333      -     -    0s
     0     0    0.07143    0   71    0.00000    0.07143      -     -    0s
     0     0    0.07143    0   65    0.00000    0.07143      -     -    0s
     0     0    0.07143    0   64    0.00000    0.07143      -     -    0s
     0     0    0.07143    0   66    0.00000    0.07143      -     -    0s
     0     0    0.07143    0   70    0.00000    0.07143      -     -    0s
     0     0    0.07143    0   63    0.00000    0.07143      -     -    0s
     0     0    0.07143    0   62    0.00000    0.07143      -     -    0s
     0     0    0.07143    0   62    0.00000    0.07143      -     -    0s
     0     0    0.07143    0   61    0.00000    0.07143      -     -    0s
     0     0    0.07143    0   65    0.00000    0.07143      -     -    0s
     0     0    0.07143    0   51    0.00000    0.07143      -     -    0s
     0     0    0.07143    0   54    0.00000    0.07143      -     -    0s
     0     0    0.07143    0   47    0.00000    0.07143      -     -    0s
     0     0    0.07143    0   61    0.00000    0.07143      -     -    0s
     0     0    0.07143    0   49    0.00000    0.07143      -     -    0s
     0     0    0.07143    0   49    0.00000    0.07143      -     -    0s
     0     0    0.07143    0   49    0.00000    0.07143      -     -    0s
     0     2    0.07143    0   49    0.00000    0.07143      -     -    0s
H   22    35                       0.0000000    0.07143      -  28.3    0s
H  102   113                       0.0000000    0.07143      -  30.4    0s
H  781   739                       0.0000000    0.07143      -  28.0    1s
* 1622  1256              73       0.0000009    0.06018      -  27.9    2s
* 1627  1207              73       0.0000011    0.06018      -  27.9    2s
H 1715  1204                       0.0000011    0.06018      -  27.1    2s
* 1748  1149              74       0.0000019    0.06018      -  26.7    2s
* 1749  1108              74       0.0000019    0.06018      -  26.7    2s
* 1754  1067              74       0.0000019    0.06018      -  26.6    2s
* 1756  1031              74       0.0000019    0.06018      -  26.6    2s
 11544  7594    0.00419   38   49    0.00000    0.03961      -  25.9    5s
 32198 22317    0.01907   33   50    0.00000    0.03714      -  27.1   10s
 53561 35645    0.00101   45   17    0.00000    0.03573      -  27.0   15s
 75135 49656    0.01562   32   55    0.00000    0.03503      -  27.2   20s
 98673 65744    0.01023   48   52    0.00000    0.03454      -  27.3   25s
 119559 79854    0.00325   42   44    0.00000    0.03423      -  27.5   30s
 140418 93917    0.00001   78   47    0.00000    0.03396      -  27.8   35s
H152507 99633                       0.0000028    0.03385      -  27.8   38s
 161143 105231    0.00037   44   38    0.00000    0.03378      -  27.8   40s
 183048 119858 infeasible   45         0.00000    0.03356      -  27.6   45s
 204120 133681    0.00310   54   50    0.00000    0.03336      -  27.7   50s
 226742 148625    0.00001   74   42    0.00000    0.03313      -  27.8   55s
 248132 161802    0.00657   36   38    0.00000    0.03295      -  27.7   60s
 268946 175383    0.00004   86   37    0.00000    0.03280      -  27.8   65s
 289180 188273    0.00024   64   44    0.00000    0.03268      -  27.9   70s
 309854 202131    0.00000   94   30    0.00000    0.03252      -  28.0   75s
 331145 215467    0.00000   63   24    0.00000    0.03238      -  27.9   80s
 351910 229045    0.00000   86   41    0.00000    0.03225      -  28.0   85s
 371968 241117    0.00096   57   27    0.00000    0.03215      -  28.0   90s
 393064 254053     cutoff   65         0.00000    0.03203      -  28.0   95s
 413980 267997    0.01946   43   52    0.00000    0.03193      -  28.0  100s
 436992 283373    0.00030   56   38    0.00000    0.03182      -  28.0  105s
 454339 295486    0.00001   96   18    0.00000    0.03182      -  27.9  110s
 473376 307137    0.00167   60   50    0.00000    0.03175      -  27.8  115s
 490963 318789    0.00383   57   52    0.00000    0.03171      -  27.8  120s
 511038 332253    0.00000   99   32    0.00000    0.03167      -  27.9  125s
 531670 345790    0.02173   35   52    0.00000    0.03162      -  28.0  130s
 553647 360363    0.03151   36   52    0.00000    0.03156      -  28.0  135s
 574560 373558    0.00281   55   50    0.00000    0.03150      -  28.0  140s
 595046 386371    0.00007   94   38    0.00000    0.03146      -  28.0  145s
 614491 398956    0.00007   76   46    0.00000    0.03141      -  28.0  150s
 635328 411993    0.00689   52   38    0.00000    0.03136      -  28.0  155s
 655771 424919    0.00008   71   51    0.00000    0.03131      -  28.0  160s
 676619 438221    0.02714   33   57    0.00000    0.03127      -  28.1  165s
 697884 450991     cutoff   82         0.00000    0.03121      -  28.1  170s
 718204 464123    0.01070   38   55    0.00000    0.03115      -  28.2  175s
 736502 475237     cutoff   45         0.00000    0.03112      -  28.2  180s
 757954 488697    0.00316   59   50    0.00000    0.03107      -  28.2  185s
 778451 502384    0.02987   36   53    0.00000    0.03102      -  28.2  190s
 798580 515137    0.00344   47   41    0.00000    0.03099      -  28.2  195s
 820883 529185    0.00053   56   43    0.00000    0.03096      -  28.2  200s
 841160 541424    0.00406   52   44    0.00000    0.03091      -  28.2  205s
 861402 554465    0.00000   76   43    0.00000    0.03088      -  28.2  210s
 882387 567389    0.02290   40   54    0.00000    0.03084      -  28.2  215s
 901200 578884    0.00004   84   50    0.00000    0.03081      -  28.2  220s
 918219 589444    0.00011   56   43    0.00000    0.03079      -  28.2  225s
 934435 599689    0.00001  104   48    0.00000    0.03077      -  28.3  230s
 955658 613405     cutoff   62         0.00000    0.03074      -  28.3  235s
 974973 625466    0.00279   44   50    0.00000    0.03072      -  28.3  240s
 993553 636977    0.02001   38   57    0.00000    0.03069      -  28.3  245s
 1014212 650686    0.01933   48   51    0.00000    0.03067      -  28.3  250s
 1034424 664395     cutoff  124         0.00000    0.03064      -  28.3  255s
 1054813 676563    0.02472   35   53    0.00000    0.03060      -  28.3  260s
 1075263 689117    0.00780   46   53    0.00000    0.03057      -  28.3  265s
 1097434 702597    0.00814   39   51    0.00000    0.03054      -  28.3  270s
 1114971 713621 infeasible   44         0.00000    0.03052      -  28.3  275s
 1135166 726036    0.00924   40   51    0.00000    0.03049      -  28.3  280s
 1157029 739074    0.00232   51   50    0.00000    0.03045      -  28.3  285s
 1177406 752033    0.00056   60   51    0.00000    0.03042      -  28.4  290s
 1197546 764289    0.00089   71   51    0.00000    0.03039      -  28.4  295s
 1217352 776531    0.01055   43   53    0.00000    0.03036      -  28.4  300s
 1236863 788171    0.00002   93   47    0.00000    0.03034      -  28.4  305s
 1257312 801099    0.01828   38   39    0.00000    0.03032      -  28.4  310s
 1278055 814418     cutoff   99         0.00000    0.03029      -  28.4  315s
 1299588 827447    0.00046   45   40    0.00000    0.03027      -  28.3  320s
 1319848 839847    0.00211   53   50    0.00000    0.03024      -  28.4  325s
 1339658 852073    0.00000  120   46    0.00000    0.03021      -  28.4  330s
 1357459 862740    0.00425   49   53    0.00000    0.03019      -  28.4  335s
 1370229 871446    0.00001   50   26    0.00000    0.03018      -  28.4  340s
 1390698 884141    0.00139   49   50    0.00000    0.03016      -  28.4  345s
 1412528 897253    0.00058   53   51    0.00000    0.03013      -  28.4  350s
 1433538 910761     cutoff   49         0.00000    0.03011      -  28.4  355s
 1453590 923000     cutoff   59         0.00000    0.03008      -  28.4  360s

Cutting planes:
  Gomory: 7
  Lift-and-project: 1
  Implied bound: 11
  MIR: 6
  Flow cover: 29
  RLT: 78
  Relax-and-lift: 5
  BQP: 22

Explored 1453834 nodes (41248581 simplex iterations) in 360.00 seconds (357.40 work units)
Thread count was 4 (of 4 available processors)

Solution count 10: 2.80662e-06 2.80662e-06 1.90814e-06 ... 1.29267e-08

Time limit reached
Best objective 2.806619373044e-06, best bound 3.008331771139e-02, gap 1071770.2365%
{"verdict": "UNRESOLVED", "status": "TIME_LIMIT", "runtime": 360.00257205963135, "objval": 2.8066193730439392e-06, "objbound": 0.030083317711387617, "binaries": 46}
