Set parameter NodefileStart to value 6
Read parameters from file gurobi.env
Restricted license - for non-production use only - expires 2027-11-29
Set parameter OutputFlag to value 1
Set parameter Threads to value 4
Set parameter TimeLimit to value 360
Set parameter MIPGap to value 5e-05
Set parameter MIPFocus to value 2
Set parameter NonConvex to value 2
Set parameter BestBdStop to value 2.7426211734693878e-02
Gurobi Optimizer version 13.0.3 build v13.0.3rc0 (linux64 - "Ubuntu 24.04.5 LTS")

CPU model: AMD EPYC 9V45 96-Core Processor, instruction set [SSE2|AVX|AVX2|AVX512]
Thread count: 2 physical cores, 4 logical processors, using up to 4 threads

Non-default parameters:
TimeLimit  360
BestBdStop  2.7426211734693878e-02
MIPGap  5e-05
MIPFocus  2
NodefileStart  6
NonConvex  2
Threads  4

Optimize a model with 153 rows, 123 columns and 897 nonzeros (Max)
Model fingerprint: 0x6a08f148
Model has 1 linear objective coefficients
Model has 50 quadratic constraints
Variable types: 65 continuous, 58 integer (58 binary)
Coefficient statistics:
  Matrix range     [5e-01, 1e+00]
  QMatrix range    [1e+00, 1e+00]
  QLMatrix range   [1e+00, 1e+00]
  Objective range  [1e+00, 1e+00]
  Bounds range     [5e-01, 1e+00]
  RHS range        [1e+00, 1e+00]

Found heuristic solution: objective -0.0000000
Presolve time: 0.00s
Presolved: 353 rows, 124 columns, 1297 nonzeros
Presolved model has 50 bilinear constraint(s)

Solving non-convex MIQCP to global optimality

Variable types: 66 continuous, 58 integer (58 binary)
Root relaxation presolve removed 78 rows and 15 columns
Root relaxation presolved: 275 rows, 109 columns, 1081 nonzeros


Root relaxation: objective 1.000000e-01, 106 iterations, 0.00 seconds (0.00 work units)

    Nodes    |    Current Node    |     Objective Bounds      |     Work
 Expl Unexpl |  Obj  Depth IntInf | Incumbent    BestBd   Gap | It/Node Time

     0     0    0.10000    0   56   -0.00000    0.10000      -     -    0s
     0     0    0.08333    0   51   -0.00000    0.08333      -     -    0s
     0     0    0.07143    0   51   -0.00000    0.07143      -     -    0s
     0     0    0.06897    0   59   -0.00000    0.06897      -     -    0s
     0     0    0.06897    0   56   -0.00000    0.06897      -     -    0s
     0     0    0.06897    0   61   -0.00000    0.06897      -     -    0s
     0     0    0.06897    0   61   -0.00000    0.06897      -     -    0s
     0     0    0.06887    0   69   -0.00000    0.06887      -     -    0s
     0     0    0.06887    0   69   -0.00000    0.06887      -     -    0s
     0     0    0.06667    0   69   -0.00000    0.06667      -     -    0s
     0     0    0.06667    0   70   -0.00000    0.06667      -     -    0s
     0     0    0.06667    0   70   -0.00000    0.06667      -     -    0s
     0     0    0.06667    0   58   -0.00000    0.06667      -     -    0s
     0     0    0.06667    0   66   -0.00000    0.06667      -     -    0s
     0     0    0.06667    0   67   -0.00000    0.06667      -     -    0s
     0     0    0.06667    0   63   -0.00000    0.06667      -     -    0s
     0     0    0.06667    0   59   -0.00000    0.06667      -     -    0s
     0     0    0.06667    0   58   -0.00000    0.06667      -     -    0s
     0     0    0.06667    0   58   -0.00000    0.06667      -     -    0s
     0     2    0.06667    0   58   -0.00000    0.06667      -     -    0s
*  935   751              78       0.0000000    0.06250      -  22.5    0s
H 1032   765                       0.0000000    0.06250      -  23.4    0s
H 1221   880                       0.0000234    0.04334      -  24.0    1s
H 1223   837                       0.0000863    0.04316      -  24.0    1s
H 1479   986                       0.0000863    0.04316      -  24.7    2s
H 1491   942                       0.0000863    0.04316      -  24.5    2s
* 2077  1083              82       0.0012580    0.04316  3331%  22.5    2s
H 2101  1011                       0.0019889    0.04316  2070%  22.6    2s
H 2324  1056                       0.0021103    0.04316  1945%  24.1    2s
H 2449  1044                       0.0021103    0.04316  1945%  24.4    2s
H 2475   996                       0.0022915    0.04316  1783%  24.7    2s
H 2544   988                       0.0022918    0.04316  1783%  25.1    2s
H 2553  1013                       0.0023184    0.04316  1762%  25.2    2s
H 2651   976                       0.0025596    0.04316  1586%  25.8    2s
H 2927  1121                       0.0027443    0.04316  1473%  26.2    2s
H 3060  1196                       0.0028156    0.04316  1433%  26.6    2s
H 3110  1196                       0.0028611    0.04316  1408%  26.6    2s
H 3275  1134                       0.0043825    0.04316   885%  27.3    2s
H 4317  1686                       0.0044391    0.04316   872%  29.5    2s
H 5410  2193                       0.0045296    0.04316   853%  31.4    2s
H 6031  2399                       0.0050487    0.04250   742%  32.1    3s
H 7108  2751                       0.0053995    0.04130   665%  33.3    3s
H 8112  3391                       0.0053998    0.04059   652%  34.2    3s
H 8180  3391                       0.0054001    0.04059   652%  34.2    3s
H 8757  3479                       0.0060197    0.04015   567%  34.5    3s
H 8999  3565                       0.0061533    0.04004   551%  34.5    3s
H 9487  3716                       0.0061884    0.03988   544%  34.7    3s
H 9708  3871                       0.0062699    0.03975   534%  34.9    3s
H 9855  3857                       0.0063418    0.03971   526%  35.1    3s
H11052  4311                       0.0063637    0.03908   514%  35.6    4s
H12416  4229                       0.0089565    0.03849   330%  36.0    4s
H13375  4501                       0.0089622    0.03803   324%  36.2    4s
H14313  4761                       0.0089622    0.03752   319%  36.4    4s
 14416  4898    0.01926   35   52    0.00896    0.03752   319%  36.5    5s
 32809 10102    0.02919   28   70    0.00896    0.03318   270%  36.9   10s
 56350 16859    0.00936   39   52    0.00896    0.03064   242%  37.2   15s
 80772 23380    0.01174   36   57    0.00896    0.02899   224%  37.3   20s
 104926 29487    0.02322   27   51    0.00896    0.02785   211%  37.4   25s

Cutting planes:
  Gomory: 9
  Implied bound: 12
  MIR: 4
  Mixing: 1
  Flow cover: 18
  RLT: 77
  Relax-and-lift: 3
  BQP: 13

Explored 115842 nodes (4330067 simplex iterations) in 27.61 seconds (36.79 work units)
Thread count was 4 (of 4 available processors)

Solution count 10: 0.00896219 0.00895655 0.00636366 ... 0.00539978

Optimization achieved user objective limit
Best objective 8.962192329222e-03, best bound 2.742621005462e-02, gap 206.0212%
{"verdict": "PROVED", "status": "BOUND_REACHED", "runtime": 27.610666036605835, "objval": 0.008962192329221574, "objbound": 0.02742621005462293, "binaries": 58}
