Set parameter NodefileStart to value 6
Read parameters from file gurobi.env
Restricted license - for non-production use only - expires 2027-11-29
Set parameter OutputFlag to value 1
Set parameter Threads to value 4
Set parameter TimeLimit to value 360
Set parameter MIPGap to value 5e-05
Set parameter MIPFocus to value 2
Set parameter NonConvex to value 2
Set parameter BestBdStop to value 2.7426211734693878e-02
Gurobi Optimizer version 13.0.3 build v13.0.3rc0 (linux64 - "Ubuntu 24.04.5 LTS")

CPU model: AMD EPYC 7763 64-Core Processor, instruction set [SSE2|AVX|AVX2]
Thread count: 2 physical cores, 4 logical processors, using up to 4 threads

Non-default parameters:
TimeLimit  360
BestBdStop  2.7426211734693878e-02
MIPGap  5e-05
MIPFocus  2
NodefileStart  6
NonConvex  2
Threads  4

Optimize a model with 141 rows, 111 columns and 810 nonzeros (Max)
Model fingerprint: 0x9ddb25c2
Model has 1 linear objective coefficients
Model has 50 quadratic constraints
Variable types: 65 continuous, 46 integer (46 binary)
Coefficient statistics:
  Matrix range     [5e-01, 1e+00]
  QMatrix range    [1e+00, 1e+00]
  QLMatrix range   [1e+00, 1e+00]
  Objective range  [1e+00, 1e+00]
  Bounds range     [5e-01, 1e+00]
  RHS range        [1e+00, 1e+00]

Found heuristic solution: objective -0.0000000
Presolve time: 0.00s
Presolved: 341 rows, 112 columns, 1210 nonzeros
Presolved model has 50 bilinear constraint(s)

Solving non-convex MIQCP to global optimality

Variable types: 66 continuous, 46 integer (46 binary)
Root relaxation presolve removed 50 rows and 1 columns
Root relaxation presolved: 291 rows, 111 columns, 1160 nonzeros


Root relaxation: objective 8.333333e-02, 116 iterations, 0.00 seconds (0.00 work units)

    Nodes    |    Current Node    |     Objective Bounds      |     Work
 Expl Unexpl |  Obj  Depth IntInf | Incumbent    BestBd   Gap | It/Node Time

     0     0    0.08333    0   58   -0.00000    0.08333      -     -    0s
     0     0    0.07143    0   61   -0.00000    0.07143      -     -    0s
     0     0    0.07143    0   66   -0.00000    0.07143      -     -    0s
H    0     0                       0.0000000    0.07143      -     -    0s
     0     0    0.07143    0   66    0.00000    0.07143      -     -    0s
     0     0    0.07143    0   48    0.00000    0.07143      -     -    0s
     0     0    0.07143    0   50    0.00000    0.07143      -     -    0s
     0     0    0.07143    0   51    0.00000    0.07143      -     -    0s
H    0     0                       0.0000003    0.07143      -     -    0s
     0     0    0.07143    0   50    0.00000    0.07143      -     -    0s
     0     0    0.07143    0   48    0.00000    0.07143      -     -    0s
     0     0    0.07143    0   53    0.00000    0.07143      -     -    0s
     0     0    0.07143    0   53    0.00000    0.07143      -     -    0s
     0     2    0.07143    0   53    0.00000    0.07143      -     -    0s
* 1749  1289              83       0.0000004    0.07143      -  23.7    1s
* 2088  1490             148       0.0000004    0.07143      -  24.0    1s
* 2092  1435             149       0.0000008    0.07143      -  24.0    1s
H 2114  1271                       0.0000325    0.07143      -  24.2    1s
H 2367  1020                       0.0008997    0.07143  7839%  23.8    2s
H 2518   906                       0.0020761    0.07143  3341%  24.1    2s
H 2719   963                       0.0027591    0.07143  2489%  25.3    2s
H 2753   938                       0.0030530    0.07143  2240%  25.9    2s
H 2774   934                       0.0039269    0.07143  1719%  26.1    2s
H 2934   966                       0.0040822    0.07143  1650%  26.4    2s
H 3093   989                       0.0057833    0.07143  1135%  27.3    2s
H 3134  1013                       0.0059331    0.07136  1103%  27.6    2s
H 3242  1106                       0.0059570    0.07134  1098%  28.0    2s
H 3397  1190                       0.0059966    0.07131  1089%  28.2    2s
H 3413  1188                       0.0060988    0.07131  1069%  28.4    2s
H 3559  1229                       0.0071384    0.07089   893%  28.8    2s
H 4598  1461                       0.0081088    0.06520   704%  29.2    3s
H 6209  2234                       0.0084915    0.06235   634%  30.8    3s
H 8158  2973                       0.0086951    0.05876   576%  31.4    4s
 10207  4022    0.01505   28   61    0.00870    0.05764   563%  32.2    5s
*17861  8082             144       0.0094407    0.05425   475%  31.9    6s
*17865  6760             145       0.0146608    0.05425   270%  31.9    6s
H18420  6401                       0.0162947    0.05394   231%  32.0    7s
H19774  6115                       0.0189504    0.05289   179%  31.9    7s
 28957  8977    0.02015   31   52    0.01895    0.04942   161%  32.5   10s
H32742  9279                       0.0199056    0.04861   144%  32.6   11s
H34087  9607                       0.0200519    0.04840   141%  32.5   11s
H35525 10124                       0.0200519    0.04821   140%  32.6   12s
 48244 13537    0.02319   36   55    0.02005    0.04621   130%  32.2   15s
H55713 15206                       0.0200892    0.04532   126%  31.9   16s
H55714 15106                       0.0202207    0.04532   124%  31.9   16s
 68914 18464    0.02998   27   54    0.02022    0.04402   118%  31.7   20s
H78232 20779                       0.0202435    0.04331   114%  31.4   22s
 87720 23026    0.03886   38   53    0.02024    0.04259   110%  31.2   25s
 108694 27935    0.02044   34   64    0.02024    0.04144   105%  30.7   30s
 131377 32792    0.02395   36   50    0.02024    0.04045   100%  30.4   35s
 153248 37038     cutoff   39         0.02024    0.03966  95.9%  30.0   40s
H155987 37720                       0.0202436    0.03957  95.5%  30.0   40s
H157117 37152                       0.0206067    0.03952  91.8%  29.9   40s
 170307 39613     cutoff   33         0.02061    0.03909  89.7%  29.7   45s
 194514 44501    0.03140   39   51    0.02061    0.03845  86.6%  29.2   50s
 218416 49042    0.02248   36   53    0.02061    0.03790  83.9%  28.9   55s
 241509 53890     cutoff   36         0.02061    0.03747  81.8%  28.6   60s
 262397 57630    0.02706   31   48    0.02061    0.03712  80.1%  28.4   65s
 286362 61504    0.02095   34   53    0.02061    0.03676  78.4%  28.1   70s
 309419 65008     cutoff   35         0.02061    0.03642  76.8%  27.9   75s
 333276 69102 infeasible   44         0.02061    0.03611  75.2%  27.7   80s
 357956 73390    0.02536   34   54    0.02061    0.03583  73.9%  27.4   85s
 381518 77292    0.03222   34   52    0.02061    0.03555  72.5%  27.3   90s
 406381 80840    0.03402   28   52    0.02061    0.03529  71.3%  27.2   95s
*406611 80172              86       0.0207217    0.03529  70.3%  27.2   95s
*406613 80165              85       0.0207221    0.03529  70.3%  27.2   95s
*406614 80157              84       0.0207235    0.03529  70.3%  27.2   95s
H408341 80311                       0.0207441    0.03528  70.1%  27.2   96s
H409459 78813                       0.0210804    0.03526  67.3%  27.2   96s
H410874 75455                       0.0217442    0.03524  62.1%  27.2   97s
H411948 75256                       0.0217986    0.03523  61.6%  27.2   97s
H413172 75365                       0.0217997    0.03521  61.5%  27.2   98s
H414304 74657                       0.0219687    0.03520  60.2%  27.2   99s
H415714 73904                       0.0221578    0.03518  58.8%  27.1   99s
 416990 74052    0.03018   33   50    0.02216    0.03516  58.7%  27.1  100s
 440101 76454    0.02522   43   53    0.02216    0.03487  57.4%  27.0  105s
 464546 78669    0.03111   38   50    0.02216    0.03458  56.0%  26.9  110s
 488591 80956     cutoff   42         0.02216    0.03431  54.8%  26.8  115s
 510718 83058     cutoff   33         0.02216    0.03408  53.8%  26.6  120s
 535938 85105    0.02305   34   54    0.02216    0.03381  52.6%  26.5  125s
 560333 86993    0.02317   35   56    0.02216    0.03357  51.5%  26.4  130s
 581055 88906     cutoff   33         0.02216    0.03337  50.6%  26.3  135s
 604773 90509     cutoff   34         0.02216    0.03314  49.6%  26.2  140s
 628120 92353    0.02851   39   56    0.02216    0.03293  48.6%  26.1  145s
 652958 94028     cutoff   40         0.02216    0.03270  47.6%  26.0  150s
 674498 95572    0.02389   36   52    0.02216    0.03252  46.8%  25.9  155s
 698936 97264     cutoff   48         0.02216    0.03231  45.8%  25.8  160s
 723191 99424    0.02593   37   38    0.02216    0.03212  45.0%  25.7  165s
 747925 101394    0.02565   29   52    0.02216    0.03195  44.2%  25.6  170s
 768467 102539 infeasible   43         0.02216    0.03179  43.5%  25.5  175s
 791594 104087     cutoff   46         0.02216    0.03162  42.7%  25.4  180s
 816815 105718    0.02618   46   52    0.02216    0.03143  41.9%  25.3  185s
 842083 107774     cutoff   43         0.02216    0.03126  41.1%  25.2  190s
 866343 109034    0.02349   38   53    0.02216    0.03111  40.4%  25.1  195s
 891421 110124     cutoff   44         0.02216    0.03093  39.6%  25.0  200s
 915583 111877    0.02745   41   47    0.02216    0.03077  38.9%  24.9  205s
 940139 112702    0.02775   37   55    0.02216    0.03061  38.1%  24.8  210s
 961697 113715    0.02365   58   53    0.02216    0.03048  37.5%  24.8  215s
 983537 114854 infeasible   43         0.02216    0.03034  36.9%  24.7  220s
 1008603 115746     cutoff   41         0.02216    0.03018  36.2%  24.6  225s
 1033809 116941     cutoff   44         0.02216    0.03002  35.5%  24.5  230s
 1058149 118183    0.02677   33   51    0.02216    0.02987  34.8%  24.4  235s
 1082399 119574 infeasible   48         0.02216    0.02973  34.2%  24.3  240s
 1104876 120947    0.02326   40   52    0.02216    0.02961  33.6%  24.3  245s
 1131369 122680     cutoff   40         0.02216    0.02947  33.0%  24.2  250s
 1154952 123532    0.02380   45   53    0.02216    0.02934  32.4%  24.1  255s
 1175447 124458    0.02485   50   45    0.02216    0.02924  31.9%  24.0  260s
 1200059 125702     cutoff   37         0.02216    0.02911  31.4%  23.9  265s
 1224866 127210    0.02467   50   34    0.02216    0.02899  30.8%  23.8  270s
 1248352 128045    0.02686   38   56    0.02216    0.02886  30.2%  23.7  275s
 1271127 129028     cutoff   34         0.02216    0.02875  29.8%  23.7  280s
 1294748 130340    0.02507   42   52    0.02216    0.02864  29.3%  23.6  285s
 1319241 132427     cutoff   43         0.02216    0.02853  28.8%  23.5  290s
 1345161 133122    0.02688   37   52    0.02216    0.02840  28.2%  23.4  295s
 1369463 133769    0.02610   36   53    0.02216    0.02829  27.7%  23.3  300s
 1393510 134635     cutoff   45         0.02216    0.02818  27.2%  23.2  305s
 1416467 135901     cutoff   42         0.02216    0.02808  26.7%  23.1  310s
 1440405 136625     cutoff   51         0.02216    0.02798  26.3%  23.1  315s
 1465039 138278    0.02701   32   50    0.02216    0.02788  25.8%  23.0  320s
 1488699 139395     cutoff   36         0.02216    0.02778  25.4%  22.9  325s
 1514815 140682     cutoff   39         0.02216    0.02768  24.9%  22.8  330s
 1538526 141665    0.02265   50   53    0.02216    0.02758  24.5%  22.7  335s
 1564019 142828    0.02445   59   46    0.02216    0.02748  24.0%  22.6  340s

Cutting planes:
  Gomory: 8
  Implied bound: 12
  Flow cover: 21
  RLT: 66
  Relax-and-lift: 15
  BQP: 26

Explored 1579817 nodes (35651467 simplex iterations) in 343.84 seconds (346.85 work units)
Thread count was 4 (of 4 available processors)

Solution count 10: 0.0221578 0.0219687 0.0217997 ... 0.0207217

Optimization achieved user objective limit
Best objective 2.215777865024e-02, best bound 2.742597864511e-02, gap 23.7758%
{"verdict": "PROVED", "status": "BOUND_REACHED", "runtime": 343.84063506126404, "objval": 0.02215777865023581, "objbound": 0.027425978645113768, "binaries": 46}
