Set parameter NodefileStart to value 6
Read parameters from file gurobi.env
Restricted license - for non-production use only - expires 2027-11-29
Set parameter OutputFlag to value 1
Set parameter Threads to value 4
Set parameter TimeLimit to value 360
Set parameter MIPGap to value 5e-05
Set parameter MIPFocus to value 2
Set parameter NonConvex to value 2
Set parameter BestBdStop to value 2.7426211734693878e-02
Gurobi Optimizer version 13.0.3 build v13.0.3rc0 (linux64 - "Ubuntu 24.04.5 LTS")

CPU model: AMD EPYC 9V74 80-Core Processor, instruction set [SSE2|AVX|AVX2]
Thread count: 2 physical cores, 4 logical processors, using up to 4 threads

Non-default parameters:
TimeLimit  360
BestBdStop  2.7426211734693878e-02
MIPGap  5e-05
MIPFocus  2
NodefileStart  6
NonConvex  2
Threads  4

Optimize a model with 141 rows, 111 columns and 810 nonzeros (Max)
Model fingerprint: 0xf46e3cad
Model has 1 linear objective coefficients
Model has 50 quadratic constraints
Variable types: 65 continuous, 46 integer (46 binary)
Coefficient statistics:
  Matrix range     [5e-01, 1e+00]
  QMatrix range    [1e+00, 1e+00]
  QLMatrix range   [1e+00, 1e+00]
  Objective range  [1e+00, 1e+00]
  Bounds range     [5e-01, 1e+00]
  RHS range        [1e+00, 1e+00]

Found heuristic solution: objective -0.0000000
Presolve time: 0.00s
Presolved: 341 rows, 112 columns, 1210 nonzeros
Presolved model has 50 bilinear constraint(s)

Solving non-convex MIQCP to global optimality

Variable types: 66 continuous, 46 integer (46 binary)
Root relaxation presolve removed 50 rows and 1 columns
Root relaxation presolved: 291 rows, 111 columns, 1160 nonzeros


Root relaxation: objective 8.333333e-02, 126 iterations, 0.00 seconds (0.00 work units)

    Nodes    |    Current Node    |     Objective Bounds      |     Work
 Expl Unexpl |  Obj  Depth IntInf | Incumbent    BestBd   Gap | It/Node Time

     0     0    0.08333    0   49   -0.00000    0.08333      -     -    0s
     0     0    0.08333    0   67   -0.00000    0.08333      -     -    0s
     0     0    0.08333    0   43   -0.00000    0.08333      -     -    0s
     0     0    0.08333    0   56   -0.00000    0.08333      -     -    0s
     0     0    0.08333    0   56   -0.00000    0.08333      -     -    0s
H    0     0                       0.0000000    0.08333      -     -    0s
H    0     0                       0.0000000    0.08333      -     -    0s
H    0     0                       0.0000000    0.08333      -     -    0s
H    0     0                       0.0000000    0.08333      -     -    0s
     0     0    0.07965    0   51    0.00000    0.07965      -     -    0s
H    0     0                       0.0000001    0.07965      -     -    0s
     0     0    0.07927    0   41    0.00000    0.07927      -     -    0s
     0     0    0.07927    0   41    0.00000    0.07927      -     -    0s
     0     2    0.07927    0   41    0.00000    0.07927      -     -    0s
H 1244  1012                       0.0000002    0.05184      -  21.6    2s
* 2022  1389             133       0.0000005    0.05184      -  19.4    2s
* 4599  2778             143       0.0000006    0.05184      -  19.0    3s
* 6498  4194             104       0.0000007    0.05184      -  18.2    4s
 10707  7754    0.00370   38   50    0.00000    0.05184      -  19.0    5s
*12766  8946              89       0.0000007    0.05184      -  20.0    5s
 27372 19934    0.03988   34   54    0.00000    0.05184      -  19.8   10s
*31328 22857             150       0.0000008    0.05184      -  19.3   10s
H37410 27421                       0.0000008    0.05184      -  18.9   12s
H39049 28966                       0.0000008    0.05184      -  18.8   13s
 48637 35927     cutoff   35         0.00000    0.05184      -  18.4   15s
 70239 51292    0.01614   34   50    0.00000    0.05008      -  18.6   20s
 91779 67675    0.02825   35   54    0.00000    0.04925      -  18.8   25s
 113578 83873    0.04394   26   51    0.00000    0.04824      -  18.5   30s
 137064 100873    0.01318   38   53    0.00000    0.04720      -  18.5   35s
 161222 117815     cutoff  123         0.00000    0.04641      -  18.3   40s
 184756 135051    0.00000  115   33    0.00000    0.04575      -  18.3   45s
 207439 151383    0.01405   39   50    0.00000    0.04512      -  18.3   50s
*222005 161410             149       0.0000009    0.04481      -  18.3   52s
 223321 162299     cutoff  132         0.00000    0.04479      -  18.2   55s
 244761 177502     cutoff  130         0.00000    0.04428      -  18.1   60s
H251802 180302                       0.0000011    0.04419      -  18.1   61s
 265463 190411    0.00100   66   50    0.00000    0.04391      -  18.1   65s
 289274 206543    0.02823   39   55    0.00000    0.04333      -  18.2   70s
 310805 222489    0.00493   57   56    0.00000    0.04306      -  18.3   75s
 332905 237990    0.00015   67   49    0.00000    0.04280      -  18.3   80s
 354842 253600    0.00013   86   39    0.00000    0.04244      -  18.3   85s
 379568 271107     cutoff   48         0.00000    0.04212      -  18.3   90s
 395022 281989    0.00169   67   46    0.00000    0.04190      -  18.3   95s
 417652 298103    0.00003   95   45    0.00000    0.04162      -  18.3  100s
 440040 314442    0.00000  125   30    0.00000    0.04139      -  18.3  105s
 465224 332561    0.00644   33   52    0.00000    0.04114      -  18.2  110s
 482889 346066 infeasible   43         0.00000    0.04100      -  18.2  115s
 505897 362920    0.01093   43   51    0.00000    0.04078      -  18.2  120s
 527176 378443    0.00173   59   50    0.00000    0.04059      -  18.3  125s
 549348 394111    0.00000  106   42    0.00000    0.04039      -  18.3  130s
 572905 410712    0.00744   47   55    0.00000    0.04022      -  18.3  135s
 594446 426129    0.01559   41   54    0.00000    0.04009      -  18.4  140s
 616370 442155    0.02469   40   60    0.00000    0.03992      -  18.4  145s
 638024 457802    0.00221   53   50    0.00000    0.03976      -  18.4  150s
 659528 473059    0.00840   35   50    0.00000    0.03964      -  18.5  155s
*666018 476615             123       0.0000011    0.03959      -  18.5  156s
 680651 486269    0.00766   39   52    0.00000    0.03947      -  18.5  160s
 698314 498666    0.02153   35   51    0.00000    0.03935      -  18.5  165s
 719862 513391    0.00129   34   43    0.00000    0.03920      -  18.5  170s
 742065 528629    0.02079   39   52    0.00000    0.03908      -  18.6  175s
*747649 524030             127       0.0000016    0.03905      -  18.6  176s
 760709 535864    0.00002   95   44    0.00000    0.03900      -  18.6  180s
 785823 551169     cutoff   50         0.00000    0.03887      -  18.6  185s
 807840 566534    0.00006   91   42    0.00000    0.03875      -  18.5  190s
 828026 580812    0.00059   47   50    0.00000    0.03866      -  18.5  195s
 849715 595191    0.00527   52   51    0.00000    0.03854      -  18.6  200s
 871629 610368     cutoff   38         0.00000    0.03842      -  18.6  205s
 890579 624262    0.00299   49   54    0.00000    0.03834      -  18.6  210s
 912537 639382    0.00043   50   52    0.00000    0.03821      -  18.6  215s
 916328 641806    0.02695   34   56    0.00000    0.03819      -  18.6  220s
 920412 644693    0.00018   54   50    0.00000    0.03817      -  18.6  225s
 944273 661197    0.00000  135   34    0.00000    0.03804      -  18.6  230s
 966474 676571    0.00240   52   53    0.00000    0.03794      -  18.6  235s
 989187 691362     cutoff   46         0.00000    0.03782      -  18.5  240s
 1010810 705977    0.00314   36   44    0.00000    0.03775      -  18.5  245s
 1033826 721584     cutoff  115         0.00000    0.03765      -  18.6  250s
 1040349 726280    0.00105   67   52    0.00000    0.03761      -  18.6  255s
 1063125 742103    0.02080   31   49    0.00000    0.03755      -  18.6  260s
 1085149 757170    0.00006   92   44    0.00000    0.03745      -  18.6  265s
 1107395 771963    0.00984   52   56    0.00000    0.03736      -  18.6  270s
 1129857 787279    0.02028   39   52    0.00000    0.03727      -  18.6  275s
 1153449 803396    0.01931   38   53    0.00000    0.03718      -  18.6  280s
 1175378 817902    0.00337   59   52    0.00000    0.03711      -  18.6  285s
 1196104 832090    0.00019   63   46    0.00000    0.03703      -  18.6  290s
 1219370 848254    0.02352   44   51    0.00000    0.03695      -  18.6  295s
 1241449 863358    0.00004   75   36    0.00000    0.03686      -  18.6  300s
 1264381 878731     cutoff   67         0.00000    0.03677      -  18.6  305s
 1285313 894040 infeasible  120         0.00000    0.03672      -  18.6  310s
 1308384 909756     cutoff  129         0.00000    0.03664      -  18.6  315s
 1327835 923299    0.01397   38   51    0.00000    0.03657      -  18.6  320s
 1347010 935963    0.00378   59   50    0.00000    0.03650      -  18.6  325s
 1368590 950376    0.00000   86   39    0.00000    0.03641      -  18.6  330s
 1390808 966156    0.01192   37   43    0.00000    0.03636      -  18.6  335s
 1414655 982169    0.02243   47   53    0.00000    0.03628      -  18.6  340s
 1436409 996829    0.00018   82   37    0.00000    0.03622      -  18.6  345s
 1458277 1011901    0.00001   98   44    0.00000    0.03614      -  18.6  350s
 1480090 1027285    0.00334   42   43    0.00000    0.03609      -  18.6  355s
 1503667 1042087    0.00390   57   52    0.00000    0.03601      -  18.6  360s

Cutting planes:
  Gomory: 17
  Lift-and-project: 7
  Implied bound: 35
  MIR: 18
  Mixing: 1
  Flow cover: 86
  Inf proof: 3
  RLT: 126
  Relax-and-lift: 12
  BQP: 37

Explored 1503685 nodes (28029111 simplex iterations) in 360.00 seconds (386.17 work units)
Thread count was 4 (of 4 available processors)

Solution count 10: 1.60392e-06 1.14609e-06 1.11579e-06 ... 5.70693e-07

Time limit reached
Best objective 1.603919333352e-06, best bound 3.600503235615e-02, gap 2244715.6592%
{"verdict": "UNRESOLVED", "status": "TIME_LIMIT", "runtime": 360.00180101394653, "objval": 1.6039193333518276e-06, "objbound": 0.036005032356146334, "binaries": 46}
