Set parameter NodefileStart to value 6
Read parameters from file gurobi.env
Restricted license - for non-production use only - expires 2027-11-29
Set parameter OutputFlag to value 1
Set parameter Threads to value 4
Set parameter TimeLimit to value 360
Set parameter MIPGap to value 5e-05
Set parameter MIPFocus to value 2
Set parameter NonConvex to value 2
Set parameter BestBdStop to value 2.7426211734693878e-02
Gurobi Optimizer version 13.0.3 build v13.0.3rc0 (linux64 - "Ubuntu 24.04.5 LTS")

CPU model: AMD EPYC 9V74 80-Core Processor, instruction set [SSE2|AVX|AVX2|AVX512]
Thread count: 2 physical cores, 4 logical processors, using up to 4 threads

Non-default parameters:
TimeLimit  360
BestBdStop  2.7426211734693878e-02
MIPGap  5e-05
MIPFocus  2
NodefileStart  6
NonConvex  2
Threads  4

Optimize a model with 141 rows, 111 columns and 810 nonzeros (Max)
Model fingerprint: 0x64c65c5b
Model has 1 linear objective coefficients
Model has 50 quadratic constraints
Variable types: 65 continuous, 46 integer (46 binary)
Coefficient statistics:
  Matrix range     [5e-01, 1e+00]
  QMatrix range    [1e+00, 1e+00]
  QLMatrix range   [1e+00, 1e+00]
  Objective range  [1e+00, 1e+00]
  Bounds range     [5e-01, 1e+00]
  RHS range        [1e+00, 1e+00]

Found heuristic solution: objective -0.0000000
Presolve time: 0.00s
Presolved: 341 rows, 112 columns, 1210 nonzeros
Presolved model has 50 bilinear constraint(s)

Solving non-convex MIQCP to global optimality

Variable types: 66 continuous, 46 integer (46 binary)
Root relaxation presolve removed 50 rows and 1 columns
Root relaxation presolved: 291 rows, 111 columns, 1160 nonzeros


Root relaxation: objective 8.333333e-02, 109 iterations, 0.00 seconds (0.00 work units)

    Nodes    |    Current Node    |     Objective Bounds      |     Work
 Expl Unexpl |  Obj  Depth IntInf | Incumbent    BestBd   Gap | It/Node Time

     0     0    0.08333    0   54   -0.00000    0.08333      -     -    0s
     0     0    0.08333    0   58   -0.00000    0.08333      -     -    0s
     0     0    0.08333    0   74   -0.00000    0.08333      -     -    0s
     0     0    0.08333    0   51   -0.00000    0.08333      -     -    0s
     0     0    0.08333    0   59   -0.00000    0.08333      -     -    0s
     0     0    0.07500    0   60   -0.00000    0.07500      -     -    0s
     0     0    0.07500    0   50   -0.00000    0.07500      -     -    0s
     0     0    0.07143    0   53   -0.00000    0.07143      -     -    0s
     0     0    0.07143    0   45   -0.00000    0.07143      -     -    0s
     0     0    0.07143    0   37   -0.00000    0.07143      -     -    0s
     0     0    0.07143    0   47   -0.00000    0.07143      -     -    0s
     0     0    0.07143    0   42   -0.00000    0.07143      -     -    0s
     0     0    0.07143    0   50   -0.00000    0.07143      -     -    0s
     0     0    0.07143    0   38   -0.00000    0.07143      -     -    0s
     0     0    0.07143    0   42   -0.00000    0.07143      -     -    0s
     0     0    0.07143    0   45   -0.00000    0.07143      -     -    0s
     0     0    0.07143    0   45   -0.00000    0.07143      -     -    0s
     0     2    0.07143    0   45   -0.00000    0.07143      -     -    0s
*  920   731             103       0.0000001    0.07143      -  35.2    0s
* 1078   883              97       0.0000002    0.07143      -  34.4    1s
H 1194   909                       0.0000003    0.07143      -  33.8    1s
H 1277   926                       0.0000005    0.07143      -  34.2    1s
* 2000  1321             104       0.0000006    0.05941      -  32.4    1s
* 2027  1268             104       0.0000009    0.05941      -  32.2    1s
 11902  8462    0.01404   36   51    0.00000    0.05812      -  29.7    5s
 31166 22796    0.00230   52   54    0.00000    0.05400      -  32.1   10s
 54981 40026    0.01562   37   58    0.00000    0.05239      -  33.3   15s
 78550 57430    0.00855   40   45    0.00000    0.05145      -  33.6   20s
 100717 73144    0.04351   29   46    0.00000    0.05062      -  34.1   25s
 124280 89805    0.00139   50   45    0.00000    0.05000      -  34.4   30s
 147586 106287    0.04480   38   51    0.00000    0.04946      -  34.5   35s
 164671 118574    0.00005   62   43    0.00000    0.04909      -  34.6   40s
 187431 134481    0.00006   64   50    0.00000    0.04875      -  34.6   45s
 210557 150752     cutoff   60         0.00000    0.04843      -  34.6   50s
 233796 167349    0.00494   50   53    0.00000    0.04814      -  34.7   55s
 257058 183864    0.00076   58   53    0.00000    0.04790      -  34.7   60s
 281427 201404    0.02828   41   52    0.00000    0.04773      -  34.7   65s
 303422 216557    0.00005   80   49    0.00000    0.04754      -  34.8   70s
 327144 233121    0.00011   78   44    0.00000    0.04731      -  34.8   75s
 349724 249060    0.00528   40   47    0.00000    0.04713      -  34.9   80s
 371902 264480    0.00000   88   43    0.00000    0.04698      -  35.0   85s
 394396 280416    0.00047   70   43    0.00000    0.04680      -  35.0   90s
 413039 293453    0.00068   57   51    0.00000    0.04664      -  35.1   95s
 420671 298896    0.00229   62   51    0.00000    0.04660      -  35.1  100s
 439316 311880    0.00001   82   43    0.00000    0.04649      -  35.2  105s
 461095 327238    0.00002   44   33    0.00000    0.04640      -  35.3  110s
 482856 342097    0.00000   93   45    0.00000    0.04626      -  35.3  115s
 505196 358023    0.00000   57   19    0.00000    0.04615      -  35.4  120s
 526712 372831    0.00005   60   50    0.00000    0.04602      -  35.4  125s
 548851 388278    0.00684   48   50    0.00000    0.04589      -  35.5  130s
 571764 404486    0.00011   66   52    0.00000    0.04575      -  35.5  135s
 593310 419471     cutoff  106         0.00000    0.04566      -  35.5  140s
H607990 427815                       0.0000011    0.04561      -  35.5  143s
 615196 432974    0.00132   53   51    0.00000    0.04558      -  35.6  145s
 636358 447957    0.00242   44   47    0.00000    0.04550      -  35.7  150s
 657931 463295    0.00002   85   49    0.00000    0.04547      -  35.7  155s
 678520 478391    0.02690   41   51    0.00000    0.04545      -  35.9  160s
 699363 493299    0.00013   63   50    0.00000    0.04540      -  36.0  165s
 720638 507736     cutoff   76         0.00000    0.04531      -  36.1  170s
 741769 522309    0.00008   61   51    0.00000    0.04523      -  36.3  175s
 762670 536823     cutoff   97         0.00000    0.04516      -  36.4  180s
 780846 550000    0.00374   61   51    0.00000    0.04510      -  36.4  185s
 802516 564999     cutoff   92         0.00000    0.04502      -  36.5  190s
 823674 579730    0.00000   91   16    0.00000    0.04496      -  36.6  195s
 845148 594286    0.00241   46   51    0.00000    0.04488      -  36.6  200s
 866609 609115    0.00014   60   43    0.00000    0.04480      -  36.7  205s
 888093 623851    0.00105   61   51    0.00000    0.04474      -  36.7  210s
 907449 636698    0.02427   39   43    0.00000    0.04469      -  36.7  215s
 928201 650870    0.00283   44   50    0.00000    0.04462      -  36.8  220s
 950150 666353    0.00371   48   45    0.00000    0.04456      -  36.8  225s
 970896 680428    0.00075   53   53    0.00000    0.04452      -  36.9  230s
 991928 694783    0.02000   40   51    0.00000    0.04447      -  36.9  235s
 1010946 708033    0.00001   78   42    0.00000    0.04442      -  36.9  240s
 1031718 722684    0.01718   39   53    0.00000    0.04437      -  37.0  245s
 1052879 737399    0.00069   64   51    0.00000    0.04431      -  37.0  250s
 1074729 752213    0.03586   34   59    0.00000    0.04425      -  37.0  255s
 1095889 766982    0.00003   80   50    0.00000    0.04421      -  37.1  260s
 1117320 781947    0.00085   58   50    0.00000    0.04415      -  37.1  265s
 1138567 796546    0.00005   72   47    0.00000    0.04409      -  37.2  270s
 1159635 811167    0.00816   57   53    0.00000    0.04405      -  37.2  275s
 1177027 823078    0.00492   59   50    0.00000    0.04401      -  37.2  280s
 1196485 836206    0.00082   65   50    0.00000    0.04398      -  37.2  285s
 1217839 850843    0.00044   62   52    0.00000    0.04393      -  37.3  290s
 1238472 865156     cutoff   88         0.00000    0.04387      -  37.3  295s
 1259105 879321     cutoff   93         0.00000    0.04385      -  37.4  300s
 1280786 894224    0.03102   35   50    0.00000    0.04380      -  37.4  305s
 1298911 906956    0.00561   49   51    0.00000    0.04376      -  37.4  310s
 1318304 920074    0.00003   69   41    0.00000    0.04372      -  37.4  315s
 1338732 933800     cutoff   43         0.00000    0.04368      -  37.5  320s
 1359790 948049    0.00239   47   50    0.00000    0.04364      -  37.5  325s
 1380445 962700    0.00283   45   56    0.00000    0.04361      -  37.6  330s
 1401744 977355     cutoff  110         0.00000    0.04358      -  37.6  335s
 1418711 989124    0.00008   72   37    0.00000    0.04355      -  37.6  340s
 1439915 1004133    0.00000   88   30    0.00000    0.04353      -  37.7  345s
 1461069 1018524    0.00010   68   50    0.00000    0.04349      -  37.7  350s
 1481553 1032719    0.03252   38   53    0.00000    0.04347      -  37.7  355s
 1502715 1046897    0.00004   58   50    0.00000    0.04344      -  37.7  360s

Cutting planes:
  Gomory: 9
  Implied bound: 8
  MIR: 11
  Mixing: 1
  Flow cover: 43
  RLT: 126
  Relax-and-lift: 14
  BQP: 23

Explored 1502803 nodes (56680180 simplex iterations) in 360.00 seconds (484.31 work units)
Thread count was 4 (of 4 available processors)

Solution count 8: 1.05284e-06 9.06682e-07 6.29594e-07 ... -0

Time limit reached
Best objective 1.052842177045e-06, best bound 4.343966740931e-02, gap 4125842.9339%
{"verdict": "UNRESOLVED", "status": "TIME_LIMIT", "runtime": 360.0020818710327, "objval": 1.0528421770447662e-06, "objbound": 0.04343966740931324, "binaries": 46}
