Set parameter NodefileStart to value 6
Read parameters from file gurobi.env
Restricted license - for non-production use only - expires 2027-11-29
Set parameter OutputFlag to value 1
Set parameter Threads to value 4
Set parameter TimeLimit to value 360
Set parameter MIPGap to value 5e-05
Set parameter MIPFocus to value 2
Set parameter NonConvex to value 2
Set parameter BestBdStop to value 2.7426211734693878e-02
Gurobi Optimizer version 13.0.3 build v13.0.3rc0 (linux64 - "Ubuntu 24.04.5 LTS")

CPU model: AMD EPYC 7763 64-Core Processor, instruction set [SSE2|AVX|AVX2]
Thread count: 2 physical cores, 4 logical processors, using up to 4 threads

Non-default parameters:
TimeLimit  360
BestBdStop  2.7426211734693878e-02
MIPGap  5e-05
MIPFocus  2
NodefileStart  6
NonConvex  2
Threads  4

Optimize a model with 145 rows, 115 columns and 846 nonzeros (Max)
Model fingerprint: 0x08bfe3a3
Model has 1 linear objective coefficients
Model has 50 quadratic constraints
Variable types: 65 continuous, 50 integer (50 binary)
Coefficient statistics:
  Matrix range     [5e-01, 1e+00]
  QMatrix range    [1e+00, 1e+00]
  QLMatrix range   [1e+00, 1e+00]
  Objective range  [1e+00, 1e+00]
  Bounds range     [5e-01, 1e+00]
  RHS range        [1e+00, 1e+00]

Found heuristic solution: objective -0.0000000
Presolve time: 0.00s
Presolved: 345 rows, 116 columns, 1246 nonzeros
Presolved model has 50 bilinear constraint(s)

Solving non-convex MIQCP to global optimality

Variable types: 66 continuous, 50 integer (50 binary)
Root relaxation presolve removed 50 rows and 1 columns
Root relaxation presolved: 295 rows, 115 columns, 1196 nonzeros


Root relaxation: objective 8.333333e-02, 119 iterations, 0.00 seconds (0.00 work units)

    Nodes    |    Current Node    |     Objective Bounds      |     Work
 Expl Unexpl |  Obj  Depth IntInf | Incumbent    BestBd   Gap | It/Node Time

     0     0    0.08333    0   48   -0.00000    0.08333      -     -    0s
     0     0    0.06250    0   59   -0.00000    0.06250      -     -    0s
H    0     0                       0.0000001    0.06250      -     -    0s
H    0     0                       0.0000001    0.06250      -     -    0s
     0     0    0.06250    0   49    0.00000    0.06250      -     -    0s
     0     0    0.06250    0   48    0.00000    0.06250      -     -    0s
     0     0    0.06250    0   61    0.00000    0.06250      -     -    0s
     0     0    0.06250    0   63    0.00000    0.06250      -     -    0s
     0     0    0.06250    0   58    0.00000    0.06250      -     -    0s
     0     0    0.06250    0   57    0.00000    0.06250      -     -    0s
     0     0    0.06250    0   57    0.00000    0.06250      -     -    0s
     0     2    0.06250    0   57    0.00000    0.06250      -     -    0s
H  121   169                       0.0000004    0.06250      -  21.7    0s
H 1649  1195                       0.0046685    0.04718   911%  23.5    1s
* 1966  1192             130       0.0046926    0.04718   905%  24.2    1s
H 2107  1034                       0.0085276    0.04718   453%  24.7    2s
H 2603  1278                       0.0086627    0.04718   445%  26.4    2s
H 2688  1242                       0.0088092    0.04718   436%  26.4    2s
H 3746  1279                       0.0090134    0.04718   423%  30.4    2s
H 4779  1652                       0.0090745    0.04715   420%  32.7    2s
H 5133  1845                       0.0090748    0.04612   408%  32.7    3s
H 6663  2431                       0.0100315    0.04529   351%  33.3    3s
H 8467  3151                       0.0100337    0.04379   336%  35.0    4s
 10843  3936     cutoff   33         0.01003    0.04293   328%  35.9    5s
H14289  5109                       0.0100363    0.04155   314%  36.4    5s
H14291  5344                       0.0100363    0.04155   314%  36.4    6s
H20462  7321                       0.0100461    0.04009   299%  36.9    8s
 26574  9404    0.01086   35   35    0.01005    0.03892   287%  36.9   10s
H27653  9326                       0.0105595    0.03874   267%  36.8   10s
H35380 11431                       0.0105596    0.03766   257%  37.8   12s
H42464 13006                       0.0108581    0.03657   237%  37.7   14s
 43588 13256    0.02863   27   56    0.01086    0.03642   235%  37.8   15s
 59439 17635    0.02760   31   55    0.01086    0.03490   221%  38.0   20s
 79132 22701    0.02307   30   57    0.01086    0.03348   208%  37.9   25s
 98165 26847    0.01677   32   61    0.01086    0.03234   198%  37.8   30s
 117687 31726    0.02803   29   52    0.01086    0.03151   190%  37.7   35s
 136858 35911     cutoff   33         0.01086    0.03085   184%  37.5   40s
 156563 39925    0.02766   30   57    0.01086    0.03021   178%  37.5   45s
H167634 42188                       0.0108581    0.02988   175%  37.4   47s
 171813 43100     cutoff   32         0.01086    0.02978   174%  37.4   50s
 190113 46787    0.02872   24   57    0.01086    0.02934   170%  37.4   55s
H199862 48088                       0.0111758    0.02910   160%  37.4   57s
H199865 42953                       0.0128257    0.02910   127%  37.4   57s
H201009 43039                       0.0128257    0.02907   127%  37.4   57s
 206749 43860    0.01677   33   55    0.01283    0.02892   126%  37.4   60s
 226445 46683     cutoff   33         0.01283    0.02844   122%  37.3   65s
 246177 49724    0.01558   37   44    0.01283    0.02800   118%  37.2   70s
 265718 52652    0.01355   34   54    0.01283    0.02763   115%  37.1   75s

Cutting planes:
  Gomory: 3
  Implied bound: 12
  MIR: 5
  Flow cover: 20
  RLT: 102
  Relax-and-lift: 6
  BQP: 15

Explored 276341 nodes (10237487 simplex iterations) in 77.68 seconds (83.39 work units)
Thread count was 4 (of 4 available processors)

Solution count 10: 0.0128257 0.0111758 0.0108581 ... 0.00907476

Optimization achieved user objective limit
Best objective 1.282565779328e-02, best bound 2.742259346851e-02, gap 113.8104%
{"verdict": "PROVED", "status": "BOUND_REACHED", "runtime": 77.68078708648682, "objval": 0.012825657793283088, "objbound": 0.027422593468513053, "binaries": 50}
