Set parameter NodefileStart to value 6
Read parameters from file gurobi.env
Restricted license - for non-production use only - expires 2027-11-29
Set parameter OutputFlag to value 1
Set parameter Threads to value 4
Set parameter TimeLimit to value 360
Set parameter MIPGap to value 5e-05
Set parameter MIPFocus to value 2
Set parameter NonConvex to value 2
Set parameter BestBdStop to value 2.7426211734693878e-02
Gurobi Optimizer version 13.0.3 build v13.0.3rc0 (linux64 - "Ubuntu 24.04.5 LTS")

CPU model: AMD EPYC 7763 64-Core Processor, instruction set [SSE2|AVX|AVX2]
Thread count: 2 physical cores, 4 logical processors, using up to 4 threads

Non-default parameters:
TimeLimit  360
BestBdStop  2.7426211734693878e-02
MIPGap  5e-05
MIPFocus  2
NodefileStart  6
NonConvex  2
Threads  4

Optimize a model with 141 rows, 111 columns and 810 nonzeros (Max)
Model fingerprint: 0xcd57824a
Model has 1 linear objective coefficients
Model has 50 quadratic constraints
Variable types: 65 continuous, 46 integer (46 binary)
Coefficient statistics:
  Matrix range     [5e-01, 1e+00]
  QMatrix range    [1e+00, 1e+00]
  QLMatrix range   [1e+00, 1e+00]
  Objective range  [1e+00, 1e+00]
  Bounds range     [5e-01, 1e+00]
  RHS range        [1e+00, 1e+00]

Found heuristic solution: objective -0.0000000
Presolve time: 0.00s
Presolved: 341 rows, 112 columns, 1210 nonzeros
Presolved model has 50 bilinear constraint(s)

Solving non-convex MIQCP to global optimality

Variable types: 66 continuous, 46 integer (46 binary)
Root relaxation presolve removed 50 rows and 1 columns
Root relaxation presolved: 291 rows, 111 columns, 1160 nonzeros


Root relaxation: objective 8.333333e-02, 108 iterations, 0.00 seconds (0.00 work units)

    Nodes    |    Current Node    |     Objective Bounds      |     Work
 Expl Unexpl |  Obj  Depth IntInf | Incumbent    BestBd   Gap | It/Node Time

     0     0    0.08333    0   49   -0.00000    0.08333      -     -    0s
     0     0    0.08333    0   52   -0.00000    0.08333      -     -    0s
     0     0    0.08333    0   47   -0.00000    0.08333      -     -    0s
     0     0    0.08333    0   72   -0.00000    0.08333      -     -    0s
     0     0    0.08333    0   48   -0.00000    0.08333      -     -    0s
H    0     0                       0.0000001    0.08333      -     -    0s
     0     0    0.07547    0   51    0.00000    0.07547      -     -    0s
     0     0    0.07534    0   53    0.00000    0.07534      -     -    0s
     0     0    0.07534    0   40    0.00000    0.07534      -     -    0s
     0     0    0.07534    0   29    0.00000    0.07534      -     -    0s
     0     0    0.07534    0   26    0.00000    0.07534      -     -    0s
     0     0    0.07534    0   26    0.00000    0.07534      -     -    0s
     0     2    0.07534    0   26    0.00000    0.07534      -     -    0s
*  859   835             115       0.0000001    0.07534      -  16.4    0s
H 1102   975                       0.0000002    0.07534      -  17.0    1s
H 1105   928                       0.0005142    0.07534      -  16.9    1s
H 1105   881                       0.0029826    0.07534  2426%  16.9    1s
H 1105   837                       0.0029826    0.07534  2426%  16.9    1s
H 1105   795                       0.0032242    0.07534  2237%  16.9    1s
H 2129  1217                       0.0070182    0.07534   974%  27.5    2s
H 2231  1150                       0.0093438    0.07534   706%  28.2    2s
H 3214  1264                       0.0095976    0.06993   629%  32.3    2s
H 3804  1540                       0.0096924    0.06818   603%  33.5    2s
H 4513  1790                       0.0096987    0.06538   574%  34.1    3s
H 5516  2194                       0.0099141    0.06161   521%  36.0    3s
  9357  3827    0.01340   39   54    0.00991    0.05638   469%  40.5    5s
H 9443  3808                       0.0101760    0.05638   454%  40.6    5s
H 9956  3963                       0.0105525    0.05565   427%  41.1    5s
H11316  4445                       0.0124384    0.05499   342%  41.8    5s
H18912  6970                       0.0124384    0.05055   306%  41.9    8s
 21740  8102     cutoff   29         0.01244    0.04944   297%  42.2   10s
 36818 12986    0.03425   29   52    0.01244    0.04554   266%  41.2   15s
 53188 18858     cutoff   36         0.01244    0.04314   247%  40.9   20s
 70023 24324    0.02632   42   58    0.01244    0.04154   234%  40.4   25s
 87637 30123    0.01639   43   53    0.01244    0.04051   226%  39.6   30s
 105084 35705    0.01530   47   48    0.01244    0.03964   219%  39.3   35s
 122559 40941     cutoff   40         0.01244    0.03893   213%  38.7   40s
 140367 46593    0.02668   35   57    0.01244    0.03835   208%  38.3   45s
 158862 52418    0.01299   40   54    0.01244    0.03780   204%  37.9   50s
 176450 57837     cutoff   42         0.01244    0.03735   200%  37.6   55s
 194598 63508    0.01265   42   51    0.01244    0.03695   197%  37.3   60s
 209419 67983    0.01610   34   44    0.01244    0.03664   195%  37.1   65s
 227014 73315    0.01807   45   53    0.01244    0.03633   192%  36.9   70s
H233492 75443                       0.0124384    0.03622   191%  36.8   71s
H234677 74756                       0.0128737    0.03621   181%  36.7   72s
H234896 74363                       0.0130106    0.03621   178%  36.7   72s
H236160 74754                       0.0130206    0.03619   178%  36.7   72s
H237407 75202                       0.0130253    0.03617   178%  36.7   73s
H239328 74556                       0.0134020    0.03614   170%  36.7   73s
 242530 75593    0.01753   40   54    0.01340    0.03608   169%  36.7   75s
 261789 81129    0.03227   31   54    0.01340    0.03582   167%  36.4   80s
 279727 86087    0.02137   37   53    0.01340    0.03558   166%  36.2   85s
 297399 91045     cutoff   37         0.01340    0.03536   164%  36.1   90s
 316549 96234    0.01678   41   51    0.01340    0.03514   162%  35.9   95s
 335483 101280    0.02347   27   51    0.01340    0.03492   161%  35.7  100s
 352637 105869    0.02919   37   52    0.01340    0.03474   159%  35.5  105s
 369383 110608     cutoff   42         0.01340    0.03457   158%  35.4  110s
 388466 115944    0.02358   40   50    0.01340    0.03438   157%  35.2  115s
 406810 120965     cutoff   45         0.01340    0.03425   156%  35.1  120s
 425799 126300     cutoff   44         0.01340    0.03409   154%  35.0  125s
 444959 131436     cutoff   42         0.01340    0.03395   153%  34.9  130s
 462888 136373    0.01754   37   57    0.01340    0.03383   152%  34.8  135s
 481579 141561    0.01687   33   48    0.01340    0.03369   151%  34.7  140s
 500448 146528    0.01417   44   52    0.01340    0.03355   150%  34.6  145s
H505981 143610                       0.0140809    0.03351   138%  34.5  146s
H506031 143602                       0.0140809    0.03351   138%  34.5  146s
H506154 143656                       0.0140809    0.03351   138%  34.5  146s
H514394 145935                       0.0140809    0.03344   138%  34.5  149s
 515749 146247     cutoff   39         0.01408    0.03343   137%  34.5  150s
 533880 151451    0.03109   42   56    0.01408    0.03330   137%  34.4  155s
 552941 156202    0.02179   39   52    0.01408    0.03317   136%  34.2  160s
 572224 160898    0.02576   35   54    0.01408    0.03305   135%  34.1  165s
 586564 164562    0.02913   36   54    0.01408    0.03296   134%  34.1  170s
 604988 169167    0.02931   35   52    0.01408    0.03285   133%  34.0  175s
 622635 173629     cutoff   46         0.01408    0.03277   133%  33.9  180s
 641351 178300    0.02505   39   56    0.01408    0.03268   132%  33.8  185s
 660039 183073     cutoff   38         0.01408    0.03259   131%  33.8  190s
 679109 187779    0.01685   41   57    0.01408    0.03250   131%  33.7  195s
 698468 192556    0.02235   36   56    0.01408    0.03240   130%  33.7  200s
 717946 197270    0.01968   35   53    0.01408    0.03231   129%  33.6  205s
 737124 201704     cutoff   49         0.01408    0.03223   129%  33.5  210s
 756598 206407     cutoff   43         0.01408    0.03213   128%  33.5  215s
 776088 210946     cutoff   42         0.01408    0.03205   128%  33.4  220s
 795428 215568    0.01992   41   54    0.01408    0.03197   127%  33.4  225s
 810378 219080    0.01618   42   55    0.01408    0.03191   127%  33.3  230s
 830324 223724    0.01773   37   52    0.01408    0.03182   126%  33.2  235s
 850368 228564    0.02147   37   56    0.01408    0.03175   125%  33.2  240s
 869116 232550    0.01954   41   53    0.01408    0.03167   125%  33.1  245s
 887422 236611    0.02096   44   54    0.01408    0.03160   124%  33.1  250s
 907403 240823    0.02031   36   58    0.01408    0.03153   124%  33.0  255s
 926822 245321    0.01780   41   54    0.01408    0.03145   123%  32.9  260s
 945990 249524    0.01496   43   50    0.01408    0.03139   123%  32.9  265s
 965945 253878    0.01938   47   43    0.01408    0.03131   122%  32.8  270s
 985007 258062    0.01412   39   55    0.01408    0.03125   122%  32.8  275s
 1001992 261818    0.01971   41   53    0.01408    0.03119   121%  32.7  280s
 1017716 265490    0.01558   40   54    0.01408    0.03114   121%  32.7  285s
 1036051 269711     cutoff   42         0.01408    0.03107   121%  32.7  290s
 1053656 273508    0.01843   39   60    0.01408    0.03101   120%  32.6  295s
 1071632 277618    0.01820   35   55    0.01408    0.03096   120%  32.6  300s
 1089994 281737 infeasible   40         0.01408    0.03090   119%  32.5  305s
 1108564 286351    0.01706   46   53    0.01408    0.03084   119%  32.5  310s
 1126008 290051    0.01632   41   52    0.01408    0.03078   119%  32.5  315s
 1145137 294176    0.02097   39   53    0.01408    0.03072   118%  32.4  320s
 1156672 296782    0.02950   34   55    0.01408    0.03069   118%  32.4  325s
 1177256 300902     cutoff   46         0.01408    0.03063   118%  32.4  330s
 1196510 305296    0.01429   40   55    0.01408    0.03058   117%  32.3  335s
 1215781 309690    0.02008   40   43    0.01408    0.03053   117%  32.3  340s
 1235607 314213    0.03039   34   61    0.01408    0.03048   116%  32.3  345s
 1255539 318498    0.02228   33   48    0.01408    0.03042   116%  32.2  350s
 1275277 322598    0.01660   37   59    0.01408    0.03038   116%  32.2  355s
 1293958 326243     cutoff   41         0.01408    0.03033   115%  32.2  360s

Cutting planes:
  Gomory: 20
  Implied bound: 40
  MIR: 7
  Mixing: 1
  Flow cover: 91
  Inf proof: 28
  RLT: 97
  Relax-and-lift: 13
  BQP: 35

Explored 1294232 nodes (41642679 simplex iterations) in 360.00 seconds (392.21 work units)
Thread count was 4 (of 4 available processors)

Solution count 10: 0.0140809 0.013402 0.0130253 ... 0.00991411

Time limit reached
Best objective 1.408089950703e-02, best bound 3.032976036008e-02, gap 115.3965%
{"verdict": "UNRESOLVED", "status": "TIME_LIMIT", "runtime": 360.00326204299927, "objval": 0.014080899507030148, "objbound": 0.03032976036007867, "binaries": 46}
