Set parameter NodefileStart to value 6
Read parameters from file gurobi.env
Restricted license - for non-production use only - expires 2027-11-29
Set parameter OutputFlag to value 1
Set parameter Threads to value 4
Set parameter TimeLimit to value 360
Set parameter MIPGap to value 5e-05
Set parameter MIPFocus to value 2
Set parameter NonConvex to value 2
Set parameter BestBdStop to value 2.7426211734693878e-02
Gurobi Optimizer version 13.0.3 build v13.0.3rc0 (linux64 - "Ubuntu 24.04.5 LTS")

CPU model: INTEL(R) XEON(R) PLATINUM 8573C, instruction set [SSE2|AVX|AVX2|AVX512]
Thread count: 2 physical cores, 4 logical processors, using up to 4 threads

Non-default parameters:
TimeLimit  360
BestBdStop  2.7426211734693878e-02
MIPGap  5e-05
MIPFocus  2
NodefileStart  6
NonConvex  2
Threads  4

Optimize a model with 129 rows, 99 columns and 714 nonzeros (Max)
Model fingerprint: 0x0203ea9e
Model has 1 linear objective coefficients
Model has 50 quadratic constraints
Variable types: 65 continuous, 34 integer (34 binary)
Coefficient statistics:
  Matrix range     [5e-01, 1e+00]
  QMatrix range    [1e+00, 1e+00]
  QLMatrix range   [1e+00, 1e+00]
  Objective range  [1e+00, 1e+00]
  Bounds range     [5e-01, 1e+00]
  RHS range        [1e+00, 1e+00]

Found heuristic solution: objective -0.0000000
Presolve time: 0.00s
Presolved: 329 rows, 100 columns, 1114 nonzeros
Presolved model has 50 bilinear constraint(s)

Solving non-convex MIQCP to global optimality

Variable types: 66 continuous, 34 integer (34 binary)
Root relaxation presolve removed 50 rows and 1 columns
Root relaxation presolved: 279 rows, 99 columns, 1064 nonzeros


Root relaxation: objective 1.153846e-01, 119 iterations, 0.00 seconds (0.00 work units)

    Nodes    |    Current Node    |     Objective Bounds      |     Work
 Expl Unexpl |  Obj  Depth IntInf | Incumbent    BestBd   Gap | It/Node Time

     0     0    0.11538    0   57   -0.00000    0.11538      -     -    0s
     0     0    0.09615    0   69   -0.00000    0.09615      -     -    0s
     0     0    0.08824    0   65   -0.00000    0.08824      -     -    0s
     0     0    0.08824    0   65   -0.00000    0.08824      -     -    0s
     0     0    0.08197    0   65   -0.00000    0.08197      -     -    0s
     0     0    0.08130    0   66   -0.00000    0.08130      -     -    0s
     0     0    0.07843    0   67   -0.00000    0.07843      -     -    0s
     0     0    0.07843    0   67   -0.00000    0.07843      -     -    0s
     0     0    0.07843    0   65   -0.00000    0.07843      -     -    0s
     0     0    0.07843    0   64   -0.00000    0.07843      -     -    0s
     0     0    0.07843    0   65   -0.00000    0.07843      -     -    0s
     0     0    0.07843    0   53   -0.00000    0.07843      -     -    0s
     0     0    0.07843    0   59   -0.00000    0.07843      -     -    0s
     0     0    0.07843    0   64   -0.00000    0.07843      -     -    0s
     0     0    0.07843    0   61   -0.00000    0.07843      -     -    0s
     0     0    0.07843    0   64   -0.00000    0.07843      -     -    0s
     0     0    0.07843    0   63   -0.00000    0.07843      -     -    0s
     0     0    0.07843    0   54   -0.00000    0.07843      -     -    0s
     0     0    0.07843    0   54   -0.00000    0.07843      -     -    0s
     0     2    0.07843    0   54   -0.00000    0.07843      -     -    0s
H  106   117                       0.0000000    0.07798      -  34.3    0s
H  320   365                       0.0000000    0.07798      -  25.7    0s
H  336   365                       0.0000000    0.07798      -  24.9    0s
H 1121   946                       0.0000000    0.07353      -  19.9    1s
H 1634  1182                       0.0000000    0.03779      -  26.2    1s
* 1668  1124              80       0.0000001    0.03779      -  26.1    1s
* 1805  1167             100       0.0000002    0.03779      -  26.6    1s
* 1807  1123             101       0.0000002    0.03779      -  26.6    1s
H 1822  1075                       0.0000004    0.03779      -  26.6    1s
H 2632  1430                       0.0000006    0.03779      -  28.9    2s

Cutting planes:
  Gomory: 26
  MIR: 3
  Flow cover: 7
  RLT: 44
  BQP: 10

Explored 14604 nodes (452011 simplex iterations) in 4.96 seconds (4.84 work units)
Thread count was 4 (of 4 available processors)

Solution count 9: 6.22478e-07 2.13008e-07 1.51855e-07 ... -0

Optimization achieved user objective limit
Best objective 6.224783433290e-07, best bound 2.695850585643e-02, gap -
{"verdict": "PROVED", "status": "BOUND_REACHED", "runtime": 4.95789098739624, "objval": 6.224783433289583e-07, "objbound": 0.026958505856431256, "binaries": 34}
