Set parameter NodefileStart to value 6
Read parameters from file gurobi.env
Restricted license - for non-production use only - expires 2027-11-29
Set parameter OutputFlag to value 1
Set parameter Threads to value 4
Set parameter TimeLimit to value 360
Set parameter MIPGap to value 5e-05
Set parameter MIPFocus to value 2
Set parameter NonConvex to value 2
Set parameter BestBdStop to value 2.7426211734693878e-02
Gurobi Optimizer version 13.0.3 build v13.0.3rc0 (linux64 - "Ubuntu 24.04.5 LTS")

CPU model: AMD EPYC 9V74 80-Core Processor, instruction set [SSE2|AVX|AVX2|AVX512]
Thread count: 2 physical cores, 4 logical processors, using up to 4 threads

Non-default parameters:
TimeLimit  360
BestBdStop  2.7426211734693878e-02
MIPGap  5e-05
MIPFocus  2
NodefileStart  6
NonConvex  2
Threads  4

Optimize a model with 141 rows, 111 columns and 810 nonzeros (Max)
Model fingerprint: 0x6e1cf89a
Model has 1 linear objective coefficients
Model has 50 quadratic constraints
Variable types: 65 continuous, 46 integer (46 binary)
Coefficient statistics:
  Matrix range     [5e-01, 1e+00]
  QMatrix range    [1e+00, 1e+00]
  QLMatrix range   [1e+00, 1e+00]
  Objective range  [1e+00, 1e+00]
  Bounds range     [5e-01, 1e+00]
  RHS range        [1e+00, 1e+00]

Found heuristic solution: objective -0.0000000
Presolve time: 0.00s
Presolved: 341 rows, 112 columns, 1210 nonzeros
Presolved model has 50 bilinear constraint(s)

Solving non-convex MIQCP to global optimality

Variable types: 66 continuous, 46 integer (46 binary)
Root relaxation presolve removed 50 rows and 1 columns
Root relaxation presolved: 291 rows, 111 columns, 1160 nonzeros


Root relaxation: objective 8.333333e-02, 111 iterations, 0.00 seconds (0.00 work units)

    Nodes    |    Current Node    |     Objective Bounds      |     Work
 Expl Unexpl |  Obj  Depth IntInf | Incumbent    BestBd   Gap | It/Node Time

     0     0    0.08333    0   50   -0.00000    0.08333      -     -    0s
     0     0    0.08333    0   39   -0.00000    0.08333      -     -    0s
     0     0    0.08333    0   50   -0.00000    0.08333      -     -    0s
     0     0    0.08333    0   46   -0.00000    0.08333      -     -    0s
     0     0    0.08333    0   34   -0.00000    0.08333      -     -    0s
     0     0    0.08333    0   32   -0.00000    0.08333      -     -    0s
     0     0    0.08333    0   32   -0.00000    0.08333      -     -    0s
     0     2    0.08333    0   32   -0.00000    0.08333      -     -    0s
H  249   261                       0.0000001    0.08333      -  15.9    0s
*  802   752              93       0.0000002    0.07143      -  18.1    0s
H 1195  1032                       0.0000003    0.07143      -  21.1    1s
H 1214   976                       0.0000005    0.07143      -  21.3    1s
H 1814  1269                       0.0000005    0.07143      -  23.7    1s
H 2291  1453                       0.0000006    0.07143      -  26.2    1s
H 2463  1554                       0.0000007    0.07143      -  25.9    1s
 15306 10630    0.00720   42   50    0.00000    0.06111      -  31.0    5s
H28934 19435                       0.0000010    0.05856      -  32.8    8s
 33319 22714     cutoff   99         0.00000    0.05783      -  32.8   10s
 56686 38463    0.00073   54   52    0.00000    0.05538      -  33.2   15s
 78401 53766    0.00026   47   49    0.00000    0.05390      -  33.0   20s
 99991 68630    0.00167   47   52    0.00000    0.05319      -  32.9   25s
 120774 82569     cutoff   78         0.00000    0.05258      -  33.2   30s
 141659 96546    0.01735   33   48    0.00000    0.05210      -  33.1   35s
 162683 110323    0.00001   92   44    0.00000    0.05153      -  33.2   40s
 185145 125032    0.00008   60   46    0.00000    0.05105      -  33.4   45s
 206012 137719    0.04054   35   51    0.00000    0.05064      -  33.4   50s
 227814 152663    0.00002   51   28    0.00000    0.05038      -  33.5   55s
 249293 167295    0.01580   43   54    0.00000    0.05003      -  33.6   60s
 268448 179870    0.00322   53   50    0.00000    0.05000      -  33.7   65s
 289536 193612    0.00709   53   44    0.00000    0.05000      -  33.8   70s
 310258 207291    0.00004   54   24    0.00000    0.04985      -  33.9   75s
 331699 221591    0.00708   40   38    0.00000    0.04964      -  33.9   80s
 351089 234857    0.02737   36   54    0.00000    0.04952      -  34.0   85s
 372384 248647    0.02332   39   51    0.00000    0.04935      -  34.0   90s
 393411 262326    0.00164   42   36    0.00000    0.04915      -  34.0   95s
 411495 273620    0.00037   59   44    0.00000    0.04899      -  34.0  100s
 428748 285131    0.00016   59   50    0.00000    0.04889      -  34.1  105s
 449255 299344    0.00401   59   43    0.00000    0.04876      -  34.1  110s
 470318 314209    0.04394   28   62    0.00000    0.04867      -  34.1  115s
 491350 327454     cutoff   71         0.00000    0.04850      -  34.1  120s
 513697 342070    0.00212   53   45    0.00000    0.04840      -  34.0  125s
 534448 354918    0.00003   76   43    0.00000    0.04825      -  34.0  130s
 551139 367708    0.03615   37   51    0.00000    0.04815      -  34.0  135s
 573952 380270    0.00000   82   27    0.00000    0.04803      -  34.1  140s
 596583 394870    0.00010   55   50    0.00000    0.04789      -  34.0  145s
 617358 408542    0.01749   41   50    0.00000    0.04780      -  34.1  150s
 639553 423914    0.00089   65   51    0.00000    0.04771      -  34.1  155s
 661289 437997    0.00001   91   37    0.00000    0.04763      -  34.0  160s
 683177 451440     cutoff   66         0.00000    0.04754      -  34.0  165s
 705430 465282    0.00367   51   52    0.00000    0.04744      -  33.9  170s
 724065 477443    0.02288   44   53    0.00000    0.04735      -  34.0  175s
 742813 489983    0.00003   79   23    0.00000    0.04729      -  34.0  180s
 764521 504173    0.00153   52   46    0.00000    0.04720      -  34.0  185s
 785793 517864    0.00984   45   55    0.00000    0.04713      -  34.0  190s
 807366 531983    0.04117   36   51    0.00000    0.04707      -  34.0  195s
 828478 546051    0.00000   65   27    0.00000    0.04701      -  34.0  200s
 847492 558924    0.00000   87   34    0.00000    0.04695      -  34.0  205s
 866907 571180    0.00000   61   37    0.00000    0.04690      -  34.0  210s
 885928 583538    0.03791   35   51    0.00000    0.04684      -  34.0  215s
 903742 595299    0.00065   59   50    0.00000    0.04678      -  34.0  220s
 925327 609206     cutoff   49         0.00000    0.04672      -  34.0  225s
 946824 623220    0.04397   32   55    0.00000    0.04667      -  34.0  230s
 968381 636481    0.00005   72   50    0.00000    0.04661      -  34.0  235s
 986496 647194    0.00000   67   19    0.00000    0.04655      -  34.0  240s
 1007044 660796    0.00572   42   44    0.00000    0.04650      -  34.1  245s
 1028239 674791    0.00000   88   30    0.00000    0.04644      -  34.0  250s
 1050131 688522     cutoff   71         0.00000    0.04638      -  34.0  255s
 1070779 702459    0.03534   35   55    0.00000    0.04634      -  34.1  260s
 1092231 716798    0.00206   43   25    0.00000    0.04630      -  34.1  265s
 1113160 730439 infeasible   60         0.00000    0.04625      -  34.1  270s
 1131121 742089    0.00009   79   52    0.00000    0.04621      -  34.1  275s
 1152135 755224    0.00880   43   53    0.00000    0.04614      -  34.1  280s
 1173135 769130    0.00000   93   37    0.00000    0.04609      -  34.1  285s
 1193640 782611    0.00018   73   50    0.00000    0.04604      -  34.1  290s
 1212489 795052    0.00000   72   25    0.00000    0.04601      -  34.1  295s
 1232570 807844    0.04040   39   50    0.00000    0.04597      -  34.1  300s
 1254649 821973    0.00050   59   51    0.00000    0.04592      -  34.1  305s
*1255274 821872              88       0.0000010    0.04592      -  34.1  305s
H1262895 821914                       0.0000012    0.04591      -  34.1  308s
H1263084 822054                       0.0000012    0.04591      -  34.1  308s
 1268911 826000    0.01449   40   50    0.00000    0.04589      -  34.1  310s
 1291079 840498     cutoff   59         0.00000    0.04586      -  34.1  315s
 1312878 853873    0.00240   56   51    0.00000    0.04582      -  34.1  320s
 1334667 867303    0.00000   71   47    0.00000    0.04578      -  34.0  325s
 1356492 881001    0.00169   60   51    0.00000    0.04573      -  34.0  330s
 1376766 893357    0.00003   65   38    0.00000    0.04570      -  34.0  335s
 1399080 908025    0.00851   47   43    0.00000    0.04565      -  34.0  340s
 1419047 920748    0.00855   38   50    0.00000    0.04562      -  34.0  345s
 1437064 932145    0.01475   40   51    0.00000    0.04558      -  34.0  350s
 1459355 946177    0.00000   71   26    0.00000    0.04553      -  34.0  355s
 1481075 959205    0.02632   43   53    0.00000    0.04549      -  34.0  360s

Cutting planes:
  Gomory: 20
  Implied bound: 21
  MIR: 18
  Mixing: 2
  Flow cover: 99
  Inf proof: 10
  RLT: 122
  Relax-and-lift: 11
  BQP: 30

Explored 1481382 nodes (50325468 simplex iterations) in 360.00 seconds (475.22 work units)
Thread count was 4 (of 4 available processors)

Solution count 10: 1.16405e-06 9.8911e-07 9.77349e-07 ... -0

Time limit reached
Best objective 1.164052261637e-06, best bound 4.549072070558e-02, gap 3907862.0568%
{"verdict": "UNRESOLVED", "status": "TIME_LIMIT", "runtime": 360.00271701812744, "objval": 1.164052261637405e-06, "objbound": 0.04549072070557509, "binaries": 46}
