Set parameter NodefileStart to value 6
Read parameters from file gurobi.env
Restricted license - for non-production use only - expires 2027-11-29
Set parameter OutputFlag to value 1
Set parameter Threads to value 4
Set parameter TimeLimit to value 360
Set parameter MIPGap to value 5e-05
Set parameter MIPFocus to value 2
Set parameter NonConvex to value 2
Set parameter BestBdStop to value 2.7426211734693878e-02
Gurobi Optimizer version 13.0.3 build v13.0.3rc0 (linux64 - "Ubuntu 24.04.5 LTS")

CPU model: INTEL(R) XEON(R) PLATINUM 8573C, instruction set [SSE2|AVX|AVX2|AVX512]
Thread count: 2 physical cores, 4 logical processors, using up to 4 threads

Non-default parameters:
TimeLimit  360
BestBdStop  2.7426211734693878e-02
MIPGap  5e-05
MIPFocus  2
NodefileStart  6
NonConvex  2
Threads  4

Optimize a model with 133 rows, 103 columns and 742 nonzeros (Max)
Model fingerprint: 0x481576dc
Model has 1 linear objective coefficients
Model has 50 quadratic constraints
Variable types: 65 continuous, 38 integer (38 binary)
Coefficient statistics:
  Matrix range     [5e-01, 1e+00]
  QMatrix range    [1e+00, 1e+00]
  QLMatrix range   [1e+00, 1e+00]
  Objective range  [1e+00, 1e+00]
  Bounds range     [5e-01, 1e+00]
  RHS range        [1e+00, 1e+00]

Found heuristic solution: objective -0.0000000
Presolve time: 0.00s
Presolved: 333 rows, 104 columns, 1142 nonzeros
Presolved model has 50 bilinear constraint(s)

Solving non-convex MIQCP to global optimality

Variable types: 66 continuous, 38 integer (38 binary)
Root relaxation presolve removed 66 rows and 9 columns
Root relaxation presolved: 267 rows, 95 columns, 996 nonzeros


Root relaxation: objective 1.000000e-01, 113 iterations, 0.00 seconds (0.00 work units)

    Nodes    |    Current Node    |     Objective Bounds      |     Work
 Expl Unexpl |  Obj  Depth IntInf | Incumbent    BestBd   Gap | It/Node Time

     0     0    0.10000    0   51   -0.00000    0.10000      -     -    0s
     0     0    0.08333    0   46   -0.00000    0.08333      -     -    0s
     0     0    0.08333    0   58   -0.00000    0.08333      -     -    0s
     0     0    0.08333    0   55   -0.00000    0.08333      -     -    0s
     0     0    0.08333    0   40   -0.00000    0.08333      -     -    0s
H    0     0                       0.0000000    0.08333      -     -    0s
     0     0    0.07143    0   64    0.00000    0.07143      -     -    0s
     0     0    0.07143    0   65    0.00000    0.07143      -     -    0s
     0     0    0.07143    0   61    0.00000    0.07143      -     -    0s
     0     0    0.07034    0   64    0.00000    0.07034      -     -    0s
     0     0    0.07034    0   65    0.00000    0.07034      -     -    0s
     0     0    0.07029    0   66    0.00000    0.07029      -     -    0s
     0     0    0.07011    0   64    0.00000    0.07011      -     -    0s
     0     0    0.07011    0   64    0.00000    0.07011      -     -    0s
     0     0    0.07000    0   64    0.00000    0.07000      -     -    0s
     0     0    0.06949    0   65    0.00000    0.06949      -     -    0s
     0     0    0.06923    0   65    0.00000    0.06923      -     -    0s
     0     0    0.06923    0   65    0.00000    0.06923      -     -    0s
     0     0    0.06911    0   65    0.00000    0.06911      -     -    0s
     0     0    0.06911    0   64    0.00000    0.06911      -     -    0s
     0     2    0.06911    0   59    0.00000    0.06911      -     -    0s
H  195   233                       0.0000002    0.06911      -  28.3    0s
H  280   329                       0.0000003    0.06826      -  26.4    1s
H  439   454                       0.0000004    0.06794      -  26.4    1s
H  449   454                       0.0000004    0.06794      -  25.9    1s
H  539   519                       0.0000005    0.06794      -  25.9    1s
H 1258  1024                       0.0000008    0.06724      -  25.1    1s
H 1962  1344                       0.0000009    0.05547      -  29.5    2s
H 6983  4322                       0.0000010    0.03713      -  26.0    3s
 10873  7121    0.00022   52   37    0.00000    0.03253      -  24.6    5s

Cutting planes:
  Gomory: 12
  MIR: 5
  Flow cover: 13
  RLT: 58
  BQP: 12

Explored 21406 nodes (473380 simplex iterations) in 7.62 seconds (6.81 work units)
Thread count was 4 (of 4 available processors)

Solution count 9: 9.56781e-07 9.12086e-07 4.56043e-07 ... -0

Optimization achieved user objective limit
Best objective 9.567813834486e-07, best bound 2.731234880472e-02, gap -
{"verdict": "PROVED", "status": "BOUND_REACHED", "runtime": 7.619023084640503, "objval": 9.567813834486249e-07, "objbound": 0.027312348804718944, "binaries": 38}
