Set parameter NodefileStart to value 6
Read parameters from file gurobi.env
Restricted license - for non-production use only - expires 2027-11-29
Set parameter OutputFlag to value 1
Set parameter Threads to value 4
Set parameter TimeLimit to value 360
Set parameter MIPGap to value 5e-05
Set parameter MIPFocus to value 2
Set parameter NonConvex to value 2
Set parameter BestBdStop to value 2.7426211734693878e-02
Gurobi Optimizer version 13.0.3 build v13.0.3rc0 (linux64 - "Ubuntu 24.04.5 LTS")

CPU model: AMD EPYC 7763 64-Core Processor, instruction set [SSE2|AVX|AVX2]
Thread count: 2 physical cores, 4 logical processors, using up to 4 threads

Non-default parameters:
TimeLimit  360
BestBdStop  2.7426211734693878e-02
MIPGap  5e-05
MIPFocus  2
NodefileStart  6
NonConvex  2
Threads  4

Optimize a model with 141 rows, 111 columns and 810 nonzeros (Max)
Model fingerprint: 0xe25d76af
Model has 1 linear objective coefficients
Model has 50 quadratic constraints
Variable types: 65 continuous, 46 integer (46 binary)
Coefficient statistics:
  Matrix range     [5e-01, 1e+00]
  QMatrix range    [1e+00, 1e+00]
  QLMatrix range   [1e+00, 1e+00]
  Objective range  [1e+00, 1e+00]
  Bounds range     [5e-01, 1e+00]
  RHS range        [1e+00, 1e+00]

Found heuristic solution: objective -0.0000000
Presolve time: 0.00s
Presolved: 341 rows, 112 columns, 1210 nonzeros
Presolved model has 50 bilinear constraint(s)

Solving non-convex MIQCP to global optimality

Variable types: 66 continuous, 46 integer (46 binary)
Found heuristic solution: objective 0.0000000
Root relaxation presolve removed 50 rows and 1 columns
Root relaxation presolved: 291 rows, 111 columns, 1160 nonzeros


Root relaxation: objective 1.250000e-01, 129 iterations, 0.00 seconds (0.00 work units)

    Nodes    |    Current Node    |     Objective Bounds      |     Work
 Expl Unexpl |  Obj  Depth IntInf | Incumbent    BestBd   Gap | It/Node Time

     0     0    0.12500    0   50    0.00000    0.12500      -     -    0s
     0     0    0.10000    0   64    0.00000    0.10000      -     -    0s
     0     0    0.10000    0   58    0.00000    0.10000      -     -    0s
     0     0    0.10000    0   68    0.00000    0.10000      -     -    0s
     0     0    0.10000    0   44    0.00000    0.10000      -     -    0s
     0     0    0.10000    0   44    0.00000    0.10000      -     -    0s
     0     0    0.10000    0   44    0.00000    0.10000      -     -    0s
     0     2    0.10000    0   44    0.00000    0.10000      -     -    0s
* 1037   957             107       0.0000000    0.09176      -  22.5    0s
H 1167   989                       0.0000001    0.09176      -  22.4    1s
H 1169   941                       0.0000003    0.09176      -  22.3    1s
H 1169   894                       0.0000007    0.09176      -  22.3    1s
H 1169   849                       0.0000007    0.07385      -  22.3    1s
H 2753  1569                       0.0000009    0.06761      -  23.4    2s
*10860  3467             103       0.0058815    0.06761  1050%  21.6    4s
*11116  3533             101       0.0058815    0.06761  1050%  21.7    4s
H11491  3735                       0.0058823    0.06761  1049%  21.9    4s
 12139  3965    0.04596   31   54    0.00588    0.06761  1049%  22.1    5s
H15189  5453                       0.0063681    0.06723   956%  23.2    5s
H16864  5701                       0.0084112    0.06646   690%  23.7    6s
H20338  6759                       0.0105971    0.06462   510%  25.1    7s
 27276 10169    0.03798   35   52    0.01060    0.06220   487%  26.5   10s
 43271 16559    0.04181   34   52    0.01060    0.05876   455%  28.0   15s
H51899 19815                       0.0105971    0.05719   440%  28.4   17s
 57127 21956     cutoff   39         0.01060    0.05636   432%  28.6   20s
 75404 29380     cutoff   44         0.01060    0.05470   416%  29.6   25s
 93010 37014    0.01135   42   51    0.01060    0.05344   404%  30.4   30s
 110277 43969     cutoff   42         0.01060    0.05237   394%  31.5   35s
 127376 50515    0.03771   36   52    0.01060    0.05143   385%  32.2   40s
 145132 57330    0.01139   39   48    0.01060    0.05074   379%  32.7   45s
H148969 58717                       0.0105972    0.05061   378%  32.8   46s
 159430 62813    0.02418   36   55    0.01060    0.05010   373%  33.1   50s
 176777 69353     cutoff   43         0.01060    0.04944   367%  33.5   55s
 194784 75686    0.03668   35   54    0.01060    0.04897   362%  33.9   60s
 212335 82061    0.03443   33   52    0.01060    0.04843   357%  34.2   65s
 228659 87866     cutoff   42         0.01060    0.04791   352%  34.3   70s
 244310 93700    0.02630   36   57    0.01060    0.04751   348%  34.4   75s
 262560 99917     cutoff   41         0.01060    0.04703   344%  34.6   80s
 279800 105228    0.03527   32   54    0.01060    0.04663   340%  34.8   85s
 297215 111218    0.04387   36   57    0.01060    0.04626   337%  35.1   90s
 314578 116812    0.01219   39   36    0.01060    0.04575   332%  35.3   95s
 332070 122462    0.01474   37   50    0.01060    0.04535   328%  35.5  100s
 349518 127969    0.03421   34   51    0.01060    0.04504   325%  35.6  105s
 367058 133399    0.02535   39   52    0.01060    0.04478   323%  35.7  110s
 384430 138891    0.01887   35   55    0.01060    0.04451   320%  35.9  115s
 399077 143675     cutoff   38         0.01060    0.04427   318%  36.0  120s
 414206 148738 infeasible   44         0.01060    0.04405   316%  36.1  125s
 432490 154611    0.01573   34   53    0.01060    0.04378   313%  36.1  130s
 449626 159799    0.01573   42   55    0.01060    0.04353   311%  36.2  135s
 467209 165382    0.04263   31   35    0.01060    0.04326   308%  36.3  140s
 484707 170400    0.01706   39   53    0.01060    0.04299   306%  36.4  145s
 501238 175375    0.01639   39   55    0.01060    0.04279   304%  36.4  150s
 518171 180606    0.02072   42   56    0.01060    0.04258   302%  36.5  155s
 535437 185595     cutoff   42         0.01060    0.04236   300%  36.6  160s
 549617 189780    0.01210   44   51    0.01060    0.04219   298%  36.6  165s
 566089 194570    0.01259   38   52    0.01060    0.04198   296%  36.6  170s
 583302 199887    0.01738   32   50    0.01060    0.04178   294%  36.7  175s
 600754 205063    0.02930   39   54    0.01060    0.04159   292%  36.8  180s
 617552 210192    0.01103   41   53    0.01060    0.04143   291%  36.8  185s
 634649 215428     cutoff   38         0.01060    0.04125   289%  36.9  190s
 652374 220583    0.02541   38   51    0.01060    0.04108   288%  36.9  195s
 670179 225513    0.03339   33   51    0.01060    0.04091   286%  36.9  200s
 686916 230174    0.02837   43   50    0.01060    0.04076   285%  36.9  205s
 704201 234816     cutoff   41         0.01060    0.04060   283%  37.0  210s
 721736 240047    0.03045   38   53    0.01060    0.04043   282%  37.0  215s
 734998 243726     cutoff   48         0.01060    0.04032   280%  37.0  220s
 752036 248312    0.02363   38   53    0.01060    0.04018   279%  37.1  225s
 768600 253114    0.01183   45   51    0.01060    0.04003   278%  37.1  230s
 785614 257766     cutoff   34         0.01060    0.03989   276%  37.1  235s
 803007 262726    0.01259   51   46    0.01060    0.03975   275%  37.1  240s
 818987 266916    0.02992   36   54    0.01060    0.03960   274%  37.2  245s
 835153 271386    0.01574   38   40    0.01060    0.03948   273%  37.2  250s
 850979 275579    0.01095   44   49    0.01060    0.03935   271%  37.2  255s
 864615 279516     cutoff   31         0.01060    0.03924   270%  37.2  260s
 880099 283583    0.01401   40   51    0.01060    0.03911   269%  37.2  265s
 893695 287413    0.02558   33   56    0.01060    0.03901   268%  37.3  270s
*895835 288076              94       0.0106070    0.03899   268%  37.3  270s
*895837 288054              95       0.0106094    0.03899   268%  37.3  270s
*895838 288054              95       0.0106094    0.03899   268%  37.3  270s
*895846 288020              94       0.0106124    0.03899   267%  37.3  270s
*895847 288020              94       0.0106125    0.03899   267%  37.3  270s
H897553 254994                       0.0137698    0.03898   183%  37.3  271s
H898969 250244                       0.0142153    0.03896   174%  37.3  272s
H900330 247597                       0.0144650    0.03895   169%  37.3  272s
H901506 245303                       0.0146779    0.03894   165%  37.3  273s
 903830 245762    0.02324   43   53    0.01468    0.03892   165%  37.3  275s
H915209 247854                       0.0146781    0.03881   164%  37.3  278s
 919584 248862    0.01778   37   53    0.01468    0.03877   164%  37.3  280s
H923715 249669                       0.0146782    0.03874   164%  37.3  281s
H924738 248517                       0.0147857    0.03872   162%  37.3  281s
 934118 250383     cutoff   35         0.01479    0.03864   161%  37.3  285s
 951476 253301    0.01882   42   52    0.01479    0.03849   160%  37.3  290s
H960105 254758                       0.0147857    0.03841   160%  37.3  292s
 966886 255985    0.02597   34   51    0.01479    0.03836   159%  37.3  295s
 984011 259137     cutoff   40         0.01479    0.03821   158%  37.3  300s
 1000934 262053     cutoff   39         0.01479    0.03809   158%  37.3  305s
H1013486 264214                       0.0147857    0.03800   157%  37.2  308s
 1016745 264803     cutoff   39         0.01479    0.03798   157%  37.2  310s
 1034324 267652     cutoff   37         0.01479    0.03784   156%  37.2  315s
 1048710 269990    0.02661   35   53    0.01479    0.03773   155%  37.2  320s
 1065691 272875     cutoff   38         0.01479    0.03760   154%  37.2  325s
 1083370 275926    0.01659   37   50    0.01479    0.03748   153%  37.2  330s
 1101000 279051    0.01871   42   52    0.01479    0.03735   153%  37.2  335s
 1118262 281903     cutoff   38         0.01479    0.03722   152%  37.2  340s
 1135871 284587    0.01612   34   52    0.01479    0.03709   151%  37.2  345s
 1153201 287320    0.02472   35   50    0.01479    0.03698   150%  37.2  350s
 1171443 290285     cutoff   35         0.01479    0.03685   149%  37.2  355s
 1188512 293112    0.01622   43   50    0.01479    0.03675   149%  37.2  360s

Cutting planes:
  Gomory: 37
  Implied bound: 25
  MIR: 9
  Mixing: 1
  Flow cover: 77
  Inf proof: 6
  RLT: 121
  Relax-and-lift: 23
  BQP: 38

Explored 1188893 nodes (44189554 simplex iterations) in 360.00 seconds (409.15 work units)
Thread count was 4 (of 4 available processors)

Solution count 10: 0.0147857 0.0146782 0.0146781 ... 0.0105972

Time limit reached
Best objective 1.478566308166e-02, best bound 3.674473386718e-02, gap 148.5160%
{"verdict": "UNRESOLVED", "status": "TIME_LIMIT", "runtime": 360.002788066864, "objval": 0.01478566308166264, "objbound": 0.036744733867180794, "binaries": 46}
