Set parameter NodefileStart to value 6
Read parameters from file gurobi.env
Restricted license - for non-production use only - expires 2027-11-29
Set parameter OutputFlag to value 1
Set parameter Threads to value 4
Set parameter TimeLimit to value 360
Set parameter MIPGap to value 5e-05
Set parameter MIPFocus to value 2
Set parameter NonConvex to value 2
Set parameter BestBdStop to value 2.7426211734693878e-02
Gurobi Optimizer version 13.0.3 build v13.0.3rc0 (linux64 - "Ubuntu 24.04.5 LTS")

CPU model: INTEL(R) XEON(R) PLATINUM 8573C, instruction set [SSE2|AVX|AVX2|AVX512]
Thread count: 2 physical cores, 4 logical processors, using up to 4 threads

Non-default parameters:
TimeLimit  360
BestBdStop  2.7426211734693878e-02
MIPGap  5e-05
MIPFocus  2
NodefileStart  6
NonConvex  2
Threads  4

Optimize a model with 141 rows, 111 columns and 810 nonzeros (Max)
Model fingerprint: 0x094d8dcf
Model has 1 linear objective coefficients
Model has 50 quadratic constraints
Variable types: 65 continuous, 46 integer (46 binary)
Coefficient statistics:
  Matrix range     [5e-01, 1e+00]
  QMatrix range    [1e+00, 1e+00]
  QLMatrix range   [1e+00, 1e+00]
  Objective range  [1e+00, 1e+00]
  Bounds range     [5e-01, 1e+00]
  RHS range        [1e+00, 1e+00]

Found heuristic solution: objective -0.0000000
Presolve time: 0.00s
Presolved: 341 rows, 112 columns, 1210 nonzeros
Presolved model has 50 bilinear constraint(s)

Solving non-convex MIQCP to global optimality

Variable types: 66 continuous, 46 integer (46 binary)
Root relaxation presolve removed 50 rows and 1 columns
Root relaxation presolved: 291 rows, 111 columns, 1160 nonzeros


Root relaxation: objective 8.333333e-02, 111 iterations, 0.00 seconds (0.00 work units)

    Nodes    |    Current Node    |     Objective Bounds      |     Work
 Expl Unexpl |  Obj  Depth IntInf | Incumbent    BestBd   Gap | It/Node Time

     0     0    0.08333    0   49   -0.00000    0.08333      -     -    0s
     0     0    0.08333    0   53   -0.00000    0.08333      -     -    0s
     0     0    0.07143    0   49   -0.00000    0.07143      -     -    0s
     0     0    0.07143    0   53   -0.00000    0.07143      -     -    0s
     0     0    0.07143    0   51   -0.00000    0.07143      -     -    0s
     0     0    0.07143    0   48   -0.00000    0.07143      -     -    0s
     0     0    0.07143    0   54   -0.00000    0.07143      -     -    0s
     0     0    0.07143    0   53   -0.00000    0.07143      -     -    0s
     0     0    0.07143    0   43   -0.00000    0.07143      -     -    0s
     0     0    0.07143    0   43   -0.00000    0.07143      -     -    0s
     0     2    0.07143    0   43   -0.00000    0.07143      -     -    0s
*  826   770              70       0.0000000    0.06693      -  22.3    0s
*  829   770              71       0.0000000    0.06693      -  22.2    0s
H 1146   973                       0.0000001    0.06693      -  25.2    1s
H 1146   924                       0.0000004    0.06693      -  25.2    1s
H 1149   880                       0.0037342    0.06693  1692%  25.1    1s
H 1149   836                       0.0063253    0.06693   958%  25.1    1s
H 1208   839                       0.0069349    0.06693   865%  27.8    1s
H 1379   950                       0.0094774    0.06693   606%  27.4    1s
H 1781  1041                       0.0100254    0.06693   568%  25.5    1s
H 1881  1031                       0.0101195    0.06693   561%  25.4    1s
H 1988  1045                       0.0108632    0.06693   516%  25.9    1s
H 2294  1135                       0.0109071    0.06693   514%  26.1    2s
H 2547  1167                       0.0119636    0.06693   459%  26.2    2s
H 3597  1395                       0.0138841    0.05343   285%  26.1    2s
H 3768  1436                       0.0138842    0.05343   285%  25.9    2s
H 6082  2742                       0.0140586    0.04966   253%  25.2    4s
H 7158  2590                       0.0185873    0.04910   164%  25.5    4s
H 8243  3019                       0.0186728    0.04867   161%  25.6    4s
  9592  3693    0.04772   24   63    0.01867    0.04795   157%  25.7    5s
H11999  4148                       0.0194650    0.04709   142%  25.9    5s
 22720  7335     cutoff   32         0.01946    0.04375   125%  26.7   10s
 36122 10825    0.02992   32   58    0.01946    0.04165   114%  28.6   15s
 54676 14994     cutoff   35         0.01946    0.03986   105%  29.5   20s
 69188 17614     cutoff   41         0.01946    0.03870  98.8%  30.0   25s
 86823 20680    0.03482   30   55    0.01946    0.03770  93.7%  30.3   30s
 105185 23605    0.02060   39   56    0.01946    0.03681  89.1%  30.5   35s
 121962 25894     cutoff   29         0.01946    0.03601  85.0%  30.6   40s
H126658 26394                       0.0195533    0.03582  83.2%  30.6   41s
H126760 26536                       0.0195533    0.03580  83.1%  30.7   41s
 136682 27812    0.02243   36   56    0.01955    0.03542  81.1%  30.7   45s
 155364 29932    0.02314   33   54    0.01955    0.03470  77.5%  30.7   50s
 172165 31699    0.02008   41   58    0.01955    0.03407  74.2%  30.8   55s
 188709 33473     cutoff   34         0.01955    0.03356  71.6%  30.9   60s
 200934 34582     cutoff   38         0.01955    0.03317  69.6%  30.9   65s
 216300 35948    0.02986   34   53    0.01955    0.03272  67.3%  30.8   70s
 231718 37155    0.02034   34   56    0.01955    0.03229  65.2%  30.8   75s
 250317 38647    0.02709   30   55    0.01955    0.03183  62.8%  30.8   80s
 266754 39667     cutoff   37         0.01955    0.03144  60.8%  30.7   85s
 282322 40561    0.02715   37   57    0.01955    0.03108  59.0%  30.7   90s
 299890 41767    0.02968   36   57    0.01955    0.03071  57.1%  30.6   95s
 315174 42617     cutoff   32         0.01955    0.03038  55.3%  30.5  100s
 332390 43591    0.02494   29   54    0.01955    0.03003  53.6%  30.5  105s
 349510 44124     cutoff   37         0.01955    0.02970  51.9%  30.4  110s
 362894 44610    0.02640   38   52    0.01955    0.02945  50.6%  30.3  115s
 377858 45001    0.02429   38   58    0.01955    0.02917  49.2%  30.3  120s
 394956 45540    0.02121   33   61    0.01955    0.02888  47.7%  30.2  125s
 410914 45710     cutoff   35         0.01955    0.02858  46.2%  30.1  130s
 427664 45744    0.02065   34   56    0.01955    0.02827  44.6%  30.0  135s
 445784 45813    0.02280   37   56    0.01955    0.02796  43.0%  29.9  140s
 461988 45723    0.02108   36   56    0.01955    0.02768  41.6%  29.8  145s

Cutting planes:
  Gomory: 14
  Implied bound: 36
  MIR: 18
  Mixing: 1
  Flow cover: 49
  Inf proof: 14
  RLT: 112
  Relax-and-lift: 24
  BQP: 20

Explored 477510 nodes (14217043 simplex iterations) in 149.52 seconds (135.35 work units)
Thread count was 4 (of 4 available processors)

Solution count 10: 0.0195533 0.019465 0.0186728 ... 0.0101195

Optimization achieved user objective limit
Best objective 1.955331902912e-02, best bound 2.742140976422e-02, gap 40.2392%
{"verdict": "PROVED", "status": "BOUND_REACHED", "runtime": 149.51687288284302, "objval": 0.019553319029124567, "objbound": 0.027421409764216895, "binaries": 46}
