Set parameter NodefileStart to value 6
Read parameters from file gurobi.env
Restricted license - for non-production use only - expires 2027-11-29
Set parameter OutputFlag to value 1
Set parameter Threads to value 4
Set parameter TimeLimit to value 360
Set parameter MIPGap to value 5e-05
Set parameter MIPFocus to value 2
Set parameter NonConvex to value 2
Set parameter BestBdStop to value 2.7426211734693878e-02
Gurobi Optimizer version 13.0.3 build v13.0.3rc0 (linux64 - "Ubuntu 24.04.5 LTS")

CPU model: AMD EPYC 7763 64-Core Processor, instruction set [SSE2|AVX|AVX2]
Thread count: 2 physical cores, 4 logical processors, using up to 4 threads

Non-default parameters:
TimeLimit  360
BestBdStop  2.7426211734693878e-02
MIPGap  5e-05
MIPFocus  2
NodefileStart  6
NonConvex  2
Threads  4

Optimize a model with 149 rows, 119 columns and 871 nonzeros (Max)
Model fingerprint: 0x39d57980
Model has 1 linear objective coefficients
Model has 50 quadratic constraints
Variable types: 65 continuous, 54 integer (54 binary)
Coefficient statistics:
  Matrix range     [5e-01, 1e+00]
  QMatrix range    [1e+00, 1e+00]
  QLMatrix range   [1e+00, 1e+00]
  Objective range  [1e+00, 1e+00]
  Bounds range     [5e-01, 1e+00]
  RHS range        [1e+00, 1e+00]

Found heuristic solution: objective -0.0000000
Presolve time: 0.00s
Presolved: 349 rows, 120 columns, 1271 nonzeros
Presolved model has 50 bilinear constraint(s)

Solving non-convex MIQCP to global optimality

Variable types: 66 continuous, 54 integer (54 binary)
Root relaxation presolve removed 50 rows and 1 columns
Root relaxation presolved: 299 rows, 119 columns, 1221 nonzeros


Root relaxation: objective 8.333333e-02, 124 iterations, 0.00 seconds (0.00 work units)

    Nodes    |    Current Node    |     Objective Bounds      |     Work
 Expl Unexpl |  Obj  Depth IntInf | Incumbent    BestBd   Gap | It/Node Time

     0     0    0.08333    0   59   -0.00000    0.08333      -     -    0s
     0     0    0.06250    0   65   -0.00000    0.06250      -     -    0s
     0     0    0.06250    0   60   -0.00000    0.06250      -     -    0s
     0     0    0.06250    0   60   -0.00000    0.06250      -     -    0s
     0     0    0.06250    0   72   -0.00000    0.06250      -     -    0s
     0     0    0.06250    0   47   -0.00000    0.06250      -     -    0s
     0     0    0.06250    0   46   -0.00000    0.06250      -     -    0s
     0     0    0.06250    0   49   -0.00000    0.06250      -     -    0s
     0     0    0.06250    0   44   -0.00000    0.06250      -     -    0s
     0     0    0.06250    0   44   -0.00000    0.06250      -     -    0s
     0     0    0.06250    0   44   -0.00000    0.06250      -     -    0s
     0     2    0.06250    0   44   -0.00000    0.06250      -     -    0s
H  531   487                       0.0000000    0.06126      -  17.3    0s
H 1198   968                       0.0000000    0.06126      -  23.3    2s
H 1198   920                       0.0086033    0.04618   437%  23.3    2s
H 1581  1127                       0.0095725    0.04618   382%  23.5    2s
H 1598  1039                       0.0181421    0.04618   155%  23.4    2s
H 2678  1153                       0.0198816    0.04618   132%  27.9    3s
  8649  2835    0.02844   28   32    0.01988    0.04618   132%  30.9    5s
H10348  3575                       0.0198816    0.04618   132%  30.8    5s
H20229  6500                       0.0200853    0.04577   128%  31.1    7s
H20463  6661                       0.0200854    0.04575   128%  31.2    7s
H23197  7760                       0.0201968    0.04558   126%  31.1    8s
H24592  8290                       0.0202037    0.04537   125%  31.1    8s
 28960  9751    0.04428   24   58    0.02020    0.04489   122%  31.7   10s
 50379 16491    0.03138   36   50    0.02020    0.04319   114%  31.7   15s
H58907 18663                       0.0206133    0.04286   108%  31.7   17s
H58916 17348                       0.0219576    0.04286  95.2%  31.7   17s
H60148 16699                       0.0227491    0.04276  88.0%  31.8   17s
 67082 18336     cutoff   28         0.02275    0.04238  86.3%  31.6   20s
 86665 22131    0.02411   39   50    0.02275    0.04151  82.5%  31.5   25s
 109260 27059     cutoff   30         0.02275    0.04063  78.6%  31.2   30s
 131891 31554    0.02451   37   40    0.02275    0.03995  75.6%  30.9   35s
 154705 36227    0.03181   37   29    0.02275    0.03937  73.0%  30.8   40s
 177091 40103     cutoff   39         0.02275    0.03892  71.1%  30.8   45s
 199132 44285     cutoff   35         0.02275    0.03852  69.3%  30.8   50s
 220670 47522     cutoff   33         0.02275    0.03820  67.9%  31.0   55s
 239992 50406    0.03019   33   38    0.02275    0.03792  66.7%  31.1   60s
 258111 53360    0.03155   33   52    0.02275    0.03766  65.6%  31.1   65s
H259227 53245                       0.0228451    0.03765  64.8%  31.1   65s
H259675 53268                       0.0228452    0.03764  64.8%  31.0   65s
 277356 56196     cutoff   40         0.02285    0.03741  63.8%  31.0   70s
 299041 59624    0.02499   94    6    0.02285    0.03712  62.5%  30.9   75s
 321335 62833    0.02376   40   47    0.02285    0.03680  61.1%  30.9   80s
 342336 65759    0.03267   36   50    0.02285    0.03655  60.0%  30.8   85s
 364724 68427    0.02376   32   46    0.02285    0.03627  58.8%  30.8   90s
 387695 71124     cutoff   36         0.02285    0.03601  57.6%  30.7   95s
 410036 73606    0.02474   35   44    0.02285    0.03577  56.6%  30.6  100s
 431655 75996     cutoff   33         0.02285    0.03556  55.6%  30.6  105s
 454969 79008     cutoff   39         0.02285    0.03534  54.7%  30.5  110s
H461754 66464                       0.0246916    0.03528  42.9%  30.5  111s
H462973 66002                       0.0247769    0.03526  42.3%  30.5  112s
 471679 66596     cutoff   30         0.02478    0.03515  41.9%  30.5  115s
 495015 68078     cutoff   35         0.02478    0.03487  40.7%  30.3  120s
H511358 69279                       0.0247770    0.03468  40.0%  30.2  123s
 515209 69782    0.03160   29   52    0.02478    0.03465  39.9%  30.2  125s
 538063 71117    0.02938   36   50    0.02478    0.03440  38.8%  30.1  130s
 560596 72250    0.02883   32   46    0.02478    0.03417  37.9%  30.0  135s
 583590 73701     cutoff   34         0.02478    0.03396  37.1%  29.9  140s
 604116 74619    0.03101   33   48    0.02478    0.03377  36.3%  29.8  145s
 627019 75602    0.02817   33   47    0.02478    0.03356  35.4%  29.7  150s
 650536 76485     cutoff   34         0.02478    0.03334  34.6%  29.7  155s
 673464 77506     cutoff   28         0.02478    0.03313  33.7%  29.6  160s
H678558 77715                       0.0247770    0.03309  33.6%  29.5  161s
 693893 78601    0.02750   26   56    0.02478    0.03296  33.0%  29.5  165s
 717151 79665     cutoff   32         0.02478    0.03277  32.3%  29.4  170s
 737876 80406    0.02892   26   54    0.02478    0.03260  31.6%  29.3  175s
 757735 81088     cutoff   38         0.02478    0.03244  30.9%  29.2  180s
 780821 81606    0.02797   31   50    0.02478    0.03227  30.2%  29.1  185s
 804832 82057    0.02735   29   41    0.02478    0.03209  29.5%  29.0  190s
 829001 82792 infeasible   43         0.02478    0.03193  28.9%  28.9  195s
 851591 83592    0.03099   29   47    0.02478    0.03179  28.3%  28.8  200s
 875207 83925     cutoff   43         0.02478    0.03163  27.6%  28.8  205s
 898344 84215    0.02544   31   52    0.02478    0.03148  27.1%  28.7  210s
 919280 84472    0.03011   38   56    0.02478    0.03135  26.5%  28.6  215s
 942800 84807     cutoff   38         0.02478    0.03121  25.9%  28.6  220s
 966253 85160     cutoff   39         0.02478    0.03107  25.4%  28.5  225s
 990325 85089    0.03009   31   44    0.02478    0.03091  24.8%  28.4  230s
 1014113 85267    0.02725   36   56    0.02478    0.03077  24.2%  28.3  235s
 1036730 85228     cutoff   40         0.02478    0.03064  23.7%  28.2  240s
 1059969 85371     cutoff   35         0.02478    0.03051  23.1%  28.1  245s
 1079440 85437    0.02885   35   38    0.02478    0.03039  22.7%  28.1  250s
 1103721 85133    0.02637   36   44    0.02478    0.03025  22.1%  28.0  255s
 1126456 85648    0.02514   39   45    0.02478    0.03012  21.6%  27.9  260s
 1149073 85561     cutoff   37         0.02478    0.02999  21.0%  27.8  265s
 1172948 85418    0.02667   35   42    0.02478    0.02986  20.5%  27.7  270s
 1195777 85580    0.02675   35   55    0.02478    0.02974  20.0%  27.6  275s
 1219619 85729    0.02753   30   54    0.02478    0.02961  19.5%  27.5  280s
 1242109 85937     cutoff   40         0.02478    0.02950  19.1%  27.4  285s
 1261997 85936     cutoff   40         0.02478    0.02939  18.6%  27.4  290s
 1283476 86326     cutoff   35         0.02478    0.02928  18.2%  27.3  295s
 1307898 86514    0.02485   34   55    0.02478    0.02915  17.7%  27.2  300s
 1329949 86284    0.02790   29   41    0.02478    0.02904  17.2%  27.1  305s
 1353764 86625     cutoff   41         0.02478    0.02892  16.7%  27.0  310s
 1378726 87409    0.02616   45   24    0.02478    0.02880  16.3%  26.9  315s
 1402902 87876    0.02587   36   46    0.02478    0.02869  15.8%  26.8  320s
 1427147 88295    0.02857   28   62    0.02478    0.02858  15.3%  26.7  325s
 1452691 89840    0.02579   46   54    0.02478    0.02847  14.9%  26.5  330s
 1477067 93197     cutoff   38         0.02478    0.02841  14.7%  26.3  335s
 1504575 96674    0.02833   85    8    0.02478    0.02833  14.3%  26.1  340s
 1532257 99816    0.02518   64   14    0.02478    0.02826  14.1%  25.9  345s
 1557611 100065     cutoff   41         0.02478    0.02818  13.7%  25.8  350s
 1582913 101316    0.02480   43   31    0.02478    0.02811  13.4%  25.6  355s
 1609874 101419    0.02588   39   58    0.02478    0.02805  13.2%  25.5  360s

Cutting planes:
  Gomory: 2
  Implied bound: 13
  MIR: 2
  Flow cover: 13
  Inf proof: 1
  RLT: 64
  Relax-and-lift: 4
  BQP: 9

Explored 1610125 nodes (41005152 simplex iterations) in 360.00 seconds (365.42 work units)
Thread count was 4 (of 4 available processors)

Solution count 10: 0.024777 0.0246916 0.0228452 ... 0.0198816

Time limit reached
Best objective 2.477701229631e-02, best bound 2.804553366266e-02, gap 13.1917%
{"verdict": "UNRESOLVED", "status": "TIME_LIMIT", "runtime": 360.00224590301514, "objval": 0.02477701229631226, "objbound": 0.028045533662660018, "binaries": 54}
