Set parameter NodefileStart to value 6
Read parameters from file gurobi.env
Restricted license - for non-production use only - expires 2027-11-29
Set parameter OutputFlag to value 1
Set parameter Threads to value 4
Set parameter TimeLimit to value 360
Set parameter MIPGap to value 5e-05
Set parameter MIPFocus to value 2
Set parameter NonConvex to value 2
Set parameter BestBdStop to value 2.7426211734693878e-02
Gurobi Optimizer version 13.0.3 build v13.0.3rc0 (linux64 - "Ubuntu 24.04.5 LTS")

CPU model: AMD EPYC 7763 64-Core Processor, instruction set [SSE2|AVX|AVX2]
Thread count: 2 physical cores, 4 logical processors, using up to 4 threads

Non-default parameters:
TimeLimit  360
BestBdStop  2.7426211734693878e-02
MIPGap  5e-05
MIPFocus  2
NodefileStart  6
NonConvex  2
Threads  4

Optimize a model with 141 rows, 111 columns and 810 nonzeros (Max)
Model fingerprint: 0x78dc0c34
Model has 1 linear objective coefficients
Model has 50 quadratic constraints
Variable types: 65 continuous, 46 integer (46 binary)
Coefficient statistics:
  Matrix range     [5e-01, 1e+00]
  QMatrix range    [1e+00, 1e+00]
  QLMatrix range   [1e+00, 1e+00]
  Objective range  [1e+00, 1e+00]
  Bounds range     [5e-01, 1e+00]
  RHS range        [1e+00, 1e+00]

Found heuristic solution: objective -0.0000000
Presolve time: 0.00s
Presolved: 341 rows, 112 columns, 1210 nonzeros
Presolved model has 50 bilinear constraint(s)

Solving non-convex MIQCP to global optimality

Variable types: 66 continuous, 46 integer (46 binary)
Root relaxation presolve removed 50 rows and 1 columns
Root relaxation presolved: 291 rows, 111 columns, 1160 nonzeros


Root relaxation: objective 8.333333e-02, 110 iterations, 0.00 seconds (0.00 work units)

    Nodes    |    Current Node    |     Objective Bounds      |     Work
 Expl Unexpl |  Obj  Depth IntInf | Incumbent    BestBd   Gap | It/Node Time

     0     0    0.08333    0   50   -0.00000    0.08333      -     -    0s
     0     0    0.08000    0   66   -0.00000    0.08000      -     -    0s
     0     0    0.08000    0   56   -0.00000    0.08000      -     -    0s
     0     0    0.08000    0   72   -0.00000    0.08000      -     -    0s
     0     0    0.08000    0   56   -0.00000    0.08000      -     -    0s
H    0     0                       0.0000001    0.08000      -     -    0s
H    0     0                       0.0000002    0.08000      -     -    0s
     0     0    0.07895    0   72    0.00000    0.07895      -     -    0s
     0     0    0.07813    0   68    0.00000    0.07813      -     -    0s
     0     0    0.07778    0   65    0.00000    0.07778      -     -    0s
     0     0    0.07749    0   51    0.00000    0.07749      -     -    0s
     0     0    0.07738    0   61    0.00000    0.07738      -     -    0s
     0     0    0.07692    0   57    0.00000    0.07692      -     -    0s
     0     0    0.07692    0   49    0.00000    0.07692      -     -    0s
     0     0    0.07692    0   50    0.00000    0.07692      -     -    0s
     0     0    0.07692    0   49    0.00000    0.07692      -     -    0s
     0     0    0.07692    0   49    0.00000    0.07692      -     -    0s
     0     0    0.07692    0   57    0.00000    0.07692      -     -    0s
     0     0    0.07692    0   49    0.00000    0.07692      -     -    0s
     0     0    0.07692    0   54    0.00000    0.07692      -     -    0s
     0     0    0.07692    0   63    0.00000    0.07692      -     -    0s
     0     0    0.07692    0   49    0.00000    0.07692      -     -    0s
     0     0    0.07692    0   49    0.00000    0.07692      -     -    0s
     0     2    0.07692    0   49    0.00000    0.07692      -     -    0s
H 1153   925                       0.0000004    0.07692      -  28.0    1s
* 1879  1373             118       0.0000013    0.06888      -  25.1    1s
  8681  5958    0.00535   42   38    0.00000    0.06049      -  24.1    5s
 28000 20089     cutoff   70         0.00000    0.05636      -  29.2   10s
 42770 30210     cutoff  113         0.00000    0.05500      -  30.4   15s
 61317 43306    0.03080   39   53    0.00000    0.05409      -  31.0   20s
 80485 56536    0.01317   37   52    0.00000    0.05328      -  31.5   25s
 99284 68818    0.00016   52   32    0.00000    0.05284      -  31.6   30s
 116982 80570    0.00121   40   44    0.00000    0.05230      -  31.8   35s
 136584 93723    0.00000   57   33    0.00000    0.05179      -  31.7   40s
H145315 99425                       0.0000013    0.05162      -  31.8   42s
 150916 103670    0.00036   45   45    0.00000    0.05158      -  31.8   45s
 171348 117550    0.00022   59   44    0.00000    0.05109      -  31.9   50s
 188870 129111    0.00100   47   39    0.00000    0.05071      -  32.0   55s
 207399 141697    0.02812   44   53    0.00000    0.05036      -  32.1   60s
 226378 153849    0.00000   63   29    0.00000    0.05010      -  32.2   65s
 244724 166774    0.00069   60   43    0.00000    0.05000      -  32.2   70s
 263655 179372    0.00000   66   27    0.00000    0.04997      -  32.1   75s
H279705 189552                       0.0000013    0.04975      -  32.0   79s
 279713 189632    0.00001   75   25    0.00000    0.04975      -  32.0   80s
 297053 201482    0.04944   28   60    0.00000    0.04959      -  32.1   85s
 314309 213187    0.01573   43   44    0.00000    0.04944      -  32.2   90s
 332046 225259    0.00000  120   20    0.00000    0.04931      -  32.2   95s
 351136 237492 infeasible   44         0.00000    0.04918      -  32.3  100s
 368361 249320    0.00350   59   37    0.00000    0.04912      -  32.4  105s
 386092 260936    0.00708   43   40    0.00000    0.04900      -  32.4  110s
 400381 270360    0.00009   72   50    0.00000    0.04889      -  32.5  115s
 416625 281486     cutoff   90         0.00000    0.04879      -  32.6  120s
 431912 291332    0.00237   42   44    0.00000    0.04870      -  32.6  125s
 449332 302920    0.00000   82   44    0.00000    0.04858      -  32.6  130s
 467607 314826    0.00003   77   48    0.00000    0.04847      -  32.7  135s
 485636 327258    0.00082   56   43    0.00000    0.04837      -  32.6  140s
 503572 339321    0.00000   81   30    0.00000    0.04832      -  32.6  145s
 522057 351731    0.00008   81   53    0.00000    0.04822      -  32.6  150s
 541499 365271    0.00046   57   50    0.00000    0.04813      -  32.6  155s
 558512 376492    0.00019   56   31    0.00000    0.04803      -  32.7  160s
 573126 386084    0.00593   52   44    0.00000    0.04795      -  32.7  165s
 592220 398583    0.02394   44   51    0.00000    0.04785      -  32.7  170s
 609088 410337    0.00343   52   38    0.00000    0.04777      -  32.8  175s
 626436 421743    0.00001   68   48    0.00000    0.04768      -  32.8  180s
 643919 433596    0.00820   45   43    0.00000    0.04759      -  32.8  185s
 662659 446141     cutoff   76         0.00000    0.04750      -  32.9  190s
 680699 458121    0.00001   86   25    0.00000    0.04742      -  32.8  195s
 685556 461646    0.01472   41   50    0.00000    0.04740      -  32.9  200s
 702352 472270    0.01309   43   52    0.00000    0.04734      -  32.9  205s
 721479 484720    0.02682   37   54    0.00000    0.04725      -  33.0  210s
 739424 496902    0.00021   46   42    0.00000    0.04720      -  32.9  215s
 757006 508747 infeasible   71         0.00000    0.04713      -  33.0  220s
 776310 521602    0.00002   59   33    0.00000    0.04707      -  32.9  225s
 793691 533460    0.00000   81   32    0.00000    0.04701      -  33.0  230s
 810903 545023     cutoff   44         0.00000    0.04694      -  32.9  235s
 828423 556257    0.00006   76   50    0.00000    0.04686      -  33.0  240s
 847072 567992    0.00000   92   46    0.00000    0.04678      -  33.0  245s
 862999 578783    0.01729   40   51    0.00000    0.04674      -  33.0  250s
 876380 587366    0.00511   46   50    0.00000    0.04668      -  33.0  255s
 895925 600175    0.00408   48   44    0.00000    0.04661      -  33.0  260s
 908917 608374    0.00006   50   31    0.00000    0.04655      -  33.0  265s
 925836 619970    0.00000   84   31    0.00000    0.04651      -  33.0  270s
 944409 631935    0.02170   42   51    0.00000    0.04643      -  33.1  275s
 961197 643280    0.01301   53   50    0.00000    0.04637      -  33.1  280s
 978320 654479    0.00010   67   36    0.00000    0.04629      -  33.1  285s
 992385 664098    0.00012   48   38    0.00000    0.04623      -  33.1  290s
 1010834 676211    0.01195   42   43    0.00000    0.04619      -  33.1  295s
 1027657 687200    0.00613   38   37    0.00000    0.04614      -  33.1  300s
 1045403 698587    0.03853   35   52    0.00000    0.04610      -  33.1  305s
 1064549 711485    0.00001   66   46    0.00000    0.04605      -  33.1  310s
 1081607 723389    0.00005   58   38    0.00000    0.04601      -  33.1  315s
 1098340 734402    0.00004   51   43    0.00000    0.04597      -  33.2  320s
 1115303 745854    0.00668   52   52    0.00000    0.04592      -  33.2  325s
 1131044 756430    0.01203   39   44    0.00000    0.04589      -  33.2  330s
 1148581 767772    0.00009   66   46    0.00000    0.04584      -  33.2  335s
 1165791 778868    0.00479   57   43    0.00000    0.04579      -  33.2  340s
 1182404 789556    0.03222   33   50    0.00000    0.04574      -  33.2  345s
 1201067 802021    0.00644   46   50    0.00000    0.04569      -  33.2  350s
 1217978 812702    0.00960   49   52    0.00000    0.04566      -  33.3  355s
 1234373 823524    0.00014   58   50    0.00000    0.04561      -  33.3  360s

Cutting planes:
  Gomory: 17
  Lift-and-project: 7
  Implied bound: 35
  MIR: 11
  Flow cover: 68
  Inf proof: 6
  RLT: 69
  Relax-and-lift: 23
  BQP: 30

Explored 1234751 nodes (41071670 simplex iterations) in 360.00 seconds (370.16 work units)
Thread count was 4 (of 4 available processors)

Solution count 7: 1.31042e-06 1.30662e-06 1.25904e-06 ... -0

Time limit reached
Best objective 1.310422125598e-06, best bound 4.561053892658e-02, gap 3480498.9639%
{"verdict": "UNRESOLVED", "status": "TIME_LIMIT", "runtime": 360.00290083885193, "objval": 1.3104221255978497e-06, "objbound": 0.045610538926577085, "binaries": 46}
