Set parameter NodefileStart to value 6
Read parameters from file gurobi.env
Restricted license - for non-production use only - expires 2027-11-29
Set parameter OutputFlag to value 1
Set parameter Threads to value 4
Set parameter TimeLimit to value 360
Set parameter MIPGap to value 5e-05
Set parameter MIPFocus to value 2
Set parameter NonConvex to value 2
Set parameter BestBdStop to value 2.7426211734693878e-02
Gurobi Optimizer version 13.0.3 build v13.0.3rc0 (linux64 - "Ubuntu 24.04.5 LTS")

CPU model: AMD EPYC 7763 64-Core Processor, instruction set [SSE2|AVX|AVX2]
Thread count: 2 physical cores, 4 logical processors, using up to 4 threads

Non-default parameters:
TimeLimit  360
BestBdStop  2.7426211734693878e-02
MIPGap  5e-05
MIPFocus  2
NodefileStart  6
NonConvex  2
Threads  4

Optimize a model with 145 rows, 115 columns and 846 nonzeros (Max)
Model fingerprint: 0x57fab679
Model has 1 linear objective coefficients
Model has 50 quadratic constraints
Variable types: 65 continuous, 50 integer (50 binary)
Coefficient statistics:
  Matrix range     [5e-01, 1e+00]
  QMatrix range    [1e+00, 1e+00]
  QLMatrix range   [1e+00, 1e+00]
  Objective range  [1e+00, 1e+00]
  Bounds range     [5e-01, 1e+00]
  RHS range        [1e+00, 1e+00]

Found heuristic solution: objective -0.0000000
Presolve time: 0.00s
Presolved: 345 rows, 116 columns, 1246 nonzeros
Presolved model has 50 bilinear constraint(s)

Solving non-convex MIQCP to global optimality

Variable types: 66 continuous, 50 integer (50 binary)
Root relaxation presolve removed 50 rows and 1 columns
Root relaxation presolved: 295 rows, 115 columns, 1196 nonzeros


Root relaxation: objective 8.333333e-02, 163 iterations, 0.00 seconds (0.00 work units)

    Nodes    |    Current Node    |     Objective Bounds      |     Work
 Expl Unexpl |  Obj  Depth IntInf | Incumbent    BestBd   Gap | It/Node Time

     0     0    0.08333    0   53   -0.00000    0.08333      -     -    0s
     0     0    0.06897    0   64   -0.00000    0.06897      -     -    0s
     0     0    0.05882    0   52   -0.00000    0.05882      -     -    0s
     0     0    0.05882    0   52   -0.00000    0.05882      -     -    0s
     0     0    0.05882    0   66   -0.00000    0.05882      -     -    0s
     0     0    0.05882    0   56   -0.00000    0.05882      -     -    0s
     0     0    0.05882    0   75   -0.00000    0.05882      -     -    0s
     0     0    0.05882    0   50   -0.00000    0.05882      -     -    0s
     0     0    0.05882    0   53   -0.00000    0.05882      -     -    0s
     0     0    0.05882    0   59   -0.00000    0.05882      -     -    0s
     0     0    0.05882    0   59   -0.00000    0.05882      -     -    0s
     0     0    0.05882    0   54   -0.00000    0.05882      -     -    0s
     0     0    0.05882    0   54   -0.00000    0.05882      -     -    0s
     0     2    0.05882    0   54   -0.00000    0.05882      -     -    0s
H  803   659                       0.0000000    0.05882      -  30.3    0s
H  901   717                       0.0000000    0.05882      -  30.4    1s
H 1213   954                       0.0009611    0.04603  4690%  34.6    1s
H 1288   974                       0.0011715    0.04603  3830%  34.1    1s
H 1295   928                       0.0013656    0.04603  3271%  34.1    1s
H 1302   884                       0.0028027    0.04603  1543%  33.9    1s
H 1393   921                       0.0030858    0.04603  1392%  33.8    1s
H 1416   875                       0.0061833    0.04603   645%  33.4    1s
H 1500   897                       0.0064497    0.04603   614%  32.6    1s
H 1542   845                       0.0067477    0.04603   582%  32.2    1s
* 1607   825              70       0.0099251    0.04603   364%  31.6    1s
* 1612   793              72       0.0099304    0.04603   364%  31.5    1s
H 1639   821                       0.0099304    0.04603   364%  31.2    2s
* 1682   780              76       0.0099308    0.04603   364%  30.8    2s
H 1700   674                       0.0118471    0.04603   289%  30.8    2s
H 1855   675                       0.0119608    0.04603   285%  29.7    2s
* 1968   646             100       0.0122904    0.04603   275%  29.4    2s
* 1977   620             103       0.0122911    0.04603   275%  29.2    2s
H 2158   631                       0.0122911    0.04603   275%  29.5    2s
H 3246  1026                       0.0123321    0.04603   273%  31.2    2s
H 5477  1805                       0.0124621    0.04486   260%  33.3    3s
H 7256  2267                       0.0124768    0.04375   251%  34.0    4s
H 7946  2559                       0.0124768    0.04281   243%  34.5    4s
  9927  3123    0.03522   22   49    0.01248    0.04089   228%  35.0    5s
H27473  7352                       0.0124804    0.03492   180%  35.3    9s
H27678  7353                       0.0124804    0.03487   179%  35.3    9s
 28723  7718    0.03356   25   62    0.01248    0.03479   179%  35.3   10s
H37101  9470                       0.0126030    0.03329   164%  35.0   11s
H37701  9618                       0.0126030    0.03316   163%  35.0   12s
H38909  9767                       0.0126046    0.03292   161%  35.1   12s
H39710 10006                       0.0126046    0.03285   161%  35.1   12s
 47927 11765     cutoff   34         0.01260    0.03187   153%  34.9   15s
H56403 12453                       0.0136033    0.03120   129%  34.8   17s
H58833 12727                       0.0136033    0.03090   127%  34.8   18s
 65536 13773 infeasible   34         0.01360    0.03038   123%  34.7   20s
H65879 13773                       0.0136033    0.03038   123%  34.7   20s
 87102 16500    0.02273   26   58    0.01360    0.02885   112%  34.4   25s
 107545 18830    0.02458   31   56    0.01360    0.02770   104%  34.1   30s

Cutting planes:
  Gomory: 7
  Implied bound: 6
  MIR: 2
  Flow cover: 20
  RLT: 62
  Relax-and-lift: 3
  BQP: 9

Explored 113309 nodes (3853873 simplex iterations) in 31.23 seconds (32.07 work units)
Thread count was 4 (of 4 available processors)

Solution count 10: 0.0136033 0.0126046 0.012603 ... 0.0122904

Optimization achieved user objective limit
Best objective 1.360328022038e-02, best bound 2.741711361646e-02, gap 101.5478%
{"verdict": "PROVED", "status": "BOUND_REACHED", "runtime": 31.226598978042603, "objval": 0.013603280220383585, "objbound": 0.027417113616464088, "binaries": 50}
