Set parameter NodefileStart to value 6
Read parameters from file gurobi.env
Restricted license - for non-production use only - expires 2027-11-29
Set parameter OutputFlag to value 1
Set parameter Threads to value 4
Set parameter TimeLimit to value 360
Set parameter MIPGap to value 5e-05
Set parameter MIPFocus to value 2
Set parameter NonConvex to value 2
Set parameter BestBdStop to value 2.7426211734693878e-02
Gurobi Optimizer version 13.0.3 build v13.0.3rc0 (linux64 - "Ubuntu 24.04.5 LTS")

CPU model: AMD EPYC 9V45 96-Core Processor, instruction set [SSE2|AVX|AVX2|AVX512]
Thread count: 2 physical cores, 4 logical processors, using up to 4 threads

Non-default parameters:
TimeLimit  360
BestBdStop  2.7426211734693878e-02
MIPGap  5e-05
MIPFocus  2
NodefileStart  6
NonConvex  2
Threads  4

Optimize a model with 141 rows, 111 columns and 810 nonzeros (Max)
Model fingerprint: 0x4b217035
Model has 1 linear objective coefficients
Model has 50 quadratic constraints
Variable types: 65 continuous, 46 integer (46 binary)
Coefficient statistics:
  Matrix range     [5e-01, 1e+00]
  QMatrix range    [1e+00, 1e+00]
  QLMatrix range   [1e+00, 1e+00]
  Objective range  [1e+00, 1e+00]
  Bounds range     [5e-01, 1e+00]
  RHS range        [1e+00, 1e+00]

Found heuristic solution: objective -0.0000000
Presolve time: 0.00s
Presolved: 341 rows, 112 columns, 1210 nonzeros
Presolved model has 50 bilinear constraint(s)

Solving non-convex MIQCP to global optimality

Variable types: 66 continuous, 46 integer (46 binary)
Root relaxation presolve removed 50 rows and 1 columns
Root relaxation presolved: 291 rows, 111 columns, 1160 nonzeros


Root relaxation: objective 8.333333e-02, 105 iterations, 0.00 seconds (0.00 work units)

    Nodes    |    Current Node    |     Objective Bounds      |     Work
 Expl Unexpl |  Obj  Depth IntInf | Incumbent    BestBd   Gap | It/Node Time

     0     0    0.08333    0   45   -0.00000    0.08333      -     -    0s
     0     0    0.06250    0   62   -0.00000    0.06250      -     -    0s
     0     0    0.06250    0   56   -0.00000    0.06250      -     -    0s
     0     0    0.06250    0   57   -0.00000    0.06250      -     -    0s
H    0     0                       0.0000000    0.06250      -     -    0s
     0     0    0.05882    0   68    0.00000    0.05882      -     -    0s
     0     0    0.05556    0   59    0.00000    0.05556      -     -    0s
     0     0    0.05556    0   63    0.00000    0.05556      -     -    0s
     0     0    0.05556    0   69    0.00000    0.05556      -     -    0s
     0     0    0.05556    0   66    0.00000    0.05556      -     -    0s
     0     0    0.05556    0   40    0.00000    0.05556      -     -    0s
     0     0    0.05556    0   40    0.00000    0.05556      -     -    0s
     0     0    0.05556    0   40    0.00000    0.05556      -     -    0s
     0     2    0.05556    0   40    0.00000    0.05556      -     -    0s
H   31    52                       0.0000000    0.05427      -  22.6    0s
H   96   108                       0.0000000    0.05427      -  16.9    0s
H  138   160                       0.0000002    0.05427      -  18.3    0s
* 1989  1440             114       0.0000002    0.04933      -  16.6    1s
* 2022  1383             105       0.0000002    0.04933      -  16.5    1s
* 2031  1336             106       0.0000003    0.04933      -  16.4    1s
* 2065  1280             108       0.0000006    0.04933      -  16.3    1s
 19044 14631    0.03170   33   52    0.00000    0.04172      -  20.9    5s
 47091 35907    0.01091   42   50    0.00000    0.03885      -  21.2   10s
H55639 41505                       0.0000007    0.03846      -  21.1   11s
H58024 43357                       0.0000008    0.03846      -  21.1   11s
 76614 57270    0.03270   35   51    0.00000    0.03765      -  21.0   15s
 107758 80154    0.00099   56   50    0.00000    0.03674      -  21.2   20s
 140061 103163    0.00003   63   48    0.00000    0.03608      -  20.9   25s
 171234 125564    0.00000   78   40    0.00000    0.03566      -  21.0   30s
 196483 143324    0.00000   94   41    0.00000    0.03523      -  21.1   35s
 228397 166212    0.00000   77   32    0.00000    0.03490      -  21.1   40s
H257200 186464                       0.0000008    0.03464      -  21.1   44s
 257921 187056    0.00419   42   50    0.00000    0.03463      -  21.1   45s
 286743 207735     cutoff   99         0.00000    0.03436      -  21.1   50s
 312805 226711    0.00108   52   51    0.00000    0.03410      -  21.2   55s
 343182 247666    0.01970   36   51    0.00000    0.03386      -  21.2   60s
 369941 266002    0.00613   45   50    0.00000    0.03365      -  21.2   65s
 400041 287092    0.01991   41   56    0.00000    0.03349      -  21.1   70s
H417493 299015                       0.0000008    0.03341      -  21.1   72s
H417789 296997                       0.0000009    0.03340      -  21.1   73s
H419504 290795                       0.0000013    0.03339      -  21.1   73s
H421488 290452                       0.0000014    0.03338      -  21.1   74s
 424437 292575    0.00775   45   51    0.00000    0.03336      -  21.1   75s
 458571 315687    0.00939   43   52    0.00000    0.03327      -  21.1   80s
 490159 337241    0.00001   64   40    0.00000    0.03310      -  21.2   85s
 521502 358764    0.03294   32   53    0.00000    0.03294      -  21.3   90s
 551409 378781    0.00010   69   42    0.00000    0.03286      -  21.3   95s
 580179 397922    0.00005   60   50    0.00000    0.03273      -  21.3  100s
 612055 419556    0.00115   50   50    0.00000    0.03262      -  21.4  105s
 645831 442020     cutoff   88         0.00000    0.03249      -  21.4  110s
 671569 459135    0.00008   76   49    0.00000    0.03237      -  21.4  115s
 703562 480852    0.00004   59   35    0.00000    0.03225      -  21.4  120s
 732814 500068    0.00038   58   44    0.00000    0.03216      -  21.4  125s
 762300 519410    0.00013   68   50    0.00000    0.03208      -  21.4  130s
 794260 541055    0.00773   53   51    0.00000    0.03200      -  21.4  135s
 826739 562494     cutoff   46         0.00000    0.03191      -  21.4  140s
 856522 581700    0.00002   83   50    0.00000    0.03184      -  21.4  145s
 881087 598557    0.01367   41   54    0.00000    0.03178      -  21.5  150s
 912340 618617    0.00000   78   42    0.00000    0.03170      -  21.5  155s
 944894 639251    0.00001   83   33    0.00000    0.03163      -  21.4  160s
 975076 659058    0.00009   65   50    0.00000    0.03155      -  21.4  165s
 1000175 675304    0.00028   59   51    0.00000    0.03147      -  21.4  170s
 1032767 696992    0.00519   52   50    0.00000    0.03138      -  21.4  175s
 1062774 716906    0.00822   39   51    0.00000    0.03132      -  21.5  180s
 1091368 736061    0.00002   61   50    0.00000    0.03126      -  21.5  185s
 1118444 753995    0.00001   66   39    0.00000    0.03123      -  21.4  190s
 1148434 774398    0.00028   47   50    0.00000    0.03118      -  21.5  195s
 1174792 791182    0.00061   52   50    0.00000    0.03114      -  21.5  200s
 1205685 811697    0.00714   48   46    0.00000    0.03108      -  21.5  205s
 1238293 833216    0.00126   54   50    0.00000    0.03103      -  21.5  210s
 1265886 852059    0.00001   83   37    0.00000    0.03098      -  21.5  215s
 1295631 871515    0.02774   37   51    0.00000    0.03094      -  21.5  220s
 1320951 888133    0.00011   71   52    0.00000    0.03089      -  21.5  225s
H1321713 884319                       0.0000015    0.03089      -  21.5  225s
 1345202 900253    0.00137   55   38    0.00000    0.03085      -  21.5  230s
 1373355 918892    0.00000   59   29    0.00000    0.03080      -  21.5  235s
 1404076 939397    0.02496   36   55    0.00000    0.03076      -  21.5  240s
 1434554 960055    0.01611   39   51    0.00000    0.03071      -  21.5  245s
 1463337 979280    0.00000   78   33    0.00000    0.03067      -  21.5  250s
 1492747 998634    0.03063   36   50    0.00000    0.03063      -  21.5  255s
 1524633 1019907    0.00495   49   51    0.00000    0.03059      -  21.5  260s
 1556242 1041073     cutoff   72         0.00000    0.03055      -  21.5  265s
 1584426 1060119    0.01388   36   54    0.00000    0.03052      -  21.5  270s
 1616791 1081566    0.00002   72   50    0.00000    0.03048      -  21.5  275s
 1646490 1100798    0.00172   56   50    0.00000    0.03044      -  21.5  280s
 1675947 1119621    0.00000   83   30    0.00000    0.03040      -  21.5  285s
 1699436 1135346    0.00005   75   48    0.00000    0.03037      -  21.4  290s
 1730064 1155459    0.00001   59   50    0.00000    0.03033      -  21.4  295s
 1759830 1174863    0.00318   44   53    0.00000    0.03030      -  21.4  300s
 1784892 1191314    0.01225   40   51    0.00000    0.03027      -  21.4  305s
 1812177 1209113    0.00808   45   50    0.00000    0.03024      -  21.4  310s
 1844853 1230388     cutoff   83         0.00000    0.03020      -  21.4  315s
 1876403 1251328    0.00049   51   50    0.00000    0.03018      -  21.4  320s
 1909076 1272673    0.02447   37   52    0.00000    0.03014      -  21.4  325s
 1941176 1294139    0.00129   52   50    0.00000    0.03011      -  21.4  330s
 1966619 1310898    0.00005   60   50    0.00000    0.03008      -  21.4  335s
 1997059 1331350    0.00134   57   50    0.00000    0.03005      -  21.4  340s
H2017006 1342273                       0.0000015    0.03003      -  21.4  343s
 2027585 1349466    0.00000   84   33    0.00000    0.03002      -  21.4  345s
 2058808 1369268    0.00929   37   50    0.00000    0.02999      -  21.4  350s
 2088488 1388772    0.02726   33   51    0.00000    0.02996      -  21.4  355s
 2121499 1410873    0.00032   62   50    0.00000    0.02993      -  21.4  360s

Cutting planes:
  Gomory: 26
  Implied bound: 46
  MIR: 5
  Mixing: 1
  Flow cover: 43
  Inf proof: 12
  RLT: 113
  Relax-and-lift: 29
  BQP: 32

Explored 2121886 nodes (45386333 simplex iterations) in 360.00 seconds (631.72 work units)
Thread count was 4 (of 4 available processors)

Solution count 10: 1.54952e-06 1.50523e-06 1.38464e-06 ... 2.51453e-07

Time limit reached
Best objective 1.549515681171e-06, best bound 2.993346270347e-02, gap 1931694.7580%
{"verdict": "UNRESOLVED", "status": "TIME_LIMIT", "runtime": 360.0019099712372, "objval": 1.5495156811713706e-06, "objbound": 0.029933462703465544, "binaries": 46}
