Set parameter NodefileStart to value 6
Read parameters from file gurobi.env
Restricted license - for non-production use only - expires 2027-11-29
Set parameter OutputFlag to value 1
Set parameter Threads to value 4
Set parameter TimeLimit to value 360
Set parameter MIPGap to value 5e-05
Set parameter MIPFocus to value 2
Set parameter NonConvex to value 2
Set parameter BestBdStop to value 2.7426211734693878e-02
Gurobi Optimizer version 13.0.3 build v13.0.3rc0 (linux64 - "Ubuntu 24.04.5 LTS")

CPU model: AMD EPYC 7763 64-Core Processor, instruction set [SSE2|AVX|AVX2]
Thread count: 2 physical cores, 4 logical processors, using up to 4 threads

Non-default parameters:
TimeLimit  360
BestBdStop  2.7426211734693878e-02
MIPGap  5e-05
MIPFocus  2
NodefileStart  6
NonConvex  2
Threads  4

Optimize a model with 141 rows, 111 columns and 810 nonzeros (Max)
Model fingerprint: 0x1b6e8ea5
Model has 1 linear objective coefficients
Model has 50 quadratic constraints
Variable types: 65 continuous, 46 integer (46 binary)
Coefficient statistics:
  Matrix range     [5e-01, 1e+00]
  QMatrix range    [1e+00, 1e+00]
  QLMatrix range   [1e+00, 1e+00]
  Objective range  [1e+00, 1e+00]
  Bounds range     [5e-01, 1e+00]
  RHS range        [1e+00, 1e+00]

Found heuristic solution: objective -0.0000000
Presolve time: 0.00s
Presolved: 341 rows, 112 columns, 1210 nonzeros
Presolved model has 50 bilinear constraint(s)

Solving non-convex MIQCP to global optimality

Variable types: 66 continuous, 46 integer (46 binary)
Root relaxation presolve removed 50 rows and 1 columns
Root relaxation presolved: 291 rows, 111 columns, 1160 nonzeros


Root relaxation: objective 1.250000e-01, 106 iterations, 0.00 seconds (0.00 work units)

    Nodes    |    Current Node    |     Objective Bounds      |     Work
 Expl Unexpl |  Obj  Depth IntInf | Incumbent    BestBd   Gap | It/Node Time

     0     0    0.12500    0   50   -0.00000    0.12500      -     -    0s
     0     0    0.10000    0   60   -0.00000    0.10000      -     -    0s
     0     0    0.10000    0   54   -0.00000    0.10000      -     -    0s
     0     0    0.10000    0   71   -0.00000    0.10000      -     -    0s
     0     0    0.10000    0   65   -0.00000    0.10000      -     -    0s
     0     0    0.10000    0   72   -0.00000    0.10000      -     -    0s
     0     0    0.10000    0   50   -0.00000    0.10000      -     -    0s
     0     0    0.10000    0   47   -0.00000    0.10000      -     -    0s
     0     0    0.10000    0   50   -0.00000    0.10000      -     -    0s
     0     0    0.10000    0   49   -0.00000    0.10000      -     -    0s
     0     0    0.10000    0   50   -0.00000    0.10000      -     -    0s
     0     0    0.10000    0   50   -0.00000    0.10000      -     -    0s
     0     2    0.10000    0   50   -0.00000    0.10000      -     -    0s
*  622   559              97       0.0000002    0.10000      -  30.8    0s
*  623   553              97       0.0000002    0.10000      -  30.7    0s
H  769   655                       0.0000002    0.10000      -  28.8    0s
H 1021   854                       0.0000003    0.10000      -  26.0    0s
H 1236   918                       0.0000003    0.05262      -  25.8    1s
H 1237   872                       0.0000003    0.04956      -  25.8    1s
H 1240   830                       0.0000013    0.04425      -  25.7    1s
H 1243   791                       0.0000013    0.04425      -  27.3    1s
  7517  4776    0.00000   77   26    0.00000    0.04425      -  30.9    5s
 24047 16816     cutoff   69         0.00000    0.04425      -  33.2   10s
 38087 27013    0.00002   80   47    0.00000    0.04425      -  32.7   15s
 55130 38977 infeasible   87         0.00000    0.04425      -  32.9   20s
 73303 51838    0.00165   68   53    0.00000    0.04425      -  33.0   25s
 90295 64259    0.00000  114   25    0.00000    0.04425      -  33.4   30s
 106422 75954    0.01023   57   50    0.00000    0.04425      -  33.8   35s
 123601 88026    0.02807   51   54    0.00000    0.04425      -  33.9   40s
 140403 99933    0.00126   67   50    0.00000    0.04425      -  34.0   45s
 157256 111903    0.00045   60   51    0.00000    0.04425      -  34.1   50s
 173624 123535    0.00739   62   44    0.00000    0.04425      -  34.2   55s
 187521 135970    0.04425   42   57    0.00000    0.04425      -  34.4   61s
 203384 144640    0.00001  109   42    0.00000    0.04425      -  34.5   65s
 220440 156241    0.00201   60   50    0.00000    0.04425      -  34.5   70s
 237419 167393    0.00000   76   31    0.00000    0.04425      -  34.5   75s
 255558 180410    0.00029   84   37    0.00000    0.04425      -  34.5   80s
 272449 192375    0.03464   52   52    0.00000    0.04425      -  34.6   85s
 288843 203662    0.00079   60   51    0.00000    0.04425      -  34.7   90s
 306470 215743    0.00359   52   50    0.00000    0.04425      -  34.7   95s
 324536 227863     cutoff   84         0.00000    0.04425      -  34.6  100s
 341476 239675    0.00427   55   51    0.00000    0.04425      -  34.6  105s
 359016 251818    0.00191   67   44    0.00000    0.04425      -  34.6  110s
 369267 258504    0.02122   50   51    0.00000    0.04425      -  34.6  115s
 383371 268008     cutoff   74         0.00000    0.04425      -  34.6  120s
 396776 277193    0.00018   76   43    0.00000    0.04425      -  34.6  125s
 415149 289608     cutoff   67         0.00000    0.04425      -  34.6  130s
 429922 299940    0.00493   69   50    0.00000    0.04425      -  34.6  135s
 446697 311800    0.00087   81   52    0.00000    0.04425      -  34.7  140s
 465166 324426    0.00009   96   49    0.00000    0.04425      -  34.7  145s
 481705 336083    0.00099   70   31    0.00000    0.04425      -  34.7  150s
 499012 347982    0.00079   75   23    0.00000    0.04425      -  34.7  155s
 515501 359246    0.03906   55   56    0.00000    0.04425      -  34.7  160s
 533995 372085    0.02501   60   50    0.00000    0.04425      -  34.7  165s
 550269 383451    0.00000  108   33    0.00000    0.04425      -  34.7  170s
 567513 395771    0.04051   48   51    0.00000    0.04425      -  34.7  175s
 583739 410017    0.03925   46   53    0.00000    0.04425      -  34.7  180s
 602441 420493    0.00820   63   43    0.00000    0.04425      -  34.7  185s
 618947 431886    0.01615   55   52    0.00000    0.04425      -  34.7  190s
 635719 443414    0.00148   62   50    0.00000    0.04425      -  34.7  195s
 653003 454999    0.00077   73   43    0.00000    0.04425      -  34.7  200s
 670535 467305    0.04425   41   58    0.00000    0.04425      -  34.7  205s
 687427 478781    0.00462   54   50    0.00000    0.04425      -  34.7  210s
 703762 490041    0.00319   62   50    0.00000    0.04425      -  34.7  215s
 721083 502056    0.00821   59   50    0.00000    0.04425      -  34.7  220s
 737501 513999    0.00000   81   43    0.00000    0.04425      -  34.7  225s
 754068 525465    0.00002  106   50    0.00000    0.04425      -  34.8  230s
 771175 537548    0.03338   47   50    0.00000    0.04425      -  34.8  235s
 788288 549359     cutoff   93         0.00000    0.04425      -  34.8  240s
 798512 556687    0.00431   72   50    0.00000    0.04425      -  34.8  245s
 815389 568380    0.02852   53   52    0.00000    0.04425      -  34.8  250s
 832823 580307    0.00089   64   38    0.00000    0.04425      -  34.8  255s
 846570 590088 infeasible   68         0.00000    0.04425      -  34.8  260s
 862025 600684    0.00001   77   36    0.00000    0.04425      -  34.8  265s
 880174 613524    0.01105   62   50    0.00000    0.04425      -  34.8  270s
 896880 624932    0.00001   77   50    0.00000    0.04425      -  34.8  275s
 914188 636979    0.00000   84   35    0.00000    0.04425      -  34.8  280s
 930966 648696    0.00427   64   50    0.00000    0.04425      -  34.8  285s
 949588 661826    0.00823   63   43    0.00000    0.04425      -  34.8  290s
 966216 672951    0.00389   60   52    0.00000    0.04425      -  34.8  295s
 981351 683125    0.00000   92   41    0.00000    0.04425      -  34.8  300s
 998178 695045    0.03627   52   52    0.00000    0.04425      -  34.8  305s
 1016253 707799    0.00002   89   49    0.00000    0.04425      -  34.8  310s
 1033699 719734    0.00026   70   52    0.00000    0.04425      -  34.8  315s
 1046056 727982     cutoff   81         0.00000    0.04425      -  34.8  320s
 1061423 738624    0.00004   91   38    0.00000    0.04425      -  34.8  325s
 1078545 750548    0.00001   93   44    0.00000    0.04425      -  34.8  330s
 1096255 763195    0.00000   78   41    0.00000    0.04425      -  34.8  335s
 1112553 774276    0.00548   53   52    0.00000    0.04425      -  34.8  340s
 1130440 786431    0.00007   82   50    0.00000    0.04425      -  34.8  345s
 1148779 799988 infeasible   62         0.00000    0.04425      -  34.7  350s
 1165521 811382     cutoff   96         0.00000    0.04425      -  34.7  355s
 1182478 823344    0.00031   74   36    0.00000    0.04425      -  34.8  360s

Cutting planes:
  Gomory: 24
  MIR: 9
  Flow cover: 49
  RLT: 99
  Relax-and-lift: 20
  BQP: 17

Explored 1182820 nodes (41116971 simplex iterations) in 360.00 seconds (378.14 work units)
Thread count was 4 (of 4 available processors)

Solution count 8: 1.33099e-06 1.33099e-06 1.33089e-06 ... -0

Time limit reached
Warning: max constraint violation (1.9722e-06) exceeds tolerance
Best objective 1.330991785120e-06, best bound 4.424729765301e-02, gap 3324285.4806%
{"verdict": "UNRESOLVED", "status": "TIME_LIMIT", "runtime": 360.0032320022583, "objval": 1.3309917851200836e-06, "objbound": 0.04424729765301206, "binaries": 46}
