Set parameter NodefileStart to value 6
Read parameters from file gurobi.env
Restricted license - for non-production use only - expires 2027-11-29
Set parameter OutputFlag to value 1
Set parameter Threads to value 4
Set parameter TimeLimit to value 360
Set parameter MIPGap to value 5e-05
Set parameter MIPFocus to value 2
Set parameter NonConvex to value 2
Set parameter BestBdStop to value 2.7426211734693878e-02
Gurobi Optimizer version 13.0.3 build v13.0.3rc0 (linux64 - "Ubuntu 24.04.5 LTS")

CPU model: AMD EPYC 7763 64-Core Processor, instruction set [SSE2|AVX|AVX2]
Thread count: 2 physical cores, 4 logical processors, using up to 4 threads

Non-default parameters:
TimeLimit  360
BestBdStop  2.7426211734693878e-02
MIPGap  5e-05
MIPFocus  2
NodefileStart  6
NonConvex  2
Threads  4

Optimize a model with 129 rows, 99 columns and 714 nonzeros (Max)
Model fingerprint: 0x41867a23
Model has 1 linear objective coefficients
Model has 50 quadratic constraints
Variable types: 65 continuous, 34 integer (34 binary)
Coefficient statistics:
  Matrix range     [5e-01, 1e+00]
  QMatrix range    [1e+00, 1e+00]
  QLMatrix range   [1e+00, 1e+00]
  Objective range  [1e+00, 1e+00]
  Bounds range     [5e-01, 1e+00]
  RHS range        [1e+00, 1e+00]

Found heuristic solution: objective -0.0000000
Presolve time: 0.00s
Presolved: 329 rows, 100 columns, 1114 nonzeros
Presolved model has 50 bilinear constraint(s)

Solving non-convex MIQCP to global optimality

Variable types: 66 continuous, 34 integer (34 binary)
Found heuristic solution: objective 0.0000000
Root relaxation presolve removed 50 rows and 1 columns
Root relaxation presolved: 279 rows, 99 columns, 1064 nonzeros


Root relaxation: objective 1.250000e-01, 126 iterations, 0.00 seconds (0.00 work units)

    Nodes    |    Current Node    |     Objective Bounds      |     Work
 Expl Unexpl |  Obj  Depth IntInf | Incumbent    BestBd   Gap | It/Node Time

     0     0    0.12500    0   50    0.00000    0.12500      -     -    0s
H    0     0                       0.0000000    0.12500      -     -    0s
     0     0    0.07037    0   52    0.00000    0.07037      -     -    0s
     0     0    0.07037    0   42    0.00000    0.07037      -     -    0s
     0     0    0.07022    0   53    0.00000    0.07022      -     -    0s
     0     0    0.06995    0   50    0.00000    0.06995      -     -    0s
     0     0    0.06944    0   50    0.00000    0.06944      -     -    0s
H    0     0                       0.0000000    0.06944      -     -    0s
H    0     2                       0.0000002    0.06944      -     -    0s
     0     2    0.06944    0   50    0.00000    0.06944      -     -    0s
H 1169   942                       0.0000004    0.03801      -  27.3    1s
* 4224  2541              90       0.0000004    0.03785      -  28.8    3s
* 7175  4519              88       0.0000004    0.03785      -  26.3    4s
* 7183  4519              90       0.0000004    0.03785      -  26.3    4s
H 7359  4661                       0.0000004    0.03785      -  26.3    4s
H 7702  4876                       0.0000004    0.03785      -  26.8    4s
 10963  7075    0.00015   36   31    0.00000    0.03739      -  26.1    5s
*16687 10891              74       0.0000005    0.03445      -  26.0    6s
*16688 10868              74       0.0000005    0.03445      -  26.0    6s
H17647 11689                       0.0000006    0.03412      -  26.1    6s
*20079 12901              79       0.0000006    0.03291      -  26.5    7s
H25385 15833                       0.0000009    0.03184      -  26.5    9s
 29870 18992    0.00007   54   25    0.00000    0.03136      -  27.0   10s
 51131 32907    0.00047   44   45    0.00000    0.02931      -  27.3   15s
 75999 48018     cutoff   57         0.00000    0.02775      -  26.8   20s

Cutting planes:
  Gomory: 7
  MIR: 1
  Flow cover: 3
  RLT: 46
  BQP: 4

Explored 82434 nodes (2206934 simplex iterations) in 21.43 seconds (19.69 work units)
Thread count was 4 (of 4 available processors)

Solution count 10: 9.06885e-07 6.47325e-07 5.91453e-07 ... 4.17104e-07

Optimization achieved user objective limit
Best objective 9.068846883037e-07, best bound 2.739463413327e-02, gap -
{"verdict": "PROVED", "status": "BOUND_REACHED", "runtime": 21.42858600616455, "objval": 9.068846883036887e-07, "objbound": 0.027394634133266507, "binaries": 34}
