Set parameter NodefileStart to value 6
Read parameters from file gurobi.env
Restricted license - for non-production use only - expires 2027-11-29
Set parameter OutputFlag to value 1
Set parameter Threads to value 4
Set parameter TimeLimit to value 360
Set parameter MIPGap to value 5e-05
Set parameter MIPFocus to value 2
Set parameter NonConvex to value 2
Set parameter BestBdStop to value 2.7426211734693878e-02
Gurobi Optimizer version 13.0.3 build v13.0.3rc0 (linux64 - "Ubuntu 24.04.5 LTS")

CPU model: AMD EPYC 7763 64-Core Processor, instruction set [SSE2|AVX|AVX2]
Thread count: 2 physical cores, 4 logical processors, using up to 4 threads

Non-default parameters:
TimeLimit  360
BestBdStop  2.7426211734693878e-02
MIPGap  5e-05
MIPFocus  2
NodefileStart  6
NonConvex  2
Threads  4

Optimize a model with 141 rows, 111 columns and 810 nonzeros (Max)
Model fingerprint: 0xa13629ad
Model has 1 linear objective coefficients
Model has 50 quadratic constraints
Variable types: 65 continuous, 46 integer (46 binary)
Coefficient statistics:
  Matrix range     [5e-01, 1e+00]
  QMatrix range    [1e+00, 1e+00]
  QLMatrix range   [1e+00, 1e+00]
  Objective range  [1e+00, 1e+00]
  Bounds range     [5e-01, 1e+00]
  RHS range        [1e+00, 1e+00]

Found heuristic solution: objective -0.0000000
Presolve time: 0.00s
Presolved: 341 rows, 112 columns, 1210 nonzeros
Presolved model has 50 bilinear constraint(s)

Solving non-convex MIQCP to global optimality

Variable types: 66 continuous, 46 integer (46 binary)
Root relaxation presolve removed 50 rows and 1 columns
Root relaxation presolved: 291 rows, 111 columns, 1160 nonzeros


Root relaxation: objective 1.250000e-01, 122 iterations, 0.00 seconds (0.00 work units)

    Nodes    |    Current Node    |     Objective Bounds      |     Work
 Expl Unexpl |  Obj  Depth IntInf | Incumbent    BestBd   Gap | It/Node Time

     0     0    0.12500    0   49   -0.00000    0.12500      -     -    0s
     0     0    0.10000    0   70   -0.00000    0.10000      -     -    0s
     0     0    0.08333    0   61   -0.00000    0.08333      -     -    0s
H    0     0                       0.0000004    0.08333      -     -    0s
     0     0    0.08333    0   66    0.00000    0.08333      -     -    0s
     0     0    0.08333    0   70    0.00000    0.08333      -     -    0s
     0     0    0.08333    0   66    0.00000    0.08333      -     -    0s
     0     0    0.08333    0   63    0.00000    0.08333      -     -    0s
     0     0    0.08333    0   63    0.00000    0.08333      -     -    0s
     0     0    0.08333    0   63    0.00000    0.08333      -     -    0s
     0     0    0.08333    0   50    0.00000    0.08333      -     -    0s
     0     0    0.08333    0   57    0.00000    0.08333      -     -    0s
     0     0    0.08333    0   53    0.00000    0.08333      -     -    0s
     0     0    0.08333    0   53    0.00000    0.08333      -     -    0s
     0     2    0.08333    0   53    0.00000    0.08333      -     -    0s
H 1659  1324                       0.0000007    0.08000      -  19.7    1s
 14237 10313    0.00004   33   25    0.00000    0.05301      -  24.2    5s
 34776 24465    0.00002   83   36    0.00000    0.04935      -  26.0   10s
 58635 40687    0.00000   66   13    0.00000    0.04666      -  24.9   15s
 82013 56473    0.00418   39   50    0.00000    0.04501      -  25.4   20s
 105039 72506     cutoff   89         0.00000    0.04409      -  25.6   25s
*123010 83578              80       0.0000007    0.04319      -  25.5   29s
 123147 83589    0.00002   41   26    0.00000    0.04318      -  25.5   30s
H123151 83203                       0.0000008    0.04318      -  25.5   30s
H125551 81895                       0.0000011    0.04309      -  25.6   31s
H126795 82934                       0.0000011    0.04305      -  25.5   31s
H139934 91425                       0.0000012    0.04264      -  25.5   34s
 140720 92214    0.00001   79   35    0.00000    0.04258      -  25.5   35s
 162908 106906    0.00911   39   51    0.00000    0.04188      -  25.7   40s
 188153 123444    0.00338   48   50    0.00000    0.04108      -  25.6   45s
 211590 139121    0.00550   35   46    0.00000    0.04051      -  25.6   50s
 234423 153672    0.00924   35   52    0.00000    0.03997      -  25.7   55s
 259731 170417    0.00006   59   50    0.00000    0.03939      -  25.6   60s
 282265 185423    0.00001   76   42    0.00000    0.03902      -  25.6   65s
 305088 199196     cutoff   50         0.00000    0.03859      -  25.6   70s
 330524 216064    0.00104   48   36    0.00000    0.03829      -  25.6   75s
 350972 229826    0.01171   42   56    0.00000    0.03809      -  25.7   80s
 374075 245169    0.02725   33   28    0.00000    0.03788      -  25.7   85s
 399241 262202    0.00003   63   49    0.00000    0.03770      -  25.7   90s
 421259 276652     cutoff   75         0.00000    0.03746      -  25.6   95s
 440949 290067    0.00094   64   50    0.00000    0.03728      -  25.7  100s
 466064 307126    0.00241   49   44    0.00000    0.03708      -  25.7  105s
 484612 320080    0.00760   46   45    0.00000    0.03694      -  25.7  110s
 507985 335566    0.00001   77   26    0.00000    0.03672      -  25.6  115s
 532818 351530    0.00875   41   51    0.00000    0.03651      -  25.6  120s
 555233 366994    0.00002   64   28    0.00000    0.03638      -  25.7  125s
 577431 381367    0.01401   40   52    0.00000    0.03621      -  25.7  130s
 602393 398730    0.01138   47   51    0.00000    0.03602      -  25.7  135s
 622736 412717    0.00758   40   43    0.00000    0.03590      -  25.8  140s
 645039 427432    0.00000   84   31    0.00000    0.03575      -  25.8  145s
 667233 442774    0.00006   77   43    0.00000    0.03564      -  25.8  150s
 691306 458861    0.00001   89   13    0.00000    0.03552      -  25.8  155s
 714069 473676    0.00957   42   50    0.00000    0.03537      -  25.8  160s
 734017 486385    0.00000   62   50    0.00000    0.03525      -  25.9  165s
 754715 499974    0.01191   40   51    0.00000    0.03517      -  25.9  170s
 776061 514204    0.00000  107   28    0.00000    0.03509      -  26.0  175s
 798695 528921    0.02930   32   53    0.00000    0.03499      -  26.0  180s
 819831 543331    0.00000   75   30    0.00000    0.03492      -  26.1  185s
 842694 558473    0.01753   42   51    0.00000    0.03483      -  26.2  190s
 865927 573592    0.00002   84   42    0.00000    0.03473      -  26.2  195s
 888986 588423    0.03370   35   43    0.00000    0.03463      -  26.1  200s
 909918 602761     cutoff   50         0.00000    0.03455      -  26.2  205s
 929781 616152    0.00170   51   43    0.00000    0.03450      -  26.2  210s
H930245 615133                       0.0000013    0.03449      -  26.2  210s
 947146 625995    0.00071   44   50    0.00000    0.03443      -  26.2  215s
*958148 631959              92       0.0000013    0.03438      -  26.2  217s
*958161 631955              92       0.0000013    0.03438      -  26.2  217s
 968658 638976    0.00003   51   28    0.00000    0.03434      -  26.2  220s
 988768 652256    0.00912   36   44    0.00000    0.03426      -  26.2  225s
 1011080 666387     cutoff   46         0.00000    0.03416      -  26.3  230s
 1034553 681592    0.00098   48   50    0.00000    0.03407      -  26.3  235s
 1053773 694560    0.00001   61   39    0.00000    0.03402      -  26.3  240s
 1076709 710006    0.01829   37   52    0.00000    0.03395      -  26.3  245s
 1100705 726169    0.00001   76   47    0.00000    0.03388      -  26.3  250s
 1123116 740090    0.02693   33   50    0.00000    0.03382      -  26.3  255s
 1143259 753584     cutoff   69         0.00000    0.03377      -  26.3  260s
 1166600 768384    0.00290   50   50    0.00000    0.03370      -  26.4  265s
 1188679 782285    0.00055   42   38    0.00000    0.03364      -  26.4  270s
 1208521 795273    0.00316   36   50    0.00000    0.03359      -  26.4  275s
 1231925 810881    0.01239   44   51    0.00000    0.03353      -  26.4  280s
 1254622 825558     cutoff   60         0.00000    0.03346      -  26.4  285s
 1276739 839801    0.00010   47   50    0.00000    0.03340      -  26.4  290s
 1300067 854558    0.00021   69   50    0.00000    0.03334      -  26.5  295s
 1322394 868924    0.00802   40   50    0.00000    0.03327      -  26.5  300s
 1344863 882862    0.00253   39   51    0.00000    0.03322      -  26.5  305s
 1363603 895070    0.00463   43   52    0.00000    0.03317      -  26.5  310s
 1386948 909763    0.01532   42   50    0.00000    0.03311      -  26.5  315s
 1408929 924147    0.00009   72   44    0.00000    0.03306      -  26.5  320s
 1429089 937148    0.00000   54   50    0.00000    0.03300      -  26.6  325s
 1453227 952861    0.00001   49   12    0.00000    0.03294      -  26.6  330s
 1473093 965755     cutoff  110         0.00000    0.03288      -  26.6  335s
 1494702 980267    0.02489   35   51    0.00000    0.03282      -  26.6  340s
 1516229 995137    0.00015   60   37    0.00000    0.03278      -  26.6  345s
 1536973 1008886    0.00011   77   50    0.00000    0.03273      -  26.6  350s
 1558937 1022003    0.00001   77   46    0.00000    0.03267      -  26.6  355s
 1580783 1036026    0.00003   44   36    0.00000    0.03261      -  26.6  360s

Cutting planes:
  Gomory: 5
  Implied bound: 8
  MIR: 3
  Flow cover: 6
  RLT: 70
  Relax-and-lift: 6
  BQP: 36

Explored 1581016 nodes (42010882 simplex iterations) in 360.00 seconds (353.27 work units)
Thread count was 4 (of 4 available processors)

Solution count 10: 1.32298e-06 1.32298e-06 1.32267e-06 ... -0

Time limit reached
Best objective 1.322977153920e-06, best bound 3.261134672085e-02, gap 2464896.9672%
{"verdict": "UNRESOLVED", "status": "TIME_LIMIT", "runtime": 360.00331115722656, "objval": 1.3229771539202228e-06, "objbound": 0.032611346720851205, "binaries": 46}
