Set parameter NodefileStart to value 6
Read parameters from file gurobi.env
Restricted license - for non-production use only - expires 2027-11-29
Set parameter OutputFlag to value 1
Set parameter Threads to value 4
Set parameter TimeLimit to value 360
Set parameter MIPGap to value 5e-05
Set parameter MIPFocus to value 2
Set parameter NonConvex to value 2
Set parameter BestBdStop to value 2.7426211734693878e-02
Gurobi Optimizer version 13.0.3 build v13.0.3rc0 (linux64 - "Ubuntu 24.04.5 LTS")

CPU model: AMD EPYC 7763 64-Core Processor, instruction set [SSE2|AVX|AVX2]
Thread count: 2 physical cores, 4 logical processors, using up to 4 threads

Non-default parameters:
TimeLimit  360
BestBdStop  2.7426211734693878e-02
MIPGap  5e-05
MIPFocus  2
NodefileStart  6
NonConvex  2
Threads  4

Optimize a model with 141 rows, 111 columns and 810 nonzeros (Max)
Model fingerprint: 0xd4613e61
Model has 1 linear objective coefficients
Model has 50 quadratic constraints
Variable types: 65 continuous, 46 integer (46 binary)
Coefficient statistics:
  Matrix range     [5e-01, 1e+00]
  QMatrix range    [1e+00, 1e+00]
  QLMatrix range   [1e+00, 1e+00]
  Objective range  [1e+00, 1e+00]
  Bounds range     [5e-01, 1e+00]
  RHS range        [1e+00, 1e+00]

Found heuristic solution: objective -0.0000000
Presolve time: 0.00s
Presolved: 341 rows, 112 columns, 1210 nonzeros
Presolved model has 50 bilinear constraint(s)

Solving non-convex MIQCP to global optimality

Variable types: 66 continuous, 46 integer (46 binary)
Root relaxation presolve removed 50 rows and 1 columns
Root relaxation presolved: 291 rows, 111 columns, 1160 nonzeros


Root relaxation: objective 8.333333e-02, 108 iterations, 0.00 seconds (0.00 work units)

    Nodes    |    Current Node    |     Objective Bounds      |     Work
 Expl Unexpl |  Obj  Depth IntInf | Incumbent    BestBd   Gap | It/Node Time

     0     0    0.08333    0   47   -0.00000    0.08333      -     -    0s
     0     0    0.08333    0   39   -0.00000    0.08333      -     -    0s
     0     0    0.08333    0   52   -0.00000    0.08333      -     -    0s
     0     0    0.08333    0   45   -0.00000    0.08333      -     -    0s
H    0     0                       0.0000001    0.08333      -     -    0s
H    0     0                       0.0000001    0.08333      -     -    0s
H    0     0                       0.0000001    0.08333      -     -    0s
     0     0    0.07143    0   59    0.00000    0.07143      -     -    0s
     0     0    0.07143    0   54    0.00000    0.07143      -     -    0s
     0     0    0.07143    0   43    0.00000    0.07143      -     -    0s
     0     0    0.07143    0   52    0.00000    0.07143      -     -    0s
     0     0    0.07143    0   46    0.00000    0.07143      -     -    0s
     0     0    0.07143    0   47    0.00000    0.07143      -     -    0s
     0     0    0.07143    0   64    0.00000    0.07143      -     -    0s
     0     0    0.07143    0   50    0.00000    0.07143      -     -    0s
     0     0    0.07143    0   43    0.00000    0.07143      -     -    0s
     0     0    0.07143    0   46    0.00000    0.07143      -     -    0s
     0     0    0.07143    0   46    0.00000    0.07143      -     -    0s
     0     2    0.07143    0   46    0.00000    0.07143      -     -    0s
H 1207   969                       0.0000005    0.06848      -  24.9    1s
 13559  9196    0.00963   36   52    0.00000    0.05189      -  29.2    5s
 32443 23125    0.02479   26   53    0.00000    0.04804      -  29.1   10s
*44115 30003             110       0.0000007    0.04672      -  29.1   12s
*44120 30003             111       0.0000007    0.04672      -  29.1   12s
 48406 33519    0.00133   56   51    0.00000    0.04643      -  29.5   15s
H54270 37019                       0.0000007    0.04606      -  29.5   16s
 67052 44880    0.03937   25   64    0.00000    0.04493      -  30.3   20s
 87565 57841    0.02563   39   54    0.00000    0.04393      -  31.1   25s
 105480 69596     cutoff   66         0.00000    0.04334      -  31.4   30s
 122946 80668    0.01095   35   39    0.00000    0.04280      -  31.4   35s
 142262 93041    0.00003   45   27    0.00000    0.04233      -  31.7   40s
 160916 104981    0.00086   50   43    0.00000    0.04196      -  31.8   45s
H171672 110774                       0.0000008    0.04173      -  31.9   47s
H173358 109892                       0.0000012    0.04169      -  31.9   48s
 176914 114568    0.00489   42   45    0.00000    0.04165      -  31.9   50s
 197464 125286    0.00203   50   50    0.00000    0.04125      -  32.2   55s
 215452 136047    0.00000   86   26    0.00000    0.04091      -  32.4   60s
 234048 147688    0.00066   51   42    0.00000    0.04071      -  32.6   65s
 252573 159286    0.02961   38   53    0.00000    0.04041      -  32.7   70s
 270550 170286    0.01452   37   53    0.00000    0.04016      -  32.7   75s
 288869 181836    0.00286   37   52    0.00000    0.03996      -  32.9   80s
 307479 192742    0.00516   48   54    0.00000    0.03973      -  32.9   85s
 326336 203913    0.01038   43   53    0.00000    0.03952      -  33.0   90s
 345294 215648 infeasible   48         0.00000    0.03934      -  33.2   95s
 363604 226823    0.02111   31   48    0.00000    0.03913      -  33.2  100s
 380844 237107    0.01541   32   51    0.00000    0.03897      -  33.2  105s
 399447 248915     cutoff   66         0.00000    0.03884      -  33.3  110s
 415484 258330    0.02427   35   52    0.00000    0.03869      -  33.3  115s
 434268 270049    0.00010   65   43    0.00000    0.03854      -  33.4  120s
 450436 279375    0.00053   46   50    0.00000    0.03842      -  33.4  125s
 465485 288705    0.00053   54   51    0.00000    0.03833      -  33.5  130s
 484852 301009    0.03674   28   54    0.00000    0.03817      -  33.6  135s
 502102 311481    0.00482   45   44    0.00000    0.03806      -  33.6  140s
 519948 322834    0.00139   54   43    0.00000    0.03796      -  33.7  145s
 539494 334227    0.01538   33   56    0.00000    0.03781      -  33.7  150s
 555121 343947    0.00930   31   39    0.00000    0.03770      -  33.7  155s
 573535 354763     cutoff   52         0.00000    0.03758      -  33.7  160s
 592203 366073    0.00009   66   50    0.00000    0.03744      -  33.8  165s
 611694 378217    0.00093   39   39    0.00000    0.03733      -  33.8  170s
 630169 389195    0.01655   39   47    0.00000    0.03722      -  33.8  175s
 648141 399848    0.00000   88   33    0.00000    0.03712      -  33.8  180s
 666674 410411    0.00000   62   40    0.00000    0.03702      -  33.8  185s
 686272 421902    0.00101   46   51    0.00000    0.03692      -  33.8  190s
 702519 432191 infeasible   46         0.00000    0.03683      -  33.8  195s
 720342 443040    0.00337   37   38    0.00000    0.03674      -  33.9  200s
 738872 454109    0.00091   46   50    0.00000    0.03665      -  33.9  205s
 757826 465346    0.01273   35   50    0.00000    0.03655      -  33.9  210s
 775961 476039    0.01029   37   50    0.00000    0.03646      -  33.9  215s
 793762 486683     cutoff   43         0.00000    0.03641      -  33.9  220s
 810737 496445    0.00103   42   32    0.00000    0.03630      -  33.9  225s
 830311 508454    0.00000   77   34    0.00000    0.03622      -  33.9  230s
 847580 518830    0.00111   51   25    0.00000    0.03614      -  34.0  235s
 864495 529973    0.00111   43   43    0.00000    0.03607      -  33.9  240s
 882582 541336     cutoff   42         0.00000    0.03600      -  34.0  245s
 902796 553703    0.00277   47   51    0.00000    0.03593      -  34.0  250s
 921263 565337    0.00011   54   50    0.00000    0.03588      -  34.0  255s
 939427 575880    0.00002   58   44    0.00000    0.03580      -  34.0  260s
 959149 586037     cutoff   48         0.00000    0.03570      -  34.0  265s
 977308 597302     cutoff   42         0.00000    0.03563      -  34.0  270s
 991633 605671    0.00544   44   52    0.00000    0.03558      -  34.0  275s
 1006507 614532    0.00129   50   47    0.00000    0.03553      -  34.0  280s
 1026078 625573    0.03467   35   54    0.00000    0.03544      -  34.0  285s
 1042453 635450    0.00001   58   35    0.00000    0.03538      -  34.0  290s
 1060363 646263     cutoff   38         0.00000    0.03530      -  34.0  295s
 1078756 657096 infeasible   46         0.00000    0.03524      -  34.0  300s
 1097678 668251    0.00403   42   52    0.00000    0.03516      -  34.0  305s
 1117265 679528    0.00442   45   50    0.00000    0.03510      -  34.0  310s
 1133040 689057    0.00613   43   51    0.00000    0.03506      -  34.0  315s
 1150979 699836    0.00148   44   51    0.00000    0.03499      -  34.0  320s
 1167170 709023    0.00382   42   52    0.00000    0.03492      -  34.0  325s
 1185191 719403    0.03031   30   52    0.00000    0.03487      -  34.0  330s
 1203278 730106    0.02390   33   55    0.00000    0.03480      -  34.0  335s
 1221176 740875    0.00287   39   51    0.00000    0.03477      -  34.1  340s
 1239927 752426    0.00020   62   43    0.00000    0.03476      -  34.1  345s
 1259247 763146     cutoff   50         0.00000    0.03469      -  34.0  350s
 1277371 773580    0.00001   74   39    0.00000    0.03464      -  34.1  355s
 1292769 781946    0.00000   71   42    0.00000    0.03459      -  34.0  360s

Cutting planes:
  Gomory: 7
  Implied bound: 7
  MIR: 9
  Mixing: 2
  Flow cover: 32
  RLT: 104
  Relax-and-lift: 10
  BQP: 25

Explored 1292964 nodes (44016360 simplex iterations) in 360.00 seconds (374.12 work units)
Thread count was 4 (of 4 available processors)

Solution count 10: 1.20254e-06 8.12821e-07 7.47569e-07 ... -0

Time limit reached
Best objective 1.202543586681e-06, best bound 3.459052428300e-02, gap 2876346.6142%
{"verdict": "UNRESOLVED", "status": "TIME_LIMIT", "runtime": 360.0019462108612, "objval": 1.2025435866813705e-06, "objbound": 0.03459052428300417, "binaries": 46}
