Set parameter NodefileStart to value 6
Read parameters from file gurobi.env
Restricted license - for non-production use only - expires 2027-11-29
Set parameter OutputFlag to value 1
Set parameter Threads to value 4
Set parameter TimeLimit to value 360
Set parameter MIPGap to value 5e-05
Set parameter MIPFocus to value 2
Set parameter NonConvex to value 2
Set parameter BestBdStop to value 2.7426211734693878e-02
Gurobi Optimizer version 13.0.3 build v13.0.3rc0 (linux64 - "Ubuntu 24.04.5 LTS")

CPU model: AMD EPYC 7763 64-Core Processor, instruction set [SSE2|AVX|AVX2]
Thread count: 2 physical cores, 4 logical processors, using up to 4 threads

Non-default parameters:
TimeLimit  360
BestBdStop  2.7426211734693878e-02
MIPGap  5e-05
MIPFocus  2
NodefileStart  6
NonConvex  2
Threads  4

Optimize a model with 145 rows, 115 columns and 846 nonzeros (Max)
Model fingerprint: 0xd801d40d
Model has 1 linear objective coefficients
Model has 50 quadratic constraints
Variable types: 65 continuous, 50 integer (50 binary)
Coefficient statistics:
  Matrix range     [5e-01, 1e+00]
  QMatrix range    [1e+00, 1e+00]
  QLMatrix range   [1e+00, 1e+00]
  Objective range  [1e+00, 1e+00]
  Bounds range     [5e-01, 1e+00]
  RHS range        [1e+00, 1e+00]

Found heuristic solution: objective -0.0000000
Presolve time: 0.00s
Presolved: 345 rows, 116 columns, 1246 nonzeros
Presolved model has 50 bilinear constraint(s)

Solving non-convex MIQCP to global optimality

Variable types: 66 continuous, 50 integer (50 binary)
Root relaxation presolve removed 50 rows and 1 columns
Root relaxation presolved: 295 rows, 115 columns, 1196 nonzeros


Root relaxation: objective 8.333333e-02, 146 iterations, 0.00 seconds (0.00 work units)

    Nodes    |    Current Node    |     Objective Bounds      |     Work
 Expl Unexpl |  Obj  Depth IntInf | Incumbent    BestBd   Gap | It/Node Time

     0     0    0.08333    0   50   -0.00000    0.08333      -     -    0s
     0     0    0.08333    0   60   -0.00000    0.08333      -     -    0s
     0     0    0.08333    0   51   -0.00000    0.08333      -     -    0s
     0     0    0.08333    0   41   -0.00000    0.08333      -     -    0s
     0     0    0.08333    0   40   -0.00000    0.08333      -     -    0s
     0     0    0.08333    0   46   -0.00000    0.08333      -     -    0s
     0     0    0.08333    0   46   -0.00000    0.08333      -     -    0s
     0     2    0.08333    0   46   -0.00000    0.08333      -     -    0s
H 1006   886                       0.0000002    0.08333      -  19.9    0s
H 1144  1037                       0.0000005    0.08333      -  20.7    0s
H 1202   988                       0.0000007    0.08333      -  20.4    1s
H 2005  1290                       0.0023108    0.05333  2208%  21.2    1s
H 2909  1538                       0.0029139    0.05333  1730%  26.8    2s
H 3089  1613                       0.0032438    0.05333  1544%  26.6    2s
H 4167  1692                       0.0067912    0.04914   624%  31.4    2s
H 7169  3280                       0.0067912    0.04622   581%  35.0    4s
 10027  4639    0.02854   28   55    0.00679    0.04478   559%  37.7    5s
 26098 10988    0.02003   30   48    0.00679    0.04026   493%  40.7   10s
H34469 14547                       0.0068388    0.03953   478%  40.9   13s
H34488 14156                       0.0075492    0.03952   424%  40.9   13s
H34543 14350                       0.0075492    0.03952   424%  40.9   13s
H35585 14556                       0.0077549    0.03936   408%  41.0   14s
H35921 14704                       0.0077549    0.03933   407%  41.0   14s
H37125 14624                       0.0083410    0.03919   370%  41.1   14s
 37910 15110    0.02403   30   42    0.00834    0.03913   369%  41.2   15s
H51218 19391                       0.0086715    0.03780   336%  41.2   19s
H51396 19518                       0.0086715    0.03780   336%  41.2   19s
 54057 20535    0.01359   32   56    0.00867    0.03760   334%  41.2   20s
 70981 26295    0.02571   27   48    0.00867    0.03640   320%  41.2   25s
 86601 31487    0.02524   27   58    0.00867    0.03555   310%  41.0   30s
 103605 36992    0.02690   31   53    0.00867    0.03470   300%  40.8   35s
 121647 42910    0.02404   30   57    0.00867    0.03410   293%  40.5   40s
 135896 47077    0.01599   32   46    0.00867    0.03361   288%  40.4   45s
 153319 52129    0.01748   32   54    0.00867    0.03313   282%  40.3   50s
H159238 53811                       0.0086715    0.03297   280%  40.4   51s
 169060 56715    0.01290   37   44    0.00867    0.03273   277%  40.4   55s
 186312 61883     cutoff   40         0.00867    0.03244   274%  40.4   60s
 203613 66808    0.00968   34   50    0.00867    0.03214   271%  40.3   65s
 221292 72036 infeasible   36         0.00867    0.03182   267%  40.2   70s
 238192 76938     cutoff   37         0.00867    0.03152   264%  40.1   75s
H253109 81346                       0.0086748    0.03131   261%  40.0   79s
 254505 81760    0.02631   33   53    0.00867    0.03129   261%  40.0   80s
 271334 86651     cutoff   44         0.00867    0.03103   258%  39.9   85s
 288375 91514    0.02377   34   56    0.00867    0.03079   255%  39.8   90s
 302676 95888    0.01137   39   36    0.00867    0.03061   253%  39.7   95s
 319954 100728    0.00948   36   51    0.00867    0.03040   250%  39.7  100s
 337535 105440    0.01795   36   55    0.00867    0.03020   248%  39.6  105s
 355650 110826     cutoff   35         0.00867    0.03002   246%  39.5  110s
 373437 115974    0.02575   34   58    0.00867    0.02986   244%  39.4  115s
 390932 121006    0.02317   33   55    0.00867    0.02970   242%  39.4  120s
 408944 125924     cutoff   33         0.00867    0.02953   240%  39.3  125s
 427392 131053    0.00992   37   50    0.00867    0.02936   238%  39.2  130s
 444877 136089     cutoff   31         0.00867    0.02922   237%  39.1  135s
 463334 141646    0.02456   31   58    0.00867    0.02909   235%  39.0  140s
 481048 146823    0.01015   39   46    0.00867    0.02895   234%  38.9  145s
 498818 151960     cutoff   40         0.00867    0.02882   232%  38.9  150s
 510303 155348     cutoff   41         0.00867    0.02875   231%  38.8  155s
 528348 160162    0.01025   43   45    0.00867    0.02864   230%  38.7  160s
 546583 165357     cutoff   39         0.00867    0.02852   229%  38.7  165s
 564955 170512     cutoff   39         0.00867    0.02842   228%  38.6  170s
 582668 175622    0.00905   38   46    0.00867    0.02831   226%  38.5  175s
 600726 180667    0.01422   44   58    0.00867    0.02822   225%  38.5  180s
 618794 185874    0.01265   39   53    0.00867    0.02813   224%  38.4  185s
 637223 190851    0.01542   38   41    0.00867    0.02802   223%  38.4  190s
 654916 195719     cutoff   36         0.00867    0.02795   222%  38.3  195s
 672587 200672     cutoff   36         0.00867    0.02788   221%  38.3  200s
 690673 205319     cutoff   41         0.00867    0.02779   220%  38.2  205s
 708385 210392    0.01687   32   48    0.00867    0.02772   220%  38.2  210s
 724077 214705    0.01187   38   55    0.00867    0.02765   219%  38.1  215s
 741458 219585    0.01551   36   52    0.00867    0.02758   218%  38.1  220s
 759489 224674    0.01396   35   63    0.00867    0.02750   217%  38.1  225s

Cutting planes:
  Gomory: 42
  Implied bound: 42
  MIR: 16
  Flow cover: 82
  Inf proof: 10
  RLT: 116
  Relax-and-lift: 14
  BQP: 33

Explored 777111 nodes (29546722 simplex iterations) in 229.75 seconds (261.64 work units)
Thread count was 4 (of 4 available processors)

Solution count 10: 0.0086748 0.00867152 0.00834099 ... 0.00231077

Optimization achieved user objective limit
Best objective 8.674799478866e-03, best bound 2.742301501298e-02, gap 216.1228%
{"verdict": "PROVED", "status": "BOUND_REACHED", "runtime": 229.75276684761047, "objval": 0.008674799478866312, "objbound": 0.027423015012980632, "binaries": 50}
