Set parameter NodefileStart to value 6
Read parameters from file gurobi.env
Restricted license - for non-production use only - expires 2027-11-29
Set parameter OutputFlag to value 1
Set parameter Threads to value 4
Set parameter TimeLimit to value 360
Set parameter MIPGap to value 5e-05
Set parameter MIPFocus to value 2
Set parameter NonConvex to value 2
Set parameter BestBdStop to value 2.7426211734693878e-02
Gurobi Optimizer version 13.0.3 build v13.0.3rc0 (linux64 - "Ubuntu 24.04.5 LTS")

CPU model: AMD EPYC 9V74 80-Core Processor, instruction set [SSE2|AVX|AVX2]
Thread count: 2 physical cores, 4 logical processors, using up to 4 threads

Non-default parameters:
TimeLimit  360
BestBdStop  2.7426211734693878e-02
MIPGap  5e-05
MIPFocus  2
NodefileStart  6
NonConvex  2
Threads  4

Optimize a model with 145 rows, 115 columns and 846 nonzeros (Max)
Model fingerprint: 0x8af8f3bd
Model has 1 linear objective coefficients
Model has 50 quadratic constraints
Variable types: 65 continuous, 50 integer (50 binary)
Coefficient statistics:
  Matrix range     [5e-01, 1e+00]
  QMatrix range    [1e+00, 1e+00]
  QLMatrix range   [1e+00, 1e+00]
  Objective range  [1e+00, 1e+00]
  Bounds range     [5e-01, 1e+00]
  RHS range        [1e+00, 1e+00]

Found heuristic solution: objective -0.0000000
Presolve time: 0.00s
Presolved: 345 rows, 116 columns, 1246 nonzeros
Presolved model has 50 bilinear constraint(s)

Solving non-convex MIQCP to global optimality

Variable types: 66 continuous, 50 integer (50 binary)
Root relaxation presolve removed 50 rows and 1 columns
Root relaxation presolved: 295 rows, 115 columns, 1196 nonzeros


Root relaxation: objective 8.333333e-02, 136 iterations, 0.00 seconds (0.00 work units)

    Nodes    |    Current Node    |     Objective Bounds      |     Work
 Expl Unexpl |  Obj  Depth IntInf | Incumbent    BestBd   Gap | It/Node Time

     0     0    0.08333    0   56   -0.00000    0.08333      -     -    0s
     0     0    0.07143    0   68   -0.00000    0.07143      -     -    0s
     0     0    0.07143    0   76   -0.00000    0.07143      -     -    0s
     0     0    0.07143    0   73   -0.00000    0.07143      -     -    0s
     0     0    0.07143    0   61   -0.00000    0.07143      -     -    0s
     0     0    0.07143    0   43   -0.00000    0.07143      -     -    0s
     0     0    0.07143    0   43   -0.00000    0.07143      -     -    0s
     0     0    0.07143    0   54   -0.00000    0.07143      -     -    0s
     0     0    0.07143    0   54   -0.00000    0.07143      -     -    0s
H    0     0                       0.0000000    0.07143      -     -    0s
     0     2    0.07143    0   54    0.00000    0.07143      -     -    0s
H  479   456                       0.0000001    0.07143      -  33.2    0s
H  618   558                       0.0000002    0.07143      -  31.5    0s
H  652   558                       0.0000002    0.07143      -  31.3    0s
*  780   661             104       0.0000003    0.07143      -  30.1    0s
H 1056   943                       0.0000007    0.07143      -  32.4    1s
H 1108   903                       0.0005047    0.04890  9589%  32.9    2s
H 1110   859                       0.0005242    0.04593  8663%  32.9    2s
H 1111   818                       0.0005246    0.04593  8657%  33.8    2s
H 1244   887                       0.0005678    0.04593  7989%  33.1    2s
H 1258   843                       0.0005847    0.04593  7756%  33.0    2s
H 1327   859                       0.0005848    0.04593  7754%  32.2    2s
* 1544   996              73       0.0050344    0.04593   812%  29.0    2s
H 1633   940                       0.0066280    0.04593   593%  27.9    2s
H 1712   912                       0.0066654    0.04593   589%  27.1    2s
H 1724   878                       0.0066721    0.04593   588%  27.1    2s
* 1727   839              90       0.0079113    0.04593   481%  27.1    2s
H 1806   831                       0.0080796    0.04593   469%  27.0    2s
H 2156   824                       0.0099428    0.04593   362%  25.6    2s
H 2493   916                       0.0105839    0.04593   334%  26.6    2s
H 3524  1123                       0.0151391    0.04593   203%  27.9    3s
H 4545  1402                       0.0163850    0.04593   180%  27.9    3s
H 5591  1944                       0.0164076    0.04593   180%  29.4    3s
H 5787  2019                       0.0164193    0.04593   180%  29.5    3s
H 6326  2145                       0.0164530    0.04593   179%  29.3    3s
H 6536  2188                       0.0165318    0.04593   178%  29.7    3s
H 6802  2253                       0.0168056    0.04593   173%  29.9    4s
H 7488  2551                       0.0168478    0.04593   173%  29.7    4s
* 7499  2493              84       0.0174615    0.04593   163%  29.7    4s
* 7500  2493              84       0.0174616    0.04593   163%  29.7    4s
* 7503  2493              83       0.0174618    0.04593   163%  29.6    4s
H 8022  2696                       0.0175065    0.04593   162%  29.7    4s
H 8150  2743                       0.0176484    0.04593   160%  29.8    4s
H 9418  3175                       0.0179230    0.04593   156%  30.8    4s
H 9524  3164                       0.0189248    0.04593   143%  30.7    4s
  9870  3317    0.04314   22   59    0.01892    0.04586   142%  30.6    5s
H10660  3286                       0.0199547    0.04540   128%  30.7    5s
H23674  7269                       0.0200992    0.04308   114%  32.2    9s
 24258  7500    0.02075   30   48    0.02010    0.04302   114%  32.3   10s
 43435 12273    0.02079   32   56    0.02010    0.04130   105%  33.8   15s
 64524 17174     cutoff   34         0.02010    0.03972  97.6%  34.0   20s
 84891 21197     cutoff   32         0.02010    0.03877  92.9%  34.4   25s
 104705 23994    0.02040   26   51    0.02010    0.03804  89.2%  34.8   30s
 124686 26772    0.03692   24   61    0.02010    0.03743  86.2%  35.0   35s
 144538 29224     cutoff   31         0.02010    0.03684  83.3%  35.1   40s
 165197 31777     cutoff   29         0.02010    0.03626  80.4%  35.1   45s
 186040 34199     cutoff   32         0.02010    0.03570  77.6%  35.0   50s
H191425 34635                       0.0200993    0.03555  76.9%  35.0   51s
 200883 35766     cutoff   34         0.02010    0.03533  75.8%  35.0   55s
 221874 38003     cutoff   29         0.02010    0.03483  73.3%  34.9   60s
 242296 40470     cutoff   31         0.02010    0.03447  71.5%  34.8   65s
 262781 42775     cutoff   30         0.02010    0.03411  69.7%  34.8   70s
H278211 44245                       0.0202090    0.03385  67.5%  34.7   74s
H278792 44309                       0.0202091    0.03384  67.5%  34.7   74s
H279313 44376                       0.0202091    0.03384  67.4%  34.7   74s
 280346 44864    0.03165   32   57    0.02021    0.03382  67.3%  34.7   75s
 301162 46698    0.02853   32   57    0.02021    0.03350  65.8%  34.5   80s
 322757 49020    0.02147   30   42    0.02021    0.03323  64.4%  34.4   85s
 343858 51387    0.02097   32   56    0.02021    0.03298  63.2%  34.2   90s
 363244 53357    0.02685   31   60    0.02021    0.03274  62.0%  34.1   95s
 384821 55211     cutoff   33         0.02021    0.03249  60.8%  34.0  100s
 406418 57478    0.02573   33   57    0.02021    0.03226  59.6%  33.8  105s
 426366 59164    0.03178   27   56    0.02021    0.03203  58.5%  33.7  110s
 447887 61164     cutoff   41         0.02021    0.03183  57.5%  33.6  115s
 467525 62842    0.02108   33   45    0.02021    0.03165  56.6%  33.5  120s
 489369 64790    0.02142   27   53    0.02021    0.03146  55.7%  33.4  125s
 508206 66334    0.02154   36   53    0.02021    0.03129  54.8%  33.3  130s
 529390 68084    0.02876   31   58    0.02021    0.03111  54.0%  33.3  135s
 550237 69584    0.02681   30   66    0.02021    0.03095  53.1%  33.2  140s
 572046 71046 infeasible   33         0.02021    0.03078  52.3%  33.1  145s
 592663 72367    0.02048   34   46    0.02021    0.03062  51.5%  33.0  150s
 610702 73674     cutoff   36         0.02021    0.03049  50.9%  32.9  155s
 632415 75200    0.02055   35   55    0.02021    0.03035  50.2%  32.9  160s
 653871 76797    0.02630   38   58    0.02021    0.03022  49.5%  32.8  165s
 675291 78231     cutoff   34         0.02021    0.03008  48.8%  32.7  170s
 697544 79736     cutoff   43         0.02021    0.02995  48.2%  32.6  175s
 717432 80866    0.02067   39   52    0.02021    0.02983  47.6%  32.5  180s
 739370 82176    0.02153   36   48    0.02021    0.02971  47.0%  32.5  185s
 761800 83191    0.02673   32   65    0.02021    0.02958  46.4%  32.4  190s
 784612 84450     cutoff   36         0.02021    0.02947  45.8%  32.3  195s
 806607 85502    0.02214   29   50    0.02021    0.02935  45.2%  32.2  200s
 826170 86552    0.02224   41   48    0.02021    0.02924  44.7%  32.2  205s
 848299 87700     cutoff   35         0.02021    0.02913  44.2%  32.1  210s
 870497 88614     cutoff   35         0.02021    0.02901  43.6%  32.0  215s
H888617 88887                       0.0203172    0.02893  42.4%  32.0  219s
H889795 88927                       0.0203172    0.02892  42.3%  32.0  219s
 891091 88936    0.02380   37   48    0.02032    0.02891  42.3%  32.0  220s
 910791 89574    0.02585   29   56    0.02032    0.02881  41.8%  31.9  225s
 932206 90262    0.02869   32   59    0.02032    0.02869  41.2%  31.9  230s
 953904 90863     cutoff   38         0.02032    0.02857  40.6%  31.8  235s
 974447 91292    0.02145   34   48    0.02032    0.02847  40.1%  31.8  240s
 996436 91891     cutoff   35         0.02032    0.02836  39.6%  31.7  245s
 1019108 92427    0.02823   33   58    0.02032    0.02825  39.1%  31.7  250s
 1040801 93046    0.02100   36   55    0.02032    0.02815  38.6%  31.6  255s
 1062357 93962    0.02372   33   55    0.02032    0.02807  38.1%  31.6  260s
 1082441 94581    0.02795   28   54    0.02032    0.02798  37.7%  31.5  265s
 1103117 95117 infeasible   41         0.02032    0.02789  37.3%  31.5  270s
 1125817 95611    0.02778   36   56    0.02032    0.02779  36.8%  31.4  275s
 1147610 96181    0.02055   34   56    0.02032    0.02771  36.4%  31.3  280s
 1169701 96415    0.02740   33   63    0.02032    0.02761  35.9%  31.3  285s
 1189241 96740     cutoff   35         0.02032    0.02752  35.5%  31.2  290s
 1211446 97159     cutoff   32         0.02032    0.02743  35.0%  31.2  295s

Cutting planes:
  Gomory: 14
  Implied bound: 25
  MIR: 2
  Flow cover: 17
  RLT: 67
  Relax-and-lift: 4
  BQP: 11

Explored 1212262 nodes (37798648 simplex iterations) in 295.16 seconds (313.70 work units)
Thread count was 4 (of 4 available processors)

Solution count 10: 0.0203172 0.0202091 0.0200993 ... 0.0168478

Optimization achieved user objective limit
Best objective 2.031718328060e-02, best bound 2.742554475085e-02, gap 34.9869%
{"verdict": "PROVED", "status": "BOUND_REACHED", "runtime": 295.1592891216278, "objval": 0.020317183280599095, "objbound": 0.027425544750847183, "binaries": 50}
