Set parameter NodefileStart to value 6
Read parameters from file gurobi.env
Restricted license - for non-production use only - expires 2027-11-29
Set parameter OutputFlag to value 1
Set parameter Threads to value 4
Set parameter TimeLimit to value 360
Set parameter MIPGap to value 5e-05
Set parameter MIPFocus to value 2
Set parameter NonConvex to value 2
Set parameter BestBdStop to value 2.7426211734693878e-02
Gurobi Optimizer version 13.0.3 build v13.0.3rc0 (linux64 - "Ubuntu 24.04.5 LTS")

CPU model: AMD EPYC 7763 64-Core Processor, instruction set [SSE2|AVX|AVX2]
Thread count: 2 physical cores, 4 logical processors, using up to 4 threads

Non-default parameters:
TimeLimit  360
BestBdStop  2.7426211734693878e-02
MIPGap  5e-05
MIPFocus  2
NodefileStart  6
NonConvex  2
Threads  4

Optimize a model with 141 rows, 111 columns and 810 nonzeros (Max)
Model fingerprint: 0x4da0f48a
Model has 1 linear objective coefficients
Model has 50 quadratic constraints
Variable types: 65 continuous, 46 integer (46 binary)
Coefficient statistics:
  Matrix range     [5e-01, 1e+00]
  QMatrix range    [1e+00, 1e+00]
  QLMatrix range   [1e+00, 1e+00]
  Objective range  [1e+00, 1e+00]
  Bounds range     [5e-01, 1e+00]
  RHS range        [1e+00, 1e+00]

Found heuristic solution: objective -0.0000000
Presolve time: 0.00s
Presolved: 341 rows, 112 columns, 1210 nonzeros
Presolved model has 50 bilinear constraint(s)

Solving non-convex MIQCP to global optimality

Variable types: 66 continuous, 46 integer (46 binary)
Root relaxation presolve removed 50 rows and 1 columns
Root relaxation presolved: 291 rows, 111 columns, 1160 nonzeros


Root relaxation: objective 8.333333e-02, 109 iterations, 0.00 seconds (0.00 work units)

    Nodes    |    Current Node    |     Objective Bounds      |     Work
 Expl Unexpl |  Obj  Depth IntInf | Incumbent    BestBd   Gap | It/Node Time

     0     0    0.08333    0   49   -0.00000    0.08333      -     -    0s
H    0     0                       0.0000000    0.08333      -     -    0s
     0     0    0.07143    0   67    0.00000    0.07143      -     -    0s
     0     0    0.07143    0   60    0.00000    0.07143      -     -    0s
     0     0    0.07143    0   76    0.00000    0.07143      -     -    0s
     0     0    0.07143    0   71    0.00000    0.07143      -     -    0s
     0     0    0.07143    0   55    0.00000    0.07143      -     -    0s
     0     0    0.07143    0   58    0.00000    0.07143      -     -    0s
     0     0    0.07143    0   61    0.00000    0.07143      -     -    0s
     0     0    0.07143    0   59    0.00000    0.07143      -     -    0s
     0     0    0.07143    0   59    0.00000    0.07143      -     -    0s
     0     0    0.07143    0   57    0.00000    0.07143      -     -    0s
     0     0    0.07143    0   57    0.00000    0.07143      -     -    0s
     0     2    0.07143    0   57    0.00000    0.07143      -     -    0s
*  423   415              59       0.0000001    0.07143      -  18.3    0s
*  425   415              60       0.0000001    0.07143      -  18.3    0s
*  463   415              60       0.0000001    0.07143      -  19.5    0s
H  953   885                       0.0000004    0.07143      -  17.4    0s
* 3498  2204              78       0.0000004    0.05643      -  25.2    2s
H 5299  2999                       0.0000009    0.05282      -  26.0    3s
 10996  6927    0.00014   53   37    0.00000    0.04896      -  25.7    5s
 29050 18046    0.00110   58   51    0.00000    0.04403      -  23.7   10s
 44522 27827    0.00002   69   50    0.00000    0.04220      -  23.3   15s
 64506 39749    0.00054   41   37    0.00000    0.04088      -  23.2   20s
 84640 51381    0.00240   39   52    0.00000    0.03985      -  23.0   25s
 103380 62411     cutoff   62         0.00000    0.03908      -  23.0   30s
 122465 73604    0.00322   43   35    0.00000    0.03850      -  23.0   35s
 143836 86631     cutoff   58         0.00000    0.03794      -  23.0   40s
 162000 97157     cutoff   42         0.00000    0.03758      -  22.9   45s
 183447 109089     cutoff   48         0.00000    0.03711      -  22.8   50s
 195408 115513     cutoff   45         0.00000    0.03691      -  22.9   55s
 210100 124003 infeasible   46         0.00000    0.03669      -  23.0   60s
 228885 134958     cutoff   38         0.00000    0.03650      -  23.2   65s
 248966 146145    0.02897   33   54    0.00000    0.03622      -  23.1   70s
 268833 157829    0.00000   68   31    0.00000    0.03595      -  23.1   75s
 288701 169007    0.00075   59   43    0.00000    0.03576      -  23.1   80s
 308144 180239    0.03309   33   54    0.00000    0.03559      -  23.1   85s
 327287 191649    0.00161   36   50    0.00000    0.03543      -  23.1   90s
 347378 202918    0.02893   31   59    0.00000    0.03526      -  23.1   95s
 366778 214471    0.01663   41   51    0.00000    0.03513      -  23.1  100s
 386770 225933    0.00000   69   37    0.00000    0.03500      -  23.1  105s
 406317 237941    0.02994   31   52    0.00000    0.03489      -  23.1  110s
 424717 248440    0.00021   47   38    0.00000    0.03477      -  23.1  115s
 442294 259042    0.00862   40   50    0.00000    0.03466      -  23.1  120s
 461425 269737     cutoff   79         0.00000    0.03453      -  23.1  125s
 464107 271102    0.00415   45   53    0.00000    0.03451      -  23.1  130s
 465328 272078    0.01182   38   55    0.00000    0.03450      -  23.1  135s
 483275 282075    0.00005   53   43    0.00000    0.03440      -  23.1  140s
 499564 291406     cutoff   72         0.00000    0.03432      -  23.1  145s
 516310 300605    0.00773   34   54    0.00000    0.03422      -  23.1  150s
 535830 311164     cutoff   43         0.00000    0.03412      -  23.1  155s
 554118 321781    0.01146   36   54    0.00000    0.03403      -  23.1  160s
 572116 332003    0.00147   41   50    0.00000    0.03395      -  23.1  165s
 591686 342671    0.01031   45   38    0.00000    0.03386      -  23.1  170s
 611237 353783    0.00350   40   51    0.00000    0.03377      -  23.1  175s
 630817 364705    0.00209   47   44    0.00000    0.03367      -  23.1  180s
 649956 375063    0.00012   49   50    0.00000    0.03358      -  23.1  185s
 670292 386173    0.02225   37   52    0.00000    0.03350      -  23.1  190s
 689623 397400     cutoff   43         0.00000    0.03343      -  23.1  195s
 708793 408525    0.01066   42   50    0.00000    0.03338      -  23.1  200s
 729396 419655    0.00000   42   18    0.00000    0.03330      -  23.1  205s
 748735 430507     cutoff   48         0.00000    0.03322      -  23.1  210s
 768366 441787     cutoff   77         0.00000    0.03315      -  23.1  215s
 786743 451601    0.00076   52   43    0.00000    0.03308      -  23.1  220s
 805802 462357    0.00179   46   43    0.00000    0.03302      -  23.1  225s
 825117 473173     cutoff   49         0.00000    0.03295      -  23.1  230s
 846348 484620    0.00202   52   32    0.00000    0.03287      -  23.1  235s
 861937 493080    0.00511   42   38    0.00000    0.03283      -  23.1  240s
 882974 504353    0.00394   38   33    0.00000    0.03276      -  23.1  245s
 902539 514653    0.03138   30   62    0.00000    0.03269      -  23.1  250s
 921887 524793    0.00006   73   37    0.00000    0.03263      -  23.1  255s
 941498 535620    0.02315   36   55    0.00000    0.03256      -  23.1  260s
 961245 546081    0.01816   35   52    0.00000    0.03250      -  23.1  265s
 979521 555876    0.00248   40   25    0.00000    0.03244      -  23.1  270s
 999720 567022 infeasible   42         0.00000    0.03239      -  23.1  275s
 1019991 577690    0.00649   41   51    0.00000    0.03234      -  23.1  280s
 1039510 588554     cutoff   53         0.00000    0.03229      -  23.1  285s
 1044893 591246    0.00791   42   50    0.00000    0.03228      -  23.1  290s
 1052185 595473    0.00002   60   51    0.00000    0.03226      -  23.1  295s
 1070914 605544    0.00152   47   31    0.00000    0.03220      -  23.1  300s
 1086927 614616    0.01615   36   51    0.00000    0.03217      -  23.1  305s
 1104245 624160    0.00955   37   53    0.00000    0.03213      -  23.1  310s
 1121887 633699    0.00012   51   51    0.00000    0.03209      -  23.1  315s
 1141520 644840     cutoff   44         0.00000    0.03206      -  23.1  320s
 1161197 655190    0.01304   42   52    0.00000    0.03201      -  23.1  325s
 1179631 665604    0.00037   61   36    0.00000    0.03197      -  23.1  330s
 1199292 676117    0.00314   47   50    0.00000    0.03193      -  23.1  335s
 1216633 684975    0.00022   50   53    0.00000    0.03190      -  23.1  340s
 1236153 695790    0.00104   55   50    0.00000    0.03186      -  23.1  345s
 1255542 706294    0.00001   54   26    0.00000    0.03182      -  23.1  350s
 1272500 715013    0.00664   40   50    0.00000    0.03180      -  23.1  355s
 1291847 726146    0.00128   44   44    0.00000    0.03178      -  23.2  360s

Cutting planes:
  Gomory: 10
  Implied bound: 9
  MIR: 5
  Mixing: 1
  Flow cover: 34
  RLT: 108
  Relax-and-lift: 6
  BQP: 21

Explored 1292155 nodes (29919173 simplex iterations) in 360.00 seconds (382.19 work units)
Thread count was 4 (of 4 available processors)

Solution count 8: 9.00302e-07 4.10458e-07 3.96591e-07 ... -0

Time limit reached
Best objective 9.003018247645e-07, best bound 3.177581625399e-02, gap -
{"verdict": "UNRESOLVED", "status": "TIME_LIMIT", "runtime": 360.0022428035736, "objval": 9.00301824764498e-07, "objbound": 0.03177581625398741, "binaries": 46}
