Set parameter NodefileStart to value 6
Read parameters from file gurobi.env
Restricted license - for non-production use only - expires 2027-11-29
Set parameter OutputFlag to value 1
Set parameter Threads to value 4
Set parameter TimeLimit to value 360
Set parameter MIPGap to value 5e-05
Set parameter MIPFocus to value 2
Set parameter NonConvex to value 2
Set parameter BestBdStop to value 2.7426211734693878e-02
Gurobi Optimizer version 13.0.3 build v13.0.3rc0 (linux64 - "Ubuntu 24.04.5 LTS")

CPU model: AMD EPYC 7763 64-Core Processor, instruction set [SSE2|AVX|AVX2]
Thread count: 2 physical cores, 4 logical processors, using up to 4 threads

Non-default parameters:
TimeLimit  360
BestBdStop  2.7426211734693878e-02
MIPGap  5e-05
MIPFocus  2
NodefileStart  6
NonConvex  2
Threads  4

Optimize a model with 141 rows, 111 columns and 810 nonzeros (Max)
Model fingerprint: 0x1f028ac9
Model has 1 linear objective coefficients
Model has 50 quadratic constraints
Variable types: 65 continuous, 46 integer (46 binary)
Coefficient statistics:
  Matrix range     [5e-01, 1e+00]
  QMatrix range    [1e+00, 1e+00]
  QLMatrix range   [1e+00, 1e+00]
  Objective range  [1e+00, 1e+00]
  Bounds range     [5e-01, 1e+00]
  RHS range        [1e+00, 1e+00]

Found heuristic solution: objective -0.0000000
Presolve time: 0.00s
Presolved: 341 rows, 112 columns, 1210 nonzeros
Presolved model has 50 bilinear constraint(s)

Solving non-convex MIQCP to global optimality

Variable types: 66 continuous, 46 integer (46 binary)
Root relaxation presolve removed 50 rows and 1 columns
Root relaxation presolved: 291 rows, 111 columns, 1160 nonzeros


Root relaxation: objective 8.333333e-02, 153 iterations, 0.00 seconds (0.00 work units)

    Nodes    |    Current Node    |     Objective Bounds      |     Work
 Expl Unexpl |  Obj  Depth IntInf | Incumbent    BestBd   Gap | It/Node Time

     0     0    0.08333    0   46   -0.00000    0.08333      -     -    0s
     0     0    0.07143    0   52   -0.00000    0.07143      -     -    0s
H    0     0                       0.0000001    0.07143      -     -    0s
H    0     0                       0.0000001    0.07143      -     -    0s
     0     0    0.07143    0   64    0.00000    0.07143      -     -    0s
     0     0    0.07143    0   44    0.00000    0.07143      -     -    0s
     0     0    0.07143    0   43    0.00000    0.07143      -     -    0s
     0     0    0.07143    0   43    0.00000    0.07143      -     -    0s
     0     2    0.07143    0   43    0.00000    0.07143      -     -    0s
H 1112   925                       0.0000004    0.04703      -  17.6    1s
* 2011  1398             117       0.0000006    0.04091      -  21.6    1s
* 2019  1348             116       0.0000007    0.04091      -  21.5    1s
H 2430  1463                       0.0000007    0.04091      -  22.2    2s
H 3958  2336                       0.0000008    0.04091      -  22.9    2s
H11207  7776                       0.0000010    0.04091      -  22.5    4s
 12188  8941    0.00003   84   34    0.00000    0.04091      -  22.3    5s
 29717 21752    0.01911   32   50    0.00000    0.04091      -  21.9   10s
H36566 26007                       0.0000012    0.04091      -  22.1   11s
 51527 37679    0.03156   26   50    0.00000    0.04091      -  22.7   15s
 73413 54197    0.00001   75   31    0.00000    0.04026      -  23.3   20s
 96252 70920    0.00001   73   28    0.00000    0.03905      -  23.6   25s
 115385 87360    0.00050   51   44    0.00000    0.03841      -  23.9   30s
 142805 104750    0.00049   57   44    0.00000    0.03765      -  24.3   35s
 164502 120425    0.00004   80   43    0.00000    0.03710      -  24.3   40s
 185213 134808    0.00000   99   42    0.00000    0.03671      -  24.4   45s
H190021 138169                       0.0000012    0.03664      -  24.4   46s
 204748 149283    0.00798   45   51    0.00000    0.03635      -  24.6   50s
 226829 165060    0.00057   46   43    0.00000    0.03592      -  24.3   55s
 248493 180655 infeasible   41         0.00000    0.03553      -  24.0   60s
 270881 196649    0.03089   27   47    0.00000    0.03516      -  23.9   65s
 292796 213156     cutoff   99         0.00000    0.03485      -  23.6   70s
 298422 217169    0.00003   68   50    0.00000    0.03477      -  23.6   75s
 317774 230859    0.00001   72   41    0.00000    0.03450      -  23.4   80s
 335867 243784    0.01075   48   50    0.00000    0.03423      -  23.4   85s
 358370 259730    0.01234   31   43    0.00000    0.03395      -  23.3   90s
 377584 273582    0.00051   31   50    0.00000    0.03372      -  23.2   95s
 395566 286077     cutoff  101         0.00000    0.03347      -  23.1  100s
 414288 299907    0.00231   48   50    0.00000    0.03331      -  23.1  105s
 436918 315760    0.00017   60   50    0.00000    0.03305      -  23.0  110s
 458750 331022    0.00002   71   51    0.00000    0.03279      -  22.8  115s
 479247 345860    0.00122   50   50    0.00000    0.03260      -  22.8  120s
 500175 360361    0.00000   66   31    0.00000    0.03241      -  22.8  125s
 522821 376583     cutoff   53         0.00000    0.03221      -  22.7  130s
 544746 392500    0.00000   84   20    0.00000    0.03202      -  22.7  135s
 566698 407279    0.00000   72   42    0.00000    0.03185      -  22.5  140s
 588283 422631    0.00004   78   43    0.00000    0.03167      -  22.5  145s
 609424 437328    0.00049   48   50    0.00000    0.03152      -  22.4  150s
 614250 440705    0.00017   59   50    0.00000    0.03150      -  22.4  155s
 626776 449202    0.02225   37   50    0.00000    0.03140      -  22.4  160s
 648290 464108     cutoff   40         0.00000    0.03123      -  22.4  165s
 670595 479613    0.00081   55   50    0.00000    0.03112      -  22.3  170s
 692075 494638    0.03070   30   51    0.00000    0.03099      -  22.3  175s
 713134 509240     cutoff   53         0.00000    0.03083      -  22.3  180s
 734698 524203    0.01317   42   51    0.00000    0.03069      -  22.2  185s
 755910 538723     cutoff   89         0.00000    0.03058      -  22.2  190s
 777338 553493    0.01227   37   51    0.00000    0.03046      -  22.2  195s
 800639 569850     cutoff   93         0.00000    0.03033      -  22.1  200s
 819945 583299    0.00123   59   52    0.00000    0.03022      -  22.1  205s
 837579 595911    0.00924   38   51    0.00000    0.03013      -  22.1  210s
 857928 609913    0.00590   41   50    0.00000    0.03003      -  22.1  215s
 880533 626266    0.01633   32   51    0.00000    0.02992      -  22.0  220s
 901551 640949    0.00170   43   43    0.00000    0.02981      -  22.0  225s
 922494 655306    0.00918   37   51    0.00000    0.02971      -  22.0  230s
 943723 669530    0.00006   64   43    0.00000    0.02962      -  22.0  235s
 966635 685425    0.01625   37   51    0.00000    0.02951      -  22.0  240s
 988009 699343     cutoff   37         0.00000    0.02940      -  21.9  245s
 1009039 714006    0.00078   59   50    0.00000    0.02930      -  22.0  250s
 1030184 727750    0.00031   56   44    0.00000    0.02919      -  21.9  255s
 1051675 742546    0.00040   64   50    0.00000    0.02908      -  21.9  260s
 1074260 758065    0.00005   65   50    0.00000    0.02899      -  21.9  265s
 1095862 773534     cutoff   61         0.00000    0.02891      -  21.9  270s
 1116304 787704    0.00001   69   31    0.00000    0.02884      -  21.9  275s
 1138095 802412    0.00845   37   51    0.00000    0.02874      -  21.9  280s
 1160421 817642    0.01102   41   53    0.00000    0.02865      -  21.8  285s
 1181075 831603    0.00470   40   43    0.00000    0.02856      -  21.8  290s
 1201524 846235    0.00002   68   29    0.00000    0.02850      -  21.8  295s
 1222842 860462    0.00000   94   30    0.00000    0.02842      -  21.8  300s
 1229637 864926    0.00022   72   50    0.00000    0.02839      -  21.8  305s
 1252140 880802    0.00093   63   50    0.00000    0.02832      -  21.7  310s
 1273430 896043    0.00001   85   46    0.00000    0.02826      -  21.7  315s
 1291801 908487    0.00546   41   53    0.00000    0.02819      -  21.7  320s
 1310635 921211    0.02299   35   54    0.00000    0.02813      -  21.7  325s
 1321685 928489    0.00115   28   40    0.00000    0.02810      -  21.7  330s
 1339965 940598    0.00162   46   50    0.00000    0.02803      -  21.7  335s
 1360323 953953     cutoff   94         0.00000    0.02797      -  21.7  340s
 1382562 968827    0.00000   71   20    0.00000    0.02790      -  21.7  345s
 1403829 982960    0.01864   38   54    0.00000    0.02783      -  21.7  350s
 1425017 997175    0.00013   75   50    0.00000    0.02776      -  21.6  355s
 1446552 1011539    0.00006   73   50    0.00000    0.02770      -  21.6  360s

Cutting planes:
  Gomory: 17
  Implied bound: 34
  MIR: 10
  Flow cover: 49
  Inf proof: 3
  RLT: 97
  Relax-and-lift: 13
  BQP: 47

Explored 1446950 nodes (31279788 simplex iterations) in 360.00 seconds (384.78 work units)
Thread count was 4 (of 4 available processors)

Solution count 10: 1.21712e-06 1.21105e-06 9.99064e-07 ... 6.54569e-08

Time limit reached
Best objective 1.217120376804e-06, best bound 2.769542942487e-02, gap 2275388.1072%
{"verdict": "UNRESOLVED", "status": "TIME_LIMIT", "runtime": 360.0036151409149, "objval": 1.2171203768044676e-06, "objbound": 0.027695429424874057, "binaries": 46}
