Set parameter NodefileStart to value 6
Read parameters from file gurobi.env
Restricted license - for non-production use only - expires 2027-11-29
Set parameter OutputFlag to value 1
Set parameter Threads to value 4
Set parameter TimeLimit to value 360
Set parameter MIPGap to value 5e-05
Set parameter MIPFocus to value 2
Set parameter NonConvex to value 2
Set parameter BestBdStop to value 2.7426211734693878e-02
Gurobi Optimizer version 13.0.3 build v13.0.3rc0 (linux64 - "Ubuntu 24.04.5 LTS")

CPU model: AMD EPYC 9V74 80-Core Processor, instruction set [SSE2|AVX|AVX2]
Thread count: 2 physical cores, 4 logical processors, using up to 4 threads

Non-default parameters:
TimeLimit  360
BestBdStop  2.7426211734693878e-02
MIPGap  5e-05
MIPFocus  2
NodefileStart  6
NonConvex  2
Threads  4

Optimize a model with 141 rows, 111 columns and 810 nonzeros (Max)
Model fingerprint: 0x8ebce984
Model has 1 linear objective coefficients
Model has 50 quadratic constraints
Variable types: 65 continuous, 46 integer (46 binary)
Coefficient statistics:
  Matrix range     [5e-01, 1e+00]
  QMatrix range    [1e+00, 1e+00]
  QLMatrix range   [1e+00, 1e+00]
  Objective range  [1e+00, 1e+00]
  Bounds range     [5e-01, 1e+00]
  RHS range        [1e+00, 1e+00]

Found heuristic solution: objective -0.0000000
Presolve time: 0.00s
Presolved: 341 rows, 112 columns, 1210 nonzeros
Presolved model has 50 bilinear constraint(s)

Solving non-convex MIQCP to global optimality

Variable types: 66 continuous, 46 integer (46 binary)
Root relaxation presolve removed 50 rows and 1 columns
Root relaxation presolved: 291 rows, 111 columns, 1160 nonzeros


Root relaxation: objective 8.333333e-02, 135 iterations, 0.00 seconds (0.00 work units)

    Nodes    |    Current Node    |     Objective Bounds      |     Work
 Expl Unexpl |  Obj  Depth IntInf | Incumbent    BestBd   Gap | It/Node Time

     0     0    0.08333    0   47   -0.00000    0.08333      -     -    0s
     0     0    0.07500    0   67   -0.00000    0.07500      -     -    0s
     0     0    0.07500    0   58   -0.00000    0.07500      -     -    0s
     0     0    0.07500    0   68   -0.00000    0.07500      -     -    0s
     0     0    0.07500    0   50   -0.00000    0.07500      -     -    0s
H    0     0                       0.0000000    0.07500      -     -    0s
H    0     0                       0.0000000    0.07500      -     -    0s
     0     0    0.07353    0   56    0.00000    0.07353      -     -    0s
     0     0    0.07353    0   57    0.00000    0.07353      -     -    0s
     0     0    0.07353    0   51    0.00000    0.07353      -     -    0s
     0     0    0.07353    0   50    0.00000    0.07353      -     -    0s
     0     0    0.07353    0   50    0.00000    0.07353      -     -    0s
     0     2    0.07353    0   50    0.00000    0.07353      -     -    0s
*  429   434              66       0.0000000    0.06692      -  21.7    0s
*  432   434              67       0.0000002    0.06692      -  21.5    0s
H 1274  1043                       0.0000002    0.06674      -  21.2    1s
H 1563  1223                       0.0000002    0.06674      -  21.7    1s
H 1580  1170                       0.0000004    0.06674      -  21.5    1s
H 2032  1280                       0.0000005    0.06674      -  21.5    2s
* 6182  3981              84       0.0000005    0.06250      -  26.4    3s
H 7382  4778                       0.0000007    0.06029      -  26.9    3s
 10540  7554    0.00004   66   50    0.00000    0.05772      -  28.3    5s
*20113 14760             130       0.0000007    0.05593      -  30.1    7s
 25229 19031    0.00000  113   31    0.00000    0.05517      -  30.5   10s
 43437 32873     cutoff   96         0.00000    0.05386      -  30.8   15s
 62775 47319    0.01729   41   52    0.00000    0.05276      -  31.7   20s
 81566 61703    0.00000  102   18    0.00000    0.05205      -  32.3   25s
 101027 76441     cutoff   99         0.00000    0.05160      -  32.6   30s
 119528 90406    0.00505   46   50    0.00000    0.05105      -  32.8   35s
 138015 104363    0.04558   35   53    0.00000    0.05064      -  32.9   40s
 157417 119536    0.00046   63   48    0.00000    0.05028      -  33.0   45s
 175553 132812    0.00627   53   55    0.00000    0.05003      -  33.2   50s
 186545 141653     cutoff   79         0.00000    0.04998      -  33.2   55s
 204910 156155    0.00000  125   39    0.00000    0.04980      -  33.4   60s
 224002 170350    0.00045   63   55    0.00000    0.04952      -  33.4   65s
 243522 184908    0.00016   72   50    0.00000    0.04935      -  33.4   70s
 261100 198328    0.02997   32   51    0.00000    0.04915      -  33.5   75s
 280560 213293     cutoff   97         0.00000    0.04892      -  33.5   80s
 298754 226877    0.04753   32   57    0.00000    0.04877      -  33.5   85s
 317085 240760     cutoff   47         0.00000    0.04858      -  33.5   90s
 335920 255213    0.00000   96   26    0.00000    0.04839      -  33.6   95s
 354234 269034    0.00105   57   52    0.00000    0.04827      -  33.6  100s
 371942 282241    0.02654   32   54    0.00000    0.04812      -  33.7  105s
 387680 294190    0.04239   28   56    0.00000    0.04802      -  33.7  110s
 406347 308323    0.00019   80   52    0.00000    0.04789      -  33.6  115s
 424395 322027    0.00000   91   17    0.00000    0.04779      -  33.6  120s
 437832 332313     cutoff   50         0.00000    0.04776      -  33.5  125s
 457672 347325    0.00001   86   44    0.00000    0.04767      -  33.4  130s
 476575 361703    0.00027   70   51    0.00000    0.04753      -  33.5  135s
 494795 375384    0.02298   41   54    0.00000    0.04748      -  33.6  140s
 513456 389206    0.00003   88   44    0.00000    0.04737      -  33.6  145s
 531223 402307     cutoff   70         0.00000    0.04729      -  33.6  150s
 542314 410698    0.00871   42   51    0.00000    0.04724      -  33.6  155s
*554771 419427              96       0.0000008    0.04716      -  33.6  158s
*554774 419379              96       0.0000008    0.04716      -  33.6  158s
 559804 423501    0.00449   53   37    0.00000    0.04710      -  33.6  160s
 577754 437474    0.00811   50   44    0.00000    0.04702      -  33.6  165s
 597137 452429    0.00121   64   51    0.00000    0.04692      -  33.6  170s
 615972 466503    0.01633   37   54    0.00000    0.04681      -  33.6  175s
 634570 480335    0.00000  100   41    0.00000    0.04671      -  33.6  180s
 652973 494057    0.01380   36   50    0.00000    0.04664      -  33.6  185s
 672055 508546     cutoff   56         0.00000    0.04656      -  33.7  190s
 690461 522105    0.00578   44   38    0.00000    0.04651      -  33.7  195s
 708600 535759    0.00820   52   50    0.00000    0.04647      -  33.7  200s
 727278 549801    0.01669   39   50    0.00000    0.04641      -  33.8  205s
 745988 563073    0.00000   75   21    0.00000    0.04632      -  33.7  210s
 762746 575812     cutoff   45         0.00000    0.04628      -  33.8  215s
 779573 588291    0.00079   49   44    0.00000    0.04621      -  33.8  220s
*782278 589785              90       0.0000008    0.04620      -  33.8  220s
 792880 597791    0.04583   35   51    0.00000    0.04616      -  33.8  225s
 808566 609288    0.01474   44   51    0.00000    0.04607      -  33.8  230s
 824225 621329    0.01379   41   50    0.00000    0.04600      -  33.8  235s
 841477 634189    0.00533   49   50    0.00000    0.04595      -  33.8  240s
 859521 647592    0.00066   64   50    0.00000    0.04589      -  33.8  245s
 878650 661365    0.00001   92   44    0.00000    0.04581      -  33.8  250s
 897542 675863     cutoff  106         0.00000    0.04575      -  33.8  255s
 916645 689575    0.00125   60   52    0.00000    0.04567      -  33.7  260s
 934667 702720     cutoff   49         0.00000    0.04558      -  33.7  265s
 954368 717592    0.00802   53   50    0.00000    0.04553      -  33.7  270s
H965421 723444                       0.0000009    0.04550      -  33.7  273s
H966680 718743                       0.0000011    0.04550      -  33.7  274s
H966821 715839                       0.0000012    0.04550      -  33.7  274s
 967873 716538    0.01490   46   50    0.00000    0.04549      -  33.7  275s
 984686 728964    0.00601   47   55    0.00000    0.04545      -  33.7  280s
 1002921 741854    0.00215   66   39    0.00000    0.04536      -  33.7  285s
 1022828 755899    0.03749   35   55    0.00000    0.04528      -  33.7  290s
 1040935 769213    0.00107   49   44    0.00000    0.04521      -  33.7  295s
 1059484 782909    0.00043   73   51    0.00000    0.04515      -  33.7  300s
 1077436 796305    0.00284   63   51    0.00000    0.04509      -  33.7  305s
 1091189 805878    0.02134   38   52    0.00000    0.04503      -  33.7  310s
 1091264 806043     cutoff   49         0.00000    0.04503      -  33.7  315s
 1105781 816812    0.00003   76   44    0.00000    0.04499      -  33.7  320s
 1123895 830040    0.00009   67   54    0.00000    0.04492      -  33.7  325s
 1142049 843311     cutoff  125         0.00000    0.04487      -  33.7  330s
 1161767 857658    0.03347   37   52    0.00000    0.04481      -  33.7  335s
 1179922 871089    0.00001   85   47    0.00000    0.04476      -  33.7  340s
 1199226 886192     cutoff   53         0.00000    0.04472      -  33.7  345s
 1217290 899418    0.03306   37   52    0.00000    0.04465      -  33.7  350s
 1235360 912638    0.00000   93   41    0.00000    0.04458      -  33.7  355s
 1249554 923140    0.01642   45   44    0.00000    0.04452      -  33.7  360s

Cutting planes:
  Gomory: 6
  Implied bound: 31
  MIR: 9
  Flow cover: 53
  Inf proof: 3
  RLT: 86
  Relax-and-lift: 15
  BQP: 33

Explored 1250001 nodes (42092791 simplex iterations) in 360.00 seconds (361.71 work units)
Thread count was 4 (of 4 available processors)

Solution count 10: 1.23795e-06 1.11722e-06 8.76432e-07 ... 4.67814e-07

Time limit reached
Best objective 1.237945274929e-06, best bound 4.451754708403e-02, gap 3595983.6061%
{"verdict": "UNRESOLVED", "status": "TIME_LIMIT", "runtime": 360.0032570362091, "objval": 1.237945274928931e-06, "objbound": 0.04451754708402796, "binaries": 46}
