Set parameter NodefileStart to value 6
Read parameters from file gurobi.env
Restricted license - for non-production use only - expires 2027-11-29
Set parameter OutputFlag to value 1
Set parameter Threads to value 4
Set parameter TimeLimit to value 360
Set parameter MIPGap to value 5e-05
Set parameter MIPFocus to value 2
Set parameter NonConvex to value 2
Set parameter BestBdStop to value 2.7426211734693878e-02
Gurobi Optimizer version 13.0.3 build v13.0.3rc0 (linux64 - "Ubuntu 24.04.5 LTS")

CPU model: AMD EPYC 7763 64-Core Processor, instruction set [SSE2|AVX|AVX2]
Thread count: 2 physical cores, 4 logical processors, using up to 4 threads

Non-default parameters:
TimeLimit  360
BestBdStop  2.7426211734693878e-02
MIPGap  5e-05
MIPFocus  2
NodefileStart  6
NonConvex  2
Threads  4

Optimize a model with 145 rows, 115 columns and 846 nonzeros (Max)
Model fingerprint: 0x71a651a5
Model has 1 linear objective coefficients
Model has 50 quadratic constraints
Variable types: 65 continuous, 50 integer (50 binary)
Coefficient statistics:
  Matrix range     [5e-01, 1e+00]
  QMatrix range    [1e+00, 1e+00]
  QLMatrix range   [1e+00, 1e+00]
  Objective range  [1e+00, 1e+00]
  Bounds range     [5e-01, 1e+00]
  RHS range        [1e+00, 1e+00]

Found heuristic solution: objective -0.0000000
Presolve time: 0.00s
Presolved: 345 rows, 116 columns, 1246 nonzeros
Presolved model has 50 bilinear constraint(s)

Solving non-convex MIQCP to global optimality

Variable types: 66 continuous, 50 integer (50 binary)
Root relaxation presolve removed 50 rows and 1 columns
Root relaxation presolved: 295 rows, 115 columns, 1196 nonzeros


Root relaxation: objective 8.333333e-02, 87 iterations, 0.00 seconds (0.00 work units)

    Nodes    |    Current Node    |     Objective Bounds      |     Work
 Expl Unexpl |  Obj  Depth IntInf | Incumbent    BestBd   Gap | It/Node Time

     0     0    0.08333    0   47   -0.00000    0.08333      -     -    0s
     0     0    0.08333    0   53   -0.00000    0.08333      -     -    0s
     0     0    0.08333    0   48   -0.00000    0.08333      -     -    0s
     0     0    0.07143    0   63   -0.00000    0.07143      -     -    0s
     0     0    0.07143    0   50   -0.00000    0.07143      -     -    0s
     0     0    0.07143    0   50   -0.00000    0.07143      -     -    0s
     0     0    0.07143    0   44   -0.00000    0.07143      -     -    0s
     0     0    0.07143    0   51   -0.00000    0.07143      -     -    0s
     0     0    0.07143    0   50   -0.00000    0.07143      -     -    0s
     0     0    0.07143    0   52   -0.00000    0.07143      -     -    0s
     0     0    0.07143    0   52   -0.00000    0.07143      -     -    0s
     0     0    0.07143    0   52   -0.00000    0.07143      -     -    0s
     0     2    0.07143    0   52   -0.00000    0.07143      -     -    0s
H 1144   981                       0.0018539    0.07143  3753%  20.5    1s
H 1144   931                       0.0069369    0.05155   643%  20.5    1s
H 1144   885                       0.0099615    0.05155   417%  20.5    1s
H 1144   840                       0.0108582    0.05155   375%  20.5    1s
H 1144   798                       0.0109090    0.05155   373%  20.5    1s
H 1144   758                       0.0109197    0.05155   372%  20.5    1s
H 1160   731                       0.0109197    0.04949   353%  21.2    2s
H 1623  1014                       0.0109498    0.04949   352%  23.0    2s
H 1660   967                       0.0111690    0.04949   343%  22.8    2s
H 1862  1006                       0.0113527    0.04949   336%  23.9    2s
H 1927   980                       0.0113549    0.04949   336%  24.4    2s
H 2181  1072                       0.0113869    0.04949   335%  27.6    2s
H 2379  1193                       0.0114523    0.04949   332%  28.0    2s
H 2570   979                       0.0200115    0.04949   147%  27.6    2s
H 2657   872                       0.0200115    0.04949   147%  28.2    2s
H 3615  1254                       0.0200115    0.04949   147%  32.6    3s
  6377  2276    0.04640   28   59    0.02001    0.04949   147%  38.8    5s
 19417  5662     cutoff   35         0.02001    0.04949   147%  44.9   10s
 32615  8505    0.02797   34   53    0.02001    0.04571   128%  43.2   15s
 50983 12933     cutoff   39         0.02001    0.04287   114%  41.1   20s
H59306 13202                       0.0219998    0.04206  91.2%  40.2   22s
H59454 13300                       0.0219998    0.04202  91.0%  40.2   22s
H60797 13639                       0.0219998    0.04189  90.4%  40.1   22s
 68043 14791    0.03251   34   58    0.02200    0.04118  87.2%  39.7   25s
H80853 16826                       0.0219998    0.04022  82.8%  38.7   28s
H81164 16911                       0.0219998    0.04019  82.7%  38.7   28s
 85595 17889     cutoff   41         0.02200    0.03984  81.1%  38.5   30s
 106256 21196    0.02213   42   60    0.02200    0.03878  76.3%  37.4   35s
 127162 24956 infeasible   44         0.02200    0.03806  73.0%  36.3   40s
 148072 28583     cutoff   41         0.02200    0.03739  69.9%  35.6   45s
 168650 31953    0.03087   35   57    0.02200    0.03696  68.0%  35.0   50s
 189563 35143    0.02623   43   52    0.02200    0.03657  66.2%  34.5   55s
 210972 38569    0.02241   44   47    0.02200    0.03620  64.5%  34.0   60s
 229909 41667    0.02955   42   58    0.02200    0.03596  63.5%  33.6   65s
 246796 44295     cutoff   41         0.02200    0.03576  62.5%  33.2   70s
 268541 47443     cutoff   42         0.02200    0.03552  61.5%  32.9   75s
 290428 50650    0.02317   46   57    0.02200    0.03533  60.6%  32.6   80s
 312738 53767    0.02669   40   54    0.02200    0.03512  59.7%  32.3   85s
 334689 56525    0.02706   60   54    0.02200    0.03493  58.8%  32.0   90s
 356408 59104    0.02215   45   52    0.02200    0.03474  57.9%  31.8   95s
 378175 61973     cutoff   47         0.02200    0.03455  57.0%  31.7  100s
 400341 64699    0.02629   40   51    0.02200    0.03438  56.3%  31.5  105s
 422562 67712     cutoff   45         0.02200    0.03423  55.6%  31.3  110s
 444929 70579    0.02565   39   50    0.02200    0.03407  54.9%  31.1  115s
 466246 73126     cutoff   46         0.02200    0.03392  54.2%  31.0  120s
 488216 75955    0.02417   41   59    0.02200    0.03380  53.6%  30.8  125s
 505792 78335     cutoff   45         0.02200    0.03369  53.2%  30.7  130s
 528098 81213     cutoff   44         0.02200    0.03359  52.7%  30.6  135s
 550222 83914    0.02526   42   56    0.02200    0.03345  52.1%  30.4  140s
 572337 86761    0.02689   47   49    0.02200    0.03333  51.5%  30.3  145s
 594387 89335    0.03320   38   57    0.02200    0.03322  51.0%  30.2  150s
 616322 91881     cutoff   41         0.02200    0.03310  50.5%  30.1  155s
 638469 94215    0.02620   42   53    0.02200    0.03299  50.0%  30.0  160s
 660664 96705     cutoff   39         0.02200    0.03289  49.5%  29.9  165s
 683053 99373    0.02446   50   58    0.02200    0.03280  49.1%  29.8  170s
 703029 101684     cutoff   44         0.02200    0.03270  48.7%  29.7  175s
 721647 103849     cutoff   47         0.02200    0.03263  48.3%  29.7  180s
 744213 106600    0.02943   43   52    0.02200    0.03254  47.9%  29.6  185s
 766273 109305    0.02278   44   58    0.02200    0.03246  47.5%  29.5  190s
 788577 111757     cutoff   47         0.02200    0.03237  47.2%  29.4  195s
 811207 114313     cutoff   47         0.02200    0.03229  46.8%  29.3  200s
 833688 116756    0.02960   50   54    0.02200    0.03220  46.4%  29.3  205s
 855402 119321     cutoff   50         0.02200    0.03213  46.0%  29.2  210s
 877172 121467     cutoff   48         0.02200    0.03205  45.7%  29.2  215s
 899474 123723     cutoff   51         0.02200    0.03199  45.4%  29.1  220s
 921640 125988    0.02807   35   57    0.02200    0.03191  45.1%  29.1  225s
 939269 128068    0.02941   45   54    0.02200    0.03185  44.8%  29.0  230s
 961480 130299     cutoff   37         0.02200    0.03179  44.5%  29.0  235s
 983213 132494 infeasible   52         0.02200    0.03172  44.2%  28.9  240s
H986727 126359                       0.0226662    0.03171  39.9%  28.9  240s
H987304 126409                       0.0226662    0.03171  39.9%  28.9  241s
 1003720 127677    0.02456   45   50    0.02267    0.03165  39.6%  28.9  245s
 1025845 129710    0.02984   41   56    0.02267    0.03158  39.3%  28.8  250s
 1047191 131252    0.02330   46   55    0.02267    0.03151  39.0%  28.8  255s
 1069140 132801    0.03141   41   59    0.02267    0.03144  38.7%  28.7  260s
 1090879 134502    0.03072   45   56    0.02267    0.03137  38.4%  28.7  265s
 1112840 136371     cutoff   48         0.02267    0.03131  38.1%  28.6  270s
 1130178 137527     cutoff   50         0.02267    0.03125  37.9%  28.6  275s
 1151901 139219     cutoff   48         0.02267    0.03118  37.6%  28.5  280s
 1173239 140871    0.02654   47   60    0.02267    0.03113  37.3%  28.5  285s
 1194397 142607    0.02603   40   53    0.02267    0.03107  37.1%  28.4  290s
 1212916 143691    0.02647   45   60    0.02267    0.03102  36.8%  28.4  295s
 1234235 145023     cutoff   38         0.02267    0.03096  36.6%  28.4  300s
 1256345 146511    0.02445   41   51    0.02267    0.03089  36.3%  28.3  305s
 1278032 147767     cutoff   47         0.02267    0.03083  36.0%  28.3  310s
 1300242 148984    0.02861   44   54    0.02267    0.03077  35.7%  28.2  315s
 1322170 150297    0.02919   47   58    0.02267    0.03070  35.5%  28.2  320s
 1339947 151349    0.02907   45   53    0.02267    0.03066  35.3%  28.2  325s
 1361694 152700     cutoff   45         0.02267    0.03060  35.0%  28.1  330s
 1383784 153969     cutoff   49         0.02267    0.03054  34.8%  28.1  335s
 1405103 155083     cutoff   49         0.02267    0.03049  34.5%  28.1  340s
 1426650 156204     cutoff   46         0.02267    0.03043  34.3%  28.0  345s
 1448663 157209     cutoff   50         0.02267    0.03038  34.0%  28.0  350s
 1470749 158285    0.02509   48   56    0.02267    0.03032  33.8%  27.9  355s
 1492917 159270     cutoff   47         0.02267    0.03027  33.5%  27.9  360s

Cutting planes:
  Gomory: 17
  Implied bound: 33
  MIR: 5
  Flow cover: 32
  Inf proof: 110
  RLT: 78
  Relax-and-lift: 2
  BQP: 42

Explored 1493190 nodes (41664416 simplex iterations) in 360.00 seconds (403.80 work units)
Thread count was 4 (of 4 available processors)

Solution count 10: 0.0226662 0.0219998 0.0200115 ... 0.0109197

Time limit reached
Best objective 2.266622725652e-02, best bound 3.026446122878e-02, gap 33.5223%
{"verdict": "UNRESOLVED", "status": "TIME_LIMIT", "runtime": 360.0030379295349, "objval": 0.022666227256517905, "objbound": 0.03026446122877728, "binaries": 50}
