Set parameter NodefileStart to value 6
Read parameters from file gurobi.env
Restricted license - for non-production use only - expires 2027-11-29
Set parameter OutputFlag to value 1
Set parameter Threads to value 4
Set parameter TimeLimit to value 360
Set parameter MIPGap to value 5e-05
Set parameter MIPFocus to value 2
Set parameter NonConvex to value 2
Set parameter BestBdStop to value 2.7426211734693878e-02
Gurobi Optimizer version 13.0.3 build v13.0.3rc0 (linux64 - "Ubuntu 24.04.5 LTS")

CPU model: AMD EPYC 9V74 80-Core Processor, instruction set [SSE2|AVX|AVX2]
Thread count: 2 physical cores, 4 logical processors, using up to 4 threads

Non-default parameters:
TimeLimit  360
BestBdStop  2.7426211734693878e-02
MIPGap  5e-05
MIPFocus  2
NodefileStart  6
NonConvex  2
Threads  4

Optimize a model with 149 rows, 119 columns and 871 nonzeros (Max)
Model fingerprint: 0xf8353018
Model has 1 linear objective coefficients
Model has 50 quadratic constraints
Variable types: 65 continuous, 54 integer (54 binary)
Coefficient statistics:
  Matrix range     [5e-01, 1e+00]
  QMatrix range    [1e+00, 1e+00]
  QLMatrix range   [1e+00, 1e+00]
  Objective range  [1e+00, 1e+00]
  Bounds range     [5e-01, 1e+00]
  RHS range        [1e+00, 1e+00]

Found heuristic solution: objective -0.0000000
Presolve time: 0.00s
Presolved: 349 rows, 120 columns, 1271 nonzeros
Presolved model has 50 bilinear constraint(s)

Solving non-convex MIQCP to global optimality

Variable types: 66 continuous, 54 integer (54 binary)
Root relaxation presolve removed 50 rows and 1 columns
Root relaxation presolved: 299 rows, 119 columns, 1221 nonzeros


Root relaxation: objective 8.333333e-02, 116 iterations, 0.00 seconds (0.00 work units)

    Nodes    |    Current Node    |     Objective Bounds      |     Work
 Expl Unexpl |  Obj  Depth IntInf | Incumbent    BestBd   Gap | It/Node Time

     0     0    0.08333    0   49   -0.00000    0.08333      -     -    0s
     0     0    0.07143    0   56   -0.00000    0.07143      -     -    0s
     0     0    0.07143    0   63   -0.00000    0.07143      -     -    0s
     0     0    0.07143    0   54   -0.00000    0.07143      -     -    0s
H    0     0                       0.0000004    0.07143      -     -    0s
H    0     0                       0.0000004    0.07143      -     -    0s
     0     0    0.07143    0   58    0.00000    0.07143      -     -    0s
     0     0    0.07143    0   76    0.00000    0.07143      -     -    0s
     0     0    0.07143    0   50    0.00000    0.07143      -     -    0s
     0     0    0.07143    0   49    0.00000    0.07143      -     -    0s
     0     0    0.07143    0   50    0.00000    0.07143      -     -    0s
     0     0    0.07143    0   54    0.00000    0.07143      -     -    0s
     0     0    0.07143    0   52    0.00000    0.07143      -     -    0s
     0     0    0.07143    0   52    0.00000    0.07143      -     -    0s
H    0     0                       0.0033897    0.07143  2007%     -    0s
H    0     0                       0.0056649    0.07143  1161%     -    0s
H    0     0                       0.0059257    0.07143  1105%     -    0s
H    0     0                       0.0063321    0.07143  1028%     -    0s
     0     2    0.07131    0   63    0.00633    0.07131  1026%     -    0s
H  177   193                       0.0063321    0.07131  1026%  29.2    0s
H  239   233                       0.0064591    0.07131  1004%  29.5    0s
H  730   676                       0.0065390    0.07131   990%  32.7    1s
H 1174   962                       0.0087638    0.05830   565%  32.9    1s
H 1174   913                       0.0087638    0.05830   565%  32.9    1s
H 1727  1144                       0.0087638    0.04950   465%  30.8    2s
H 1747  1072                       0.0128089    0.04950   286%  30.8    2s
H 1995  1019                       0.0137955    0.04950   259%  30.3    2s
H 2070   986                       0.0137956    0.04950   259%  30.5    2s
H 2955  1267                       0.0137956    0.04950   259%  32.4    2s
H 3735  1486                       0.0137956    0.04950   259%  33.8    3s
H 5792  2230                       0.0137956    0.04847   251%  34.1    4s
  7728  2953    0.02988   27   57    0.01380    0.04572   231%  35.2    5s
H11820  4473                       0.0137956    0.04367   217%  36.1    6s
 21465  8487    0.01539   70   33    0.01380    0.04184   203%  35.8   10s
H33898 13030                       0.0139145    0.04044   191%  35.5   14s
 37060 14145     cutoff   26         0.01391    0.04019   189%  35.3   15s
H37552 14250                       0.0139377    0.04018   188%  35.4   15s
H38013 14364                       0.0139466    0.04015   188%  35.5   15s
H38124 14452                       0.0139466    0.04011   188%  35.5   15s
H39032 11583                       0.0178335    0.04007   125%  35.6   15s
H39505 11659                       0.0178335    0.04004   125%  35.7   15s
H39610 11659                       0.0178335    0.04004   125%  35.7   15s
H39711 11812                       0.0178335    0.04001   124%  35.7   15s
H40019 11812                       0.0178335    0.04000   124%  35.8   15s
H41331 12292                       0.0178336    0.03992   124%  35.9   16s
H50350 14622                       0.0178337    0.03914   119%  36.0   18s
 54357 15846    0.03408   27   48    0.01783    0.03889   118%  36.0   20s
H56633 16623                       0.0178337    0.03876   117%  35.9   20s
 72201 20445    0.02554   30   52    0.01783    0.03783   112%  35.7   25s
 91339 25273    0.02160   41   41    0.01783    0.03696   107%  35.5   30s
 111371 29859    0.01937   43   38    0.01783    0.03623   103%  35.2   35s
 131186 34420    0.02340   32   46    0.01783    0.03562   100%  34.9   40s
 151592 39044 infeasible   27         0.01783    0.03509  96.8%  34.5   45s
 172142 43331    0.01952   33   57    0.01783    0.03464  94.2%  34.1   50s
 189056 47010     cutoff   40         0.01783    0.03431  92.4%  34.0   55s
 208340 50755    0.02455   31   52    0.01783    0.03397  90.5%  33.8   60s
 228560 54929    0.01962   37   41    0.01783    0.03364  88.6%  33.6   65s
 247531 58614    0.01985   33   55    0.01783    0.03334  87.0%  33.5   70s
 266957 62517    0.02681   36   56    0.01783    0.03309  85.5%  33.4   75s
 286551 66480    0.02817   30   53    0.01783    0.03285  84.2%  33.3   80s
 306895 70559    0.02141   43   43    0.01783    0.03260  82.8%  33.1   85s
 327042 74229    0.01856   46   44    0.01783    0.03238  81.6%  32.9   90s
 344278 77797    0.02088   32   59    0.01783    0.03221  80.6%  32.8   95s
 364988 81585     cutoff   42         0.01783    0.03200  79.4%  32.5  100s
 385534 85526    0.01855   41   52    0.01783    0.03182  78.4%  32.3  105s
 405753 89266    0.01983   30   40    0.01783    0.03165  77.5%  32.2  110s
 424434 92657    0.01920   34   45    0.01783    0.03151  76.7%  32.0  115s
 445142 96592     cutoff   41         0.01783    0.03135  75.8%  31.8  120s
 466340 100853    0.02350   35   55    0.01783    0.03121  75.0%  31.7  125s
 487375 104967    0.03093   29   63    0.01783    0.03108  74.3%  31.5  130s
 505247 108322     cutoff   37         0.01783    0.03097  73.7%  31.4  135s
 525181 111788    0.02933   38   59    0.01783    0.03084  72.9%  31.2  140s
 546811 115584    0.02115   38   60    0.01783    0.03071  72.2%  31.1  145s
 567075 119320    0.02318   35   57    0.01783    0.03060  71.6%  31.0  150s
 587241 123229    0.02512   43   54    0.01783    0.03051  71.1%  30.9  155s
 609635 127072    0.01973   48   57    0.01783    0.03039  70.4%  30.8  160s
 631134 130859     cutoff   42         0.01783    0.03028  69.8%  30.7  165s
 652447 134433    0.02000   48   41    0.01783    0.03019  69.3%  30.6  170s
 673040 138052    0.02736   33   54    0.01783    0.03009  68.7%  30.5  175s
 694214 141609    0.02370   42   43    0.01783    0.02998  68.1%  30.4  180s
 715907 145173     cutoff   36         0.01783    0.02989  67.6%  30.3  185s
 733578 148407    0.02022   38   52    0.01783    0.02981  67.2%  30.2  190s
 754063 151892    0.01849   38   39    0.01783    0.02973  66.7%  30.1  195s
 773389 155354     cutoff   46         0.01783    0.02967  66.4%  30.1  200s
 794900 159097    0.01882   37   37    0.01783    0.02959  65.9%  30.0  205s
 815725 162794    0.02090   33   48    0.01783    0.02952  65.5%  30.0  210s
 836953 166291    0.02315   35   41    0.01783    0.02944  65.1%  29.9  215s
 857889 169729     cutoff   44         0.01783    0.02938  64.7%  29.9  220s
 878502 173255    0.01864   40   45    0.01783    0.02931  64.4%  29.8  225s
 898921 177236    0.02016   40   49    0.01783    0.02925  64.0%  29.8  230s
 918907 180916    0.01867   46   60    0.01783    0.02919  63.7%  29.7  235s
 936118 184071     cutoff   39         0.01783    0.02914  63.4%  29.7  240s
 957306 187732     cutoff   41         0.01783    0.02907  63.0%  29.6  245s
 979435 191705    0.02400   34   42    0.01783    0.02901  62.7%  29.5  250s
 998341 194893     cutoff   48         0.01783    0.02896  62.4%  29.5  255s
 1020527 198570    0.01889   36   55    0.01783    0.02890  62.1%  29.4  260s
 1041903 202289    0.01888   37   56    0.01783    0.02884  61.7%  29.4  265s
 1063564 205629    0.01875   41   57    0.01783    0.02879  61.4%  29.3  270s
 1084407 209217    0.02078   39   54    0.01783    0.02874  61.2%  29.2  275s
 1106651 212771 infeasible   47         0.01783    0.02869  60.9%  29.2  280s
 1127322 216363    0.02030   45   39    0.01783    0.02864  60.6%  29.1  285s
 1145545 219364    0.02557   34   49    0.01783    0.02860  60.4%  29.1  290s
 1166143 222758    0.02363   36   49    0.01783    0.02856  60.1%  29.1  295s
 1187336 226036    0.02768   35   55    0.01783    0.02851  59.9%  29.0  300s
 1208696 229664     cutoff   35         0.01783    0.02847  59.6%  29.0  305s
 1230718 233086    0.02212   45   46    0.01783    0.02842  59.4%  28.9  310s
 1252575 236602    0.01888   42   55    0.01783    0.02838  59.1%  28.9  315s
 1274175 240263    0.02550   37   53    0.01783    0.02833  58.9%  28.8  320s
 1295796 243873     cutoff   35         0.01783    0.02829  58.6%  28.8  325s
 1317039 247119    0.01941   43   53    0.01783    0.02825  58.4%  28.8  330s
 1336329 249764     cutoff   44         0.01783    0.02821  58.2%  28.7  335s
 1355191 252621     cutoff   45         0.01783    0.02818  58.0%  28.7  340s
 1376192 255859    0.01806   35   60    0.01783    0.02814  57.8%  28.7  345s
 1397441 259260    0.01946   33   55    0.01783    0.02810  57.6%  28.6  350s
 1418791 262242    0.02101   34   57    0.01783    0.02806  57.3%  28.6  355s
 1439737 265022    0.02144   35   61    0.01783    0.02801  57.1%  28.6  360s

Cutting planes:
  Gomory: 2
  Implied bound: 32
  MIR: 3
  Flow cover: 13
  Inf proof: 1
  RLT: 95
  Relax-and-lift: 2
  BQP: 27

Explored 1440146 nodes (41134964 simplex iterations) in 360.00 seconds (376.03 work units)
Thread count was 4 (of 4 available processors)

Solution count 10: 0.0178337 0.0178335 0.0139466 ... 0.00653905

Time limit reached
Best objective 1.783369433458e-02, best bound 2.801381794757e-02, gap 57.0836%
{"verdict": "UNRESOLVED", "status": "TIME_LIMIT", "runtime": 360.00378489494324, "objval": 0.0178336943345809, "objbound": 0.02801381794757496, "binaries": 54}
