Set parameter NodefileStart to value 6
Read parameters from file gurobi.env
Restricted license - for non-production use only - expires 2027-11-29
Set parameter OutputFlag to value 1
Set parameter Threads to value 4
Set parameter TimeLimit to value 360
Set parameter MIPGap to value 5e-05
Set parameter MIPFocus to value 2
Set parameter NonConvex to value 2
Set parameter BestBdStop to value 2.7426211734693878e-02
Gurobi Optimizer version 13.0.3 build v13.0.3rc0 (linux64 - "Ubuntu 24.04.5 LTS")

CPU model: AMD EPYC 7763 64-Core Processor, instruction set [SSE2|AVX|AVX2]
Thread count: 2 physical cores, 4 logical processors, using up to 4 threads

Non-default parameters:
TimeLimit  360
BestBdStop  2.7426211734693878e-02
MIPGap  5e-05
MIPFocus  2
NodefileStart  6
NonConvex  2
Threads  4

Optimize a model with 129 rows, 99 columns and 714 nonzeros (Max)
Model fingerprint: 0xfedd6e17
Model has 1 linear objective coefficients
Model has 50 quadratic constraints
Variable types: 65 continuous, 34 integer (34 binary)
Coefficient statistics:
  Matrix range     [5e-01, 1e+00]
  QMatrix range    [1e+00, 1e+00]
  QLMatrix range   [1e+00, 1e+00]
  Objective range  [1e+00, 1e+00]
  Bounds range     [5e-01, 1e+00]
  RHS range        [1e+00, 1e+00]

Found heuristic solution: objective -0.0000000
Presolve time: 0.00s
Presolved: 329 rows, 100 columns, 1114 nonzeros
Presolved model has 50 bilinear constraint(s)

Solving non-convex MIQCP to global optimality

Variable types: 66 continuous, 34 integer (34 binary)
Root relaxation presolve removed 50 rows and 1 columns
Root relaxation presolved: 279 rows, 99 columns, 1064 nonzeros


Root relaxation: objective 7.500000e-02, 118 iterations, 0.00 seconds (0.00 work units)

    Nodes    |    Current Node    |     Objective Bounds      |     Work
 Expl Unexpl |  Obj  Depth IntInf | Incumbent    BestBd   Gap | It/Node Time

     0     0    0.07500    0   57   -0.00000    0.07500      -     -    0s
     0     0    0.05769    0   54   -0.00000    0.05769      -     -    0s
     0     0    0.05172    0   42   -0.00000    0.05172      -     -    0s
     0     0    0.05172    0   42   -0.00000    0.05172      -     -    0s
     0     0    0.05000    0   44   -0.00000    0.05000      -     -    0s
H    0     0                       0.0000000    0.04167      -     -    0s
H    0     0                       0.0000000    0.04167      -     -    0s
     0     0    0.02953    0   44    0.00000    0.02953      -     -    0s
     0     0    0.02841    0   44    0.00000    0.02841      -     -    0s
H    0     2                       0.0000000    0.02841      -     -    0s
     0     2    0.02841    0   44    0.00000    0.02841      -     -    0s
H   51    72                       0.0000000    0.02841      -  30.3    0s
H   61    72                       0.0000000    0.02841      -  32.3    0s
H   66    72                       0.0000000    0.02841      -  35.0    0s
*  729   589              95       0.0000001    0.02841      -  29.6    0s
*  902   778              89       0.0000001    0.02841      -  30.3    0s
*  958   816              87       0.0000002    0.02841      -  31.1    0s

Cutting planes:
  Gomory: 4
  Flow cover: 8
  RLT: 35
  BQP: 7

Explored 1219 nodes (39066 simplex iterations) in 1.40 seconds (0.88 work units)
Thread count was 4 (of 4 available processors)

Solution count 10: 1.57019e-07 1.48055e-07 1.37861e-07 ... -0

Optimization achieved user objective limit
Best objective 1.570185883178e-07, best bound 2.638444005573e-02, gap -
{"verdict": "PROVED", "status": "BOUND_REACHED", "runtime": 1.40156888961792, "objval": 1.5701858831783217e-07, "objbound": 0.02638444005573148, "binaries": 34}
