Set parameter NodefileStart to value 6
Read parameters from file gurobi.env
Restricted license - for non-production use only - expires 2027-11-29
Set parameter OutputFlag to value 1
Set parameter Threads to value 4
Set parameter TimeLimit to value 360
Set parameter MIPGap to value 5e-05
Set parameter MIPFocus to value 2
Set parameter NonConvex to value 2
Set parameter BestBdStop to value 2.7426211734693878e-02
Gurobi Optimizer version 13.0.3 build v13.0.3rc0 (linux64 - "Ubuntu 24.04.5 LTS")

CPU model: AMD EPYC 7763 64-Core Processor, instruction set [SSE2|AVX|AVX2]
Thread count: 2 physical cores, 4 logical processors, using up to 4 threads

Non-default parameters:
TimeLimit  360
BestBdStop  2.7426211734693878e-02
MIPGap  5e-05
MIPFocus  2
NodefileStart  6
NonConvex  2
Threads  4

Optimize a model with 141 rows, 111 columns and 810 nonzeros (Max)
Model fingerprint: 0xc85bc92e
Model has 1 linear objective coefficients
Model has 50 quadratic constraints
Variable types: 65 continuous, 46 integer (46 binary)
Coefficient statistics:
  Matrix range     [5e-01, 1e+00]
  QMatrix range    [1e+00, 1e+00]
  QLMatrix range   [1e+00, 1e+00]
  Objective range  [1e+00, 1e+00]
  Bounds range     [5e-01, 1e+00]
  RHS range        [1e+00, 1e+00]

Found heuristic solution: objective -0.0000000
Presolve time: 0.00s
Presolved: 341 rows, 112 columns, 1210 nonzeros
Presolved model has 50 bilinear constraint(s)

Solving non-convex MIQCP to global optimality

Variable types: 66 continuous, 46 integer (46 binary)
Root relaxation presolve removed 50 rows and 1 columns
Root relaxation presolved: 291 rows, 111 columns, 1160 nonzeros


Root relaxation: objective 8.333333e-02, 102 iterations, 0.00 seconds (0.00 work units)

    Nodes    |    Current Node    |     Objective Bounds      |     Work
 Expl Unexpl |  Obj  Depth IntInf | Incumbent    BestBd   Gap | It/Node Time

     0     0    0.08333    0   47   -0.00000    0.08333      -     -    0s
     0     0    0.08333    0   49   -0.00000    0.08333      -     -    0s
     0     0    0.08333    0   55   -0.00000    0.08333      -     -    0s
     0     0    0.08333    0   50   -0.00000    0.08333      -     -    0s
H    0     0                       0.0000000    0.08333      -     -    0s
H    0     0                       0.0000001    0.08333      -     -    0s
     0     0    0.08333    0   55    0.00000    0.08333      -     -    0s
     0     0    0.08333    0   52    0.00000    0.08333      -     -    0s
     0     0    0.08333    0   39    0.00000    0.08333      -     -    0s
     0     0    0.08333    0   59    0.00000    0.08333      -     -    0s
     0     0    0.07500    0   54    0.00000    0.07500      -     -    0s
     0     0    0.07500    0   54    0.00000    0.07500      -     -    0s
     0     0    0.07500    0   56    0.00000    0.07500      -     -    0s
     0     0    0.07500    0   55    0.00000    0.07500      -     -    0s
     0     0    0.07500    0   56    0.00000    0.07500      -     -    0s
     0     0    0.07500    0   56    0.00000    0.07500      -     -    0s
     0     0    0.07500    0   57    0.00000    0.07500      -     -    0s
     0     0    0.07500    0   57    0.00000    0.07500      -     -    0s
     0     2    0.07500    0   57    0.00000    0.07500      -     -    0s
H  800   804                       0.0000004    0.07500      -  22.2    0s
* 1987  1506             124       0.0000007    0.07216      -  21.7    2s
* 2035  1439             119       0.0000009    0.07216      -  21.6    2s
H 3048  1861                       0.0000018    0.06795      -  23.1    2s
 12236  9260    0.00054   61   52    0.00000    0.05322      -  26.0    5s
 30339 22912 infeasible   88         0.00000    0.04829      -  28.2   10s
 51006 37960    0.00130   55   52    0.00000    0.04663      -  29.3   15s
 70727 52115    0.02664   32   56    0.00000    0.04538      -  29.8   20s
 89829 64955    0.00512   41   51    0.00000    0.04450      -  30.0   25s
 108899 78176    0.00455   47   47    0.00000    0.04390      -  30.1   30s
 126403 90364    0.00017   47   46    0.00000    0.04350      -  30.2   35s
 145125 103054     cutoff   70         0.00000    0.04310      -  30.8   40s
 163770 115992    0.00835   48   51    0.00000    0.04276      -  31.0   45s
 181832 128518    0.03427   30   55    0.00000    0.04235      -  31.2   50s
 198228 139656     cutoff   61         0.00000    0.04210      -  31.4   55s
 217991 152841     cutoff   75         0.00000    0.04175      -  31.4   60s
 236343 165255    0.00724   43   58    0.00000    0.04153      -  31.6   65s
 255250 178037    0.00000   68   28    0.00000    0.04128      -  31.5   70s
 272194 188901    0.00055   43   27    0.00000    0.04107      -  31.4   75s
 290801 200866    0.00002   91   49    0.00000    0.04090      -  31.5   80s
 309264 213077    0.00049   54   52    0.00000    0.04071      -  31.5   85s
 329289 226368    0.00621   44   50    0.00000    0.04051      -  31.6   90s
 345840 237395    0.00000   90   23    0.00000    0.04036      -  31.6   95s
 360929 247297    0.00007   71   50    0.00000    0.04022      -  31.6  100s
 380401 259778 infeasible   62         0.00000    0.04005      -  31.6  105s
 397397 270587    0.00008   77   54    0.00000    0.03991      -  31.6  110s
 413118 281145    0.00132   48   52    0.00000    0.03979      -  31.7  115s
 430294 292497    0.00773   45   45    0.00000    0.03970      -  31.7  120s
 449931 306255     cutoff   38         0.00000    0.03959      -  31.7  125s
 468821 319257    0.00144   72   33    0.00000    0.03947      -  31.7  130s
 484950 330464    0.00355   49   50    0.00000    0.03938      -  31.7  135s
 503747 342716    0.00919   46   44    0.00000    0.03927      -  31.7  140s
 524476 355678    0.00014   55   50    0.00000    0.03917      -  31.6  145s
 543589 368144    0.00005   70   50    0.00000    0.03908      -  31.6  150s
 562606 381663    0.00002  100   37    0.00000    0.03902      -  31.5  155s
 581009 394198    0.00006   82   50    0.00000    0.03894      -  31.5  160s
 599180 406086    0.00709   48   44    0.00000    0.03887      -  31.5  165s
 617059 418134    0.03800   38   51    0.00000    0.03880      -  31.5  170s
 636071 430109    0.00266   39   50    0.00000    0.03872      -  31.5  175s
 654672 442428     cutoff   85         0.00000    0.03864      -  31.5  180s
 673442 454667     cutoff   98         0.00000    0.03859      -  31.6  185s
 692220 467138    0.00032   73   50    0.00000    0.03855      -  31.6  190s
 712142 480694    0.00000   75   43    0.00000    0.03849      -  31.5  195s
 730295 492667     cutoff   74         0.00000    0.03843      -  31.5  200s
 748977 504372    0.03553   32   55    0.00000    0.03837      -  31.5  205s
 766568 516128    0.00418   48   43    0.00000    0.03833      -  31.5  210s
 785672 528536    0.00002   69   38    0.00000    0.03826      -  31.5  215s
 802329 539614    0.00199   47   52    0.00000    0.03821      -  31.5  220s
 817999 549923     cutoff   85         0.00000    0.03818      -  31.5  225s
 833245 560003    0.00001   67   49    0.00000    0.03814      -  31.5  230s
 852511 572496    0.00023   68   38    0.00000    0.03808      -  31.5  235s
 867584 582630    0.00325   53   45    0.00000    0.03804      -  31.5  240s
 886531 594598    0.00001   66   50    0.00000    0.03799      -  31.5  245s
 904230 606297     cutoff   61         0.00000    0.03795      -  31.5  250s
 923028 618878    0.00202   50   50    0.00000    0.03791      -  31.5  255s
 941370 631362    0.00402   50   50    0.00000    0.03787      -  31.5  260s
 959645 643506    0.01087   41   50    0.00000    0.03784      -  31.5  265s
H967676 648310                       0.0000018    0.03781      -  31.5  267s
 972412 651580     cutoff   42         0.00000    0.03780      -  31.5  270s
 991960 664313    0.01269   39   51    0.00000    0.03776      -  31.5  275s
 1009861 676454     cutoff   53         0.00000    0.03773      -  31.5  280s
 1027886 688088    0.00427   41   44    0.00000    0.03770      -  31.5  285s
 1045209 699329     cutoff   89         0.00000    0.03766      -  31.5  290s
 1064436 712239    0.00717   45   50    0.00000    0.03763      -  31.5  295s
 1082688 724357    0.00002   78   51    0.00000    0.03759      -  31.6  300s
 1099676 735646    0.00002   45   46    0.00000    0.03756      -  31.6  305s
 1118355 747855    0.01851   46   51    0.00000    0.03753      -  31.6  310s
 1138357 760600    0.00004   75   50    0.00000    0.03749      -  31.5  315s
 1156820 773490    0.00545   42   37    0.00000    0.03745      -  31.5  320s
 1171929 783874    0.00035   51   43    0.00000    0.03743      -  31.6  325s
 1190317 795741    0.00003   76   50    0.00000    0.03739      -  31.6  330s
 1208410 808235    0.00000  100   36    0.00000    0.03736      -  31.6  335s
 1228291 821365    0.00012   73   50    0.00000    0.03733      -  31.6  340s
 1247220 833343    0.00001   50   37    0.00000    0.03729      -  31.6  345s
 1265644 845285    0.00382   47   50    0.00000    0.03725      -  31.6  350s
 1284116 857095    0.02759   40   52    0.00000    0.03722      -  31.6  355s
 1299875 867381     cutoff   77         0.00000    0.03719      -  31.6  360s

Cutting planes:
  Gomory: 22
  Lift-and-project: 2
  Implied bound: 35
  MIR: 8
  Mixing: 3
  Flow cover: 113
  Inf proof: 2
  RLT: 120
  Relax-and-lift: 27
  BQP: 40

Explored 1299993 nodes (41022737 simplex iterations) in 360.00 seconds (383.72 work units)
Thread count was 4 (of 4 available processors)

Solution count 7: 1.76183e-06 1.75879e-06 9.17316e-07 ... -0

Time limit reached
Best objective 1.761831259704e-06, best bound 3.718927594219e-02, gap 2110730.7471%
{"verdict": "UNRESOLVED", "status": "TIME_LIMIT", "runtime": 360.00216913223267, "objval": 1.7618312597043564e-06, "objbound": 0.03718927594219449, "binaries": 46}
