Set parameter NodefileStart to value 6
Read parameters from file gurobi.env
Restricted license - for non-production use only - expires 2027-11-29
Set parameter OutputFlag to value 1
Set parameter Threads to value 4
Set parameter TimeLimit to value 360
Set parameter MIPGap to value 5e-05
Set parameter MIPFocus to value 2
Set parameter NonConvex to value 2
Set parameter BestBdStop to value 2.7426211734693878e-02
Gurobi Optimizer version 13.0.3 build v13.0.3rc0 (linux64 - "Ubuntu 24.04.5 LTS")

CPU model: INTEL(R) XEON(R) PLATINUM 8573C, instruction set [SSE2|AVX|AVX2|AVX512]
Thread count: 2 physical cores, 4 logical processors, using up to 4 threads

Non-default parameters:
TimeLimit  360
BestBdStop  2.7426211734693878e-02
MIPGap  5e-05
MIPFocus  2
NodefileStart  6
NonConvex  2
Threads  4

Optimize a model with 141 rows, 111 columns and 810 nonzeros (Max)
Model fingerprint: 0x22bd916a
Model has 1 linear objective coefficients
Model has 50 quadratic constraints
Variable types: 65 continuous, 46 integer (46 binary)
Coefficient statistics:
  Matrix range     [5e-01, 1e+00]
  QMatrix range    [1e+00, 1e+00]
  QLMatrix range   [1e+00, 1e+00]
  Objective range  [1e+00, 1e+00]
  Bounds range     [5e-01, 1e+00]
  RHS range        [1e+00, 1e+00]

Found heuristic solution: objective -0.0000000
Presolve time: 0.00s
Presolved: 341 rows, 112 columns, 1210 nonzeros
Presolved model has 50 bilinear constraint(s)

Solving non-convex MIQCP to global optimality

Variable types: 66 continuous, 46 integer (46 binary)
Root relaxation presolve removed 50 rows and 1 columns
Root relaxation presolved: 291 rows, 111 columns, 1160 nonzeros


Root relaxation: objective 8.333333e-02, 130 iterations, 0.00 seconds (0.00 work units)

    Nodes    |    Current Node    |     Objective Bounds      |     Work
 Expl Unexpl |  Obj  Depth IntInf | Incumbent    BestBd   Gap | It/Node Time

     0     0    0.08333    0   49   -0.00000    0.08333      -     -    0s
     0     0    0.07692    0   69   -0.00000    0.07692      -     -    0s
     0     0    0.07692    0   62   -0.00000    0.07692      -     -    0s
     0     0    0.07692    0   57   -0.00000    0.07692      -     -    0s
     0     0    0.07692    0   55   -0.00000    0.07692      -     -    0s
H    0     0                       0.0000000    0.07692      -     -    0s
H    0     0                       0.0000001    0.07692      -     -    0s
     0     0    0.07292    0   50    0.00000    0.07292      -     -    0s
     0     0    0.07273    0   69    0.00000    0.07273      -     -    0s
     0     0    0.07273    0   67    0.00000    0.07273      -     -    0s
     0     0    0.07273    0   58    0.00000    0.07273      -     -    0s
     0     0    0.07273    0   55    0.00000    0.07273      -     -    0s
     0     0    0.07273    0   68    0.00000    0.07273      -     -    0s
     0     0    0.07273    0   63    0.00000    0.07273      -     -    0s
     0     0    0.07246    0   60    0.00000    0.07246      -     -    0s
     0     0    0.07246    0   60    0.00000    0.07246      -     -    0s
     0     0    0.07237    0   65    0.00000    0.07237      -     -    0s
     0     0    0.07143    0   63    0.00000    0.07143      -     -    0s
     0     0    0.07143    0   63    0.00000    0.07143      -     -    0s
     0     0    0.07143    0   63    0.00000    0.07143      -     -    0s
     0     0    0.07143    0   55    0.00000    0.07143      -     -    0s
     0     2    0.07143    0   51    0.00000    0.07143      -     -    1s
* 1762  1371             102       0.0000002    0.05386      -  23.0    2s
* 1932  1326             114       0.0000002    0.05386      -  22.1    2s
H 2203  1454                       0.0000003    0.05386      -  22.1    2s
* 2656  1591             123       0.0000003    0.05386      -  21.4    3s
H 3450  1947                       0.0000003    0.05386      -  24.0    3s
* 4318  2582             103       0.0000003    0.05386      -  23.4    3s
* 4360  2574             126       0.0000004    0.05386      -  23.4    3s
  6795  4608    0.02561   29   62    0.00000    0.05008      -  27.0    6s
H 6916  4580                       0.0000004    0.05008      -  27.4    6s
 20555 14930    0.02337   34   57    0.00000    0.04506      -  24.6   10s
H30890 21903                       0.0000004    0.04415      -  24.5   14s
 31770 22841    0.00002   76   41    0.00000    0.04414      -  24.5   15s
H34262 24313                       0.0000004    0.04395      -  24.3   15s
H37234 25902                       0.0000006    0.04371      -  24.0   16s
H41519 28854                       0.0000006    0.04350      -  23.8   17s
 48135 33213    0.00009   64   37    0.00000    0.04309      -  23.5   20s
H59675 40536                       0.0000007    0.04252      -  23.3   23s
 63158 43355    0.00574   42   54    0.00000    0.04240      -  23.3   25s
 78375 53549    0.00305   56   50    0.00000    0.04136      -  23.1   30s
 93219 63716    0.00925   47   51    0.00000    0.04094      -  23.1   35s
 107490 73552    0.00289   60   50    0.00000    0.04065      -  23.1   40s
 124392 85154    0.00101   52   53    0.00000    0.04030      -  23.1   45s
 138182 93796    0.00155   45   51    0.00000    0.03998      -  23.0   50s
 152717 103468     cutoff   63         0.00000    0.03965      -  22.9   55s
 168520 113888     cutoff   42         0.00000    0.03933      -  22.9   60s
 182835 122726 infeasible   46         0.00000    0.03913      -  22.7   65s
 197907 133563    0.00004   58   42    0.00000    0.03904      -  22.7   70s
 213088 144245    0.02293   37   50    0.00000    0.03896      -  22.6   75s
 231038 156409    0.00000  111   29    0.00000    0.03874      -  22.5   80s
 249732 168645    0.00723   47   36    0.00000    0.03854      -  22.4   85s
H260342 173484                       0.0000009    0.03842      -  22.4   88s
H263020 175523                       0.0000009    0.03840      -  22.4   89s
 263566 176024    0.00010   58   34    0.00000    0.03840      -  22.4   90s
 278885 186417    0.00642   51   53    0.00000    0.03832      -  22.3   95s
 297414 198152    0.00187   47   50    0.00000    0.03810      -  22.3  100s
 316763 210181    0.03782   41   53    0.00000    0.03794      -  22.2  105s
 331905 220533    0.00550   46   43    0.00000    0.03785      -  22.2  110s
 347616 230886     cutoff   44         0.00000    0.03778      -  22.1  115s
 362394 240925    0.00650   63   50    0.00000    0.03768      -  22.1  120s
 381675 252823    0.00383   54   51    0.00000    0.03754      -  22.0  125s
 395633 261942    0.01628   42   52    0.00000    0.03746      -  22.0  130s
 414179 275225    0.00000   93   40    0.00000    0.03738      -  22.0  135s
 425168 282358    0.00050   64   51    0.00000    0.03732      -  22.0  140s
 439601 292097    0.00180   44   52    0.00000    0.03727      -  22.0  145s
 457528 304814    0.00034   66   51    0.00000    0.03723      -  21.9  150s
 475848 317624    0.00000   94   20    0.00000    0.03721      -  21.9  155s
 496456 330637    0.00143   55   50    0.00000    0.03714      -  21.8  160s
 511855 341529    0.01382   49   50    0.00000    0.03708      -  21.8  165s
 528865 353554    0.00001   92   48    0.00000    0.03704      -  21.9  170s
 542828 363433    0.00008   70   22    0.00000    0.03698      -  21.9  175s
 560251 375291    0.00002   90   50    0.00000    0.03691      -  21.9  180s
 577243 387008    0.00002   69   31    0.00000    0.03686      -  21.9  186s
 589957 395311    0.00016   73   45    0.00000    0.03682      -  21.9  190s
 603659 404165    0.00022   63   38    0.00000    0.03677      -  21.9  195s
 620304 415868    0.00867   43   50    0.00000    0.03675      -  21.9  200s
 637229 427041    0.01262   48   50    0.00000    0.03669      -  21.9  205s
 653729 440950    0.00253   56   52    0.00000    0.03665      -  21.8  211s
H660460 442231                       0.0000010    0.03664      -  21.8  211s
 668710 447961    0.03657   29   54    0.00000    0.03662      -  21.9  215s
 682911 457442    0.00000   99   45    0.00000    0.03658      -  21.9  220s
 697069 467180    0.00092   67   50    0.00000    0.03654      -  21.9  225s
 716928 480846    0.00455   56   50    0.00000    0.03647      -  21.9  230s
 729926 490095    0.00583   45   38    0.00000    0.03644      -  21.9  235s
 747582 502038    0.00051   55   53    0.00000    0.03641      -  21.9  240s
 761318 511484     cutoff   75         0.00000    0.03639      -  21.9  245s
 776953 522523    0.00001   66   50    0.00000    0.03634      -  21.9  250s
 797469 536040    0.02111   49   55    0.00000    0.03628      -  21.9  255s
 818233 550261    0.00003   93   43    0.00000    0.03623      -  21.9  260s
 835926 562373    0.00004   79   50    0.00000    0.03619      -  21.9  265s
 854050 574692    0.02264   36   44    0.00000    0.03614      -  21.9  270s
 869076 584903 infeasible   53         0.00000    0.03610      -  21.8  275s
 880303 592065    0.00004   74   50    0.00000    0.03606      -  21.8  280s
 897390 603732     cutoff   73         0.00000    0.03601      -  21.8  285s
 911913 613052    0.01161   49   51    0.00000    0.03596      -  21.8  290s
 927997 624044    0.00000   95   30    0.00000    0.03592      -  21.8  295s
 941647 633072    0.02532   43   53    0.00000    0.03589      -  21.8  300s
 956726 642611    0.00282   51   53    0.00000    0.03585      -  21.8  305s
 967794 650591     cutoff  104         0.00000    0.03583      -  21.8  310s
 983439 661075    0.00218   64   50    0.00000    0.03580      -  21.8  315s
 1000584 673484    0.00003   87   52    0.00000    0.03578      -  21.8  320s
 1016217 684137    0.03236   33   52    0.00000    0.03575      -  21.8  325s
 1033186 695573    0.00667   51   37    0.00000    0.03571      -  21.8  330s
 1048781 706301     cutoff   47         0.00000    0.03568      -  21.8  335s
 1064951 716728    0.00000   69   31    0.00000    0.03565      -  21.8  340s
 1077824 725394     cutoff   76         0.00000    0.03563      -  21.8  345s
 1091046 734229    0.02694   41   43    0.00000    0.03560      -  21.8  350s
 1104405 743724    0.00001  114   48    0.00000    0.03558      -  21.8  355s
 1119798 753689     cutoff   60         0.00000    0.03555      -  21.8  360s

Cutting planes:
  Gomory: 9
  Lift-and-project: 8
  Implied bound: 36
  MIR: 10
  Flow cover: 69
  Inf proof: 1
  RLT: 110
  Relax-and-lift: 9
  BQP: 40

Explored 1119952 nodes (24449288 simplex iterations) in 360.00 seconds (322.03 work units)
Thread count was 4 (of 4 available processors)

Solution count 10: 9.9091e-07 9.31311e-07 9.14467e-07 ... 3.80263e-07

Time limit reached
Best objective 9.909099121103e-07, best bound 3.555013318537e-02, gap -
{"verdict": "UNRESOLVED", "status": "TIME_LIMIT", "runtime": 360.0022540092468, "objval": 9.909099121102607e-07, "objbound": 0.03555013318536837, "binaries": 46}
