Set parameter NodefileStart to value 6
Read parameters from file gurobi.env
Restricted license - for non-production use only - expires 2027-11-29
Set parameter OutputFlag to value 1
Set parameter Threads to value 4
Set parameter TimeLimit to value 360
Set parameter MIPGap to value 5e-05
Set parameter MIPFocus to value 2
Set parameter NonConvex to value 2
Set parameter BestBdStop to value 2.7426211734693878e-02
Gurobi Optimizer version 13.0.3 build v13.0.3rc0 (linux64 - "Ubuntu 24.04.5 LTS")

CPU model: AMD EPYC 9V74 80-Core Processor, instruction set [SSE2|AVX|AVX2|AVX512]
Thread count: 2 physical cores, 4 logical processors, using up to 4 threads

Non-default parameters:
TimeLimit  360
BestBdStop  2.7426211734693878e-02
MIPGap  5e-05
MIPFocus  2
NodefileStart  6
NonConvex  2
Threads  4

Optimize a model with 125 rows, 95 columns and 686 nonzeros (Max)
Model fingerprint: 0x2dd7ff64
Model has 1 linear objective coefficients
Model has 50 quadratic constraints
Variable types: 65 continuous, 30 integer (30 binary)
Coefficient statistics:
  Matrix range     [5e-01, 1e+00]
  QMatrix range    [1e+00, 1e+00]
  QLMatrix range   [1e+00, 1e+00]
  Objective range  [1e+00, 1e+00]
  Bounds range     [5e-01, 1e+00]
  RHS range        [1e+00, 1e+00]

Found heuristic solution: objective -0.0000000
Presolve time: 0.00s
Presolved: 325 rows, 96 columns, 1086 nonzeros
Presolved model has 50 bilinear constraint(s)

Solving non-convex MIQCP to global optimality

Variable types: 66 continuous, 30 integer (30 binary)
Root relaxation presolve removed 52 rows and 2 columns
Root relaxation presolved: 273 rows, 94 columns, 1024 nonzeros


Root relaxation: objective 8.333333e-02, 101 iterations, 0.00 seconds (0.00 work units)

    Nodes    |    Current Node    |     Objective Bounds      |     Work
 Expl Unexpl |  Obj  Depth IntInf | Incumbent    BestBd   Gap | It/Node Time

     0     0    0.08333    0   56   -0.00000    0.08333      -     -    0s
     0     0    0.07143    0   53   -0.00000    0.07143      -     -    0s
     0     0    0.06250    0   51   -0.00000    0.06250      -     -    0s
H    0     0                       0.0000000    0.06250      -     -    0s
     0     0    0.06250    0   51    0.00000    0.06250      -     -    0s
     0     0    0.06250    0   53    0.00000    0.06250      -     -    0s
     0     0    0.06250    0   52    0.00000    0.06250      -     -    0s
     0     0    0.06250    0   53    0.00000    0.06250      -     -    0s
     0     0    0.06250    0   53    0.00000    0.06250      -     -    0s
     0     2    0.06250    0   53    0.00000    0.06250      -     -    0s
H    4     8                       0.0000000    0.06250      -  29.5    0s
H 1051   831                       0.0000005    0.05376      -  33.7    0s
H 1243   907                       0.0000009    0.05137      -  35.0    1s
* 1728  1091              78       0.0000013    0.04202      -  32.0    1s
* 2060  1258              85       0.0000013    0.04202      -  29.7    1s
H 3115  1669                       0.0000015    0.03648      -  26.1    1s

Cutting planes:
  Gomory: 2
  Flow cover: 1
  RLT: 27
  BQP: 4

Explored 4205 nodes (101212 simplex iterations) in 2.09 seconds (2.09 work units)
Thread count was 4 (of 4 available processors)

Solution count 7: 1.50848e-06 1.31511e-06 1.31473e-06 ... -0

Optimization achieved user objective limit
Best objective 1.508481192819e-06, best bound 2.682253863209e-02, gap 1778015.5483%
{"verdict": "PROVED", "status": "BOUND_REACHED", "runtime": 2.088801860809326, "objval": 1.508481192818989e-06, "objbound": 0.02682253863208985, "binaries": 30}
