Set parameter NodefileStart to value 6
Read parameters from file gurobi.env
Restricted license - for non-production use only - expires 2027-11-29
Set parameter OutputFlag to value 1
Set parameter Threads to value 4
Set parameter TimeLimit to value 360
Set parameter MIPGap to value 5e-05
Set parameter MIPFocus to value 2
Set parameter NonConvex to value 2
Set parameter BestBdStop to value 2.7426211734693878e-02
Gurobi Optimizer version 13.0.3 build v13.0.3rc0 (linux64 - "Ubuntu 24.04.5 LTS")

CPU model: AMD EPYC 7763 64-Core Processor, instruction set [SSE2|AVX|AVX2]
Thread count: 2 physical cores, 4 logical processors, using up to 4 threads

Non-default parameters:
TimeLimit  360
BestBdStop  2.7426211734693878e-02
MIPGap  5e-05
MIPFocus  2
NodefileStart  6
NonConvex  2
Threads  4

Optimize a model with 145 rows, 115 columns and 846 nonzeros (Max)
Model fingerprint: 0xfb6befaa
Model has 1 linear objective coefficients
Model has 50 quadratic constraints
Variable types: 65 continuous, 50 integer (50 binary)
Coefficient statistics:
  Matrix range     [5e-01, 1e+00]
  QMatrix range    [1e+00, 1e+00]
  QLMatrix range   [1e+00, 1e+00]
  Objective range  [1e+00, 1e+00]
  Bounds range     [5e-01, 1e+00]
  RHS range        [1e+00, 1e+00]

Found heuristic solution: objective -0.0000000
Presolve time: 0.00s
Presolved: 345 rows, 116 columns, 1246 nonzeros
Presolved model has 50 bilinear constraint(s)

Solving non-convex MIQCP to global optimality

Variable types: 66 continuous, 50 integer (50 binary)
Root relaxation presolve removed 50 rows and 1 columns
Root relaxation presolved: 295 rows, 115 columns, 1196 nonzeros


Root relaxation: objective 8.333333e-02, 112 iterations, 0.00 seconds (0.00 work units)

    Nodes    |    Current Node    |     Objective Bounds      |     Work
 Expl Unexpl |  Obj  Depth IntInf | Incumbent    BestBd   Gap | It/Node Time

     0     0    0.08333    0   48   -0.00000    0.08333      -     -    0s
     0     0    0.07143    0   70   -0.00000    0.07143      -     -    0s
     0     0    0.07143    0   56   -0.00000    0.07143      -     -    0s
     0     0    0.07143    0   40   -0.00000    0.07143      -     -    0s
     0     0    0.07143    0   41   -0.00000    0.07143      -     -    0s
     0     0    0.07143    0   49   -0.00000    0.07143      -     -    0s
     0     0    0.07143    0   50   -0.00000    0.07143      -     -    0s
H    0     0                       0.0000002    0.07143      -     -    0s
H    0     0                       0.0000003    0.07143      -     -    0s
H    0     0                       0.0000003    0.07143      -     -    0s
     0     0    0.07143    0   49    0.00000    0.07143      -     -    0s
     0     0    0.07143    0   52    0.00000    0.07143      -     -    0s
     0     0    0.07143    0   52    0.00000    0.07143      -     -    0s
     0     0    0.07143    0   53    0.00000    0.07143      -     -    0s
     0     0    0.07143    0   50    0.00000    0.07143      -     -    0s
     0     0    0.07143    0   50    0.00000    0.07143      -     -    0s
H    0     0                       0.0020408    0.07143  3400%     -    0s
H    0     0                       0.0024802    0.07143  2780%     -    0s
     0     2    0.07139    0   59    0.00248    0.07139  2778%     -    0s
H   18    50                       0.0024802    0.07139  2778%  37.2    0s
H 1042   950                       0.0024802    0.07139  2778%  23.3    0s
H 1111   957                       0.0024808    0.07138  2777%  24.0    1s
H 1748  1250                       0.0051338    0.06753  1215%  24.1    1s
* 1814  1223             109       0.0081738    0.06666   716%  23.6    1s
H 1885  1014                       0.0131705    0.06638   404%  23.5    1s
H 2994  1175                       0.0131705    0.05546   321%  24.6    2s
 11257  4241    0.02032   34   54    0.01317    0.04771   262%  30.9    5s
 32957 11316    0.03213   30   61    0.01317    0.04346   230%  32.1   10s
 50543 17197     cutoff   31         0.01317    0.04203   219%  32.9   15s
 70805 23560     cutoff   29         0.01317    0.04094   211%  33.4   20s
 91196 29592    0.01591   36   43    0.01317    0.04013   205%  33.7   25s
 111981 35106     cutoff   35         0.01317    0.03933   199%  33.8   30s
 132336 40723    0.02953   30   47    0.01317    0.03871   194%  33.9   35s
 152337 46008     cutoff   33         0.01317    0.03825   190%  34.0   40s
 168803 50503    0.02148   36   55    0.01317    0.03791   188%  34.1   45s
 189320 55749    0.02007   33   56    0.01317    0.03751   185%  34.1   50s
 209235 60958    0.03034   33   51    0.01317    0.03715   182%  34.1   55s
 228820 65930     cutoff   29         0.01317    0.03682   180%  34.1   60s
 249093 71023    0.02515   30   55    0.01317    0.03656   178%  34.2   65s
 269627 76064    0.01950   38   53    0.01317    0.03630   176%  34.2   70s
 289389 80893     cutoff   37         0.01317    0.03608   174%  34.2   75s
 309319 85883    0.03262   24   75    0.01317    0.03583   172%  34.2   80s
 325901 90034     cutoff   37         0.01317    0.03566   171%  34.2   85s
 345776 94650    0.01397   35   43    0.01317    0.03546   169%  34.2   90s
H349558 84397                       0.0157601    0.03543   125%  34.2   90s
H349660 84475                       0.0157601    0.03543   125%  34.2   91s
 362711 86938     cutoff   34         0.01576    0.03527   124%  34.2   95s
 382411 90963    0.02082   32   58    0.01576    0.03503   122%  34.1  100s
 402930 95225    0.01893   32   53    0.01576    0.03482   121%  34.1  105s
 423526 99134    0.01633   37   53    0.01576    0.03462   120%  34.0  110s
 444377 102592    0.01919   36   52    0.01576    0.03444   119%  33.9  115s
 463559 105716     cutoff   37         0.01576    0.03428   118%  33.9  120s
 483190 109116     cutoff   40         0.01576    0.03412   117%  33.8  125s
 503599 112556    0.01698   33   52    0.01576    0.03396   115%  33.7  130s
 524950 116115    0.02372   30   51    0.01576    0.03381   115%  33.7  135s
 546312 119658     cutoff   33         0.01576    0.03365   113%  33.6  140s
 566070 122942    0.03036   28   48    0.01576    0.03352   113%  33.6  145s
 588177 126324     cutoff   32         0.01576    0.03338   112%  33.6  150s
 608297 129380     cutoff   40         0.01576    0.03325   111%  33.5  155s
 626947 132218    0.01904   37   45    0.01576    0.03312   110%  33.5  160s
 647897 135576    0.02498   32   55    0.01576    0.03299   109%  33.5  165s
 669566 138851     cutoff   31         0.01576    0.03287   109%  33.5  170s
 690169 141715    0.01628   38   53    0.01576    0.03274   108%  33.4  175s
 711291 144787     cutoff   42         0.01576    0.03263   107%  33.4  180s
 732363 148286     cutoff   33         0.01576    0.03253   106%  33.4  185s
 752388 151478    0.01901   37   46    0.01576    0.03241   106%  33.4  190s
 771280 154233    0.01864   33   47    0.01576    0.03232   105%  33.3  195s
 792299 157365    0.02005   30   55    0.01576    0.03223   104%  33.3  200s
 814020 160221    0.01644   38   54    0.01576    0.03212   104%  33.2  205s
 835571 163115    0.01736   37   53    0.01576    0.03202   103%  33.2  210s
 856981 166145    0.02159   35   55    0.01576    0.03192   103%  33.1  215s
 875499 168969     cutoff   34         0.01576    0.03184   102%  33.1  220s
 896496 172024     cutoff   32         0.01576    0.03176   101%  33.1  225s
 914366 174540     cutoff   32         0.01576    0.03168   101%  33.1  230s
 934709 177337    0.01717   37   53    0.01576    0.03159   100%  33.1  235s
 956864 180197     cutoff   30         0.01576    0.03150   100%  33.0  240s
 977972 183057     cutoff   34         0.01576    0.03141  99.3%  33.0  245s
 998999 185871     cutoff   29         0.01576    0.03132  98.7%  33.0  250s
 1020114 188633    0.02953   30   62    0.01576    0.03124  98.2%  33.0  255s
 1040264 191376     cutoff   38         0.01576    0.03117  97.8%  32.9  260s
 1061728 194206    0.02692   35   52    0.01576    0.03109  97.3%  32.9  265s
 1079504 196729     cutoff   35         0.01576    0.03103  96.9%  32.9  270s
 1100761 199679     cutoff   41         0.01576    0.03094  96.3%  32.9  275s
 1121948 202595    0.02037   29   56    0.01576    0.03086  95.8%  32.9  280s
 1142224 205300     cutoff   34         0.01576    0.03079  95.4%  32.8  285s
 1163426 208386 infeasible   42         0.01576    0.03072  94.9%  32.8  290s
 1184732 211020     cutoff   42         0.01576    0.03066  94.5%  32.8  295s
 1206145 213896    0.01819   38   19    0.01576    0.03059  94.1%  32.8  300s
 1227320 216560    0.02559   37   60    0.01576    0.03052  93.6%  32.7  305s
 1245516 218913    0.02272   32   56    0.01576    0.03046  93.3%  32.7  310s
 1266380 221650     cutoff   34         0.01576    0.03039  92.8%  32.7  315s
 1287358 224213    0.02804   32   64    0.01576    0.03033  92.4%  32.7  320s
 1308893 226882    0.02146   31   49    0.01576    0.03025  91.9%  32.6  325s
H1315411 227751                       0.0157601    0.03023  91.8%  32.6  326s
 1328582 229608    0.02158   34   20    0.01576    0.03019  91.6%  32.6  330s
 1349191 232157    0.02286   40   51    0.01576    0.03013  91.2%  32.6  335s
 1370980 234755     cutoff   36         0.01576    0.03007  90.8%  32.6  340s
 1386193 237120     cutoff   40         0.01576    0.03002  90.5%  32.5  345s
 1407685 239777    0.02500   37   54    0.01576    0.02996  90.1%  32.5  350s
 1428840 242385    0.01969   33   44    0.01576    0.02990  89.7%  32.5  355s
 1449737 244839     cutoff   38         0.01576    0.02984  89.3%  32.5  360s

Cutting planes:
  Gomory: 5
  Implied bound: 31
  MIR: 3
  Mixing: 1
  Flow cover: 10
  RLT: 85
  BQP: 32

Explored 1450066 nodes (47094592 simplex iterations) in 360.00 seconds (393.81 work units)
Thread count was 4 (of 4 available processors)

Solution count 10: 0.0157601 0.0131705 0.00817381 ... 2.09382e-07

Time limit reached
Best objective 1.576013212459e-02, best bound 2.984098134418e-02, gap 89.3447%
{"verdict": "UNRESOLVED", "status": "TIME_LIMIT", "runtime": 360.0029139518738, "objval": 0.01576013212459338, "objbound": 0.029840981344178688, "binaries": 50}
