Set parameter NodefileStart to value 6
Read parameters from file gurobi.env
Restricted license - for non-production use only - expires 2027-11-29
Set parameter OutputFlag to value 1
Set parameter Threads to value 4
Set parameter TimeLimit to value 360
Set parameter MIPGap to value 5e-05
Set parameter MIPFocus to value 2
Set parameter NonConvex to value 2
Set parameter BestBdStop to value 2.7426211734693878e-02
Gurobi Optimizer version 13.0.3 build v13.0.3rc0 (linux64 - "Ubuntu 24.04.5 LTS")

CPU model: AMD EPYC 9V45 96-Core Processor, instruction set [SSE2|AVX|AVX2|AVX512]
Thread count: 2 physical cores, 4 logical processors, using up to 4 threads

Non-default parameters:
TimeLimit  360
BestBdStop  2.7426211734693878e-02
MIPGap  5e-05
MIPFocus  2
NodefileStart  6
NonConvex  2
Threads  4

Optimize a model with 141 rows, 111 columns and 810 nonzeros (Max)
Model fingerprint: 0xc86f14f2
Model has 1 linear objective coefficients
Model has 50 quadratic constraints
Variable types: 65 continuous, 46 integer (46 binary)
Coefficient statistics:
  Matrix range     [5e-01, 1e+00]
  QMatrix range    [1e+00, 1e+00]
  QLMatrix range   [1e+00, 1e+00]
  Objective range  [1e+00, 1e+00]
  Bounds range     [5e-01, 1e+00]
  RHS range        [1e+00, 1e+00]

Found heuristic solution: objective -0.0000000
Presolve time: 0.00s
Presolved: 341 rows, 112 columns, 1210 nonzeros
Presolved model has 50 bilinear constraint(s)

Solving non-convex MIQCP to global optimality

Variable types: 66 continuous, 46 integer (46 binary)
Root relaxation presolve removed 50 rows and 1 columns
Root relaxation presolved: 291 rows, 111 columns, 1160 nonzeros


Root relaxation: objective 8.333333e-02, 135 iterations, 0.00 seconds (0.00 work units)

    Nodes    |    Current Node    |     Objective Bounds      |     Work
 Expl Unexpl |  Obj  Depth IntInf | Incumbent    BestBd   Gap | It/Node Time

     0     0    0.08333    0   43   -0.00000    0.08333      -     -    0s
     0     0    0.08333    0   53   -0.00000    0.08333      -     -    0s
     0     0    0.08333    0   47   -0.00000    0.08333      -     -    0s
     0     0    0.08333    0   52   -0.00000    0.08333      -     -    0s
     0     0    0.07692    0   64   -0.00000    0.07692      -     -    0s
     0     0    0.07692    0   50   -0.00000    0.07692      -     -    0s
     0     0    0.07609    0   50   -0.00000    0.07609      -     -    0s
     0     0    0.07609    0   51   -0.00000    0.07609      -     -    0s
     0     0    0.07609    0   63   -0.00000    0.07609      -     -    0s
     0     0    0.07609    0   58   -0.00000    0.07609      -     -    0s
     0     0    0.07609    0   68   -0.00000    0.07609      -     -    0s
     0     0    0.07609    0   64   -0.00000    0.07609      -     -    0s
     0     0    0.07609    0   64   -0.00000    0.07609      -     -    0s
     0     0    0.07609    0   64   -0.00000    0.07609      -     -    0s
     0     0    0.07609    0   60   -0.00000    0.07609      -     -    0s
     0     2    0.07609    0   49   -0.00000    0.07609      -     -    0s
H  207   219                       0.0000000    0.07232      -  31.6    0s
*  681   644              88       0.0000000    0.07232      -  29.8    0s
*  895   809             116       0.0000001    0.07050      -  30.3    0s
*  896   809             116       0.0000001    0.07050      -  30.3    0s
H 1163   974                       0.0000002    0.07050      -  31.8    0s
H 1163   925                       0.0000002    0.07050      -  31.8    0s
H 1228   928                       0.0000003    0.07050      -  33.1    1s
* 1687  1130              76       0.0000003    0.07050      -  31.4    1s
H 1765  1114                       0.0000004    0.07050      -  30.9    1s
H 1776  1071                       0.0000005    0.07050      -  31.0    1s
* 1799  1060             103       0.0000005    0.07041      -  31.0    1s
H 2265  1236                       0.0000005    0.06990      -  32.8    1s
H 3396  1831                       0.0000007    0.06571      -  32.2    1s
*18234 12726              85       0.0000007    0.05329      -  28.6    4s
 20511 14369    0.00641   47   50    0.00000    0.05314      -  28.6    5s
H24520 17444                       0.0000007    0.05278      -  28.9    6s
 49526 35688    0.00067   52   44    0.00000    0.04850      -  28.2   10s
 80112 57985    0.01121   33   45    0.00000    0.04665      -  29.0   15s
H80300 57429                       0.0000009    0.04665      -  29.0   15s
 113780 80789    0.00082   51   51    0.00000    0.04528      -  29.1   20s
H124382 87817                       0.0000009    0.04490      -  29.3   21s
 143602 100949    0.00022   50   51    0.00000    0.04417      -  29.1   25s
H159805 109041                       0.0000013    0.04354      -  29.2   27s
H159816 109044                       0.0000013    0.04354      -  29.2   27s
 171378 117050     cutoff   38         0.00000    0.04327      -  29.4   30s
 204095 140064    0.00000  106   32    0.00000    0.04268      -  29.5   35s
 235370 161850    0.02267   32   55    0.00000    0.04213      -  29.8   40s
 267227 183854    0.00005   66   50    0.00000    0.04162      -  30.1   45s
 297062 204797    0.00258   54   50    0.00000    0.04126      -  30.4   50s
 327335 226040    0.00206   54   51    0.00000    0.04096      -  30.3   55s
 359629 248462    0.01437   37   52    0.00000    0.04060      -  30.4   60s
 392126 270686    0.00000   58   39    0.00000    0.04032      -  30.5   65s
 419713 289306    0.00217   47   32    0.00000    0.04007      -  30.5   70s
 449648 309916     cutoff  104         0.00000    0.03985      -  30.5   75s
 479686 330433     cutoff   48         0.00000    0.03965      -  30.6   80s
 512785 352985     cutoff   98         0.00000    0.03941      -  30.6   85s
 540316 371665    0.02976   30   59    0.00000    0.03922      -  30.7   90s
 572227 392910    0.00048   72   43    0.00000    0.03902      -  30.7   95s
 603473 413928     cutoff   81         0.00000    0.03892      -  30.8  100s
 636129 436128    0.00052   56   53    0.00000    0.03874      -  30.8  105s
 665971 456173    0.00034   59   37    0.00000    0.03864      -  30.8  110s
 695442 476499     cutoff   92         0.00000    0.03852      -  30.8  115s
 725243 496860    0.00220   54   43    0.00000    0.03839      -  30.9  120s
 756283 518321    0.00083   46   50    0.00000    0.03828      -  31.0  125s
 788485 540201    0.01237   39   50    0.00000    0.03816      -  31.0  130s
 818688 560801    0.01133   41   52    0.00000    0.03807      -  31.0  135s
 846916 579633    0.00002   62   38    0.00000    0.03796      -  31.1  140s
 875148 598895    0.00006   54   50    0.00000    0.03786      -  31.1  145s
 907508 621385    0.00028   56   50    0.00000    0.03775      -  31.1  150s
 939268 642607    0.00000   86   39    0.00000    0.03763      -  31.1  155s
 969229 663050    0.01083   32   50    0.00000    0.03753      -  31.1  160s
 998282 682623    0.02284   37   54    0.00000    0.03743      -  31.1  165s
 1029348 703990    0.00000   72   38    0.00000    0.03736      -  31.2  170s
 1061536 725625    0.00002   73   50    0.00000    0.03724      -  31.2  175s
 1092376 746725    0.00006   62   57    0.00000    0.03715      -  31.2  180s
 1125632 769263    0.00609   45   50    0.00000    0.03705      -  31.2  185s
 1155632 789456    0.00000   66   44    0.00000    0.03697      -  31.2  190s
 1187930 811121    0.00001   54   29    0.00000    0.03690      -  31.2  195s
 1219348 832407 infeasible   61         0.00000    0.03682      -  31.2  200s
 1250896 853006    0.00000   61   20    0.00000    0.03673      -  31.2  205s
 1280226 872865    0.00132   55   52    0.00000    0.03666      -  31.2  210s
 1309261 892663    0.00005   73   32    0.00000    0.03660      -  31.3  215s
 1339311 912130    0.00105   56   51    0.00000    0.03652      -  31.3  220s
 1368452 931712 infeasible   57         0.00000    0.03644      -  31.3  225s
 1398733 952315    0.00017   62   50    0.00000    0.03638      -  31.2  230s
 1430391 973967    0.00000   77   43    0.00000    0.03632      -  31.2  235s
 1462237 995580    0.01562   44   53    0.00000    0.03626      -  31.3  240s
 1493174 1016746    0.03229   38   59    0.00000    0.03620      -  31.3  245s
 1523304 1037050     cutoff   67         0.00000    0.03614      -  31.3  250s
 1553780 1057287    0.00159   57   43    0.00000    0.03608      -  31.3  255s
 1585366 1078707     cutoff   93         0.00000    0.03603      -  31.3  260s
H1590491 1081680                       0.0000013    0.03603      -  31.3  260s
 1612565 1096408    0.00701   52   50    0.00000    0.03599      -  31.3  265s
 1624597 1104897    0.00001   73   44    0.00000    0.03597      -  31.3  270s
 1634956 1111715    0.03160   37   52    0.00000    0.03595      -  31.3  275s
 1665581 1131441    0.00372   44   43    0.00000    0.03588      -  31.3  280s
 1695256 1152412    0.00006   53   50    0.00000    0.03585      -  31.3  285s
 1725739 1172658    0.00000   67   34    0.00000    0.03580      -  31.3  290s
 1757347 1193934    0.01912   44   45    0.00000    0.03575      -  31.3  295s
 1785753 1213428    0.03413   34   50    0.00000    0.03571      -  31.3  300s
 1814380 1233023    0.02217   41   55    0.00000    0.03567      -  31.3  305s
 1845003 1253325    0.00261   57   50    0.00000    0.03562      -  31.3  310s
 1876778 1274941    0.00002   97   37    0.00000    0.03558      -  31.3  315s
 1907469 1295253     cutoff   55         0.00000    0.03553      -  31.3  320s
 1938572 1316227     cutoff   70         0.00000    0.03547      -  31.4  325s
 1969497 1336888    0.00000   75   35    0.00000    0.03543      -  31.4  330s
 1999001 1356388    0.00059   57   55    0.00000    0.03538      -  31.4  335s
 2030719 1377541    0.00002   73   50    0.00000    0.03533      -  31.4  340s
 2062693 1399067    0.01090   43   53    0.00000    0.03528      -  31.4  345s
 2095287 1421095    0.00063   60   50    0.00000    0.03524      -  31.3  350s
 2126249 1441864    0.00089   58   36    0.00000    0.03521      -  31.4  355s
 2155950 1461230    0.00000   76   48    0.00000    0.03517      -  31.4  360s

Cutting planes:
  Gomory: 11
  Implied bound: 25
  MIR: 14
  Mixing: 3
  Flow cover: 58
  Inf proof: 7
  RLT: 93
  Relax-and-lift: 16
  BQP: 30

Explored 2156203 nodes (67611332 simplex iterations) in 360.00 seconds (612.68 work units)
Thread count was 4 (of 4 available processors)

Solution count 10: 1.29023e-06 1.27606e-06 9.36293e-07 ... 4.5459e-07

Time limit reached
Best objective 1.290227308311e-06, best bound 3.517012230871e-02, gap 2725785.7476%
{"verdict": "UNRESOLVED", "status": "TIME_LIMIT", "runtime": 360.0024220943451, "objval": 1.2902273083109321e-06, "objbound": 0.03517012230870586, "binaries": 46}
