13:34:32 UTC start: 1 unresolved seed region(s) and 0 missing piece(s) under [[[0,2,4],1],[[0,2,5],0],[[0,2,6],0],[[0,2,7],0],[[0,2,8],0],[[0,3,4],0],[[0,3,5],0],[[0,3,6],0],[[0,3,7],0],[[0,3,8],0],[[1,2,4],1],[[1,2,5],1],[[1,2,6],1],[[1,2,7],1],[[1,2,8],1],[[1,3,4],0],[[1,3,5],0],[[1,3,6],0],[[1,3,7],1],[[1,3,8],1],[[2,3,4],1],[[2,3,5],1],[[2,3,6],1],[[2,3,7],1],[[2,3,8],1],[[4,5,6],0],[[4,5,7],0],[[4,5,8],1],[[4,6,7],0]]
13:38:45 UTC split region (bound/target 36.461) on [[4,6,8],[4,7,8],[5,6,7],[5,6,8]]: 13 pieces proved, 3 open; total runs 16, proved 13, open regions 3
13:41:19 UTC split region (bound/target 1.079) on [[5,7,8],[6,7,8],[0,4,5],[0,4,6]]: 14 pieces proved, 2 open; total runs 32, proved 27, open regions 4
13:42:41 UTC split region (bound/target 1.057) on [[0,4,7],[0,4,8],[0,5,6],[0,5,7]]: 15 pieces proved, 1 open; total runs 48, proved 42, open regions 4
13:44:02 UTC split region (bound/target 1.163) on [[0,4,7],[0,4,8],[0,5,6],[0,5,7]]: 15 pieces proved, 1 open; total runs 64, proved 57, open regions 4
13:45:11 UTC split region (bound/target 1.120) on [[0,5,8],[0,6,7],[0,6,8],[0,7,8]]: 16 pieces proved, 0 open; total runs 80, proved 73, open regions 3
13:49:40 UTC split region (bound/target 1.214) on [[5,7,8],[6,7,8],[0,4,5],[0,4,6]]: 13 pieces proved, 3 open; total runs 96, proved 86, open regions 5
13:51:12 UTC split region (bound/target 1.194) on [[0,4,7],[0,4,8],[0,5,6],[0,5,7]]: 15 pieces proved, 1 open; total runs 112, proved 101, open regions 5
13:53:33 UTC split region (bound/target 1.258) on [[0,5,8],[0,6,7],[0,6,8],[0,7,8]]: 14 pieces proved, 2 open; total runs 128, proved 115, open regions 6
13:54:29 UTC split region (bound/target 1.027) on [[1,4,5],[1,4,6],[1,4,7],[1,4,8]]: 16 pieces proved, 0 open; total runs 144, proved 131, open regions 5
13:56:52 UTC split region (bound/target 1.176) on [[1,4,5],[1,4,6],[1,4,7],[1,4,8]]: 16 pieces proved, 0 open; total runs 160, proved 147, open regions 4
13:58:58 UTC split region (bound/target 1.328) on [[0,5,8],[0,6,7],[0,6,8],[0,7,8]]: 15 pieces proved, 1 open; total runs 176, proved 162, open regions 4
14:00:12 UTC region PROVED by a 300 s run (74 s); open 3
14:02:30 UTC split region (bound/target 1.346) on [[0,4,7],[0,4,8],[0,5,6],[0,5,7]]: 15 pieces proved, 1 open; total runs 193, proved 178, open regions 3
14:04:54 UTC split region (bound/target 1.246) on [[0,5,8],[0,6,7],[0,6,8],[0,7,8]]: 14 pieces proved, 2 open; total runs 209, proved 192, open regions 4
14:06:46 UTC split region (bound/target 1.040) on [[1,4,5],[1,4,6],[1,4,7],[1,4,8]]: 15 pieces proved, 1 open; total runs 225, proved 207, open regions 4
14:07:31 UTC split region (bound/target 1.055) on [[1,5,6],[1,5,7],[1,5,8],[1,6,7]]: 16 pieces proved, 0 open; total runs 241, proved 223, open regions 3
14:08:59 UTC split region (bound/target 1.271) on [[1,4,5],[1,4,6],[1,4,7],[1,4,8]]: 16 pieces proved, 0 open; total runs 257, proved 239, open regions 2
14:10:23 UTC split region (bound/target 1.369) on [[0,4,7],[0,4,8],[0,5,6],[0,5,7]]: 15 pieces proved, 1 open; total runs 273, proved 254, open regions 2
14:12:17 UTC split region (bound/target 1.198) on [[0,5,8],[0,6,7],[0,6,8],[0,7,8]]: 15 pieces proved, 1 open; total runs 289, proved 269, open regions 2
14:13:06 UTC split region (bound/target 1.300) on [[1,4,5],[1,4,6],[1,4,7],[1,4,8]]: 16 pieces proved, 0 open; total runs 305, proved 285, open regions 1
14:18:29 UTC split region (bound/target 1.503) on [[5,7,8],[6,7,8],[0,4,5],[0,4,6]]: 13 pieces proved, 3 open; total runs 321, proved 298, open regions 3
14:19:34 UTC split region (bound/target 1.292) on [[0,4,7],[0,4,8],[0,5,6],[0,5,7]]: 16 pieces proved, 0 open; total runs 337, proved 314, open regions 2
14:23:08 UTC split region (bound/target 1.323) on [[0,4,7],[0,4,8],[0,5,6],[0,5,7]]: 13 pieces proved, 3 open; total runs 353, proved 327, open regions 4
14:24:20 UTC region PROVED by a 300 s run (71 s); open 3
14:25:15 UTC split region (bound/target 1.087) on [[0,5,8],[0,6,7],[0,6,8],[0,7,8]]: 16 pieces proved, 0 open; total runs 370, proved 344, open regions 2
14:28:16 UTC split region (bound/target 1.317) on [[0,5,8],[0,6,7],[0,6,8],[0,7,8]]: 14 pieces proved, 2 open; total runs 386, proved 358, open regions 3
14:31:10 UTC split region (bound/target 1.081) on [[1,4,5],[1,4,6],[1,4,7],[1,4,8]]: 15 pieces proved, 1 open; total runs 402, proved 373, open regions 3
14:32:12 UTC split region (bound/target 1.045) on [[1,5,6],[1,5,7],[1,5,8],[1,6,7]]: 16 pieces proved, 0 open; total runs 418, proved 389, open regions 2
14:32:39 UTC split region (bound/target 1.135) on [[1,4,5],[1,4,6],[1,4,7],[1,4,8]]: 16 pieces proved, 0 open; total runs 434, proved 405, open regions 1
14:35:11 UTC split region (bound/target 1.442) on [[0,4,7],[0,4,8],[0,5,6],[0,5,7]]: 15 pieces proved, 1 open; total runs 450, proved 420, open regions 1
14:38:29 UTC split region (bound/target 1.261) on [[0,5,8],[0,6,7],[0,6,8],[0,7,8]]: 14 pieces proved, 2 open; total runs 466, proved 434, open regions 2
14:39:00 UTC split region (bound/target 1.038) on [[1,4,5],[1,4,6],[1,4,7],[1,4,8]]: 16 pieces proved, 0 open; total runs 482, proved 450, open regions 1
14:41:34 UTC split region (bound/target 1.225) on [[1,4,5],[1,4,6],[1,4,7],[1,4,8]]: 15 pieces proved, 1 open; total runs 498, proved 465, open regions 1
14:42:37 UTC region PROVED by a 300 s run (63 s); open 0
14:42:37 UTC ALL REGIONS PROVED by this driver: runs 499, proved 466 (the certificate itself must still be checked with summarize.py and combine_plan_260927.py)
