Set parameter NodefileStart to value 6
Read parameters from file gurobi.env
Restricted license - for non-production use only - expires 2027-11-29
Set parameter OutputFlag to value 1
Set parameter Threads to value 4
Set parameter TimeLimit to value 360
Set parameter MIPGap to value 5e-05
Set parameter MIPFocus to value 2
Set parameter NonConvex to value 2
Set parameter BestBdStop to value 2.7426211734693878e-02
Gurobi Optimizer version 13.0.3 build v13.0.3rc0 (linux64 - "Ubuntu 24.04.5 LTS")

CPU model: AMD EPYC 9V74 80-Core Processor, instruction set [SSE2|AVX|AVX2]
Thread count: 2 physical cores, 4 logical processors, using up to 4 threads

Non-default parameters:
TimeLimit  360
BestBdStop  2.7426211734693878e-02
MIPGap  5e-05
MIPFocus  2
NodefileStart  6
NonConvex  2
Threads  4

Optimize a model with 149 rows, 119 columns and 871 nonzeros (Max)
Model fingerprint: 0xcee4d486
Model has 1 linear objective coefficients
Model has 50 quadratic constraints
Variable types: 65 continuous, 54 integer (54 binary)
Coefficient statistics:
  Matrix range     [5e-01, 1e+00]
  QMatrix range    [1e+00, 1e+00]
  QLMatrix range   [1e+00, 1e+00]
  Objective range  [1e+00, 1e+00]
  Bounds range     [5e-01, 1e+00]
  RHS range        [1e+00, 1e+00]

Found heuristic solution: objective -0.0000000
Presolve time: 0.00s
Presolved: 349 rows, 120 columns, 1271 nonzeros
Presolved model has 50 bilinear constraint(s)

Solving non-convex MIQCP to global optimality

Variable types: 66 continuous, 54 integer (54 binary)
Root relaxation presolve removed 50 rows and 1 columns
Root relaxation presolved: 299 rows, 119 columns, 1221 nonzeros


Root relaxation: objective 8.333333e-02, 121 iterations, 0.00 seconds (0.00 work units)

    Nodes    |    Current Node    |     Objective Bounds      |     Work
 Expl Unexpl |  Obj  Depth IntInf | Incumbent    BestBd   Gap | It/Node Time

     0     0    0.08333    0   47   -0.00000    0.08333      -     -    0s
     0     0    0.07143    0   54   -0.00000    0.07143      -     -    0s
     0     0    0.07143    0   46   -0.00000    0.07143      -     -    0s
     0     0    0.06250    0   49   -0.00000    0.06250      -     -    0s
H    0     0                       0.0000000    0.06250      -     -    0s
     0     0    0.06250    0   54    0.00000    0.06250      -     -    0s
     0     0    0.06250    0   55    0.00000    0.06250      -     -    0s
     0     0    0.06250    0   55    0.00000    0.06250      -     -    0s
     0     0    0.06250    0   54    0.00000    0.06250      -     -    0s
     0     0    0.06250    0   53    0.00000    0.06250      -     -    0s
     0     0    0.06250    0   54    0.00000    0.06250      -     -    0s
     0     0    0.06250    0   53    0.00000    0.06250      -     -    0s
     0     0    0.06250    0   53    0.00000    0.06250      -     -    0s
     0     0    0.06250    0   53    0.00000    0.06250      -     -    0s
     0     0    0.06250    0   53    0.00000    0.06250      -     -    0s
     0     0    0.06250    0   53    0.00000    0.06250      -     -    0s
     0     2    0.06250    0   53    0.00000    0.06250      -     -    0s
H   53   108                       0.0000000    0.06250      -  21.1    0s
*  797   699              86       0.0000000    0.06250      -  24.6    0s
H  855   697                       0.0000000    0.06250      -  24.1    0s
H  855   679                       0.0000001    0.06250      -  24.1    0s
H 1029   812                       0.0000003    0.06250      -  23.9    0s
H 1164   896                       0.0000004    0.03869      -  25.0    1s
H 1171   855                       0.0010172    0.03382  3225%  24.9    1s
H 1171   812                       0.0016487    0.03382  1951%  24.9    1s
H 1173   773                       0.0016490    0.03376  1947%  24.9    1s
H 1177   736                       0.0034878    0.03316   851%  24.8    1s
H 1177   699                       0.0034878    0.03316   851%  24.8    1s
H 1183   667                       0.0044121    0.03184   622%  24.6    1s
H 1183   634                       0.0045640    0.03105   580%  24.6    1s
H 1183   601                       0.0045685    0.03105   580%  24.6    1s
H 1183   571                       0.0045706    0.03105   579%  24.6    1s
H 1184   543                       0.0045706    0.03096   577%  24.6    1s
H 1190   519                       0.0047705    0.02997   528%  24.5    2s
H 1209   506                       0.0050158    0.02832   465%  26.1    2s
H 1269   536                       0.0056499    0.02832   401%  26.7    3s
H 1723   669                       0.0113382    0.02832   150%  27.8    3s
H 2113   797                       0.0113382    0.02832   150%  30.3    3s
H 2292   798                       0.0113382    0.02832   150%  30.4    3s
  5199  1752    0.01259   35   54    0.01134    0.02832   150%  31.9    5s

Cutting planes:
  Gomory: 6
  Implied bound: 6
  MIR: 2
  Mixing: 1
  Flow cover: 13
  RLT: 61
  BQP: 23

Explored 21531 nodes (732121 simplex iterations) in 9.62 seconds (8.15 work units)
Thread count was 4 (of 4 available processors)

Solution count 10: 0.0113382 0.0113382 0.00564992 ... 0.00348777

Optimization achieved user objective limit
Best objective 1.133820379585e-02, best bound 2.739862570145e-02, gap 141.6487%
{"verdict": "PROVED", "status": "BOUND_REACHED", "runtime": 9.623963832855225, "objval": 0.011338203795847488, "objbound": 0.02739862570144581, "binaries": 54}
