Set parameter NodefileStart to value 6
Read parameters from file gurobi.env
Restricted license - for non-production use only - expires 2027-11-29
Set parameter OutputFlag to value 1
Set parameter Threads to value 4
Set parameter TimeLimit to value 360
Set parameter MIPGap to value 5e-05
Set parameter MIPFocus to value 2
Set parameter NonConvex to value 2
Set parameter BestBdStop to value 2.7426211734693878e-02
Gurobi Optimizer version 13.0.3 build v13.0.3rc0 (linux64 - "Ubuntu 24.04.5 LTS")

CPU model: AMD EPYC 9V74 80-Core Processor, instruction set [SSE2|AVX|AVX2]
Thread count: 2 physical cores, 4 logical processors, using up to 4 threads

Non-default parameters:
TimeLimit  360
BestBdStop  2.7426211734693878e-02
MIPGap  5e-05
MIPFocus  2
NodefileStart  6
NonConvex  2
Threads  4

Optimize a model with 141 rows, 111 columns and 810 nonzeros (Max)
Model fingerprint: 0x7dcd33c4
Model has 1 linear objective coefficients
Model has 50 quadratic constraints
Variable types: 65 continuous, 46 integer (46 binary)
Coefficient statistics:
  Matrix range     [5e-01, 1e+00]
  QMatrix range    [1e+00, 1e+00]
  QLMatrix range   [1e+00, 1e+00]
  Objective range  [1e+00, 1e+00]
  Bounds range     [5e-01, 1e+00]
  RHS range        [1e+00, 1e+00]

Found heuristic solution: objective -0.0000000
Presolve time: 0.00s
Presolved: 341 rows, 112 columns, 1210 nonzeros
Presolved model has 50 bilinear constraint(s)

Solving non-convex MIQCP to global optimality

Variable types: 66 continuous, 46 integer (46 binary)
Root relaxation presolve removed 70 rows and 11 columns
Root relaxation presolved: 271 rows, 101 columns, 1040 nonzeros


Root relaxation: objective 7.142857e-02, 106 iterations, 0.00 seconds (0.00 work units)

    Nodes    |    Current Node    |     Objective Bounds      |     Work
 Expl Unexpl |  Obj  Depth IntInf | Incumbent    BestBd   Gap | It/Node Time

     0     0    0.07143    0   50   -0.00000    0.07143      -     -    0s
     0     0    0.07065    0   58   -0.00000    0.07065      -     -    0s
     0     0    0.07065    0   49   -0.00000    0.07065      -     -    0s
     0     0    0.07063    0   66   -0.00000    0.07063      -     -    0s
     0     0    0.07063    0   63   -0.00000    0.07063      -     -    0s
     0     0    0.07063    0   63   -0.00000    0.07063      -     -    0s
     0     0    0.07063    0   62   -0.00000    0.07063      -     -    0s
     0     0    0.07063    0   65   -0.00000    0.07063      -     -    0s
     0     0    0.07063    0   63   -0.00000    0.07063      -     -    0s
     0     0    0.07063    0   62   -0.00000    0.07063      -     -    0s
     0     0    0.07063    0   62   -0.00000    0.07063      -     -    0s
     0     0    0.07063    0   60   -0.00000    0.07063      -     -    0s
     0     2    0.07063    0   60   -0.00000    0.07063      -     -    0s
*  512   499              92       0.0000000    0.07050      -  27.4    0s
*  572   532              97       0.0000000    0.07020      -  27.6    0s
H  620   582                       0.0000001    0.07020      -  28.4    0s
H  672   576                       0.0000003    0.07016      -  28.5    0s
H  737   682                       0.0000005    0.07016      -  29.6    0s
H  858   726                       0.0000006    0.07016      -  29.3    0s
* 1906  1356              99       0.0000010    0.05939      -  29.2    2s
H 2509  1613                       0.0000010    0.05772      -  28.6    2s
H 3645  2135                       0.0000012    0.05568      -  28.8    2s
 11035  8249     cutoff   53         0.00000    0.04908      -  29.4    5s
H13573  9726                       0.0000015    0.04865      -  27.6    5s
 26406 19231    0.00048   58   39    0.00000    0.04643      -  26.5   10s
 45468 32472    0.00041   51   38    0.00000    0.04512      -  25.6   15s
 64535 45903    0.00781   42   50    0.00000    0.04372      -  25.7   20s
 84278 58821    0.00013   65   49    0.00000    0.04267      -  27.2   25s
 103331 71218     cutoff   79         0.00000    0.04197      -  28.0   30s
 124470 85557    0.00006   65   43    0.00000    0.04138      -  28.4   35s
 144097 99063    0.00032   63   50    0.00000    0.04100      -  28.8   40s
 160993 110657    0.00885   43   50    0.00000    0.04071      -  29.0   45s
 181186 124386     cutoff   59         0.00000    0.04040      -  29.1   50s
 201333 137919    0.00526   42   51    0.00000    0.04006      -  29.4   55s
 221299 151207    0.00171   54   45    0.00000    0.03965      -  29.5   60s
 241063 164360    0.00001   68   26    0.00000    0.03935      -  29.6   65s
 260472 177284    0.00763   41   45    0.00000    0.03912      -  29.7   70s
 281087 190685    0.02095   46   52    0.00000    0.03887      -  29.8   75s
 290690 197531     cutoff   80         0.00000    0.03881      -  29.8   80s
 308894 209647    0.00313   34   43    0.00000    0.03859      -  29.8   85s
 329641 223897    0.01267   46   43    0.00000    0.03836      -  29.9   90s
 349043 236808    0.00115   50   38    0.00000    0.03816      -  29.9   95s
H354930 240196                       0.0000016    0.03810      -  29.9   96s
 363631 246203    0.00001   66   22    0.00000    0.03802      -  29.9  100s
 385138 260203     cutoff   74         0.00000    0.03781      -  29.9  105s
 401158 270126    0.00284   49   51    0.00000    0.03766      -  29.9  110s
 418491 280979    0.00595   44   25    0.00000    0.03747      -  29.9  115s
 438585 293991    0.01906   34   46    0.00000    0.03735      -  29.9  120s
 455424 304773    0.00394   57   31    0.00000    0.03723      -  30.0  125s
 474230 316356    0.01370   35   51    0.00000    0.03706      -  30.0  130s
 493543 328626    0.00032   68   30    0.00000    0.03691      -  30.0  135s
 514197 341667    0.00012   63   37    0.00000    0.03675      -  30.0  140s
 531040 352126    0.01767   38   55    0.00000    0.03664      -  30.0  145s
 550452 364443    0.00037   41   33    0.00000    0.03651      -  30.0  150s
 571218 376896    0.00001   54   32    0.00000    0.03636      -  30.0  155s
 591225 391592    0.00026   40   24    0.00000    0.03627      -  30.0  160s
 610460 403822    0.00021   49   50    0.00000    0.03614      -  30.0  165s
 629356 416431    0.00009   52   52    0.00000    0.03605      -  30.0  170s
 649052 428877    0.00461   43   50    0.00000    0.03591      -  30.0  175s
 665838 440233     cutoff   89         0.00000    0.03582      -  29.9  180s
 685416 453458    0.00019   42   32    0.00000    0.03572      -  29.9  185s
 705505 466736    0.00254   69   31    0.00000    0.03559      -  29.9  190s
 726832 480318    0.00001   51   35    0.00000    0.03547      -  29.9  195s
 746286 492384    0.00996   41   51    0.00000    0.03538      -  29.8  200s
 765797 505310    0.00001   56   35    0.00000    0.03529      -  29.9  205s
 785259 517046    0.00030   65   37    0.00000    0.03518      -  29.8  210s
 805687 529546    0.00002   64   25    0.00000    0.03506      -  29.9  215s
 822527 539846    0.00007   55   43    0.00000    0.03496      -  29.8  220s
 841732 552401    0.00298   42   44    0.00000    0.03488      -  29.8  225s
 860331 564169    0.00231   45   55    0.00000    0.03478      -  29.9  230s
 881379 577764    0.00081   47   27    0.00000    0.03469      -  29.9  235s
 898604 588030    0.00660   31   52    0.00000    0.03460      -  29.9  240s
 915314 598802    0.02149   37   52    0.00000    0.03453      -  29.8  245s
 935735 612199    0.00001   47   36    0.00000    0.03444      -  29.8  250s
 955506 624442    0.01825   36   56    0.00000    0.03435      -  29.8  255s
 969465 633899    0.02773   30   58    0.00000    0.03431      -  29.9  260s
 988820 646159    0.01158   40   51    0.00000    0.03425      -  29.9  265s
 1009606 659400    0.00025   70   34    0.00000    0.03417      -  29.9  270s
 1028729 671240    0.00187   38   50    0.00000    0.03412      -  29.9  275s
 1047342 682743     cutoff   46         0.00000    0.03404      -  29.9  280s
 1066638 695170    0.02992   32   48    0.00000    0.03396      -  29.9  285s
 1086799 708728    0.00383   47   39    0.00000    0.03390      -  29.9  290s
 1100850 717322    0.01871   34   51    0.00000    0.03384      -  29.9  295s
 1109620 722927    0.00257   47   50    0.00000    0.03381      -  29.9  300s
 1129311 735060    0.00162   33   40    0.00000    0.03373      -  29.9  305s
 1147923 747149    0.00137   51   39    0.00000    0.03368      -  29.9  310s
 1164982 758354    0.00010   64   50    0.00000    0.03362      -  30.0  315s
 1184309 770528    0.00398   47   51    0.00000    0.03355      -  29.9  320s
 1201839 781678    0.03278   30   52    0.00000    0.03349      -  29.9  325s
 1218080 791626    0.00475   43   51    0.00000    0.03344      -  30.0  330s
 1236843 803421    0.00005   63   50    0.00000    0.03338      -  30.0  335s
 1254672 814585    0.00329   40   50    0.00000    0.03332      -  30.0  340s
 1272285 826012    0.00001   69   43    0.00000    0.03327      -  30.0  345s
 1290668 837587     cutoff   56         0.00000    0.03321      -  30.0  350s
 1308671 848671    0.00008   71   32    0.00000    0.03314      -  30.0  355s
 1325088 859522     cutoff   58         0.00000    0.03309      -  30.0  360s

Cutting planes:
  Gomory: 16
  Lift-and-project: 1
  Implied bound: 25
  MIR: 8
  Flow cover: 85
  Inf proof: 2
  RLT: 98
  Relax-and-lift: 25
  BQP: 28

Explored 1325094 nodes (39746375 simplex iterations) in 360.00 seconds (362.26 work units)
Thread count was 4 (of 4 available processors)

Solution count 10: 1.57758e-06 1.52169e-06 1.24911e-06 ... 1.73893e-09

Time limit reached
Best objective 1.577576975486e-06, best bound 3.309484542216e-02, gap 2097727.6139%
{"verdict": "UNRESOLVED", "status": "TIME_LIMIT", "runtime": 360.0031521320343, "objval": 1.57757697548562e-06, "objbound": 0.03309484542216301, "binaries": 46}
