Set parameter NodefileStart to value 6
Read parameters from file gurobi.env
Restricted license - for non-production use only - expires 2027-11-29
Set parameter OutputFlag to value 1
Set parameter Threads to value 4
Set parameter TimeLimit to value 360
Set parameter MIPGap to value 5e-05
Set parameter MIPFocus to value 2
Set parameter NonConvex to value 2
Set parameter BestBdStop to value 2.7426211734693878e-02
Gurobi Optimizer version 13.0.3 build v13.0.3rc0 (linux64 - "Ubuntu 24.04.5 LTS")

CPU model: AMD EPYC 7763 64-Core Processor, instruction set [SSE2|AVX|AVX2]
Thread count: 2 physical cores, 4 logical processors, using up to 4 threads

Non-default parameters:
TimeLimit  360
BestBdStop  2.7426211734693878e-02
MIPGap  5e-05
MIPFocus  2
NodefileStart  6
NonConvex  2
Threads  4

Optimize a model with 141 rows, 111 columns and 810 nonzeros (Max)
Model fingerprint: 0x99c60d2b
Model has 1 linear objective coefficients
Model has 50 quadratic constraints
Variable types: 65 continuous, 46 integer (46 binary)
Coefficient statistics:
  Matrix range     [5e-01, 1e+00]
  QMatrix range    [1e+00, 1e+00]
  QLMatrix range   [1e+00, 1e+00]
  Objective range  [1e+00, 1e+00]
  Bounds range     [5e-01, 1e+00]
  RHS range        [1e+00, 1e+00]

Found heuristic solution: objective -0.0000000
Presolve time: 0.00s
Presolved: 341 rows, 112 columns, 1210 nonzeros
Presolved model has 50 bilinear constraint(s)

Solving non-convex MIQCP to global optimality

Variable types: 66 continuous, 46 integer (46 binary)
Root relaxation presolve removed 50 rows and 1 columns
Root relaxation presolved: 291 rows, 111 columns, 1160 nonzeros


Root relaxation: objective 8.333333e-02, 108 iterations, 0.00 seconds (0.00 work units)

    Nodes    |    Current Node    |     Objective Bounds      |     Work
 Expl Unexpl |  Obj  Depth IntInf | Incumbent    BestBd   Gap | It/Node Time

     0     0    0.08333    0   53   -0.00000    0.08333      -     -    0s
     0     0    0.08333    0   59   -0.00000    0.08333      -     -    0s
     0     0    0.08333    0   54   -0.00000    0.08333      -     -    0s
     0     0    0.08333    0   50   -0.00000    0.08333      -     -    0s
H    0     0                       0.0000000    0.08333      -     -    0s
     0     0    0.08333    0   35    0.00000    0.08333      -     -    0s
     0     0    0.08333    0   35    0.00000    0.08333      -     -    0s
     0     2    0.08333    0   35    0.00000    0.08333      -     -    0s
H  989   971                       0.0000000    0.07985      -  20.0    0s
H 1207  1036                       0.0000000    0.07985      -  18.9    1s
H 1207   984                       0.0000000    0.07985      -  18.9    1s
H 1208   936                       0.0000001    0.07985      -  18.9    1s
H 1208   889                       0.0000003    0.07985      -  18.9    1s
H 1209   844                       0.0000003    0.07985      -  18.9    1s
H 1212   804                       0.0000044    0.07985      -  18.8    1s
H 1462   967                       0.0000044    0.07889      -  21.5    2s
H 1612  1009                       0.0000070    0.07889      -  20.4    2s
H 2633  1019                       0.0028846    0.07657  2554%  24.0    2s
H 3683  1445                       0.0031891    0.07361  2208%  31.5    2s
H 5335  2324                       0.0031895    0.06708  2003%  35.6    3s
H 6985  2776                       0.0060347    0.06381   957%  36.5    3s
H 7388  2922                       0.0060354    0.06319   947%  37.2    3s
H 8827  3591                       0.0060496    0.06218   928%  37.2    4s
H 9861  3854                       0.0072511    0.06132   746%  37.2    4s
 10152  3974    0.01216   31   46    0.00725    0.06126   745%  37.1    5s
H11212  4153                       0.0082971    0.06026   626%  37.6    5s
H12439  4230                       0.0098587    0.05949   503%  38.1    5s
 22519  8195    0.02716   37   52    0.00986    0.05310   439%  40.8   10s
 37847 13385    0.03974   31   55    0.00986    0.04865   393%  41.3   15s
 55450 20339     cutoff   38         0.00986    0.04611   368%  40.7   20s
 73731 27264 infeasible   29         0.00986    0.04429   349%  40.1   25s
 91582 33687    0.02664   27   54    0.00986    0.04301   336%  39.5   30s
 109342 40118    0.02476   41   51    0.00986    0.04206   327%  39.0   35s
 127482 46705    0.03164   35   55    0.00986    0.04137   320%  38.6   40s
 145469 53382    0.01818   31   52    0.00986    0.04084   314%  38.3   45s
 163126 59883    0.03287   40   50    0.00986    0.04027   308%  38.1   50s
 181398 65955    0.01014   46   52    0.00986    0.03986   304%  37.9   55s
 196610 71187    0.01371   30   54    0.00986    0.03951   301%  37.8   60s
*204765 73969             122       0.0099032    0.03935   297%  37.7   62s
*204775 73967             123       0.0099068    0.03935   297%  37.7   62s
*204789 73965             126       0.0099072    0.03935   297%  37.7   62s
H205469 74292                       0.0099072    0.03934   297%  37.7   62s
H205755 74292                       0.0099087    0.03933   297%  37.7   62s
H207087 74866                       0.0099092    0.03931   297%  37.7   62s
H207533 74935                       0.0099092    0.03929   297%  37.7   63s
H207718 75029                       0.0099092    0.03929   297%  37.7   63s
H207943 74565                       0.0100949    0.03929   289%  37.7   63s
H209255 71490                       0.0111772    0.03925   251%  37.7   63s
H210391 71375                       0.0112909    0.03922   247%  37.7   64s
H211765 71047                       0.0115291    0.03919   240%  37.6   64s
 212189 71319    0.01386   45   48    0.01153    0.03918   240%  37.6   65s
H213126 70593                       0.0117989    0.03916   232%  37.6   65s
 227039 74823    0.02455   34   50    0.01180    0.03884   229%  37.5   70s
 245862 80193    0.02242   27   54    0.01180    0.03847   226%  37.4   75s
 264856 85675    0.03590   27   54    0.01180    0.03816   223%  37.3   80s
 283675 91158    0.03694   36   54    0.01180    0.03786   221%  37.2   85s
 302000 96660    0.01184   39   43    0.01180    0.03759   219%  37.1   90s
 320619 101956     cutoff   38         0.01180    0.03734   216%  37.0   95s
 338193 107213    0.02037   40   56    0.01180    0.03710   214%  37.0  100s
 354207 111818    0.01287   51   41    0.01180    0.03690   213%  36.9  105s
 372655 117313     cutoff   43         0.01180    0.03669   211%  36.9  110s
 391814 123223     cutoff   43         0.01180    0.03646   209%  36.8  115s
 410598 128481    0.01788   39   54    0.01180    0.03626   207%  36.7  120s
 428421 133645     cutoff   48         0.01180    0.03609   206%  36.7  125s
 445431 138949    0.02020   41   53    0.01180    0.03593   205%  36.6  130s
 464743 144307    0.01354   43   39    0.01180    0.03575   203%  36.5  135s
 483638 149703     cutoff   36         0.01180    0.03561   202%  36.5  140s
 502718 154761     cutoff   31         0.01180    0.03546   201%  36.4  145s
 519663 159326    0.02174   35   52    0.01180    0.03531   199%  36.3  150s
 538479 164810    0.02031   44   62    0.01180    0.03516   198%  36.3  155s
 556639 170286    0.01204   42   50    0.01180    0.03503   197%  36.2  160s
 575910 175688    0.01807   46   53    0.01180    0.03489   196%  36.1  165s
 594102 180669 infeasible   50         0.01180    0.03477   195%  36.1  170s
 612074 185781     cutoff   30         0.01180    0.03465   194%  36.1  175s
H619935 174961                       0.0132867    0.03460   160%  36.0  178s
H620183 175067                       0.0132867    0.03460   160%  36.0  178s
H624886 176247                       0.0132867    0.03457   160%  36.0  179s
H625129 176246                       0.0132868    0.03457   160%  36.0  179s
 625388 176341    0.02343   34   57    0.01329    0.03456   160%  36.0  180s
H628903 177032                       0.0132869    0.03454   160%  36.0  181s
 639350 179603     cutoff   41         0.01329    0.03446   159%  36.0  185s
H650815 182419                       0.0132870    0.03439   159%  36.0  188s
H652144 182584                       0.0132872    0.03438   159%  35.9  188s
 653769 183013    0.01542   41   52    0.01329    0.03437   159%  35.9  190s
 673485 187639     cutoff   43         0.01329    0.03425   158%  35.9  195s
 692768 192833    0.02551   41   48    0.01329    0.03413   157%  35.8  200s
 711950 197622     cutoff   51         0.01329    0.03402   156%  35.7  205s
 730826 202284    0.02020   47   45    0.01329    0.03390   155%  35.7  210s
 749298 206584     cutoff   45         0.01329    0.03380   154%  35.6  215s
 768684 211083    0.01512   44   52    0.01329    0.03368   153%  35.6  220s
 787582 215749    0.02778   38   61    0.01329    0.03359   153%  35.5  225s
H789712 216203                       0.0132873    0.03358   153%  35.5  225s
H794997 217660                       0.0132874    0.03355   153%  35.5  228s
 802173 219481    0.03350   34   51    0.01329    0.03351   152%  35.5  230s
 820702 223717     cutoff   51         0.01329    0.03342   152%  35.5  235s
 840284 228302    0.01330   41   44    0.01329    0.03333   151%  35.4  240s
H852616 231094                       0.0132874    0.03326   150%  35.4  243s
 857485 232143     cutoff   42         0.01329    0.03324   150%  35.4  245s
 876695 236431    0.01559   36   56    0.01329    0.03315   150%  35.4  250s
 896004 241166     cutoff   37         0.01329    0.03306   149%  35.3  255s
 914737 245619    0.01507   37   48    0.01329    0.03297   148%  35.3  260s
 934375 250384     cutoff   40         0.01329    0.03289   148%  35.2  265s
 952767 254770    0.03278   33   54    0.01329    0.03281   147%  35.2  270s
 967289 258169     cutoff   46         0.01329    0.03276   147%  35.2  275s
 985702 262244    0.01428   43   46    0.01329    0.03269   146%  35.1  280s
 1004195 266327     cutoff   42         0.01329    0.03261   145%  35.1  285s
 1022583 270775    0.01713   37   57    0.01329    0.03254   145%  35.1  290s
 1039993 274727    0.02296   41   56    0.01329    0.03247   144%  35.1  295s
 1057124 278702    0.01564   44   43    0.01329    0.03240   144%  35.0  300s
 1075325 282547    0.01490   43   50    0.01329    0.03233   143%  35.0  305s
 1093078 286529     cutoff   46         0.01329    0.03226   143%  35.0  310s
 1109292 289733    0.02596   42   54    0.01329    0.03221   142%  35.0  315s
 1124415 293115    0.01700   38   57    0.01329    0.03215   142%  34.9  320s
H1140817 294404                       0.0134575    0.03209   138%  34.9  324s
H1141118 294462                       0.0134575    0.03209   138%  34.9  324s
 1142285 294634    0.02927   38   51    0.01346    0.03209   138%  34.9  325s
 1158150 298135    0.02473   38   56    0.01346    0.03203   138%  34.9  330s
 1175631 302097     cutoff   43         0.01346    0.03198   138%  34.9  335s
 1195195 306270    0.01453   41   57    0.01346    0.03191   137%  34.8  340s
 1214323 310191    0.02560   39   38    0.01346    0.03184   137%  34.8  345s
 1234171 314434    0.01993   46   46    0.01346    0.03178   136%  34.8  350s
 1253788 318948     cutoff   37         0.01346    0.03171   136%  34.7  355s
 1268867 322144    0.01586   48   55    0.01346    0.03166   135%  34.7  360s

Cutting planes:
  Gomory: 9
  Implied bound: 28
  MIR: 10
  Flow cover: 87
  Inf proof: 23
  RLT: 118
  Relax-and-lift: 22
  BQP: 26

Explored 1268918 nodes (44081893 simplex iterations) in 360.00 seconds (397.23 work units)
Thread count was 4 (of 4 available processors)

Solution count 10: 0.0134575 0.0132874 0.0132872 ... 0.0099092

Time limit reached
Best objective 1.345748286728e-02, best bound 3.166358818738e-02, gap 135.2861%
{"verdict": "UNRESOLVED", "status": "TIME_LIMIT", "runtime": 360.00176191329956, "objval": 0.013457482867279545, "objbound": 0.03166358818738003, "binaries": 46}
