Set parameter NodefileStart to value 6
Read parameters from file gurobi.env
Restricted license - for non-production use only - expires 2027-11-29
Set parameter OutputFlag to value 1
Set parameter Threads to value 4
Set parameter TimeLimit to value 360
Set parameter MIPGap to value 5e-05
Set parameter MIPFocus to value 2
Set parameter NonConvex to value 2
Set parameter BestBdStop to value 2.7426211734693878e-02
Gurobi Optimizer version 13.0.3 build v13.0.3rc0 (linux64 - "Ubuntu 24.04.5 LTS")

CPU model: AMD EPYC 7763 64-Core Processor, instruction set [SSE2|AVX|AVX2]
Thread count: 2 physical cores, 4 logical processors, using up to 4 threads

Non-default parameters:
TimeLimit  360
BestBdStop  2.7426211734693878e-02
MIPGap  5e-05
MIPFocus  2
NodefileStart  6
NonConvex  2
Threads  4

Optimize a model with 145 rows, 115 columns and 846 nonzeros (Max)
Model fingerprint: 0xcb13d16f
Model has 1 linear objective coefficients
Model has 50 quadratic constraints
Variable types: 65 continuous, 50 integer (50 binary)
Coefficient statistics:
  Matrix range     [5e-01, 1e+00]
  QMatrix range    [1e+00, 1e+00]
  QLMatrix range   [1e+00, 1e+00]
  Objective range  [1e+00, 1e+00]
  Bounds range     [5e-01, 1e+00]
  RHS range        [1e+00, 1e+00]

Found heuristic solution: objective -0.0000000
Presolve time: 0.00s
Presolved: 345 rows, 116 columns, 1246 nonzeros
Presolved model has 50 bilinear constraint(s)

Solving non-convex MIQCP to global optimality

Variable types: 66 continuous, 50 integer (50 binary)
Root relaxation presolve removed 70 rows and 11 columns
Root relaxation presolved: 275 rows, 105 columns, 1076 nonzeros


Root relaxation: objective 7.142857e-02, 88 iterations, 0.00 seconds (0.00 work units)

    Nodes    |    Current Node    |     Objective Bounds      |     Work
 Expl Unexpl |  Obj  Depth IntInf | Incumbent    BestBd   Gap | It/Node Time

     0     0    0.07143    0   49   -0.00000    0.07143      -     -    0s
     0     0    0.07143    0   63   -0.00000    0.07143      -     -    0s
     0     0    0.06250    0   51   -0.00000    0.06250      -     -    0s
     0     0    0.06250    0   50   -0.00000    0.06250      -     -    0s
H    0     0                       0.0000000    0.06250      -     -    0s
     0     0    0.06250    0   50    0.00000    0.06250      -     -    0s
     0     0    0.06250    0   45    0.00000    0.06250      -     -    0s
     0     0    0.06250    0   50    0.00000    0.06250      -     -    0s
     0     0    0.06250    0   50    0.00000    0.06250      -     -    0s
     0     0    0.06250    0   51    0.00000    0.06250      -     -    0s
     0     0    0.06250    0   51    0.00000    0.06250      -     -    0s
     0     2    0.06250    0   51    0.00000    0.06250      -     -    0s
H   86   160                       0.0000000    0.06250      -  22.6    0s
*  521   488              70       0.0000002    0.06250      -  18.1    0s
*  719   657              57       0.0000002    0.06250      -  17.6    0s
H  901   796                       0.0000003    0.06250      -  17.3    0s
* 1562  1184              69       0.0000004    0.05242      -  16.1    1s
* 1595  1128              68       0.0000004    0.05242      -  15.9    1s
* 1660  1122              77       0.0000005    0.05242      -  15.4    1s
H 2813  1475                       0.0000007    0.04705      -  14.9    1s
H 2945  1588                       0.0000008    0.04705      -  15.0    1s

Cutting planes:
  Gomory: 3
  Flow cover: 17
  RLT: 12
  Relax-and-lift: 5
  BQP: 2

Explored 3934 nodes (55779 simplex iterations) in 2.30 seconds (1.57 work units)
Thread count was 4 (of 4 available processors)

Solution count 10: 8.09877e-07 8.09877e-07 7.40278e-07 ... 1.90264e-08

Optimization achieved user objective limit
Best objective 8.098771096645e-07, best bound 2.609178823497e-02, gap -
{"verdict": "PROVED", "status": "BOUND_REACHED", "runtime": 2.301340103149414, "objval": 8.098771096645124e-07, "objbound": 0.02609178823497004, "binaries": 50}
