Set parameter NodefileStart to value 6
Read parameters from file gurobi.env
Restricted license - for non-production use only - expires 2027-11-29
Set parameter OutputFlag to value 1
Set parameter Threads to value 4
Set parameter TimeLimit to value 360
Set parameter MIPGap to value 5e-05
Set parameter MIPFocus to value 2
Set parameter NonConvex to value 2
Set parameter BestBdStop to value 2.7426211734693878e-02
Gurobi Optimizer version 13.0.3 build v13.0.3rc0 (linux64 - "Ubuntu 24.04.5 LTS")

CPU model: AMD EPYC 7763 64-Core Processor, instruction set [SSE2|AVX|AVX2]
Thread count: 2 physical cores, 4 logical processors, using up to 4 threads

Non-default parameters:
TimeLimit  360
BestBdStop  2.7426211734693878e-02
MIPGap  5e-05
MIPFocus  2
NodefileStart  6
NonConvex  2
Threads  4

Optimize a model with 145 rows, 115 columns and 846 nonzeros (Max)
Model fingerprint: 0x101dedf9
Model has 1 linear objective coefficients
Model has 50 quadratic constraints
Variable types: 65 continuous, 50 integer (50 binary)
Coefficient statistics:
  Matrix range     [5e-01, 1e+00]
  QMatrix range    [1e+00, 1e+00]
  QLMatrix range   [1e+00, 1e+00]
  Objective range  [1e+00, 1e+00]
  Bounds range     [5e-01, 1e+00]
  RHS range        [1e+00, 1e+00]

Found heuristic solution: objective -0.0000000
Presolve time: 0.00s
Presolved: 345 rows, 116 columns, 1246 nonzeros
Presolved model has 50 bilinear constraint(s)

Solving non-convex MIQCP to global optimality

Variable types: 66 continuous, 50 integer (50 binary)
Root relaxation presolve removed 50 rows and 1 columns
Root relaxation presolved: 295 rows, 115 columns, 1196 nonzeros


Root relaxation: objective 8.333333e-02, 100 iterations, 0.00 seconds (0.00 work units)

    Nodes    |    Current Node    |     Objective Bounds      |     Work
 Expl Unexpl |  Obj  Depth IntInf | Incumbent    BestBd   Gap | It/Node Time

     0     0    0.08333    0   47   -0.00000    0.08333      -     -    0s
     0     0    0.07143    0   70   -0.00000    0.07143      -     -    0s
     0     0    0.07143    0   70   -0.00000    0.07143      -     -    0s
     0     0    0.07143    0   66   -0.00000    0.07143      -     -    0s
H    0     0                       0.0000000    0.07143      -     -    0s
H    0     0                       0.0000001    0.07143      -     -    0s
     0     0    0.07143    0   56    0.00000    0.07143      -     -    0s
     0     0    0.07143    0   58    0.00000    0.07143      -     -    0s
     0     0    0.07143    0   52    0.00000    0.07143      -     -    0s
     0     0    0.07143    0   45    0.00000    0.07143      -     -    0s
     0     0    0.07143    0   47    0.00000    0.07143      -     -    0s
     0     0    0.07143    0   46    0.00000    0.07143      -     -    0s
     0     0    0.07143    0   46    0.00000    0.07143      -     -    0s
     0     2    0.07143    0   46    0.00000    0.07143      -     -    0s
H 1138  1015                       0.0000001    0.07143      -  28.4    1s
H 1219  1022                       0.0000002    0.06434      -  29.3    1s
H 1287  1043                       0.0000003    0.06434      -  28.8    1s
H 1535  1132                       0.0013950    0.06434  4512%  26.9    1s
H 1586  1102                       0.0014962    0.05854  3812%  26.5    1s
H 1604  1048                       0.0018701    0.05854  3030%  26.6    1s
H 1676  1051                       0.0022424    0.05854  2511%  26.3    1s
H 1711   977                       0.0055905    0.05854   947%  26.1    1s
H 2053  1113                       0.0057146    0.05181   807%  25.5    2s
H 3026  1251                       0.0062387    0.04478   618%  25.4    2s
H 3807  1518                       0.0067355    0.04378   550%  25.3    2s
H 4914  1880                       0.0079773    0.04090   413%  25.0    2s
H 5934  2193                       0.0084374    0.03947   368%  24.6    3s
H 7163  2460                       0.0090775    0.03850   324%  24.2    3s
 11894  4522 infeasible   33         0.00908    0.03600   297%  24.0    5s
H12298  4428                       0.0093001    0.03582   285%  23.9    5s
H12442  4567                       0.0093002    0.03579   285%  23.9    5s
H19550  4545                       0.0153295    0.03437   124%  22.9    6s
H19832  4328                       0.0153295    0.03425   123%  22.8    6s
H21683  4560                       0.0159476    0.03379   112%  22.7    7s
H21826  4684                       0.0159476    0.03376   112%  22.8    7s
 30932  6644    0.02193   38   57    0.01595    0.03221   102%  22.6   10s
 52967 11382    0.01906   32   59    0.01595    0.03041  90.7%  21.5   15s
 77074 16512    0.01669   39   56    0.01595    0.02916  82.8%  20.9   20s
 98653 20618     cutoff   38         0.01595    0.02835  77.8%  20.5   25s
 124069 25668     cutoff   33         0.01595    0.02769  73.6%  20.3   30s

Cutting planes:
  Gomory: 18
  Implied bound: 11
  MIR: 3
  Flow cover: 16
  RLT: 57
  Relax-and-lift: 5
  BQP: 7

Explored 136149 nodes (2749424 simplex iterations) in 32.40 seconds (34.00 work units)
Thread count was 4 (of 4 available processors)

Solution count 10: 0.0159476 0.0153295 0.00930019 ... 0.00559045

Optimization achieved user objective limit
Best objective 1.594762137778e-02, best bound 2.741098980721e-02, gap 71.8814%
{"verdict": "PROVED", "status": "BOUND_REACHED", "runtime": 32.40662503242493, "objval": 0.015947621377777676, "objbound": 0.027410989807213963, "binaries": 50}
