Set parameter NodefileStart to value 6
Read parameters from file gurobi.env
Restricted license - for non-production use only - expires 2027-11-29
Set parameter OutputFlag to value 1
Set parameter Threads to value 4
Set parameter TimeLimit to value 360
Set parameter MIPGap to value 5e-05
Set parameter MIPFocus to value 2
Set parameter NonConvex to value 2
Set parameter BestBdStop to value 2.7426211734693878e-02
Gurobi Optimizer version 13.0.3 build v13.0.3rc0 (linux64 - "Ubuntu 24.04.5 LTS")

CPU model: INTEL(R) XEON(R) PLATINUM 8573C, instruction set [SSE2|AVX|AVX2|AVX512]
Thread count: 2 physical cores, 4 logical processors, using up to 4 threads

Non-default parameters:
TimeLimit  360
BestBdStop  2.7426211734693878e-02
MIPGap  5e-05
MIPFocus  2
NodefileStart  6
NonConvex  2
Threads  4

Optimize a model with 141 rows, 111 columns and 810 nonzeros (Max)
Model fingerprint: 0x879e0822
Model has 1 linear objective coefficients
Model has 50 quadratic constraints
Variable types: 65 continuous, 46 integer (46 binary)
Coefficient statistics:
  Matrix range     [5e-01, 1e+00]
  QMatrix range    [1e+00, 1e+00]
  QLMatrix range   [1e+00, 1e+00]
  Objective range  [1e+00, 1e+00]
  Bounds range     [5e-01, 1e+00]
  RHS range        [1e+00, 1e+00]

Found heuristic solution: objective -0.0000000
Presolve time: 0.00s
Presolved: 341 rows, 112 columns, 1210 nonzeros
Presolved model has 50 bilinear constraint(s)

Solving non-convex MIQCP to global optimality

Variable types: 66 continuous, 46 integer (46 binary)
Root relaxation presolve removed 50 rows and 1 columns
Root relaxation presolved: 291 rows, 111 columns, 1160 nonzeros


Root relaxation: objective 8.333333e-02, 112 iterations, 0.00 seconds (0.00 work units)

    Nodes    |    Current Node    |     Objective Bounds      |     Work
 Expl Unexpl |  Obj  Depth IntInf | Incumbent    BestBd   Gap | It/Node Time

     0     0    0.08333    0   46   -0.00000    0.08333      -     -    0s
     0     0    0.08333    0   65   -0.00000    0.08333      -     -    0s
     0     0    0.08333    0   43   -0.00000    0.08333      -     -    0s
     0     0    0.08229    0   43   -0.00000    0.08229      -     -    0s
     0     2    0.08229    0   43   -0.00000    0.08229      -     -    0s
H   41    44                       0.0000001    0.08229      -  23.3    0s
H   51    60                       0.0000003    0.08229      -  22.4    0s
* 2020  1367             135       0.0000009    0.08229      -  18.5    1s
* 2108  1339             134       0.0000010    0.08229      -  18.3    1s
* 2109  1295             135       0.0000010    0.08229      -  18.3    1s
* 2110  1251             135       0.0000011    0.08229      -  18.3    1s
H 3257  1687                       0.0000012    0.08171      -  21.6    2s
 13403  9873    0.00000   77   21    0.00000    0.06818      -  25.7    5s
H24797 17582                       0.0000013    0.06316      -  25.8    8s
H24805 12452                       0.0001423    0.06316      -  25.8    8s
H25178 12674                       0.0001424    0.06290      -  25.8    8s
H26917 14070                       0.0001426    0.06250      -  25.9    8s
*28813 11551             151       0.0014686    0.06250  4156%  26.0    9s
*28814 11549             151       0.0014701    0.06250  4151%  26.0    9s
*28815 11549             151       0.0014706    0.06250  4150%  26.0    9s
 33187 14646    0.03957   38   55    0.00147    0.06243  4145%  26.6   10s
H34947 14346                       0.0023092    0.06239  2602%  26.7   10s
H46538 20913                       0.0024058    0.05992  2391%  27.9   12s
H51953 24146                       0.0024059    0.05927  2364%  28.2   14s
 54308 25749    0.00475   52   51    0.00241    0.05900  2352%  28.4   15s
H57896 27689                       0.0024137    0.05872  2333%  28.5   16s
H61373 29646                       0.0024147    0.05850  2323%  28.7   17s
 68299 33675    0.01989   40   52    0.00241    0.05788  2297%  28.7   20s
 89080 46023    0.00300   52   50    0.00241    0.05662  2245%  29.3   25s
 108683 57220    0.01487   45   55    0.00241    0.05581  2211%  29.5   30s
*125922 66446              81       0.0026156    0.05528  2013%  29.5   34s
*125925 66446              81       0.0026158    0.05528  2013%  29.5   34s
*125928 66446              80       0.0026161    0.05528  2013%  29.5   34s
H127158 66217                       0.0029178    0.05520  1792%  29.5   34s
H128111 66632                       0.0029181    0.05516  1790%  29.5   34s
H128327 66632                       0.0029184    0.05515  1790%  29.5   34s
H128475 65767                       0.0031665    0.05514  1641%  29.5   34s
H128519 65662                       0.0031896    0.05514  1629%  29.5   34s
 129081 66197    0.02812   34   54    0.00319    0.05509  1627%  29.6   35s
H129533 54490                       0.0064159    0.05508   758%  29.6   35s
H130915 53732                       0.0068745    0.05495   699%  29.6   35s
H130916 51761                       0.0075989    0.05495   623%  29.6   35s
H131951 50913                       0.0081779    0.05490   571%  29.6   36s
H131954 49020                       0.0089914    0.05490   511%  29.6   36s
H133147 47044                       0.0101976    0.05485   438%  29.6   36s
H136946 45184                       0.0119275    0.05467   358%  29.7   37s
 144459 48683    0.01724   40   51    0.01193    0.05428   355%  29.9   40s
 162013 56401    0.01366   41   44    0.01193    0.05355   349%  30.1   45s
 180963 64198    0.01204   38   34    0.01193    0.05268   342%  30.2   50s
 200240 72177    0.03600   32   50    0.01193    0.05199   336%  30.5   55s
 219087 79797    0.05115   31   52    0.01193    0.05132   330%  30.5   60s
 238281 87488     cutoff   43         0.01193    0.05076   326%  30.6   65s
 250627 92212 infeasible   33         0.01193    0.05042   323%  30.6   70s
 269767 100063    0.01949   39   52    0.01193    0.04996   319%  30.7   75s
 289055 108261    0.03195   37   55    0.01193    0.04966   316%  30.8   80s
 307369 115617    0.04133   34   54    0.01193    0.04929   313%  30.8   85s
 325212 122532     cutoff   44         0.01193    0.04893   310%  30.9   90s
 345845 130236     cutoff   46         0.01193    0.04855   307%  30.9   95s
 364340 137024    0.01617   43   50    0.01193    0.04824   304%  30.9  100s
 383445 144143     cutoff   46         0.01193    0.04794   302%  30.9  105s
 402400 151072    0.02870   34   47    0.01193    0.04764   299%  30.9  110s
 417864 156823    0.01976   38   51    0.01193    0.04742   298%  30.9  115s
 436865 163644    0.04349   38   51    0.01193    0.04714   295%  30.9  120s
 456897 170873    0.03418   32   51    0.01193    0.04686   293%  30.9  125s
 475520 177422     cutoff   43         0.01193    0.04663   291%  30.9  130s
 494539 183899     cutoff   40         0.01193    0.04637   289%  30.9  135s
 514151 191061     cutoff   42         0.01193    0.04613   287%  31.0  140s
 533681 197724    0.03806   34   56    0.01193    0.04590   285%  31.0  145s
 552660 204458     cutoff   39         0.01193    0.04569   283%  31.0  150s
 571471 211305    0.02221   40   53    0.01193    0.04550   281%  31.0  155s
 590892 218500    0.02910   36   50    0.01193    0.04531   280%  31.0  160s
 605850 223674    0.03293   38   50    0.01193    0.04518   279%  31.0  165s
 624667 230524    0.03067   34   53    0.01193    0.04502   277%  31.0  170s
 644016 237227 infeasible   30         0.01193    0.04486   276%  31.1  175s
 664494 244119 infeasible   38         0.01193    0.04470   275%  31.0  180s
 685153 251075    0.03269   37   53    0.01193    0.04450   273%  31.0  185s
 705403 257963    0.03306   36   53    0.01193    0.04434   272%  31.0  190s
 725344 264641    0.02023   39   52    0.01193    0.04417   270%  31.0  195s
 745753 271588     cutoff   40         0.01193    0.04400   269%  31.0  200s
 762658 277443    0.01672   39   53    0.01193    0.04387   268%  31.0  205s
 780951 284845    0.01637   39   52    0.01193    0.04373   267%  31.0  211s
 798046 289693    0.01452   42   53    0.01193    0.04362   266%  31.0  215s
 817252 296047    0.03337   35   58    0.01193    0.04347   264%  31.0  220s
 835970 302233 infeasible   42         0.01193    0.04333   263%  31.0  225s
 854603 308712    0.01619   43   51    0.01193    0.04321   262%  31.0  230s
 874518 315228    0.01474   49   45    0.01193    0.04307   261%  31.0  235s
 893806 321277    0.04292   36   50    0.01193    0.04294   260%  31.0  240s
 914665 328240     cutoff   43         0.01193    0.04281   259%  31.0  245s
 933788 334578     cutoff   39         0.01193    0.04270   258%  31.0  250s
 949609 339691    0.02702   36   50    0.01193    0.04259   257%  31.0  255s
 969783 346505    0.03967   36   50    0.01193    0.04247   256%  31.0  260s
 989482 352860    0.02517   38   54    0.01193    0.04237   255%  31.0  265s
 1009185 359261    0.02243   42   44    0.01193    0.04225   254%  30.9  270s
 1028993 365545    0.02501   40   53    0.01193    0.04213   253%  30.9  275s
 1047802 372154    0.01254   36   53    0.01193    0.04204   252%  30.9  280s
 1066907 378615     cutoff   45         0.01193    0.04194   252%  30.9  285s
 1086725 385124    0.02250   44   47    0.01193    0.04183   251%  30.9  290s
 1106557 391673    0.01702   37   55    0.01193    0.04172   250%  30.9  295s
 1125566 397766     cutoff   38         0.01193    0.04162   249%  30.9  300s
 1141736 403084    0.02963   36   58    0.01193    0.04154   248%  30.9  305s
 1160967 409308    0.01870   39   50    0.01193    0.04147   248%  30.9  310s
 1179652 415162     cutoff   37         0.01193    0.04138   247%  30.9  315s
 1199557 421426    0.03044   34   53    0.01193    0.04129   246%  30.9  320s
 1219385 427423     cutoff   46         0.01193    0.04122   246%  30.8  325s
 1239207 433355    0.01473   34   56    0.01193    0.04113   245%  30.8  330s
H1253351 437650                       0.0119291    0.04107   244%  30.8  334s
 1254994 438289    0.02761   40   52    0.01193    0.04106   244%  30.8  335s
 1273704 444192    0.01765   35   42    0.01193    0.04098   244%  30.8  340s
 1293245 450118     cutoff   43         0.01193    0.04089   243%  30.8  345s
 1308453 454720     cutoff   40         0.01193    0.04083   242%  30.8  350s
H1314075 456288                       0.0119297    0.04081   242%  30.8  351s
 1326781 460175     cutoff   37         0.01193    0.04075   242%  30.8  355s
 1346481 466459    0.02093   37   53    0.01193    0.04067   241%  30.8  360s

Cutting planes:
  Gomory: 30
  Implied bound: 26
  MIR: 13
  Mixing: 3
  Flow cover: 69
  Inf proof: 19
  RLT: 54
  Relax-and-lift: 10
  BQP: 26

Explored 1346824 nodes (41505623 simplex iterations) in 360.00 seconds (353.71 work units)
Thread count was 4 (of 4 available processors)

Solution count 10: 0.0119297 0.0119291 0.0119275 ... 0.00318963

Time limit reached
Best objective 1.192971406314e-02, best bound 4.066697090074e-02, gap 240.8881%
{"verdict": "UNRESOLVED", "status": "TIME_LIMIT", "runtime": 360.00312900543213, "objval": 0.011929714063136504, "objbound": 0.04066697090074075, "binaries": 46}
