Set parameter NodefileStart to value 6
Read parameters from file gurobi.env
Restricted license - for non-production use only - expires 2027-11-29
Set parameter OutputFlag to value 1
Set parameter Threads to value 4
Set parameter TimeLimit to value 360
Set parameter MIPGap to value 5e-05
Set parameter MIPFocus to value 2
Set parameter NonConvex to value 2
Set parameter BestBdStop to value 2.7426211734693878e-02
Gurobi Optimizer version 13.0.3 build v13.0.3rc0 (linux64 - "Ubuntu 24.04.5 LTS")

CPU model: AMD EPYC 9V74 80-Core Processor, instruction set [SSE2|AVX|AVX2|AVX512]
Thread count: 2 physical cores, 4 logical processors, using up to 4 threads

Non-default parameters:
TimeLimit  360
BestBdStop  2.7426211734693878e-02
MIPGap  5e-05
MIPFocus  2
NodefileStart  6
NonConvex  2
Threads  4

Optimize a model with 117 rows, 87 columns and 630 nonzeros (Max)
Model fingerprint: 0x8e640e15
Model has 1 linear objective coefficients
Model has 50 quadratic constraints
Variable types: 65 continuous, 22 integer (22 binary)
Coefficient statistics:
  Matrix range     [5e-01, 1e+00]
  QMatrix range    [1e+00, 1e+00]
  QLMatrix range   [1e+00, 1e+00]
  Objective range  [1e+00, 1e+00]
  Bounds range     [5e-01, 1e+00]
  RHS range        [1e+00, 1e+00]

Found heuristic solution: objective -0.0000000
Presolve time: 0.00s
Presolved: 317 rows, 88 columns, 1030 nonzeros
Presolved model has 50 bilinear constraint(s)

Solving non-convex MIQCP to global optimality

Variable types: 66 continuous, 22 integer (22 binary)
Root relaxation presolve removed 50 rows and 1 columns
Root relaxation presolved: 267 rows, 87 columns, 980 nonzeros


Root relaxation: objective 1.000000e-01, 107 iterations, 0.00 seconds (0.00 work units)

    Nodes    |    Current Node    |     Objective Bounds      |     Work
 Expl Unexpl |  Obj  Depth IntInf | Incumbent    BestBd   Gap | It/Node Time

     0     0    0.10000    0   47   -0.00000    0.10000      -     -    0s
     0     0    0.07143    0   47   -0.00000    0.07143      -     -    0s
     0     0    0.07143    0   53   -0.00000    0.07143      -     -    0s
     0     0    0.07143    0   50   -0.00000    0.07143      -     -    0s
     0     0    0.06818    0   46   -0.00000    0.06818      -     -    0s
     0     0    0.06818    0   46   -0.00000    0.06818      -     -    0s
     0     0    0.06818    0   47   -0.00000    0.06818      -     -    0s
     0     0    0.06818    0   48   -0.00000    0.06818      -     -    0s
     0     0    0.06818    0   48   -0.00000    0.06818      -     -    0s
     0     0    0.06818    0   48   -0.00000    0.06818      -     -    0s
     0     2    0.06818    0   48   -0.00000    0.06818      -     -    0s
H   72    88                       0.0000000    0.06818      -  20.4    0s
* 1123   942             100       0.0000001    0.06250      -  18.8    0s
H 1260   969                       0.0000001    0.06250      -  19.8    0s
H 1264   924                       0.0000001    0.06250      -  19.8    0s
H 1330   931                       0.0000002    0.06250      -  21.0    1s
H 1556  1080                       0.0000003    0.06250      -  20.9    1s
* 2409  1467             135       0.0000003    0.06250      -  17.9    1s
* 2410  1427             136       0.0000003    0.06250      -  17.9    1s
* 2593  1449             135       0.0000003    0.06250      -  17.2    1s
* 2599  1411             135       0.0000003    0.06250      -  17.1    1s
* 2605  1375             134       0.0000003    0.06250      -  17.1    1s
* 2675  1391             107       0.0000005    0.06250      -  17.0    1s
H 3741  2081                       0.0000006    0.06250      -  18.2    1s
H 3742  2077                       0.0000007    0.06250      -  18.2    1s
H 7059  4691                       0.0000007    0.05381      -  20.6    2s
*18192 12517             142       0.0000009    0.04706      -  20.2    4s
 20257 13683    0.00018   90   49    0.00000    0.04647      -  20.2    5s
 49423 32879    0.00009   50   39    0.00000    0.04139      -  20.4   10s
*62040 40912              89       0.0000010    0.04016      -  20.4   12s
H63142 40665                       0.0000012    0.04001      -  20.4   12s
H63143 39921                       0.0000015    0.04001      -  20.4   12s
 77624 49030    0.00003   65   47    0.00000    0.03878      -  20.8   15s
 110836 71954    0.00008   61   50    0.00000    0.03742      -  20.4   20s
 137079 89970    0.01135   40   50    0.00000    0.03663      -  20.5   25s
 168886 111817    0.00291   44   38    0.00000    0.03585      -  20.4   30s
 202086 135016    0.02076   35   51    0.00000    0.03519      -  20.2   35s
 234666 157053    0.00273   43   27    0.00000    0.03464      -  20.2   40s
 264392 177979    0.00273   49   50    0.00000    0.03421      -  20.0   45s
 294023 196923    0.00013   44   38    0.00000    0.03379      -  20.0   50s
 323484 216571    0.00714   40   50    0.00000    0.03335      -  20.1   55s
 357650 241268    0.00521   45   51    0.00000    0.03305      -  19.9   60s
 388929 262132    0.00126   43   43    0.00000    0.03267      -  19.9   65s
 409444 275325    0.00000   90   16    0.00000    0.03243      -  19.9   70s
 438205 294704    0.00001   62   34    0.00000    0.03218      -  19.9   75s
 465791 314332    0.00006   83   31    0.00000    0.03199      -  19.8   80s
 498334 337422    0.00010   77   43    0.00000    0.03178      -  19.8   85s
H500993 338600                       0.0000015    0.03176      -  19.8   85s
 527886 357199    0.00002   75   50    0.00000    0.03158      -  19.8   90s
 559926 378814    0.00004   67   50    0.00000    0.03135      -  19.9   95s
 592086 399307    0.00021   42   31    0.00000    0.03115      -  19.9  100s
 624988 420338    0.00000   80   34    0.00000    0.03095      -  19.8  105s
 657185 443614    0.00058   59   50    0.00000    0.03080      -  19.8  110s
 685368 461812    0.00000   90   16    0.00000    0.03063      -  19.8  115s
 717831 482973    0.00000   82   27    0.00000    0.03048      -  19.8  120s
 751393 505177    0.02038   38   50    0.00000    0.03034      -  19.8  125s
 783097 526337     cutoff   72         0.00000    0.03018      -  19.7  130s
 811614 544817    0.00042   44   50    0.00000    0.03004      -  19.7  135s
 843838 566161    0.00276   49   35    0.00000    0.02991      -  19.7  140s
 877657 589325    0.00002   64   43    0.00000    0.02978      -  19.7  145s
 910567 611599    0.00001   82   42    0.00000    0.02967      -  19.6  150s
 937670 629499     cutoff   59         0.00000    0.02956      -  19.7  155s
 966907 647823    0.00115   57   51    0.00000    0.02946      -  19.7  160s
 995343 667558    0.00338   55   50    0.00000    0.02936      -  19.7  165s
 1029527 690212    0.01999   32   50    0.00000    0.02923      -  19.6  170s
 1054736 708049    0.01153   34   44    0.00000    0.02916      -  19.6  175s
 1087979 731294 infeasible   46         0.00000    0.02906      -  19.6  180s
 1118311 751751    0.01324   35   50    0.00000    0.02896      -  19.6  185s
 1149618 771944    0.00036   39   44    0.00000    0.02887      -  19.6  190s
 1181367 794633     cutoff   87         0.00000    0.02879      -  19.6  195s
 1214648 816609    0.01921   35   50    0.00000    0.02869      -  19.5  200s
 1247291 837916    0.00003   72   42    0.00000    0.02859      -  19.5  205s
 1277419 857761    0.00000  112   16    0.00000    0.02851      -  19.5  210s
 1310120 879405    0.00849   38   51    0.00000    0.02841      -  19.5  215s
 1343513 901739    0.01693   34   50    0.00000    0.02831      -  19.5  220s
 1376806 925115     cutoff   39         0.00000    0.02825      -  19.5  225s
 1407632 945535    0.00001   71   32    0.00000    0.02817      -  19.4  230s
 1438806 964961     cutoff   67         0.00000    0.02808      -  19.4  235s
 1465491 981886    0.00256   45   36    0.00000    0.02801      -  19.4  240s
 1493038 999765    0.00000   58   34    0.00000    0.02794      -  19.4  245s
 1520383 1018985    0.00000  127   33    0.00000    0.02787      -  19.4  250s
 1553536 1041982     cutoff   55         0.00000    0.02781      -  19.4  255s
 1586294 1064641    0.00002   47   44    0.00000    0.02774      -  19.4  260s
 1618665 1085674    0.00045   56   43    0.00000    0.02768      -  19.5  265s
 1646895 1103819    0.00526   41   50    0.00000    0.02761      -  19.5  270s
 1676265 1125880    0.00020   60   50    0.00000    0.02756      -  19.4  275s
 1710373 1146262    0.00574   47   44    0.00000    0.02749      -  19.4  280s
 1742755 1169191    0.00299   45   44    0.00000    0.02744      -  19.4  285s

Cutting planes:
  Gomory: 9
  Implied bound: 2
  MIR: 2
  Flow cover: 23
  RLT: 64
  Relax-and-lift: 6
  BQP: 25

Explored 1746305 nodes (33907881 simplex iterations) in 285.57 seconds (383.28 work units)
Thread count was 4 (of 4 available processors)

Solution count 10: 1.53521e-06 1.1925e-06 9.50094e-07 ... 3.4087e-07

Optimization achieved user objective limit
Best objective 1.535208600620e-06, best bound 2.742610310423e-02, gap 1786374.0396%
{"verdict": "PROVED", "status": "BOUND_REACHED", "runtime": 285.56589913368225, "objval": 1.5352086006198418e-06, "objbound": 0.027426103104233913, "binaries": 22}
