Set parameter NodefileStart to value 6
Read parameters from file gurobi.env
Restricted license - for non-production use only - expires 2027-11-29
Set parameter OutputFlag to value 1
Set parameter Threads to value 4
Set parameter TimeLimit to value 360
Set parameter MIPGap to value 5e-05
Set parameter MIPFocus to value 2
Set parameter NonConvex to value 2
Set parameter BestBdStop to value 2.7426211734693878e-02
Gurobi Optimizer version 13.0.3 build v13.0.3rc0 (linux64 - "Ubuntu 24.04.5 LTS")

CPU model: AMD EPYC 9V74 80-Core Processor, instruction set [SSE2|AVX|AVX2|AVX512]
Thread count: 2 physical cores, 4 logical processors, using up to 4 threads

Non-default parameters:
TimeLimit  360
BestBdStop  2.7426211734693878e-02
MIPGap  5e-05
MIPFocus  2
NodefileStart  6
NonConvex  2
Threads  4

Optimize a model with 141 rows, 111 columns and 810 nonzeros (Max)
Model fingerprint: 0x93cb9ea6
Model has 1 linear objective coefficients
Model has 50 quadratic constraints
Variable types: 65 continuous, 46 integer (46 binary)
Coefficient statistics:
  Matrix range     [5e-01, 1e+00]
  QMatrix range    [1e+00, 1e+00]
  QLMatrix range   [1e+00, 1e+00]
  Objective range  [1e+00, 1e+00]
  Bounds range     [5e-01, 1e+00]
  RHS range        [1e+00, 1e+00]

Found heuristic solution: objective -0.0000000
Presolve time: 0.00s
Presolved: 341 rows, 112 columns, 1210 nonzeros
Presolved model has 50 bilinear constraint(s)

Solving non-convex MIQCP to global optimality

Variable types: 66 continuous, 46 integer (46 binary)
Root relaxation presolve removed 50 rows and 1 columns
Root relaxation presolved: 291 rows, 111 columns, 1160 nonzeros


Root relaxation: objective 8.333333e-02, 108 iterations, 0.00 seconds (0.00 work units)

    Nodes    |    Current Node    |     Objective Bounds      |     Work
 Expl Unexpl |  Obj  Depth IntInf | Incumbent    BestBd   Gap | It/Node Time

     0     0    0.08333    0   43   -0.00000    0.08333      -     -    0s
     0     0    0.08333    0   49   -0.00000    0.08333      -     -    0s
H    0     0                       0.0000001    0.08333      -     -    0s
H    0     0                       0.0000001    0.08333      -     -    0s
     0     0    0.08333    0   51    0.00000    0.08333      -     -    0s
     0     0    0.08333    0   46    0.00000    0.08333      -     -    0s
     0     0    0.08333    0   60    0.00000    0.08333      -     -    0s
     0     0    0.08333    0   59    0.00000    0.08333      -     -    0s
     0     0    0.08333    0   43    0.00000    0.08333      -     -    0s
     0     0    0.08333    0   39    0.00000    0.08333      -     -    0s
     0     0    0.08333    0   38    0.00000    0.08333      -     -    0s
     0     0    0.08333    0   38    0.00000    0.08333      -     -    0s
H    0     0                       0.0000004    0.08333      -     -    0s
     0     2    0.08333    0   38    0.00000    0.08333      -     -    0s
H  438   405                       0.0000004    0.08333      -  29.0    0s
H 1225   941                       0.0041951    0.08247  1866%  32.1    1s
H 1225   894                       0.0050228    0.08247  1542%  32.1    1s
H 1225   849                       0.0054107    0.08247  1424%  32.1    1s
H 1225   806                       0.0054107    0.08247  1424%  32.1    1s
H 1288   824                       0.0066485    0.07473  1024%  34.5    1s
H 1369   842                       0.0066485    0.07473  1024%  34.6    1s
* 1706   895              86       0.0107769    0.07468   593%  32.3    1s
* 1708   860              86       0.0107769    0.07468   593%  32.3    1s
H 1822   789                       0.0107769    0.07468   593%  31.6    1s
H 2283   957                       0.0112322    0.06699   496%  35.4    1s
H 3276  1002                       0.0134009    0.06200   363%  37.4    2s
H 4310  1371                       0.0143150    0.06012   320%  37.5    2s
H 5480  1809                       0.0143998    0.05712   297%  38.0    3s
H 5484  1801                       0.0145185    0.05712   293%  38.0    3s
H 6689  2125                       0.0147355    0.05596   280%  38.3    3s
H 6690  2123                       0.0147761    0.05596   279%  38.3    3s
H 9632  3210                       0.0153952    0.05414   252%  38.5    4s
H 9695  3352                       0.0153952    0.05403   251%  38.4    4s
H10922  3216                       0.0191581    0.05317   178%  38.3    4s
H10925  2943                       0.0213592    0.05311   149%  38.3    4s
H10981  3055                       0.0213592    0.05298   148%  38.3    4s
 12111  3341    0.04005   28   56    0.02136    0.05211   144%  38.1    5s
H16945  4281                       0.0213592    0.04934   131%  37.9    6s
H17024  4354                       0.0213795    0.04923   130%  37.9    6s
H17933  4451                       0.0213904    0.04861   127%  37.7    6s
H19517  4776                       0.0218564    0.04808   120%  37.6    6s
H19914  4959                       0.0218564    0.04783   119%  37.6    7s
 29044  6732    0.04035   26   53    0.02186    0.04537   108%  36.8   10s
 47732 10132    0.03471   25   66    0.02186    0.04278  95.7%  35.6   15s
 68863 13382    0.02436   30   55    0.02186    0.04078  86.6%  34.6   20s
 91541 16602    0.02817   28   57    0.02186    0.03914  79.1%  33.9   25s
 112736 19187     cutoff   35         0.02186    0.03785  73.2%  33.5   30s
 133790 21436     cutoff   36         0.02186    0.03679  68.3%  33.2   35s
 156292 23235    0.02345   32   47    0.02186    0.03575  63.6%  32.9   40s
 178444 24716    0.02306   37   50    0.02186    0.03490  59.7%  32.6   45s
 197337 25993    0.02874   38   60    0.02186    0.03424  56.7%  32.4   50s
 218643 27326    0.02372   36   58    0.02186    0.03353  53.4%  32.1   55s
 242269 28806     cutoff   41         0.02186    0.03287  50.4%  31.9   60s
H248036 27475                       0.0225841    0.03274  45.0%  31.8   61s
H248226 27478                       0.0225841    0.03273  44.9%  31.8   61s
H248596 27515                       0.0225841    0.03272  44.9%  31.8   61s
 263871 28055     cutoff   36         0.02258    0.03227  42.9%  31.6   65s
 287033 28811    0.02903   35   48    0.02258    0.03167  40.2%  31.3   70s
 310056 29084    0.02454   33   58    0.02258    0.03107  37.6%  31.0   75s
 334184 29316     cutoff   33         0.02258    0.03043  34.8%  30.7   80s
 355208 29438     cutoff   35         0.02258    0.02996  32.7%  30.5   85s
 378285 29302    0.02936   31   52    0.02258    0.02940  30.2%  30.2   90s
 399143 29079     cutoff   36         0.02258    0.02892  28.1%  30.0   95s
 424082 28479     cutoff   33         0.02258    0.02834  25.5%  29.7  100s
 448712 28024     cutoff   40         0.02258    0.02780  23.1%  29.4  105s
H460388 25180                       0.0231375    0.02756  19.1%  29.3  107s
H460793 25159                       0.0231375    0.02756  19.1%  29.2  107s

Cutting planes:
  Gomory: 33
  Implied bound: 45
  MIR: 8
  Flow cover: 86
  Inf proof: 12
  RLT: 89
  Relax-and-lift: 18
  BQP: 27

Explored 466816 nodes (13608779 simplex iterations) in 108.91 seconds (130.00 work units)
Thread count was 4 (of 4 available processors)

Solution count 10: 0.0231375 0.0225841 0.0218564 ... 0.0147355

Optimization achieved user objective limit
Best objective 2.313748572064e-02, best bound 2.742495627916e-02, gap 18.5304%
{"verdict": "PROVED", "status": "BOUND_REACHED", "runtime": 108.91255688667297, "objval": 0.023137485720641986, "objbound": 0.02742495627915584, "binaries": 46}
