Set parameter NodefileStart to value 6
Read parameters from file gurobi.env
Restricted license - for non-production use only - expires 2027-11-29
Set parameter OutputFlag to value 1
Set parameter Threads to value 4
Set parameter TimeLimit to value 360
Set parameter MIPGap to value 5e-05
Set parameter MIPFocus to value 2
Set parameter NonConvex to value 2
Set parameter BestBdStop to value 2.7426211734693878e-02
Gurobi Optimizer version 13.0.3 build v13.0.3rc0 (linux64 - "Ubuntu 24.04.5 LTS")

CPU model: AMD EPYC 7763 64-Core Processor, instruction set [SSE2|AVX|AVX2]
Thread count: 2 physical cores, 4 logical processors, using up to 4 threads

Non-default parameters:
TimeLimit  360
BestBdStop  2.7426211734693878e-02
MIPGap  5e-05
MIPFocus  2
NodefileStart  6
NonConvex  2
Threads  4

Optimize a model with 141 rows, 111 columns and 810 nonzeros (Max)
Model fingerprint: 0xd92c0fe8
Model has 1 linear objective coefficients
Model has 50 quadratic constraints
Variable types: 65 continuous, 46 integer (46 binary)
Coefficient statistics:
  Matrix range     [5e-01, 1e+00]
  QMatrix range    [1e+00, 1e+00]
  QLMatrix range   [1e+00, 1e+00]
  Objective range  [1e+00, 1e+00]
  Bounds range     [5e-01, 1e+00]
  RHS range        [1e+00, 1e+00]

Found heuristic solution: objective -0.0000000
Presolve time: 0.00s
Presolved: 341 rows, 112 columns, 1210 nonzeros
Presolved model has 50 bilinear constraint(s)

Solving non-convex MIQCP to global optimality

Variable types: 66 continuous, 46 integer (46 binary)
Root relaxation presolve removed 50 rows and 1 columns
Root relaxation presolved: 291 rows, 111 columns, 1160 nonzeros


Root relaxation: objective 8.333333e-02, 108 iterations, 0.00 seconds (0.00 work units)

    Nodes    |    Current Node    |     Objective Bounds      |     Work
 Expl Unexpl |  Obj  Depth IntInf | Incumbent    BestBd   Gap | It/Node Time

     0     0    0.08333    0   55   -0.00000    0.08333      -     -    0s
     0     0    0.08333    0   71   -0.00000    0.08333      -     -    0s
     0     0    0.08333    0   67   -0.00000    0.08333      -     -    0s
     0     0    0.08333    0   55   -0.00000    0.08333      -     -    0s
     0     0    0.08333    0   56   -0.00000    0.08333      -     -    0s
     0     0    0.07143    0   60   -0.00000    0.07143      -     -    0s
     0     0    0.07143    0   36   -0.00000    0.07143      -     -    0s
     0     0    0.07143    0   50   -0.00000    0.07143      -     -    0s
     0     0    0.07143    0   56   -0.00000    0.07143      -     -    0s
     0     0    0.07143    0   54   -0.00000    0.07143      -     -    0s
     0     0    0.07143    0   58   -0.00000    0.07143      -     -    0s
     0     0    0.07143    0   58   -0.00000    0.07143      -     -    0s
     0     2    0.07143    0   58   -0.00000    0.07143      -     -    0s
H  562   554                       0.0000000    0.07143      -  34.6    0s
*  655   646              95       0.0000001    0.07143      -  32.9    0s
H  952   804                       0.0000003    0.07143      -  30.7    1s
H 1164   912                       0.0000003    0.06663      -  31.1    1s
H 1164   866                       0.0000007    0.06663      -  31.1    1s
H 1174   828                       0.0095306    0.05132   438%  30.8    1s
H 1174   786                       0.0106198    0.05038   374%  30.8    1s
H 1174   747                       0.0106218    0.05038   374%  30.8    1s
H 1174   709                       0.0106222    0.05038   374%  30.8    1s
H 1190   684                       0.0117995    0.04295   264%  32.4    2s
H 1192   652                       0.0126763    0.04295   239%  32.3    2s
H 1195   621                       0.0130372    0.04295   229%  32.2    2s
H 1287   658                       0.0134840    0.04295   219%  35.2    3s
  4373  1798    0.04295   50   60    0.01348    0.04295   219%  36.9    5s
H 5066  2099                       0.0134840    0.04295   219%  36.6    5s
H 6235  2311                       0.0156807    0.04295   174%  37.2    5s
H 7265  1990                       0.0213067    0.04295   102%  37.0    6s
H 7333  2040                       0.0213067    0.04295   102%  36.9    6s
 20354  5244 infeasible   56         0.02131    0.04137  94.2%  35.8   10s
 36470  8133    0.02497   64   56    0.02131    0.03835  80.0%  34.2   15s
 55165 11323    0.02251   61   65    0.02131    0.03653  71.4%  33.4   20s
 74556 14164    0.02405   66   56    0.02131    0.03514  64.9%  32.8   25s
 94492 16672     cutoff   70         0.02131    0.03394  59.3%  32.3   30s
 115791 18841    0.02298   60   55    0.02131    0.03285  54.2%  31.7   35s
 136817 21003    0.02454   74   50    0.02131    0.03198  50.1%  31.3   40s
 156850 22550    0.02154   57   57    0.02131    0.03124  46.6%  30.9   45s
 179482 24289    0.02672   65   52    0.02131    0.03056  43.4%  30.4   50s
 201424 25607    0.02266   67   52    0.02131    0.02997  40.7%  30.0   55s
 222045 27090    0.02511   68   58    0.02131    0.02947  38.3%  29.6   60s
 244536 28300    0.02205   60   53    0.02131    0.02900  36.1%  29.3   65s
 267411 29309    0.02324   55   56    0.02131    0.02851  33.8%  28.9   70s
 289779 30418    0.02453   56   59    0.02131    0.02811  31.9%  28.5   75s
 308871 31223     cutoff   67         0.02131    0.02778  30.4%  28.2   80s

Cutting planes:
  Gomory: 10
  Implied bound: 20
  MIR: 10
  Flow cover: 57
  RLT: 102
  Relax-and-lift: 2
  BQP: 39

Explored 329731 nodes (9215681 simplex iterations) in 84.51 seconds (90.55 work units)
Thread count was 4 (of 4 available processors)

Solution count 10: 0.0213067 0.0156807 0.013484 ... 0.0106218

Optimization achieved user objective limit
Best objective 2.130668712547e-02, best bound 2.742431318879e-02, gap 28.7122%
{"verdict": "PROVED", "status": "BOUND_REACHED", "runtime": 84.50597405433655, "objval": 0.021306687125469778, "objbound": 0.02742431318878699, "binaries": 46}
