Set parameter NodefileStart to value 6
Read parameters from file gurobi.env
Restricted license - for non-production use only - expires 2027-11-29
Set parameter OutputFlag to value 1
Set parameter Threads to value 4
Set parameter TimeLimit to value 360
Set parameter MIPGap to value 5e-05
Set parameter MIPFocus to value 2
Set parameter NonConvex to value 2
Set parameter BestBdStop to value 2.7426211734693878e-02
Gurobi Optimizer version 13.0.3 build v13.0.3rc0 (linux64 - "Ubuntu 24.04.5 LTS")

CPU model: AMD EPYC 9V74 80-Core Processor, instruction set [SSE2|AVX|AVX2|AVX512]
Thread count: 2 physical cores, 4 logical processors, using up to 4 threads

Non-default parameters:
TimeLimit  360
BestBdStop  2.7426211734693878e-02
MIPGap  5e-05
MIPFocus  2
NodefileStart  6
NonConvex  2
Threads  4

Optimize a model with 141 rows, 111 columns and 810 nonzeros (Max)
Model fingerprint: 0xbda6fa16
Model has 1 linear objective coefficients
Model has 50 quadratic constraints
Variable types: 65 continuous, 46 integer (46 binary)
Coefficient statistics:
  Matrix range     [5e-01, 1e+00]
  QMatrix range    [1e+00, 1e+00]
  QLMatrix range   [1e+00, 1e+00]
  Objective range  [1e+00, 1e+00]
  Bounds range     [5e-01, 1e+00]
  RHS range        [1e+00, 1e+00]

Found heuristic solution: objective -0.0000000
Presolve time: 0.00s
Presolved: 341 rows, 112 columns, 1210 nonzeros
Presolved model has 50 bilinear constraint(s)

Solving non-convex MIQCP to global optimality

Variable types: 66 continuous, 46 integer (46 binary)
Root relaxation presolve removed 50 rows and 1 columns
Root relaxation presolved: 291 rows, 111 columns, 1160 nonzeros


Root relaxation: objective 8.333333e-02, 109 iterations, 0.00 seconds (0.00 work units)

    Nodes    |    Current Node    |     Objective Bounds      |     Work
 Expl Unexpl |  Obj  Depth IntInf | Incumbent    BestBd   Gap | It/Node Time

     0     0    0.08333    0   58   -0.00000    0.08333      -     -    0s
     0     0    0.08333    0   67   -0.00000    0.08333      -     -    0s
H    0     0                       0.0000000    0.08333      -     -    0s
     0     0    0.08333    0   64    0.00000    0.08333      -     -    0s
     0     0    0.08333    0   53    0.00000    0.08333      -     -    0s
H    0     0                       0.0000000    0.08333      -     -    0s
     0     0    0.08333    0   41    0.00000    0.08333      -     -    0s
     0     0    0.08333    0   49    0.00000    0.08333      -     -    0s
     0     0    0.08333    0   44    0.00000    0.08333      -     -    0s
     0     0    0.08333    0   54    0.00000    0.08333      -     -    0s
     0     0    0.08333    0   54    0.00000    0.08333      -     -    0s
     0     0    0.08333    0   54    0.00000    0.08333      -     -    0s
     0     0    0.08333    0   54    0.00000    0.08333      -     -    0s
     0     2    0.08333    0   54    0.00000    0.08333      -     -    0s
H   33    49                       0.0000001    0.08333      -  21.8    0s
H  184   187                       0.0000002    0.08333      -  28.0    0s
H  805   731                       0.0000003    0.08333      -  25.0    0s
H  851   769                       0.0000003    0.08333      -  25.5    0s
H 1185   934                       0.0000008    0.08000      -  28.6    1s
 16056 11229    0.02274   33   54    0.00000    0.05480      -  31.2    5s
 39428 27765    0.02237   30   52    0.00000    0.04718      -  31.5   10s
 60934 43195    0.03049   35   54    0.00000    0.04488      -  31.5   15s
 83612 58739    0.00005   48   34    0.00000    0.04351      -  31.0   20s
 108783 75767    0.00000   61   36    0.00000    0.04253      -  31.0   25s
 132010 91579    0.00160   50   42    0.00000    0.04180      -  31.1   30s
 156145 108079    0.00015   66   52    0.00000    0.04126      -  31.3   35s
 178045 122931    0.00002   75   50    0.00000    0.04075      -  31.4   40s
 200072 137416     cutoff   38         0.00000    0.04019      -  31.3   45s
 225029 153881     cutoff   37         0.00000    0.03951      -  31.2   50s
 247431 168714     cutoff   73         0.00000    0.03906      -  31.1   55s
 270659 184611    0.00980   40   39    0.00000    0.03866      -  31.2   60s
 293184 200397    0.00022   52   50    0.00000    0.03840      -  31.3   65s
 316218 215349     cutoff   58         0.00000    0.03804      -  31.3   70s
 337353 229707    0.00099   52   45    0.00000    0.03778      -  31.3   75s
 360518 245168    0.00181   48   50    0.00000    0.03746      -  31.3   80s
 384208 260839    0.00034   37   50    0.00000    0.03719      -  31.3   85s
 402109 272464    0.00510   54   51    0.00000    0.03703      -  31.3   90s
 424851 286624     cutoff   58         0.00000    0.03672      -  31.2   95s
H442450 295772                       0.0000009    0.03658      -  31.2   99s
 445720 297923    0.00000   65   39    0.00000    0.03655      -  31.3  100s
 468529 312624    0.00424   48   43    0.00000    0.03632      -  31.2  105s
 491279 326818    0.00122   49   43    0.00000    0.03609      -  31.3  110s
 514477 341768    0.02136   38   52    0.00000    0.03586      -  31.3  115s
 538211 357218    0.00375   47   50    0.00000    0.03567      -  31.2  120s
 559085 370862    0.00019   50   43    0.00000    0.03552      -  31.2  125s
 583264 386260    0.00199   44   50    0.00000    0.03534      -  31.2  130s
 606121 400531    0.00000   74   27    0.00000    0.03515      -  31.2  135s
 627073 413508    0.00613   41   50    0.00000    0.03498      -  31.2  140s
 649688 428517    0.00052   44   22    0.00000    0.03484      -  31.3  145s
 673103 444427    0.00000   57   13    0.00000    0.03471      -  31.3  150s
 694882 458554    0.01503   32   57    0.00000    0.03455      -  31.3  155s
 718049 473918    0.01248   37   50    0.00000    0.03444      -  31.3  160s
 740863 488730    0.00047   56   43    0.00000    0.03428      -  31.3  165s
 761565 501490    0.00547   37   50    0.00000    0.03415      -  31.3  170s
 781450 514948    0.00261   52   52    0.00000    0.03403      -  31.3  175s
 804216 528786    0.01803   38   51    0.00000    0.03390      -  31.3  180s
 825584 542763     cutoff   51         0.00000    0.03379      -  31.4  185s
 847937 557336     cutoff   48         0.00000    0.03368      -  31.4  190s
 871778 571712    0.00599   41   37    0.00000    0.03355      -  31.4  195s
 891578 584154    0.00000   72   42    0.00000    0.03343      -  31.4  200s
 911793 597773    0.00001   55   37    0.00000    0.03335      -  31.4  205s
 933779 611205     cutoff   45         0.00000    0.03325      -  31.4  210s
 955285 625188    0.00780   39   53    0.00000    0.03315      -  31.3  215s
 978194 639096    0.00157   51   43    0.00000    0.03303      -  31.3  220s
 999811 652704    0.03269   32   52    0.00000    0.03295      -  31.3  225s
 1022754 667745    0.00014   51   50    0.00000    0.03287      -  31.4  230s
 1044986 681223    0.00000   59   40    0.00000    0.03274      -  31.3  235s
 1064932 694115    0.00844   39   50    0.00000    0.03265      -  31.3  240s
 1086962 708733    0.00001   61   31    0.00000    0.03257      -  31.4  245s
 1109098 722795    0.00048   57   44    0.00000    0.03247      -  31.4  250s
 1133100 737767     cutoff   56         0.00000    0.03237      -  31.4  255s
 1155073 751925    0.00203   55   50    0.00000    0.03228      -  31.4  260s
 1176404 766282    0.02140   32   45    0.00000    0.03222      -  31.4  265s
 1200035 781185     cutoff   61         0.00000    0.03213      -  31.4  270s
 1221764 795011    0.00325   48   51    0.00000    0.03206      -  31.4  275s
 1243779 809255    0.00010   48   43    0.00000    0.03200      -  31.4  280s
 1266670 823658    0.00044   42   37    0.00000    0.03191      -  31.4  285s
 1289168 838831    0.02041   33   54    0.00000    0.03184      -  31.4  290s
 1310940 852394    0.00000   80   32    0.00000    0.03178      -  31.3  295s
 1334608 867213    0.02221   34   57    0.00000    0.03170      -  31.4  300s
 1354469 879694    0.00059   37   34    0.00000    0.03163      -  31.4  305s
 1375308 893296    0.00001   65   34    0.00000    0.03157      -  31.4  310s
 1397399 907039    0.00588   41   50    0.00000    0.03150      -  31.4  315s
 1416837 919240    0.00094   47   52    0.00000    0.03143      -  31.4  320s
 1431424 928529    0.00001   66   43    0.00000    0.03140      -  31.4  325s
 1454108 943348    0.00501   46   43    0.00000    0.03133      -  31.4  330s
 1474897 957069    0.00052   57   45    0.00000    0.03128      -  31.4  335s
 1499119 972592     cutoff   54         0.00000    0.03121      -  31.4  340s
 1521783 987154    0.01229   44   44    0.00000    0.03115      -  31.4  345s
 1543365 1001343     cutoff   93         0.00000    0.03111      -  31.4  350s
 1566200 1015643    0.00034   59   45    0.00000    0.03104      -  31.4  355s
 1587839 1029704    0.00009   67   50    0.00000    0.03099      -  31.5  360s

Cutting planes:
  Gomory: 16
  Implied bound: 33
  MIR: 12
  Flow cover: 97
  Inf proof: 1
  RLT: 101
  Relax-and-lift: 19
  BQP: 25

Explored 1587929 nodes (49957463 simplex iterations) in 360.00 seconds (460.28 work units)
Thread count was 4 (of 4 available processors)

Solution count 9: 9.38774e-07 7.72599e-07 3.0499e-07 ... -0

Time limit reached
Best objective 9.387744567897e-07, best bound 3.099188846138e-02, gap -
{"verdict": "UNRESOLVED", "status": "TIME_LIMIT", "runtime": 360.00144815444946, "objval": 9.387744567896707e-07, "objbound": 0.030991888461384332, "binaries": 46}
