Set parameter NodefileStart to value 6
Read parameters from file gurobi.env
Restricted license - for non-production use only - expires 2027-11-29
Set parameter OutputFlag to value 1
Set parameter Threads to value 4
Set parameter TimeLimit to value 360
Set parameter MIPGap to value 5e-05
Set parameter MIPFocus to value 2
Set parameter NonConvex to value 2
Set parameter BestBdStop to value 2.7426211734693878e-02
Gurobi Optimizer version 13.0.3 build v13.0.3rc0 (linux64 - "Ubuntu 24.04.5 LTS")

CPU model: AMD EPYC 7763 64-Core Processor, instruction set [SSE2|AVX|AVX2]
Thread count: 2 physical cores, 4 logical processors, using up to 4 threads

Non-default parameters:
TimeLimit  360
BestBdStop  2.7426211734693878e-02
MIPGap  5e-05
MIPFocus  2
NodefileStart  6
NonConvex  2
Threads  4

Optimize a model with 145 rows, 115 columns and 846 nonzeros (Max)
Model fingerprint: 0x1f18e7af
Model has 1 linear objective coefficients
Model has 50 quadratic constraints
Variable types: 65 continuous, 50 integer (50 binary)
Coefficient statistics:
  Matrix range     [5e-01, 1e+00]
  QMatrix range    [1e+00, 1e+00]
  QLMatrix range   [1e+00, 1e+00]
  Objective range  [1e+00, 1e+00]
  Bounds range     [5e-01, 1e+00]
  RHS range        [1e+00, 1e+00]

Found heuristic solution: objective -0.0000000
Presolve time: 0.00s
Presolved: 345 rows, 116 columns, 1246 nonzeros
Presolved model has 50 bilinear constraint(s)

Solving non-convex MIQCP to global optimality

Variable types: 66 continuous, 50 integer (50 binary)
Root relaxation presolve removed 50 rows and 1 columns
Root relaxation presolved: 295 rows, 115 columns, 1196 nonzeros


Root relaxation: objective 8.333333e-02, 116 iterations, 0.00 seconds (0.00 work units)

    Nodes    |    Current Node    |     Objective Bounds      |     Work
 Expl Unexpl |  Obj  Depth IntInf | Incumbent    BestBd   Gap | It/Node Time

     0     0    0.08333    0   50   -0.00000    0.08333      -     -    0s
     0     0    0.07407    0   64   -0.00000    0.07407      -     -    0s
     0     0    0.06250    0   56   -0.00000    0.06250      -     -    0s
     0     0    0.06250    0   52   -0.00000    0.06250      -     -    0s
     0     0    0.06250    0   48   -0.00000    0.06250      -     -    0s
     0     0    0.06250    0   54   -0.00000    0.06250      -     -    0s
     0     0    0.06250    0   57   -0.00000    0.06250      -     -    0s
     0     0    0.06250    0   44   -0.00000    0.06250      -     -    0s
     0     0    0.06250    0   50   -0.00000    0.06250      -     -    0s
     0     0    0.06250    0   56   -0.00000    0.06250      -     -    0s
     0     0    0.06250    0   56   -0.00000    0.06250      -     -    0s
H    0     0                       0.0000000    0.06250      -     -    0s
     0     2    0.06250    0   56    0.00000    0.06250      -     -    0s
H   44    85                       0.0000003    0.06250      -  16.4    0s
H   64    85                       0.0000003    0.06250      -  18.3    0s
H   74    85                       0.0000004    0.06250      -  19.3    0s
H 1217   985                       0.0006083    0.03169  5110%  30.3    1s
H 1217   936                       0.0006083    0.03125  5037%  30.3    1s
H 1221   890                       0.0006117    0.02934  4696%  30.2    1s
H 1223   847                       0.0006490    0.02879  4336%  30.2    1s
H 1223   804                       0.0010134    0.02879  2741%  30.2    1s

Cutting planes:
  Gomory: 14
  Implied bound: 5
  MIR: 1
  Flow cover: 7
  RLT: 50
  Relax-and-lift: 4
  BQP: 7

Explored 1227 nodes (39802 simplex iterations) in 2.07 seconds (1.28 work units)
Thread count was 4 (of 4 available processors)

Solution count 9: 0.00101341 0.000649032 0.000611706 ... -0

Optimization achieved user objective limit
Best objective 1.013410566580e-03, best bound 2.700423793933e-02, gap 2564.6888%
{"verdict": "PROVED", "status": "BOUND_REACHED", "runtime": 2.067383050918579, "objval": 0.0010134105665804598, "objbound": 0.027004237939332435, "binaries": 50}
