Set parameter NodefileStart to value 6
Read parameters from file gurobi.env
Restricted license - for non-production use only - expires 2027-11-29
Set parameter OutputFlag to value 1
Set parameter Threads to value 4
Set parameter TimeLimit to value 360
Set parameter MIPGap to value 5e-05
Set parameter MIPFocus to value 2
Set parameter NonConvex to value 2
Set parameter BestBdStop to value 2.7426211734693878e-02
Gurobi Optimizer version 13.0.3 build v13.0.3rc0 (linux64 - "Ubuntu 24.04.5 LTS")

CPU model: AMD EPYC 7763 64-Core Processor, instruction set [SSE2|AVX|AVX2]
Thread count: 2 physical cores, 4 logical processors, using up to 4 threads

Non-default parameters:
TimeLimit  360
BestBdStop  2.7426211734693878e-02
MIPGap  5e-05
MIPFocus  2
NodefileStart  6
NonConvex  2
Threads  4

Optimize a model with 133 rows, 103 columns and 742 nonzeros (Max)
Model fingerprint: 0x72ecb4d6
Model has 1 linear objective coefficients
Model has 50 quadratic constraints
Variable types: 65 continuous, 38 integer (38 binary)
Coefficient statistics:
  Matrix range     [5e-01, 1e+00]
  QMatrix range    [1e+00, 1e+00]
  QLMatrix range   [1e+00, 1e+00]
  Objective range  [1e+00, 1e+00]
  Bounds range     [5e-01, 1e+00]
  RHS range        [1e+00, 1e+00]

Found heuristic solution: objective -0.0000000
Presolve time: 0.00s
Presolved: 333 rows, 104 columns, 1142 nonzeros
Presolved model has 50 bilinear constraint(s)

Solving non-convex MIQCP to global optimality

Variable types: 66 continuous, 38 integer (38 binary)
Root relaxation presolve removed 50 rows and 1 columns
Root relaxation presolved: 283 rows, 103 columns, 1092 nonzeros


Root relaxation: objective 1.250000e-01, 116 iterations, 0.00 seconds (0.00 work units)

    Nodes    |    Current Node    |     Objective Bounds      |     Work
 Expl Unexpl |  Obj  Depth IntInf | Incumbent    BestBd   Gap | It/Node Time

     0     0    0.12500    0   50   -0.00000    0.12500      -     -    0s
     0     0    0.10000    0   54   -0.00000    0.10000      -     -    0s
     0     0    0.10000    0   56   -0.00000    0.10000      -     -    0s
     0     0    0.10000    0   45   -0.00000    0.10000      -     -    0s
     0     0    0.10000    0   43   -0.00000    0.10000      -     -    0s
     0     0    0.10000    0   43   -0.00000    0.10000      -     -    0s
     0     2    0.10000    0   43   -0.00000    0.10000      -     -    0s
*  707   652              99       0.0000001    0.07489      -  17.6    0s
*  711   652             101       0.0000002    0.07489      -  17.5    0s
H 1338  1081                       0.0000002    0.07359      -  22.9    1s
H 1358  1028                       0.0000003    0.07359      -  23.0    1s
* 1842  1266             105       0.0000004    0.07359      -  19.6    1s
* 1843  1224             105       0.0000004    0.07359      -  19.5    1s
* 1845  1184             104       0.0000004    0.07359      -  19.5    1s
* 1846  1146             104       0.0000004    0.07359      -  19.5    1s
H 1915  1152                       0.0000007    0.07359      -  19.5    1s
H 1941  1106                       0.0000008    0.07359      -  19.5    1s
H 3029  1614                       0.0000008    0.06213      -  20.0    1s
H 7564  5337                       0.0000008    0.05235      -  21.4    3s
* 9075  6365              70       0.0000009    0.05082      -  21.3    3s
 17420 11598    0.00007   62   35    0.00000    0.04472      -  23.8    5s
H18040 11908                       0.0000009    0.04440      -  23.9    5s
H20018 13057                       0.0000009    0.04418      -  24.1    5s
 38351 24457    0.02801   30   53    0.00000    0.03984      -  24.2   10s
*46769 30216             105       0.0000009    0.03872      -  24.0   11s
H53972 35176                       0.0000009    0.03787      -  23.9   13s
 61163 39853    0.00099   46   50    0.00000    0.03689      -  23.7   15s
 88266 58548    0.00083   55   51    0.00000    0.03573      -  23.6   20s
*96706 63945              96       0.0000010    0.03542      -  23.5   21s
 111347 73867     cutoff   68         0.00000    0.03503      -  23.6   25s
 135921 90761    0.00002   72   30    0.00000    0.03443      -  23.8   30s
 157094 105097    0.00026   64   50    0.00000    0.03414      -  23.9   35s
 183920 122448    0.00153   54   50    0.00000    0.03376      -  23.9   40s
 207355 138577    0.00001  101   32    0.00000    0.03351      -  24.1   45s
 228567 152579    0.00024   65   51    0.00000    0.03325      -  24.3   50s
 253813 169382    0.00464   43   45    0.00000    0.03308      -  24.3   55s
 275858 184287    0.00001   86   46    0.00000    0.03292      -  24.6   60s
 298519 199182    0.00000   84   30    0.00000    0.03278      -  24.6   65s
 322988 215580     cutoff   79         0.00000    0.03267      -  24.7   70s
 345817 230308    0.01318   44   43    0.00000    0.03258      -  24.8   75s
H366727 243871                       0.0000010    0.03249      -  24.8   79s
H367980 244045                       0.0000010    0.03249      -  24.8   79s
H367982 240533                       0.0000012    0.03249      -  24.8   79s
H369092 241591                       0.0000012    0.03249      -  24.8   80s
 392474 257144    0.01616   45   53    0.00000    0.03240      -  24.8   85s
 416320 272867    0.00145   50   50    0.00000    0.03229      -  24.9   90s
 441007 289844    0.00001   78   32    0.00000    0.03222      -  24.8   95s
 464211 304542     cutoff   69         0.00000    0.03216      -  24.8  100s
 484768 318421    0.00008   80   50    0.00000    0.03212      -  24.8  105s
 509867 334864    0.00000  110   39    0.00000    0.03204      -  24.8  110s
 534497 351204    0.00002   94   35    0.00000    0.03196      -  24.9  115s
 558303 366333    0.00058   67   50    0.00000    0.03188      -  24.9  120s
 584348 381882    0.03107   31   55    0.00000    0.03179      -  24.9  125s
 606004 396035     cutoff   42         0.00000    0.03172      -  24.9  130s
 629631 411537    0.02270   44   51    0.00000    0.03166      -  25.0  135s
 654556 427742    0.00006   67   41    0.00000    0.03158      -  25.0  140s
 676962 442698    0.01961   46   44    0.00000    0.03153      -  25.0  145s
 702297 459174     cutoff  122         0.00000    0.03148      -  25.0  150s
 724160 474092    0.00942   45   50    0.00000    0.03144      -  25.0  155s
 748039 490218    0.00003   92   45    0.00000    0.03138      -  25.0  160s
 773115 507137     cutoff   79         0.00000    0.03132      -  25.0  165s
 797319 523039    0.00011   69   44    0.00000    0.03126      -  25.0  170s
 822437 539258     cutoff   85         0.00000    0.03120      -  25.0  175s
 844943 554236    0.01151   45   42    0.00000    0.03113      -  25.0  180s
 869380 570145     cutoff   73         0.00000    0.03108      -  25.0  185s
 891674 586193    0.00203   59   50    0.00000    0.03106      -  25.1  190s
 912551 601999    0.00040   70   45    0.00000    0.03106      -  25.2  195s
 936345 619235    0.00003   79   49    0.00000    0.03106      -  25.3  200s
 958807 634454    0.00000   87   27    0.00000    0.03103      -  25.3  205s
 981039 650267    0.03084   31   54    0.00000    0.03100      -  25.3  210s
 997890 662627     cutoff   97         0.00000    0.03099      -  25.4  215s
 1021845 679433     cutoff  110         0.00000    0.03097      -  25.4  220s
 1045560 695471    0.00043   52   43    0.00000    0.03093      -  25.4  225s
 1069221 711523    0.02078   33   44    0.00000    0.03089      -  25.4  230s
 1092730 727476    0.00001   90   41    0.00000    0.03085      -  25.4  235s
 1116928 743949    0.00388   49   53    0.00000    0.03081      -  25.4  240s
 1137425 757597    0.00275   54   50    0.00000    0.03078      -  25.4  245s
 1161521 774075    0.00062   66   50    0.00000    0.03074      -  25.4  250s
 1186998 790128    0.02282   36   51    0.00000    0.03068      -  25.4  255s
 1211310 806969    0.00015   81   50    0.00000    0.03064      -  25.5  260s
 1234120 822351    0.00686   40   45    0.00000    0.03060      -  25.5  265s
 1254482 835426    0.00187   38   51    0.00000    0.03057      -  25.5  270s
H1257111 833016                       0.0000013    0.03057      -  25.5  270s
 1276835 845637    0.00229   55   51    0.00000    0.03052      -  25.5  275s
 1301519 861800    0.00000   86   42    0.00000    0.03048      -  25.5  280s
 1326094 878046     cutoff   48         0.00000    0.03044      -  25.5  285s
 1349153 892640    0.01938   39   54    0.00000    0.03039      -  25.5  290s
 1371834 907462    0.00392   49   51    0.00000    0.03036      -  25.6  295s
 1392430 921413     cutoff   84         0.00000    0.03032      -  25.6  300s
 1414169 934726    0.00151   51   44    0.00000    0.03028      -  25.6  305s
 1439196 951075    0.00013   68   37    0.00000    0.03026      -  25.6  310s
 1462615 966400     cutoff   72         0.00000    0.03022      -  25.6  315s
 1480869 978308    0.00000  108   25    0.00000    0.03019      -  25.6  320s
 1499091 990855     cutoff  111         0.00000    0.03016      -  25.6  325s
 1521480 1006803     cutoff  107         0.00000    0.03015      -  25.7  330s
 1545916 1022779    0.00000  101   29    0.00000    0.03012      -  25.7  335s
 1569883 1038819    0.00001   87   39    0.00000    0.03009      -  25.7  340s
 1594348 1055038     cutoff   67         0.00000    0.03005      -  25.7  345s
 1618333 1070493    0.00947   46   50    0.00000    0.03002      -  25.7  350s
 1640730 1085493    0.00058   65   43    0.00000    0.02999      -  25.7  355s
 1663815 1100495    0.00830   37   43    0.00000    0.02996      -  25.7  360s

Cutting planes:
  Gomory: 12
  MIR: 1
  Flow cover: 5
  RLT: 40
  BQP: 16

Explored 1664173 nodes (42698077 simplex iterations) in 360.00 seconds (346.64 work units)
Thread count was 4 (of 4 available processors)

Solution count 10: 1.34621e-06 1.23773e-06 9.86994e-07 ... 8.0941e-07

Time limit reached
Best objective 1.346206291171e-06, best bound 2.995773515640e-02, gap 2225245.0569%
{"verdict": "UNRESOLVED", "status": "TIME_LIMIT", "runtime": 360.0029499530792, "objval": 1.3462062911709372e-06, "objbound": 0.029957735156404645, "binaries": 38}
