Set parameter NodefileStart to value 6
Read parameters from file gurobi.env
Restricted license - for non-production use only - expires 2027-11-29
Set parameter OutputFlag to value 1
Set parameter Threads to value 4
Set parameter TimeLimit to value 360
Set parameter MIPGap to value 5e-05
Set parameter MIPFocus to value 2
Set parameter NonConvex to value 2
Set parameter BestBdStop to value 2.7426211734693878e-02
Gurobi Optimizer version 13.0.3 build v13.0.3rc0 (linux64 - "Ubuntu 24.04.5 LTS")

CPU model: AMD EPYC 7763 64-Core Processor, instruction set [SSE2|AVX|AVX2]
Thread count: 2 physical cores, 4 logical processors, using up to 4 threads

Non-default parameters:
TimeLimit  360
BestBdStop  2.7426211734693878e-02
MIPGap  5e-05
MIPFocus  2
NodefileStart  6
NonConvex  2
Threads  4

Optimize a model with 133 rows, 103 columns and 742 nonzeros (Max)
Model fingerprint: 0x252c8308
Model has 1 linear objective coefficients
Model has 50 quadratic constraints
Variable types: 65 continuous, 38 integer (38 binary)
Coefficient statistics:
  Matrix range     [5e-01, 1e+00]
  QMatrix range    [1e+00, 1e+00]
  QLMatrix range   [1e+00, 1e+00]
  Objective range  [1e+00, 1e+00]
  Bounds range     [5e-01, 1e+00]
  RHS range        [1e+00, 1e+00]

Found heuristic solution: objective -0.0000000
Presolve time: 0.00s
Presolved: 333 rows, 104 columns, 1142 nonzeros
Presolved model has 50 bilinear constraint(s)

Solving non-convex MIQCP to global optimality

Variable types: 66 continuous, 38 integer (38 binary)
Root relaxation presolve removed 66 rows and 9 columns
Root relaxation presolved: 267 rows, 95 columns, 996 nonzeros


Root relaxation: objective 1.000000e-01, 107 iterations, 0.00 seconds (0.00 work units)

    Nodes    |    Current Node    |     Objective Bounds      |     Work
 Expl Unexpl |  Obj  Depth IntInf | Incumbent    BestBd   Gap | It/Node Time

     0     0    0.10000    0   50   -0.00000    0.10000      -     -    0s
     0     0    0.07692    0   52   -0.00000    0.07692      -     -    0s
     0     0    0.07692    0   57   -0.00000    0.07692      -     -    0s
     0     0    0.07692    0   73   -0.00000    0.07692      -     -    0s
H    0     0                       0.0000002    0.07692      -     -    0s
     0     0    0.07143    0   71    0.00000    0.07143      -     -    0s
     0     0    0.07143    0   68    0.00000    0.07143      -     -    0s
     0     0    0.07143    0   67    0.00000    0.07143      -     -    0s
     0     0    0.07143    0   57    0.00000    0.07143      -     -    0s
     0     0    0.07143    0   71    0.00000    0.07143      -     -    0s
     0     0    0.07017    0   70    0.00000    0.07017      -     -    0s
     0     0    0.07010    0   63    0.00000    0.07010      -     -    0s
     0     0    0.07010    0   63    0.00000    0.07010      -     -    0s
     0     0    0.07010    0   64    0.00000    0.07010      -     -    0s
     0     0    0.07010    0   64    0.00000    0.07010      -     -    0s
     0     0    0.07010    0   61    0.00000    0.07010      -     -    0s
     0     0    0.06977    0   62    0.00000    0.06977      -     -    0s
     0     0    0.06977    0   62    0.00000    0.06977      -     -    0s
     0     0    0.06977    0   62    0.00000    0.06977      -     -    0s
     0     0    0.06977    0   62    0.00000    0.06977      -     -    0s
     0     0    0.06977    0   62    0.00000    0.06977      -     -    0s
     0     2    0.06977    0   60    0.00000    0.06977      -     -    0s
H 1262  1007                       0.0000004    0.06977      -  25.4    1s
H 1262  1007                       0.0000004    0.06977      -  25.4    1s
H 1273   964                       0.0000007    0.06977      -  25.2    1s
H 1518  1107                       0.0000008    0.06689      -  28.1    1s
* 1860  1249              97       0.0000014    0.06313      -  26.8    2s
* 1950  1219             101       0.0000015    0.06313      -  26.2    2s
* 1954  1176             102       0.0000015    0.06313      -  26.2    2s
* 1956  1136             100       0.0000015    0.06313      -  26.2    2s
 14003  9395     cutoff   44         0.00000    0.04729      -  23.9    5s
 31243 20050    0.02837   28   52    0.00000    0.04421      -  24.7   10s
 53573 34037    0.00032   49   50    0.00000    0.04164      -  25.2   15s
 77215 49341    0.00765   38   38    0.00000    0.04019      -  25.2   20s
 97987 62518    0.00807   42   37    0.00000    0.03946      -  24.8   25s
 118094 75628    0.02372   35   53    0.00000    0.03899      -  24.7   30s
*129459 82014              76       0.0000017    0.03878      -  24.8   32s
 138817 88438    0.00406   53   50    0.00000    0.03855      -  24.8   35s
 162229 102849    0.01964   36   45    0.00000    0.03803      -  24.9   40s
 184113 116432    0.01563   38   44    0.00000    0.03760      -  24.9   45s
 205919 130353    0.00006   80   37    0.00000    0.03732      -  25.1   50s
 227274 143735    0.00570   40   50    0.00000    0.03706      -  25.2   55s
 249600 157611    0.00001   72   26    0.00000    0.03682      -  25.4   60s
 268958 169306    0.00268   42   38    0.00000    0.03668      -  25.5   65s
 288263 183463     cutoff   47         0.00000    0.03660      -  25.7   70s
 307078 195705    0.00016   57   50    0.00000    0.03652      -  25.9   75s
 328331 208792    0.00506   38   44    0.00000    0.03641      -  26.2   80s
 348473 222406    0.00001   90   49    0.00000    0.03632      -  26.5   85s
 369195 234716    0.00087   48   50    0.00000    0.03621      -  26.6   90s
 390185 247526    0.00016   62   32    0.00000    0.03608      -  26.7   95s
 410968 260082 infeasible   44         0.00000    0.03593      -  26.8  100s
 430472 272073    0.00067   54   44    0.00000    0.03580      -  26.9  105s
 449547 283450    0.00001   64   42    0.00000    0.03568      -  26.9  110s
 465626 293351     cutoff   47         0.00000    0.03560      -  27.0  115s
 487330 306163     cutoff   45         0.00000    0.03548      -  27.1  120s
 507343 318393    0.00039   53   50    0.00000    0.03538      -  27.1  125s
 527370 330734     cutoff   50         0.00000    0.03529      -  27.2  130s
 547408 343019    0.00293   43   50    0.00000    0.03520      -  27.3  135s
 566407 355722    0.00000   71   44    0.00000    0.03514      -  27.4  140s
 587016 368253    0.00008   55   50    0.00000    0.03507      -  27.4  145s
 607566 381168    0.00063   53   32    0.00000    0.03499      -  27.4  150s
 628259 394050     cutoff   86         0.00000    0.03492      -  27.5  155s
 649549 406703    0.00000   88   39    0.00000    0.03484      -  27.5  160s
 671379 420171    0.03176   35   56    0.00000    0.03475      -  27.5  165s
 692361 433124     cutoff   48         0.00000    0.03469      -  27.5  170s
 708400 441887    0.01269   39   52    0.00000    0.03463      -  27.6  175s
 729235 454656    0.00040   60   43    0.00000    0.03453      -  27.6  180s
 750597 467514    0.02087   32   52    0.00000    0.03445      -  27.6  185s
 771255 479615    0.00140   51   50    0.00000    0.03436      -  27.7  190s
 791869 492080     cutoff   48         0.00000    0.03427      -  27.7  195s
 812799 505153    0.00073   48   44    0.00000    0.03421      -  27.7  200s
 830808 516107    0.02531   36   50    0.00000    0.03416      -  27.7  205s
 852653 529449    0.00005   75   50    0.00000    0.03408      -  27.8  210s
 873675 541809    0.00018   64   50    0.00000    0.03400      -  27.8  215s
 893640 554121    0.02234   39   50    0.00000    0.03395      -  27.8  220s
 914460 566573    0.01553   44   51    0.00000    0.03389      -  27.8  225s
 936842 581094    0.01129   40   50    0.00000    0.03385      -  27.8  230s
 951510 589906    0.01905   43   51    0.00000    0.03381      -  27.8  235s
 958676 594632    0.00001   94   43    0.00000    0.03379      -  27.8  240s
 980869 607393    0.00210   56   43    0.00000    0.03373      -  27.8  245s
 998574 617686    0.00270   50   27    0.00000    0.03368      -  27.8  250s
 1018878 631118    0.01290   39   50    0.00000    0.03365      -  27.9  255s
 1039870 646439    0.00098   50   44    0.00000    0.03360      -  27.9  260s
 1061292 656753    0.00767   45   50    0.00000    0.03353      -  27.9  265s
 1081137 668996    0.00181   43   51    0.00000    0.03348      -  27.9  270s
 1102347 681909     cutoff   54         0.00000    0.03343      -  27.9  275s
 1122906 694648    0.00735   45   52    0.00000    0.03338      -  27.9  280s
 1142248 705952    0.00202   44   44    0.00000    0.03334      -  27.9  285s
 1162590 718453    0.00003   66   43    0.00000    0.03330      -  27.9  290s
 1182735 730540    0.02239   42   52    0.00000    0.03325      -  27.9  295s
 1203106 742969     cutoff   61         0.00000    0.03320      -  27.9  300s
 1225516 756481    0.00000   82   22    0.00000    0.03314      -  27.9  305s
 1245519 768983    0.00009   59   44    0.00000    0.03310      -  28.0  310s
 1266198 781641    0.00285   47   50    0.00000    0.03305      -  28.0  315s
 1287063 793852    0.00550   42   56    0.00000    0.03300      -  28.0  320s
 1306953 805695    0.01685   39   51    0.00000    0.03296      -  27.9  325s
 1327103 817171    0.01105   42   52    0.00000    0.03291      -  28.0  330s
 1347505 829486    0.00002   71   50    0.00000    0.03287      -  28.0  335s
 1368401 842166    0.03110   35   51    0.00000    0.03283      -  28.0  340s
 1388852 854572    0.00001   68   43    0.00000    0.03279      -  28.0  345s
 1411238 867483    0.00003   51   50    0.00000    0.03274      -  28.0  350s
 1431380 879531    0.00303   47   44    0.00000    0.03271      -  28.0  355s
 1449121 890177    0.00355   38   44    0.00000    0.03268      -  28.0  360s

Cutting planes:
  Gomory: 23
  Lift-and-project: 7
  Implied bound: 20
  MIR: 5
  Mixing: 2
  Flow cover: 47
  Inf proof: 3
  RLT: 82
  Relax-and-lift: 20
  BQP: 34

Explored 1449506 nodes (40597867 simplex iterations) in 360.00 seconds (371.38 work units)
Thread count was 4 (of 4 available processors)

Solution count 10: 1.71003e-06 1.53512e-06 1.51841e-06 ... 1.61067e-07

Time limit reached
Best objective 1.710029090876e-06, best bound 3.267708476131e-02, gap 1910808.1205%
{"verdict": "UNRESOLVED", "status": "TIME_LIMIT", "runtime": 360.0033710002899, "objval": 1.710029090876364e-06, "objbound": 0.03267708476131236, "binaries": 38}
