Set parameter NodefileStart to value 6
Read parameters from file gurobi.env
Restricted license - for non-production use only - expires 2027-11-29
Set parameter OutputFlag to value 1
Set parameter Threads to value 4
Set parameter TimeLimit to value 360
Set parameter MIPGap to value 5e-05
Set parameter MIPFocus to value 2
Set parameter NonConvex to value 2
Set parameter BestBdStop to value 2.7426211734693878e-02
Gurobi Optimizer version 13.0.3 build v13.0.3rc0 (linux64 - "Ubuntu 24.04.5 LTS")

CPU model: AMD EPYC 7763 64-Core Processor, instruction set [SSE2|AVX|AVX2]
Thread count: 2 physical cores, 4 logical processors, using up to 4 threads

Non-default parameters:
TimeLimit  360
BestBdStop  2.7426211734693878e-02
MIPGap  5e-05
MIPFocus  2
NodefileStart  6
NonConvex  2
Threads  4

Optimize a model with 129 rows, 99 columns and 714 nonzeros (Max)
Model fingerprint: 0x37adb698
Model has 1 linear objective coefficients
Model has 50 quadratic constraints
Variable types: 65 continuous, 34 integer (34 binary)
Coefficient statistics:
  Matrix range     [5e-01, 1e+00]
  QMatrix range    [1e+00, 1e+00]
  QLMatrix range   [1e+00, 1e+00]
  Objective range  [1e+00, 1e+00]
  Bounds range     [5e-01, 1e+00]
  RHS range        [1e+00, 1e+00]

Found heuristic solution: objective -0.0000000
Presolve time: 0.00s
Presolved: 329 rows, 100 columns, 1114 nonzeros
Presolved model has 50 bilinear constraint(s)

Solving non-convex MIQCP to global optimality

Variable types: 66 continuous, 34 integer (34 binary)
Root relaxation presolve removed 50 rows and 1 columns
Root relaxation presolved: 279 rows, 99 columns, 1064 nonzeros


Root relaxation: objective 1.153846e-01, 123 iterations, 0.00 seconds (0.00 work units)

    Nodes    |    Current Node    |     Objective Bounds      |     Work
 Expl Unexpl |  Obj  Depth IntInf | Incumbent    BestBd   Gap | It/Node Time

     0     0    0.11538    0   57   -0.00000    0.11538      -     -    0s
     0     0    0.09091    0   60   -0.00000    0.09091      -     -    0s
     0     0    0.08333    0   55   -0.00000    0.08333      -     -    0s
     0     0    0.08333    0   55   -0.00000    0.08333      -     -    0s
     0     0    0.08333    0   46   -0.00000    0.08333      -     -    0s
     0     0    0.08333    0   40   -0.00000    0.08333      -     -    0s
     0     0    0.08333    0   43   -0.00000    0.08333      -     -    0s
     0     0    0.08333    0   42   -0.00000    0.08333      -     -    0s
     0     0    0.08333    0   55   -0.00000    0.08333      -     -    0s
     0     0    0.08333    0   42   -0.00000    0.08333      -     -    0s
     0     0    0.08333    0   45   -0.00000    0.08333      -     -    0s
     0     0    0.08333    0   45   -0.00000    0.08333      -     -    0s
     0     2    0.08333    0   45   -0.00000    0.08333      -     -    0s
H  465   437                       0.0000000    0.08333      -  33.7    0s
*  604   577              77       0.0000000    0.07692      -  29.8    0s
H 1238   957                       0.0000000    0.07692      -  29.5    1s
H 1242   911                       0.0000002    0.07692      -  29.4    1s
* 3763  1991              57       0.0000002    0.03020      -  26.5    2s
H 3788  1941                       0.0000003    0.03020      -  26.5    2s

Cutting planes:
  Gomory: 7
  Lift-and-project: 1
  Flow cover: 3
  RLT: 31
  BQP: 10

Explored 5529 nodes (134825 simplex iterations) in 3.01 seconds (2.35 work units)
Thread count was 4 (of 4 available processors)

Solution count 6: 2.85227e-07 2.25653e-07 2.01141e-07 ... -0

Optimization achieved user objective limit
Best objective 2.852274294002e-07, best bound 2.656729487675e-02, gap -
{"verdict": "PROVED", "status": "BOUND_REACHED", "runtime": 3.0090649127960205, "objval": 2.852274294002268e-07, "objbound": 0.026567294876746604, "binaries": 34}
