Set parameter NodefileStart to value 6
Read parameters from file gurobi.env
Restricted license - for non-production use only - expires 2027-11-29
Set parameter OutputFlag to value 1
Set parameter Threads to value 4
Set parameter TimeLimit to value 360
Set parameter MIPGap to value 5e-05
Set parameter MIPFocus to value 2
Set parameter NonConvex to value 2
Set parameter BestBdStop to value 2.7426211734693878e-02
Gurobi Optimizer version 13.0.3 build v13.0.3rc0 (linux64 - "Ubuntu 24.04.5 LTS")

CPU model: INTEL(R) XEON(R) PLATINUM 8573C, instruction set [SSE2|AVX|AVX2|AVX512]
Thread count: 2 physical cores, 4 logical processors, using up to 4 threads

Non-default parameters:
TimeLimit  360
BestBdStop  2.7426211734693878e-02
MIPGap  5e-05
MIPFocus  2
NodefileStart  6
NonConvex  2
Threads  4

Optimize a model with 141 rows, 111 columns and 810 nonzeros (Max)
Model fingerprint: 0x62627a6c
Model has 1 linear objective coefficients
Model has 50 quadratic constraints
Variable types: 65 continuous, 46 integer (46 binary)
Coefficient statistics:
  Matrix range     [5e-01, 1e+00]
  QMatrix range    [1e+00, 1e+00]
  QLMatrix range   [1e+00, 1e+00]
  Objective range  [1e+00, 1e+00]
  Bounds range     [5e-01, 1e+00]
  RHS range        [1e+00, 1e+00]

Found heuristic solution: objective -0.0000000
Presolve time: 0.00s
Presolved: 341 rows, 112 columns, 1210 nonzeros
Presolved model has 50 bilinear constraint(s)

Solving non-convex MIQCP to global optimality

Variable types: 66 continuous, 46 integer (46 binary)
Root relaxation presolve removed 50 rows and 1 columns
Root relaxation presolved: 291 rows, 111 columns, 1160 nonzeros


Root relaxation: objective 8.333333e-02, 119 iterations, 0.00 seconds (0.00 work units)

    Nodes    |    Current Node    |     Objective Bounds      |     Work
 Expl Unexpl |  Obj  Depth IntInf | Incumbent    BestBd   Gap | It/Node Time

     0     0    0.08333    0   50   -0.00000    0.08333      -     -    0s
     0     0    0.07143    0   53   -0.00000    0.07143      -     -    0s
     0     0    0.07143    0   59   -0.00000    0.07143      -     -    0s
     0     0    0.07143    0   53   -0.00000    0.07143      -     -    0s
     0     0    0.07143    0   53   -0.00000    0.07143      -     -    0s
     0     0    0.07143    0   49   -0.00000    0.07143      -     -    0s
     0     0    0.07143    0   50   -0.00000    0.07143      -     -    0s
     0     0    0.07143    0   50   -0.00000    0.07143      -     -    0s
     0     2    0.07143    0   50   -0.00000    0.07143      -     -    0s
*  420   423              69       0.0000001    0.07143      -  15.3    1s
*  831   743              74       0.0000001    0.07143      -  17.5    1s
H 1101   910                       0.0000007    0.07143      -  19.7    1s
H 1116   873                       0.0070592    0.06379   804%  19.5    1s
* 1947  1339             123       0.0096147    0.06379   563%  19.7    2s
* 1951  1295             123       0.0096149    0.06379   563%  19.7    2s
* 1952  1255             123       0.0096151    0.06379   563%  19.7    2s
* 1959  1216             123       0.0096152    0.06379   563%  19.6    2s
* 1960  1179             123       0.0096154    0.06379   563%  19.6    2s
* 1965  1144             123       0.0096156    0.06379   563%  19.6    2s
* 1966  1110             123       0.0096158    0.06379   563%  19.6    2s
H 1979   814                       0.0154520    0.06379   313%  19.7    2s
H 3029  1070                       0.0161307    0.06379   295%  23.4    2s
H 3138  1113                       0.0161307    0.06379   295%  23.8    2s
H 3513  1296                       0.0161307    0.06349   294%  25.1    2s
H 6642  2672                       0.0161307    0.05783   258%  28.2    3s
H 8118  3180                       0.0161308    0.05555   244%  28.8    4s
  9682  3898    0.03600   28   60    0.01613    0.05408   235%  29.0    5s
H10826  4129                       0.0161309    0.05323   230%  29.0    5s
H11040  4249                       0.0161311    0.05300   229%  29.0    5s
 25808  9406    0.01689   29   53    0.01613    0.04755   195%  27.7   10s
 44119 15733    0.01668   40   45    0.01613    0.04457   176%  26.9   15s
 64996 22957 infeasible   28         0.01613    0.04272   165%  26.3   20s
H75729 25350                       0.0167957    0.04203   150%  26.2   22s
H75878 25461                       0.0167957    0.04201   150%  26.2   22s
H76106 25461                       0.0167957    0.04201   150%  26.2   22s
 80808 26995    0.03043   33   55    0.01680    0.04170   148%  26.2   25s
 98851 32100    0.03347   32   52    0.01680    0.04074   143%  26.0   30s
 121460 39370    0.01716   40   37    0.01680    0.03979   137%  25.9   35s
 142196 45910     cutoff   37         0.01680    0.03917   133%  25.7   40s
 158499 50989    0.03783   36   56    0.01680    0.03880   131%  25.7   45s
*160856 49342             133       0.0180426    0.03876   115%  25.6   45s
H161874 48868                       0.0183238    0.03872   111%  25.6   46s
H162212 48895                       0.0183712    0.03871   111%  25.5   46s
H162337 46471                       0.0193381    0.03871   100%  25.5   46s
H163068 45622                       0.0197831    0.03869  95.6%  25.5   46s
H164264 45577                       0.0199045    0.03866  94.2%  25.5   46s
H165271 44644                       0.0203577    0.03865  89.8%  25.5   47s
H166561 42339                       0.0213137    0.03862  81.2%  25.5   47s
H166567 41696                       0.0214812    0.03862  79.8%  25.5   47s
H167910 40379                       0.0219249    0.03858  76.0%  25.5   47s
H169140 40468                       0.0219813    0.03855  75.4%  25.6   48s
H170392 40480                       0.0220595    0.03853  74.7%  25.5   49s
H171435 40679                       0.0220736    0.03849  74.4%  25.5   49s
 172569 40874    0.02496   34   52    0.02207    0.03846  74.2%  25.5   50s
 188936 44382    0.02727   31   57    0.02207    0.03810  72.6%  25.5   55s
 207459 47776     cutoff   34         0.02207    0.03770  70.8%  25.4   60s
 229232 51788    0.02613   40   45    0.02207    0.03726  68.8%  25.3   65s
 250096 55219    0.02902   37   55    0.02207    0.03688  67.1%  25.2   70s
 269592 58450     cutoff   48         0.02207    0.03657  65.7%  25.1   75s
 286255 61269    0.02386   35   48    0.02207    0.03630  64.4%  25.1   80s
H304004 63898                       0.0221662    0.03601  62.5%  25.0   84s
 305093 64014    0.02321   38   53    0.02217    0.03600  62.4%  25.0   85s
 324950 67089    0.02882   32   54    0.02217    0.03573  61.2%  24.9   90s
 346307 70338    0.02546   36   53    0.02217    0.03548  60.1%  24.9   95s
 366685 73260    0.02822   34   56    0.02217    0.03524  59.0%  24.8  100s
 387123 76416     cutoff   34         0.02217    0.03503  58.0%  24.7  105s
 408054 79259 infeasible   40         0.02217    0.03480  57.0%  24.7  110s
 428391 82045     cutoff   38         0.02217    0.03458  56.0%  24.6  115s
 448947 84697 infeasible   30         0.02217    0.03438  55.1%  24.5  120s
 469622 87145     cutoff   39         0.02217    0.03417  54.2%  24.5  125s
H474374 87730                       0.0221662    0.03413  54.0%  24.5  126s
 485672 89202     cutoff   44         0.02217    0.03402  53.5%  24.4  130s
 506423 91664    0.02294   40   53    0.02217    0.03383  52.6%  24.4  135s
 528686 94442     cutoff   40         0.02217    0.03363  51.7%  24.3  140s
 550180 97014    0.02304   40   53    0.02217    0.03344  50.9%  24.2  145s
 570953 99274    0.02540   37   52    0.02217    0.03328  50.1%  24.1  150s
 592503 101618     cutoff   41         0.02217    0.03311  49.4%  24.1  155s
 607031 103159     cutoff   38         0.02217    0.03302  48.9%  24.0  160s
 624229 104861 infeasible   48         0.02217    0.03289  48.4%  24.0  165s
 646217 107153    0.02696   25   49    0.02217    0.03273  47.7%  23.9  170s
 662600 108899    0.02484   36   43    0.02217    0.03262  47.2%  23.9  175s
 686325 111238     cutoff   32         0.02217    0.03245  46.4%  23.8  180s
 706858 112868    0.02336   45   44    0.02217    0.03231  45.8%  23.8  185s
 729101 114862    0.02320   37   55    0.02217    0.03216  45.1%  23.7  190s
 749304 116576    0.02388   35   54    0.02217    0.03202  44.5%  23.7  195s
 769206 118198    0.02352   36   55    0.02217    0.03190  43.9%  23.6  200s
 789191 119952    0.03018   33   54    0.02217    0.03178  43.4%  23.6  205s
H795119 120326                       0.0221662    0.03175  43.2%  23.5  206s
 803755 121114    0.02229   41   52    0.02217    0.03170  43.0%  23.5  210s
 825567 122735     cutoff   33         0.02217    0.03156  42.4%  23.5  215s
 848331 124348     cutoff   43         0.02217    0.03143  41.8%  23.4  220s
 869143 126002    0.02723   34   56    0.02217    0.03132  41.3%  23.4  225s
 889802 127412    0.02554   38   51    0.02217    0.03119  40.7%  23.3  230s
 910587 128824     cutoff   31         0.02217    0.03108  40.2%  23.3  235s
 933631 130393 infeasible   50         0.02217    0.03095  39.6%  23.2  240s
 946265 131390    0.02416   33   51    0.02217    0.03089  39.3%  23.2  245s
 968835 132741    0.02392   45   50    0.02217    0.03078  38.9%  23.1  250s
 984391 133821     cutoff   44         0.02217    0.03071  38.5%  23.1  255s
 1007785 135211    0.02688   42   48    0.02217    0.03060  38.0%  23.1  260s
 1029575 136476    0.02556   44   52    0.02217    0.03050  37.6%  23.0  265s
 1050711 137538    0.02294   42   51    0.02217    0.03039  37.1%  23.0  270s
 1072449 138831     cutoff   50         0.02217    0.03030  36.7%  22.9  275s
 1095538 140345     cutoff   46         0.02217    0.03020  36.2%  22.9  280s
 1117409 141666     cutoff   41         0.02217    0.03011  35.8%  22.8  285s
 1139450 142617     cutoff   37         0.02217    0.03002  35.4%  22.8  290s
 1160664 143769    0.02224   42   53    0.02217    0.02993  35.0%  22.7  295s
 1182313 144857    0.02316   42   51    0.02217    0.02984  34.6%  22.7  300s
 1199167 145595     cutoff   37         0.02217    0.02977  34.3%  22.6  305s
 1221404 147182 infeasible   36         0.02217    0.02968  33.9%  22.6  310s
 1242628 148326    0.02313   40   50    0.02217    0.02960  33.5%  22.5  315s
 1260324 149092     cutoff   35         0.02217    0.02953  33.2%  22.5  320s
 1282173 150034 infeasible   38         0.02217    0.02944  32.8%  22.5  325s
 1304632 150722    0.02595   40   60    0.02217    0.02935  32.4%  22.4  330s
 1326603 151825     cutoff   50         0.02217    0.02927  32.1%  22.4  335s
 1346482 152590     cutoff   42         0.02217    0.02920  31.7%  22.3  340s
 1368450 153281     cutoff   46         0.02217    0.02911  31.3%  22.3  345s
 1388985 153833     cutoff   50         0.02217    0.02904  31.0%  22.3  350s
 1411066 154525     cutoff   37         0.02217    0.02896  30.6%  22.2  355s
 1428557 155195    0.02445   38   53    0.02217    0.02890  30.4%  22.2  360s

Cutting planes:
  Gomory: 3
  Implied bound: 17
  Flow cover: 13
  RLT: 100
  Relax-and-lift: 6
  BQP: 17

Explored 1428671 nodes (31728345 simplex iterations) in 360.00 seconds (291.17 work units)
Thread count was 4 (of 4 available processors)

Solution count 10: 0.0221662 0.0220736 0.0220595 ... 0.0197831

Time limit reached
Best objective 2.216620267600e-02, best bound 2.889617081731e-02, gap 30.3614%
{"verdict": "UNRESOLVED", "status": "TIME_LIMIT", "runtime": 360.00209617614746, "objval": 0.022166202676002, "objbound": 0.028896170817313025, "binaries": 46}
