Set parameter NodefileStart to value 6
Read parameters from file gurobi.env
Restricted license - for non-production use only - expires 2027-11-29
Set parameter OutputFlag to value 1
Set parameter Threads to value 4
Set parameter TimeLimit to value 360
Set parameter MIPGap to value 5e-05
Set parameter MIPFocus to value 2
Set parameter NonConvex to value 2
Set parameter BestBdStop to value 2.7426211734693878e-02
Gurobi Optimizer version 13.0.3 build v13.0.3rc0 (linux64 - "Ubuntu 24.04.5 LTS")

CPU model: INTEL(R) XEON(R) PLATINUM 8573C, instruction set [SSE2|AVX|AVX2|AVX512]
Thread count: 2 physical cores, 4 logical processors, using up to 4 threads

Non-default parameters:
TimeLimit  360
BestBdStop  2.7426211734693878e-02
MIPGap  5e-05
MIPFocus  2
NodefileStart  6
NonConvex  2
Threads  4

Optimize a model with 129 rows, 99 columns and 714 nonzeros (Max)
Model fingerprint: 0x71da2463
Model has 1 linear objective coefficients
Model has 50 quadratic constraints
Variable types: 65 continuous, 34 integer (34 binary)
Coefficient statistics:
  Matrix range     [5e-01, 1e+00]
  QMatrix range    [1e+00, 1e+00]
  QLMatrix range   [1e+00, 1e+00]
  Objective range  [1e+00, 1e+00]
  Bounds range     [5e-01, 1e+00]
  RHS range        [1e+00, 1e+00]

Found heuristic solution: objective -0.0000000
Presolve time: 0.00s
Presolved: 329 rows, 100 columns, 1114 nonzeros
Presolved model has 50 bilinear constraint(s)

Solving non-convex MIQCP to global optimality

Variable types: 66 continuous, 34 integer (34 binary)
Root relaxation presolve removed 50 rows and 1 columns
Root relaxation presolved: 279 rows, 99 columns, 1064 nonzeros


Root relaxation: objective 7.500000e-02, 128 iterations, 0.00 seconds (0.00 work units)

    Nodes    |    Current Node    |     Objective Bounds      |     Work
 Expl Unexpl |  Obj  Depth IntInf | Incumbent    BestBd   Gap | It/Node Time

     0     0    0.07500    0   55   -0.00000    0.07500      -     -    0s
     0     0    0.06818    0   63   -0.00000    0.06818      -     -    0s
     0     0    0.06818    0   65   -0.00000    0.06818      -     -    0s
     0     0    0.06818    0   63   -0.00000    0.06818      -     -    0s
     0     0    0.06818    0   60   -0.00000    0.06818      -     -    0s
     0     0    0.06818    0   50   -0.00000    0.06818      -     -    0s
     0     0    0.06250    0   50   -0.00000    0.06250      -     -    0s
     0     0    0.06250    0   54   -0.00000    0.06250      -     -    0s
     0     0    0.06250    0   45   -0.00000    0.06250      -     -    0s
     0     0    0.06250    0   46   -0.00000    0.06250      -     -    0s
     0     0    0.06250    0   51   -0.00000    0.06250      -     -    0s
     0     0    0.06245    0   59   -0.00000    0.06245      -     -    0s
     0     0    0.06245    0   61   -0.00000    0.06245      -     -    0s
     0     0    0.06245    0   61   -0.00000    0.06245      -     -    0s
     0     0    0.06245    0   61   -0.00000    0.06245      -     -    0s
     0     0    0.06245    0   61   -0.00000    0.06245      -     -    0s
     0     0    0.06245    0   61   -0.00000    0.06245      -     -    0s
     0     0    0.06164    0   61   -0.00000    0.06164      -     -    0s
     0     0    0.06164    0   61   -0.00000    0.06164      -     -    0s
     0     2    0.06164    0   61   -0.00000    0.06164      -     -    0s
*  488   523              76       0.0000001    0.06000      -  28.3    0s
H  723   691                       0.0000001    0.06000      -  24.4    0s
H 1248   936                       0.0000001    0.04304      -  22.5    1s
H 1251   891                       0.0000005    0.04300      -  22.4    1s

Cutting planes:
  Gomory: 8
  Implied bound: 2
  MIR: 2
  Flow cover: 2
  RLT: 29
  Relax-and-lift: 1
  BQP: 1

Explored 1257 nodes (29348 simplex iterations) in 1.13 seconds (0.84 work units)
Thread count was 4 (of 4 available processors)

Solution count 5: 4.66125e-07 1.30147e-07 9.29896e-08 ... -0

Optimization achieved user objective limit
Best objective 4.661249635232e-07, best bound 2.689700887240e-02, gap -
{"verdict": "PROVED", "status": "BOUND_REACHED", "runtime": 1.1306169033050537, "objval": 4.6612496352321797e-07, "objbound": 0.02689700887239851, "binaries": 34}
