Set parameter NodefileStart to value 6
Read parameters from file gurobi.env
Restricted license - for non-production use only - expires 2027-11-29
Set parameter OutputFlag to value 1
Set parameter Threads to value 4
Set parameter TimeLimit to value 360
Set parameter MIPGap to value 5e-05
Set parameter MIPFocus to value 2
Set parameter NonConvex to value 2
Set parameter BestBdStop to value 2.7426211734693878e-02
Gurobi Optimizer version 13.0.3 build v13.0.3rc0 (linux64 - "Ubuntu 24.04.5 LTS")

CPU model: AMD EPYC 9V45 96-Core Processor, instruction set [SSE2|AVX|AVX2|AVX512]
Thread count: 2 physical cores, 4 logical processors, using up to 4 threads

Non-default parameters:
TimeLimit  360
BestBdStop  2.7426211734693878e-02
MIPGap  5e-05
MIPFocus  2
NodefileStart  6
NonConvex  2
Threads  4

Optimize a model with 141 rows, 111 columns and 810 nonzeros (Max)
Model fingerprint: 0x4be865c5
Model has 1 linear objective coefficients
Model has 50 quadratic constraints
Variable types: 65 continuous, 46 integer (46 binary)
Coefficient statistics:
  Matrix range     [5e-01, 1e+00]
  QMatrix range    [1e+00, 1e+00]
  QLMatrix range   [1e+00, 1e+00]
  Objective range  [1e+00, 1e+00]
  Bounds range     [5e-01, 1e+00]
  RHS range        [1e+00, 1e+00]

Found heuristic solution: objective -0.0000000
Presolve time: 0.00s
Presolved: 341 rows, 112 columns, 1210 nonzeros
Presolved model has 50 bilinear constraint(s)

Solving non-convex MIQCP to global optimality

Variable types: 66 continuous, 46 integer (46 binary)
Root relaxation presolve removed 70 rows and 11 columns
Root relaxation presolved: 271 rows, 101 columns, 1040 nonzeros


Root relaxation: objective 1.000000e-01, 98 iterations, 0.00 seconds (0.00 work units)

    Nodes    |    Current Node    |     Objective Bounds      |     Work
 Expl Unexpl |  Obj  Depth IntInf | Incumbent    BestBd   Gap | It/Node Time

     0     0    0.10000    0   50   -0.00000    0.10000      -     -    0s
     0     0    0.08333    0   43   -0.00000    0.08333      -     -    0s
     0     0    0.08333    0   35   -0.00000    0.08333      -     -    0s
     0     0    0.08333    0   34   -0.00000    0.08333      -     -    0s
H    0     0                       0.0000000    0.08333      -     -    0s
H    0     0                       0.0000000    0.08333      -     -    0s
H    0     0                       0.0000003    0.08333      -     -    0s
H    0     0                       0.0001133    0.08333      -     -    0s
     0     0    0.08332    0   72    0.00011    0.08332      -     -    0s
     0     0    0.08332    0   44    0.00011    0.08332      -     -    0s
     0     0    0.08332    0   44    0.00011    0.08332      -     -    0s
     0     0    0.08332    0   56    0.00011    0.08332      -     -    0s
     0     0    0.08332    0   48    0.00011    0.08332      -     -    0s
     0     0    0.08332    0   58    0.00011    0.08332      -     -    0s
     0     0    0.08332    0   58    0.00011    0.08332      -     -    0s
     0     0    0.08332    0   58    0.00011    0.08332      -     -    0s
     0     0    0.08332    0   58    0.00011    0.08332      -     -    0s
     0     2    0.08332    0   58    0.00011    0.08332      -     -    0s
H   31    52                       0.0006496    0.08332      -  53.0    0s
H   86    89                       0.0009408    0.08332  8756%  43.9    0s
H  434   421                       0.0009408    0.08332  8756%  36.4    0s
H 1094   939                       0.0017113    0.08322  4763%  33.3    1s
H 1094   892                       0.0017787    0.08322  4579%  33.3    1s
H 1098   849                       0.0043210    0.08139  1784%  33.1    1s
H 1110   814                       0.0096601    0.06360   558%  32.8    1s
H 1112   774                       0.0103883    0.06237   500%  32.7    1s
H 1113   735                       0.0116384    0.06102   424%  32.7    1s
H 1115   700                       0.0123800    0.06068   390%  32.6    1s
H 1116   664                       0.0123809    0.06037   388%  32.6    1s
H 1218   713                       0.0128815    0.05751   346%  35.5    2s
H 1464   779                       0.0129491    0.05751   344%  33.7    2s
H 2470  1123                       0.0140465    0.05751   309%  31.6    3s
H 2777  1121                       0.0140707    0.05751   309%  30.5    3s
H 2862  1124                       0.0141419    0.05751   307%  30.4    3s
H 3872  1559                       0.0153002    0.05696   272%  31.1    3s
H 5145  1929                       0.0153003    0.05324   248%  32.5    3s
  9761  3661    0.01796   62   60    0.01530    0.04883   219%  31.4    5s
H11494  4428                       0.0158722    0.04834   205%  31.5    5s
*11985  4195             121       0.0175690    0.04805   174%  31.3    5s
*12012  4194             128       0.0175828    0.04805   173%  31.2    5s
*12015  4194             130       0.0175829    0.04805   173%  31.2    5s
H20184  5158                       0.0200083    0.04462   123%  31.8    6s
 35094  7815     cutoff   63         0.02001    0.04072   104%  31.5   10s
 62601 12351    0.02459   59   41    0.02001    0.03781  89.0%  30.9   15s
H75032 12170                       0.0223710    0.03682  64.6%  30.6   17s
H75259 12211                       0.0223710    0.03681  64.6%  30.6   17s
 87849 13736     cutoff   65         0.02237    0.03587  60.3%  30.0   20s
H100159 14630                       0.0228155    0.03524  54.4%  29.5   21s
H100366 14665                       0.0228155    0.03524  54.4%  29.5   21s
 115781 15939     cutoff   65         0.02282    0.03436  50.6%  29.1   25s
H147983 16098                       0.0240029    0.03294  37.2%  28.2   29s
H148257 16078                       0.0240029    0.03292  37.2%  28.2   29s
 149461 16125     cutoff   63         0.02400    0.03287  36.9%  28.2   30s
 178115 15985     cutoff   75         0.02400    0.03148  31.2%  27.6   35s
 209477 15189    0.02770   57   61    0.02400    0.03004  25.2%  26.9   40s
 233662 13960    0.02763   67   31    0.02400    0.02905  21.0%  26.4   45s
 262653 11682     cutoff   63         0.02400    0.02777  15.7%  25.7   50s

Cutting planes:
  Gomory: 5
  MIR: 1
  Flow cover: 11
  RLT: 58
  Relax-and-lift: 5
  BQP: 13

Explored 270925 nodes (6916287 simplex iterations) in 51.22 seconds (66.05 work units)
Thread count was 4 (of 4 available processors)

Solution count 10: 0.0240029 0.0228155 0.022371 ... 0.0141419

Optimization achieved user objective limit
Best objective 2.400285946498e-02, best bound 2.742315338484e-02, gap 14.2495%
{"verdict": "PROVED", "status": "BOUND_REACHED", "runtime": 51.22564506530762, "objval": 0.024002859464976135, "objbound": 0.027423153384844887, "binaries": 46}
