08:35:38 UTC start: 1 unresolved seed region(s) and 0 missing piece(s) under [[[0,2,4],0],[[0,2,5],0],[[0,2,6],0],[[0,2,7],0],[[0,2,8],0],[[0,3,4],0],[[0,3,5],0],[[0,3,6],0],[[0,3,7],0],[[0,3,8],0],[[1,2,4],1],[[1,2,5],1],[[1,2,6],1],[[1,2,7],1],[[1,2,8],0],[[1,3,4],0],[[1,3,5],0],[[1,3,6],0],[[1,3,7],1],[[1,3,8],0],[[2,3,4],1],[[2,3,5],1],[[2,3,6],1],[[2,3,7],1],[[2,3,8],1],[[4,5,6],0],[[4,5,7],1],[[4,5,8],1],[[4,6,7],0]]
08:39:09 UTC split region (bound/target 36.461) on [[4,6,8],[4,7,8],[5,6,7],[5,6,8]]: 13 pieces proved, 3 open; total runs 16, proved 13, open regions 3
08:43:10 UTC split region (bound/target 1.222) on [[5,7,8],[6,7,8],[0,4,5],[0,4,6]]: 14 pieces proved, 2 open; total runs 32, proved 27, open regions 4
08:44:45 UTC split region (bound/target 1.022) on [[0,4,7],[0,4,8],[0,5,6],[0,5,7]]: 15 pieces proved, 1 open; total runs 48, proved 42, open regions 4
08:45:54 UTC split region (bound/target 1.028) on [[0,5,8],[0,6,7],[0,6,8],[0,7,8]]: 15 pieces proved, 1 open; total runs 64, proved 57, open regions 4
08:46:36 UTC split region (bound/target 1.039) on [[1,4,5],[1,4,6],[1,4,7],[1,4,8]]: 16 pieces proved, 0 open; total runs 80, proved 73, open regions 3
08:48:21 UTC split region (bound/target 1.214) on [[0,4,7],[0,4,8],[0,5,6],[0,5,7]]: 15 pieces proved, 1 open; total runs 96, proved 88, open regions 3
08:49:50 UTC split region (bound/target 1.195) on [[0,5,8],[0,6,7],[0,6,8],[0,7,8]]: 15 pieces proved, 1 open; total runs 112, proved 103, open regions 3
08:50:30 UTC split region (bound/target 1.158) on [[1,4,5],[1,4,6],[1,4,7],[1,4,8]]: 16 pieces proved, 0 open; total runs 128, proved 119, open regions 2
08:56:26 UTC split region (bound/target 1.338) on [[5,7,8],[6,7,8],[0,4,5],[0,4,6]]: 13 pieces proved, 3 open; total runs 144, proved 132, open regions 4
08:57:30 UTC split region (bound/target 1.109) on [[0,4,7],[0,4,8],[0,5,6],[0,5,7]]: 16 pieces proved, 0 open; total runs 160, proved 148, open regions 3
08:58:31 UTC split region (bound/target 1.112) on [[0,4,7],[0,4,8],[0,5,6],[0,5,7]]: 16 pieces proved, 0 open; total runs 176, proved 164, open regions 2
09:00:50 UTC split region (bound/target 1.228) on [[0,4,7],[0,4,8],[0,5,6],[0,5,7]]: 14 pieces proved, 2 open; total runs 192, proved 178, open regions 3
09:01:35 UTC split region (bound/target 1.089) on [[0,5,8],[0,6,7],[0,6,8],[0,7,8]]: 16 pieces proved, 0 open; total runs 208, proved 194, open regions 2
09:03:53 UTC split region (bound/target 1.284) on [[0,5,8],[0,6,7],[0,6,8],[0,7,8]]: 15 pieces proved, 1 open; total runs 224, proved 209, open regions 2
09:05:36 UTC split region (bound/target 1.207) on [[1,4,5],[1,4,6],[1,4,7],[1,4,8]]: 15 pieces proved, 1 open; total runs 240, proved 224, open regions 2
09:06:20 UTC split region (bound/target 1.053) on [[1,5,6],[1,5,7],[1,5,8],[1,6,7]]: 16 pieces proved, 0 open; total runs 256, proved 240, open regions 1
09:10:36 UTC split region (bound/target 1.535) on [[5,7,8],[6,7,8],[0,4,5],[0,4,6]]: 14 pieces proved, 2 open; total runs 272, proved 254, open regions 2
09:11:39 UTC region PROVED by a 300 s run (63 s); open 1
09:13:11 UTC split region (bound/target 1.161) on [[0,4,7],[0,4,8],[0,5,6],[0,5,7]]: 15 pieces proved, 1 open; total runs 289, proved 270, open regions 1
09:15:30 UTC split region (bound/target 1.093) on [[0,5,8],[0,6,7],[0,6,8],[0,7,8]]: 14 pieces proved, 2 open; total runs 305, proved 284, open regions 2
09:17:25 UTC split region (bound/target 1.144) on [[1,4,5],[1,4,6],[1,4,7],[1,4,8]]: 15 pieces proved, 1 open; total runs 321, proved 299, open regions 2
09:17:58 UTC split region (bound/target 1.056) on [[1,5,6],[1,5,7],[1,5,8],[1,6,7]]: 16 pieces proved, 0 open; total runs 337, proved 315, open regions 1
09:18:56 UTC split region (bound/target 1.236) on [[1,4,5],[1,4,6],[1,4,7],[1,4,8]]: 16 pieces proved, 0 open; total runs 353, proved 331, open regions 0
09:18:56 UTC ALL REGIONS PROVED by this driver: runs 353, proved 331 (the certificate itself must still be checked with summarize.py and combine_plan_260927.py)
