Set parameter NodefileStart to value 6
Read parameters from file gurobi.env
Restricted license - for non-production use only - expires 2027-11-29
Set parameter OutputFlag to value 1
Set parameter Threads to value 4
Set parameter TimeLimit to value 360
Set parameter MIPGap to value 5e-05
Set parameter MIPFocus to value 2
Set parameter NonConvex to value 2
Set parameter BestBdStop to value 2.7426211734693878e-02
Gurobi Optimizer version 13.0.3 build v13.0.3rc0 (linux64 - "Ubuntu 24.04.5 LTS")

CPU model: AMD EPYC 7763 64-Core Processor, instruction set [SSE2|AVX|AVX2]
Thread count: 2 physical cores, 4 logical processors, using up to 4 threads

Non-default parameters:
TimeLimit  360
BestBdStop  2.7426211734693878e-02
MIPGap  5e-05
MIPFocus  2
NodefileStart  6
NonConvex  2
Threads  4

Optimize a model with 125 rows, 95 columns and 686 nonzeros (Max)
Model fingerprint: 0x80f6b801
Model has 1 linear objective coefficients
Model has 50 quadratic constraints
Variable types: 65 continuous, 30 integer (30 binary)
Coefficient statistics:
  Matrix range     [5e-01, 1e+00]
  QMatrix range    [1e+00, 1e+00]
  QLMatrix range   [1e+00, 1e+00]
  Objective range  [1e+00, 1e+00]
  Bounds range     [5e-01, 1e+00]
  RHS range        [1e+00, 1e+00]

Found heuristic solution: objective -0.0000000
Presolve time: 0.00s
Presolved: 325 rows, 96 columns, 1086 nonzeros
Presolved model has 50 bilinear constraint(s)

Solving non-convex MIQCP to global optimality

Variable types: 66 continuous, 30 integer (30 binary)
Root relaxation presolve removed 50 rows and 1 columns
Root relaxation presolved: 275 rows, 95 columns, 1036 nonzeros


Root relaxation: objective 1.000000e-01, 105 iterations, 0.00 seconds (0.00 work units)

    Nodes    |    Current Node    |     Objective Bounds      |     Work
 Expl Unexpl |  Obj  Depth IntInf | Incumbent    BestBd   Gap | It/Node Time

     0     0    0.10000    0   44   -0.00000    0.10000      -     -    0s
     0     0    0.08333    0   47   -0.00000    0.08333      -     -    0s
     0     0    0.08333    0   51   -0.00000    0.08333      -     -    0s
     0     0    0.08333    0   42   -0.00000    0.08333      -     -    0s
     0     0    0.08333    0   53   -0.00000    0.08333      -     -    0s
     0     0    0.08333    0   44   -0.00000    0.08333      -     -    0s
     0     0    0.08333    0   46   -0.00000    0.08333      -     -    0s
     0     0    0.08333    0   45   -0.00000    0.08333      -     -    0s
     0     0    0.08333    0   45   -0.00000    0.08333      -     -    0s
     0     2    0.08333    0   45   -0.00000    0.08333      -     -    0s
*  369   371              59       0.0000001    0.08333      -  29.9    0s
*  373   371              61       0.0000002    0.08333      -  29.7    0s
*  687   576              65       0.0000002    0.08000      -  28.1    0s
H 1217   984                       0.0000003    0.07143      -  30.3    0s
H 1221   937                       0.0000004    0.07143      -  30.2    1s
H 1294   944                       0.0000004    0.07143      -  31.5    1s
* 1812  1213              91       0.0000004    0.07143      -  28.3    1s
* 1813  1170              91       0.0000005    0.07143      -  28.3    1s
* 3935  2370             121       0.0000006    0.05702      -  28.8    2s
* 3936  2370             121       0.0000007    0.05702      -  28.8    2s
* 3941  2370             121       0.0000007    0.05702      -  28.8    2s
* 4050  2455             123       0.0000007    0.05702      -  28.9    2s
* 4060  2450             124       0.0000008    0.05702      -  29.0    2s
* 4175  2574             125       0.0000008    0.05568      -  29.1    2s
* 5478  3502             117       0.0000009    0.05446      -  28.0    2s
*13107  9102              98       0.0000009    0.04598      -  28.0    4s
*13117  9084             100       0.0000009    0.04598      -  28.1    4s
 16122 11550    0.00000   76   35    0.00000    0.04491      -  27.5    5s
 36636 25674     cutoff   65         0.00000    0.04216      -  27.4   10s
*37696 26224             108       0.0000011    0.04209      -  27.3   10s
 59392 41181    0.00109   47   50    0.00000    0.04038      -  27.5   15s
 84485 58109    0.00010   81   44    0.00000    0.03944      -  27.5   20s
 109277 74421    0.01923   31   50    0.00000    0.03857      -  27.3   25s
 133599 90630    0.00779   34   32    0.00000    0.03794      -  27.2   30s
*148301 98883              73       0.0000014    0.03748      -  27.2   32s
 157593 104839    0.01426   36   44    0.00000    0.03725      -  27.1   35s
 180331 120381    0.00785   42   50    0.00000    0.03687      -  27.0   40s
 205048 136549    0.00284   42   50    0.00000    0.03644      -  27.1   45s
 230424 153039    0.00001   55   41    0.00000    0.03605      -  27.0   50s
 254290 168135     cutoff   29         0.00000    0.03567      -  27.1   55s
 279147 184880    0.00142   41   50    0.00000    0.03533      -  27.0   60s
 301814 198623     cutoff   46         0.00000    0.03503      -  27.0   65s
 327295 215327    0.02140   33   38    0.00000    0.03473      -  27.0   70s
*333108 218635             112       0.0000015    0.03468      -  27.0   71s
 350815 230588    0.00032   60   50    0.00000    0.03450      -  27.0   75s
 374591 245444    0.00004   49   22    0.00000    0.03423      -  27.1   80s
 399377 261352    0.00000  106   25    0.00000    0.03401      -  27.1   85s
 422982 275850    0.00026   54   44    0.00000    0.03380      -  27.1   90s
 441917 288187    0.00033   76   44    0.00000    0.03365      -  27.2   95s
 464984 303481    0.00000   74   44    0.00000    0.03344      -  27.1  100s
*485694 315945              65       0.0000016    0.03324      -  27.1  104s
 486473 316401    0.01269   33   45    0.00000    0.03323      -  27.1  105s
 509723 331400     cutoff   40         0.00000    0.03307      -  27.1  110s
 533964 346880    0.00459   37   43    0.00000    0.03289      -  27.1  115s
 558587 362750    0.00000  104   38    0.00000    0.03270      -  27.1  120s
 576421 373615    0.01957   28   50    0.00000    0.03255      -  27.1  125s
 593463 384783    0.01361   35   51    0.00000    0.03244      -  27.1  130s
 617216 400037    0.00020   74   37    0.00000    0.03226      -  27.0  135s
 642080 414401    0.03095   26   51    0.00000    0.03206      -  27.0  140s
 665539 428132    0.02280   34   41    0.00000    0.03188      -  27.0  145s
 688802 442572    0.00913   32   44    0.00000    0.03171      -  27.0  150s
 715155 459328    0.00030   51   44    0.00000    0.03156      -  27.0  155s
 739450 474080    0.01035   39   45    0.00000    0.03138      -  27.0  160s
 763445 488730    0.02054   27   50    0.00000    0.03124      -  27.0  165s
 787075 503639    0.00100   56   50    0.00000    0.03113      -  27.0  170s
 811151 517686    0.00331   40   43    0.00000    0.03097      -  27.0  175s
 834862 532008    0.01658   33   50    0.00000    0.03085      -  27.1  180s
 858780 546703    0.00237   33   42    0.00000    0.03073      -  27.0  185s
 884330 562059    0.00643   34   46    0.00000    0.03059      -  27.0  190s
 906816 575088    0.01674   31   53    0.00000    0.03046      -  27.1  195s
 929501 589479    0.00041   53   43    0.00000    0.03036      -  27.0  200s
 953666 603810     cutoff   62         0.00000    0.03024      -  27.1  205s
 976814 618165    0.00816   33   50    0.00000    0.03014      -  27.0  210s
 996069 629931    0.02003   28   51    0.00000    0.03003      -  27.1  215s
 1021445 645323    0.00010   71   26    0.00000    0.02991      -  27.1  220s
 1042380 658789    0.00600   42   50    0.00000    0.02982      -  27.1  225s
 1063971 671997    0.00000   78   42    0.00000    0.02972      -  27.1  230s
 1088364 686388    0.00000  103   39    0.00000    0.02960      -  27.0  235s
 1112601 701221    0.02947   29   51    0.00000    0.02951      -  27.0  240s
 1139093 717699 infeasible   37         0.00000    0.02941      -  27.0  245s
 1160731 730489 infeasible   89         0.00000    0.02931      -  27.0  250s
 1183701 744345    0.00000   62   30    0.00000    0.02922      -  27.0  255s
 1208647 759565    0.00002   86   44    0.00000    0.02912      -  27.0  260s
 1232574 773986    0.00273   39   50    0.00000    0.02905      -  27.0  265s
 1253570 786102    0.00191   44   38    0.00000    0.02898      -  26.9  270s
 1277601 801006    0.00561   42   50    0.00000    0.02891      -  27.0  275s
 1302082 814980    0.02349   27   50    0.00000    0.02881      -  26.9  280s
 1325873 829179     cutoff   85         0.00000    0.02872      -  26.9  285s
 1350623 844216    0.02268   30   47    0.00000    0.02866      -  26.9  290s
 1373508 857644    0.00825   42   50    0.00000    0.02857      -  26.9  295s
 1397369 871567    0.00006   73   44    0.00000    0.02850      -  26.9  300s
 1421364 886328    0.00395   38   38    0.00000    0.02843      -  26.9  305s
 1445502 900786    0.00389   46   51    0.00000    0.02836      -  26.9  310s
 1469448 914598    0.00000  108   20    0.00000    0.02827      -  26.9  315s
 1488091 926245    0.00016   52   44    0.00000    0.02823      -  26.9  320s
 1513502 941650    0.01683   37   50    0.00000    0.02816      -  26.9  325s
 1534018 954286    0.00002   61   45    0.00000    0.02810      -  26.9  330s
 1555605 967151    0.00058   48   37    0.00000    0.02805      -  26.9  335s
 1576002 979439    0.00002   83   32    0.00000    0.02800      -  26.9  340s
 1597531 992408    0.00007   75   50    0.00000    0.02795      -  26.9  345s
 1623191 1007603    0.00004   65   49    0.00000    0.02789      -  26.9  350s
 1645174 1020688    0.00005   64   30    0.00000    0.02783      -  26.9  355s
 1669268 1035841    0.00003   69   50    0.00000    0.02778      -  26.9  360s

Cutting planes:
  Gomory: 2
  Implied bound: 5
  MIR: 3
  Flow cover: 6
  Inf proof: 2
  RLT: 55
  Relax-and-lift: 2
  BQP: 30

Explored 1669403 nodes (44883503 simplex iterations) in 360.00 seconds (360.13 work units)
Thread count was 4 (of 4 available processors)

Solution count 10: 1.56937e-06 1.53445e-06 1.4338e-06 ... 6.71086e-07

Time limit reached
Best objective 1.569373879888e-06, best bound 2.777887872329e-02, gap 1769961.2378%
{"verdict": "UNRESOLVED", "status": "TIME_LIMIT", "runtime": 360.00190711021423, "objval": 1.5693738798876676e-06, "objbound": 0.027778878723291506, "binaries": 30}
