Set parameter NodefileStart to value 6
Read parameters from file gurobi.env
Restricted license - for non-production use only - expires 2027-11-29
Set parameter OutputFlag to value 1
Set parameter Threads to value 4
Set parameter TimeLimit to value 360
Set parameter MIPGap to value 5e-05
Set parameter MIPFocus to value 2
Set parameter NonConvex to value 2
Set parameter BestBdStop to value 2.7426211734693878e-02
Gurobi Optimizer version 13.0.3 build v13.0.3rc0 (linux64 - "Ubuntu 24.04.5 LTS")

CPU model: AMD EPYC 9V45 96-Core Processor, instruction set [SSE2|AVX|AVX2|AVX512]
Thread count: 2 physical cores, 4 logical processors, using up to 4 threads

Non-default parameters:
TimeLimit  360
BestBdStop  2.7426211734693878e-02
MIPGap  5e-05
MIPFocus  2
NodefileStart  6
NonConvex  2
Threads  4

Optimize a model with 133 rows, 103 columns and 742 nonzeros (Max)
Model fingerprint: 0x817c3741
Model has 1 linear objective coefficients
Model has 50 quadratic constraints
Variable types: 65 continuous, 38 integer (38 binary)
Coefficient statistics:
  Matrix range     [5e-01, 1e+00]
  QMatrix range    [1e+00, 1e+00]
  QLMatrix range   [1e+00, 1e+00]
  Objective range  [1e+00, 1e+00]
  Bounds range     [5e-01, 1e+00]
  RHS range        [1e+00, 1e+00]

Found heuristic solution: objective -0.0000000
Presolve time: 0.00s
Presolved: 333 rows, 104 columns, 1142 nonzeros
Presolved model has 50 bilinear constraint(s)

Solving non-convex MIQCP to global optimality

Variable types: 66 continuous, 38 integer (38 binary)
Root relaxation presolve removed 66 rows and 9 columns
Root relaxation presolved: 267 rows, 95 columns, 996 nonzeros


Root relaxation: objective 1.000000e-01, 113 iterations, 0.00 seconds (0.00 work units)

    Nodes    |    Current Node    |     Objective Bounds      |     Work
 Expl Unexpl |  Obj  Depth IntInf | Incumbent    BestBd   Gap | It/Node Time

     0     0    0.10000    0   47   -0.00000    0.10000      -     -    0s
     0     0    0.08065    0   68   -0.00000    0.08065      -     -    0s
     0     0    0.05556    0   61   -0.00000    0.05556      -     -    0s
     0     0    0.05556    0   47   -0.00000    0.05556      -     -    0s
     0     0    0.05556    0   47   -0.00000    0.05556      -     -    0s
     0     0    0.05556    0   46   -0.00000    0.05556      -     -    0s
     0     0    0.05556    0   44   -0.00000    0.05556      -     -    0s
     0     0    0.05556    0   44   -0.00000    0.05556      -     -    0s
     0     2    0.05556    0   44   -0.00000    0.05556      -     -    0s
H 1140   993                       0.0000002    0.04360      -  21.9    0s
* 1706  1274              91       0.0000003    0.04325      -  22.6    0s
H 1810  1234                       0.0000008    0.04325      -  22.5    0s

Cutting planes:
  Gomory: 8
  Implied bound: 8
  Flow cover: 13
  RLT: 57
  Relax-and-lift: 2
  BQP: 12

Explored 10765 nodes (271082 simplex iterations) in 2.01 seconds (2.97 work units)
Thread count was 4 (of 4 available processors)

Solution count 4: 7.94242e-07 2.67268e-07 1.9169e-07 -0 

Optimization achieved user objective limit
Best objective 7.942421100804e-07, best bound 2.711262601182e-02, gap -
{"verdict": "PROVED", "status": "BOUND_REACHED", "runtime": 2.0126869678497314, "objval": 7.9424211008039e-07, "objbound": 0.027112626011815674, "binaries": 38}
