Set parameter NodefileStart to value 6
Read parameters from file gurobi.env
Restricted license - for non-production use only - expires 2027-11-29
Set parameter OutputFlag to value 1
Set parameter Threads to value 4
Set parameter TimeLimit to value 360
Set parameter MIPGap to value 5e-05
Set parameter MIPFocus to value 2
Set parameter NonConvex to value 2
Set parameter BestBdStop to value 2.7426211734693878e-02
Gurobi Optimizer version 13.0.3 build v13.0.3rc0 (linux64 - "Ubuntu 24.04.5 LTS")

CPU model: AMD EPYC 7763 64-Core Processor, instruction set [SSE2|AVX|AVX2]
Thread count: 2 physical cores, 4 logical processors, using up to 4 threads

Non-default parameters:
TimeLimit  360
BestBdStop  2.7426211734693878e-02
MIPGap  5e-05
MIPFocus  2
NodefileStart  6
NonConvex  2
Threads  4

Optimize a model with 129 rows, 99 columns and 714 nonzeros (Max)
Model fingerprint: 0xdf1f9b71
Model has 1 linear objective coefficients
Model has 50 quadratic constraints
Variable types: 65 continuous, 34 integer (34 binary)
Coefficient statistics:
  Matrix range     [5e-01, 1e+00]
  QMatrix range    [1e+00, 1e+00]
  QLMatrix range   [1e+00, 1e+00]
  Objective range  [1e+00, 1e+00]
  Bounds range     [5e-01, 1e+00]
  RHS range        [1e+00, 1e+00]

Found heuristic solution: objective -0.0000000
Presolve time: 0.00s
Presolved: 329 rows, 100 columns, 1114 nonzeros
Presolved model has 50 bilinear constraint(s)

Solving non-convex MIQCP to global optimality

Variable types: 66 continuous, 34 integer (34 binary)
Root relaxation presolve removed 50 rows and 1 columns
Root relaxation presolved: 279 rows, 99 columns, 1064 nonzeros


Root relaxation: objective 1.250000e-01, 135 iterations, 0.00 seconds (0.00 work units)

    Nodes    |    Current Node    |     Objective Bounds      |     Work
 Expl Unexpl |  Obj  Depth IntInf | Incumbent    BestBd   Gap | It/Node Time

     0     0    0.12500    0   50   -0.00000    0.12500      -     -    0s
     0     0    0.10000    0   55   -0.00000    0.10000      -     -    0s
     0     0    0.09375    0   58   -0.00000    0.09375      -     -    0s
     0     0    0.09091    0   61   -0.00000    0.09091      -     -    0s
H    0     0                       0.0000002    0.09091      -     -    0s
H    0     0                       0.0000002    0.09091      -     -    0s
H    0     0                       0.0000002    0.09091      -     -    0s
     0     0    0.09091    0   61    0.00000    0.09091      -     -    0s
     0     0    0.08333    0   59    0.00000    0.08333      -     -    0s
     0     0    0.08333    0   58    0.00000    0.08333      -     -    0s
H    0     0                       0.0000005    0.08333      -     -    0s
     0     0    0.08333    0   61    0.00000    0.08333      -     -    0s
     0     0    0.08333    0   61    0.00000    0.08333      -     -    0s
     0     0    0.08201    0   61    0.00000    0.08201      -     -    0s
     0     0    0.08065    0   63    0.00000    0.08065      -     -    0s
     0     0    0.08065    0   57    0.00000    0.08065      -     -    0s
     0     0    0.07895    0   59    0.00000    0.07895      -     -    0s
     0     0    0.07692    0   60    0.00000    0.07692      -     -    0s
     0     0    0.07692    0   60    0.00000    0.07692      -     -    0s
     0     0    0.07692    0   60    0.00000    0.07692      -     -    0s
     0     0    0.07692    0   60    0.00000    0.07692      -     -    0s
     0     2    0.07692    0   58    0.00000    0.07692      -     -    0s
*  617   623              94       0.0000006    0.07692      -  20.7    0s
*  619   623              93       0.0000008    0.07692      -  20.7    0s
*  760   721             109       0.0000011    0.07692      -  19.1    0s
*  761   721             110       0.0000011    0.07692      -  19.0    0s
H 2319  1503                       0.0000014    0.06635      -  20.4    2s
 12321  7883    0.01318   25   54    0.00000    0.05000      -  27.5    5s
 31126 19639    0.01651   28   53    0.00000    0.04419      -  27.7   10s
 50393 32304    0.00377   39   45    0.00000    0.04214      -  27.7   15s
 71590 45392    0.01753   26   52    0.00000    0.04039      -  27.7   20s
 93218 59354    0.00595   34   40    0.00000    0.03944      -  27.2   25s
 116068 73640     cutoff   48         0.00000    0.03837      -  27.2   30s
 134517 84251    0.01530   33   52    0.00000    0.03777      -  27.1   35s
 155435 97860    0.00020   37   37    0.00000    0.03714      -  27.1   40s
 176471 110623    0.01584   26   52    0.00000    0.03656      -  27.1   45s
 199283 124318    0.00001   63   42    0.00000    0.03602      -  26.9   50s
 220661 136913     cutoff   38         0.00000    0.03560      -  26.8   55s
 242137 149287     cutoff   68         0.00000    0.03516      -  26.7   60s
 261239 160607    0.00001   67   34    0.00000    0.03483      -  26.6   65s
 283207 173326     cutoff   75         0.00000    0.03446      -  26.7   70s
 305433 187537    0.01915   31   55    0.00000    0.03416      -  26.6   75s
 326550 200237    0.00347   33   52    0.00000    0.03388      -  26.6   80s
 347648 213325    0.01799   30   50    0.00000    0.03355      -  26.6   85s
 371125 227370    0.00223   42   51    0.00000    0.03327      -  26.6   90s
H373821 224338                       0.0000018    0.03324      -  26.5   91s
 386112 231957    0.02374   32   53    0.00000    0.03309      -  26.5   95s
 406905 244544    0.00032   52   50    0.00000    0.03285      -  26.6  100s
 428265 257257     cutoff   41         0.00000    0.03259      -  26.6  105s
 450858 270922    0.00641   31   52    0.00000    0.03236      -  26.7  110s
 470394 283142    0.00516   33   51    0.00000    0.03214      -  26.7  115s
 488330 294045    0.00418   34   43    0.00000    0.03201      -  26.6  120s
 510413 306765    0.02008   33   50    0.00000    0.03179      -  26.6  125s
 531641 320752    0.00698   39   51    0.00000    0.03163      -  26.5  130s
 552627 333454    0.01599   37   52    0.00000    0.03154      -  26.6  135s
 574079 346574    0.00008   48   38    0.00000    0.03137      -  26.6  140s
 593222 359867    0.00000   49   37    0.00000    0.03121      -  26.7  145s
 615504 370788    0.01196   28   47    0.00000    0.03102      -  26.7  150s
 636206 382421     cutoff   34         0.00000    0.03086      -  26.7  155s
 658218 395444     cutoff   41         0.00000    0.03068      -  26.7  160s
 677683 406535    0.00001   45   41    0.00000    0.03056      -  26.7  165s
 698593 418855    0.00231   35   50    0.00000    0.03039      -  26.7  170s
 720259 431417    0.00000   82   21    0.00000    0.03026      -  26.7  175s
 741312 443826    0.00062   40   44    0.00000    0.03012      -  26.7  180s
 762397 456471    0.00233   38   50    0.00000    0.02999      -  26.7  185s
 781912 467501    0.00339   34   44    0.00000    0.02985      -  26.8  190s
 803260 479544    0.00000   68   24    0.00000    0.02973      -  26.8  195s
 823791 492326    0.01223   44   50    0.00000    0.02964      -  26.8  200s
 845669 505648 infeasible   44         0.00000    0.02953      -  26.8  205s
 869031 520237    0.01667   27   45    0.00000    0.02945      -  26.7  210s
 890469 532835    0.00552   37   51    0.00000    0.02934      -  26.7  215s
H905210 540636                       0.0000018    0.02928      -  26.7  219s
 908029 542013    0.01081   43   50    0.00000    0.02926      -  26.7  220s
 929113 554339    0.00000   68   20    0.00000    0.02916      -  26.7  225s
 952155 567436    0.00001   62   27    0.00000    0.02904      -  26.7  230s
 973785 580498    0.00000   53   42    0.00000    0.02893      -  26.7  235s
H985980 583087                       0.0000020    0.02886      -  26.6  238s
 989941 585809    0.00008   76   50    0.00000    0.02885      -  26.7  240s
 1009340 596591    0.02317   27   45    0.00000    0.02876      -  26.7  245s
 1032040 610369    0.00003   49   33    0.00000    0.02867      -  26.7  250s
 1048597 620030    0.00051   42   44    0.00000    0.02860      -  26.7  255s
 1066661 630419    0.00579   31   39    0.00000    0.02853      -  26.7  260s
 1088913 642886    0.00443   36   50    0.00000    0.02844      -  26.7  265s
 1110138 656212     cutoff   62         0.00000    0.02835      -  26.7  270s
 1128269 666959    0.00438   39   50    0.00000    0.02828      -  26.7  275s
 1149589 678948    0.00000   65   32    0.00000    0.02819      -  26.7  280s
 1172298 693095     cutoff   47         0.00000    0.02811      -  26.7  285s
 1194025 705718    0.00001   64   37    0.00000    0.02803      -  26.6  290s
 1214473 718575     cutoff   44         0.00000    0.02798      -  26.7  295s
 1232765 729833    0.00201   39   50    0.00000    0.02793      -  26.7  300s
 1255792 742833    0.00515   41   41    0.00000    0.02783      -  26.7  305s
 1276540 754807    0.00004   59   48    0.00000    0.02776      -  26.7  310s
 1296441 766537    0.00000   67   35    0.00000    0.02768      -  26.7  315s
 1316657 778621    0.00579   40   51    0.00000    0.02761      -  26.7  320s
 1338576 790996     cutoff   68         0.00000    0.02754      -  26.7  325s
 1357431 801964    0.00287   35   35    0.00000    0.02747      -  26.8  330s

Cutting planes:
  Gomory: 6
  Implied bound: 11
  MIR: 6
  Mixing: 1
  Flow cover: 31
  Inf proof: 7
  RLT: 78
  Relax-and-lift: 4
  BQP: 23

Explored 1373121 nodes (36742282 simplex iterations) in 333.85 seconds (331.19 work units)
Thread count was 4 (of 4 available processors)

Solution count 10: 2.00365e-06 1.83589e-06 1.81363e-06 ... 1.90665e-07

Optimization achieved user objective limit
Best objective 2.003648307437e-06, best bound 2.742525260673e-02, gap 1368665.7911%
{"verdict": "PROVED", "status": "BOUND_REACHED", "runtime": 333.85258889198303, "objval": 2.0036483074366817e-06, "objbound": 0.027425252606729504, "binaries": 34}
