Set parameter NodefileStart to value 6
Read parameters from file gurobi.env
Restricted license - for non-production use only - expires 2027-11-29
Set parameter OutputFlag to value 1
Set parameter Threads to value 4
Set parameter TimeLimit to value 360
Set parameter MIPGap to value 5e-05
Set parameter MIPFocus to value 2
Set parameter NonConvex to value 2
Set parameter BestBdStop to value 2.7426211734693878e-02
Gurobi Optimizer version 13.0.3 build v13.0.3rc0 (linux64 - "Ubuntu 24.04.5 LTS")

CPU model: AMD EPYC 7763 64-Core Processor, instruction set [SSE2|AVX|AVX2]
Thread count: 2 physical cores, 4 logical processors, using up to 4 threads

Non-default parameters:
TimeLimit  360
BestBdStop  2.7426211734693878e-02
MIPGap  5e-05
MIPFocus  2
NodefileStart  6
NonConvex  2
Threads  4

Optimize a model with 149 rows, 119 columns and 871 nonzeros (Max)
Model fingerprint: 0x2ba48ef8
Model has 1 linear objective coefficients
Model has 50 quadratic constraints
Variable types: 65 continuous, 54 integer (54 binary)
Coefficient statistics:
  Matrix range     [5e-01, 1e+00]
  QMatrix range    [1e+00, 1e+00]
  QLMatrix range   [1e+00, 1e+00]
  Objective range  [1e+00, 1e+00]
  Bounds range     [5e-01, 1e+00]
  RHS range        [1e+00, 1e+00]

Found heuristic solution: objective -0.0000000
Presolve time: 0.00s
Presolved: 349 rows, 120 columns, 1271 nonzeros
Presolved model has 50 bilinear constraint(s)

Solving non-convex MIQCP to global optimality

Variable types: 66 continuous, 54 integer (54 binary)
Root relaxation presolve removed 50 rows and 1 columns
Root relaxation presolved: 299 rows, 119 columns, 1221 nonzeros


Root relaxation: objective 8.333333e-02, 125 iterations, 0.00 seconds (0.00 work units)

    Nodes    |    Current Node    |     Objective Bounds      |     Work
 Expl Unexpl |  Obj  Depth IntInf | Incumbent    BestBd   Gap | It/Node Time

     0     0    0.08333    0   52   -0.00000    0.08333      -     -    0s
     0     0    0.07143    0   55   -0.00000    0.07143      -     -    0s
     0     0    0.07143    0   60   -0.00000    0.07143      -     -    0s
     0     0    0.07143    0   52   -0.00000    0.07143      -     -    0s
     0     0    0.07143    0   49   -0.00000    0.07143      -     -    0s
     0     0    0.07143    0   51   -0.00000    0.07143      -     -    0s
     0     0    0.07143    0   57   -0.00000    0.07143      -     -    0s
     0     0    0.07143    0   57   -0.00000    0.07143      -     -    0s
     0     0    0.07143    0   58   -0.00000    0.07143      -     -    0s
     0     0    0.07143    0   58   -0.00000    0.07143      -     -    0s
H    0     0                       0.0059307    0.07143  1104%     -    0s
H    0     0                       0.0061942    0.07143  1053%     -    0s
     0     2    0.07131    0   49    0.00619    0.07131  1051%     -    0s
H   99   110                       0.0063621    0.07131  1021%  32.1    0s
H  133   162                       0.0064643    0.07131  1003%  33.1    0s
H  297   311                       0.0064643    0.07131  1003%  33.9    0s
H  667   600                       0.0064767    0.07129  1001%  36.8    0s
H  689   648                       0.0065000    0.07129   997%  37.2    0s
H 1419  1149                       0.0115881    0.05041   335%  39.1    1s
H 1966  1278                       0.0119229    0.05041   323%  34.6    1s
H 2032  1260                       0.0125904    0.05041   300%  34.6    2s
H 2093   989                       0.0233762    0.05041   116%  34.5    2s
H 2107   948                       0.0233762    0.05041   116%  34.5    2s
 10176  2558    0.03573   25   57    0.02338    0.04312  84.5%  34.8    5s
 30467  6407     cutoff   32         0.02338    0.03960  69.4%  34.1   10s
 48602  9575    0.02366   30   54    0.02338    0.03826  63.7%  33.3   15s
 69819 12700     cutoff   31         0.02338    0.03711  58.7%  32.4   20s
 89711 15493     cutoff   35         0.02338    0.03627  55.1%  32.4   25s
 111168 18192    0.02958   26   52    0.02338    0.03568  52.6%  32.1   30s
 132971 20353     cutoff   36         0.02338    0.03498  49.6%  31.9   35s
 153965 22207    0.02566   25   52    0.02338    0.03447  47.5%  31.8   40s
 175691 24042    0.02599   34   55    0.02338    0.03393  45.2%  31.5   45s
 195405 25536     cutoff   43         0.02338    0.03345  43.1%  31.4   50s
 217461 27325    0.03064   33   46    0.02338    0.03298  41.1%  31.1   55s
 239267 29001    0.03022   29   57    0.02338    0.03260  39.5%  30.9   60s
 261212 30883     cutoff   31         0.02338    0.03222  37.8%  30.6   65s
 283678 32363    0.02759   35   52    0.02338    0.03184  36.2%  30.4   70s
 302350 33642     cutoff   38         0.02338    0.03156  35.0%  30.2   75s
 325177 34822    0.03118   33   57    0.02338    0.03121  33.5%  29.9   80s
 347950 35862    0.02735   37   50    0.02338    0.03087  32.0%  29.7   85s
 371103 36982     cutoff   41         0.02338    0.03053  30.6%  29.4   90s
 394714 37912    0.02671   37   62    0.02338    0.03020  29.2%  29.2   95s
 417562 39123     cutoff   32         0.02338    0.02992  28.0%  29.0  100s
 441441 40058    0.02852   31   59    0.02338    0.02964  26.8%  28.8  105s
 464700 40550     cutoff   39         0.02338    0.02938  25.7%  28.5  110s
 488339 41150    0.02413   38   29    0.02338    0.02913  24.6%  28.3  115s
 507748 41388    0.02582   32   58    0.02338    0.02892  23.7%  28.2  120s
 531669 41856    0.02522   42   41    0.02338    0.02869  22.7%  28.0  125s
 555561 42051    0.02779   26   44    0.02338    0.02845  21.7%  27.8  130s
 579006 42231    0.02373   39   47    0.02338    0.02824  20.8%  27.7  135s
 602277 42491     cutoff   37         0.02338    0.02804  19.9%  27.5  140s
 626892 42531    0.02398   38   47    0.02338    0.02782  19.0%  27.3  145s
 650553 43021    0.02418   41   56    0.02338    0.02763  18.2%  27.1  150s
 675179 42957     cutoff   37         0.02338    0.02743  17.3%  26.9  155s

Cutting planes:
  Gomory: 2
  Implied bound: 29
  MIR: 2
  Flow cover: 13
  Inf proof: 3
  RLT: 81
  Relax-and-lift: 3
  BQP: 16

Explored 675616 nodes (18153040 simplex iterations) in 155.01 seconds (162.18 work units)
Thread count was 4 (of 4 available processors)

Solution count 10: 0.0233762 0.0125904 0.0119229 ... 0.00593067

Optimization achieved user objective limit
Best objective 2.337617757073e-02, best bound 2.742372882934e-02, gap 17.3149%
{"verdict": "PROVED", "status": "BOUND_REACHED", "runtime": 155.0119240283966, "objval": 0.02337617757073096, "objbound": 0.02742372882933544, "binaries": 54}
