Set parameter NodefileStart to value 6
Read parameters from file gurobi.env
Restricted license - for non-production use only - expires 2027-11-29
Set parameter OutputFlag to value 1
Set parameter Threads to value 4
Set parameter TimeLimit to value 360
Set parameter MIPGap to value 5e-05
Set parameter MIPFocus to value 2
Set parameter NonConvex to value 2
Set parameter BestBdStop to value 2.7426211734693878e-02
Gurobi Optimizer version 13.0.3 build v13.0.3rc0 (linux64 - "Ubuntu 24.04.5 LTS")

CPU model: AMD EPYC 9V74 80-Core Processor, instruction set [SSE2|AVX|AVX2|AVX512]
Thread count: 2 physical cores, 4 logical processors, using up to 4 threads

Non-default parameters:
TimeLimit  360
BestBdStop  2.7426211734693878e-02
MIPGap  5e-05
MIPFocus  2
NodefileStart  6
NonConvex  2
Threads  4

Optimize a model with 141 rows, 111 columns and 810 nonzeros (Max)
Model fingerprint: 0x03d9cb81
Model has 1 linear objective coefficients
Model has 50 quadratic constraints
Variable types: 65 continuous, 46 integer (46 binary)
Coefficient statistics:
  Matrix range     [5e-01, 1e+00]
  QMatrix range    [1e+00, 1e+00]
  QLMatrix range   [1e+00, 1e+00]
  Objective range  [1e+00, 1e+00]
  Bounds range     [5e-01, 1e+00]
  RHS range        [1e+00, 1e+00]

Found heuristic solution: objective -0.0000000
Presolve time: 0.00s
Presolved: 341 rows, 112 columns, 1210 nonzeros
Presolved model has 50 bilinear constraint(s)

Solving non-convex MIQCP to global optimality

Variable types: 66 continuous, 46 integer (46 binary)
Root relaxation presolve removed 50 rows and 1 columns
Root relaxation presolved: 291 rows, 111 columns, 1160 nonzeros


Root relaxation: objective 8.333333e-02, 105 iterations, 0.00 seconds (0.00 work units)

    Nodes    |    Current Node    |     Objective Bounds      |     Work
 Expl Unexpl |  Obj  Depth IntInf | Incumbent    BestBd   Gap | It/Node Time

     0     0    0.08333    0   49   -0.00000    0.08333      -     -    0s
     0     0    0.07143    0   69   -0.00000    0.07143      -     -    0s
     0     0    0.06250    0   59   -0.00000    0.06250      -     -    0s
     0     0    0.06250    0   57   -0.00000    0.06250      -     -    0s
     0     0    0.06250    0   68   -0.00000    0.06250      -     -    0s
     0     0    0.06250    0   59   -0.00000    0.06250      -     -    0s
     0     0    0.05556    0   62   -0.00000    0.05556      -     -    0s
     0     0    0.05556    0   50   -0.00000    0.05556      -     -    0s
H    0     0                       0.0000000    0.05556      -     -    0s
H    0     0                       0.0000002    0.05556      -     -    0s
     0     0    0.05556    0   50    0.00000    0.05556      -     -    0s
     0     0    0.05556    0   50    0.00000    0.05556      -     -    0s
     0     0    0.05556    0   50    0.00000    0.05556      -     -    0s
     0     2    0.05556    0   50    0.00000    0.05556      -     -    0s
H 1217   963                       0.0000005    0.04580      -  24.6    1s
 13682  9269    0.00115   44   51    0.00000    0.03465      -  29.9    5s
 33181 23214    0.00000   72   30    0.00000    0.03266      -  29.8   10s
 52057 37117     cutoff   49         0.00000    0.03207      -  29.8   15s
*62234 44087              86       0.0000005    0.03185      -  30.0   17s
*62235 44079              86       0.0000005    0.03185      -  30.0   17s
H66470 46719                       0.0000006    0.03174      -  29.9   19s
 67961 47915    0.00001   84   43    0.00000    0.03167      -  30.0   20s
H84432 58228                       0.0000008    0.03142      -  30.4   24s
 85512 58676    0.00034   48   50    0.00000    0.03142      -  30.3   25s
 106562 73583    0.00382   50   38    0.00000    0.03080      -  29.7   30s
H126177 86114                       0.0000009    0.03042      -  29.1   34s
 129212 88289     cutoff   60         0.00000    0.03035      -  29.0   35s
H149082 101873                       0.0000009    0.03012      -  28.5   39s
 151101 103213    0.00423   50   50    0.00000    0.03009      -  28.4   40s
 169224 115679    0.02296   34   52    0.00000    0.02990      -  28.1   45s
 193495 132476    0.00716   35   52    0.00000    0.02962      -  27.9   50s
 204875 140197     cutoff   89         0.00000    0.02949      -  27.8   55s
H224751 153300                       0.0000009    0.02929      -  27.6   59s
 226682 154663    0.00225   52   51    0.00000    0.02928      -  27.6   60s
 244486 166742    0.00386   54   51    0.00000    0.02917      -  27.5   65s
 265746 180740    0.00000   53   38    0.00000    0.02898      -  27.3   70s
 291197 198104    0.00005   82   47    0.00000    0.02882      -  27.1   75s
 315333 214509    0.00000   88   33    0.00000    0.02869      -  26.8   80s
 332752 226086    0.00000   63   35    0.00000    0.02860      -  26.7   85s
 356653 241937    0.00004   46   48    0.00000    0.02849      -  26.6   90s
 377781 256039    0.00000   81   43    0.00000    0.02839      -  26.5   95s
 395383 268155    0.01670   42   47    0.00000    0.02833      -  26.4  100s
 419447 283948     cutoff   64         0.00000    0.02820      -  26.3  105s
 438745 297483    0.01876   35   50    0.00000    0.02813      -  26.3  110s
 464658 315380     cutoff   89         0.00000    0.02803      -  26.2  115s
 487703 330995    0.00006   63   31    0.00000    0.02793      -  26.2  120s
 507159 344406    0.00057   52   50    0.00000    0.02787      -  26.1  125s
 525428 357097    0.00002   76   47    0.00000    0.02781      -  26.0  130s
 551971 374918    0.00012   63   43    0.00000    0.02773      -  25.9  135s
 572828 389679    0.00021   62   43    0.00000    0.02768      -  25.8  140s
 593315 403975    0.00073   53   50    0.00000    0.02762      -  25.8  145s
 615748 418390    0.01638   35   50    0.00000    0.02754      -  25.8  150s
 639491 434468    0.00030   59   42    0.00000    0.02748      -  25.8  155s

Cutting planes:
  Gomory: 30
  Implied bound: 38
  MIR: 7
  Mixing: 3
  Flow cover: 66
  Inf proof: 2
  RLT: 112
  Relax-and-lift: 26
  BQP: 24

Explored 659660 nodes (16991586 simplex iterations) in 159.18 seconds (178.70 work units)
Thread count was 4 (of 4 available processors)

Solution count 8: 9.19785e-07 8.94404e-07 7.85029e-07 ... -0

Optimization achieved user objective limit
Best objective 9.197848538104e-07, best bound 2.742545377226e-02, gap -
{"verdict": "PROVED", "status": "BOUND_REACHED", "runtime": 159.1857500076294, "objval": 9.197848538103926e-07, "objbound": 0.027425453772256247, "binaries": 46}
