Set parameter NodefileStart to value 6
Read parameters from file gurobi.env
Restricted license - for non-production use only - expires 2027-11-29
Set parameter OutputFlag to value 1
Set parameter Threads to value 4
Set parameter TimeLimit to value 360
Set parameter MIPGap to value 5e-05
Set parameter MIPFocus to value 2
Set parameter NonConvex to value 2
Set parameter BestBdStop to value 2.7426211734693878e-02
Gurobi Optimizer version 13.0.3 build v13.0.3rc0 (linux64 - "Ubuntu 24.04.5 LTS")

CPU model: AMD EPYC 7763 64-Core Processor, instruction set [SSE2|AVX|AVX2]
Thread count: 2 physical cores, 4 logical processors, using up to 4 threads

Non-default parameters:
TimeLimit  360
BestBdStop  2.7426211734693878e-02
MIPGap  5e-05
MIPFocus  2
NodefileStart  6
NonConvex  2
Threads  4

Optimize a model with 141 rows, 111 columns and 810 nonzeros (Max)
Model fingerprint: 0x954e41db
Model has 1 linear objective coefficients
Model has 50 quadratic constraints
Variable types: 65 continuous, 46 integer (46 binary)
Coefficient statistics:
  Matrix range     [5e-01, 1e+00]
  QMatrix range    [1e+00, 1e+00]
  QLMatrix range   [1e+00, 1e+00]
  Objective range  [1e+00, 1e+00]
  Bounds range     [5e-01, 1e+00]
  RHS range        [1e+00, 1e+00]

Found heuristic solution: objective -0.0000000
Presolve time: 0.00s
Presolved: 341 rows, 112 columns, 1210 nonzeros
Presolved model has 50 bilinear constraint(s)

Solving non-convex MIQCP to global optimality

Variable types: 66 continuous, 46 integer (46 binary)
Root relaxation presolve removed 50 rows and 1 columns
Root relaxation presolved: 291 rows, 111 columns, 1160 nonzeros


Root relaxation: objective 8.333333e-02, 115 iterations, 0.00 seconds (0.00 work units)

    Nodes    |    Current Node    |     Objective Bounds      |     Work
 Expl Unexpl |  Obj  Depth IntInf | Incumbent    BestBd   Gap | It/Node Time

     0     0    0.08333    0   46   -0.00000    0.08333      -     -    0s
     0     0    0.08333    0   63   -0.00000    0.08333      -     -    0s
     0     0    0.08333    0   53   -0.00000    0.08333      -     -    0s
     0     0    0.08333    0   70   -0.00000    0.08333      -     -    0s
     0     0    0.08333    0   55   -0.00000    0.08333      -     -    0s
     0     0    0.08290    0   47   -0.00000    0.08290      -     -    0s
     0     0    0.08290    0   43   -0.00000    0.08290      -     -    0s
     0     0    0.08290    0   42   -0.00000    0.08290      -     -    0s
     0     0    0.08290    0   42   -0.00000    0.08290      -     -    0s
     0     0    0.08290    0   42   -0.00000    0.08290      -     -    0s
     0     2    0.08290    0   42   -0.00000    0.08290      -     -    0s
H  133   137                       0.0000000    0.08290      -  27.9    0s
H 1228  1018                       0.0000002    0.07361      -  25.8    1s
* 2044  1441             126       0.0000004    0.07361      -  22.4    1s
* 2047  1395             128       0.0000004    0.07361      -  22.4    1s
* 2071  1387             145       0.0000006    0.07361      -  22.4    1s
H 6310  4283                       0.0000008    0.06421      -  20.8    3s
H 7249  4819                       0.0000008    0.06285      -  21.5    4s
H 9396  6495                       0.0000009    0.06091      -  22.2    4s
 10152  7184    0.00000   97   15    0.00000    0.05983      -  22.6    5s
*13166  9419              92       0.0000010    0.05875      -  23.1    5s
H19349 14072                       0.0000011    0.05850      -  22.9    8s
H19584 14485                       0.0000011    0.05822      -  22.8    8s
*25173 18308             113       0.0000011    0.05742      -  23.5    9s
 25258 18681    0.00001   71   38    0.00000    0.05742      -  23.5   10s
H33529 24695                       0.0000012    0.05623      -  23.8   12s
H37237 27254                       0.0000012    0.05577      -  23.6   13s
H37240 26672                       0.0000019    0.05577      -  23.6   13s
H37574 22317                       0.0000238    0.05577      -  23.6   13s
H38351 22842                       0.0000239    0.05569      -  23.7   13s
H38640 23062                       0.0000240    0.05568      -  23.7   13s
H40124 22514                       0.0000532    0.05556      -  23.8   14s
H40233 21987                       0.0000698    0.05556      -  23.8   14s
H42374 17521                       0.0008541    0.05542  6389%  23.9   14s
H42551 17428                       0.0008881    0.05542  6140%  23.9   14s
H42750 17122                       0.0010859    0.05536  4998%  23.9   15s
H43207 14756                       0.0025496    0.05533  2070%  24.0   15s
H44163 15126                       0.0026122    0.05506  2008%  24.0   15s
H45409 15760                       0.0026514    0.05480  1967%  24.1   15s
H48064 17179                       0.0028525    0.05434  1805%  24.3   16s
H49845 18145                       0.0028662    0.05393  1781%  24.6   16s
H50512 18101                       0.0031102    0.05384  1631%  24.8   16s
H51615 17617                       0.0042035    0.05364  1176%  24.9   17s
H52254 17847                       0.0044004    0.05350  1116%  24.9   17s
H52609 18030                       0.0044098    0.05344  1112%  24.9   17s
H53873 18555                       0.0044105    0.05324  1107%  25.0   17s
H54532 18231                       0.0051395    0.05319   935%  25.1   18s
H55673 18663                       0.0051550    0.05312   930%  25.1   18s
H56306 19111                       0.0051660    0.05296   925%  25.1   18s
H57255 19605                       0.0051660    0.05283   923%  25.2   18s
H58673 18060                       0.0074583    0.05279   608%  25.3   19s
 61293 19436    0.00923   56   50    0.00746    0.05241   603%  25.4   20s
H64444 20779                       0.0075894    0.05213   587%  25.7   21s
H64530 20385                       0.0082947    0.05210   528%  25.7   21s
H66987 21665                       0.0082970    0.05187   525%  26.0   21s
H67164 21828                       0.0082970    0.05187   525%  26.0   22s
H67622 21697                       0.0086387    0.05183   500%  26.1   22s
H68135 21773                       0.0087596    0.05180   491%  26.1   22s
H68756 22005                       0.0087597    0.05176   491%  26.2   22s
H70219 21960                       0.0096269    0.05154   435%  26.2   22s
H71177 21865                       0.0101135    0.05143   409%  26.3   23s
H71364 22037                       0.0101139    0.05140   408%  26.3   23s
H75144 23854                       0.0101450    0.05095   402%  26.5   24s
H77947 24957                       0.0101501    0.05075   400%  26.6   24s
 78476 25237     cutoff   39         0.01015    0.05069   399%  26.6   25s
H79029 25376                       0.0101565    0.05065   399%  26.7   25s
H79605 25698                       0.0101565    0.05060   398%  26.7   25s
H80440 26087                       0.0101577    0.05054   398%  26.7   25s
*88599 29474              81       0.0101586    0.05000   392%  26.9   27s
 96092 33252     cutoff   51         0.01016    0.04982   390%  27.2   30s
H96448 28150                       0.0138765    0.04980   259%  27.2   30s
H109664 32381                       0.0141876    0.04887   244%  27.7   34s
H109669 32159                       0.0143352    0.04887   241%  27.7   34s
H110290 31694                       0.0148297    0.04887   230%  27.7   34s
 110291 31893 infeasible   38         0.01483    0.04883   229%  27.7   35s
H111488 32196                       0.0148304    0.04876   229%  27.7   35s
H112398 32565                       0.0148305    0.04867   228%  27.8   35s
 127362 37880    0.04770   31   54    0.01483    0.04782   222%  28.1   40s
 145043 44001    0.03409   34   51    0.01483    0.04705   217%  28.4   45s
 164317 50237     cutoff   45         0.01483    0.04630   212%  28.7   50s
 183329 56370    0.01743   38   54    0.01483    0.04564   208%  29.0   55s
 202137 62732    0.01527   40   53    0.01483    0.04513   204%  29.2   60s
 220674 68062    0.02686   37   56    0.01483    0.04463   201%  29.3   65s
 237485 73415    0.01539   40   53    0.01483    0.04419   198%  29.5   70s
 256963 79567     cutoff   43         0.01483    0.04375   195%  29.7   75s
 275762 85267    0.01540   38   43    0.01483    0.04336   192%  29.9   80s
 291745 90121    0.01676   37   51    0.01483    0.04308   190%  30.1   85s
 310494 95340    0.02021   41   50    0.01483    0.04270   188%  30.2   90s
 329370 101019    0.03264   31   54    0.01483    0.04233   185%  30.3   95s
 347760 106182    0.03981   32   55    0.01483    0.04203   183%  30.5  100s
 365233 111145    0.02161   34   50    0.01483    0.04177   182%  30.6  105s
 384978 117278     cutoff   42         0.01483    0.04157   180%  30.8  110s
 404244 122995    0.01884   43   58    0.01483    0.04137   179%  30.8  115s
 422507 128368     cutoff   46         0.01483    0.04115   177%  30.9  120s
 438166 132872    0.03401   28   54    0.01483    0.04096   176%  31.0  125s
 457740 138434    0.01586   44   53    0.01483    0.04073   175%  31.1  130s
 477147 143764    0.01582   38   46    0.01483    0.04051   173%  31.2  135s
 496405 149344    0.02320   35   54    0.01483    0.04034   172%  31.3  140s
 515731 154770    0.02878   39   56    0.01483    0.04016   171%  31.3  145s
 534721 159746    0.01841   41   53    0.01483    0.03998   170%  31.4  150s
 553892 164694    0.02480   33   54    0.01483    0.03979   168%  31.5  155s
 572879 169874    0.03872   34   50    0.01483    0.03964   167%  31.5  160s
 592390 175201    0.03114   33   55    0.01483    0.03948   166%  31.5  165s
 611373 180358    0.01575   36   43    0.01483    0.03932   165%  31.5  170s
 627330 184732    0.02982   38   50    0.01483    0.03918   164%  31.6  175s
 646065 189618    0.03901   36   52    0.01483    0.03904   163%  31.6  180s
 664531 194642    0.01674   35   58    0.01483    0.03890   162%  31.7  185s
 684003 199897    0.01631   46   52    0.01483    0.03877   161%  31.7  190s
 703153 204905    0.01821   36   52    0.01483    0.03864   161%  31.7  195s
 722310 209695    0.01605   42   52    0.01483    0.03851   160%  31.8  200s
 738206 214104     cutoff   41         0.01483    0.03841   159%  31.8  205s
 757377 219196    0.03650   35   53    0.01483    0.03829   158%  31.9  210s
 775901 223981     cutoff   41         0.01483    0.03816   157%  31.9  215s
 795683 228827    0.01765   39   59    0.01483    0.03805   157%  32.0  220s
 811468 233009    0.01580   39   57    0.01483    0.03796   156%  32.0  225s
 830793 237934    0.01645   43   55    0.01483    0.03784   155%  32.0  230s
 849991 242868    0.01549   45   46    0.01483    0.03773   154%  32.0  235s
 868870 248202    0.02405   36   50    0.01483    0.03764   154%  32.1  240s
 888199 253144    0.02121   40   52    0.01483    0.03754   153%  32.1  245s
 906964 258046     cutoff   50         0.01483    0.03743   152%  32.1  250s
 924837 262595    0.02451   34   55    0.01483    0.03733   152%  32.2  255s
 941716 266817    0.01514   43   51    0.01483    0.03724   151%  32.2  260s
 957969 270850     cutoff   35         0.01483    0.03716   151%  32.2  265s
 972381 274422    0.02298   38   52    0.01483    0.03710   150%  32.2  270s
H981363 276678                       0.0148305    0.03706   150%  32.2  272s
H982691 276898                       0.0148326    0.03705   150%  32.2  273s
H982697 276839                       0.0148410    0.03705   150%  32.2  273s
 986742 277879    0.02691   35   55    0.01484    0.03703   150%  32.2  275s
 1003976 282496    0.01666   39   53    0.01484    0.03696   149%  32.3  280s
 1021858 287122    0.03170   36   53    0.01484    0.03687   148%  32.3  285s
 1041071 291922     cutoff   46         0.01484    0.03679   148%  32.3  290s
 1059896 296745    0.02384   44   49    0.01484    0.03671   147%  32.3  295s
 1078927 301510     cutoff   42         0.01484    0.03663   147%  32.3  300s
 1098334 306133    0.02354   33   52    0.01484    0.03654   146%  32.3  305s
 1116317 310721    0.02920   38   54    0.01484    0.03646   146%  32.3  310s
 1136011 315693    0.02507   39   55    0.01484    0.03639   145%  32.4  315s
 1151543 319798    0.02210   37   55    0.01484    0.03633   145%  32.4  320s
 1171147 324496    0.02935   34   54    0.01484    0.03625   144%  32.4  325s
 1190092 329662    0.02068   46   50    0.01484    0.03617   144%  32.4  330s
 1209312 334337     cutoff   41         0.01484    0.03609   143%  32.5  335s
 1228844 338877    0.01624   40   44    0.01484    0.03601   143%  32.5  340s
 1245216 342859    0.01766   36   58    0.01484    0.03595   142%  32.5  345s
H1257390 345841                       0.0148410    0.03590   142%  32.5  348s
H1258558 345993                       0.0148429    0.03590   142%  32.5  348s
H1260273 346261                       0.0148510    0.03590   142%  32.5  349s
H1260760 346443                       0.0148510    0.03589   142%  32.5  349s
 1261230 346567    0.03199   35   55    0.01485    0.03589   142%  32.5  350s
 1277944 350459    0.01590   42   46    0.01485    0.03583   141%  32.5  355s
 1297536 354895    0.01757   42   55    0.01485    0.03576   141%  32.5  360s

Cutting planes:
  Gomory: 21
  Implied bound: 30
  MIR: 13
  Flow cover: 115
  Inf proof: 20
  RLT: 116
  Relax-and-lift: 12
  BQP: 28

Explored 1297555 nodes (42169061 simplex iterations) in 360.00 seconds (406.41 work units)
Thread count was 4 (of 4 available processors)

Solution count 10: 0.014851 0.0148429 0.014841 ... 0.0101586

Time limit reached
Best objective 1.485098116379e-02, best bound 3.575988413845e-02, gap 140.7914%
{"verdict": "UNRESOLVED", "status": "TIME_LIMIT", "runtime": 360.0019299983978, "objval": 0.014850981163793062, "objbound": 0.03575988413844833, "binaries": 46}
