Set parameter NodefileStart to value 6
Read parameters from file gurobi.env
Restricted license - for non-production use only - expires 2027-11-29
Set parameter OutputFlag to value 1
Set parameter Threads to value 4
Set parameter TimeLimit to value 360
Set parameter MIPGap to value 5e-05
Set parameter MIPFocus to value 2
Set parameter NonConvex to value 2
Set parameter BestBdStop to value 2.7426211734693878e-02
Gurobi Optimizer version 13.0.3 build v13.0.3rc0 (linux64 - "Ubuntu 24.04.5 LTS")

CPU model: INTEL(R) XEON(R) PLATINUM 8573C, instruction set [SSE2|AVX|AVX2|AVX512]
Thread count: 2 physical cores, 4 logical processors, using up to 4 threads

Non-default parameters:
TimeLimit  360
BestBdStop  2.7426211734693878e-02
MIPGap  5e-05
MIPFocus  2
NodefileStart  6
NonConvex  2
Threads  4

Optimize a model with 157 rows, 127 columns and 924 nonzeros (Max)
Model fingerprint: 0x894e323e
Model has 1 linear objective coefficients
Model has 50 quadratic constraints
Variable types: 65 continuous, 62 integer (62 binary)
Coefficient statistics:
  Matrix range     [5e-01, 1e+00]
  QMatrix range    [1e+00, 1e+00]
  QLMatrix range   [1e+00, 1e+00]
  Objective range  [1e+00, 1e+00]
  Bounds range     [5e-01, 1e+00]
  RHS range        [1e+00, 1e+00]

Found heuristic solution: objective -0.0000000
Presolve time: 0.00s
Presolved: 357 rows, 128 columns, 1324 nonzeros
Presolved model has 50 bilinear constraint(s)

Solving non-convex MIQCP to global optimality

Variable types: 66 continuous, 62 integer (62 binary)
Root relaxation presolve removed 84 rows and 18 columns
Root relaxation presolved: 273 rows, 110 columns, 1074 nonzeros


Root relaxation: objective 1.000000e-01, 111 iterations, 0.00 seconds (0.00 work units)

    Nodes    |    Current Node    |     Objective Bounds      |     Work
 Expl Unexpl |  Obj  Depth IntInf | Incumbent    BestBd   Gap | It/Node Time

     0     0    0.10000    0   50   -0.00000    0.10000      -     -    0s
     0     0    0.06667    0   73   -0.00000    0.06667      -     -    0s
     0     0    0.06667    0   70   -0.00000    0.06667      -     -    0s
     0     0    0.06667    0   66   -0.00000    0.06667      -     -    0s
     0     0    0.06667    0   64   -0.00000    0.06667      -     -    0s
     0     0    0.06667    0   70   -0.00000    0.06667      -     -    0s
     0     0    0.06667    0   62   -0.00000    0.06667      -     -    0s
     0     0    0.06667    0   58   -0.00000    0.06667      -     -    0s
     0     0    0.06667    0   58   -0.00000    0.06667      -     -    0s
     0     0    0.06667    0   57   -0.00000    0.06667      -     -    0s
     0     0    0.06667    0   57   -0.00000    0.06667      -     -    0s
     0     0    0.06667    0   58   -0.00000    0.06667      -     -    0s
     0     0    0.06667    0   59   -0.00000    0.06667      -     -    0s
     0     0    0.06667    0   60   -0.00000    0.06667      -     -    0s
     0     0    0.06667    0   51   -0.00000    0.06667      -     -    0s
H    0     0                       0.0035613    0.06667  1772%     -    0s
     0     0    0.06667    0   65    0.00356    0.06667  1772%     -    0s
     0     0    0.06667    0   66    0.00356    0.06667  1772%     -    0s
     0     0    0.06667    0   63    0.00356    0.06667  1772%     -    0s
     0     0    0.06667    0   63    0.00356    0.06667  1772%     -    0s
     0     0    0.06667    0   64    0.00356    0.06667  1772%     -    0s
     0     0    0.06667    0   64    0.00356    0.06667  1772%     -    0s
     0     0    0.06667    0   65    0.00356    0.06667  1772%     -    0s
     0     0    0.06667    0   66    0.00356    0.06667  1772%     -    0s
     0     0    0.06667    0   69    0.00356    0.06667  1772%     -    0s
     0     0    0.06667    0   69    0.00356    0.06667  1772%     -    0s
     0     0    0.06667    0   66    0.00356    0.06667  1772%     -    0s
     0     0    0.06667    0   61    0.00356    0.06667  1772%     -    0s
     0     2    0.06667    0   61    0.00356    0.06667  1772%     -    0s
H   56    71                       0.0039890    0.06509  1532%  25.8    0s
H   90   111                       0.0039890    0.06509  1532%  24.1    0s
H  134   155                       0.0071546    0.06509   810%  24.6    0s
H 1168   945                       0.0076932    0.06503   745%  31.4    1s
H 1168   945                       0.0076932    0.06503   745%  31.4    1s
H 1176   901                       0.0077462    0.06450   733%  31.2    1s
H 1176   856                       0.0077478    0.06450   732%  31.2    1s
H 1188   820                       0.0077478    0.04087   428%  30.9    2s
H 1196   784                       0.0088037    0.03901   343%  30.7    2s
H 1199   746                       0.0125880    0.03835   205%  30.6    2s
H 1211   715                       0.0127591    0.03715   191%  30.3    3s
H 1538   789                       0.0130599    0.03699   183%  31.7    4s
H 1660   800                       0.0131167    0.03699   182%  31.4    4s
H 1918   811                       0.0132732    0.03699   179%  30.8    4s
H 2886   691                       0.0133762    0.03309   147%  29.3    4s
  3035   705 infeasible   46         0.01338    0.03308   147%  28.7    5s
H 3972   897                       0.0134834    0.03111   131%  27.9    5s
H 5416  1277                       0.0171392    0.03001  75.1%  26.2    6s
H 5601  1352                       0.0171392    0.02999  75.0%  25.9    6s
H 6209  1604                       0.0171392    0.02945  71.8%  25.0    6s

Cutting planes:
  Gomory: 5
  Implied bound: 3
  MIR: 2
  Flow cover: 8
  RLT: 52
  BQP: 20

Explored 9322 nodes (220953 simplex iterations) in 7.53 seconds (4.62 work units)
Thread count was 4 (of 4 available processors)

Solution count 10: 0.0171392 0.0134834 0.0133762 ... 0.00774778

Optimization achieved user objective limit
Best objective 1.713917537373e-02, best bound 2.741160443530e-02, gap 59.9354%
{"verdict": "PROVED", "status": "BOUND_REACHED", "runtime": 7.5338051319122314, "objval": 0.017139175373732746, "objbound": 0.027411604435298893, "binaries": 62}
