Set parameter NodefileStart to value 6
Read parameters from file gurobi.env
Restricted license - for non-production use only - expires 2027-11-29
Set parameter OutputFlag to value 1
Set parameter Threads to value 4
Set parameter TimeLimit to value 360
Set parameter MIPGap to value 5e-05
Set parameter MIPFocus to value 2
Set parameter NonConvex to value 2
Set parameter BestBdStop to value 2.7426211734693878e-02
Gurobi Optimizer version 13.0.3 build v13.0.3rc0 (linux64 - "Ubuntu 24.04.5 LTS")

CPU model: INTEL(R) XEON(R) PLATINUM 8573C, instruction set [SSE2|AVX|AVX2|AVX512]
Thread count: 2 physical cores, 4 logical processors, using up to 4 threads

Non-default parameters:
TimeLimit  360
BestBdStop  2.7426211734693878e-02
MIPGap  5e-05
MIPFocus  2
NodefileStart  6
NonConvex  2
Threads  4

Optimize a model with 133 rows, 103 columns and 742 nonzeros (Max)
Model fingerprint: 0xd7892882
Model has 1 linear objective coefficients
Model has 50 quadratic constraints
Variable types: 65 continuous, 38 integer (38 binary)
Coefficient statistics:
  Matrix range     [5e-01, 1e+00]
  QMatrix range    [1e+00, 1e+00]
  QLMatrix range   [1e+00, 1e+00]
  Objective range  [1e+00, 1e+00]
  Bounds range     [5e-01, 1e+00]
  RHS range        [1e+00, 1e+00]

Found heuristic solution: objective -0.0000000
Presolve time: 0.00s
Presolved: 333 rows, 104 columns, 1142 nonzeros
Presolved model has 50 bilinear constraint(s)

Solving non-convex MIQCP to global optimality

Variable types: 66 continuous, 38 integer (38 binary)
Found heuristic solution: objective 0.0000000
Root relaxation presolve removed 66 rows and 9 columns
Root relaxation presolved: 267 rows, 95 columns, 996 nonzeros


Root relaxation: objective 1.000000e-01, 119 iterations, 0.00 seconds (0.00 work units)

    Nodes    |    Current Node    |     Objective Bounds      |     Work
 Expl Unexpl |  Obj  Depth IntInf | Incumbent    BestBd   Gap | It/Node Time

     0     0    0.10000    0   53    0.00000    0.10000      -     -    0s
     0     0    0.07955    0   56    0.00000    0.07955      -     -    0s
     0     0    0.07143    0   57    0.00000    0.07143      -     -    0s
     0     0    0.07143    0   56    0.00000    0.07143      -     -    0s
     0     0    0.07143    0   54    0.00000    0.07143      -     -    0s
     0     0    0.07143    0   54    0.00000    0.07143      -     -    0s
     0     0    0.07143    0   56    0.00000    0.07143      -     -    0s
     0     0    0.07143    0   57    0.00000    0.07143      -     -    0s
     0     0    0.07143    0   56    0.00000    0.07143      -     -    0s
     0     0    0.07143    0   56    0.00000    0.07143      -     -    0s
     0     2    0.07143    0   56    0.00000    0.07143      -     -    0s
*  514   449              77       0.0000001    0.07143      -  29.2    0s
H  678   596                       0.0000003    0.06250      -  30.6    0s
H  693   572                       0.0000006    0.06250      -  31.3    0s
H  877   614                       0.0000006    0.06250      -  28.3    0s
H 1276   858                       0.0000006    0.05777      -  29.2    1s
H 1871  1129                       0.0000007    0.02790      -  27.7    1s

Cutting planes:
  Gomory: 5
  RLT: 25
  Relax-and-lift: 1
  BQP: 4

Explored 2856 nodes (78986 simplex iterations) in 1.87 seconds (1.29 work units)
Thread count was 4 (of 4 available processors)

Solution count 8: 7.04019e-07 5.98235e-07 5.81212e-07 ... -0

Optimization achieved user objective limit
Best objective 7.040192396106e-07, best bound 2.584247319563e-02, gap -
{"verdict": "PROVED", "status": "BOUND_REACHED", "runtime": 1.870270013809204, "objval": 7.040192396105817e-07, "objbound": 0.025842473195628383, "binaries": 38}
