Set parameter NodefileStart to value 6
Read parameters from file gurobi.env
Restricted license - for non-production use only - expires 2027-11-29
Set parameter OutputFlag to value 1
Set parameter Threads to value 4
Set parameter TimeLimit to value 360
Set parameter MIPGap to value 5e-05
Set parameter MIPFocus to value 2
Set parameter NonConvex to value 2
Set parameter BestBdStop to value 2.7426211734693878e-02
Gurobi Optimizer version 13.0.3 build v13.0.3rc0 (linux64 - "Ubuntu 24.04.5 LTS")

CPU model: AMD EPYC 7763 64-Core Processor, instruction set [SSE2|AVX|AVX2]
Thread count: 2 physical cores, 4 logical processors, using up to 4 threads

Non-default parameters:
TimeLimit  360
BestBdStop  2.7426211734693878e-02
MIPGap  5e-05
MIPFocus  2
NodefileStart  6
NonConvex  2
Threads  4

Optimize a model with 141 rows, 111 columns and 810 nonzeros (Max)
Model fingerprint: 0x72b0aeda
Model has 1 linear objective coefficients
Model has 50 quadratic constraints
Variable types: 65 continuous, 46 integer (46 binary)
Coefficient statistics:
  Matrix range     [5e-01, 1e+00]
  QMatrix range    [1e+00, 1e+00]
  QLMatrix range   [1e+00, 1e+00]
  Objective range  [1e+00, 1e+00]
  Bounds range     [5e-01, 1e+00]
  RHS range        [1e+00, 1e+00]

Found heuristic solution: objective -0.0000000
Presolve time: 0.00s
Presolved: 341 rows, 112 columns, 1210 nonzeros
Presolved model has 50 bilinear constraint(s)

Solving non-convex MIQCP to global optimality

Variable types: 66 continuous, 46 integer (46 binary)
Root relaxation presolve removed 50 rows and 1 columns
Root relaxation presolved: 291 rows, 111 columns, 1160 nonzeros


Root relaxation: objective 8.333333e-02, 122 iterations, 0.00 seconds (0.00 work units)

    Nodes    |    Current Node    |     Objective Bounds      |     Work
 Expl Unexpl |  Obj  Depth IntInf | Incumbent    BestBd   Gap | It/Node Time

     0     0    0.08333    0   43   -0.00000    0.08333      -     -    0s
     0     0    0.07143    0   48   -0.00000    0.07143      -     -    0s
     0     0    0.07143    0   54   -0.00000    0.07143      -     -    0s
     0     0    0.07143    0   58   -0.00000    0.07143      -     -    0s
     0     0    0.07143    0   52   -0.00000    0.07143      -     -    0s
     0     0    0.07143    0   42   -0.00000    0.07143      -     -    0s
     0     0    0.07143    0   51   -0.00000    0.07143      -     -    0s
     0     0    0.07143    0   52   -0.00000    0.07143      -     -    0s
     0     0    0.07143    0   52   -0.00000    0.07143      -     -    0s
     0     2    0.07143    0   52   -0.00000    0.07143      -     -    0s
H  143   145                       0.0000000    0.07143      -  28.0    0s
*  926   766              89       0.0000000    0.07143      -  18.7    0s
H 1024   862                       0.0000005    0.07143      -  19.5    0s
* 2025  1397             113       0.0000007    0.05253      -  20.6    1s
H 3189  1949                       0.0000008    0.05253      -  20.3    2s
 12402  8338    0.00008   56   44    0.00000    0.03376      -  20.4    5s
 33707 22100    0.00585   35   51    0.00000    0.02929      -  18.9   10s

Cutting planes:
  Gomory: 8
  Implied bound: 7
  MIR: 2
  Flow cover: 7
  RLT: 48
  Relax-and-lift: 5
  BQP: 13

Explored 52288 nodes (991588 simplex iterations) in 14.02 seconds (13.27 work units)
Thread count was 4 (of 4 available processors)

Solution count 6: 8.01401e-07 6.93334e-07 5.41073e-07 ... -0

Optimization achieved user objective limit
Best objective 8.014014545588e-07, best bound 2.740922341609e-02, gap -
{"verdict": "PROVED", "status": "BOUND_REACHED", "runtime": 14.02541208267212, "objval": 8.014014545587589e-07, "objbound": 0.02740922341609197, "binaries": 46}
