Set parameter NodefileStart to value 6
Read parameters from file gurobi.env
Restricted license - for non-production use only - expires 2027-11-29
Set parameter OutputFlag to value 1
Set parameter Threads to value 4
Set parameter TimeLimit to value 360
Set parameter MIPGap to value 5e-05
Set parameter MIPFocus to value 2
Set parameter NonConvex to value 2
Set parameter BestBdStop to value 2.7426211734693878e-02
Gurobi Optimizer version 13.0.3 build v13.0.3rc0 (linux64 - "Ubuntu 24.04.5 LTS")

CPU model: AMD EPYC 7763 64-Core Processor, instruction set [SSE2|AVX|AVX2]
Thread count: 2 physical cores, 4 logical processors, using up to 4 threads

Non-default parameters:
TimeLimit  360
BestBdStop  2.7426211734693878e-02
MIPGap  5e-05
MIPFocus  2
NodefileStart  6
NonConvex  2
Threads  4

Optimize a model with 129 rows, 99 columns and 714 nonzeros (Max)
Model fingerprint: 0xbaf0fdd1
Model has 1 linear objective coefficients
Model has 50 quadratic constraints
Variable types: 65 continuous, 34 integer (34 binary)
Coefficient statistics:
  Matrix range     [5e-01, 1e+00]
  QMatrix range    [1e+00, 1e+00]
  QLMatrix range   [1e+00, 1e+00]
  Objective range  [1e+00, 1e+00]
  Bounds range     [5e-01, 1e+00]
  RHS range        [1e+00, 1e+00]

Found heuristic solution: objective -0.0000000
Presolve time: 0.00s
Presolved: 329 rows, 100 columns, 1114 nonzeros
Presolved model has 50 bilinear constraint(s)

Solving non-convex MIQCP to global optimality

Variable types: 66 continuous, 34 integer (34 binary)
Root relaxation presolve removed 58 rows and 5 columns
Root relaxation presolved: 271 rows, 95 columns, 1016 nonzeros


Root relaxation: objective 7.500000e-02, 134 iterations, 0.00 seconds (0.00 work units)

    Nodes    |    Current Node    |     Objective Bounds      |     Work
 Expl Unexpl |  Obj  Depth IntInf | Incumbent    BestBd   Gap | It/Node Time

     0     0    0.07500    0   49   -0.00000    0.07500      -     -    0s
     0     0    0.05741    0   59   -0.00000    0.05741      -     -    0s
     0     0    0.05000    0   55   -0.00000    0.05000      -     -    0s
     0     0    0.04762    0   54   -0.00000    0.04762      -     -    0s
     0     0    0.04444    0   57   -0.00000    0.04444      -     -    0s
     0     0    0.04444    0   57   -0.00000    0.04444      -     -    0s
     0     0    0.04348    0   55   -0.00000    0.04348      -     -    0s
     0     0    0.04348    0   55   -0.00000    0.04348      -     -    0s
     0     0    0.04348    0   53   -0.00000    0.04348      -     -    0s
     0     0    0.04348    0   53   -0.00000    0.04348      -     -    0s
     0     0    0.04348    0   53   -0.00000    0.04348      -     -    0s
     0     0    0.04348    0   53   -0.00000    0.04348      -     -    0s
     0     0    0.04348    0   52   -0.00000    0.04348      -     -    0s
     0     0    0.04348    0   52   -0.00000    0.04348      -     -    0s
     0     2    0.04348    0   52   -0.00000    0.04348      -     -    0s
*  539   446              75       0.0000001    0.03846      -  28.1    0s
*  543   446              77       0.0000001    0.03846      -  27.9    0s
H 1210   965                       0.0000004    0.03286      -  26.4    0s

Cutting planes:
  Flow cover: 6
  RLT: 35
  BQP: 7

Explored 1222 nodes (33027 simplex iterations) in 1.09 seconds (0.70 work units)
Thread count was 4 (of 4 available processors)

Solution count 4: 3.65631e-07 6.39901e-08 6.14762e-08 -0 

Optimization achieved user objective limit
Best objective 3.656313469769e-07, best bound 2.655329573199e-02, gap -
{"verdict": "PROVED", "status": "BOUND_REACHED", "runtime": 1.0926380157470703, "objval": 3.6563134697686916e-07, "objbound": 0.02655329573198829, "binaries": 34}
