Set parameter NodefileStart to value 6
Read parameters from file gurobi.env
Restricted license - for non-production use only - expires 2027-11-29
Set parameter OutputFlag to value 1
Set parameter Threads to value 4
Set parameter TimeLimit to value 360
Set parameter MIPGap to value 5e-05
Set parameter MIPFocus to value 2
Set parameter NonConvex to value 2
Set parameter BestBdStop to value 2.7426211734693878e-02
Gurobi Optimizer version 13.0.3 build v13.0.3rc0 (linux64 - "Ubuntu 24.04.5 LTS")

CPU model: AMD EPYC 7763 64-Core Processor, instruction set [SSE2|AVX|AVX2]
Thread count: 2 physical cores, 4 logical processors, using up to 4 threads

Non-default parameters:
TimeLimit  360
BestBdStop  2.7426211734693878e-02
MIPGap  5e-05
MIPFocus  2
NodefileStart  6
NonConvex  2
Threads  4

Optimize a model with 145 rows, 115 columns and 846 nonzeros (Max)
Model fingerprint: 0x72e8eb2e
Model has 1 linear objective coefficients
Model has 50 quadratic constraints
Variable types: 65 continuous, 50 integer (50 binary)
Coefficient statistics:
  Matrix range     [5e-01, 1e+00]
  QMatrix range    [1e+00, 1e+00]
  QLMatrix range   [1e+00, 1e+00]
  Objective range  [1e+00, 1e+00]
  Bounds range     [5e-01, 1e+00]
  RHS range        [1e+00, 1e+00]

Found heuristic solution: objective -0.0000000
Presolve time: 0.00s
Presolved: 345 rows, 116 columns, 1246 nonzeros
Presolved model has 50 bilinear constraint(s)

Solving non-convex MIQCP to global optimality

Variable types: 66 continuous, 50 integer (50 binary)
Found heuristic solution: objective 0.0000000
Root relaxation presolve removed 50 rows and 1 columns
Root relaxation presolved: 295 rows, 115 columns, 1196 nonzeros


Root relaxation: objective 8.333333e-02, 125 iterations, 0.00 seconds (0.00 work units)

    Nodes    |    Current Node    |     Objective Bounds      |     Work
 Expl Unexpl |  Obj  Depth IntInf | Incumbent    BestBd   Gap | It/Node Time

     0     0    0.08333    0   56    0.00000    0.08333      -     -    0s
     0     0    0.07143    0   56    0.00000    0.07143      -     -    0s
     0     0    0.07143    0   67    0.00000    0.07143      -     -    0s
     0     0    0.07143    0   64    0.00000    0.07143      -     -    0s
     0     0    0.07143    0   68    0.00000    0.07143      -     -    0s
     0     0    0.07143    0   50    0.00000    0.07143      -     -    0s
     0     0    0.07143    0   43    0.00000    0.07143      -     -    0s
     0     0    0.07143    0   46    0.00000    0.07143      -     -    0s
     0     0    0.07143    0   57    0.00000    0.07143      -     -    0s
     0     0    0.07143    0   49    0.00000    0.07143      -     -    0s
     0     0    0.07143    0   49    0.00000    0.07143      -     -    0s
     0     2    0.07143    0   49    0.00000    0.07143      -     -    0s
*  599   511              75       0.0000001    0.07143      -  29.9    0s
*  600   511              75       0.0000002    0.07143      -  30.0    0s
H 1237   967                       0.0042649    0.07143  1575%  29.3    1s
H 1237   919                       0.0050873    0.07143  1304%  29.3    1s
H 1237   872                       0.0070472    0.07143   914%  29.3    1s
H 1237   829                       0.0071743    0.07143   896%  29.3    1s
H 1377   877                       0.0095490    0.07143   648%  31.3    1s
H 1631   968                       0.0095490    0.07000   633%  31.2    1s
H 1845   950                       0.0098573    0.06835   593%  31.7    1s
H 2083  1071                       0.0098574    0.06835   593%  32.7    1s
H 2858  1321                       0.0111397    0.06491   483%  32.2    2s
H 3000  1326                       0.0115079    0.06440   460%  31.4    2s
H 3199  1492                       0.0116685    0.06437   452%  30.7    2s
H 3374  1568                       0.0119076    0.06415   439%  30.1    2s
H 4036  1933                       0.0119079    0.06126   414%  30.6    2s
H 5087  2294                       0.0120147    0.05654   371%  31.7    2s
H 5773  2532                       0.0120151    0.05485   357%  32.2    3s
H 6488  2622                       0.0138329    0.05342   286%  33.3    3s
H 7651  2687                       0.0163169    0.05272   223%  33.5    3s
H 8693  3088                       0.0163170    0.05160   216%  34.1    4s
H 9666  3110                       0.0168482    0.05119   204%  34.7    4s
H10200  3238                       0.0174278    0.05083   192%  35.0    4s
 11616  3680     cutoff   32         0.01743    0.04971   185%  35.3    5s
H11619  3662                       0.0175513    0.04971   183%  35.3    5s
H11891  3744                       0.0177950    0.04971   179%  35.4    5s
H13169  3942                       0.0185592    0.04873   163%  35.7    5s
H13226  4019                       0.0185592    0.04871   162%  35.7    5s
H20421  5684                       0.0197496    0.04585   132%  36.1    8s
 26324  7161    0.02408   26   41    0.01975    0.04451   125%  35.9   10s
 46130 10937    0.02987   32   36    0.01975    0.04097   107%  35.4   15s
 66886 14778     cutoff   33         0.01975    0.03906  97.8%  34.7   20s
H84844 17637                       0.0197498    0.03778  91.3%  34.2   24s
 86782 17979    0.02196   36   55    0.01975    0.03766  90.7%  34.1   25s
 107313 21307    0.03241   24   55    0.01975    0.03662  85.4%  33.6   30s
*122292 23633              48       0.0198211    0.03600  81.6%  33.4   33s
*122295 23609              50       0.0198416    0.03600  81.4%  33.4   33s
*122297 23599              51       0.0198466    0.03600  81.4%  33.4   33s
*122299 23598              52       0.0198478    0.03600  81.4%  33.4   33s
*122301 23598              53       0.0198481    0.03600  81.4%  33.4   33s
*122302 23598              53       0.0198482    0.03600  81.4%  33.4   33s
H123664 22619                       0.0205718    0.03595  74.8%  33.4   34s
 125288 22791     cutoff   27         0.02057    0.03585  74.3%  33.4   35s
H125289 22520                       0.0207577    0.03585  72.7%  33.4   35s
H127870 22248                       0.0211269    0.03571  69.0%  33.4   35s
H127923 22262                       0.0211270    0.03571  69.0%  33.4   35s
H128955 22338                       0.0211270    0.03567  68.8%  33.3   36s
 144255 24201    0.02205   37   45    0.02113    0.03505  65.9%  33.1   40s
 165744 26239    0.03186   36   42    0.02113    0.03425  62.1%  32.8   45s
 182987 27580    0.02701   36   42    0.02113    0.03364  59.2%  32.6   50s
 204900 29136    0.02177   38   46    0.02113    0.03291  55.8%  32.2   55s
 226308 30919    0.02351   37   54    0.02113    0.03236  53.2%  31.9   60s
H228163 30276                       0.0214042    0.03232  51.0%  31.9   60s
H228491 30295                       0.0214042    0.03231  50.9%  31.9   60s
H229609 30354                       0.0214042    0.03227  50.8%  31.9   60s
 244918 31228    0.02720   33   58    0.02140    0.03186  48.9%  31.7   65s
 267706 32003     cutoff   31         0.02140    0.03126  46.1%  31.4   70s
 290093 32599    0.02581   39   50    0.02140    0.03075  43.7%  31.2   75s
 312609 32859     cutoff   41         0.02140    0.03026  41.4%  31.0   80s
 332040 33201     cutoff   34         0.02140    0.02987  39.6%  30.8   85s
 354472 33617     cutoff   44         0.02140    0.02940  37.4%  30.5   90s
 374546 33652    0.02166   43   51    0.02140    0.02897  35.3%  30.3   95s
 395850 33759     cutoff   35         0.02140    0.02858  33.5%  30.1  100s
 418485 33517    0.02192   24   57    0.02140    0.02814  31.5%  29.9  105s
 441138 32989    0.02748   23   50    0.02140    0.02773  29.6%  29.7  110s

Cutting planes:
  Gomory: 7
  Implied bound: 17
  MIR: 2
  Flow cover: 13
  Inf proof: 1
  RLT: 81
  Relax-and-lift: 6
  BQP: 12

Explored 459263 nodes (13554367 simplex iterations) in 113.94 seconds (118.43 work units)
Thread count was 4 (of 4 available processors)

Solution count 10: 0.0214042 0.021127 0.0207577 ... 0.0185592

Optimization achieved user objective limit
Best objective 2.140423805419e-02, best bound 2.742497310199e-02, gap 28.1287%
{"verdict": "PROVED", "status": "BOUND_REACHED", "runtime": 113.94593000411987, "objval": 0.02140423805418597, "objbound": 0.027424973101986085, "binaries": 50}
