Set parameter NodefileStart to value 6
Read parameters from file gurobi.env
Restricted license - for non-production use only - expires 2027-11-29
Set parameter OutputFlag to value 1
Set parameter Threads to value 4
Set parameter TimeLimit to value 360
Set parameter MIPGap to value 5e-05
Set parameter MIPFocus to value 2
Set parameter NonConvex to value 2
Set parameter BestBdStop to value 2.7426211734693878e-02
Gurobi Optimizer version 13.0.3 build v13.0.3rc0 (linux64 - "Ubuntu 24.04.5 LTS")

CPU model: AMD EPYC 7763 64-Core Processor, instruction set [SSE2|AVX|AVX2]
Thread count: 2 physical cores, 4 logical processors, using up to 4 threads

Non-default parameters:
TimeLimit  360
BestBdStop  2.7426211734693878e-02
MIPGap  5e-05
MIPFocus  2
NodefileStart  6
NonConvex  2
Threads  4

Optimize a model with 141 rows, 111 columns and 810 nonzeros (Max)
Model fingerprint: 0xc205409f
Model has 1 linear objective coefficients
Model has 50 quadratic constraints
Variable types: 65 continuous, 46 integer (46 binary)
Coefficient statistics:
  Matrix range     [5e-01, 1e+00]
  QMatrix range    [1e+00, 1e+00]
  QLMatrix range   [1e+00, 1e+00]
  Objective range  [1e+00, 1e+00]
  Bounds range     [5e-01, 1e+00]
  RHS range        [1e+00, 1e+00]

Found heuristic solution: objective -0.0000000
Presolve time: 0.00s
Presolved: 341 rows, 112 columns, 1210 nonzeros
Presolved model has 50 bilinear constraint(s)

Solving non-convex MIQCP to global optimality

Variable types: 66 continuous, 46 integer (46 binary)
Root relaxation presolve removed 50 rows and 1 columns
Root relaxation presolved: 291 rows, 111 columns, 1160 nonzeros


Root relaxation: objective 8.333333e-02, 142 iterations, 0.00 seconds (0.00 work units)

    Nodes    |    Current Node    |     Objective Bounds      |     Work
 Expl Unexpl |  Obj  Depth IntInf | Incumbent    BestBd   Gap | It/Node Time

     0     0    0.08333    0   47   -0.00000    0.08333      -     -    0s
     0     0    0.06250    0   54   -0.00000    0.06250      -     -    0s
     0     0    0.06250    0   44   -0.00000    0.06250      -     -    0s
     0     0    0.06250    0   36   -0.00000    0.06250      -     -    0s
H    0     0                       0.0000001    0.06250      -     -    0s
     0     0    0.06250    0   36    0.00000    0.06250      -     -    0s
     0     0    0.06250    0   36    0.00000    0.06250      -     -    0s
     0     2    0.06250    0   36    0.00000    0.06250      -     -    0s
*  655   645              85       0.0000001    0.06250      -  23.3    0s
H 1263   992                       0.0000004    0.06250      -  23.0    1s
* 2255  1524             142       0.0000004    0.05550      -  21.2    1s
* 2288  1501             151       0.0000004    0.05550      -  21.1    1s
* 2302  1420             155       0.0000006    0.05550      -  21.1    1s
H 3372  1935                       0.0000006    0.05550      -  21.5    2s
* 4477  2865             137       0.0000006    0.05550      -  21.1    3s
* 4486  2865             138       0.0000006    0.05550      -  21.1    3s
* 5093  3444             146       0.0000008    0.05550      -  21.1    3s
H 5633  3936                       0.0000009    0.05550      -  22.3    3s
 11183  8476    0.03387   30   56    0.00000    0.05345      -  22.2    5s
H18980 13742                       0.0000010    0.05000      -  22.4    6s
 26065 19072    0.00001   73   46    0.00000    0.04896      -  23.5   10s
 46570 33945    0.00000  136   24    0.00000    0.04664      -  25.1   15s
 68155 49955    0.00022   73   40    0.00000    0.04573      -  25.2   20s
 89368 65097    0.00003   67   54    0.00000    0.04481      -  24.1   25s
 113530 82167    0.01444   36   53    0.00000    0.04402      -  23.1   30s
 132789 96098    0.00001   77   42    0.00000    0.04355      -  22.8   35s
 155063 111882    0.01563   31   42    0.00000    0.04295      -  22.6   40s
 173195 124261    0.00050   48   47    0.00000    0.04248      -  22.4   45s
 193756 138605    0.01451   35   51    0.00000    0.04210      -  22.3   50s
 214536 153164    0.00001   62   50    0.00000    0.04184      -  22.3   55s
 234807 167335     cutoff   42         0.00000    0.04167      -  22.2   60s
 256672 182735    0.03936   29   52    0.00000    0.04156      -  22.2   65s
 277500 197545    0.00491   44   43    0.00000    0.04136      -  22.1   70s
 295507 209588     cutoff   54         0.00000    0.04117      -  22.1   75s
 315627 223214    0.00129   47   51    0.00000    0.04099      -  22.0   80s
 335462 236133    0.00102   52   39    0.00000    0.04080      -  22.0   85s
 355867 249718     cutoff   48         0.00000    0.04063      -  22.0   90s
 377557 264784    0.01427   38   45    0.00000    0.04047      -  21.9   95s
 397866 279095 infeasible   44         0.00000    0.04035      -  21.8  100s
 419480 292906    0.02537   38   53    0.00000    0.04019      -  21.8  106s
 437123 305856    0.00035   56   51    0.00000    0.04011      -  21.8  110s
 454284 317199    0.02799   38   56    0.00000    0.03999      -  21.8  115s
H458942 320029                       0.0000010    0.03995      -  21.7  116s
 471283 327806    0.00742   45   52    0.00000    0.03986      -  21.7  120s
*487770 339061             160       0.0000011    0.03980      -  21.7  123s
 489035 342943    0.00000   87   42    0.00000    0.03979      -  21.7  125s
 511242 356263    0.00028   49   45    0.00000    0.03968      -  21.7  130s
 531896 370490    0.00584   41   37    0.00000    0.03957      -  21.7  135s
 554690 386467    0.02827   38   56    0.00000    0.03946      -  21.6  140s
 575857 400968    0.00000   72   47    0.00000    0.03936      -  21.6  145s
 583526 405658    0.00000   68   44    0.00000    0.03932      -  21.6  150s
 598537 416532    0.00344   51   50    0.00000    0.03926      -  21.5  155s
 620240 431160    0.00001   76   51    0.00000    0.03916      -  21.5  160s
 642007 445847    0.01021   48   54    0.00000    0.03905      -  21.5  165s
 662720 460317     cutoff   79         0.00000    0.03898      -  21.5  170s
 682652 473576    0.03006   41   50    0.00000    0.03890      -  21.5  175s
 703606 488093    0.00854   32   54    0.00000    0.03883      -  21.5  180s
 726168 503663    0.01644   38   50    0.00000    0.03873      -  21.5  185s
 739133 512452    0.00082   49   43    0.00000    0.03868      -  21.5  190s
*740997 512677             159       0.0000011    0.03868      -  21.5  190s
 757801 524222    0.00190   52   50    0.00000    0.03861      -  21.5  195s
 778887 538903    0.02621   34   47    0.00000    0.03853      -  21.4  200s
 800889 553415     cutoff   42         0.00000    0.03846      -  21.4  205s
 821419 566909    0.03624   32   53    0.00000    0.03837      -  21.4  210s
 839497 579032    0.00007   72   52    0.00000    0.03830      -  21.5  215s
 858043 591371    0.00245   47   52    0.00000    0.03823      -  21.5  220s
 879903 605356     cutoff   49         0.00000    0.03816      -  21.5  225s
 898845 618168    0.00916   39   50    0.00000    0.03810      -  21.4  230s
 917427 631173    0.01188   44   52    0.00000    0.03807      -  21.4  235s
 938041 644358    0.00000   65   49    0.00000    0.03801      -  21.4  240s
 960865 660131    0.00365   40   52    0.00000    0.03796      -  21.4  245s
 981458 674489     cutoff   50         0.00000    0.03790      -  21.4  250s
 1002502 688393     cutoff   54         0.00000    0.03784      -  21.3  255s
 1023288 702203     cutoff   52         0.00000    0.03777      -  21.3  260s
 1045393 717014    0.00134   45   51    0.00000    0.03771      -  21.3  265s
 1063879 728058    0.00000   71   49    0.00000    0.03765      -  21.3  270s
 1086640 742645     cutoff   47         0.00000    0.03759      -  21.3  275s
 1106679 755790     cutoff   45         0.00000    0.03753      -  21.3  280s
 1126908 768991    0.01759   50   51    0.00000    0.03748      -  21.3  285s
 1145431 783219     cutoff   46         0.00000    0.03743      -  21.3  290s
 1169973 797876    0.00167   44   50    0.00000    0.03739      -  21.3  295s
 1191601 812539    0.00000  132   31    0.00000    0.03734      -  21.3  300s
 1212087 826219    0.00006   59   44    0.00000    0.03730      -  21.3  305s
 1234236 841628    0.00927   59   51    0.00000    0.03725      -  21.2  310s
 1254722 855384 infeasible   63         0.00000    0.03720      -  21.2  315s
 1276405 869833    0.03715   38   55    0.00000    0.03716      -  21.2  320s
 1297159 883834    0.00014   59   37    0.00000    0.03711      -  21.2  325s
 1318554 897540    0.00340   34   52    0.00000    0.03706      -  21.2  330s
 1339248 911008    0.02630   36   53    0.00000    0.03701      -  21.2  335s
 1361374 925321     cutoff   85         0.00000    0.03696      -  21.2  340s
 1380132 937790     cutoff   80         0.00000    0.03692      -  21.2  345s
 1397012 949406     cutoff   56         0.00000    0.03689      -  21.2  350s
 1419183 963711    0.03438   29   54    0.00000    0.03683      -  21.2  355s
 1435301 973588     cutoff   52         0.00000    0.03681      -  21.2  360s

Cutting planes:
  Gomory: 8
  Implied bound: 4
  MIR: 4
  Flow cover: 23
  RLT: 80
  Relax-and-lift: 3
  BQP: 35

Explored 1435564 nodes (30435334 simplex iterations) in 360.00 seconds (381.93 work units)
Thread count was 4 (of 4 available processors)

Solution count 10: 1.12726e-06 1.12726e-06 1.07347e-06 ... 5.77398e-07

Time limit reached
Best objective 1.127263925956e-06, best bound 3.680752204840e-02, gap 3265108.9010%
{"verdict": "UNRESOLVED", "status": "TIME_LIMIT", "runtime": 360.0026979446411, "objval": 1.1272639259557116e-06, "objbound": 0.03680752204839734, "binaries": 46}
