Set parameter NodefileStart to value 6
Read parameters from file gurobi.env
Restricted license - for non-production use only - expires 2027-11-29
Set parameter OutputFlag to value 1
Set parameter Threads to value 4
Set parameter TimeLimit to value 360
Set parameter MIPGap to value 5e-05
Set parameter MIPFocus to value 2
Set parameter NonConvex to value 2
Set parameter BestBdStop to value 2.7426211734693878e-02
Gurobi Optimizer version 13.0.3 build v13.0.3rc0 (linux64 - "Ubuntu 24.04.5 LTS")

CPU model: AMD EPYC 9V74 80-Core Processor, instruction set [SSE2|AVX|AVX2]
Thread count: 2 physical cores, 4 logical processors, using up to 4 threads

Non-default parameters:
TimeLimit  360
BestBdStop  2.7426211734693878e-02
MIPGap  5e-05
MIPFocus  2
NodefileStart  6
NonConvex  2
Threads  4

Optimize a model with 129 rows, 99 columns and 714 nonzeros (Max)
Model fingerprint: 0x1af81925
Model has 1 linear objective coefficients
Model has 50 quadratic constraints
Variable types: 65 continuous, 34 integer (34 binary)
Coefficient statistics:
  Matrix range     [5e-01, 1e+00]
  QMatrix range    [1e+00, 1e+00]
  QLMatrix range   [1e+00, 1e+00]
  Objective range  [1e+00, 1e+00]
  Bounds range     [5e-01, 1e+00]
  RHS range        [1e+00, 1e+00]

Found heuristic solution: objective -0.0000000
Presolve time: 0.00s
Presolved: 329 rows, 100 columns, 1114 nonzeros
Presolved model has 50 bilinear constraint(s)

Solving non-convex MIQCP to global optimality

Variable types: 66 continuous, 34 integer (34 binary)
Root relaxation presolve removed 50 rows and 1 columns
Root relaxation presolved: 279 rows, 99 columns, 1064 nonzeros


Root relaxation: objective 1.153846e-01, 116 iterations, 0.00 seconds (0.00 work units)

    Nodes    |    Current Node    |     Objective Bounds      |     Work
 Expl Unexpl |  Obj  Depth IntInf | Incumbent    BestBd   Gap | It/Node Time

     0     0    0.11538    0   58   -0.00000    0.11538      -     -    0s
     0     0    0.09615    0   60   -0.00000    0.09615      -     -    0s
     0     0    0.07647    0   63   -0.00000    0.07647      -     -    0s
     0     0    0.07609    0   63   -0.00000    0.07609      -     -    0s
     0     0    0.07143    0   63   -0.00000    0.07143      -     -    0s
     0     0    0.07143    0   62   -0.00000    0.07143      -     -    0s
     0     0    0.07000    0   66   -0.00000    0.07000      -     -    0s
     0     0    0.07000    0   62   -0.00000    0.07000      -     -    0s
     0     0    0.07000    0   56   -0.00000    0.07000      -     -    0s
     0     0    0.07000    0   62   -0.00000    0.07000      -     -    0s
     0     0    0.07000    0   54   -0.00000    0.07000      -     -    0s
     0     0    0.07000    0   54   -0.00000    0.07000      -     -    0s
     0     0    0.07000    0   56   -0.00000    0.07000      -     -    0s
     0     2    0.07000    0   56   -0.00000    0.07000      -     -    0s
*  749   645              97       0.0000000    0.06818      -  32.2    0s
*  799   712              75       0.0000000    0.06701      -  32.8    0s
H 1041   840                       0.0000002    0.06667      -  32.6    0s
H 1256   977                       0.0000008    0.04887      -  32.2    1s

Cutting planes:
  Gomory: 9
  MIR: 2
  Flow cover: 1
  RLT: 46
  BQP: 11

Explored 6242 nodes (207274 simplex iterations) in 3.94 seconds (3.37 work units)
Thread count was 4 (of 4 available processors)

Solution count 5: 7.78889e-07 1.98779e-07 4.90916e-08 ... -0

Optimization achieved user objective limit
Best objective 7.788889830333e-07, best bound 2.697158441806e-02, gap -
{"verdict": "PROVED", "status": "BOUND_REACHED", "runtime": 3.936237096786499, "objval": 7.78888983033287e-07, "objbound": 0.02697158441806008, "binaries": 34}
