Set parameter NodefileStart to value 6
Read parameters from file gurobi.env
Restricted license - for non-production use only - expires 2027-11-29
Set parameter OutputFlag to value 1
Set parameter Threads to value 4
Set parameter TimeLimit to value 360
Set parameter MIPGap to value 5e-05
Set parameter MIPFocus to value 2
Set parameter NonConvex to value 2
Set parameter BestBdStop to value 2.7426211734693878e-02
Gurobi Optimizer version 13.0.3 build v13.0.3rc0 (linux64 - "Ubuntu 24.04.5 LTS")

CPU model: AMD EPYC 7763 64-Core Processor, instruction set [SSE2|AVX|AVX2]
Thread count: 2 physical cores, 4 logical processors, using up to 4 threads

Non-default parameters:
TimeLimit  360
BestBdStop  2.7426211734693878e-02
MIPGap  5e-05
MIPFocus  2
NodefileStart  6
NonConvex  2
Threads  4

Optimize a model with 145 rows, 115 columns and 846 nonzeros (Max)
Model fingerprint: 0xd55b3eb5
Model has 1 linear objective coefficients
Model has 50 quadratic constraints
Variable types: 65 continuous, 50 integer (50 binary)
Coefficient statistics:
  Matrix range     [5e-01, 1e+00]
  QMatrix range    [1e+00, 1e+00]
  QLMatrix range   [1e+00, 1e+00]
  Objective range  [1e+00, 1e+00]
  Bounds range     [5e-01, 1e+00]
  RHS range        [1e+00, 1e+00]

Found heuristic solution: objective -0.0000000
Presolve time: 0.00s
Presolved: 345 rows, 116 columns, 1246 nonzeros
Presolved model has 50 bilinear constraint(s)

Solving non-convex MIQCP to global optimality

Variable types: 66 continuous, 50 integer (50 binary)
Root relaxation presolve removed 50 rows and 1 columns
Root relaxation presolved: 295 rows, 115 columns, 1196 nonzeros


Root relaxation: objective 1.250000e-01, 102 iterations, 0.00 seconds (0.00 work units)

    Nodes    |    Current Node    |     Objective Bounds      |     Work
 Expl Unexpl |  Obj  Depth IntInf | Incumbent    BestBd   Gap | It/Node Time

     0     0    0.12500    0   50   -0.00000    0.12500      -     -    0s
     0     0    0.08333    0   50   -0.00000    0.08333      -     -    0s
     0     0    0.08333    0   49   -0.00000    0.08333      -     -    0s
     0     0    0.08333    0   47   -0.00000    0.08333      -     -    0s
H    0     0                       0.0000001    0.08333      -     -    0s
H    0     0                       0.0000005    0.08333      -     -    0s
     0     0    0.08333    0   47    0.00000    0.08333      -     -    0s
     0     0    0.08333    0   46    0.00000    0.08333      -     -    0s
     0     0    0.08333    0   46    0.00000    0.08333      -     -    0s
     0     2    0.08333    0   46    0.00000    0.08333      -     -    0s
H 1464  1163                       0.0120681    0.08333   591%  21.9    1s
H 1506  1095                       0.0120681    0.08333   591%  21.7    1s
H 2502  1525                       0.0131569    0.07481   469%  20.0    1s
H 2633  1521                       0.0136201    0.07462   448%  19.5    1s
* 2659  1465              83       0.0136635    0.07462   446%  19.3    1s
H 2752  1429                       0.0136635    0.07462   446%  18.8    1s
* 2815  1343              96       0.0139013    0.07462   437%  18.9    1s
* 2818  1303              97       0.0139287    0.07462   436%  18.9    1s
* 2821  1268              99       0.0139326    0.07462   436%  18.9    1s
* 2825  1234             101       0.0139332    0.07462   436%  18.9    1s
H 2972  1265                       0.0142324    0.07462   424%  19.1    1s
H 3137  1373                       0.0147947    0.07203   387%  19.3    1s
H 3186  1170                       0.0190024    0.07203   279%  19.3    1s
H 4252  1215                       0.0211654    0.06779   220%  20.3    2s
H12532  4223                       0.0233719    0.05856   151%  23.2    4s
 14931  5021    0.02700   31   56    0.02337    0.05756   146%  23.1    5s
H22138  7001                       0.0241054    0.05532   129%  23.7    7s
H34298 10031                       0.0244674    0.05322   118%  24.0    9s
 34580 10147    0.02706   41   52    0.02447    0.05316   117%  24.0   10s
H34691 10147                       0.0244674    0.05313   117%  24.0   10s
H35244 10234                       0.0244674    0.05305   117%  24.0   10s
H39368 11287                       0.0244674    0.05252   115%  24.0   10s
 57325 15266    0.03404   31   61    0.02447    0.05036   106%  24.2   15s
H61611 16206                       0.0244678    0.05004   105%  24.2   16s
 80150 20424    0.02687   28   40    0.02447    0.04884   100%  25.1   20s
 102018 24412    0.02646   34   44    0.02447    0.04765  94.7%  26.4   25s
 127079 28732    0.04078   31   46    0.02447    0.04659  90.4%  27.3   30s
 152194 32540     cutoff   37         0.02447    0.04563  86.5%  27.7   35s
 172155 35752    0.04467   31   54    0.02447    0.04505  84.1%  28.1   40s
 196202 39404    0.02749   37   41    0.02447    0.04435  81.3%  28.3   45s
 220564 42548     cutoff   42         0.02447    0.04368  78.5%  28.6   50s
 244848 46091    0.02625   39   52    0.02447    0.04313  76.3%  28.7   55s
 269433 49291     cutoff   40         0.02447    0.04260  74.1%  28.7   60s
 295114 52285 infeasible   37         0.02447    0.04215  72.3%  28.8   65s
 319775 55221    0.02744   35   51    0.02447    0.04167  70.3%  28.8   70s
 345058 58399     cutoff   36         0.02447    0.04128  68.7%  28.8   75s
 369626 61485    0.03260   35   51    0.02447    0.04096  67.4%  28.8   80s
 391167 63770     cutoff   33         0.02447    0.04066  66.2%  28.8   85s
H400574 63013                       0.0249700    0.04054  62.3%  28.8   87s
 411844 64254     cutoff   29         0.02497    0.04039  61.7%  28.8   90s
H419068 64973                       0.0249700    0.04029  61.3%  28.8   91s
H419236 65042                       0.0249700    0.04028  61.3%  28.8   91s
 434719 66397     cutoff   37         0.02497    0.04004  60.3%  28.8   95s
 460628 68971    0.03381   34   40    0.02497    0.03970  59.0%  28.8  100s
H478272 64231                       0.0264389    0.03947  49.3%  28.7  103s
 483363 64627    0.02801   45   53    0.02644    0.03940  49.0%  28.7  105s
 508702 65989    0.02685   40   53    0.02644    0.03904  47.6%  28.7  110s
 535249 67192    0.02777   41   43    0.02644    0.03867  46.3%  28.6  115s
 560865 68397     cutoff   35         0.02644    0.03835  45.1%  28.6  120s
 583490 69583    0.02724   35   59    0.02644    0.03810  44.1%  28.5  125s
 609789 70828     cutoff   40         0.02644    0.03781  43.0%  28.5  130s
 636004 71918     cutoff   34         0.02644    0.03753  42.0%  28.4  135s
 662676 72808    0.02667   40   45    0.02644    0.03726  40.9%  28.4  140s
 689659 73438     cutoff   36         0.02644    0.03698  39.9%  28.3  145s
 715978 74311    0.02846   46   44    0.02644    0.03672  38.9%  28.2  150s
H717467 74310                       0.0264389    0.03671  38.8%  28.2  150s
H717697 74311                       0.0264389    0.03670  38.8%  28.2  150s
H717823 74349                       0.0264389    0.03670  38.8%  28.2  150s
H718833 74341                       0.0264389    0.03670  38.8%  28.2  150s
H718873 74340                       0.0264389    0.03670  38.8%  28.2  151s
 737351 74714    0.03618   28   55    0.02644    0.03652  38.1%  28.2  155s
 764206 75523    0.03217   34   50    0.02644    0.03627  37.2%  28.1  160s
 791004 76370     cutoff   39         0.02644    0.03605  36.3%  28.0  165s
 817262 77073    0.02906   38   54    0.02644    0.03581  35.5%  27.9  170s
H821540 77126                       0.0264389    0.03577  35.3%  27.9  171s
 838414 77420    0.02864   32   49    0.02644    0.03563  34.8%  27.9  175s
 865139 77511     cutoff   36         0.02644    0.03539  33.9%  27.8  180s
 892681 77898     cutoff   38         0.02644    0.03513  32.9%  27.7  185s
 919111 78047    0.02754   36   57    0.02644    0.03492  32.1%  27.7  190s
 946506 77935    0.02935   30   54    0.02644    0.03469  31.2%  27.6  195s
 971253 77975    0.03346   29   52    0.02644    0.03449  30.5%  27.5  200s
 993947 77782    0.02880   35   45    0.02644    0.03431  29.8%  27.4  205s
 1019328 77605    0.02790   37   41    0.02644    0.03413  29.1%  27.4  210s
 1046642 77078    0.02665   39   49    0.02644    0.03390  28.2%  27.3  215s
 1074100 76476     cutoff   39         0.02644    0.03369  27.4%  27.2  220s
 1100491 76004    0.03203   38   44    0.02644    0.03349  26.7%  27.2  225s
 1126855 75454     cutoff   37         0.02644    0.03328  25.9%  27.1  230s
 1154035 74773     cutoff   37         0.02644    0.03309  25.2%  27.0  235s
 1181338 74111    0.02956   32   50    0.02644    0.03289  24.4%  26.9  240s
 1206628 73247    0.02839   38   49    0.02644    0.03270  23.7%  26.9  245s
 1232901 72517    0.02865   40   41    0.02644    0.03251  23.0%  26.8  250s
 1260638 71298    0.03035   29   58    0.02644    0.03230  22.2%  26.7  255s
 1288718 69990 infeasible   37         0.02644    0.03209  21.4%  26.6  260s
 1316312 68687     cutoff   40         0.02644    0.03187  20.6%  26.5  265s
 1343835 67176    0.03165   28   54    0.02644    0.03166  19.8%  26.5  270s
 1370946 65855    0.03019   37   45    0.02644    0.03146  19.0%  26.4  275s
 1396345 64445     cutoff   30         0.02644    0.03126  18.2%  26.3  280s
 1423593 62790     cutoff   33         0.02644    0.03106  17.5%  26.2  285s
 1451888 61139     cutoff   39         0.02644    0.03085  16.7%  26.1  290s
 1479944 59352     cutoff   31         0.02644    0.03064  15.9%  26.0  295s
 1507617 57552     cutoff   42         0.02644    0.03043  15.1%  25.9  300s
 1533496 56033     cutoff   41         0.02644    0.03024  14.4%  25.8  305s
 1562509 54362    0.02663   36   58    0.02644    0.03002  13.6%  25.7  310s
 1591116 52889    0.02789   37   48    0.02644    0.02981  12.7%  25.6  315s
 1619821 51056 infeasible   37         0.02644    0.02959  11.9%  25.4  320s
 1644240 49476    0.02755   37   58    0.02644    0.02942  11.3%  25.3  325s
 1673835 48027    0.02851   50   38    0.02644    0.02921  10.5%  25.2  330s
 1703535 46833    0.02887   56   35    0.02644    0.02900  9.68%  25.0  335s
 1732580 45784     cutoff   30         0.02644    0.02880  8.92%  24.9  340s
 1762529 44627    0.02834   34   56    0.02644    0.02860  8.17%  24.7  345s
 1792273 43748     cutoff   34         0.02644    0.02842  7.51%  24.5  350s
 1821289 43545     cutoff   38         0.02644    0.02827  6.94%  24.3  355s
 1851693 43562     cutoff   76         0.02644    0.02815  6.46%  24.1  360s

Cutting planes:
  Gomory: 2
  Implied bound: 8
  MIR: 7
  Flow cover: 1
  RLT: 55
  BQP: 13

Explored 1851961 nodes (44592302 simplex iterations) in 360.00 seconds (381.56 work units)
Thread count was 4 (of 4 available processors)

Solution count 10: 0.0264389 0.02497 0.0244678 ... 0.0142324

Time limit reached
Best objective 2.643886553134e-02, best bound 2.814751107327e-02, gap 6.4626%
{"verdict": "UNRESOLVED", "status": "TIME_LIMIT", "runtime": 360.00286078453064, "objval": 0.026438865531344478, "objbound": 0.028147511073266237, "binaries": 50}
