Set parameter NodefileStart to value 6
Read parameters from file gurobi.env
Restricted license - for non-production use only - expires 2027-11-29
Set parameter OutputFlag to value 1
Set parameter Threads to value 4
Set parameter TimeLimit to value 360
Set parameter MIPGap to value 5e-05
Set parameter MIPFocus to value 2
Set parameter NonConvex to value 2
Set parameter BestBdStop to value 2.7426211734693878e-02
Gurobi Optimizer version 13.0.3 build v13.0.3rc0 (linux64 - "Ubuntu 24.04.5 LTS")

CPU model: INTEL(R) XEON(R) PLATINUM 8573C, instruction set [SSE2|AVX|AVX2|AVX512]
Thread count: 2 physical cores, 4 logical processors, using up to 4 threads

Non-default parameters:
TimeLimit  360
BestBdStop  2.7426211734693878e-02
MIPGap  5e-05
MIPFocus  2
NodefileStart  6
NonConvex  2
Threads  4

Optimize a model with 145 rows, 115 columns and 846 nonzeros (Max)
Model fingerprint: 0xebd428d2
Model has 1 linear objective coefficients
Model has 50 quadratic constraints
Variable types: 65 continuous, 50 integer (50 binary)
Coefficient statistics:
  Matrix range     [5e-01, 1e+00]
  QMatrix range    [1e+00, 1e+00]
  QLMatrix range   [1e+00, 1e+00]
  Objective range  [1e+00, 1e+00]
  Bounds range     [5e-01, 1e+00]
  RHS range        [1e+00, 1e+00]

Found heuristic solution: objective -0.0000000
Presolve time: 0.00s
Presolved: 345 rows, 116 columns, 1246 nonzeros
Presolved model has 50 bilinear constraint(s)

Solving non-convex MIQCP to global optimality

Variable types: 66 continuous, 50 integer (50 binary)
Root relaxation presolve removed 50 rows and 1 columns
Root relaxation presolved: 295 rows, 115 columns, 1196 nonzeros


Root relaxation: objective 8.333333e-02, 117 iterations, 0.00 seconds (0.00 work units)

    Nodes    |    Current Node    |     Objective Bounds      |     Work
 Expl Unexpl |  Obj  Depth IntInf | Incumbent    BestBd   Gap | It/Node Time

     0     0    0.08333    0   42   -0.00000    0.08333      -     -    0s
     0     0    0.07143    0   53   -0.00000    0.07143      -     -    0s
     0     0    0.07143    0   64   -0.00000    0.07143      -     -    0s
     0     0    0.07143    0   71   -0.00000    0.07143      -     -    0s
H    0     0                       0.0000001    0.07143      -     -    0s
     0     0    0.07143    0   59    0.00000    0.07143      -     -    0s
     0     0    0.07143    0   72    0.00000    0.07143      -     -    0s
     0     0    0.07143    0   50    0.00000    0.07143      -     -    0s
     0     0    0.07143    0   50    0.00000    0.07143      -     -    0s
     0     0    0.07143    0   44    0.00000    0.07143      -     -    0s
     0     0    0.07143    0   44    0.00000    0.07143      -     -    0s
     0     2    0.07143    0   44    0.00000    0.07143      -     -    0s
H  622   604                       0.0000001    0.07143      -  25.4    1s
*  842   763             118       0.0000002    0.07143      -  23.4    1s
H 1151   945                       0.0000005    0.07143      -  24.8    1s
H 1154   899                       0.0000005    0.07143      -  24.7    1s
H 1160   858                       0.0000085    0.06540      -  24.6    1s
H 1662  1242                       0.0009708    0.06540  6637%  22.6    2s
H 1688  1128                       0.0026076    0.06540  2408%  22.3    2s
* 1789  1067             100       0.0030719    0.06540  2029%  21.6    2s
* 1791  1001             101       0.0043294    0.06540  1411%  21.6    2s
H 2164   902                       0.0070038    0.06540   834%  22.3    2s
H 2474   924                       0.0099618    0.06540   557%  23.8    2s
H 3035  1192                       0.0100804    0.06540   549%  25.4    2s
H 3535  1387                       0.0107981    0.06334   487%  27.0    2s
H 4629  1566                       0.0157105    0.06063   286%  28.4    3s
H 4829  1657                       0.0157106    0.06028   284%  28.6    3s
H 5545  1910                       0.0161245    0.05949   269%  29.0    3s
H 6177  2169                       0.0161267    0.05913   267%  29.7    3s
H 6484  2365                       0.0161284    0.05871   264%  29.8    3s
H 8184  3109                       0.0163067    0.05765   254%  30.8    4s
H 8341  3085                       0.0167924    0.05764   243%  30.8    4s
H 9670  3230                       0.0186622    0.05670   204%  30.5    4s
H 9673  3230                       0.0186690    0.05670   204%  30.5    4s
  9678  3313    0.02736   24   51    0.01867    0.05670   204%  30.5    5s
H 9811  3313                       0.0186690    0.05658   203%  30.5    5s
H11189  3788                       0.0192805    0.05560   188%  31.0    5s
H11500  3920                       0.0192806    0.05537   187%  30.9    5s
 20649  7174    0.01989   30   51    0.01928    0.05330   176%  32.5   10s
 30149 10504     cutoff   28         0.01928    0.05147   167%  32.7   15s
 46178 15597    0.03450   29   55    0.01928    0.04965   158%  32.6   20s
 56855 18944     cutoff   33         0.01928    0.04876   153%  32.4   25s
 73965 24472    0.03486   30   56    0.01928    0.04768   147%  32.3   30s
 88902 28775    0.03259   24   59    0.01928    0.04679   143%  32.1   35s
 103060 32630    0.02291   31   53    0.01928    0.04608   139%  32.0   40s
H104984 33047                       0.0192806    0.04599   139%  32.0   40s
 113275 35327    0.02294   26   53    0.01928    0.04562   137%  32.1   45s
 128903 39201    0.03847   26   57    0.01928    0.04498   133%  32.2   50s
 142981 42891    0.02912   31   56    0.01928    0.04452   131%  32.3   55s
 158764 46804    0.02969   36   54    0.01928    0.04407   129%  32.3   60s
 173585 50490    0.02546   36   53    0.01928    0.04364   126%  32.3   65s
 186120 53559    0.02451   31   56    0.01928    0.04331   125%  32.3   70s
 198134 56194    0.03002   34   55    0.01928    0.04303   123%  32.3   75s
 212686 59371    0.02696   30   61    0.01928    0.04269   121%  32.3   80s
 226835 62837    0.02144   37   52    0.01928    0.04243   120%  32.3   85s
 242707 66315     cutoff   33         0.01928    0.04214   119%  32.3   90s
 257020 69460     cutoff   33         0.01928    0.04186   117%  32.2   95s
 271274 72434    0.02210   33   56    0.01928    0.04163   116%  32.2  100s
 285875 75434    0.02730   31   65    0.01928    0.04142   115%  32.2  105s
 300059 78742    0.02776   30   50    0.01928    0.04122   114%  32.2  110s
 315055 81676    0.02366   39   57    0.01928    0.04102   113%  32.2  115s
 330064 84456    0.02715   31   52    0.01928    0.04081   112%  32.1  120s
 343935 87029     cutoff   34         0.01928    0.04062   111%  32.1  125s
 354667 89073    0.01978   37   52    0.01928    0.04048   110%  32.1  130s
 368635 91497     cutoff   34         0.01928    0.04031   109%  32.1  135s
 382375 93757    0.02611   30   56    0.01928    0.04013   108%  32.0  140s
 397815 96317     cutoff   35         0.01928    0.03994   107%  32.0  145s
 407553 98066    0.01964   35   52    0.01928    0.03981   106%  32.0  150s
 424042 101508     cutoff   29         0.01928    0.03965   106%  32.0  155s
 438473 104211     cutoff   30         0.01928    0.03951   105%  31.9  160s
 453076 107010    0.03231   25   66    0.01928    0.03936   104%  31.9  165s
 468097 109293    0.03020   27   61    0.01928    0.03919   103%  31.9  170s
 480763 111427    0.02394   35   48    0.01928    0.03906   103%  31.8  175s
 494627 114061    0.03135   34   58    0.01928    0.03894   102%  31.8  180s
 504639 115824    0.02754   31   57    0.01928    0.03885   101%  31.8  185s
 521377 118615    0.02228   33   62    0.01928    0.03871   101%  31.8  190s
 533120 120481    0.01940   35   62    0.01928    0.03861   100%  31.7  195s
 547895 122722     cutoff   34         0.01928    0.03847   100%  31.7  200s
 562753 125021     cutoff   37         0.01928    0.03836  99.0%  31.7  205s
 577458 127571    0.01951   34   54    0.01928    0.03824  98.3%  31.6  210s
 587527 129226     cutoff   31         0.01928    0.03815  97.9%  31.6  215s
 604333 131926     cutoff   37         0.01928    0.03802  97.2%  31.6  220s
 616392 133830     cutoff   33         0.01928    0.03792  96.7%  31.6  225s
 631868 136108     cutoff   36         0.01928    0.03781  96.1%  31.5  230s
 647801 138516     cutoff   33         0.01928    0.03769  95.5%  31.5  235s
 661450 140743    0.02164   30   57    0.01928    0.03759  95.0%  31.5  240s
 676108 143039    0.01952   35   51    0.01928    0.03748  94.4%  31.5  245s
 690333 145205     cutoff   32         0.01928    0.03738  93.9%  31.4  250s
 704617 147229    0.02361   31   58    0.01928    0.03729  93.4%  31.4  255s
 719584 149589    0.03393   33   57    0.01928    0.03719  92.9%  31.4  260s
 734697 151924    0.02177   34   56    0.01928    0.03709  92.4%  31.4  265s
 745983 153475     cutoff   34         0.01928    0.03702  92.0%  31.4  270s
 761425 155675     cutoff   35         0.01928    0.03692  91.5%  31.4  275s
 775014 157651    0.02472   46   58    0.01928    0.03684  91.1%  31.3  280s
 790528 159828    0.02393   41   56    0.01928    0.03673  90.5%  31.3  285s
H796811 160615                       0.0192806    0.03669  90.3%  31.3  287s
 802552 161314    0.01955   36   52    0.01928    0.03665  90.1%  31.3  290s
 817781 163239    0.01959   37   52    0.01928    0.03656  89.6%  31.3  295s
 833048 165665     cutoff   37         0.01928    0.03645  89.1%  31.3  300s
 847875 167598    0.01983   37   55    0.01928    0.03636  88.6%  31.2  305s
 861150 169317    0.02248   31   62    0.01928    0.03628  88.2%  31.2  310s
 875671 171301    0.02279   32   55    0.01928    0.03618  87.6%  31.2  316s
 890480 173351     cutoff   30         0.01928    0.03609  87.2%  31.2  320s
 905165 175338    0.01986   30   55    0.01928    0.03600  86.7%  31.1  325s
H906196 172541                       0.0196013    0.03599  83.6%  31.1  325s
H906410 172541                       0.0196013    0.03599  83.6%  31.1  325s
 914785 173593    0.02078   38   52    0.01960    0.03594  83.3%  31.1  330s
 925288 174875    0.02178   34   46    0.01960    0.03587  83.0%  31.1  335s
 941406 176793     cutoff   34         0.01960    0.03577  82.5%  31.1  340s
 956306 178635     cutoff   34         0.01960    0.03569  82.1%  31.1  345s
 970643 180270    0.02086   32   54    0.01960    0.03560  81.6%  31.0  350s
 984508 182092    0.01979   33   56    0.01960    0.03552  81.2%  31.0  355s
 999097 183793     cutoff   39         0.01960    0.03543  80.8%  31.0  360s

Cutting planes:
  Gomory: 27
  Lift-and-project: 1
  Implied bound: 28
  MIR: 6
  Flow cover: 21
  RLT: 119
  Relax-and-lift: 5
  BQP: 22

Explored 999492 nodes (30986692 simplex iterations) in 360.00 seconds (270.81 work units)
Thread count was 4 (of 4 available processors)

Solution count 10: 0.0196013 0.0192806 0.018669 ... 0.0157106

Time limit reached
Best objective 1.960127548983e-02, best bound 3.542930834287e-02, gap 80.7500%
{"verdict": "UNRESOLVED", "status": "TIME_LIMIT", "runtime": 360.00367879867554, "objval": 0.019601275489833658, "objbound": 0.035429308342871016, "binaries": 50}
