Set parameter NodefileStart to value 6
Read parameters from file gurobi.env
Restricted license - for non-production use only - expires 2027-11-29
Set parameter OutputFlag to value 1
Set parameter Threads to value 4
Set parameter TimeLimit to value 360
Set parameter MIPGap to value 5e-05
Set parameter MIPFocus to value 2
Set parameter NonConvex to value 2
Set parameter BestBdStop to value 2.7426211734693878e-02
Gurobi Optimizer version 13.0.3 build v13.0.3rc0 (linux64 - "Ubuntu 24.04.5 LTS")

CPU model: AMD EPYC 9V74 80-Core Processor, instruction set [SSE2|AVX|AVX2|AVX512]
Thread count: 2 physical cores, 4 logical processors, using up to 4 threads

Non-default parameters:
TimeLimit  360
BestBdStop  2.7426211734693878e-02
MIPGap  5e-05
MIPFocus  2
NodefileStart  6
NonConvex  2
Threads  4

Optimize a model with 129 rows, 99 columns and 714 nonzeros (Max)
Model fingerprint: 0xfdc2d591
Model has 1 linear objective coefficients
Model has 50 quadratic constraints
Variable types: 65 continuous, 34 integer (34 binary)
Coefficient statistics:
  Matrix range     [5e-01, 1e+00]
  QMatrix range    [1e+00, 1e+00]
  QLMatrix range   [1e+00, 1e+00]
  Objective range  [1e+00, 1e+00]
  Bounds range     [5e-01, 1e+00]
  RHS range        [1e+00, 1e+00]

Found heuristic solution: objective -0.0000000
Presolve time: 0.00s
Presolved: 329 rows, 100 columns, 1114 nonzeros
Presolved model has 50 bilinear constraint(s)

Solving non-convex MIQCP to global optimality

Variable types: 66 continuous, 34 integer (34 binary)
Root relaxation presolve removed 58 rows and 5 columns
Root relaxation presolved: 271 rows, 95 columns, 1016 nonzeros


Root relaxation: objective 7.500000e-02, 115 iterations, 0.00 seconds (0.00 work units)

    Nodes    |    Current Node    |     Objective Bounds      |     Work
 Expl Unexpl |  Obj  Depth IntInf | Incumbent    BestBd   Gap | It/Node Time

     0     0    0.07500    0   47   -0.00000    0.07500      -     -    0s
     0     0    0.06250    0   50   -0.00000    0.06250      -     -    0s
     0     0    0.05000    0   51   -0.00000    0.05000      -     -    0s
     0     0    0.05000    0   44   -0.00000    0.05000      -     -    0s
     0     0    0.05000    0   43   -0.00000    0.05000      -     -    0s
     0     0    0.04167    0   43   -0.00000    0.04167      -     -    0s
     0     2    0.04167    0   43   -0.00000    0.04167      -     -    0s
*  617   527              86       0.0000000    0.03380      -  17.0    0s
*  619   527              87       0.0000000    0.03380      -  16.9    0s
H 1194   933                       0.0000000    0.03092      -  19.9    0s

Cutting planes:
  RLT: 25
  BQP: 3

Explored 1201 nodes (24237 simplex iterations) in 0.84 seconds (0.72 work units)
Thread count was 4 (of 4 available processors)

Solution count 3: 1.10538e-08 8.38994e-09 -0 

Optimization achieved user objective limit
Best objective 1.105378841584e-08, best bound 2.742133410807e-02, gap -
{"verdict": "PROVED", "status": "BOUND_REACHED", "runtime": 0.8392319679260254, "objval": 1.1053788415843481e-08, "objbound": 0.027421334108070017, "binaries": 34}
