Set parameter NodefileStart to value 6
Read parameters from file gurobi.env
Restricted license - for non-production use only - expires 2027-11-29
Set parameter OutputFlag to value 1
Set parameter Threads to value 4
Set parameter TimeLimit to value 360
Set parameter MIPGap to value 5e-05
Set parameter MIPFocus to value 2
Set parameter NonConvex to value 2
Set parameter BestBdStop to value 2.7426211734693878e-02
Gurobi Optimizer version 13.0.3 build v13.0.3rc0 (linux64 - "Ubuntu 24.04.5 LTS")

CPU model: AMD EPYC 9V74 80-Core Processor, instruction set [SSE2|AVX|AVX2]
Thread count: 2 physical cores, 4 logical processors, using up to 4 threads

Non-default parameters:
TimeLimit  360
BestBdStop  2.7426211734693878e-02
MIPGap  5e-05
MIPFocus  2
NodefileStart  6
NonConvex  2
Threads  4

Optimize a model with 129 rows, 99 columns and 714 nonzeros (Max)
Model fingerprint: 0x73d60a59
Model has 1 linear objective coefficients
Model has 50 quadratic constraints
Variable types: 65 continuous, 34 integer (34 binary)
Coefficient statistics:
  Matrix range     [5e-01, 1e+00]
  QMatrix range    [1e+00, 1e+00]
  QLMatrix range   [1e+00, 1e+00]
  Objective range  [1e+00, 1e+00]
  Bounds range     [5e-01, 1e+00]
  RHS range        [1e+00, 1e+00]

Found heuristic solution: objective -0.0000000
Presolve time: 0.00s
Presolved: 329 rows, 100 columns, 1114 nonzeros
Presolved model has 50 bilinear constraint(s)

Solving non-convex MIQCP to global optimality

Variable types: 66 continuous, 34 integer (34 binary)
Root relaxation presolve removed 58 rows and 5 columns
Root relaxation presolved: 271 rows, 95 columns, 1016 nonzeros


Root relaxation: objective 1.000000e-01, 107 iterations, 0.00 seconds (0.00 work units)

    Nodes    |    Current Node    |     Objective Bounds      |     Work
 Expl Unexpl |  Obj  Depth IntInf | Incumbent    BestBd   Gap | It/Node Time

     0     0    0.10000    0   50   -0.00000    0.10000      -     -    0s
     0     0    0.08333    0   54   -0.00000    0.08333      -     -    0s
     0     0    0.07500    0   58   -0.00000    0.07500      -     -    0s
     0     0    0.07353    0   57   -0.00000    0.07353      -     -    0s
     0     0    0.07143    0   51   -0.00000    0.07143      -     -    0s
     0     0    0.07143    0   50   -0.00000    0.07143      -     -    0s
     0     0    0.07143    0   50   -0.00000    0.07143      -     -    0s
     0     2    0.07143    0   50   -0.00000    0.07143      -     -    0s
*  589   507              43       0.0000000    0.05815      -  35.7    0s
*  818   730              67       0.0000001    0.05764      -  35.6    0s
*  846   730              81       0.0000001    0.05764      -  34.6    0s
H  930   809                       0.0000001    0.05556      -  33.5    0s
* 3205  1784              68       0.0000001    0.03887      -  29.5    2s
* 3206  1716              68       0.0000002    0.03887      -  29.5    2s
* 3207  1665              67       0.0000002    0.03887      -  29.5    2s
* 3412  1711              83       0.0000002    0.03456      -  29.1    2s
* 3747  1927              88       0.0000002    0.03265      -  28.3    2s
* 3917  2002              76       0.0000003    0.03265      -  28.1    2s
* 3918  1994              76       0.0000003    0.03265      -  28.1    2s
* 3921  1994              76       0.0000003    0.03265      -  28.1    2s
* 3929  1994              76       0.0000003    0.03265      -  28.0    2s

Cutting planes:
  Gomory: 1
  MIR: 1
  RLT: 40
  Relax-and-lift: 1
  BQP: 14

Explored 5154 nodes (131015 simplex iterations) in 2.63 seconds (2.14 work units)
Thread count was 4 (of 4 available processors)

Solution count 10: 2.99417e-07 2.99417e-07 2.88766e-07 ... 1.03428e-07

Optimization achieved user objective limit
Best objective 2.994171883488e-07, best bound 2.716625906498e-02, gap -
{"verdict": "PROVED", "status": "BOUND_REACHED", "runtime": 2.6264660358428955, "objval": 2.9941718834878173e-07, "objbound": 0.02716625906498208, "binaries": 34}
