Set parameter NodefileStart to value 6
Read parameters from file gurobi.env
Restricted license - for non-production use only - expires 2027-11-29
Set parameter OutputFlag to value 1
Set parameter Threads to value 4
Set parameter TimeLimit to value 360
Set parameter MIPGap to value 5e-05
Set parameter MIPFocus to value 2
Set parameter NonConvex to value 2
Set parameter BestBdStop to value 2.7426211734693878e-02
Gurobi Optimizer version 13.0.3 build v13.0.3rc0 (linux64 - "Ubuntu 24.04.5 LTS")

CPU model: INTEL(R) XEON(R) PLATINUM 8573C, instruction set [SSE2|AVX|AVX2|AVX512]
Thread count: 2 physical cores, 4 logical processors, using up to 4 threads

Non-default parameters:
TimeLimit  360
BestBdStop  2.7426211734693878e-02
MIPGap  5e-05
MIPFocus  2
NodefileStart  6
NonConvex  2
Threads  4

Optimize a model with 145 rows, 115 columns and 846 nonzeros (Max)
Model fingerprint: 0xcad92fde
Model has 1 linear objective coefficients
Model has 50 quadratic constraints
Variable types: 65 continuous, 50 integer (50 binary)
Coefficient statistics:
  Matrix range     [5e-01, 1e+00]
  QMatrix range    [1e+00, 1e+00]
  QLMatrix range   [1e+00, 1e+00]
  Objective range  [1e+00, 1e+00]
  Bounds range     [5e-01, 1e+00]
  RHS range        [1e+00, 1e+00]

Found heuristic solution: objective -0.0000000
Presolve time: 0.00s
Presolved: 345 rows, 116 columns, 1246 nonzeros
Presolved model has 50 bilinear constraint(s)

Solving non-convex MIQCP to global optimality

Variable types: 66 continuous, 50 integer (50 binary)
Root relaxation presolve removed 70 rows and 11 columns
Root relaxation presolved: 275 rows, 105 columns, 1076 nonzeros


Root relaxation: objective 7.142857e-02, 114 iterations, 0.00 seconds (0.00 work units)

    Nodes    |    Current Node    |     Objective Bounds      |     Work
 Expl Unexpl |  Obj  Depth IntInf | Incumbent    BestBd   Gap | It/Node Time

     0     0    0.07143    0   52   -0.00000    0.07143      -     -    0s
     0     0    0.07143    0   69   -0.00000    0.07143      -     -    0s
     0     0    0.07143    0   72   -0.00000    0.07143      -     -    0s
     0     0    0.07143    0   48   -0.00000    0.07143      -     -    0s
     0     0    0.07143    0   53   -0.00000    0.07143      -     -    0s
     0     0    0.07143    0   57   -0.00000    0.07143      -     -    0s
     0     0    0.07143    0   50   -0.00000    0.07143      -     -    0s
     0     0    0.07143    0   50   -0.00000    0.07143      -     -    0s
     0     0    0.07143    0   50   -0.00000    0.07143      -     -    0s
     0     0    0.07143    0   50   -0.00000    0.07143      -     -    0s
     0     2    0.07143    0   50   -0.00000    0.07143      -     -    0s
*  611   525              83       0.0000001    0.07143      -  29.0    0s
H 1196   930                       0.0051020    0.04947   870%  31.3    1s
H 1196   884                       0.0058309    0.04947   748%  31.3    1s
H 1196   839                       0.0062794    0.04947   688%  31.3    1s
H 1196   797                       0.0064855    0.04947   663%  31.3    1s
H 1196   757                       0.0073520    0.04947   573%  31.3    1s
H 1196   719                       0.0096038    0.04947   415%  31.3    1s
H 1196   683                       0.0096038    0.04947   415%  31.3    1s
H 1331   755                       0.0096038    0.04947   415%  32.5    1s
H 1435   795                       0.0097817    0.04947   406%  31.2    2s
H 2505   969                       0.0106953    0.04814   350%  28.0    2s
H 2661   827                       0.0142606    0.04600   223%  27.4    2s
H 3747  1103                       0.0154283    0.04329   181%  26.6    2s
  8181  2612    0.01820   43   45    0.01543    0.03820   148%  24.9    5s
 22190  5929     cutoff   33         0.01543    0.03438   123%  23.5   10s
H34492  7964                       0.0164077    0.03301   101%  23.1   14s
 34614  8060     cutoff   31         0.01641    0.03295   101%  23.1   15s
H35595  8043                       0.0166195    0.03281  97.4%  23.1   15s
H44649  9389                       0.0166195    0.03178  91.2%  23.1   18s
 47203  9660    0.02218   32   49    0.01662    0.03158  90.0%  23.1   20s
 61183 11395    0.01729   54   20    0.01662    0.03056  83.9%  22.9   25s
H66118 12020                       0.0167618    0.03026  80.5%  22.8   26s
H67391 12156                       0.0167618    0.03017  80.0%  22.8   27s
H71778 12722                       0.0167618    0.02991  78.5%  22.7   29s
 73235 12928     cutoff   31         0.01676    0.02983  78.0%  22.7   30s
 84981 14146    0.02086   28   40    0.01676    0.02920  74.2%  22.5   35s
 98198 15569    0.02777   33   42    0.01676    0.02854  70.3%  22.4   40s
H100062 14510                       0.0177417    0.02846  60.4%  22.3   40s
H101388 14580                       0.0177417    0.02839  60.0%  22.3   41s
H102990 14651                       0.0177417    0.02829  59.5%  22.3   41s
H109947 15097                       0.0177417    0.02792  57.4%  22.2   44s
 110872 15139    0.02088   22   56    0.01774    0.02788  57.1%  22.2   45s

Cutting planes:
  Gomory: 30
  Implied bound: 26
  MIR: 2
  Mixing: 1
  Flow cover: 52
  Inf proof: 7
  RLT: 82
  Relax-and-lift: 20
  BQP: 10

Explored 121405 nodes (2689229 simplex iterations) in 49.39 seconds (36.91 work units)
Thread count was 4 (of 4 available processors)

Solution count 10: 0.0177417 0.0167618 0.0166195 ... 0.00735199

Optimization achieved user objective limit
Best objective 1.774169092173e-02, best bound 2.742479768785e-02, gap 54.5783%
{"verdict": "PROVED", "status": "BOUND_REACHED", "runtime": 49.39443397521973, "objval": 0.017741690921734953, "objbound": 0.02742479768784833, "binaries": 50}
