12:18:27 UTC start: 1 unresolved seed region(s) and 0 missing piece(s) under [[[0,2,4],1],[[0,2,5],1],[[0,2,6],0],[[0,2,7],0],[[0,2,8],0],[[0,3,4],0],[[0,3,5],0],[[0,3,6],0],[[0,3,7],0],[[0,3,8],0],[[1,2,4],1],[[1,2,5],1],[[1,2,6],0],[[1,2,7],0],[[1,2,8],0],[[1,3,4],0],[[1,3,5],0],[[1,3,6],0],[[1,3,7],0],[[1,3,8],0],[[2,3,4],1],[[2,3,5],1],[[2,3,6],1],[[2,3,7],1],[[2,3,8],1],[[4,5,6],0],[[4,5,7],0],[[4,5,8],0],[[4,6,7],1]]
12:33:40 UTC split region (bound/target 36.461) on [[4,6,8],[4,7,8],[5,6,7],[5,6,8]]: 1 pieces proved, 15 open; total runs 16, proved 1, open regions 15
12:42:03 UTC split region (bound/target 1.060) on [[5,7,8],[6,7,8],[0,4,5],[0,4,6]]: 10 pieces proved, 6 open; total runs 32, proved 11, open regions 20
12:43:06 UTC region PROVED by a 300 s run (63 s); open 19
12:44:03 UTC split region (bound/target 1.030) on [[0,4,7],[0,4,8],[0,5,6],[0,5,7]]: 16 pieces proved, 0 open; total runs 49, proved 28, open regions 18
12:54:07 UTC split region (bound/target 1.088) on [[5,7,8],[6,7,8],[0,4,5],[0,4,6]]: 11 pieces proved, 5 open; total runs 65, proved 39, open regions 22
12:55:18 UTC split region (bound/target 1.027) on [[0,4,7],[0,4,8],[0,5,6],[0,5,7]]: 16 pieces proved, 0 open; total runs 81, proved 55, open regions 21
12:56:59 UTC split region (bound/target 1.090) on [[0,4,7],[0,4,8],[0,5,6],[0,5,7]]: 15 pieces proved, 1 open; total runs 97, proved 70, open regions 21
12:57:33 UTC split region (bound/target 1.115) on [[0,4,7],[0,4,8],[0,5,6],[0,5,7]]: 16 pieces proved, 0 open; total runs 113, proved 86, open regions 20
12:58:25 UTC split region (bound/target 1.156) on [[5,7,8],[6,7,8],[0,4,5],[0,4,6]]: 16 pieces proved, 0 open; total runs 129, proved 102, open regions 19
12:59:20 UTC split region (bound/target 1.193) on [[0,5,8],[0,6,7],[0,6,8],[0,7,8]]: 16 pieces proved, 0 open; total runs 145, proved 118, open regions 18
13:02:45 UTC split region (bound/target 1.195) on [[5,7,8],[6,7,8],[0,4,5],[0,4,6]]: 13 pieces proved, 3 open; total runs 161, proved 131, open regions 20
13:03:48 UTC split region (bound/target 1.140) on [[0,4,7],[0,4,8],[0,5,6],[0,5,7]]: 16 pieces proved, 0 open; total runs 177, proved 147, open regions 19
13:05:34 UTC split region (bound/target 1.251) on [[0,4,7],[0,4,8],[0,5,6],[0,5,7]]: 15 pieces proved, 1 open; total runs 193, proved 162, open regions 19
13:09:57 UTC split region (bound/target 1.282) on [[5,7,8],[6,7,8],[0,4,5],[0,4,6]]: 12 pieces proved, 4 open; total runs 209, proved 174, open regions 22
13:11:22 UTC split region (bound/target 1.028) on [[0,4,7],[0,4,8],[0,5,6],[0,5,7]]: 15 pieces proved, 1 open; total runs 225, proved 189, open regions 22
13:12:07 UTC split region (bound/target 1.037) on [[0,5,8],[0,6,7],[0,6,8],[0,7,8]]: 16 pieces proved, 0 open; total runs 241, proved 205, open regions 21
13:12:41 UTC split region (bound/target 1.047) on [[0,4,7],[0,4,8],[0,5,6],[0,5,7]]: 16 pieces proved, 0 open; total runs 257, proved 221, open regions 20
13:13:52 UTC split region (bound/target 1.174) on [[0,4,7],[0,4,8],[0,5,6],[0,5,7]]: 15 pieces proved, 1 open; total runs 273, proved 236, open regions 20
13:15:12 UTC split region (bound/target 1.164) on [[0,5,8],[0,6,7],[0,6,8],[0,7,8]]: 15 pieces proved, 1 open; total runs 289, proved 251, open regions 20
13:16:13 UTC split region (bound/target 1.041) on [[1,4,5],[1,4,6],[1,4,7],[1,4,8]]: 16 pieces proved, 0 open; total runs 305, proved 267, open regions 19
13:17:24 UTC split region (bound/target 1.306) on [[0,4,7],[0,4,8],[0,5,6],[0,5,7]]: 15 pieces proved, 1 open; total runs 321, proved 282, open regions 19
13:19:47 UTC split region (bound/target 1.213) on [[0,5,8],[0,6,7],[0,6,8],[0,7,8]]: 15 pieces proved, 1 open; total runs 337, proved 297, open regions 19
13:20:51 UTC region PROVED by a 300 s run (63 s); open 18
13:21:58 UTC split region (bound/target 1.318) on [[0,4,7],[0,4,8],[0,5,6],[0,5,7]]: 15 pieces proved, 1 open; total runs 354, proved 313, open regions 18
13:24:23 UTC split region (bound/target 1.215) on [[0,5,8],[0,6,7],[0,6,8],[0,7,8]]: 15 pieces proved, 1 open; total runs 370, proved 328, open regions 18
13:26:08 UTC split region (bound/target 1.083) on [[1,4,5],[1,4,6],[1,4,7],[1,4,8]]: 15 pieces proved, 1 open; total runs 386, proved 343, open regions 18
13:27:08 UTC split region (bound/target 1.044) on [[1,5,6],[1,5,7],[1,5,8],[1,6,7]]: 16 pieces proved, 0 open; total runs 402, proved 359, open regions 17
13:28:17 UTC split region (bound/target 1.340) on [[0,4,7],[0,4,8],[0,5,6],[0,5,7]]: 15 pieces proved, 1 open; total runs 418, proved 374, open regions 17
13:31:29 UTC split region (bound/target 1.344) on [[0,5,8],[0,6,7],[0,6,8],[0,7,8]]: 13 pieces proved, 3 open; total runs 434, proved 387, open regions 19
13:35:03 UTC split region (bound/target 1.049) on [[1,4,5],[1,4,6],[1,4,7],[1,4,8]]: 14 pieces proved, 2 open; total runs 450, proved 401, open regions 20
13:36:47 UTC split region (bound/target 1.064) on [[1,4,5],[1,4,6],[1,4,7],[1,4,8]]: 16 pieces proved, 0 open; total runs 466, proved 417, open regions 19
13:37:36 UTC split region (bound/target 1.087) on [[1,5,6],[1,5,7],[1,5,8],[1,6,7]]: 16 pieces proved, 0 open; total runs 482, proved 433, open regions 18
13:39:37 UTC split region (bound/target 1.147) on [[1,5,6],[1,5,7],[1,5,8],[1,6,7]]: 15 pieces proved, 1 open; total runs 498, proved 448, open regions 18
13:41:24 UTC split region (bound/target 1.079) on [[1,6,8],[1,7,8],[2,4,5],[2,4,6]]: 16 pieces proved, 0 open; total runs 514, proved 464, open regions 17
13:43:38 UTC split region (bound/target 1.154) on [[1,4,5],[1,4,6],[1,4,7],[1,4,8]]: 15 pieces proved, 1 open; total runs 530, proved 479, open regions 17
13:43:52 UTC split region (bound/target 1.058) on [[1,5,6],[1,5,7],[1,5,8],[1,6,7]]: 16 pieces proved, 0 open; total runs 546, proved 495, open regions 16
13:45:28 UTC split region (bound/target 1.347) on [[0,4,7],[0,4,8],[0,5,6],[0,5,7]]: 15 pieces proved, 1 open; total runs 562, proved 510, open regions 16
13:54:26 UTC split region (bound/target 1.361) on [[5,7,8],[6,7,8],[0,4,5],[0,4,6]]: 9 pieces proved, 7 open; total runs 578, proved 519, open regions 22
13:56:55 UTC split region (bound/target 1.042) on [[0,4,7],[0,4,8],[0,5,6],[0,5,7]]: 16 pieces proved, 0 open; total runs 594, proved 535, open regions 21
13:57:49 UTC split region (bound/target 1.046) on [[0,4,7],[0,4,8],[0,5,6],[0,5,7]]: 16 pieces proved, 0 open; total runs 610, proved 551, open regions 20
13:59:31 UTC split region (bound/target 1.205) on [[0,4,7],[0,4,8],[0,5,6],[0,5,7]]: 16 pieces proved, 0 open; total runs 626, proved 567, open regions 19
14:00:46 UTC split region (bound/target 1.229) on [[0,4,7],[0,4,8],[0,5,6],[0,5,7]]: 15 pieces proved, 1 open; total runs 642, proved 582, open regions 19
14:03:03 UTC split region (bound/target 1.159) on [[0,5,8],[0,6,7],[0,6,8],[0,7,8]]: 14 pieces proved, 2 open; total runs 658, proved 596, open regions 20
14:05:07 UTC split region (bound/target 1.172) on [[1,4,5],[1,4,6],[1,4,7],[1,4,8]]: 15 pieces proved, 1 open; total runs 674, proved 611, open regions 20
14:07:28 UTC split region (bound/target 1.067) on [[1,5,6],[1,5,7],[1,5,8],[1,6,7]]: 14 pieces proved, 2 open; total runs 690, proved 625, open regions 21
14:08:17 UTC split region (bound/target 1.035) on [[1,6,8],[1,7,8],[2,4,5],[2,4,6]]: 16 pieces proved, 0 open; total runs 706, proved 641, open regions 20
14:09:30 UTC split region (bound/target 1.043) on [[1,6,8],[1,7,8],[2,4,5],[2,4,6]]: 16 pieces proved, 0 open; total runs 722, proved 657, open regions 19
14:11:32 UTC split region (bound/target 1.210) on [[1,4,5],[1,4,6],[1,4,7],[1,4,8]]: 15 pieces proved, 1 open; total runs 738, proved 672, open regions 19
14:13:14 UTC split region (bound/target 1.125) on [[1,5,6],[1,5,7],[1,5,8],[1,6,7]]: 15 pieces proved, 1 open; total runs 754, proved 687, open regions 19
14:14:18 UTC region PROVED by a 300 s run (64 s); open 18
14:15:55 UTC split region (bound/target 1.273) on [[0,4,7],[0,4,8],[0,5,6],[0,5,7]]: 15 pieces proved, 1 open; total runs 771, proved 703, open regions 18
14:17:07 UTC split region (bound/target 1.362) on [[0,4,7],[0,4,8],[0,5,6],[0,5,7]]: 15 pieces proved, 1 open; total runs 787, proved 718, open regions 18
14:18:33 UTC split region (bound/target 1.312) on [[0,5,8],[0,6,7],[0,6,8],[0,7,8]]: 15 pieces proved, 1 open; total runs 803, proved 733, open regions 18
14:20:17 UTC split region (bound/target 1.081) on [[1,4,5],[1,4,6],[1,4,7],[1,4,8]]: 15 pieces proved, 1 open; total runs 819, proved 748, open regions 18
14:21:16 UTC split region (bound/target 1.094) on [[1,5,6],[1,5,7],[1,5,8],[1,6,7]]: 16 pieces proved, 0 open; total runs 835, proved 764, open regions 17
14:33:02 UTC split region (bound/target 1.363) on [[5,7,8],[6,7,8],[0,4,5],[0,4,6]]: 8 pieces proved, 8 open; total runs 851, proved 772, open regions 24
14:34:02 UTC region PROVED by a 300 s run (60 s); open 23
14:35:05 UTC region PROVED by a 300 s run (62 s); open 22
14:36:15 UTC split region (bound/target 1.144) on [[0,4,7],[0,4,8],[0,5,6],[0,5,7]]: 15 pieces proved, 1 open; total runs 869, proved 789, open regions 22
14:37:45 UTC split region (bound/target 1.151) on [[0,5,8],[0,6,7],[0,6,8],[0,7,8]]: 15 pieces proved, 1 open; total runs 885, proved 804, open regions 22
14:39:12 UTC split region (bound/target 1.041) on [[1,4,5],[1,4,6],[1,4,7],[1,4,8]]: 16 pieces proved, 0 open; total runs 901, proved 820, open regions 21
14:40:56 UTC split region (bound/target 1.196) on [[0,4,7],[0,4,8],[0,5,6],[0,5,7]]: 15 pieces proved, 1 open; total runs 917, proved 835, open regions 21
14:44:32 UTC split region (bound/target 1.124) on [[0,5,8],[0,6,7],[0,6,8],[0,7,8]]: 13 pieces proved, 3 open; total runs 933, proved 848, open regions 23
14:47:12 UTC split region (bound/target 1.090) on [[1,4,5],[1,4,6],[1,4,7],[1,4,8]]: 15 pieces proved, 1 open; total runs 949, proved 863, open regions 23
14:48:58 UTC split region (bound/target 1.190) on [[1,5,6],[1,5,7],[1,5,8],[1,6,7]]: 15 pieces proved, 1 open; total runs 965, proved 878, open regions 23
14:49:46 UTC split region (bound/target 1.058) on [[1,6,8],[1,7,8],[2,4,5],[2,4,6]]: 16 pieces proved, 0 open; total runs 981, proved 894, open regions 22
14:50:53 UTC split region (bound/target 1.209) on [[0,4,7],[0,4,8],[0,5,6],[0,5,7]]: 16 pieces proved, 0 open; total runs 997, proved 910, open regions 21
14:52:04 UTC split region (bound/target 1.217) on [[0,4,7],[0,4,8],[0,5,6],[0,5,7]]: 15 pieces proved, 1 open; total runs 1013, proved 925, open regions 21
14:53:20 UTC split region (bound/target 1.130) on [[0,5,8],[0,6,7],[0,6,8],[0,7,8]]: 15 pieces proved, 1 open; total runs 1029, proved 940, open regions 21
14:55:00 UTC split region (bound/target 1.123) on [[1,4,5],[1,4,6],[1,4,7],[1,4,8]]: 16 pieces proved, 0 open; total runs 1045, proved 956, open regions 20
14:57:18 UTC split region (bound/target 1.320) on [[1,4,5],[1,4,6],[1,4,7],[1,4,8]]: 15 pieces proved, 1 open; total runs 1061, proved 971, open regions 20
14:58:54 UTC split region (bound/target 1.211) on [[1,5,6],[1,5,7],[1,5,8],[1,6,7]]: 15 pieces proved, 1 open; total runs 1077, proved 986, open regions 20
15:00:06 UTC split region (bound/target 1.236) on [[1,6,8],[1,7,8],[2,4,5],[2,4,6]]: 16 pieces proved, 0 open; total runs 1093, proved 1002, open regions 19
15:03:11 UTC split region (bound/target 1.364) on [[5,7,8],[6,7,8],[0,4,5],[0,4,6]]: 14 pieces proved, 2 open; total runs 1109, proved 1016, open regions 20
15:04:29 UTC region PROVED by a 300 s run (78 s); open 19
15:08:47 UTC split region (bound/target 1.380) on [[5,7,8],[6,7,8],[0,4,5],[0,4,6]]: 14 pieces proved, 2 open; total runs 1126, proved 1031, open regions 20
15:10:12 UTC split region (bound/target 1.303) on [[0,4,7],[0,4,8],[0,5,6],[0,5,7]]: 15 pieces proved, 1 open; total runs 1142, proved 1046, open regions 20
15:12:25 UTC split region (bound/target 1.111) on [[0,5,8],[0,6,7],[0,6,8],[0,7,8]]: 14 pieces proved, 2 open; total runs 1158, proved 1060, open regions 21
15:14:04 UTC split region (bound/target 1.092) on [[1,4,5],[1,4,6],[1,4,7],[1,4,8]]: 16 pieces proved, 0 open; total runs 1174, proved 1076, open regions 20
15:15:37 UTC split region (bound/target 1.156) on [[1,4,5],[1,4,6],[1,4,7],[1,4,8]]: 15 pieces proved, 1 open; total runs 1190, proved 1091, open regions 20
15:16:20 UTC split region (bound/target 1.071) on [[1,5,6],[1,5,7],[1,5,8],[1,6,7]]: 16 pieces proved, 0 open; total runs 1206, proved 1107, open regions 19
15:17:44 UTC split region (bound/target 1.388) on [[0,4,7],[0,4,8],[0,5,6],[0,5,7]]: 15 pieces proved, 1 open; total runs 1222, proved 1122, open regions 19
15:19:18 UTC split region (bound/target 1.392) on [[0,4,7],[0,4,8],[0,5,6],[0,5,7]]: 15 pieces proved, 1 open; total runs 1238, proved 1137, open regions 19
15:21:56 UTC split region (bound/target 1.397) on [[0,5,8],[0,6,7],[0,6,8],[0,7,8]]: 15 pieces proved, 1 open; total runs 1254, proved 1152, open regions 19
15:23:51 UTC split region (bound/target 1.217) on [[1,4,5],[1,4,6],[1,4,7],[1,4,8]]: 15 pieces proved, 1 open; total runs 1270, proved 1167, open regions 19
15:26:00 UTC split region (bound/target 1.116) on [[1,5,6],[1,5,7],[1,5,8],[1,6,7]]: 15 pieces proved, 1 open; total runs 1286, proved 1182, open regions 19
15:29:24 UTC split region (bound/target 1.125) on [[1,6,8],[1,7,8],[2,4,5],[2,4,6]]: 14 pieces proved, 2 open; total runs 1302, proved 1196, open regions 20
15:31:03 UTC split region (bound/target 1.053) on [[2,4,7],[2,4,8],[2,5,6],[2,5,7]]: 15 pieces proved, 1 open; total runs 1318, proved 1211, open regions 20
15:32:21 UTC split region (bound/target 1.095) on [[2,4,7],[2,4,8],[2,5,6],[2,5,7]]: 16 pieces proved, 0 open; total runs 1334, proved 1227, open regions 19
15:34:32 UTC split region (bound/target 1.195) on [[2,5,8],[2,6,7],[2,6,8],[2,7,8]]: 16 pieces proved, 0 open; total runs 1350, proved 1243, open regions 18
15:36:05 UTC split region (bound/target 1.436) on [[0,4,7],[0,4,8],[0,5,6],[0,5,7]]: 15 pieces proved, 1 open; total runs 1366, proved 1258, open regions 18
15:38:29 UTC split region (bound/target 1.326) on [[0,5,8],[0,6,7],[0,6,8],[0,7,8]]: 14 pieces proved, 2 open; total runs 1382, proved 1272, open regions 19
15:40:07 UTC split region (bound/target 1.075) on [[1,4,5],[1,4,6],[1,4,7],[1,4,8]]: 15 pieces proved, 1 open; total runs 1398, proved 1287, open regions 19
15:41:12 UTC region PROVED by a 300 s run (65 s); open 18
15:42:56 UTC split region (bound/target 1.368) on [[1,4,5],[1,4,6],[1,4,7],[1,4,8]]: 15 pieces proved, 1 open; total runs 1415, proved 1303, open regions 18
15:45:33 UTC split region (bound/target 1.187) on [[1,5,6],[1,5,7],[1,5,8],[1,6,7]]: 14 pieces proved, 2 open; total runs 1431, proved 1317, open regions 19
15:47:54 UTC split region (bound/target 1.027) on [[1,6,8],[1,7,8],[2,4,5],[2,4,6]]: 15 pieces proved, 1 open; total runs 1447, proved 1332, open regions 19
15:48:32 UTC split region (bound/target 1.066) on [[1,6,8],[1,7,8],[2,4,5],[2,4,6]]: 16 pieces proved, 0 open; total runs 1463, proved 1348, open regions 18
15:50:16 UTC split region (bound/target 1.184) on [[2,4,7],[2,4,8],[2,5,6],[2,5,7]]: 15 pieces proved, 1 open; total runs 1479, proved 1363, open regions 18
15:50:44 UTC split region (bound/target 1.206) on [[2,5,8],[2,6,7],[2,6,8],[2,7,8]]: 16 pieces proved, 0 open; total runs 1495, proved 1379, open regions 17
15:53:12 UTC split region (bound/target 1.462) on [[0,5,8],[0,6,7],[0,6,8],[0,7,8]]: 16 pieces proved, 0 open; total runs 1511, proved 1395, open regions 16
15:57:57 UTC split region (bound/target 1.462) on [[5,7,8],[6,7,8],[0,4,5],[0,4,6]]: 13 pieces proved, 3 open; total runs 1527, proved 1408, open regions 18
15:58:52 UTC split region (bound/target 1.144) on [[0,4,7],[0,4,8],[0,5,6],[0,5,7]]: 16 pieces proved, 0 open; total runs 1543, proved 1424, open regions 17
16:00:20 UTC split region (bound/target 1.362) on [[0,4,7],[0,4,8],[0,5,6],[0,5,7]]: 15 pieces proved, 1 open; total runs 1559, proved 1439, open regions 17
16:01:51 UTC split region (bound/target 1.386) on [[0,4,7],[0,4,8],[0,5,6],[0,5,7]]: 15 pieces proved, 1 open; total runs 1575, proved 1454, open regions 17
16:02:53 UTC split region (bound/target 1.312) on [[0,5,8],[0,6,7],[0,6,8],[0,7,8]]: 16 pieces proved, 0 open; total runs 1591, proved 1470, open regions 16
16:04:35 UTC split region (bound/target 1.419) on [[0,5,8],[0,6,7],[0,6,8],[0,7,8]]: 15 pieces proved, 1 open; total runs 1607, proved 1485, open regions 16
16:07:05 UTC split region (bound/target 1.275) on [[1,4,5],[1,4,6],[1,4,7],[1,4,8]]: 15 pieces proved, 1 open; total runs 1623, proved 1500, open regions 16
16:09:52 UTC split region (bound/target 1.130) on [[1,5,6],[1,5,7],[1,5,8],[1,6,7]]: 14 pieces proved, 2 open; total runs 1639, proved 1514, open regions 17
16:10:43 UTC split region (bound/target 1.111) on [[1,6,8],[1,7,8],[2,4,5],[2,4,6]]: 16 pieces proved, 0 open; total runs 1655, proved 1530, open regions 16
16:13:20 UTC split region (bound/target 1.166) on [[1,6,8],[1,7,8],[2,4,5],[2,4,6]]: 14 pieces proved, 2 open; total runs 1671, proved 1544, open regions 17
16:14:04 UTC split region (bound/target 1.060) on [[2,4,7],[2,4,8],[2,5,6],[2,5,7]]: 16 pieces proved, 0 open; total runs 1687, proved 1560, open regions 16
16:15:36 UTC split region (bound/target 1.184) on [[2,4,7],[2,4,8],[2,5,6],[2,5,7]]: 15 pieces proved, 1 open; total runs 1703, proved 1575, open regions 16
16:17:04 UTC split region (bound/target 1.228) on [[2,5,8],[2,6,7],[2,6,8],[2,7,8]]: 16 pieces proved, 0 open; total runs 1719, proved 1591, open regions 15
16:19:14 UTC STOP file or time limit reached mid-region; it will be redone on resume (finished pieces are reused)
