Set parameter NodefileStart to value 6
Read parameters from file gurobi.env
Restricted license - for non-production use only - expires 2027-11-29
Set parameter OutputFlag to value 1
Set parameter Threads to value 4
Set parameter TimeLimit to value 360
Set parameter MIPGap to value 5e-05
Set parameter MIPFocus to value 2
Set parameter NonConvex to value 2
Set parameter BestBdStop to value 2.7426211734693878e-02
Gurobi Optimizer version 13.0.3 build v13.0.3rc0 (linux64 - "Ubuntu 24.04.5 LTS")

CPU model: INTEL(R) XEON(R) PLATINUM 8573C, instruction set [SSE2|AVX|AVX2|AVX512]
Thread count: 2 physical cores, 4 logical processors, using up to 4 threads

Non-default parameters:
TimeLimit  360
BestBdStop  2.7426211734693878e-02
MIPGap  5e-05
MIPFocus  2
NodefileStart  6
NonConvex  2
Threads  4

Optimize a model with 133 rows, 103 columns and 742 nonzeros (Max)
Model fingerprint: 0x1bd5f60e
Model has 1 linear objective coefficients
Model has 50 quadratic constraints
Variable types: 65 continuous, 38 integer (38 binary)
Coefficient statistics:
  Matrix range     [5e-01, 1e+00]
  QMatrix range    [1e+00, 1e+00]
  QLMatrix range   [1e+00, 1e+00]
  Objective range  [1e+00, 1e+00]
  Bounds range     [5e-01, 1e+00]
  RHS range        [1e+00, 1e+00]

Found heuristic solution: objective -0.0000000
Presolve time: 0.00s
Presolved: 333 rows, 104 columns, 1142 nonzeros
Presolved model has 50 bilinear constraint(s)

Solving non-convex MIQCP to global optimality

Variable types: 66 continuous, 38 integer (38 binary)
Root relaxation presolve removed 50 rows and 1 columns
Root relaxation presolved: 283 rows, 103 columns, 1092 nonzeros


Root relaxation: objective 1.250000e-01, 131 iterations, 0.00 seconds (0.00 work units)

    Nodes    |    Current Node    |     Objective Bounds      |     Work
 Expl Unexpl |  Obj  Depth IntInf | Incumbent    BestBd   Gap | It/Node Time

     0     0    0.12500    0   43   -0.00000    0.12500      -     -    0s
     0     0    0.07692    0   67   -0.00000    0.07692      -     -    0s
     0     0    0.07692    0   68   -0.00000    0.07692      -     -    0s
     0     0    0.07692    0   72   -0.00000    0.07692      -     -    0s
     0     0    0.07692    0   68   -0.00000    0.07692      -     -    0s
     0     0    0.07500    0   71   -0.00000    0.07500      -     -    0s
     0     0    0.07500    0   73   -0.00000    0.07500      -     -    0s
     0     0    0.07500    0   59   -0.00000    0.07500      -     -    0s
     0     0    0.07447    0   54   -0.00000    0.07447      -     -    0s
     0     0    0.07377    0   54   -0.00000    0.07377      -     -    0s
     0     0    0.07377    0   54   -0.00000    0.07377      -     -    0s
     0     0    0.07353    0   61   -0.00000    0.07353      -     -    0s
     0     0    0.07143    0   58   -0.00000    0.07143      -     -    0s
     0     0    0.07143    0   68   -0.00000    0.07143      -     -    0s
     0     0    0.07143    0   68   -0.00000    0.07143      -     -    0s
     0     0    0.07143    0   68   -0.00000    0.07143      -     -    0s
     0     0    0.07143    0   68   -0.00000    0.07143      -     -    0s
     0     0    0.07143    0   68   -0.00000    0.07143      -     -    0s
     0     0    0.07143    0   68   -0.00000    0.07143      -     -    0s
H    0     0                       0.0000001    0.07143      -     -    0s
H    0     0                       0.0000002    0.07143      -     -    0s
H    0     0                       0.0000002    0.07143      -     -    0s
     0     2    0.07143    0   68    0.00000    0.07143      -     -    1s
H  603   518                       0.0000002    0.07143      -  31.0    1s
*  616   518              87       0.0000003    0.07143      -  30.5    1s
* 1923  1308              90       0.0000005    0.04092      -  32.9    3s
* 2000  1282              88       0.0000005    0.04092      -  32.4    3s
* 2001  1237              88       0.0000005    0.04092      -  32.4    3s
H 3028  1660                       0.0000005    0.04092      -  30.0    3s
  7344  4400    0.01474   26   50    0.00000    0.03362      -  24.1    6s
H12859  7485                       0.0000007    0.02858      -  23.6    7s

Cutting planes:
  Gomory: 8
  Implied bound: 4
  MIR: 4
  Flow cover: 22
  RLT: 73
  Relax-and-lift: 2
  BQP: 3

Explored 15247 nodes (363520 simplex iterations) in 8.16 seconds (5.24 work units)
Thread count was 4 (of 4 available processors)

Solution count 10: 6.5241e-07 5.42757e-07 5.31149e-07 ... 1.46877e-07

Optimization achieved user objective limit
Best objective 6.524099498209e-07, best bound 2.734034994622e-02, gap -
{"verdict": "PROVED", "status": "BOUND_REACHED", "runtime": 8.160078048706055, "objval": 6.524099498209092e-07, "objbound": 0.02734034994621551, "binaries": 38}
