Set parameter NodefileStart to value 6
Read parameters from file gurobi.env
Restricted license - for non-production use only - expires 2027-11-29
Set parameter OutputFlag to value 1
Set parameter Threads to value 4
Set parameter TimeLimit to value 360
Set parameter MIPGap to value 5e-05
Set parameter MIPFocus to value 2
Set parameter NonConvex to value 2
Set parameter BestBdStop to value 2.7426211734693878e-02
Gurobi Optimizer version 13.0.3 build v13.0.3rc0 (linux64 - "Ubuntu 24.04.5 LTS")

CPU model: AMD EPYC 9V74 80-Core Processor, instruction set [SSE2|AVX|AVX2|AVX512]
Thread count: 2 physical cores, 4 logical processors, using up to 4 threads

Non-default parameters:
TimeLimit  360
BestBdStop  2.7426211734693878e-02
MIPGap  5e-05
MIPFocus  2
NodefileStart  6
NonConvex  2
Threads  4

Optimize a model with 141 rows, 111 columns and 810 nonzeros (Max)
Model fingerprint: 0xe4075382
Model has 1 linear objective coefficients
Model has 50 quadratic constraints
Variable types: 65 continuous, 46 integer (46 binary)
Coefficient statistics:
  Matrix range     [5e-01, 1e+00]
  QMatrix range    [1e+00, 1e+00]
  QLMatrix range   [1e+00, 1e+00]
  Objective range  [1e+00, 1e+00]
  Bounds range     [5e-01, 1e+00]
  RHS range        [1e+00, 1e+00]

Found heuristic solution: objective -0.0000000
Presolve time: 0.00s
Presolved: 341 rows, 112 columns, 1210 nonzeros
Presolved model has 50 bilinear constraint(s)

Solving non-convex MIQCP to global optimality

Variable types: 66 continuous, 46 integer (46 binary)
Root relaxation presolve removed 50 rows and 1 columns
Root relaxation presolved: 291 rows, 111 columns, 1160 nonzeros


Root relaxation: objective 8.333333e-02, 128 iterations, 0.00 seconds (0.00 work units)

    Nodes    |    Current Node    |     Objective Bounds      |     Work
 Expl Unexpl |  Obj  Depth IntInf | Incumbent    BestBd   Gap | It/Node Time

     0     0    0.08333    0   49   -0.00000    0.08333      -     -    0s
H    0     0                       0.0000000    0.08333      -     -    0s
     0     0    0.08333    0   49    0.00000    0.08333      -     -    0s
H    0     0                       0.0000000    0.08333      -     -    0s
     0     0    0.08333    0   70    0.00000    0.08333      -     -    0s
     0     0    0.08333    0   50    0.00000    0.08333      -     -    0s
     0     0    0.08333    0   40    0.00000    0.08333      -     -    0s
     0     0    0.08333    0   40    0.00000    0.08333      -     -    0s
     0     0    0.08333    0   36    0.00000    0.08333      -     -    0s
     0     0    0.08333    0   36    0.00000    0.08333      -     -    0s
     0     2    0.08333    0   36    0.00000    0.08333      -     -    0s
H   37    52                       0.0000000    0.08333      -  14.8    0s
H   91   112                       0.0000001    0.08333      -  14.2    0s
H  156   164                       0.0000002    0.08333      -  15.4    0s
H  446   412                       0.0000004    0.08333      -  14.7    0s
H  975   884                       0.0000005    0.08333      -  20.8    0s
H 1350  1082                       0.0002554    0.06211      -  25.5    1s
H 1438  1124                       0.0002554    0.06211      -  24.7    1s
H 1450  1074                       0.0004283    0.06211      -  24.6    1s
H 1474  1022                       0.0018268    0.06211  3300%  24.3    1s
H 1542  1079                       0.0018268    0.06211  3300%  23.6    1s
H 1559  1033                       0.0032048    0.06211  1838%  23.4    1s
H 1695  1096                       0.0032048    0.06211  1838%  22.0    1s
H 1714  1046                       0.0057932    0.06211   972%  21.8    1s
* 1725  1008              83       0.0060613    0.06211   925%  21.7    1s
H 1872  1019                       0.0060613    0.06104   907%  21.7    1s
H 2137  1066                       0.0062324    0.06104   879%  23.6    1s
H 3183  1440                       0.0085408    0.05241   514%  31.4    2s
H 4140  1997                       0.0086829    0.05169   495%  33.2    2s
H 4259  2039                       0.0086829    0.05169   495%  33.1    2s
H 6148  3013                       0.0086866    0.04967   472%  35.4    3s
 14076  6684    0.00897   36   51    0.00869    0.04454   413%  36.9    5s
H14649  6777                       0.0087388    0.04436   408%  36.8    5s
H14650  6771                       0.0087686    0.04436   406%  36.8    5s
H18579  8742                       0.0088054    0.04387   398%  36.6    6s
H18867  8915                       0.0088054    0.04369   396%  36.6    6s
 31935 13810    0.02047   31   61    0.00881    0.04208   378%  36.3   10s
H50019 18442                       0.0108089    0.04037   273%  36.2   14s
H50192 18582                       0.0108089    0.04033   273%  36.2   14s
H51078 18917                       0.0108089    0.04027   273%  36.2   14s
 52145 20645    0.03154   30   49    0.01081    0.04020   272%  36.2   15s
 70946 25604    0.02540   31   64    0.01081    0.03906   261%  36.4   20s
 93026 32829    0.01235   39   50    0.01081    0.03794   251%  36.4   25s
 114852 39958    0.01442   33   45    0.01081    0.03710   243%  36.2   30s
 135988 46144    0.01118   41   55    0.01081    0.03626   235%  36.1   35s
 158755 53181     cutoff   31         0.01081    0.03561   229%  35.9   40s
 181339 59486    0.02124   33   65    0.01081    0.03502   224%  35.8   45s
H183978 60172                       0.0108089    0.03497   223%  35.8   46s
 198587 64409    0.01203   37   63    0.01081    0.03465   221%  35.8   50s
 220166 70571    0.02864   34   53    0.01081    0.03420   216%  35.9   55s
 241831 76314    0.01422   35   36    0.01081    0.03377   212%  35.9   60s
 263602 82144    0.01936   37   55    0.01081    0.03341   209%  35.9   65s
 286140 87680     cutoff   46         0.01081    0.03304   206%  35.9   70s
 308627 93099     cutoff   36         0.01081    0.03271   203%  35.8   75s
 331093 98549    0.02742   34   54    0.01081    0.03236   199%  35.8   80s
 349319 103034    0.01467   37   49    0.01081    0.03212   197%  35.8   85s
 369918 107627    0.01101   39   53    0.01081    0.03186   195%  35.8   90s
H376440 109316                       0.0108089    0.03177   194%  35.8   91s
 389622 112210    0.01174   33   55    0.01081    0.03161   192%  35.7   95s
 412077 117310     cutoff   45         0.01081    0.03135   190%  35.7  100s
 433937 122609    0.01782   32   58    0.01081    0.03110   188%  35.6  105s
 455649 127723     cutoff   35         0.01081    0.03089   186%  35.6  110s
 476413 132331     cutoff   36         0.01081    0.03069   184%  35.6  115s
 499336 137536     cutoff   39         0.01081    0.03046   182%  35.6  120s
 519052 141958     cutoff   42         0.01081    0.03029   180%  35.6  125s
 537094 145887     cutoff   43         0.01081    0.03013   179%  35.5  130s
 559298 150911     cutoff   41         0.01081    0.02995   177%  35.5  135s
 581528 155820    0.01397   38   45    0.01081    0.02977   175%  35.5  140s
 602818 160344    0.01315   38   48    0.01081    0.02961   174%  35.5  145s
 624958 164928    0.02288   30   53    0.01081    0.02946   173%  35.4  150s
 647304 169733    0.01908   36   59    0.01081    0.02931   171%  35.4  155s
 669231 174551     cutoff   38         0.01081    0.02917   170%  35.4  160s
 691952 179169    0.02558   34   55    0.01081    0.02903   169%  35.4  165s
 713972 183728    0.01957   34   47    0.01081    0.02890   167%  35.4  170s
 735736 188222    0.01419   37   39    0.01081    0.02877   166%  35.4  175s
 757793 192910    0.02507   35   53    0.01081    0.02864   165%  35.3  180s
 776406 196967     cutoff   57         0.01081    0.02853   164%  35.3  185s
 797924 201236     cutoff   41         0.01081    0.02842   163%  35.3  190s
H800341 196744                       0.0112595    0.02841   152%  35.3  190s
 818465 199852    0.02129   36   50    0.01126    0.02831   151%  35.3  195s
 840686 203825    0.01688   38   51    0.01126    0.02819   150%  35.3  200s
 863138 208100    0.02055   33   47    0.01126    0.02808   149%  35.2  205s
 886129 212076     cutoff   38         0.01126    0.02797   148%  35.2  210s
 908641 216197    0.01488   34   53    0.01126    0.02786   147%  35.2  215s
 930760 219900    0.01318   40   55    0.01126    0.02776   147%  35.2  220s
H952741 223907                       0.0112595    0.02766   146%  35.1  224s
 952873 223906    0.01307   39   52    0.01126    0.02765   146%  35.1  225s
H959107 207991                       0.0124492    0.02763   122%  35.1  227s
H959412 208027                       0.0124492    0.02763   122%  35.1  227s
H959818 208084                       0.0124492    0.02762   122%  35.1  227s
 967421 209302    0.01309   36   61    0.01245    0.02758   122%  35.1  230s
 990005 212586    0.01971   36   52    0.01245    0.02745   121%  35.1  235s

Cutting planes:
  Gomory: 41
  Lift-and-project: 7
  Implied bound: 32
  MIR: 13
  Flow cover: 103
  Inf proof: 6
  RLT: 101
  Relax-and-lift: 23
  BQP: 30

Explored 995735 nodes (34963592 simplex iterations) in 236.27 seconds (323.76 work units)
Thread count was 4 (of 4 available processors)

Solution count 10: 0.0124492 0.0112595 0.0108089 ... 0.00854081

Optimization achieved user objective limit
Best objective 1.244919411511e-02, best bound 2.742466233406e-02, gap 120.2927%
{"verdict": "PROVED", "status": "BOUND_REACHED", "runtime": 236.27099108695984, "objval": 0.012449194115114415, "objbound": 0.02742466233405796, "binaries": 46}
