Set parameter NodefileStart to value 6
Read parameters from file gurobi.env
Restricted license - for non-production use only - expires 2027-11-29
Set parameter OutputFlag to value 1
Set parameter Threads to value 4
Set parameter TimeLimit to value 360
Set parameter MIPGap to value 5e-05
Set parameter MIPFocus to value 2
Set parameter NonConvex to value 2
Set parameter BestBdStop to value 2.7426211734693878e-02
Gurobi Optimizer version 13.0.3 build v13.0.3rc0 (linux64 - "Ubuntu 24.04.5 LTS")

CPU model: Intel(R) Xeon(R) 6973P-C, instruction set [SSE2|AVX|AVX2|AVX512]
Thread count: 2 physical cores, 4 logical processors, using up to 4 threads

Non-default parameters:
TimeLimit  360
BestBdStop  2.7426211734693878e-02
MIPGap  5e-05
MIPFocus  2
NodefileStart  6
NonConvex  2
Threads  4

Optimize a model with 149 rows, 119 columns and 871 nonzeros (Max)
Model fingerprint: 0xc0cff69f
Model has 1 linear objective coefficients
Model has 50 quadratic constraints
Variable types: 65 continuous, 54 integer (54 binary)
Coefficient statistics:
  Matrix range     [5e-01, 1e+00]
  QMatrix range    [1e+00, 1e+00]
  QLMatrix range   [1e+00, 1e+00]
  Objective range  [1e+00, 1e+00]
  Bounds range     [5e-01, 1e+00]
  RHS range        [1e+00, 1e+00]

Found heuristic solution: objective -0.0000000
Presolve time: 0.00s
Presolved: 349 rows, 120 columns, 1271 nonzeros
Presolved model has 50 bilinear constraint(s)

Solving non-convex MIQCP to global optimality

Variable types: 66 continuous, 54 integer (54 binary)
Root relaxation presolve removed 50 rows and 1 columns
Root relaxation presolved: 299 rows, 119 columns, 1221 nonzeros


Root relaxation: objective 7.894737e-02, 110 iterations, 0.00 seconds (0.00 work units)

    Nodes    |    Current Node    |     Objective Bounds      |     Work
 Expl Unexpl |  Obj  Depth IntInf | Incumbent    BestBd   Gap | It/Node Time

     0     0    0.07895    0   50   -0.00000    0.07895      -     -    0s
     0     0    0.04545    0   55   -0.00000    0.04545      -     -    0s
     0     0    0.04545    0   42   -0.00000    0.04545      -     -    0s
     0     0    0.04545    0   50   -0.00000    0.04545      -     -    0s
     0     0    0.04545    0   57   -0.00000    0.04545      -     -    0s
     0     0    0.04545    0   65   -0.00000    0.04545      -     -    0s
     0     0    0.04545    0   51   -0.00000    0.04545      -     -    0s
     0     0    0.04545    0   59   -0.00000    0.04545      -     -    0s
     0     0    0.04545    0   52   -0.00000    0.04545      -     -    0s
     0     0    0.04545    0   52   -0.00000    0.04545      -     -    0s
     0     2    0.04545    0   52   -0.00000    0.04545      -     -    0s
H  263   227                       0.0000000    0.04545      -  30.8    0s
*  397   362              54       0.0000000    0.04545      -  27.0    0s
H  484   393                       0.0000001    0.04545      -  26.1    0s
H 1237   933                       0.0000003    0.04545      -  27.3    1s
H 1237   887                       0.0000003    0.02354      -  27.3    1s
H 1237   842                       0.0000005    0.02354      -  27.3    1s

Cutting planes:
  Gomory: 2
  RLT: 25
  Relax-and-lift: 2
  BQP: 7

Explored 1237 nodes (34920 simplex iterations) in 1.97 seconds (1.11 work units)
Thread count was 4 (of 4 available processors)

Solution count 7: 5.21615e-07 3.23361e-07 3.15625e-07 ... -0

Optimization achieved user objective limit
Best objective 5.216146603282e-07, best bound 2.354467306645e-02, gap -
{"verdict": "PROVED", "status": "BOUND_REACHED", "runtime": 1.9739341735839844, "objval": 5.216146603281584e-07, "objbound": 0.02354467306644781, "binaries": 54}
