Set parameter NodefileStart to value 6
Read parameters from file gurobi.env
Restricted license - for non-production use only - expires 2027-11-29
Set parameter OutputFlag to value 1
Set parameter Threads to value 4
Set parameter TimeLimit to value 360
Set parameter MIPGap to value 5e-05
Set parameter MIPFocus to value 2
Set parameter NonConvex to value 2
Set parameter BestBdStop to value 2.7426211734693878e-02
Gurobi Optimizer version 13.0.3 build v13.0.3rc0 (linux64 - "Ubuntu 24.04.5 LTS")

CPU model: AMD EPYC 9V74 80-Core Processor, instruction set [SSE2|AVX|AVX2|AVX512]
Thread count: 2 physical cores, 4 logical processors, using up to 4 threads

Non-default parameters:
TimeLimit  360
BestBdStop  2.7426211734693878e-02
MIPGap  5e-05
MIPFocus  2
NodefileStart  6
NonConvex  2
Threads  4

Optimize a model with 141 rows, 111 columns and 810 nonzeros (Max)
Model fingerprint: 0xebc28e04
Model has 1 linear objective coefficients
Model has 50 quadratic constraints
Variable types: 65 continuous, 46 integer (46 binary)
Coefficient statistics:
  Matrix range     [5e-01, 1e+00]
  QMatrix range    [1e+00, 1e+00]
  QLMatrix range   [1e+00, 1e+00]
  Objective range  [1e+00, 1e+00]
  Bounds range     [5e-01, 1e+00]
  RHS range        [1e+00, 1e+00]

Found heuristic solution: objective -0.0000000
Presolve time: 0.00s
Presolved: 341 rows, 112 columns, 1210 nonzeros
Presolved model has 50 bilinear constraint(s)

Solving non-convex MIQCP to global optimality

Variable types: 66 continuous, 46 integer (46 binary)
Root relaxation presolve removed 50 rows and 1 columns
Root relaxation presolved: 291 rows, 111 columns, 1160 nonzeros


Root relaxation: objective 8.333333e-02, 113 iterations, 0.00 seconds (0.00 work units)

    Nodes    |    Current Node    |     Objective Bounds      |     Work
 Expl Unexpl |  Obj  Depth IntInf | Incumbent    BestBd   Gap | It/Node Time

     0     0    0.08333    0   49   -0.00000    0.08333      -     -    0s
     0     0    0.07143    0   57   -0.00000    0.07143      -     -    0s
     0     0    0.06250    0   53   -0.00000    0.06250      -     -    0s
     0     0    0.06250    0   52   -0.00000    0.06250      -     -    0s
     0     0    0.06250    0   62   -0.00000    0.06250      -     -    0s
     0     0    0.06250    0   64   -0.00000    0.06250      -     -    0s
     0     0    0.06250    0   62   -0.00000    0.06250      -     -    0s
     0     0    0.06250    0   40   -0.00000    0.06250      -     -    0s
     0     0    0.06250    0   40   -0.00000    0.06250      -     -    0s
     0     0    0.06250    0   54   -0.00000    0.06250      -     -    0s
     0     0    0.06250    0   59   -0.00000    0.06250      -     -    0s
     0     0    0.06250    0   58   -0.00000    0.06250      -     -    0s
     0     0    0.06250    0   58   -0.00000    0.06250      -     -    0s
     0     2    0.06250    0   58   -0.00000    0.06250      -     -    0s
H   93   106                       0.0000000    0.06250      -  20.3    0s
*  534   512              83       0.0000001    0.06250      -  22.3    0s
*  535   512              84       0.0000001    0.06250      -  22.3    0s
*  586   560              86       0.0000003    0.06250      -  21.0    0s
H 1254   995                       0.0000005    0.06250      -  21.1    1s
* 1940  1359             106       0.0000012    0.05436      -  22.0    1s
H 2266  1406                       0.0000012    0.05384      -  22.2    1s
H 2789  1607                       0.0000015    0.04846      -  22.3    1s
H 3008  1040                       0.0018615    0.04846  2503%  23.4    1s
H 3165  1052                       0.0018618    0.04739  2445%  24.0    1s
H 3424  1078                       0.0018621    0.04677  2412%  24.7    2s
H 4655  1682                       0.0023910    0.04373  1729%  25.7    2s
H 5679  2062                       0.0028643    0.04143  1346%  25.9    2s
 14746  6727    0.03478   28   61    0.00286    0.03765  1215%  30.7    5s
 30414 14102    0.02340   30   50    0.00286    0.03599  1156%  34.5   10s
 45844 21547    0.00852   42   54    0.00286    0.03482  1116%  36.1   15s
 60490 28677    0.00884   46   52    0.00286    0.03408  1090%  37.2   20s
 73956 35151    0.00745   40   52    0.00286    0.03361  1073%  37.9   25s
 92937 44313    0.01924   35   56    0.00286    0.03305  1054%  38.8   30s
 108877 51630     cutoff   48         0.00286    0.03251  1035%  39.1   35s
 125302 59172    0.01494   33   57    0.00286    0.03199  1017%  39.3   40s
 140181 65974    0.01652   34   56    0.00286    0.03166  1005%  39.4   45s
 154258 72299    0.01776   41   54    0.00286    0.03144   998%  39.6   50s
 170807 79750     cutoff   44         0.00286    0.03123   990%  39.8   55s
 185858 86664    0.01781   36   53    0.00286    0.03096   981%  40.0   60s
 201218 93448    0.01289   34   55    0.00286    0.03071   972%  40.1   65s
H212575 98140                       0.0028956    0.03052   954%  40.2   68s
 215627 99526     cutoff   40         0.00290    0.03046   952%  40.2   70s
 231536 106564     cutoff   38         0.00290    0.03028   946%  40.3   75s
 247652 113585 infeasible   44         0.00290    0.03007   938%  40.3   80s
 261863 119687     cutoff   42         0.00290    0.02988   932%  40.4   85s
 275339 126031    0.00484   47   52    0.00290    0.02973   927%  40.4   90s
 291760 133051    0.02474   36   56    0.00290    0.02954   920%  40.5   95s
 307082 139596     cutoff   32         0.00290    0.02938   915%  40.5  100s
 322862 146224    0.00310   40   51    0.00290    0.02921   909%  40.6  105s
 338632 153001    0.01403   33   51    0.00290    0.02906   904%  40.7  110s
 354712 159913    0.01153   38   51    0.00290    0.02895   900%  40.7  115s
 370213 166686     cutoff   49         0.00290    0.02882   895%  40.8  120s
 386803 173775    0.00339   34   51    0.00290    0.02870   891%  40.8  125s
 401039 179737    0.01848   34   52    0.00290    0.02859   888%  40.9  130s
 417311 186735    0.01039   41   51    0.00290    0.02847   883%  40.9  135s
 433109 193495    0.00622   36   51    0.00290    0.02833   878%  41.0  140s
H444614 195264                       0.0031241    0.02825   804%  41.0  144s
 445792 195791    0.01661   37   47    0.00312    0.02824   804%  41.0  145s
 461926 202849    0.00544   44   53    0.00312    0.02813   800%  41.0  150s
 477988 209501     cutoff   46         0.00312    0.02800   796%  41.0  155s
 494338 216518    0.00714   43   52    0.00312    0.02790   793%  41.1  160s
H503393 220318                       0.0031242    0.02785   791%  41.1  162s
 505903 221487     cutoff   41         0.00312    0.02783   791%  41.1  165s
 522366 228326    0.00839   42   50    0.00312    0.02774   788%  41.1  170s
 537942 234744    0.01141   40   50    0.00312    0.02764   785%  41.1  175s
 555078 241720    0.01009   40   51    0.00312    0.02754   782%  41.1  180s
 574177 249172    0.01654   34   53    0.00312    0.02744   778%  41.0  185s

Cutting planes:
  Gomory: 4
  Implied bound: 9
  MIR: 7
  Flow cover: 25
  RLT: 96
  Relax-and-lift: 4
  BQP: 21

Explored 577376 nodes (23681777 simplex iterations) in 186.24 seconds (187.06 work units)
Thread count was 4 (of 4 available processors)

Solution count 10: 0.00312418 0.00289558 0.0028643 ... 7.66763e-08

Optimization achieved user objective limit
Best objective 3.124175640302e-03, best bound 2.742497712172e-02, gap 777.8308%
{"verdict": "PROVED", "status": "BOUND_REACHED", "runtime": 186.23802590370178, "objval": 0.00312417564030249, "objbound": 0.027424977121715058, "binaries": 46}
