Set parameter NodefileStart to value 6
Read parameters from file gurobi.env
Restricted license - for non-production use only - expires 2027-11-29
Set parameter OutputFlag to value 1
Set parameter Threads to value 4
Set parameter TimeLimit to value 360
Set parameter MIPGap to value 5e-05
Set parameter MIPFocus to value 2
Set parameter NonConvex to value 2
Set parameter BestBdStop to value 2.7426211734693878e-02
Gurobi Optimizer version 13.0.3 build v13.0.3rc0 (linux64 - "Ubuntu 24.04.5 LTS")

CPU model: AMD EPYC 7763 64-Core Processor, instruction set [SSE2|AVX|AVX2]
Thread count: 2 physical cores, 4 logical processors, using up to 4 threads

Non-default parameters:
TimeLimit  360
BestBdStop  2.7426211734693878e-02
MIPGap  5e-05
MIPFocus  2
NodefileStart  6
NonConvex  2
Threads  4

Optimize a model with 141 rows, 111 columns and 810 nonzeros (Max)
Model fingerprint: 0x1dcfe0de
Model has 1 linear objective coefficients
Model has 50 quadratic constraints
Variable types: 65 continuous, 46 integer (46 binary)
Coefficient statistics:
  Matrix range     [5e-01, 1e+00]
  QMatrix range    [1e+00, 1e+00]
  QLMatrix range   [1e+00, 1e+00]
  Objective range  [1e+00, 1e+00]
  Bounds range     [5e-01, 1e+00]
  RHS range        [1e+00, 1e+00]

Found heuristic solution: objective -0.0000000
Presolve time: 0.00s
Presolved: 341 rows, 112 columns, 1210 nonzeros
Presolved model has 50 bilinear constraint(s)

Solving non-convex MIQCP to global optimality

Variable types: 66 continuous, 46 integer (46 binary)
Root relaxation presolve removed 70 rows and 11 columns
Root relaxation presolved: 271 rows, 101 columns, 1040 nonzeros


Root relaxation: objective 7.142857e-02, 100 iterations, 0.00 seconds (0.00 work units)

    Nodes    |    Current Node    |     Objective Bounds      |     Work
 Expl Unexpl |  Obj  Depth IntInf | Incumbent    BestBd   Gap | It/Node Time

     0     0    0.07143    0   50   -0.00000    0.07143      -     -    0s
     0     0    0.07143    0   49   -0.00000    0.07143      -     -    0s
     0     0    0.07143    0   58   -0.00000    0.07143      -     -    0s
     0     0    0.07143    0   58   -0.00000    0.07143      -     -    0s
     0     0    0.07143    0   51   -0.00000    0.07143      -     -    0s
     0     0    0.07143    0   51   -0.00000    0.07143      -     -    0s
     0     0    0.07143    0   49   -0.00000    0.07143      -     -    0s
     0     0    0.07143    0   49   -0.00000    0.07143      -     -    0s
     0     2    0.07143    0   49   -0.00000    0.07143      -     -    0s
H  147   169                       0.0000001    0.07143      -  29.3    0s
H 1166   953                       0.0039004    0.04221   982%  22.1    1s
H 1168   907                       0.0039004    0.04195   976%  22.0    1s
H 1637  1166                       0.0043634    0.04195   861%  23.5    2s
H 1757  1225                       0.0051579    0.04195   713%  22.6    2s
H 1949  1222                       0.0056564    0.04195   642%  22.4    2s
H 2022  1209                       0.0056564    0.04195   642%  22.6    2s
H 2228  1228                       0.0056564    0.04195   642%  23.4    2s
H 3275  1329                       0.0069353    0.04195   505%  24.5    2s
H 3297  1372                       0.0069353    0.04195   505%  24.5    2s
H 3426  1408                       0.0069353    0.04195   505%  24.6    2s
 11789  5899     cutoff   44         0.00694    0.03928   466%  24.0    5s
H13033  6257                       0.0071207    0.03900   448%  24.0    5s
H13085  6354                       0.0071207    0.03900   448%  24.0    5s
H24644 12129                       0.0071884    0.03733   419%  23.9    9s
 27019 13551    0.03504   26   52    0.00719    0.03702   415%  23.9   10s
*31315 15704             116       0.0073834    0.03674   398%  23.7   11s
*31319 15704             115       0.0073835    0.03674   398%  23.7   11s
H44136 21275                       0.0076942    0.03611   369%  23.5   14s
 47903 23374    0.00794   36   42    0.00769    0.03589   366%  23.5   15s
H55173 26125                       0.0079428    0.03551   347%  23.5   16s
 68001 31788    0.01332   40   46    0.00794    0.03500   341%  23.3   20s
H76872 35589                       0.0079657    0.03473   336%  23.3   21s
H76875 35761                       0.0079657    0.03473   336%  23.3   21s
 89625 41091    0.01241   34   52    0.00797    0.03441   332%  23.3   25s
H90950 41209                       0.0081063    0.03436   324%  23.2   25s
H91058 41408                       0.0081063    0.03436   324%  23.2   25s
H106070 46904                       0.0084360    0.03399   303%  23.2   29s
 109367 48602    0.01037   39   55    0.00844    0.03393   302%  23.2   30s
 132155 57570    0.01255   44   47    0.00844    0.03338   296%  23.1   35s
H135573 58264                       0.0085539    0.03332   289%  23.1   36s
 149168 63518    0.01788   34   54    0.00855    0.03303   286%  23.1   40s
 165740 69441 infeasible   44         0.00855    0.03271   282%  23.0   45s
 188703 77956     cutoff   43         0.00855    0.03233   278%  22.9   50s
 211595 86347    0.01336   38   36    0.00855    0.03202   274%  22.9   55s
 232950 94148    0.01377   37   42    0.00855    0.03175   271%  22.9   60s
 255824 102663    0.00908   40   46    0.00855    0.03149   268%  22.9   65s
 277085 110356    0.01626   35   52    0.00855    0.03123   265%  22.8   70s
 300475 118799    0.01182   41   53    0.00855    0.03099   262%  22.8   75s
 322728 126630     cutoff   42         0.00855    0.03079   260%  22.8   80s
 342207 133001 infeasible   44         0.00855    0.03061   258%  22.8   85s
 365046 140480    0.03003   28   62    0.00855    0.03042   256%  22.7   90s
 387892 148325    0.02233   35   53    0.00855    0.03024   254%  22.6   95s
 410127 155602    0.01607   37   45    0.00855    0.03008   252%  22.6  100s
 432931 163366    0.00887   48   54    0.00855    0.02992   250%  22.6  105s
 454861 170400    0.01737   41   43    0.00855    0.02976   248%  22.6  110s
 477453 178046    0.01431   36   52    0.00855    0.02961   246%  22.6  115s
 496249 184221     cutoff   45         0.00855    0.02950   245%  22.5  120s
 518843 191747     cutoff   46         0.00855    0.02936   243%  22.5  125s
 540695 198881    0.01501   42   54    0.00855    0.02923   242%  22.5  130s
 563487 206358     cutoff   39         0.00855    0.02910   240%  22.5  135s
 586030 213612    0.01719   35   52    0.00855    0.02898   239%  22.5  140s
 608487 220772    0.02113   35   51    0.00855    0.02887   238%  22.4  145s
 631059 227990    0.01355   44   53    0.00855    0.02877   236%  22.4  150s
 651623 234495    0.01935   38   53    0.00855    0.02868   235%  22.4  155s
 670245 240530    0.01395   34   49    0.00855    0.02859   234%  22.4  160s
 692989 247519     cutoff   43         0.00855    0.02850   233%  22.4  165s
 714380 254276    0.00860   41   51    0.00855    0.02841   232%  22.3  170s
 737346 261303     cutoff   42         0.00855    0.02830   231%  22.3  175s
 759608 268174    0.01804   40   55    0.00855    0.02822   230%  22.3  180s
 781483 275013     cutoff   39         0.00855    0.02814   229%  22.3  185s
 802338 281820    0.00901   37   51    0.00855    0.02806   228%  22.3  190s
 823304 288475    0.01230   42   56    0.00855    0.02797   227%  22.3  195s
 840328 293822    0.01054   39   45    0.00855    0.02791   226%  22.2  200s
 861154 300373    0.00977   47   55    0.00855    0.02783   225%  22.2  205s
 882529 307002    0.01283   40   55    0.00855    0.02776   225%  22.2  210s
 904856 314098    0.00918   37   61    0.00855    0.02768   224%  22.2  215s
 927583 321031    0.02031   37   45    0.00855    0.02761   223%  22.2  220s
 948804 327520    0.01269   44   39    0.00855    0.02753   222%  22.1  225s
 971787 334734 infeasible   36         0.00855    0.02746   221%  22.1  230s

Cutting planes:
  Gomory: 6
  Implied bound: 15
  MIR: 3
  Flow cover: 19
  RLT: 82
  Relax-and-lift: 5
  BQP: 6

Explored 981923 nodes (21727366 simplex iterations) in 232.23 seconds (261.34 work units)
Thread count was 4 (of 4 available processors)

Solution count 10: 0.00855388 0.00843605 0.00810634 ... 0.00712067

Optimization achieved user objective limit
Best objective 8.553876247306e-03, best bound 2.742613206706e-02, gap 220.6281%
{"verdict": "PROVED", "status": "BOUND_REACHED", "runtime": 232.23275208473206, "objval": 0.008553876247305603, "objbound": 0.02742613206705863, "binaries": 46}
