Set parameter NodefileStart to value 6
Read parameters from file gurobi.env
Restricted license - for non-production use only - expires 2027-11-29
Set parameter OutputFlag to value 1
Set parameter Threads to value 4
Set parameter TimeLimit to value 360
Set parameter MIPGap to value 5e-05
Set parameter MIPFocus to value 2
Set parameter NonConvex to value 2
Set parameter BestBdStop to value 2.7426211734693878e-02
Gurobi Optimizer version 13.0.3 build v13.0.3rc0 (linux64 - "Ubuntu 24.04.5 LTS")

CPU model: AMD EPYC 7763 64-Core Processor, instruction set [SSE2|AVX|AVX2]
Thread count: 2 physical cores, 4 logical processors, using up to 4 threads

Non-default parameters:
TimeLimit  360
BestBdStop  2.7426211734693878e-02
MIPGap  5e-05
MIPFocus  2
NodefileStart  6
NonConvex  2
Threads  4

Optimize a model with 141 rows, 111 columns and 810 nonzeros (Max)
Model fingerprint: 0x6803aac6
Model has 1 linear objective coefficients
Model has 50 quadratic constraints
Variable types: 65 continuous, 46 integer (46 binary)
Coefficient statistics:
  Matrix range     [5e-01, 1e+00]
  QMatrix range    [1e+00, 1e+00]
  QLMatrix range   [1e+00, 1e+00]
  Objective range  [1e+00, 1e+00]
  Bounds range     [5e-01, 1e+00]
  RHS range        [1e+00, 1e+00]

Found heuristic solution: objective -0.0000000
Presolve time: 0.00s
Presolved: 341 rows, 112 columns, 1210 nonzeros
Presolved model has 50 bilinear constraint(s)

Solving non-convex MIQCP to global optimality

Variable types: 66 continuous, 46 integer (46 binary)
Root relaxation presolve removed 50 rows and 1 columns
Root relaxation presolved: 291 rows, 111 columns, 1160 nonzeros


Root relaxation: objective 1.250000e-01, 106 iterations, 0.00 seconds (0.00 work units)

    Nodes    |    Current Node    |     Objective Bounds      |     Work
 Expl Unexpl |  Obj  Depth IntInf | Incumbent    BestBd   Gap | It/Node Time

     0     0    0.12500    0   56   -0.00000    0.12500      -     -    0s
     0     0    0.10000    0   55   -0.00000    0.10000      -     -    0s
     0     0    0.10000    0   60   -0.00000    0.10000      -     -    0s
     0     0    0.10000    0   54   -0.00000    0.10000      -     -    0s
     0     0    0.10000    0   54   -0.00000    0.10000      -     -    0s
     0     0    0.09091    0   52   -0.00000    0.09091      -     -    0s
     0     0    0.08333    0   49   -0.00000    0.08333      -     -    0s
     0     0    0.08333    0   44   -0.00000    0.08333      -     -    0s
     0     0    0.08333    0   44   -0.00000    0.08333      -     -    0s
     0     2    0.08333    0   44   -0.00000    0.08333      -     -    0s
H  217   229                       0.0000001    0.08333      -  15.7    0s
H 1052   998                       0.0000001    0.08333      -  19.1    1s
H 1074   998                       0.0000001    0.08333      -  19.0    1s
H 1139   951                       0.0008597    0.06802  7812%  19.3    1s
H 1139   904                       0.0067634    0.06255   825%  19.3    1s
H 1149   865                       0.0073580    0.05569   657%  19.1    1s
H 1150   822                       0.0073580    0.05500   648%  19.1    1s
H 1151   781                       0.0084804    0.05433   541%  19.1    1s
H 1154   743                       0.0084804    0.05308   526%  19.0    2s
H 1166   714                       0.0094650    0.05213   451%  20.2    2s
H 1166   678                       0.0094661    0.05213   451%  20.2    2s
H 1169   646                       0.0122092    0.05213   327%  20.2    2s
H 1169   613                       0.0122135    0.05213   327%  20.2    2s
H 1169   583                       0.0122135    0.05213   327%  20.2    2s
H 1241   628                       0.0127034    0.05213   310%  21.9    2s
H 1550   743                       0.0128492    0.05213   306%  21.7    2s
H 1573   754                       0.0132971    0.05213   292%  22.0    2s
H 1700   740                       0.0132971    0.05213   292%  22.9    2s
H 1712   712                       0.0134656    0.05213   287%  23.1    2s
H 1763   722                       0.0135664    0.05213   284%  23.8    2s
H 1962   788                       0.0138373    0.05213   277%  26.0    2s
H 1990   806                       0.0141411    0.05213   269%  26.0    3s
H 2109   774                       0.0148797    0.05213   250%  26.3    3s
H 3366  1221                       0.0185567    0.05213   181%  30.1    3s
H 5053  2124                       0.0185568    0.05213   181%  33.0    4s
  6359  2604    0.03281   40   49    0.01856    0.05213   181%  34.2    5s
H 7162  2920                       0.0185569    0.05213   181%  34.8    5s
 20152  7101    0.03611   44   53    0.01856    0.05166   178%  35.9   10s
H25090  8252                       0.0190909    0.04991   161%  35.3   11s
H26152  8503                       0.0190909    0.04952   159%  35.2   12s
H37692 11655                       0.0193247    0.04673   142%  34.4   14s
 37693 11757    0.02239   47   60    0.01932    0.04673   142%  34.4   15s
H42001 12797                       0.0193248    0.04585   137%  34.2   16s
 57057 16626    0.01956   47   50    0.01932    0.04367   126%  33.7   20s
H65249 17609                       0.0201075    0.04280   113%  33.4   22s
H65338 17648                       0.0201075    0.04278   113%  33.4   22s
 74262 19472     cutoff   52         0.02011    0.04196   109%  33.0   25s
 95610 24437    0.02224   49   48    0.02011    0.04031   100%  32.1   30s
 116757 28041     cutoff   47         0.02011    0.03916  94.7%  31.4   35s
 138784 32049    0.03474   54   53    0.02011    0.03824  90.2%  30.8   40s
 161406 36626    0.02533   48   51    0.02011    0.03758  86.9%  30.2   45s
 184387 40604    0.02330   64   44    0.02011    0.03695  83.8%  29.7   50s
 207280 44260    0.02213   52   45    0.02011    0.03635  80.8%  29.3   55s
H224995 47182                       0.0201075    0.03595  78.8%  29.0   59s
 226146 47383    0.02110   53   55    0.02011    0.03593  78.7%  29.0   60s
 246735 50954     cutoff   47         0.02011    0.03556  76.9%  28.8   65s
 269883 54395     cutoff   51         0.02011    0.03518  75.0%  28.6   70s
 292430 57781     cutoff   50         0.02011    0.03483  73.2%  28.4   75s
 315225 61248    0.02904   49   54    0.02011    0.03449  71.5%  28.2   80s
 337048 63906    0.03376   50   51    0.02011    0.03417  69.9%  28.1   85s
 359516 66927    0.02306   51   53    0.02011    0.03387  68.4%  28.0   90s
 381932 70041 infeasible   52         0.02011    0.03361  67.2%  27.9   95s
 401588 72372    0.02726   49   43    0.02011    0.03339  66.0%  27.7  100s
 419270 74504     cutoff   51         0.02011    0.03318  65.0%  27.7  105s
 442397 77378    0.02860   47   52    0.02011    0.03293  63.8%  27.5  110s
 464632 80121    0.02169   50   49    0.02011    0.03271  62.7%  27.5  115s
 487221 82908    0.03238   46   58    0.02011    0.03249  61.6%  27.4  120s
 509219 85319     cutoff   55         0.02011    0.03227  60.5%  27.3  125s
 532511 87675    0.03203   46   53    0.02011    0.03206  59.4%  27.2  130s
 555628 90107     cutoff   54         0.02011    0.03185  58.4%  27.1  135s
 578145 92437    0.02775   47   55    0.02011    0.03166  57.5%  27.1  140s
H584588 89445                       0.0206752    0.03160  52.8%  27.0  141s
H584666 89458                       0.0206752    0.03159  52.8%  27.0  141s
 598529 90454    0.02197   48   52    0.02068    0.03146  52.2%  27.0  145s
 621391 92230     cutoff   57         0.02068    0.03126  51.2%  26.9  150s
 643782 93688     cutoff   55         0.02068    0.03106  50.2%  26.9  155s
 661465 94988    0.02604   56   53    0.02068    0.03092  49.6%  26.8  160s
 683506 96415     cutoff   48         0.02068    0.03074  48.7%  26.8  165s
 706076 98014     cutoff   47         0.02068    0.03057  47.9%  26.7  170s
 728390 99440    0.02466   54   53    0.02068    0.03041  47.1%  26.6  175s
 750913 100823    0.02091   52   56    0.02068    0.03024  46.3%  26.6  180s
 773850 101960     cutoff   53         0.02068    0.03008  45.5%  26.5  185s
 797015 103449     cutoff   48         0.02068    0.02994  44.8%  26.5  190s
 819561 104534     cutoff   51         0.02068    0.02980  44.1%  26.4  195s
 842836 105742    0.02135   46   52    0.02068    0.02965  43.4%  26.3  200s
 864851 106831    0.02562   52   55    0.02068    0.02951  42.7%  26.3  205s
 887918 107819    0.02083   50   54    0.02068    0.02936  42.0%  26.2  210s
 906150 108512     cutoff   46         0.02068    0.02924  41.4%  26.2  215s
 929095 109294    0.02206   48   44    0.02068    0.02910  40.7%  26.1  220s
 951617 109979    0.02114   44   52    0.02068    0.02895  40.0%  26.1  225s
 974945 110785     cutoff   50         0.02068    0.02881  39.3%  26.0  230s
 998265 111320    0.02767   45   59    0.02068    0.02866  38.6%  26.0  235s
 1021673 111996    0.02631   47   52    0.02068    0.02853  38.0%  25.9  240s
 1045433 113025    0.02736   48   52    0.02068    0.02839  37.3%  25.8  245s
 1067748 113655    0.02236   61   54    0.02068    0.02826  36.7%  25.8  250s
 1091103 114035     cutoff   46         0.02068    0.02812  36.0%  25.7  255s
 1113850 114221    0.02133   73   49    0.02068    0.02799  35.4%  25.7  260s
 1129687 114395     cutoff   56         0.02068    0.02790  34.9%  25.6  265s
 1152270 114788     cutoff   57         0.02068    0.02777  34.3%  25.6  270s
 1175614 115853    0.02069   78   32    0.02068    0.02764  33.7%  25.5  275s
 1199344 116136    0.02339   49   52    0.02068    0.02751  33.1%  25.4  280s

Cutting planes:
  Gomory: 2
  Implied bound: 30
  MIR: 9
  Mixing: 1
  Flow cover: 27
  Inf proof: 22
  RLT: 138
  Relax-and-lift: 11
  BQP: 67

Explored 1215334 nodes (30853107 simplex iterations) in 283.65 seconds (311.75 work units)
Thread count was 4 (of 4 available processors)

Solution count 10: 0.0206752 0.0201075 0.0193248 ... 0.0138373

Optimization achieved user objective limit
Best objective 2.067523444146e-02, best bound 2.742596767497e-02, gap 32.6513%
{"verdict": "PROVED", "status": "BOUND_REACHED", "runtime": 283.64657497406006, "objval": 0.02067523444146082, "objbound": 0.027425967674970454, "binaries": 46}
