Set parameter NodefileStart to value 6
Read parameters from file gurobi.env
Restricted license - for non-production use only - expires 2027-11-29
Set parameter OutputFlag to value 1
Set parameter Threads to value 4
Set parameter TimeLimit to value 360
Set parameter MIPGap to value 5e-05
Set parameter MIPFocus to value 2
Set parameter NonConvex to value 2
Set parameter BestBdStop to value 2.7426211734693878e-02
Gurobi Optimizer version 13.0.3 build v13.0.3rc0 (linux64 - "Ubuntu 24.04.5 LTS")

CPU model: AMD EPYC 7763 64-Core Processor, instruction set [SSE2|AVX|AVX2]
Thread count: 2 physical cores, 4 logical processors, using up to 4 threads

Non-default parameters:
TimeLimit  360
BestBdStop  2.7426211734693878e-02
MIPGap  5e-05
MIPFocus  2
NodefileStart  6
NonConvex  2
Threads  4

Optimize a model with 121 rows, 91 columns and 658 nonzeros (Max)
Model fingerprint: 0xeb025f3f
Model has 1 linear objective coefficients
Model has 50 quadratic constraints
Variable types: 65 continuous, 26 integer (26 binary)
Coefficient statistics:
  Matrix range     [5e-01, 1e+00]
  QMatrix range    [1e+00, 1e+00]
  QLMatrix range   [1e+00, 1e+00]
  Objective range  [1e+00, 1e+00]
  Bounds range     [5e-01, 1e+00]
  RHS range        [1e+00, 1e+00]

Found heuristic solution: objective -0.0000000
Presolve time: 0.00s
Presolved: 321 rows, 92 columns, 1058 nonzeros
Presolved model has 50 bilinear constraint(s)

Solving non-convex MIQCP to global optimality

Variable types: 66 continuous, 26 integer (26 binary)
Root relaxation presolve removed 50 rows and 1 columns
Root relaxation presolved: 271 rows, 91 columns, 1008 nonzeros


Root relaxation: objective 7.142857e-02, 102 iterations, 0.00 seconds (0.00 work units)

    Nodes    |    Current Node    |     Objective Bounds      |     Work
 Expl Unexpl |  Obj  Depth IntInf | Incumbent    BestBd   Gap | It/Node Time

     0     0    0.07143    0   47   -0.00000    0.07143      -     -    0s
     0     0    0.06250    0   44   -0.00000    0.06250      -     -    0s
     0     0    0.06250    0   42   -0.00000    0.06250      -     -    0s
     0     0    0.06250    0   40   -0.00000    0.06250      -     -    0s
     0     0    0.06250    0   40   -0.00000    0.06250      -     -    0s
     0     2    0.06250    0   40   -0.00000    0.06250      -     -    0s
*  192   185              27       0.0000000    0.05816      -  31.3    0s
H  440   397                       0.0000004    0.05746      -  28.4    0s
H 1697  1061                       0.0000005    0.04765      -  26.7    1s
H 1958  1124                       0.0000005    0.04141      -  28.6    1s

Cutting planes:
  Gomory: 1
  Flow cover: 1
  RLT: 28
  BQP: 7

Explored 4443 nodes (120695 simplex iterations) in 2.01 seconds (1.70 work units)
Thread count was 4 (of 4 available processors)

Solution count 6: 4.61862e-07 4.61862e-07 4.57336e-07 ... -0

Optimization achieved user objective limit
Best objective 4.618619158833e-07, best bound 2.730948950303e-02, gap -
{"verdict": "PROVED", "status": "BOUND_REACHED", "runtime": 2.015420913696289, "objval": 4.618619158833299e-07, "objbound": 0.027309489503034415, "binaries": 26}
