Set parameter NodefileStart to value 6
Read parameters from file gurobi.env
Restricted license - for non-production use only - expires 2027-11-29
Set parameter OutputFlag to value 1
Set parameter Threads to value 4
Set parameter TimeLimit to value 360
Set parameter MIPGap to value 5e-05
Set parameter MIPFocus to value 2
Set parameter NonConvex to value 2
Set parameter BestBdStop to value 2.7426211734693878e-02
Gurobi Optimizer version 13.0.3 build v13.0.3rc0 (linux64 - "Ubuntu 24.04.5 LTS")

CPU model: AMD EPYC 9V74 80-Core Processor, instruction set [SSE2|AVX|AVX2]
Thread count: 2 physical cores, 4 logical processors, using up to 4 threads

Non-default parameters:
TimeLimit  360
BestBdStop  2.7426211734693878e-02
MIPGap  5e-05
MIPFocus  2
NodefileStart  6
NonConvex  2
Threads  4

Optimize a model with 153 rows, 123 columns and 897 nonzeros (Max)
Model fingerprint: 0x94204b58
Model has 1 linear objective coefficients
Model has 50 quadratic constraints
Variable types: 65 continuous, 58 integer (58 binary)
Coefficient statistics:
  Matrix range     [5e-01, 1e+00]
  QMatrix range    [1e+00, 1e+00]
  QLMatrix range   [1e+00, 1e+00]
  Objective range  [1e+00, 1e+00]
  Bounds range     [5e-01, 1e+00]
  RHS range        [1e+00, 1e+00]

Found heuristic solution: objective -0.0000000
Presolve time: 0.00s
Presolved: 353 rows, 124 columns, 1297 nonzeros
Presolved model has 50 bilinear constraint(s)

Solving non-convex MIQCP to global optimality

Variable types: 66 continuous, 58 integer (58 binary)
Found heuristic solution: objective 0.0000000
Root relaxation presolve removed 78 rows and 15 columns
Root relaxation presolved: 275 rows, 109 columns, 1081 nonzeros


Root relaxation: objective 1.000000e-01, 88 iterations, 0.00 seconds (0.00 work units)

    Nodes    |    Current Node    |     Objective Bounds      |     Work
 Expl Unexpl |  Obj  Depth IntInf | Incumbent    BestBd   Gap | It/Node Time

     0     0    0.10000    0   50    0.00000    0.10000      -     -    0s
     0     0    0.08333    0   58    0.00000    0.08333      -     -    0s
     0     0    0.08333    0   48    0.00000    0.08333      -     -    0s
     0     0    0.08333    0   57    0.00000    0.08333      -     -    0s
     0     0    0.08333    0   54    0.00000    0.08333      -     -    0s
     0     0    0.08333    0   58    0.00000    0.08333      -     -    0s
     0     0    0.08333    0   45    0.00000    0.08333      -     -    0s
     0     0    0.08333    0   46    0.00000    0.08333      -     -    0s
     0     0    0.08333    0   48    0.00000    0.08333      -     -    0s
     0     0    0.08333    0   48    0.00000    0.08333      -     -    0s
     0     2    0.08333    0   48    0.00000    0.08333      -     -    0s
H  285   338                       0.0000000    0.07591      -  17.8    0s
*  426   427              63       0.0000001    0.07591      -  18.7    0s
H  489   487                       0.0000001    0.07591      -  19.0    0s
*  547   545              75       0.0000003    0.07591      -  19.3    0s
H 3085  1817                       0.0000004    0.03353      -  15.8    2s
H 3869  2135                       0.0000007    0.03041      -  14.6    2s

Cutting planes:
  Gomory: 8
  Implied bound: 6
  MIR: 2
  Flow cover: 2
  RLT: 30
  BQP: 5

Explored 4058 nodes (58195 simplex iterations) in 2.18 seconds (1.74 work units)
Thread count was 4 (of 4 available processors)

Solution count 8: 6.93189e-07 4.04626e-07 2.62753e-07 ... -0

Optimization achieved user objective limit
Best objective 6.931888844484e-07, best bound 2.261249982191e-02, gap -
{"verdict": "PROVED", "status": "BOUND_REACHED", "runtime": 2.1844208240509033, "objval": 6.931888844484187e-07, "objbound": 0.022612499821906856, "binaries": 58}
