Set parameter NodefileStart to value 6
Read parameters from file gurobi.env
Restricted license - for non-production use only - expires 2027-11-29
Set parameter OutputFlag to value 1
Set parameter Threads to value 4
Set parameter TimeLimit to value 360
Set parameter MIPGap to value 5e-05
Set parameter MIPFocus to value 2
Set parameter NonConvex to value 2
Set parameter BestBdStop to value 2.7426211734693878e-02
Gurobi Optimizer version 13.0.3 build v13.0.3rc0 (linux64 - "Ubuntu 24.04.5 LTS")

CPU model: AMD EPYC 7763 64-Core Processor, instruction set [SSE2|AVX|AVX2]
Thread count: 2 physical cores, 4 logical processors, using up to 4 threads

Non-default parameters:
TimeLimit  360
BestBdStop  2.7426211734693878e-02
MIPGap  5e-05
MIPFocus  2
NodefileStart  6
NonConvex  2
Threads  4

Optimize a model with 125 rows, 95 columns and 686 nonzeros (Max)
Model fingerprint: 0x76fdff28
Model has 1 linear objective coefficients
Model has 50 quadratic constraints
Variable types: 65 continuous, 30 integer (30 binary)
Coefficient statistics:
  Matrix range     [5e-01, 1e+00]
  QMatrix range    [1e+00, 1e+00]
  QLMatrix range   [1e+00, 1e+00]
  Objective range  [1e+00, 1e+00]
  Bounds range     [5e-01, 1e+00]
  RHS range        [1e+00, 1e+00]

Found heuristic solution: objective -0.0000000
Presolve time: 0.00s
Presolved: 325 rows, 96 columns, 1086 nonzeros
Presolved model has 50 bilinear constraint(s)

Solving non-convex MIQCP to global optimality

Variable types: 66 continuous, 30 integer (30 binary)
Root relaxation presolve removed 50 rows and 1 columns
Root relaxation presolved: 275 rows, 95 columns, 1036 nonzeros


Root relaxation: objective 1.000000e-01, 100 iterations, 0.00 seconds (0.00 work units)

    Nodes    |    Current Node    |     Objective Bounds      |     Work
 Expl Unexpl |  Obj  Depth IntInf | Incumbent    BestBd   Gap | It/Node Time

     0     0    0.10000    0   52   -0.00000    0.10000      -     -    0s
     0     0    0.07692    0   56   -0.00000    0.07692      -     -    0s
     0     0    0.07143    0   43   -0.00000    0.07143      -     -    0s
     0     0    0.07143    0   49   -0.00000    0.07143      -     -    0s
     0     0    0.07143    0   50   -0.00000    0.07143      -     -    0s
     0     0    0.07143    0   38   -0.00000    0.07143      -     -    0s
     0     0    0.07042    0   50   -0.00000    0.07042      -     -    0s
     0     0    0.07042    0   51   -0.00000    0.07042      -     -    0s
     0     0    0.07035    0   58   -0.00000    0.07035      -     -    0s
     0     0    0.07035    0   58   -0.00000    0.07035      -     -    0s
     0     0    0.07010    0   51   -0.00000    0.07010      -     -    0s
     0     0    0.07010    0   51   -0.00000    0.07010      -     -    0s
     0     0    0.07010    0   51   -0.00000    0.07010      -     -    0s
H    0     0                       0.0000000    0.07010      -     -    0s
     0     2    0.07010    0   51    0.00000    0.07010      -     -    0s
*  776   671             113       0.0000000    0.06944      -  19.3    0s
* 1039   930             118       0.0000002    0.06818      -  18.2    0s
H 1136   885                       0.0000003    0.06492      -  18.2    1s
H 1136   841                       0.0000004    0.06492      -  18.2    1s
H 1143   802                       0.0000004    0.04411      -  18.0    1s
H 1146   764                       0.0000017    0.04289      -  18.0    1s
H 2207  1326                       0.0000017    0.04094      -  18.8    2s
 13502  8062    0.03561   23   46    0.00000    0.04094      -  24.1    5s
 35584 22982    0.03000   27   52    0.00000    0.03842      -  23.6   10s
 59451 38884    0.00039   46   22    0.00000    0.03672      -  23.6   15s
 85555 56564    0.03179   32   44    0.00000    0.03571      -  23.4   20s
 110520 73128    0.00049   51   39    0.00000    0.03501      -  23.3   25s
 137160 90624    0.02666   22   44    0.00000    0.03428      -  23.5   30s
H156479 102643                       0.0000018    0.03377      -  23.3   34s
 158175 104126    0.00001  104   10    0.00000    0.03375      -  23.3   35s
 182524 119532    0.00004   61   37    0.00000    0.03332      -  23.5   40s
 209002 136999     cutoff   34         0.00000    0.03291      -  23.4   45s
 235883 153797    0.00139   41   51    0.00000    0.03242      -  23.4   50s
 261896 170314    0.00006   50   37    0.00000    0.03202      -  23.3   55s
H271691 176628                       0.0000018    0.03186      -  23.3   57s
 281865 183636    0.00063   45   50    0.00000    0.03173      -  23.2   60s
 309191 202306    0.00046   67   17    0.00000    0.03148      -  23.1   65s
 335892 219300     cutoff   61         0.00000    0.03124      -  23.1   70s
 361963 236277    0.00168   49   44    0.00000    0.03094      -  23.1   75s
 385932 252491    0.00018   47   44    0.00000    0.03075      -  23.0   80s
 411372 268536    0.00060   57   38    0.00000    0.03054      -  23.0   85s
 440873 288173    0.00201   39   44    0.00000    0.03032      -  22.9   90s
 463015 302163    0.01066   32   50    0.00000    0.03017      -  22.9   95s
 484472 315453    0.02960   27   52    0.00000    0.02999      -  23.0  100s
 510454 331821    0.01769   35   51    0.00000    0.02982      -  23.0  105s
 534892 346401    0.02214   37   50    0.00000    0.02965      -  23.0  110s
 560894 362393    0.00267   42   38    0.00000    0.02948      -  22.9  115s
 586916 379808    0.00091   65   43    0.00000    0.02933      -  22.9  120s
 614391 398596    0.01882   27   50    0.00000    0.02920      -  22.8  125s
 640721 415290    0.00000   60   19    0.00000    0.02906      -  22.7  130s
 664199 430180    0.00299   45   50    0.00000    0.02893      -  22.7  135s
 688720 445812     cutoff   43         0.00000    0.02882      -  22.7  140s
 714433 461969 infeasible   52         0.00000    0.02869      -  22.7  145s
 740143 478606     cutoff   64         0.00000    0.02858      -  22.7  150s
 768353 495451    0.00156   61   37    0.00000    0.02845      -  22.7  155s
 792320 510823    0.02571   27   52    0.00000    0.02834      -  22.7  160s
 818646 527556    0.00432   38   45    0.00000    0.02822      -  22.6  165s
 844093 542817    0.00067   42   44    0.00000    0.02811      -  22.7  170s
 869553 558450    0.01433   37   51    0.00000    0.02800      -  22.7  175s
 897261 575317    0.00003   57   31    0.00000    0.02788      -  22.7  180s
 921081 590487    0.01097   33   50    0.00000    0.02779      -  22.6  185s
 946524 605811    0.00000   61   27    0.00000    0.02770      -  22.7  190s
 969345 619139    0.00596   36   43    0.00000    0.02760      -  22.7  195s
 995733 635597    0.00074   37   38    0.00000    0.02751      -  22.7  200s
 1016221 648352    0.02188   31   50    0.00000    0.02744      -  22.8  205s

Cutting planes:
  Gomory: 8
  MIR: 3
  Flow cover: 4
  RLT: 54
  Relax-and-lift: 1
  BQP: 26

Explored 1023144 nodes (23232221 simplex iterations) in 206.08 seconds (199.64 work units)
Thread count was 4 (of 4 available processors)

Solution count 9: 1.82985e-06 1.82015e-06 1.6981e-06 ... -0

Optimization achieved user objective limit
Best objective 1.829846452510e-06, best bound 2.742597012383e-02, gap 1498712.6510%
{"verdict": "PROVED", "status": "BOUND_REACHED", "runtime": 206.07731199264526, "objval": 1.8298464525103865e-06, "objbound": 0.027425970123831515, "binaries": 30}
