Set parameter NodefileStart to value 6
Read parameters from file gurobi.env
Restricted license - for non-production use only - expires 2027-11-29
Set parameter OutputFlag to value 1
Set parameter Threads to value 4
Set parameter TimeLimit to value 360
Set parameter MIPGap to value 5e-05
Set parameter MIPFocus to value 2
Set parameter NonConvex to value 2
Set parameter BestBdStop to value 2.7426211734693878e-02
Gurobi Optimizer version 13.0.3 build v13.0.3rc0 (linux64 - "Ubuntu 24.04.5 LTS")

CPU model: AMD EPYC 7763 64-Core Processor, instruction set [SSE2|AVX|AVX2]
Thread count: 2 physical cores, 4 logical processors, using up to 4 threads

Non-default parameters:
TimeLimit  360
BestBdStop  2.7426211734693878e-02
MIPGap  5e-05
MIPFocus  2
NodefileStart  6
NonConvex  2
Threads  4

Optimize a model with 145 rows, 115 columns and 846 nonzeros (Max)
Model fingerprint: 0xa936f289
Model has 1 linear objective coefficients
Model has 50 quadratic constraints
Variable types: 65 continuous, 50 integer (50 binary)
Coefficient statistics:
  Matrix range     [5e-01, 1e+00]
  QMatrix range    [1e+00, 1e+00]
  QLMatrix range   [1e+00, 1e+00]
  Objective range  [1e+00, 1e+00]
  Bounds range     [5e-01, 1e+00]
  RHS range        [1e+00, 1e+00]

Found heuristic solution: objective -0.0000000
Presolve time: 0.00s
Presolved: 345 rows, 116 columns, 1246 nonzeros
Presolved model has 50 bilinear constraint(s)

Solving non-convex MIQCP to global optimality

Variable types: 66 continuous, 50 integer (50 binary)
Root relaxation presolve removed 50 rows and 1 columns
Root relaxation presolved: 295 rows, 115 columns, 1196 nonzeros


Root relaxation: objective 8.333333e-02, 131 iterations, 0.00 seconds (0.00 work units)

    Nodes    |    Current Node    |     Objective Bounds      |     Work
 Expl Unexpl |  Obj  Depth IntInf | Incumbent    BestBd   Gap | It/Node Time

     0     0    0.08333    0   49   -0.00000    0.08333      -     -    0s
     0     0    0.06897    0   67   -0.00000    0.06897      -     -    0s
     0     0    0.06897    0   67   -0.00000    0.06897      -     -    0s
     0     0    0.06250    0   61   -0.00000    0.06250      -     -    0s
     0     0    0.05882    0   60   -0.00000    0.05882      -     -    0s
     0     0    0.05882    0   64   -0.00000    0.05882      -     -    0s
     0     0    0.05882    0   48   -0.00000    0.05882      -     -    0s
     0     0    0.05882    0   60   -0.00000    0.05882      -     -    0s
     0     0    0.05882    0   60   -0.00000    0.05882      -     -    0s
     0     0    0.05882    0   56   -0.00000    0.05882      -     -    0s
     0     0    0.05882    0   56   -0.00000    0.05882      -     -    0s
     0     0    0.05882    0   52   -0.00000    0.05882      -     -    0s
     0     0    0.05882    0   50   -0.00000    0.05882      -     -    0s
     0     0    0.05882    0   50   -0.00000    0.05882      -     -    0s
H    0     0                       0.0000000    0.05882      -     -    0s
     0     0    0.05882    0   51    0.00000    0.05882      -     -    0s
     0     0    0.05882    0   52    0.00000    0.05882      -     -    0s
     0     0    0.05882    0   52    0.00000    0.05882      -     -    0s
     0     2    0.05882    0   52    0.00000    0.05882      -     -    0s
H  584   578                       0.0000004    0.05882      -  27.2    0s
H 1159   967                       0.0000004    0.05882      -  24.4    1s
H 1208   922                       0.0013266    0.04459  3261%  24.6    2s
H 1209   877                       0.0046092    0.04442   864%  24.6    2s
H 1209   833                       0.0046483    0.04442   856%  24.6    2s
H 1209   791                       0.0046483    0.04442   856%  24.6    2s
H 1217   756                       0.0048235    0.04169   764%  24.4    2s
H 1217   718                       0.0051255    0.04169   713%  24.4    2s
H 1217   682                       0.0051255    0.04133   706%  24.4    2s
H 1368   756                       0.0064797    0.04108   534%  27.3    3s
H 1461   792                       0.0082167    0.04108   400%  26.3    3s
H 1570   784                       0.0100039    0.04108   311%  24.8    3s
* 1846   749              96       0.0100155    0.04108   310%  23.9    3s
* 1850   702              98       0.0101732    0.04108   304%  23.9    3s
* 1851   674              99       0.0102955    0.04108   299%  23.9    3s
* 1853   645             100       0.0102980    0.04108   299%  23.9    3s
H 1871   642                       0.0102980    0.04108   299%  24.3    3s
H 1920   548                       0.0120390    0.04108   241%  24.7    3s
H 2175   616                       0.0120615    0.04108   241%  28.3    3s
H 2764   793                       0.0131071    0.04108   213%  31.9    3s
H 3103   923                       0.0132234    0.04108   211%  32.3    3s
H 3666  1230                       0.0132311    0.04108   210%  34.0    3s
H 4734  1573                       0.0133326    0.04108   208%  35.2    4s
  6983  2524    0.02309   23   39    0.01333    0.04108   208%  36.7    5s
 22824  7749     cutoff   26         0.01333    0.04108   208%  38.1   10s
H32358 10796                       0.0143827    0.04097   185%  38.4   13s
H35363 10706                       0.0145266    0.04047   179%  38.4   13s
 36635 11170    0.01931   34   47    0.01453    0.04026   177%  38.3   15s
H46480 13696                       0.0148466    0.03947   166%  38.0   17s
H47745 14030                       0.0148466    0.03933   165%  38.0   17s
H48431 14211                       0.0148466    0.03928   165%  38.0   18s
H49980 14643                       0.0148466    0.03915   164%  38.0   18s
H50565 14780                       0.0148466    0.03913   164%  38.0   18s
 56216 16274     cutoff   34         0.01485    0.03866   160%  37.9   20s
 74085 20455     cutoff   32         0.01485    0.03732   151%  37.8   25s
*78658 20714              93       0.0158766    0.03708   134%  37.8   26s
*78662 20654              94       0.0159431    0.03708   133%  37.8   26s
H84735 22125                       0.0159432    0.03677   131%  37.8   27s
 93890 24342    0.03178   26   57    0.01594    0.03632   128%  37.8   30s
 114563 28637    0.02357   25   54    0.01594    0.03550   123%  37.5   35s
H115870 28288                       0.0163937    0.03545   116%  37.5   35s
H115947 28288                       0.0163937    0.03545   116%  37.5   35s
H117280 28598                       0.0163937    0.03539   116%  37.5   35s
H117418 28695                       0.0163938    0.03539   116%  37.5   35s
H119871 27984                       0.0171904    0.03531   105%  37.4   36s
H124017 28695                       0.0171904    0.03514   104%  37.3   37s
H132846 28562                       0.0181262    0.03486  92.3%  37.1   39s
 132850 28617    0.01910   32   35    0.01813    0.03486  92.3%  37.1   40s
H148537 30620                       0.0181742    0.03430  88.7%  37.0   44s
 149564 30834 infeasible   27         0.01817    0.03425  88.5%  36.9   45s
 168490 33084     cutoff   33         0.01817    0.03369  85.4%  36.7   50s
 190190 35718    0.02969   31   52    0.01817    0.03320  82.7%  36.4   55s
 211241 38279    0.02295   33   58    0.01817    0.03277  80.3%  36.2   60s
 232778 40573    0.01884   34   50    0.01817    0.03233  77.9%  36.0   65s
 254614 42704    0.02477   28   67    0.01817    0.03193  75.7%  35.8   70s
 276232 44859     cutoff   32         0.01817    0.03158  73.8%  35.5   75s
 297824 46930     cutoff   31         0.01817    0.03124  71.9%  35.4   80s
 315848 48686    0.02182   36   51    0.01817    0.03097  70.4%  35.2   85s
 336356 50615     cutoff   32         0.01817    0.03069  68.9%  35.0   90s
 358222 52538     cutoff   30         0.01817    0.03040  67.3%  34.9   95s
 379476 53977     cutoff   34         0.01817    0.03014  65.8%  34.8  100s
 400816 55764    0.02001   31   51    0.01817    0.02989  64.5%  34.6  105s
 422379 57147     cutoff   31         0.01817    0.02962  63.0%  34.5  110s
 444594 58650    0.01892   37   50    0.01817    0.02936  61.6%  34.3  115s
 466299 60078     cutoff   32         0.01817    0.02912  60.3%  34.2  120s
H479244 60591                       0.0182230    0.02899  59.1%  34.1  123s
H479913 60613                       0.0182230    0.02899  59.1%  34.1  123s
 482649 60808     cutoff   38         0.01822    0.02896  58.9%  34.1  125s
 501291 61748    0.02846   32   58    0.01822    0.02878  57.9%  34.0  130s
 523726 62825     cutoff   33         0.01822    0.02854  56.6%  33.9  135s
 544942 63732     cutoff   35         0.01822    0.02833  55.5%  33.8  140s
 567090 64806    0.02104   31   51    0.01822    0.02812  54.3%  33.7  145s
H570372 64866                       0.0182342    0.02809  54.1%  33.7  145s
H570728 64873                       0.0182342    0.02809  54.0%  33.7  145s
 586076 65519     cutoff   41         0.01823    0.02795  53.3%  33.6  150s
 608790 66672    0.02167   35   54    0.01823    0.02773  52.1%  33.5  155s
 631424 67395     cutoff   34         0.01823    0.02755  51.1%  33.4  160s

Cutting planes:
  Gomory: 8
  Implied bound: 15
  MIR: 3
  Flow cover: 18
  RLT: 75
  Relax-and-lift: 6
  BQP: 19

Explored 645488 nodes (21542365 simplex iterations) in 163.14 seconds (176.29 work units)
Thread count was 4 (of 4 available processors)

Solution count 10: 0.0182342 0.018223 0.0181742 ... 0.0158766

Optimization achieved user objective limit
Best objective 1.823422471266e-02, best bound 2.742525686790e-02, gap 50.4054%
{"verdict": "PROVED", "status": "BOUND_REACHED", "runtime": 163.14400506019592, "objval": 0.018234224712663092, "objbound": 0.02742525686790249, "binaries": 50}
