Set parameter NodefileStart to value 6
Read parameters from file gurobi.env
Restricted license - for non-production use only - expires 2027-11-29
Set parameter OutputFlag to value 1
Set parameter Threads to value 4
Set parameter TimeLimit to value 360
Set parameter MIPGap to value 5e-05
Set parameter MIPFocus to value 2
Set parameter NonConvex to value 2
Set parameter BestBdStop to value 2.7426211734693878e-02
Gurobi Optimizer version 13.0.3 build v13.0.3rc0 (linux64 - "Ubuntu 24.04.5 LTS")

CPU model: AMD EPYC 9V74 80-Core Processor, instruction set [SSE2|AVX|AVX2|AVX512]
Thread count: 2 physical cores, 4 logical processors, using up to 4 threads

Non-default parameters:
TimeLimit  360
BestBdStop  2.7426211734693878e-02
MIPGap  5e-05
MIPFocus  2
NodefileStart  6
NonConvex  2
Threads  4

Optimize a model with 125 rows, 95 columns and 686 nonzeros (Max)
Model fingerprint: 0xeca46a48
Model has 1 linear objective coefficients
Model has 50 quadratic constraints
Variable types: 65 continuous, 30 integer (30 binary)
Coefficient statistics:
  Matrix range     [5e-01, 1e+00]
  QMatrix range    [1e+00, 1e+00]
  QLMatrix range   [1e+00, 1e+00]
  Objective range  [1e+00, 1e+00]
  Bounds range     [5e-01, 1e+00]
  RHS range        [1e+00, 1e+00]

Found heuristic solution: objective -0.0000000
Presolve time: 0.00s
Presolved: 325 rows, 96 columns, 1086 nonzeros
Presolved model has 50 bilinear constraint(s)

Solving non-convex MIQCP to global optimality

Variable types: 66 continuous, 30 integer (30 binary)
Root relaxation presolve removed 50 rows and 1 columns
Root relaxation presolved: 275 rows, 95 columns, 1036 nonzeros


Root relaxation: objective 1.000000e-01, 114 iterations, 0.00 seconds (0.00 work units)

    Nodes    |    Current Node    |     Objective Bounds      |     Work
 Expl Unexpl |  Obj  Depth IntInf | Incumbent    BestBd   Gap | It/Node Time

     0     0    0.10000    0   41   -0.00000    0.10000      -     -    0s
     0     0    0.07143    0   47   -0.00000    0.07143      -     -    0s
     0     0    0.07143    0   57   -0.00000    0.07143      -     -    0s
     0     0    0.07143    0   47   -0.00000    0.07143      -     -    0s
     0     0    0.07143    0   52   -0.00000    0.07143      -     -    0s
     0     0    0.07143    0   55   -0.00000    0.07143      -     -    0s
     0     0    0.06897    0   58   -0.00000    0.06897      -     -    0s
     0     0    0.06897    0   57   -0.00000    0.06897      -     -    0s
     0     0    0.06897    0   57   -0.00000    0.06897      -     -    0s
     0     0    0.06897    0   56   -0.00000    0.06897      -     -    0s
     0     0    0.06897    0   47   -0.00000    0.06897      -     -    0s
     0     0    0.06897    0   44   -0.00000    0.06897      -     -    0s
     0     0    0.06897    0   47   -0.00000    0.06897      -     -    0s
     0     0    0.06897    0   47   -0.00000    0.06897      -     -    0s
     0     2    0.06897    0   47   -0.00000    0.06897      -     -    0s
H  311   284                       0.0000000    0.06250      -  34.6    0s
H 1233   950                       0.0000001    0.05236      -  33.9    0s
* 1820  1231              89       0.0000002    0.03203      -  33.6    1s
* 1821  1186              89       0.0000002    0.03203      -  33.5    1s
* 1911  1161              88       0.0000002    0.03203      -  32.7    1s
* 2343  1284              90       0.0000002    0.03203      -  32.7    1s
* 2346  1244              90       0.0000002    0.03203      -  32.6    1s
H 3433  1653                       0.0000003    0.03203      -  32.1    1s
H 3566  1741                       0.0000004    0.03203      -  32.0    2s

Cutting planes:
  Gomory: 9
  Flow cover: 3
  RLT: 30
  BQP: 5

Explored 7887 nodes (216944 simplex iterations) in 3.09 seconds (3.41 work units)
Thread count was 4 (of 4 available processors)

Solution count 10: 3.87921e-07 2.67678e-07 2.47297e-07 ... -0

Optimization achieved user objective limit
Best objective 3.879210165667e-07, best bound 2.703924454865e-02, gap -
{"verdict": "PROVED", "status": "BOUND_REACHED", "runtime": 3.0953171253204346, "objval": 3.8792101656674903e-07, "objbound": 0.027039244548653855, "binaries": 30}
