Set parameter NodefileStart to value 6
Read parameters from file gurobi.env
Restricted license - for non-production use only - expires 2027-11-29
Set parameter OutputFlag to value 1
Set parameter Threads to value 4
Set parameter TimeLimit to value 360
Set parameter MIPGap to value 5e-05
Set parameter MIPFocus to value 2
Set parameter NonConvex to value 2
Set parameter BestBdStop to value 2.7426211734693878e-02
Gurobi Optimizer version 13.0.3 build v13.0.3rc0 (linux64 - "Ubuntu 24.04.5 LTS")

CPU model: AMD EPYC 9V45 96-Core Processor, instruction set [SSE2|AVX|AVX2|AVX512]
Thread count: 2 physical cores, 4 logical processors, using up to 4 threads

Non-default parameters:
TimeLimit  360
BestBdStop  2.7426211734693878e-02
MIPGap  5e-05
MIPFocus  2
NodefileStart  6
NonConvex  2
Threads  4

Optimize a model with 129 rows, 99 columns and 714 nonzeros (Max)
Model fingerprint: 0xf58f01e9
Model has 1 linear objective coefficients
Model has 50 quadratic constraints
Variable types: 65 continuous, 34 integer (34 binary)
Coefficient statistics:
  Matrix range     [5e-01, 1e+00]
  QMatrix range    [1e+00, 1e+00]
  QLMatrix range   [1e+00, 1e+00]
  Objective range  [1e+00, 1e+00]
  Bounds range     [5e-01, 1e+00]
  RHS range        [1e+00, 1e+00]

Found heuristic solution: objective -0.0000000
Presolve time: 0.00s
Presolved: 329 rows, 100 columns, 1114 nonzeros
Presolved model has 50 bilinear constraint(s)

Solving non-convex MIQCP to global optimality

Variable types: 66 continuous, 34 integer (34 binary)
Root relaxation presolve removed 50 rows and 1 columns
Root relaxation presolved: 279 rows, 99 columns, 1064 nonzeros


Root relaxation: objective 1.219512e-01, 132 iterations, 0.00 seconds (0.00 work units)

    Nodes    |    Current Node    |     Objective Bounds      |     Work
 Expl Unexpl |  Obj  Depth IntInf | Incumbent    BestBd   Gap | It/Node Time

     0     0    0.12195    0   53   -0.00000    0.12195      -     -    0s
     0     0    0.09649    0   62   -0.00000    0.09649      -     -    0s
     0     0    0.08333    0   52   -0.00000    0.08333      -     -    0s
     0     0    0.07500    0   56   -0.00000    0.07500      -     -    0s
     0     0    0.07143    0   56   -0.00000    0.07143      -     -    0s
     0     0    0.07143    0   57   -0.00000    0.07143      -     -    0s
     0     0    0.07107    0   59   -0.00000    0.07107      -     -    0s
     0     0    0.06667    0   60   -0.00000    0.06667      -     -    0s
     0     0    0.06667    0   59   -0.00000    0.06667      -     -    0s
     0     0    0.06667    0   58   -0.00000    0.06667      -     -    0s
     0     0    0.06667    0   58   -0.00000    0.06667      -     -    0s
     0     0    0.06667    0   58   -0.00000    0.06667      -     -    0s
     0     2    0.06667    0   58   -0.00000    0.06667      -     -    0s
H  291   306                       0.0000000    0.06667      -  34.2    0s
H  401   404                       0.0000001    0.06667      -  32.4    0s
H  448   404                       0.0000002    0.06667      -  32.5    0s
H  731   626                       0.0000003    0.06667      -  30.4    0s
H 3656  2151                       0.0000003    0.03059      -  23.4    1s
* 4735  2782             104       0.0000004    0.02981      -  21.8    1s
* 4736  2780             104       0.0000004    0.02981      -  21.8    1s
* 5284  3181              86       0.0000004    0.02981      -  21.5    1s
H 5383  3329                       0.0000004    0.02981      -  21.4    1s
* 5611  3488              90       0.0000005    0.02966      -  21.1    1s
* 5612  3488              90       0.0000005    0.02966      -  21.1    1s
* 5616  3484              92       0.0000005    0.02966      -  21.1    1s
* 5619  3484              92       0.0000005    0.02966      -  21.1    1s
H 6738  3936                       0.0000010    0.02921      -  20.6    1s

Cutting planes:
  Gomory: 4
  Implied bound: 2
  Flow cover: 2
  RLT: 55
  BQP: 8

Explored 14701 nodes (303840 simplex iterations) in 3.05 seconds (4.62 work units)
Thread count was 4 (of 4 available processors)

Solution count 10: 9.84687e-07 4.88318e-07 4.84864e-07 ... 3.34051e-07

Optimization achieved user objective limit
Best objective 9.846867818095e-07, best bound 2.735159961824e-02, gap -
{"verdict": "PROVED", "status": "BOUND_REACHED", "runtime": 3.0456089973449707, "objval": 9.846867818094728e-07, "objbound": 0.02735159961824219, "binaries": 34}
