Set parameter NodefileStart to value 6
Read parameters from file gurobi.env
Restricted license - for non-production use only - expires 2027-11-29
Set parameter OutputFlag to value 1
Set parameter Threads to value 4
Set parameter TimeLimit to value 360
Set parameter MIPGap to value 5e-05
Set parameter MIPFocus to value 2
Set parameter NonConvex to value 2
Set parameter BestBdStop to value 2.7426211734693878e-02
Gurobi Optimizer version 13.0.3 build v13.0.3rc0 (linux64 - "Ubuntu 24.04.5 LTS")

CPU model: Intel(R) Xeon(R) 6973P-C, instruction set [SSE2|AVX|AVX2|AVX512]
Thread count: 2 physical cores, 4 logical processors, using up to 4 threads

Non-default parameters:
TimeLimit  360
BestBdStop  2.7426211734693878e-02
MIPGap  5e-05
MIPFocus  2
NodefileStart  6
NonConvex  2
Threads  4

Optimize a model with 141 rows, 111 columns and 810 nonzeros (Max)
Model fingerprint: 0x84c53e45
Model has 1 linear objective coefficients
Model has 50 quadratic constraints
Variable types: 65 continuous, 46 integer (46 binary)
Coefficient statistics:
  Matrix range     [5e-01, 1e+00]
  QMatrix range    [1e+00, 1e+00]
  QLMatrix range   [1e+00, 1e+00]
  Objective range  [1e+00, 1e+00]
  Bounds range     [5e-01, 1e+00]
  RHS range        [1e+00, 1e+00]

Found heuristic solution: objective -0.0000000
Presolve time: 0.00s
Presolved: 341 rows, 112 columns, 1210 nonzeros
Presolved model has 50 bilinear constraint(s)

Solving non-convex MIQCP to global optimality

Variable types: 66 continuous, 46 integer (46 binary)
Root relaxation presolve removed 50 rows and 1 columns
Root relaxation presolved: 291 rows, 111 columns, 1160 nonzeros


Root relaxation: objective 8.333333e-02, 103 iterations, 0.00 seconds (0.00 work units)

    Nodes    |    Current Node    |     Objective Bounds      |     Work
 Expl Unexpl |  Obj  Depth IntInf | Incumbent    BestBd   Gap | It/Node Time

     0     0    0.08333    0   52   -0.00000    0.08333      -     -    0s
     0     0    0.08333    0   57   -0.00000    0.08333      -     -    0s
     0     0    0.08333    0   67   -0.00000    0.08333      -     -    0s
     0     0    0.08333    0   52   -0.00000    0.08333      -     -    0s
     0     0    0.08333    0   56   -0.00000    0.08333      -     -    0s
     0     0    0.08333    0   43   -0.00000    0.08333      -     -    0s
     0     0    0.08290    0   32   -0.00000    0.08290      -     -    0s
     0     0    0.08247    0   45   -0.00000    0.08247      -     -    0s
     0     0    0.08247    0   54   -0.00000    0.08247      -     -    0s
     0     0    0.08247    0   29   -0.00000    0.08247      -     -    0s
     0     0    0.08234    0   29   -0.00000    0.08234      -     -    0s
     0     2    0.08234    0   29   -0.00000    0.08234      -     -    0s
*  540   542              79       0.0000000    0.08234      -  14.8    0s
H 1201   979                       0.0000003    0.08234      -  16.8    0s
H 1274   982                       0.0000008    0.08068      -  19.3    1s
* 1955  1232              97       0.0065532    0.07463  1039%  21.7    1s
H 2090  1056                       0.0065532    0.07463  1039%  21.3    1s
H 3164  1258                       0.0070555    0.06111   766%  29.2    2s
H 3165  1168                       0.0079804    0.06111   666%  29.2    2s
H 3189  1183                       0.0079804    0.06111   666%  29.2    2s
H 3273  1166                       0.0083976    0.06111   628%  29.1    2s
* 3964  1548              67       0.0084040    0.05829   594%  27.7    2s
H 4090  1599                       0.0084040    0.05829   594%  28.0    2s
H 5972  1828                       0.0120431    0.05380   347%  32.0    2s
H 6069  1862                       0.0120431    0.05368   346%  32.2    2s
*11001  3745              67       0.0120522    0.04876   305%  34.0    4s
*11003  3745              68       0.0120545    0.04876   304%  34.0    4s
*11006  3745              67       0.0120578    0.04876   304%  34.0    4s
*11010  3743              67       0.0120609    0.04876   304%  34.0    4s
*11011  3743              67       0.0120617    0.04876   304%  34.0    4s
*11014  3743              65       0.0120684    0.04876   304%  34.0    4s
*11015  3743              65       0.0120685    0.04876   304%  34.0    4s
*11021  3743              67       0.0120735    0.04876   304%  33.9    4s
*11027  3743              68       0.0120748    0.04876   304%  33.9    4s
*11032  3743              68       0.0120748    0.04876   304%  33.9    4s
H11034  3361                       0.0140945    0.04876   246%  33.9    4s
 12095  3636    0.01425   38   44    0.01409    0.04823   242%  34.3    5s
H14451  4448                       0.0140945    0.04687   233%  34.7    5s
 27518  8728     cutoff   33         0.01409    0.04289   204%  35.0   10s
 47093 14666     cutoff   31         0.01409    0.03996   184%  34.9   15s
 67655 20170    0.02060   33   48    0.01409    0.03780   168%  34.5   20s
 88650 25208    0.03181   35   46    0.01409    0.03640   158%  34.3   25s
 110890 30574    0.02215   35   51    0.01409    0.03522   150%  34.0   30s
 131423 34949    0.02019   36   46    0.01409    0.03436   144%  33.7   35s
*138295 33194             102       0.0157695    0.03412   116%  33.6   36s
 153015 35810     cutoff   44         0.01577    0.03363   113%  33.3   40s
 176924 39151    0.01689   37   55    0.01577    0.03277   108%  33.0   45s
 198126 42286     cutoff   31         0.01577    0.03214   104%  32.8   50s
H198530 42232                       0.0157715    0.03213   104%  32.8   50s
H198537 42295                       0.0157715    0.03213   104%  32.8   50s
H199949 41279                       0.0162438    0.03209  97.5%  32.8   50s
H201246 40962                       0.0164547    0.03204  94.7%  32.8   51s
H202567 40672                       0.0166318    0.03201  92.4%  32.8   52s
H203760 40669                       0.0166825    0.03198  91.7%  32.8   52s
H205168 40845                       0.0166898    0.03194  91.4%  32.8   52s
 208750 41747     cutoff   37         0.01669    0.03184  90.8%  32.7   55s
 230678 43950    0.02333   35   60    0.01669    0.03123  87.1%  32.5   60s
 254350 46482    0.01831   42   60    0.01669    0.03064  83.6%  32.3   65s
H271934 47976                       0.0166995    0.03021  80.9%  32.1   68s
 274470 48243     cutoff   35         0.01670    0.03015  80.5%  32.1   70s
 297507 50537     cutoff   46         0.01670    0.02966  77.6%  31.9   75s
 320891 52816     cutoff   41         0.01670    0.02922  75.0%  31.7   80s
 344366 55231     cutoff   41         0.01670    0.02882  72.6%  31.6   85s
 367989 57373    0.02132   31   59    0.01670    0.02843  70.2%  31.4   90s
H390896 59445                       0.0166995    0.02808  68.2%  31.2   94s
 391096 59480    0.01734   37   61    0.01670    0.02808  68.2%  31.2   95s
 408841 60843     cutoff   39         0.01670    0.02781  66.5%  31.1  100s
 431350 62514    0.01883   38   54    0.01670    0.02751  64.8%  30.9  105s

Cutting planes:
  Gomory: 22
  Implied bound: 31
  MIR: 11
  Flow cover: 70
  Inf proof: 13
  RLT: 81
  Relax-and-lift: 20
  BQP: 25

Explored 438402 nodes (13538323 simplex iterations) in 106.58 seconds (123.41 work units)
Thread count was 4 (of 4 available processors)

Solution count 10: 0.0166995 0.0166898 0.0166825 ... 0.0140945

Optimization achieved user objective limit
Best objective 1.669952459137e-02, best bound 2.742571630883e-02, gap 64.2305%
{"verdict": "PROVED", "status": "BOUND_REACHED", "runtime": 106.58436298370361, "objval": 0.016699524591367143, "objbound": 0.027425716308826516, "binaries": 46}
