Set parameter NodefileStart to value 6
Read parameters from file gurobi.env
Restricted license - for non-production use only - expires 2027-11-29
Set parameter OutputFlag to value 1
Set parameter Threads to value 4
Set parameter TimeLimit to value 360
Set parameter MIPGap to value 5e-05
Set parameter MIPFocus to value 2
Set parameter NonConvex to value 2
Set parameter BestBdStop to value 2.7426211734693878e-02
Gurobi Optimizer version 13.0.3 build v13.0.3rc0 (linux64 - "Ubuntu 24.04.5 LTS")

CPU model: AMD EPYC 7763 64-Core Processor, instruction set [SSE2|AVX|AVX2]
Thread count: 2 physical cores, 4 logical processors, using up to 4 threads

Non-default parameters:
TimeLimit  360
BestBdStop  2.7426211734693878e-02
MIPGap  5e-05
MIPFocus  2
NodefileStart  6
NonConvex  2
Threads  4

Optimize a model with 141 rows, 111 columns and 810 nonzeros (Max)
Model fingerprint: 0x26b356bd
Model has 1 linear objective coefficients
Model has 50 quadratic constraints
Variable types: 65 continuous, 46 integer (46 binary)
Coefficient statistics:
  Matrix range     [5e-01, 1e+00]
  QMatrix range    [1e+00, 1e+00]
  QLMatrix range   [1e+00, 1e+00]
  Objective range  [1e+00, 1e+00]
  Bounds range     [5e-01, 1e+00]
  RHS range        [1e+00, 1e+00]

Found heuristic solution: objective -0.0000000
Presolve time: 0.00s
Presolved: 341 rows, 112 columns, 1210 nonzeros
Presolved model has 50 bilinear constraint(s)

Solving non-convex MIQCP to global optimality

Variable types: 66 continuous, 46 integer (46 binary)
Root relaxation presolve removed 50 rows and 1 columns
Root relaxation presolved: 291 rows, 111 columns, 1160 nonzeros


Root relaxation: objective 8.333333e-02, 104 iterations, 0.00 seconds (0.00 work units)

    Nodes    |    Current Node    |     Objective Bounds      |     Work
 Expl Unexpl |  Obj  Depth IntInf | Incumbent    BestBd   Gap | It/Node Time

     0     0    0.08333    0   48   -0.00000    0.08333      -     -    0s
     0     0    0.08333    0   50   -0.00000    0.08333      -     -    0s
     0     0    0.08333    0   44   -0.00000    0.08333      -     -    0s
     0     0    0.08333    0   61   -0.00000    0.08333      -     -    0s
     0     0    0.08333    0   45   -0.00000    0.08333      -     -    0s
     0     0    0.07143    0   58   -0.00000    0.07143      -     -    0s
     0     0    0.07143    0   53   -0.00000    0.07143      -     -    0s
     0     0    0.07143    0   50   -0.00000    0.07143      -     -    0s
     0     0    0.07143    0   50   -0.00000    0.07143      -     -    0s
     0     0    0.07143    0   50   -0.00000    0.07143      -     -    0s
     0     2    0.07143    0   50   -0.00000    0.07143      -     -    0s
*  610   620              94       0.0000001    0.07143      -  23.5    0s
H 1141   969                       0.0000002    0.07143      -  26.1    1s
H 1145   924                       0.0000004    0.07143      -  26.0    1s
H 1145   877                       0.0000006    0.07143      -  26.0    1s
H 1659  1142                       0.0057205    0.06128   971%  25.0    1s
H 1791  1066                       0.0063395    0.06128   867%  23.4    1s
* 1967  1095             129       0.0071466    0.06128   757%  23.4    1s
H 2448  1257                       0.0071747    0.06128   754%  27.1    1s
H 3503  1341                       0.0091904    0.06128   567%  31.9    2s
H 3739  1510                       0.0094085    0.06128   551%  33.0    2s
H 3918  1591                       0.0094341    0.06128   550%  33.4    2s
H 3973  1586                       0.0095112    0.06128   544%  33.5    2s
H 4926  2089                       0.0095506    0.06071   536%  34.5    2s
H 5942  2475                       0.0095879    0.05929   518%  36.2    3s
H 6272  2399                       0.0105752    0.05919   460%  36.7    3s
H 7353  2616                       0.0110719    0.05746   419%  37.2    3s
H 7491  2742                       0.0110720    0.05717   416%  37.4    4s
 10040  3973    0.01489   37   53    0.01107    0.05562   402%  38.7    5s
H13887  5393                       0.0111665    0.05365   380%  39.3    6s
H13888  5311                       0.0114631    0.05365   368%  39.3    6s
H13891  5276                       0.0116325    0.05365   361%  39.3    6s
H19831  7530                       0.0125256    0.05135   310%  39.5    8s
H21845  8344                       0.0125256    0.05070   305%  39.6    9s
H22298  8587                       0.0125256    0.05070   305%  39.5    9s
 24351  9560    0.02404   36   52    0.01253    0.05000   299%  39.8   10s
H24729  9553                       0.0125598    0.05000   298%  39.9   10s
 38268 15300    0.01280   30   54    0.01256    0.04761   279%  40.4   15s
 56946 22082    0.02593   33   56    0.01256    0.04533   261%  40.1   20s
 74859 28413    0.03397   30   57    0.01256    0.04387   249%  39.7   25s
 94015 35224    0.01332   35   58    0.01256    0.04252   239%  39.4   30s
 112036 40852    0.02407   33   58    0.01256    0.04148   230%  39.5   35s
 129160 46175    0.01433   37   49    0.01256    0.04066   224%  39.5   40s
 147106 51727     cutoff   40         0.01256    0.03995   218%  39.6   45s
 162825 56301     cutoff   44         0.01256    0.03939   214%  39.4   50s
*179028 54986             101       0.0148446    0.03886   162%  39.3   54s
*179031 54259             103       0.0151028    0.03886   157%  39.3   54s
*179034 54253             104       0.0151041    0.03886   157%  39.3   54s
*179035 54253             105       0.0151042    0.03886   157%  39.3   54s
 180841 54540     cutoff   36         0.01510    0.03881   157%  39.3   55s
 199112 59005    0.02799   33   50    0.01510    0.03822   153%  39.2   60s
 218371 63680    0.01617   33   50    0.01510    0.03768   149%  39.0   65s
H223962 65068                       0.0151045    0.03753   148%  39.0   66s
 235195 67710    0.01999   44   52    0.01510    0.03724   147%  38.9   70s
 254889 71933    0.01584   35   60    0.01510    0.03681   144%  38.7   75s
 273671 75863    0.03067   29   55    0.01510    0.03639   141%  38.6   80s
 292451 80313     cutoff   40         0.01510    0.03603   139%  38.5   85s
 311373 84316    0.01902   38   63    0.01510    0.03568   136%  38.4   90s
H318995 85902                       0.0151049    0.03552   135%  38.3   92s
 325123 87387    0.02886   35   54    0.01510    0.03544   135%  38.3   95s
 344659 91678    0.02541   35   50    0.01510    0.03508   132%  38.2  100s
 364035 95576     cutoff   39         0.01510    0.03477   130%  38.0  105s
 383298 99615     cutoff   41         0.01510    0.03448   128%  37.9  110s
 402123 103312    0.02751   35   53    0.01510    0.03421   126%  37.8  115s
 422200 106944    0.02891   36   55    0.01510    0.03395   125%  37.7  120s
 441773 110789     cutoff   32         0.01510    0.03370   123%  37.6  125s
 460138 114298     cutoff   42         0.01510    0.03349   122%  37.5  130s
 477382 117354    0.01563   47   49    0.01510    0.03330   120%  37.4  135s
 497176 120656    0.02035   39   52    0.01510    0.03309   119%  37.3  140s
*512084 115557              97       0.0162111    0.03293   103%  37.2  144s
H513326 113999                       0.0164280    0.03291   100%  37.2  144s
 514644 114158     cutoff   35         0.01643    0.03290   100%  37.2  145s
 532759 116634     cutoff   33         0.01643    0.03271  99.1%  37.1  150s
 552403 119111     cutoff   37         0.01643    0.03249  97.8%  37.0  155s
 571969 121607 infeasible   38         0.01643    0.03229  96.6%  36.9  160s
 592074 124322     cutoff   40         0.01643    0.03210  95.4%  36.8  165s
 608794 126393     cutoff   32         0.01643    0.03195  94.5%  36.7  170s
 627676 128898     cutoff   41         0.01643    0.03179  93.5%  36.6  175s
 647086 131542 infeasible   36         0.01643    0.03163  92.6%  36.5  180s
 667645 134134    0.02622   31   56    0.01643    0.03147  91.6%  36.4  185s
H672177 129958                       0.0169218    0.03144  85.8%  36.4  186s
H672556 130002                       0.0169218    0.03143  85.8%  36.4  186s
 685612 131482    0.01982   39   56    0.01692    0.03132  85.1%  36.3  190s
 706828 133800    0.03034   30   53    0.01692    0.03114  84.0%  36.2  195s
 727495 136153    0.01903   38   60    0.01692    0.03099  83.1%  36.1  200s
 747952 138315    0.01809   37   53    0.01692    0.03082  82.2%  36.0  205s
 768818 140460    0.01986   39   51    0.01692    0.03066  81.2%  35.9  210s
 788358 142426    0.01750   36   57    0.01692    0.03053  80.4%  35.9  215s
 804675 144101     cutoff   38         0.01692    0.03041  79.7%  35.8  220s
 825470 146398     cutoff   32         0.01692    0.03026  78.8%  35.7  225s
H832732 130357                       0.0184621    0.03020  63.6%  35.7  226s
H832735 130357                       0.0184621    0.03020  63.6%  35.7  226s
*833095 130282             101       0.0184643    0.03020  63.6%  35.7  226s
H834215 130350                       0.0184644    0.03019  63.5%  35.7  227s
H835404 125434                       0.0189218    0.03018  59.5%  35.6  227s
H836437 120493                       0.0193503    0.03017  55.9%  35.6  228s
 840980 120627    0.01941   40   51    0.01935    0.03014  55.7%  35.6  230s
 862073 121214    0.02760   33   61    0.01935    0.02995  54.8%  35.5  235s
 882121 121644    0.02125   35   58    0.01935    0.02978  53.9%  35.4  240s
 903357 122164     cutoff   35         0.01935    0.02961  53.0%  35.3  245s
 924464 122771     cutoff   41         0.01935    0.02945  52.2%  35.2  250s
 945866 122983    0.02499   41   39    0.01935    0.02928  51.3%  35.1  255s
 965426 123283     cutoff   36         0.01935    0.02914  50.6%  35.1  260s
 986288 123431     cutoff   37         0.01935    0.02898  49.8%  35.0  265s
 1004269 123658     cutoff   36         0.01935    0.02884  49.0%  34.9  270s
 1025219 123746    0.02747   37   57    0.01935    0.02868  48.2%  34.8  275s
 1046447 123593    0.02705   42   43    0.01935    0.02852  47.4%  34.7  280s
 1066929 123665     cutoff   37         0.01935    0.02837  46.6%  34.6  285s
 1088346 123531    0.02040   40   53    0.01935    0.02822  45.8%  34.5  290s
 1109536 123404 infeasible   34         0.01935    0.02808  45.1%  34.5  295s
 1130661 123208     cutoff   36         0.01935    0.02793  44.3%  34.4  300s
 1151735 123063    0.01975   38   51    0.01935    0.02779  43.6%  34.3  305s
 1173410 122659     cutoff   46         0.01935    0.02764  42.8%  34.2  310s
 1193500 122295     cutoff   42         0.01935    0.02750  42.1%  34.2  315s

Cutting planes:
  Gomory: 9
  Implied bound: 22
  MIR: 7
  Flow cover: 27
  RLT: 104
  Relax-and-lift: 16
  BQP: 19

Explored 1204347 nodes (41084260 simplex iterations) in 317.33 seconds (347.53 work units)
Thread count was 4 (of 4 available processors)

Solution count 10: 0.0193503 0.0189218 0.0184644 ... 0.0151049

Optimization achieved user objective limit
Best objective 1.935032422386e-02, best bound 2.742553734366e-02, gap 41.7317%
{"verdict": "PROVED", "status": "BOUND_REACHED", "runtime": 317.32683420181274, "objval": 0.019350324223859457, "objbound": 0.02742553734366295, "binaries": 46}
