Set parameter NodefileStart to value 6
Read parameters from file gurobi.env
Restricted license - for non-production use only - expires 2027-11-29
Set parameter OutputFlag to value 1
Set parameter Threads to value 4
Set parameter TimeLimit to value 360
Set parameter MIPGap to value 5e-05
Set parameter MIPFocus to value 2
Set parameter NonConvex to value 2
Set parameter BestBdStop to value 2.7426211734693878e-02
Gurobi Optimizer version 13.0.3 build v13.0.3rc0 (linux64 - "Ubuntu 24.04.5 LTS")

CPU model: INTEL(R) XEON(R) PLATINUM 8573C, instruction set [SSE2|AVX|AVX2|AVX512]
Thread count: 2 physical cores, 4 logical processors, using up to 4 threads

Non-default parameters:
TimeLimit  360
BestBdStop  2.7426211734693878e-02
MIPGap  5e-05
MIPFocus  2
NodefileStart  6
NonConvex  2
Threads  4

Optimize a model with 141 rows, 111 columns and 810 nonzeros (Max)
Model fingerprint: 0xdbee570c
Model has 1 linear objective coefficients
Model has 50 quadratic constraints
Variable types: 65 continuous, 46 integer (46 binary)
Coefficient statistics:
  Matrix range     [5e-01, 1e+00]
  QMatrix range    [1e+00, 1e+00]
  QLMatrix range   [1e+00, 1e+00]
  Objective range  [1e+00, 1e+00]
  Bounds range     [5e-01, 1e+00]
  RHS range        [1e+00, 1e+00]

Found heuristic solution: objective -0.0000000
Presolve time: 0.00s
Presolved: 341 rows, 112 columns, 1210 nonzeros
Presolved model has 50 bilinear constraint(s)

Solving non-convex MIQCP to global optimality

Variable types: 66 continuous, 46 integer (46 binary)
Found heuristic solution: objective 0.0000000
Root relaxation presolve removed 50 rows and 1 columns
Root relaxation presolved: 291 rows, 111 columns, 1160 nonzeros


Root relaxation: objective 8.333333e-02, 129 iterations, 0.00 seconds (0.00 work units)

    Nodes    |    Current Node    |     Objective Bounds      |     Work
 Expl Unexpl |  Obj  Depth IntInf | Incumbent    BestBd   Gap | It/Node Time

     0     0    0.08333    0   50    0.00000    0.08333      -     -    0s
     0     0    0.08333    0   56    0.00000    0.08333      -     -    0s
     0     0    0.08333    0   52    0.00000    0.08333      -     -    0s
     0     0    0.08333    0   43    0.00000    0.08333      -     -    0s
     0     0    0.08333    0   43    0.00000    0.08333      -     -    0s
     0     0    0.08333    0   32    0.00000    0.08333      -     -    0s
     0     0    0.08333    0   32    0.00000    0.08333      -     -    0s
     0     2    0.08333    0   32    0.00000    0.08333      -     -    0s
* 1782  1380             109       0.0000002    0.07792      -  22.9    2s
* 1783  1332             110       0.0000003    0.07792      -  22.9    2s
* 1874  1325             112       0.0000004    0.07792      -  22.2    2s
H 1925  1256                       0.0000007    0.07792      -  22.0    2s
H 1941  1210                       0.0000007    0.07566      -  22.1    2s
* 9292  6615              67       0.0000007    0.06660      -  25.5    4s
 10643  7518    0.00000   95   24    0.00000    0.06569      -  26.6    5s
 20734 15476    0.00391   52   38    0.00000    0.06039      -  30.5   10s
 30934 23723    0.00015   46   26    0.00000    0.05853      -  32.7   15s
 38211 28830    0.02791   38   52    0.00000    0.05716      -  33.0   20s
 55468 41496     cutoff   93         0.00000    0.05551      -  34.4   25s
 67731 50551     cutoff   99         0.00000    0.05425      -  34.5   30s
 80741 60020 infeasible   72         0.00000    0.05291      -  34.4   35s
 96452 71576    0.02952   32   54    0.00000    0.05197      -  34.7   40s
 110020 81404    0.00696   43   38    0.00000    0.05137      -  34.9   45s
 125655 92952    0.00000   93   31    0.00000    0.05074      -  35.1   50s
 136339 100743    0.04263   31   58    0.00000    0.05025      -  35.1   55s
 150856 110980    0.00002   75   40    0.00000    0.05000      -  35.1   60s
 164890 120690    0.03816   32   51    0.00000    0.04956      -  35.1   65s
 177974 130662    0.00001   60   50    0.00000    0.04926      -  35.2   70s
 179594 132029    0.00000   85   38    0.00000    0.04920      -  35.2   75s
 195478 143219    0.00550   42   50    0.00000    0.04880      -  35.1   80s
 208419 152588    0.00528   43   50    0.00000    0.04859      -  35.2   85s
 223623 163802    0.00019   72   45    0.00000    0.04827      -  35.2   90s
 239500 175523    0.00022   67   50    0.00000    0.04801      -  35.2   95s
 256484 187995    0.00025   66   51    0.00000    0.04779      -  35.1  101s
 269737 197843     cutoff  110         0.00000    0.04758      -  35.0  105s
 282695 207548    0.00005   63   50    0.00000    0.04737      -  35.0  110s
 299025 219318    0.04449   30   51    0.00000    0.04714      -  35.0  115s
 314122 230290    0.00002   67   51    0.00000    0.04696      -  34.9  120s
 326712 239645    0.00598   43   50    0.00000    0.04682      -  35.0  125s
 342581 251191    0.00045   69   42    0.00000    0.04665      -  35.0  130s
 353887 259129    0.01324   38   45    0.00000    0.04649      -  35.1  135s
 371221 271709     cutoff   81         0.00000    0.04621      -  35.1  140s
*375134 273053              90       0.0000008    0.04617      -  35.0  143s
H376931 272868                       0.0000009    0.04616      -  35.0  143s
 379409 274724    0.02385   38   57    0.00000    0.04613      -  35.0  145s
 390777 283018 infeasible   48         0.00000    0.04602      -  35.0  150s
 404711 292702    0.00026   55   50    0.00000    0.04583      -  35.0  155s
 419314 303296    0.04239   36   55    0.00000    0.04566      -  35.0  160s
 432470 312506     cutoff   95         0.00000    0.04553      -  35.0  165s
 448211 323899    0.01041   40   45    0.00000    0.04534      -  35.0  170s
 461687 333685    0.00007   52   50    0.00000    0.04521      -  35.0  175s
 479911 346214    0.03324   31   58    0.00000    0.04517      -  34.8  180s
 496282 357764    0.00661   42   50    0.00000    0.04507      -  34.7  185s
 509773 367846    0.03236   29   50    0.00000    0.04499      -  34.8  190s
 523398 377362    0.03650   37   53    0.00000    0.04487      -  34.8  195s
 540755 389344    0.00000  102   34    0.00000    0.04473      -  34.8  200s
 554513 398991    0.00001   85   36    0.00000    0.04460      -  34.7  205s
 570715 409852    0.01292   40   46    0.00000    0.04447      -  34.7  210s
 586063 420796    0.00864   48   50    0.00000    0.04436      -  34.7  215s
 596857 428073    0.00050   56   50    0.00000    0.04429      -  34.7  220s
 615037 440928     cutoff   68         0.00000    0.04416      -  34.8  225s
 626462 448986    0.00001  101   46    0.00000    0.04407      -  34.7  230s
 643252 460361    0.00006   72   50    0.00000    0.04393      -  34.8  235s
 654953 468496    0.00323   52   52    0.00000    0.04385      -  34.8  240s
 670263 479646    0.00114   54   39    0.00000    0.04377      -  34.9  245s
 686763 491486    0.00082   53   40    0.00000    0.04366      -  34.9  250s
 702105 502626    0.00000  113   24    0.00000    0.04355      -  34.9  255s
 714118 511386    0.00078   53   51    0.00000    0.04349      -  34.9  260s
 729543 522437     cutoff   65         0.00000    0.04340      -  34.9  265s
 741774 531065    0.00357   43   54    0.00000    0.04333      -  34.9  270s
 759356 544168    0.00294   49   38    0.00000    0.04324      -  34.9  275s
 770137 551503    0.00000   86   30    0.00000    0.04316      -  34.9  280s
 785154 561711    0.00000   80   37    0.00000    0.04309      -  35.0  285s
 797921 570910     cutoff   98         0.00000    0.04301      -  34.9  290s
 813263 581847    0.00001   92   40    0.00000    0.04293      -  35.0  295s
 825501 590776    0.00003   80   47    0.00000    0.04287      -  35.0  300s
 834711 597430    0.00004   89   50    0.00000    0.04284      -  34.9  305s
 849961 608849    0.00056   52   52    0.00000    0.04279      -  35.0  310s
 867289 622117    0.00003   85   44    0.00000    0.04277      -  35.0  315s
 880314 631330    0.00008   61   52    0.00000    0.04271      -  35.0  320s
 893702 640776    0.00014   68   50    0.00000    0.04267      -  35.0  325s
 909600 652247    0.00401   42   50    0.00000    0.04262      -  35.0  330s
 923972 662767    0.00798   42   50    0.00000    0.04257      -  35.1  335s
 937002 672198    0.00006   82   50    0.00000    0.04252      -  35.1  340s
 951704 682309    0.00878   47   50    0.00000    0.04246      -  35.1  345s
 964205 691473    0.00003   83   26    0.00000    0.04243      -  35.1  350s
 977942 700737    0.00000   91   44    0.00000    0.04236      -  35.1  355s
 991237 710697    0.00013   56   52    0.00000    0.04230      -  35.1  360s

Cutting planes:
  Gomory: 23
  Implied bound: 32
  MIR: 20
  Flow cover: 92
  Inf proof: 3
  RLT: 110
  Relax-and-lift: 14
  BQP: 42

Explored 991675 nodes (34847921 simplex iterations) in 360.00 seconds (314.66 work units)
Thread count was 4 (of 4 available processors)

Solution count 10: 9.45353e-07 8.48892e-07 7.39537e-07 ... -0

Time limit reached
Best objective 9.453534673755e-07, best bound 4.229772856577e-02, gap -
{"verdict": "UNRESOLVED", "status": "TIME_LIMIT", "runtime": 360.0032558441162, "objval": 9.453534673754579e-07, "objbound": 0.04229772856576526, "binaries": 46}
