Set parameter NodefileStart to value 6
Read parameters from file gurobi.env
Restricted license - for non-production use only - expires 2027-11-29
Set parameter OutputFlag to value 1
Set parameter Threads to value 4
Set parameter TimeLimit to value 360
Set parameter MIPGap to value 5e-05
Set parameter MIPFocus to value 2
Set parameter NonConvex to value 2
Set parameter BestBdStop to value 2.7426211734693878e-02
Gurobi Optimizer version 13.0.3 build v13.0.3rc0 (linux64 - "Ubuntu 24.04.5 LTS")

CPU model: INTEL(R) XEON(R) PLATINUM 8573C, instruction set [SSE2|AVX|AVX2|AVX512]
Thread count: 2 physical cores, 4 logical processors, using up to 4 threads

Non-default parameters:
TimeLimit  360
BestBdStop  2.7426211734693878e-02
MIPGap  5e-05
MIPFocus  2
NodefileStart  6
NonConvex  2
Threads  4

Optimize a model with 133 rows, 103 columns and 742 nonzeros (Max)
Model fingerprint: 0xa9e7f328
Model has 1 linear objective coefficients
Model has 50 quadratic constraints
Variable types: 65 continuous, 38 integer (38 binary)
Coefficient statistics:
  Matrix range     [5e-01, 1e+00]
  QMatrix range    [1e+00, 1e+00]
  QLMatrix range   [1e+00, 1e+00]
  Objective range  [1e+00, 1e+00]
  Bounds range     [5e-01, 1e+00]
  RHS range        [1e+00, 1e+00]

Found heuristic solution: objective -0.0000000
Presolve time: 0.00s
Presolved: 333 rows, 104 columns, 1142 nonzeros
Presolved model has 50 bilinear constraint(s)

Solving non-convex MIQCP to global optimality

Variable types: 66 continuous, 38 integer (38 binary)
Root relaxation presolve removed 68 rows and 10 columns
Root relaxation presolved: 265 rows, 94 columns, 984 nonzeros


Root relaxation: objective 1.000000e-01, 108 iterations, 0.00 seconds (0.00 work units)

    Nodes    |    Current Node    |     Objective Bounds      |     Work
 Expl Unexpl |  Obj  Depth IntInf | Incumbent    BestBd   Gap | It/Node Time

     0     0    0.10000    0   49   -0.00000    0.10000      -     -    0s
     0     0    0.08333    0   57   -0.00000    0.08333      -     -    0s
     0     0    0.08333    0   41   -0.00000    0.08333      -     -    0s
     0     0    0.08333    0   46   -0.00000    0.08333      -     -    0s
     0     0    0.08333    0   46   -0.00000    0.08333      -     -    0s
     0     0    0.08333    0   56   -0.00000    0.08333      -     -    0s
     0     0    0.08333    0   56   -0.00000    0.08333      -     -    0s
     0     2    0.08333    0   56   -0.00000    0.08333      -     -    0s
*  958   837              92       0.0000001    0.07273      -  23.6    0s
*  959   837              92       0.0000001    0.07273      -  23.5    0s
H 1420  1072                       0.0000005    0.05386      -  26.5    1s
H 1724  1229                       0.0000006    0.05386      -  26.0    1s
* 1791  1220              95       0.0000007    0.05386      -  26.2    1s
* 1795  1175              96       0.0000007    0.05386      -  26.1    1s
* 2836  1597             105       0.0000008    0.05240      -  27.1    1s
* 2837  1551             105       0.0000010    0.05240      -  27.1    1s
H 3007  1568                       0.0000010    0.05208      -  26.7    1s
H 4062  2294                       0.0000011    0.04963      -  27.6    2s
H16855 11444                       0.0000014    0.03815      -  26.1    4s
 16859 11673    0.00003   73   27    0.00000    0.03815      -  26.1    5s
H18019 12147                       0.0000015    0.03741      -  26.1    5s
H18025 12218                       0.0000018    0.03741      -  26.1    5s
 37085 25461    0.00001   74   44    0.00000    0.03263      -  25.5   10s
 64511 42949    0.00001   54   43    0.00000    0.02902      -  24.8   15s

Cutting planes:
  Gomory: 9
  Implied bound: 1
  MIR: 4
  Flow cover: 14
  RLT: 65
  Relax-and-lift: 3
  BQP: 11

Explored 87896 nodes (2138100 simplex iterations) in 18.71 seconds (20.38 work units)
Thread count was 4 (of 4 available processors)

Solution count 10: 1.77559e-06 1.51768e-06 1.36496e-06 ... 4.94111e-07

Optimization achieved user objective limit
Best objective 1.775587094720e-06, best bound 2.742091772360e-02, gap 1544229.6364%
{"verdict": "PROVED", "status": "BOUND_REACHED", "runtime": 18.71268916130066, "objval": 1.7755870947204326e-06, "objbound": 0.027420917723597397, "binaries": 38}
