Set parameter NodefileStart to value 6
Read parameters from file gurobi.env
Restricted license - for non-production use only - expires 2027-11-29
Set parameter OutputFlag to value 1
Set parameter Threads to value 4
Set parameter TimeLimit to value 360
Set parameter MIPGap to value 5e-05
Set parameter MIPFocus to value 2
Set parameter NonConvex to value 2
Set parameter BestBdStop to value 2.7426211734693878e-02
Gurobi Optimizer version 13.0.3 build v13.0.3rc0 (linux64 - "Ubuntu 24.04.5 LTS")

CPU model: AMD EPYC 7763 64-Core Processor, instruction set [SSE2|AVX|AVX2]
Thread count: 2 physical cores, 4 logical processors, using up to 4 threads

Non-default parameters:
TimeLimit  360
BestBdStop  2.7426211734693878e-02
MIPGap  5e-05
MIPFocus  2
NodefileStart  6
NonConvex  2
Threads  4

Optimize a model with 145 rows, 115 columns and 846 nonzeros (Max)
Model fingerprint: 0x1a41e3e3
Model has 1 linear objective coefficients
Model has 50 quadratic constraints
Variable types: 65 continuous, 50 integer (50 binary)
Coefficient statistics:
  Matrix range     [5e-01, 1e+00]
  QMatrix range    [1e+00, 1e+00]
  QLMatrix range   [1e+00, 1e+00]
  Objective range  [1e+00, 1e+00]
  Bounds range     [5e-01, 1e+00]
  RHS range        [1e+00, 1e+00]

Found heuristic solution: objective -0.0000000
Presolve time: 0.00s
Presolved: 345 rows, 116 columns, 1246 nonzeros
Presolved model has 50 bilinear constraint(s)

Solving non-convex MIQCP to global optimality

Variable types: 66 continuous, 50 integer (50 binary)
Root relaxation presolve removed 50 rows and 1 columns
Root relaxation presolved: 295 rows, 115 columns, 1196 nonzeros


Root relaxation: objective 1.250000e-01, 101 iterations, 0.00 seconds (0.00 work units)

    Nodes    |    Current Node    |     Objective Bounds      |     Work
 Expl Unexpl |  Obj  Depth IntInf | Incumbent    BestBd   Gap | It/Node Time

     0     0    0.12500    0   50   -0.00000    0.12500      -     -    0s
     0     0    0.08028    0   43   -0.00000    0.08028      -     -    0s
     0     0    0.08028    0   43   -0.00000    0.08028      -     -    0s
     0     2    0.08028    0   43   -0.00000    0.08028      -     -    0s
H   64    73                       0.0000001    0.08028      -  31.1    0s
* 1123  1075             141       0.0000001    0.08028      -  19.2    0s
H 1166  1021                       0.0000003    0.08028      -  19.2    1s
H 1173   973                       0.0039537    0.08028  1931%  19.1    1s
H 1173   924                       0.0045776    0.08028  1654%  19.1    1s
H 1173   878                       0.0045776    0.08028  1654%  19.1    1s
H 1173   834                       0.0053435    0.08028  1402%  19.1    1s
H 1173   792                       0.0061882    0.08028  1197%  19.1    1s
H 1173   752                       0.0078088    0.08028   928%  19.1    1s
H 1807  1086                       0.0080359    0.08028   899%  21.9    1s
H 1952   938                       0.0144376    0.08028   456%  20.9    1s
H 2045   924                       0.0144376    0.08028   456%  21.6    1s
H 2152   958                       0.0144376    0.08028   456%  22.8    1s
H 2398  1003                       0.0144376    0.08028   456%  24.8    2s
H 2423   966                       0.0144376    0.08028   456%  25.1    2s
H 4351  1693                       0.0144376    0.07648   430%  31.5    2s
 10576  4198    0.01919   26   57    0.01444    0.06648   360%  37.9    5s
 26349  9499    0.02578   28   53    0.01444    0.05775   300%  37.9   10s
H32338 11079                       0.0144377    0.05594   287%  38.0   11s
 42607 14281    0.02159   37   52    0.01444    0.05433   276%  37.6   15s
 61445 19998     cutoff   37         0.01444    0.05179   259%  37.6   20s
 79588 25039    0.02727   31   53    0.01444    0.05011   247%  37.3   25s
*90739 28252              63       0.0144386    0.04938   242%  37.0   27s
H92468 23677                       0.0191852    0.04925   157%  36.9   28s
 98383 24972    0.02793   29   56    0.01919    0.04875   154%  36.9   30s
 117527 28671     cutoff   31         0.01919    0.04738   147%  36.7   35s
 137808 32458    0.02857   34   56    0.01919    0.04625   141%  36.4   40s
 154291 35691     cutoff   27         0.01919    0.04540   137%  36.4   45s
 172258 38727     cutoff   48         0.01919    0.04469   133%  36.2   50s
 191787 42080    0.03819   30   47    0.01919    0.04394   129%  36.2   55s
 208657 45480     cutoff   31         0.01919    0.04342   126%  36.0   60s
H208658 44766                       0.0195918    0.04342   122%  36.0   60s
H212657 43922                       0.0199295    0.04329   117%  36.0   61s
H213862 43408                       0.0202714    0.04324   113%  36.0   61s
 225686 45030    0.03233   33   62    0.02027    0.04280   111%  35.9   65s
 244741 47293     cutoff   33         0.02027    0.04224   108%  35.8   70s
 263523 49906     cutoff   32         0.02027    0.04178   106%  35.6   75s
 283103 52359    0.02404   35   38    0.02027    0.04134   104%  35.5   80s
 302575 55014    0.02128   34   43    0.02027    0.04089   102%  35.4   85s
 321170 57360     cutoff   33         0.02027    0.04051   100%  35.3   90s
 341054 60074    0.02976   33   54    0.02027    0.04015  98.1%  35.2   95s
 360455 62780    0.03061   27   62    0.02027    0.03985  96.6%  35.0  100s
H378728 64901                       0.0202714    0.03957  95.2%  34.9  104s
 378729 64920     cutoff   35         0.02027    0.03957  95.2%  34.9  105s
 395138 67005    0.02636   35   53    0.02027    0.03931  93.9%  34.8  110s
 414711 69541    0.03252   28   64    0.02027    0.03903  92.5%  34.8  115s
 433866 71923    0.02999   38   46    0.02027    0.03873  91.0%  34.7  120s
 453275 73999    0.02597   33   52    0.02027    0.03844  89.6%  34.6  125s
*466751 71121              79       0.0212227    0.03826  80.3%  34.5  128s
*466752 71121              79       0.0212227    0.03826  80.3%  34.5  128s
 471837 71691     cutoff   34         0.02122    0.03818  79.9%  34.5  130s
 492275 74109    0.03284   35   41    0.02122    0.03790  78.6%  34.4  135s
 512097 76048 infeasible   45         0.02122    0.03764  77.4%  34.3  140s
 532113 78525     cutoff   31         0.02122    0.03737  76.1%  34.2  145s
 548142 80033     cutoff   34         0.02122    0.03717  75.1%  34.1  150s
 567946 82311    0.02917   34   61    0.02122    0.03696  74.2%  34.0  155s
 588612 84221    0.02495   35   57    0.02122    0.03673  73.1%  33.9  160s
 608714 86171    0.03238   26   60    0.02122    0.03652  72.1%  33.8  165s
H622169 87964                       0.0212229    0.03638  71.4%  33.7  168s
H623256 87332                       0.0213440    0.03637  70.4%  33.7  168s
H624607 87192                       0.0213964    0.03635  69.9%  33.7  169s
H624613 86666                       0.0214896    0.03635  69.2%  33.7  169s
H625888 85075                       0.0217855    0.03634  66.8%  33.7  169s
 626271 85263     cutoff   36         0.02179    0.03634  66.8%  33.7  170s
H627222 83887                       0.0220286    0.03633  64.9%  33.7  170s
 644214 85234     cutoff   36         0.02203    0.03614  64.1%  33.6  175s
 663108 86547     cutoff   39         0.02203    0.03593  63.1%  33.5  180s
 683866 88204    0.02279   39   59    0.02203    0.03572  62.2%  33.4  185s
 703081 89812     cutoff   32         0.02203    0.03554  61.4%  33.3  190s
 724114 91313    0.02266   44   56    0.02203    0.03535  60.5%  33.2  195s
 743903 92816     cutoff   30         0.02203    0.03514  59.5%  33.1  200s
 760445 93903     cutoff   32         0.02203    0.03498  58.8%  33.0  205s
 780584 95157     cutoff   34         0.02203    0.03479  58.0%  33.0  210s
 801660 97072    0.02205   38   56    0.02203    0.03462  57.2%  32.9  215s
 822336 98744    0.03440   41   53    0.02203    0.03445  56.4%  32.8  220s
 843417 100532    0.02785   34   46    0.02203    0.03429  55.7%  32.7  225s
 864037 102264     cutoff   40         0.02203    0.03414  55.0%  32.6  230s
 884162 103839    0.02243   49   26    0.02203    0.03399  54.3%  32.5  235s
 905159 105521     cutoff   36         0.02203    0.03384  53.6%  32.4  240s
 925719 106906    0.02699   36   43    0.02203    0.03370  53.0%  32.3  245s
 941870 108105    0.03043   33   53    0.02203    0.03360  52.5%  32.3  250s
 962250 109438    0.02807   26   57    0.02203    0.03346  51.9%  32.2  255s
 983392 111199    0.02205   30   60    0.02203    0.03333  51.3%  32.1  260s
 1003856 112745    0.02524   30   55    0.02203    0.03321  50.7%  32.0  265s
 1024984 114370    0.02936   37   53    0.02203    0.03307  50.1%  31.9  270s
 1046288 115806    0.02558   33   52    0.02203    0.03295  49.6%  31.9  275s
 1066826 117695    0.02254   35   52    0.02203    0.03284  49.1%  31.8  280s
 1087679 119401    0.03270   30   54    0.02203    0.03273  48.6%  31.7  285s
H1101007 115808                       0.0224323    0.03265  45.6%  31.6  288s
H1101307 115854                       0.0224323    0.03265  45.6%  31.6  288s
 1106682 116289    0.02878   35   52    0.02243    0.03262  45.4%  31.6  290s
 1128296 117868     cutoff   39         0.02243    0.03249  44.8%  31.5  295s
H1131206 118085                       0.0224323    0.03248  44.8%  31.5  296s
H1131216 118086                       0.0224323    0.03248  44.8%  31.5  296s
H1132026 118140                       0.0224323    0.03247  44.8%  31.5  296s
 1144314 118896    0.02577   37   49    0.02243    0.03241  44.5%  31.4  300s
 1166026 120500     cutoff   33         0.02243    0.03230  44.0%  31.3  305s
 1187917 121795     cutoff   38         0.02243    0.03219  43.5%  31.2  310s
 1208458 123136     cutoff   35         0.02243    0.03210  43.1%  31.2  315s
 1230550 124743     cutoff   38         0.02243    0.03199  42.6%  31.1  320s
 1248678 126182     cutoff   39         0.02243    0.03191  42.2%  31.0  325s
 1271319 127741    0.02543   33   61    0.02243    0.03181  41.8%  30.9  330s
 1293154 129353     cutoff   39         0.02243    0.03171  41.4%  30.8  335s
 1315396 130977 infeasible   32         0.02243    0.03162  41.0%  30.7  340s
 1337362 133013     cutoff   36         0.02243    0.03155  40.7%  30.6  345s
 1359999 134278    0.02377   38   47    0.02243    0.03147  40.3%  30.5  350s
 1382795 136196     cutoff   40         0.02243    0.03139  40.0%  30.4  355s
 1404730 137850     cutoff   37         0.02243    0.03132  39.6%  30.3  360s

Cutting planes:
  Gomory: 31
  Implied bound: 32
  MIR: 5
  Mixing: 1
  Flow cover: 78
  Inf proof: 70
  RLT: 91
  Relax-and-lift: 10
  BQP: 18

Explored 1405092 nodes (42638175 simplex iterations) in 360.00 seconds (396.69 work units)
Thread count was 4 (of 4 available processors)

Solution count 10: 0.0224323 0.0220286 0.0217855 ... 0.0195918

Time limit reached
Best objective 2.243230655856e-02, best bound 3.131819238286e-02, gap 39.6120%
{"verdict": "UNRESOLVED", "status": "TIME_LIMIT", "runtime": 360.0024662017822, "objval": 0.022432306558555812, "objbound": 0.03131819238285909, "binaries": 50}
