Set parameter NodefileStart to value 6
Read parameters from file gurobi.env
Restricted license - for non-production use only - expires 2027-11-29
Set parameter OutputFlag to value 1
Set parameter Threads to value 4
Set parameter TimeLimit to value 360
Set parameter MIPGap to value 5e-05
Set parameter MIPFocus to value 2
Set parameter NonConvex to value 2
Set parameter BestBdStop to value 2.7426211734693878e-02
Gurobi Optimizer version 13.0.3 build v13.0.3rc0 (linux64 - "Ubuntu 24.04.5 LTS")

CPU model: AMD EPYC 7763 64-Core Processor, instruction set [SSE2|AVX|AVX2]
Thread count: 2 physical cores, 4 logical processors, using up to 4 threads

Non-default parameters:
TimeLimit  360
BestBdStop  2.7426211734693878e-02
MIPGap  5e-05
MIPFocus  2
NodefileStart  6
NonConvex  2
Threads  4

Optimize a model with 141 rows, 111 columns and 810 nonzeros (Max)
Model fingerprint: 0xeca9121f
Model has 1 linear objective coefficients
Model has 50 quadratic constraints
Variable types: 65 continuous, 46 integer (46 binary)
Coefficient statistics:
  Matrix range     [5e-01, 1e+00]
  QMatrix range    [1e+00, 1e+00]
  QLMatrix range   [1e+00, 1e+00]
  Objective range  [1e+00, 1e+00]
  Bounds range     [5e-01, 1e+00]
  RHS range        [1e+00, 1e+00]

Found heuristic solution: objective -0.0000000
Presolve time: 0.00s
Presolved: 341 rows, 112 columns, 1210 nonzeros
Presolved model has 50 bilinear constraint(s)

Solving non-convex MIQCP to global optimality

Variable types: 66 continuous, 46 integer (46 binary)
Root relaxation presolve removed 50 rows and 1 columns
Root relaxation presolved: 291 rows, 111 columns, 1160 nonzeros


Root relaxation: objective 8.333333e-02, 128 iterations, 0.00 seconds (0.00 work units)

    Nodes    |    Current Node    |     Objective Bounds      |     Work
 Expl Unexpl |  Obj  Depth IntInf | Incumbent    BestBd   Gap | It/Node Time

     0     0    0.08333    0   47   -0.00000    0.08333      -     -    0s
     0     0    0.08333    0   32   -0.00000    0.08333      -     -    0s
     0     0    0.08333    0   58   -0.00000    0.08333      -     -    0s
     0     0    0.08333    0   45   -0.00000    0.08333      -     -    0s
H    0     0                       0.0000000    0.08333      -     -    0s
H    0     0                       0.0000000    0.08333      -     -    0s
H    0     0                       0.0000000    0.08333      -     -    0s
H    0     0                       0.0000000    0.08333      -     -    0s
H    0     0                       0.0000001    0.08333      -     -    0s
     0     0    0.07143    0   48    0.00000    0.07143      -     -    0s
     0     0    0.07143    0   53    0.00000    0.07143      -     -    0s
     0     0    0.07143    0   49    0.00000    0.07143      -     -    0s
     0     0    0.07143    0   51    0.00000    0.07143      -     -    0s
     0     0    0.07143    0   50    0.00000    0.07143      -     -    0s
     0     0    0.07143    0   50    0.00000    0.07143      -     -    0s
     0     2    0.07143    0   50    0.00000    0.07143      -     -    0s
*  725   656             111       0.0000002    0.06457      -  19.2    0s
H 1194   960                       0.0000003    0.06457      -  19.3    1s
* 1819  1268             100       0.0000003    0.06457      -  24.3    1s
H 3157  1838                       0.0000003    0.05282      -  25.9    2s
H 3205  1813                       0.0000004    0.05137      -  26.5    2s
* 4452  2849              81       0.0000005    0.05137      -  26.6    2s
* 6015  3841              96       0.0000005    0.04788      -  26.7    3s
H 8978  6178                       0.0000005    0.04436      -  28.5    4s
*10865  7464              84       0.0000005    0.04325      -  28.9    4s
 12209  8558    0.00124   46   57    0.00000    0.04287      -  29.5    5s
*17668 12064             110       0.0000006    0.04118      -  29.7    6s
*17676 12064             112       0.0000006    0.04118      -  29.7    6s
*17681 12035             110       0.0000006    0.04118      -  29.7    6s
H21005 14156                       0.0000006    0.04048      -  30.3    7s
H21011 14174                       0.0000008    0.04007      -  30.3    7s
 29671 20255    0.00000   89   23    0.00000    0.03858      -  30.5   10s
H33376 21868                       0.0000011    0.03790      -  30.2   10s
H33386 21869                       0.0000011    0.03789      -  30.2   11s
 47474 31830    0.01162   38   53    0.00000    0.03599      -  30.1   15s
 64988 42657    0.01823   33   53    0.00000    0.03463      -  30.3   20s
 84678 56057    0.00009   60   52    0.00000    0.03353      -  30.0   25s
 103611 68616    0.00452   37   55    0.00000    0.03262      -  30.1   30s
 126870 83686    0.00000   73   33    0.00000    0.03172      -  29.4   35s
 147675 98218    0.00000   64   39    0.00000    0.03123      -  29.4   40s
 167263 110197    0.00001   54   27    0.00000    0.03078      -  29.3   45s
 189440 123317    0.00000   80   39    0.00000    0.03027      -  29.0   50s
 212498 137504    0.00023   56   50    0.00000    0.02990      -  28.9   55s
 233559 150337    0.00352   44   51    0.00000    0.02950      -  28.8   60s
 254516 163583    0.00002   70   28    0.00000    0.02913      -  28.8   65s
 273169 174958    0.00000   77   44    0.00000    0.02882      -  28.7   70s
 295725 188527    0.00023   57   50    0.00000    0.02847      -  28.6   75s
 317456 201881    0.00307   45   51    0.00000    0.02817      -  28.5   80s
 338452 214702    0.00505   41   55    0.00000    0.02794      -  28.5   85s
 361534 228342    0.00181   45   44    0.00000    0.02765      -  28.5   90s

Cutting planes:
  Gomory: 11
  Implied bound: 35
  MIR: 10
  Flow cover: 51
  Inf proof: 2
  RLT: 89
  Relax-and-lift: 15
  BQP: 18

Explored 381851 nodes (10844667 simplex iterations) in 94.61 seconds (98.22 work units)
Thread count was 4 (of 4 available processors)

Solution count 10: 1.07218e-06 1.06857e-06 7.90942e-07 ... 4.73489e-07

Optimization achieved user objective limit
Best objective 1.072181543702e-06, best bound 2.742331694953e-02, gap 2557612.0881%
{"verdict": "PROVED", "status": "BOUND_REACHED", "runtime": 94.60672378540039, "objval": 1.0721815437017648e-06, "objbound": 0.027423316949532976, "binaries": 46}
