Set parameter NodefileStart to value 6
Read parameters from file gurobi.env
Restricted license - for non-production use only - expires 2027-11-29
Set parameter OutputFlag to value 1
Set parameter Threads to value 4
Set parameter TimeLimit to value 360
Set parameter MIPGap to value 5e-05
Set parameter MIPFocus to value 2
Set parameter NonConvex to value 2
Set parameter BestBdStop to value 2.7426211734693878e-02
Gurobi Optimizer version 13.0.3 build v13.0.3rc0 (linux64 - "Ubuntu 24.04.5 LTS")

CPU model: AMD EPYC 7763 64-Core Processor, instruction set [SSE2|AVX|AVX2]
Thread count: 2 physical cores, 4 logical processors, using up to 4 threads

Non-default parameters:
TimeLimit  360
BestBdStop  2.7426211734693878e-02
MIPGap  5e-05
MIPFocus  2
NodefileStart  6
NonConvex  2
Threads  4

Optimize a model with 141 rows, 111 columns and 810 nonzeros (Max)
Model fingerprint: 0x4d6031b1
Model has 1 linear objective coefficients
Model has 50 quadratic constraints
Variable types: 65 continuous, 46 integer (46 binary)
Coefficient statistics:
  Matrix range     [5e-01, 1e+00]
  QMatrix range    [1e+00, 1e+00]
  QLMatrix range   [1e+00, 1e+00]
  Objective range  [1e+00, 1e+00]
  Bounds range     [5e-01, 1e+00]
  RHS range        [1e+00, 1e+00]

Found heuristic solution: objective -0.0000000
Presolve time: 0.00s
Presolved: 341 rows, 112 columns, 1210 nonzeros
Presolved model has 50 bilinear constraint(s)

Solving non-convex MIQCP to global optimality

Variable types: 66 continuous, 46 integer (46 binary)
Root relaxation presolve removed 50 rows and 1 columns
Root relaxation presolved: 291 rows, 111 columns, 1160 nonzeros


Root relaxation: objective 8.333333e-02, 105 iterations, 0.00 seconds (0.00 work units)

    Nodes    |    Current Node    |     Objective Bounds      |     Work
 Expl Unexpl |  Obj  Depth IntInf | Incumbent    BestBd   Gap | It/Node Time

     0     0    0.08333    0   50   -0.00000    0.08333      -     -    0s
     0     0    0.08333    0   50   -0.00000    0.08333      -     -    0s
H    0     0                       0.0000000    0.08333      -     -    0s
     0     0    0.08333    0   58    0.00000    0.08333      -     -    0s
     0     0    0.08333    0   59    0.00000    0.08333      -     -    0s
     0     0    0.08333    0   40    0.00000    0.08333      -     -    0s
H    0     0                       0.0000000    0.08333      -     -    0s
     0     0    0.08333    0   48    0.00000    0.08333      -     -    0s
     0     0    0.08333    0   57    0.00000    0.08333      -     -    0s
     0     0    0.08333    0   48    0.00000    0.08333      -     -    0s
     0     0    0.08333    0   48    0.00000    0.08333      -     -    0s
     0     2    0.08333    0   48    0.00000    0.08333      -     -    0s
H   20    32                       0.0000000    0.08333      -  29.7    0s
H   76    92                       0.0000000    0.08333      -  31.2    0s
*  667   604             110       0.0000001    0.08333      -  27.1    0s
*  668   604             111       0.0000001    0.08333      -  27.1    0s
*  669   604             111       0.0000001    0.08333      -  27.0    0s
H  784   654                       0.0000005    0.08219      -  28.0    0s
* 1820  1330              95       0.0000008    0.08219      -  27.4    1s
* 1826  1282              96       0.0000009    0.08219      -  27.3    1s
H 2864  1655                       0.0000013    0.07108      -  31.0    2s
H 3565  1961                       0.0000013    0.07108      -  30.0    2s
 12024  7582    0.00000   50   43    0.00000    0.05953      -  29.8    5s
 31085 19524    0.00191   50   50    0.00000    0.05432      -  30.0   10s
 48741 31008    0.00002   67   50    0.00000    0.05254      -  31.1   15s
 67406 42445    0.00095   46   52    0.00000    0.05070      -  31.2   20s
 85807 54279    0.00399   33   39    0.00000    0.04962      -  31.5   25s
 104918 66283    0.04113   28   46    0.00000    0.04842      -  31.5   30s
 123786 78048    0.01712   36   51    0.00000    0.04756      -  31.7   35s
 141334 89263    0.04167   32   50    0.00000    0.04696      -  32.0   40s
 156845 98566    0.00006   64   49    0.00000    0.04640      -  31.9   45s
 176011 110750    0.00010   54   31    0.00000    0.04571      -  32.0   50s
 194448 122160    0.01533   34   52    0.00000    0.04508      -  31.9   55s
 212861 133770    0.00840   40   51    0.00000    0.04459      -  31.9   60s
 230540 144601    0.00037   61   50    0.00000    0.04416      -  32.0   65s
 250228 157075    0.01370   38   51    0.00000    0.04381      -  32.1   70s
 268910 169216    0.02624   28   59    0.00000    0.04348      -  32.1   75s
 281742 179589    0.01261   38   51    0.00000    0.04328      -  32.1   80s
 302468 189427    0.00004   76   54    0.00000    0.04297      -  32.1   85s
 322273 201466     cutoff   49         0.00000    0.04269      -  32.2   90s
 340535 212409    0.00439   43   46    0.00000    0.04243      -  32.2   95s
 358435 223290     cutoff   45         0.00000    0.04209      -  32.2  100s
 376212 234062    0.00332   50   50    0.00000    0.04179      -  32.2  105s
 396478 247524    0.00831   39   53    0.00000    0.04161      -  32.2  110s
H404287 251708                       0.0000013    0.04150      -  32.2  112s
 410434 255647    0.00001   63   51    0.00000    0.04143      -  32.2  115s
 427072 266769     cutoff   47         0.00000    0.04128      -  32.2  120s
 446389 278670    0.02173   37   50    0.00000    0.04111      -  32.2  125s
 461665 288322    0.02722   32   54    0.00000    0.04096      -  32.2  130s
 479412 298776    0.00488   52   51    0.00000    0.04076      -  32.2  135s
 497622 309961    0.00115   54   50    0.00000    0.04056      -  32.2  140s
 517676 322036    0.00273   37   37    0.00000    0.04034      -  32.2  145s
 534183 331405    0.00904   41   55    0.00000    0.04015      -  32.2  150s
 551401 341813    0.02166   37   50    0.00000    0.04000      -  32.2  155s
 569371 352952    0.00473   41   42    0.00000    0.03984      -  32.2  160s
 589692 365298    0.00845   50   48    0.00000    0.03966      -  32.2  165s
 608193 376638 infeasible   57         0.00000    0.03948      -  32.1  170s
 626268 387816    0.00333   54   50    0.00000    0.03933      -  32.1  175s
 644421 399137    0.03054   35   60    0.00000    0.03921      -  32.2  180s
 664516 410929     cutoff   48         0.00000    0.03905      -  32.1  185s
 680221 421029    0.00028   45   43    0.00000    0.03892      -  32.1  190s
 698567 432640    0.02181   33   53    0.00000    0.03878      -  32.1  195s
 716792 444771    0.02883   33   53    0.00000    0.03869      -  32.2  200s
 736084 457186    0.00022   67   50    0.00000    0.03858      -  32.2  205s
 755054 468855    0.00063   44   43    0.00000    0.03846      -  32.1  210s
 773018 479815    0.01415   39   52    0.00000    0.03834      -  32.1  215s
 789932 489416    0.00865   38   50    0.00000    0.03820      -  32.1  220s
 809338 501349    0.00069   49   50    0.00000    0.03808      -  32.1  225s
 827706 512141    0.00086   57   50    0.00000    0.03795      -  32.1  230s
 846394 523372    0.00000   66   35    0.00000    0.03785      -  32.1  235s
 864467 534178    0.00338   36   37    0.00000    0.03774      -  32.1  240s
 883076 545289     cutoff   69         0.00000    0.03762      -  32.1  245s
 902351 557081    0.01825   39   54    0.00000    0.03752      -  32.1  250s
 918197 567477    0.02772   32   54    0.00000    0.03745      -  32.1  255s
 936076 578400     cutoff   64         0.00000    0.03734      -  32.1  260s
 951959 588556    0.00130   56   43    0.00000    0.03726      -  32.1  265s
 972019 600460    0.00649   46   52    0.00000    0.03713      -  32.1  270s
 988794 610454    0.01112   37   50    0.00000    0.03703      -  32.1  275s
 1007078 622069    0.00648   41   50    0.00000    0.03694      -  32.1  280s
 1024869 633252    0.00004   68   50    0.00000    0.03687      -  32.1  285s
 1042389 644382    0.02267   33   50    0.00000    0.03680      -  32.1  290s
 1061091 655444    0.00012   54   43    0.00000    0.03671      -  32.1  295s
 1079840 666578    0.00193   45   50    0.00000    0.03662      -  32.1  300s
 1098360 677807    0.02874   35   52    0.00000    0.03652      -  32.1  305s
 1116898 688913    0.00611   47   50    0.00000    0.03644      -  32.1  310s
 1136907 700903    0.00000   60   40    0.00000    0.03634      -  32.1  315s
 1155888 712055     cutoff   36         0.00000    0.03626      -  32.0  320s
 1174500 723501    0.00000   97   39    0.00000    0.03617      -  32.0  325s
 1190591 733625     cutoff   89         0.00000    0.03611      -  32.0  330s
 1210205 745101    0.00004   64   52    0.00000    0.03601      -  32.0  335s
 1228685 756726    0.01490   39   43    0.00000    0.03595      -  32.0  340s
 1245873 767813    0.00035   42   50    0.00000    0.03587      -  32.1  345s
 1264144 778960    0.00024   65   44    0.00000    0.03580      -  32.1  350s
 1281811 790341    0.01184   35   56    0.00000    0.03577      -  32.1  355s
 1299149 801459    0.02410   36   54    0.00000    0.03571      -  32.0  360s

Cutting planes:
  Gomory: 17
  Implied bound: 28
  MIR: 14
  Mixing: 1
  Flow cover: 79
  Inf proof: 7
  RLT: 99
  Relax-and-lift: 19
  BQP: 29

Explored 1299541 nodes (41643507 simplex iterations) in 360.00 seconds (374.17 work units)
Thread count was 4 (of 4 available processors)

Solution count 10: 1.33895e-06 1.32743e-06 8.70128e-07 ... 4.68756e-10

Time limit reached
Best objective 1.338952821318e-06, best bound 3.571428571429e-02, gap 2667229.6583%
{"verdict": "UNRESOLVED", "status": "TIME_LIMIT", "runtime": 360.00262212753296, "objval": 1.3389528213179117e-06, "objbound": 0.035714285714285705, "binaries": 46}
