Set parameter NodefileStart to value 6
Read parameters from file gurobi.env
Restricted license - for non-production use only - expires 2027-11-29
Set parameter OutputFlag to value 1
Set parameter Threads to value 4
Set parameter TimeLimit to value 360
Set parameter MIPGap to value 5e-05
Set parameter MIPFocus to value 2
Set parameter NonConvex to value 2
Set parameter BestBdStop to value 2.7426211734693878e-02
Gurobi Optimizer version 13.0.3 build v13.0.3rc0 (linux64 - "Ubuntu 24.04.5 LTS")

CPU model: AMD EPYC 7763 64-Core Processor, instruction set [SSE2|AVX|AVX2]
Thread count: 2 physical cores, 4 logical processors, using up to 4 threads

Non-default parameters:
TimeLimit  360
BestBdStop  2.7426211734693878e-02
MIPGap  5e-05
MIPFocus  2
NodefileStart  6
NonConvex  2
Threads  4

Optimize a model with 129 rows, 99 columns and 714 nonzeros (Max)
Model fingerprint: 0xe5e4c74d
Model has 1 linear objective coefficients
Model has 50 quadratic constraints
Variable types: 65 continuous, 34 integer (34 binary)
Coefficient statistics:
  Matrix range     [5e-01, 1e+00]
  QMatrix range    [1e+00, 1e+00]
  QLMatrix range   [1e+00, 1e+00]
  Objective range  [1e+00, 1e+00]
  Bounds range     [5e-01, 1e+00]
  RHS range        [1e+00, 1e+00]

Found heuristic solution: objective -0.0000000
Presolve time: 0.00s
Presolved: 329 rows, 100 columns, 1114 nonzeros
Presolved model has 50 bilinear constraint(s)

Solving non-convex MIQCP to global optimality

Variable types: 66 continuous, 34 integer (34 binary)
Root relaxation presolve removed 50 rows and 1 columns
Root relaxation presolved: 279 rows, 99 columns, 1064 nonzeros


Root relaxation: objective 1.250000e-01, 121 iterations, 0.00 seconds (0.00 work units)

    Nodes    |    Current Node    |     Objective Bounds      |     Work
 Expl Unexpl |  Obj  Depth IntInf | Incumbent    BestBd   Gap | It/Node Time

     0     0    0.12500    0   56   -0.00000    0.12500      -     -    0s
     0     0    0.10000    0   48   -0.00000    0.10000      -     -    0s
     0     0    0.08333    0   39   -0.00000    0.08333      -     -    0s
     0     0    0.08333    0   47   -0.00000    0.08333      -     -    0s
     0     0    0.08333    0   57   -0.00000    0.08333      -     -    0s
     0     0    0.08333    0   57   -0.00000    0.08333      -     -    0s
     0     0    0.08333    0   56   -0.00000    0.08333      -     -    0s
     0     0    0.08333    0   56   -0.00000    0.08333      -     -    0s
     0     2    0.08333    0   56   -0.00000    0.08333      -     -    0s
*  730   636             100       0.0000001    0.08019      -  25.3    0s
*  735   634             102       0.0000001    0.08019      -  25.1    0s
H 1219   962                       0.0000003    0.07692      -  24.1    1s
H 1233   922                       0.0000005    0.03832      -  23.8    1s
* 3799  2135              87       0.0000006    0.03584      -  26.6    2s
H 4537  2520                       0.0000007    0.03584      -  26.3    2s
H 6424  3798                       0.0000009    0.03584      -  26.5    3s
 13068  8666    0.00046   51   50    0.00000    0.03040      -  28.2    5s
H19409 12236                       0.0000009    0.02808      -  27.4    6s
H19596 12436                       0.0000009    0.02808      -  27.4    6s

Cutting planes:
  Gomory: 3
  MIR: 1
  Flow cover: 13
  RLT: 50
  BQP: 5

Explored 22972 nodes (630836 simplex iterations) in 7.96 seconds (7.00 work units)
Thread count was 4 (of 4 available processors)

Solution count 8: 9.33054e-07 9.02935e-07 8.50543e-07 ... -0

Optimization achieved user objective limit
Best objective 9.330536507313e-07, best bound 2.731766184121e-02, gap -
{"verdict": "PROVED", "status": "BOUND_REACHED", "runtime": 7.961022138595581, "objval": 9.330536507312639e-07, "objbound": 0.027317661841211833, "binaries": 34}
