Set parameter NodefileStart to value 6
Read parameters from file gurobi.env
Restricted license - for non-production use only - expires 2027-11-29
Set parameter OutputFlag to value 1
Set parameter Threads to value 4
Set parameter TimeLimit to value 360
Set parameter MIPGap to value 5e-05
Set parameter MIPFocus to value 2
Set parameter NonConvex to value 2
Set parameter BestBdStop to value 2.7426211734693878e-02
Gurobi Optimizer version 13.0.3 build v13.0.3rc0 (linux64 - "Ubuntu 24.04.5 LTS")

CPU model: AMD EPYC 9V74 80-Core Processor, instruction set [SSE2|AVX|AVX2|AVX512]
Thread count: 2 physical cores, 4 logical processors, using up to 4 threads

Non-default parameters:
TimeLimit  360
BestBdStop  2.7426211734693878e-02
MIPGap  5e-05
MIPFocus  2
NodefileStart  6
NonConvex  2
Threads  4

Optimize a model with 145 rows, 115 columns and 846 nonzeros (Max)
Model fingerprint: 0xeafb447f
Model has 1 linear objective coefficients
Model has 50 quadratic constraints
Variable types: 65 continuous, 50 integer (50 binary)
Coefficient statistics:
  Matrix range     [5e-01, 1e+00]
  QMatrix range    [1e+00, 1e+00]
  QLMatrix range   [1e+00, 1e+00]
  Objective range  [1e+00, 1e+00]
  Bounds range     [5e-01, 1e+00]
  RHS range        [1e+00, 1e+00]

Found heuristic solution: objective -0.0000000
Presolve time: 0.00s
Presolved: 345 rows, 116 columns, 1246 nonzeros
Presolved model has 50 bilinear constraint(s)

Solving non-convex MIQCP to global optimality

Variable types: 66 continuous, 50 integer (50 binary)
Root relaxation presolve removed 50 rows and 1 columns
Root relaxation presolved: 295 rows, 115 columns, 1196 nonzeros


Root relaxation: objective 8.333333e-02, 125 iterations, 0.00 seconds (0.00 work units)

    Nodes    |    Current Node    |     Objective Bounds      |     Work
 Expl Unexpl |  Obj  Depth IntInf | Incumbent    BestBd   Gap | It/Node Time

     0     0    0.08333    0   40   -0.00000    0.08333      -     -    0s
     0     0    0.08333    0   44   -0.00000    0.08333      -     -    0s
     0     0    0.08333    0   41   -0.00000    0.08333      -     -    0s
     0     0    0.08333    0   26   -0.00000    0.08333      -     -    0s
H    0     0                       0.0000000    0.08333      -     -    0s
     0     0    0.07143    0   26    0.00000    0.07143      -     -    0s
     0     2    0.07143    0   26    0.00000    0.07143      -     -    0s
*  420   428              64       0.0000001    0.06667      -  15.1    0s
*  919   805              89       0.0000002    0.06667      -  18.0    0s
H 1230  1007                       0.0000002    0.04383      -  22.0    1s
H 1318  1020                       0.0000003    0.04383      -  21.9    1s
H 1428  1057                       0.0000005    0.04383      -  21.0    1s
H 1685  1118                       0.0076115    0.04383   476%  19.3    1s
H 1837  1019                       0.0076117    0.04383   476%  18.6    1s
H 1861  1028                       0.0076118    0.04383   476%  19.0    1s
* 1904   966             104       0.0077942    0.04383   462%  19.0    1s
* 1909   928             106       0.0077944    0.04383   462%  18.9    1s
* 1910   893             106       0.0077944    0.04383   462%  18.9    1s
H 3088  1206                       0.0086253    0.04383   408%  29.7    2s
H 3365  1397                       0.0086253    0.04383   408%  29.5    2s
H 7045  2854                       0.0089310    0.04383   391%  34.0    3s
H 8714  3406                       0.0089312    0.04383   391%  34.7    3s
H11054  4255                       0.0096014    0.04307   349%  36.4    4s
 12134  4672    0.02331   25   58    0.00960    0.04270   345%  36.2    5s
*19672  7266             116       0.0098441    0.04040   310%  36.3    6s
*19675  7259             116       0.0098470    0.04040   310%  36.3    6s
*19676  7251             115       0.0098583    0.04040   310%  36.3    6s
H20050  7181                       0.0100783    0.04034   300%  36.3    7s
H21908  7519                       0.0104957    0.04000   281%  36.5    7s
 30391 10656    0.01304   46   37    0.01050    0.03885   270%  36.2   10s
H43748 14750                       0.0106793    0.03736   250%  36.1   13s
 49170 17038    0.01126   37   27    0.01068    0.03696   246%  35.6   15s
H59685 20324                       0.0106794    0.03621   239%  35.0   17s
 70321 24111    0.01316   30   49    0.01068    0.03542   232%  34.5   20s
 91404 30374    0.02859   31   59    0.01068    0.03432   221%  34.4   25s
 110487 35956     cutoff   29         0.01068    0.03365   215%  34.2   30s
 133526 42752    0.01841   30   51    0.01068    0.03287   208%  34.0   35s
H134520 41411                       0.0111981    0.03285   193%  34.0   35s
H136109 41762                       0.0111981    0.03281   193%  34.0   35s
 153299 46512    0.01463   34   51    0.01120    0.03238   189%  33.8   40s
H159495 46703                       0.0116857    0.03223   176%  33.8   41s
H160360 46955                       0.0116857    0.03222   176%  33.8   41s
 174349 51036    0.01297   35   54    0.01169    0.03189   173%  33.7   45s
 197740 56996    0.02160   40   38    0.01169    0.03146   169%  33.6   50s
 220627 63172     cutoff   40         0.01169    0.03106   166%  33.5   55s
 244286 69720     cutoff   35         0.01169    0.03072   163%  33.3   60s
 263346 74526     cutoff   43         0.01169    0.03048   161%  33.3   65s
 286688 81041    0.01218   36   54    0.01169    0.03024   159%  33.1   70s
 310274 86875    0.02233   32   50    0.01169    0.02999   157%  33.0   75s
 332665 92601    0.01939   31   56    0.01169    0.02978   155%  33.0   80s
 351816 97772    0.02463   32   53    0.01169    0.02963   154%  32.9   85s
 375222 103665    0.02703   28   52    0.01169    0.02944   152%  32.8   90s
 398621 109451     cutoff   43         0.01169    0.02929   151%  32.7   95s
 420881 114812 infeasible   42         0.01169    0.02913   149%  32.7  100s
H438607 115968                       0.0121051    0.02900   140%  32.7  104s
H438710 115968                       0.0121051    0.02900   140%  32.7  104s
 440059 116299    0.01272   34   52    0.01211    0.02899   140%  32.6  105s
 461723 121221    0.01491   33   50    0.01211    0.02885   138%  32.6  110s
H467770 114710                       0.0130479    0.02881   121%  32.6  111s
H468822 114867                       0.0130480    0.02880   121%  32.6  111s
H470282 115081                       0.0130480    0.02880   121%  32.5  112s
 480758 117198     cutoff   36         0.01305    0.02872   120%  32.5  115s
 504556 121792     cutoff   41         0.01305    0.02853   119%  32.4  120s
 527338 125831    0.01671   41   51    0.01305    0.02838   118%  32.3  125s
 550635 130996     cutoff   35         0.01305    0.02824   116%  32.3  130s
 574264 135441     cutoff   33         0.01305    0.02810   115%  32.2  135s
 594395 138900     cutoff   33         0.01305    0.02799   114%  32.1  140s
 618462 143246     cutoff   41         0.01305    0.02786   114%  32.0  145s
 642740 147428    0.01527   39   49    0.01305    0.02774   113%  32.0  150s
 666330 151725     cutoff   34         0.01305    0.02761   112%  31.9  155s
 689702 156354    0.02740   30   62    0.01305    0.02749   111%  31.9  160s

Cutting planes:
  Gomory: 40
  Implied bound: 41
  MIR: 12
  Flow cover: 93
  Inf proof: 24
  RLT: 101
  Relax-and-lift: 13
  BQP: 17

Explored 702628 nodes (22373400 simplex iterations) in 162.69 seconds (210.12 work units)
Thread count was 4 (of 4 available processors)

Solution count 10: 0.013048 0.0121051 0.0116857 ... 0.00984406

Optimization achieved user objective limit
Best objective 1.304795634280e-02, best bound 2.742565495816e-02, gap 110.1912%
{"verdict": "PROVED", "status": "BOUND_REACHED", "runtime": 162.69414401054382, "objval": 0.013047956342797729, "objbound": 0.027425654958162463, "binaries": 50}
