Set parameter NodefileStart to value 6
Read parameters from file gurobi.env
Restricted license - for non-production use only - expires 2027-11-29
Set parameter OutputFlag to value 1
Set parameter Threads to value 4
Set parameter TimeLimit to value 360
Set parameter MIPGap to value 5e-05
Set parameter MIPFocus to value 2
Set parameter NonConvex to value 2
Set parameter BestBdStop to value 2.7426211734693878e-02
Gurobi Optimizer version 13.0.3 build v13.0.3rc0 (linux64 - "Ubuntu 24.04.5 LTS")

CPU model: AMD EPYC 7763 64-Core Processor, instruction set [SSE2|AVX|AVX2]
Thread count: 2 physical cores, 4 logical processors, using up to 4 threads

Non-default parameters:
TimeLimit  360
BestBdStop  2.7426211734693878e-02
MIPGap  5e-05
MIPFocus  2
NodefileStart  6
NonConvex  2
Threads  4

Optimize a model with 141 rows, 111 columns and 810 nonzeros (Max)
Model fingerprint: 0x3109ebc2
Model has 1 linear objective coefficients
Model has 50 quadratic constraints
Variable types: 65 continuous, 46 integer (46 binary)
Coefficient statistics:
  Matrix range     [5e-01, 1e+00]
  QMatrix range    [1e+00, 1e+00]
  QLMatrix range   [1e+00, 1e+00]
  Objective range  [1e+00, 1e+00]
  Bounds range     [5e-01, 1e+00]
  RHS range        [1e+00, 1e+00]

Found heuristic solution: objective -0.0000000
Presolve time: 0.00s
Presolved: 341 rows, 112 columns, 1210 nonzeros
Presolved model has 50 bilinear constraint(s)

Solving non-convex MIQCP to global optimality

Variable types: 66 continuous, 46 integer (46 binary)
Root relaxation presolve removed 50 rows and 1 columns
Root relaxation presolved: 291 rows, 111 columns, 1160 nonzeros


Root relaxation: objective 8.333333e-02, 104 iterations, 0.00 seconds (0.00 work units)

    Nodes    |    Current Node    |     Objective Bounds      |     Work
 Expl Unexpl |  Obj  Depth IntInf | Incumbent    BestBd   Gap | It/Node Time

     0     0    0.08333    0   49   -0.00000    0.08333      -     -    0s
H    0     0                       0.0000000    0.08333      -     -    0s
     0     0    0.07143    0   60    0.00000    0.07143      -     -    0s
     0     0    0.07143    0   73    0.00000    0.07143      -     -    0s
     0     0    0.07143    0   75    0.00000    0.07143      -     -    0s
     0     0    0.07143    0   51    0.00000    0.07143      -     -    0s
H    0     0                       0.0000000    0.07143      -     -    0s
     0     0    0.07143    0   61    0.00000    0.07143      -     -    0s
     0     0    0.07143    0   42    0.00000    0.07143      -     -    0s
     0     0    0.07143    0   38    0.00000    0.07143      -     -    0s
     0     0    0.07143    0   39    0.00000    0.07143      -     -    0s
     0     0    0.07143    0   37    0.00000    0.07143      -     -    0s
     0     0    0.07143    0   37    0.00000    0.07143      -     -    0s
     0     2    0.07143    0   37    0.00000    0.07143      -     -    0s
H  116   135                       0.0000000    0.07143      -  24.1    0s
H  171   195                       0.0000000    0.07143      -  26.8    0s
*  752   683             106       0.0000005    0.07143      -  25.8    0s
*  753   683             106       0.0000005    0.07143      -  25.8    0s
H 1124   951                       0.0000005    0.07143      -  26.8    1s
* 8201  5451             100       0.0000006    0.05346      -  33.5    4s
* 8433  5713             103       0.0000006    0.05319      -  33.6    4s
  9626  6690    0.00380   29   41    0.00000    0.05158      -  32.7    5s
 23013 16943    0.00006   50   22    0.00000    0.04698      -  31.6   10s
*26277 18875              58       0.0000006    0.04637      -  31.5   11s
 39679 28861    0.02840   27   54    0.00000    0.04462      -  32.0   15s
H47115 33661                       0.0000006    0.04359      -  31.4   16s
H55696 39506                       0.0000007    0.04291      -  31.5   19s
 59338 41772    0.03392   32   56    0.00000    0.04257      -  31.6   20s
 78080 53884    0.00257   47   53    0.00000    0.04143      -  31.1   25s
H88635 60532                       0.0000008    0.04122      -  31.2   27s
 97867 66186    0.01169   24   52    0.00000    0.04087      -  31.0   30s
 117470 79870     cutoff   32         0.00000    0.04044      -  30.9   35s
 138043 93377    0.00153   53   47    0.00000    0.03973      -  30.8   40s
*146295 96372              94       0.0000012    0.03957      -  30.7   42s
H147115 96862                       0.0000012    0.03957      -  30.7   42s
H148538 96987                       0.0000013    0.03955      -  30.6   42s
 152287 100006    0.00012   66   33    0.00000    0.03943      -  30.7   45s
 172074 113220    0.00000   77   17    0.00000    0.03908      -  30.8   50s
 191818 126121    0.00087   46   44    0.00000    0.03871      -  30.8   55s
 210771 138898    0.01284   38   51    0.00000    0.03847      -  30.9   60s
 229511 151245     cutoff   67         0.00000    0.03818      -  31.1   65s
 250642 166493    0.00974   39   51    0.00000    0.03794      -  31.0   70s
 270306 179420    0.02455   37   54    0.00000    0.03766      -  31.0   75s
 289677 192590     cutoff   93         0.00000    0.03749      -  31.1   80s
 308827 206069    0.00001   96   30    0.00000    0.03736      -  31.1   85s
 326359 217822    0.00041   58   44    0.00000    0.03721      -  31.0   90s
 347305 231044    0.03468   29   52    0.00000    0.03704      -  31.0   95s
 366972 243798    0.01507   35   52    0.00000    0.03687      -  31.0  100s
 384172 255409    0.00282   43   22    0.00000    0.03672      -  31.0  105s
 404536 269257     cutoff   94         0.00000    0.03655      -  31.1  110s
 421814 280632    0.00056   64   51    0.00000    0.03643      -  31.1  115s
 438594 291439    0.00964   36   60    0.00000    0.03628      -  31.0  120s
 457120 303848     cutoff   38         0.00000    0.03616      -  31.0  125s
 474254 315043    0.00000   56   36    0.00000    0.03605      -  31.0  130s
 492189 326748     cutoff   58         0.00000    0.03593      -  31.0  135s
 508309 338851    0.00191   39   32    0.00000    0.03581      -  31.0  140s
 531560 351954    0.02830   37   61    0.00000    0.03568      -  31.0  145s
 550455 363962    0.00505   48   50    0.00000    0.03553      -  31.1  150s
 570050 376591    0.00000   74   37    0.00000    0.03542      -  31.1  155s
 589913 389478    0.00002   59   39    0.00000    0.03532      -  31.1  160s
 607966 400823     cutoff   56         0.00000    0.03525      -  31.0  165s
 627216 412884    0.01068   39   57    0.00000    0.03515      -  31.1  170s
 645842 424592    0.00001   84   51    0.00000    0.03508      -  31.1  175s
 667127 437538    0.00282   47   51    0.00000    0.03497      -  31.1  180s
 686340 449863    0.01809   38   50    0.00000    0.03489      -  31.1  185s
 705813 462052    0.00000  103   32    0.00000    0.03481      -  31.1  190s
 724780 475067    0.00290   50   44    0.00000    0.03475      -  31.2  195s
 745603 488417    0.01271   41   50    0.00000    0.03468      -  31.2  200s
 761993 498516    0.00000   63   36    0.00000    0.03461      -  31.2  205s
 781009 510332    0.00388   47   50    0.00000    0.03454      -  31.2  210s
 800950 523321    0.00018   61   25    0.00000    0.03448      -  31.2  215s
 821756 536047    0.00148   43   36    0.00000    0.03440      -  31.2  220s
 840095 547992    0.02952   36   51    0.00000    0.03433      -  31.2  225s
 859596 561143    0.00000   64   35    0.00000    0.03428      -  31.2  230s
 879407 573268    0.00021   60   56    0.00000    0.03422      -  31.2  235s
 894802 583575    0.00081   45   43    0.00000    0.03417      -  31.2  240s
 914019 595825    0.01921   42   53    0.00000    0.03412      -  31.2  245s
 931135 606467    0.00457   45   53    0.00000    0.03406      -  31.2  250s
 951120 619632    0.00256   49   50    0.00000    0.03402      -  31.2  255s
 968068 630949     cutoff   46         0.00000    0.03398      -  31.2  260s
 987121 644264    0.00060   48   37    0.00000    0.03393      -  31.2  265s
 1007500 657908    0.01168   45   46    0.00000    0.03387      -  31.2  270s
 1023807 668674    0.00005   76   49    0.00000    0.03382      -  31.3  275s
 1043156 680306    0.02772   30   48    0.00000    0.03377      -  31.2  280s
 1062259 692543    0.03244   34   47    0.00000    0.03371      -  31.2  285s
 1082942 704798    0.00037   66   45    0.00000    0.03365      -  31.2  290s
 1101792 716967    0.00917   47   45    0.00000    0.03361      -  31.2  295s
 1120151 729140    0.00069   60   50    0.00000    0.03357      -  31.2  300s
 1139538 741610    0.01085   35   51    0.00000    0.03353      -  31.3  305s
 1159472 754549    0.00425   48   27    0.00000    0.03348      -  31.3  310s
 1176797 765114    0.00000   95   25    0.00000    0.03343      -  31.3  315s
 1196409 778693    0.00000   92   20    0.00000    0.03339      -  31.3  320s
 1214964 790556     cutoff   47         0.00000    0.03335      -  31.3  325s
 1233948 803215    0.00017   66   43    0.00000    0.03331      -  31.3  330s
 1254237 816536    0.01004   44   51    0.00000    0.03327      -  31.3  335s
 1272164 827649    0.01412   47   52    0.00000    0.03323      -  31.3  340s
 1291329 839415    0.00029   67   50    0.00000    0.03319      -  31.3  345s
 1310556 851690    0.00391   48   45    0.00000    0.03314      -  31.3  350s
 1328959 863567    0.00435   51   36    0.00000    0.03312      -  31.3  355s
 1347063 874718    0.00625   43   53    0.00000    0.03308      -  31.3  360s

Cutting planes:
  Gomory: 5
  Implied bound: 10
  MIR: 9
  Flow cover: 34
  RLT: 111
  Relax-and-lift: 12
  BQP: 23

Explored 1347364 nodes (42114044 simplex iterations) in 360.00 seconds (361.70 work units)
Thread count was 4 (of 4 available processors)

Solution count 10: 1.31148e-06 1.16703e-06 7.54975e-07 ... 4.81234e-07

Time limit reached
Best objective 1.311481612226e-06, best bound 3.307477015154e-02, gap 2521839.2970%
{"verdict": "UNRESOLVED", "status": "TIME_LIMIT", "runtime": 360.00368785858154, "objval": 1.3114816122261619e-06, "objbound": 0.03307477015153752, "binaries": 46}
