Set parameter NodefileStart to value 6
Read parameters from file gurobi.env
Restricted license - for non-production use only - expires 2027-11-29
Set parameter OutputFlag to value 1
Set parameter Threads to value 4
Set parameter TimeLimit to value 360
Set parameter MIPGap to value 5e-05
Set parameter MIPFocus to value 2
Set parameter NonConvex to value 2
Set parameter BestBdStop to value 2.7426211734693878e-02
Gurobi Optimizer version 13.0.3 build v13.0.3rc0 (linux64 - "Ubuntu 24.04.5 LTS")

CPU model: AMD EPYC 7763 64-Core Processor, instruction set [SSE2|AVX|AVX2]
Thread count: 2 physical cores, 4 logical processors, using up to 4 threads

Non-default parameters:
TimeLimit  360
BestBdStop  2.7426211734693878e-02
MIPGap  5e-05
MIPFocus  2
NodefileStart  6
NonConvex  2
Threads  4

Optimize a model with 133 rows, 103 columns and 742 nonzeros (Max)
Model fingerprint: 0xce2436c7
Model has 1 linear objective coefficients
Model has 50 quadratic constraints
Variable types: 65 continuous, 38 integer (38 binary)
Coefficient statistics:
  Matrix range     [5e-01, 1e+00]
  QMatrix range    [1e+00, 1e+00]
  QLMatrix range   [1e+00, 1e+00]
  Objective range  [1e+00, 1e+00]
  Bounds range     [5e-01, 1e+00]
  RHS range        [1e+00, 1e+00]

Found heuristic solution: objective -0.0000000
Presolve time: 0.00s
Presolved: 333 rows, 104 columns, 1142 nonzeros
Presolved model has 50 bilinear constraint(s)

Solving non-convex MIQCP to global optimality

Variable types: 66 continuous, 38 integer (38 binary)
Root relaxation presolve removed 66 rows and 9 columns
Root relaxation presolved: 267 rows, 95 columns, 996 nonzeros


Root relaxation: objective 1.000000e-01, 112 iterations, 0.00 seconds (0.00 work units)

    Nodes    |    Current Node    |     Objective Bounds      |     Work
 Expl Unexpl |  Obj  Depth IntInf | Incumbent    BestBd   Gap | It/Node Time

     0     0    0.10000    0   55   -0.00000    0.10000      -     -    0s
     0     0    0.07143    0   57   -0.00000    0.07143      -     -    0s
     0     0    0.05556    0   49   -0.00000    0.05556      -     -    0s
     0     0    0.05556    0   49   -0.00000    0.05556      -     -    0s
     0     0    0.05556    0   48   -0.00000    0.05556      -     -    0s
     0     0    0.05556    0   48   -0.00000    0.05556      -     -    0s
     0     0    0.05556    0   47   -0.00000    0.05556      -     -    0s
     0     0    0.05556    0   48   -0.00000    0.05556      -     -    0s
     0     0    0.05556    0   48   -0.00000    0.05556      -     -    0s
     0     0    0.05556    0   51   -0.00000    0.05556      -     -    0s
     0     0    0.05556    0   51   -0.00000    0.05556      -     -    0s
     0     0    0.05556    0   51   -0.00000    0.05556      -     -    0s
     0     2    0.05556    0   51   -0.00000    0.05556      -     -    0s
H  127   133                       0.0000000    0.05556      -  15.6    0s
H  317   316                       0.0000002    0.05556      -  20.1    0s
H 1178   967                       0.0000003    0.05092      -  20.8    1s
H 2493  1466                       0.0000005    0.02795      -  27.3    2s

Cutting planes:
  Gomory: 4
  MIR: 2
  Flow cover: 3
  RLT: 29
  BQP: 3

Explored 2547 nodes (70822 simplex iterations) in 2.25 seconds (1.56 work units)
Thread count was 4 (of 4 available processors)

Solution count 5: 4.56967e-07 3.29989e-07 1.57371e-07 ... -0

Optimization achieved user objective limit
Best objective 4.569671027133e-07, best bound 2.661910318626e-02, gap -
{"verdict": "PROVED", "status": "BOUND_REACHED", "runtime": 2.2505691051483154, "objval": 4.5696710271325724e-07, "objbound": 0.026619103186264273, "binaries": 38}
