Set parameter NodefileStart to value 6
Read parameters from file gurobi.env
Restricted license - for non-production use only - expires 2027-11-29
Set parameter OutputFlag to value 1
Set parameter Threads to value 4
Set parameter TimeLimit to value 360
Set parameter MIPGap to value 5e-05
Set parameter MIPFocus to value 2
Set parameter NonConvex to value 2
Set parameter BestBdStop to value 2.7426211734693878e-02
Gurobi Optimizer version 13.0.3 build v13.0.3rc0 (linux64 - "Ubuntu 24.04.5 LTS")

CPU model: AMD EPYC 7763 64-Core Processor, instruction set [SSE2|AVX|AVX2]
Thread count: 2 physical cores, 4 logical processors, using up to 4 threads

Non-default parameters:
TimeLimit  360
BestBdStop  2.7426211734693878e-02
MIPGap  5e-05
MIPFocus  2
NodefileStart  6
NonConvex  2
Threads  4

Optimize a model with 125 rows, 95 columns and 686 nonzeros (Max)
Model fingerprint: 0xd344e311
Model has 1 linear objective coefficients
Model has 50 quadratic constraints
Variable types: 65 continuous, 30 integer (30 binary)
Coefficient statistics:
  Matrix range     [5e-01, 1e+00]
  QMatrix range    [1e+00, 1e+00]
  QLMatrix range   [1e+00, 1e+00]
  Objective range  [1e+00, 1e+00]
  Bounds range     [5e-01, 1e+00]
  RHS range        [1e+00, 1e+00]

Found heuristic solution: objective -0.0000000
Presolve time: 0.00s
Presolved: 325 rows, 96 columns, 1086 nonzeros
Presolved model has 50 bilinear constraint(s)

Solving non-convex MIQCP to global optimality

Variable types: 66 continuous, 30 integer (30 binary)
Root relaxation presolve removed 50 rows and 1 columns
Root relaxation presolved: 275 rows, 95 columns, 1036 nonzeros


Root relaxation: objective 8.333333e-02, 96 iterations, 0.00 seconds (0.00 work units)

    Nodes    |    Current Node    |     Objective Bounds      |     Work
 Expl Unexpl |  Obj  Depth IntInf | Incumbent    BestBd   Gap | It/Node Time

     0     0    0.08333    0   50   -0.00000    0.08333      -     -    0s
     0     0    0.07692    0   51   -0.00000    0.07692      -     -    0s
     0     0    0.07143    0   54   -0.00000    0.07143      -     -    0s
     0     0    0.06818    0   56   -0.00000    0.06818      -     -    0s
     0     0    0.06818    0   56   -0.00000    0.06818      -     -    0s
     0     0    0.06667    0   52   -0.00000    0.06667      -     -    0s
     0     0    0.06667    0   52   -0.00000    0.06667      -     -    0s
     0     0    0.06667    0   52   -0.00000    0.06667      -     -    0s
     0     0    0.06667    0   52   -0.00000    0.06667      -     -    0s
H    0     0                       0.0000000    0.06667      -     -    0s
     0     2    0.06667    0   52    0.00000    0.06667      -     -    0s
H  309   315                       0.0000000    0.06667      -  31.8    0s
* 1843  1351              96       0.0000004    0.06452      -  33.7    1s
* 1849  1300              98       0.0000004    0.06452      -  33.6    1s
* 1861  1294             104       0.0000004    0.06452      -  33.5    1s
* 1875  1246             105       0.0000005    0.06452      -  33.4    1s
H 2950  1661                       0.0000006    0.05148      -  32.8    2s
H 4646  2769                       0.0000006    0.04581      -  33.9    2s
 13044  8651    0.00000   60    9    0.00000    0.03698      -  31.5    5s
H17831 11685                       0.0000007    0.03606      -  30.8    6s
 35068 23626    0.00000   55   24    0.00000    0.03346      -  29.6   10s
 58868 38794    0.01079   29   43    0.00000    0.03165      -  28.6   15s
H64722 41983                       0.0000007    0.03129      -  28.7   16s
H67698 43577                       0.0000008    0.03111      -  28.6   17s
 78888 50477    0.01504   35   50    0.00000    0.03065      -  28.6   20s
H99643 63186                       0.0000008    0.02992      -  28.1   23s
 102974 65554    0.01292   34   44    0.00000    0.02981      -  28.1   25s
 126823 81041     cutoff   38         0.00000    0.02928      -  28.0   30s
 151967 97058    0.00425   35   43    0.00000    0.02879      -  28.0   35s
H169914 108294                       0.0000008    0.02847      -  28.2   39s
 172831 109905    0.00043   36   43    0.00000    0.02842      -  28.1   40s
H194553 122955                       0.0000009    0.02801      -  28.3   44s
 194694 123324    0.00002   73   36    0.00000    0.02801      -  28.3   45s
 217524 137464    0.00001   76   42    0.00000    0.02768      -  28.3   50s

Cutting planes:
  Gomory: 9
  Flow cover: 1
  RLT: 45
  Relax-and-lift: 1
  BQP: 6

Explored 238392 nodes (6748567 simplex iterations) in 54.39 seconds (53.15 work units)
Thread count was 4 (of 4 available processors)

Solution count 10: 8.95454e-07 7.91401e-07 7.40996e-07 ... 3.77148e-07

Optimization achieved user objective limit
Best objective 8.954543088991e-07, best bound 2.742085737792e-02, gap -
{"verdict": "PROVED", "status": "BOUND_REACHED", "runtime": 54.38834810256958, "objval": 8.95454308899146e-07, "objbound": 0.027420857377916816, "binaries": 30}
