Set parameter NodefileStart to value 6
Read parameters from file gurobi.env
Restricted license - for non-production use only - expires 2027-11-29
Set parameter OutputFlag to value 1
Set parameter Threads to value 4
Set parameter TimeLimit to value 360
Set parameter MIPGap to value 5e-05
Set parameter MIPFocus to value 2
Set parameter NonConvex to value 2
Set parameter BestBdStop to value 2.7426211734693878e-02
Gurobi Optimizer version 13.0.3 build v13.0.3rc0 (linux64 - "Ubuntu 24.04.5 LTS")

CPU model: AMD EPYC 9V74 80-Core Processor, instruction set [SSE2|AVX|AVX2]
Thread count: 2 physical cores, 4 logical processors, using up to 4 threads

Non-default parameters:
TimeLimit  360
BestBdStop  2.7426211734693878e-02
MIPGap  5e-05
MIPFocus  2
NodefileStart  6
NonConvex  2
Threads  4

Optimize a model with 145 rows, 115 columns and 846 nonzeros (Max)
Model fingerprint: 0xb00f9567
Model has 1 linear objective coefficients
Model has 50 quadratic constraints
Variable types: 65 continuous, 50 integer (50 binary)
Coefficient statistics:
  Matrix range     [5e-01, 1e+00]
  QMatrix range    [1e+00, 1e+00]
  QLMatrix range   [1e+00, 1e+00]
  Objective range  [1e+00, 1e+00]
  Bounds range     [5e-01, 1e+00]
  RHS range        [1e+00, 1e+00]

Found heuristic solution: objective -0.0000000
Presolve time: 0.00s
Presolved: 345 rows, 116 columns, 1246 nonzeros
Presolved model has 50 bilinear constraint(s)

Solving non-convex MIQCP to global optimality

Variable types: 66 continuous, 50 integer (50 binary)
Root relaxation presolve removed 50 rows and 1 columns
Root relaxation presolved: 295 rows, 115 columns, 1196 nonzeros


Root relaxation: objective 8.333333e-02, 130 iterations, 0.00 seconds (0.00 work units)

    Nodes    |    Current Node    |     Objective Bounds      |     Work
 Expl Unexpl |  Obj  Depth IntInf | Incumbent    BestBd   Gap | It/Node Time

     0     0    0.08333    0   46   -0.00000    0.08333      -     -    0s
     0     0    0.07407    0   76   -0.00000    0.07407      -     -    0s
     0     0    0.06250    0   68   -0.00000    0.06250      -     -    0s
     0     0    0.06250    0   68   -0.00000    0.06250      -     -    0s
     0     0    0.06250    0   62   -0.00000    0.06250      -     -    0s
     0     0    0.06250    0   51   -0.00000    0.06250      -     -    0s
     0     0    0.06250    0   64   -0.00000    0.06250      -     -    0s
     0     0    0.06250    0   50   -0.00000    0.06250      -     -    0s
     0     0    0.06250    0   57   -0.00000    0.06250      -     -    0s
     0     0    0.06250    0   56   -0.00000    0.06250      -     -    0s
     0     0    0.06250    0   62   -0.00000    0.06250      -     -    0s
     0     0    0.06250    0   60   -0.00000    0.06250      -     -    0s
     0     0    0.06250    0   40   -0.00000    0.06250      -     -    0s
     0     0    0.06250    0   40   -0.00000    0.06250      -     -    0s
     0     2    0.06250    0   40   -0.00000    0.06250      -     -    0s
*  526   553              76       0.0000000    0.06250      -  15.9    0s
H  697   683                       0.0000004    0.06250      -  14.5    0s
H 1765  1322                       0.0013188    0.04979  3676%  17.9    1s
H 1853  1275                       0.0017842    0.04979  2691%  18.0    1s
* 1975  1115             125       0.0089703    0.04979   455%  17.9    1s
H 3050  1134                       0.0103603    0.04979   381%  26.6    2s
H 3255  1104                       0.0103849    0.04979   379%  27.0    2s
H 3503  1183                       0.0103850    0.04908   373%  28.4    2s
H 3759  1340                       0.0103966    0.04866   368%  29.1    2s
H 4748  1705                       0.0105446    0.04539   330%  32.0    2s
H 5346  1946                       0.0105446    0.04473   324%  33.0    3s
H 6315  2204                       0.0105866    0.04471   322%  34.2    3s
 11646  4051    0.02842   22   58    0.01059    0.04190   296%  36.6    5s
H13203  4472                       0.0105867    0.04091   286%  36.9    5s
 26553  8369    0.01059   32   51    0.01059    0.03624   242%  37.5   10s
 45072 13745    0.01302   47   40    0.01059    0.03381   219%  37.4   15s
 64227 18444    0.01986   30   49    0.01059    0.03201   202%  36.8   20s
H68126 19376                       0.0105867    0.03177   200%  36.7   20s
H78033 21391                       0.0112300    0.03117   178%  36.6   23s
H79446 21775                       0.0112300    0.03110   177%  36.5   24s
 81202 22367     cutoff   38         0.01123    0.03103   176%  36.4   25s
 100442 27206    0.01583   33   60    0.01123    0.03015   168%  35.6   30s
 121378 32580    0.01540   35   53    0.01123    0.02944   162%  35.0   35s
*136165 35610             132       0.0115987    0.02905   150%  34.7   38s
*136167 35608             132       0.0116002    0.02905   150%  34.6   38s
H137521 32426                       0.0129150    0.02900   125%  34.6   39s
 138988 32821     cutoff   33         0.01292    0.02896   124%  34.6   40s
H142273 33440                       0.0129151    0.02885   123%  34.5   40s
 154228 35923     cutoff   33         0.01292    0.02852   121%  34.4   45s
 173999 39313    0.01768   30   52    0.01292    0.02805   117%  34.2   50s
 195075 43193     cutoff   39         0.01292    0.02765   114%  33.9   55s

Cutting planes:
  Gomory: 10
  Implied bound: 15
  MIR: 1
  Flow cover: 14
  RLT: 82
  Relax-and-lift: 4
  BQP: 16

Explored 208523 nodes (7037062 simplex iterations) in 58.13 seconds (59.90 work units)
Thread count was 4 (of 4 available processors)

Solution count 10: 0.0129151 0.012915 0.0116002 ... 0.0103966

Optimization achieved user objective limit
Best objective 1.291510278201e-02, best bound 2.742414349341e-02, gap 112.3417%
{"verdict": "PROVED", "status": "BOUND_REACHED", "runtime": 58.13467597961426, "objval": 0.012915102782012994, "objbound": 0.027424143493406977, "binaries": 50}
