Set parameter NodefileStart to value 6
Read parameters from file gurobi.env
Restricted license - for non-production use only - expires 2027-11-29
Set parameter OutputFlag to value 1
Set parameter Threads to value 4
Set parameter TimeLimit to value 360
Set parameter MIPGap to value 5e-05
Set parameter MIPFocus to value 2
Set parameter NonConvex to value 2
Set parameter BestBdStop to value 2.7426211734693878e-02
Gurobi Optimizer version 13.0.3 build v13.0.3rc0 (linux64 - "Ubuntu 24.04.5 LTS")

CPU model: AMD EPYC 7763 64-Core Processor, instruction set [SSE2|AVX|AVX2]
Thread count: 2 physical cores, 4 logical processors, using up to 4 threads

Non-default parameters:
TimeLimit  360
BestBdStop  2.7426211734693878e-02
MIPGap  5e-05
MIPFocus  2
NodefileStart  6
NonConvex  2
Threads  4

Optimize a model with 129 rows, 99 columns and 714 nonzeros (Max)
Model fingerprint: 0xafb8d01b
Model has 1 linear objective coefficients
Model has 50 quadratic constraints
Variable types: 65 continuous, 34 integer (34 binary)
Coefficient statistics:
  Matrix range     [5e-01, 1e+00]
  QMatrix range    [1e+00, 1e+00]
  QLMatrix range   [1e+00, 1e+00]
  Objective range  [1e+00, 1e+00]
  Bounds range     [5e-01, 1e+00]
  RHS range        [1e+00, 1e+00]

Found heuristic solution: objective -0.0000000
Presolve time: 0.00s
Presolved: 329 rows, 100 columns, 1114 nonzeros
Presolved model has 50 bilinear constraint(s)

Solving non-convex MIQCP to global optimality

Variable types: 66 continuous, 34 integer (34 binary)
Root relaxation presolve removed 50 rows and 1 columns
Root relaxation presolved: 279 rows, 99 columns, 1064 nonzeros


Root relaxation: objective 1.153846e-01, 119 iterations, 0.00 seconds (0.00 work units)

    Nodes    |    Current Node    |     Objective Bounds      |     Work
 Expl Unexpl |  Obj  Depth IntInf | Incumbent    BestBd   Gap | It/Node Time

     0     0    0.11538    0   54   -0.00000    0.11538      -     -    0s
     0     0    0.08036    0   56   -0.00000    0.08036      -     -    0s
     0     0    0.07143    0   52   -0.00000    0.07143      -     -    0s
     0     0    0.07143    0   50   -0.00000    0.07143      -     -    0s
     0     0    0.05769    0   54   -0.00000    0.05769      -     -    0s
     0     0    0.05769    0   55   -0.00000    0.05769      -     -    0s
     0     0    0.05556    0   52   -0.00000    0.05556      -     -    0s
     0     0    0.05554    0   53   -0.00000    0.05554      -     -    0s
     0     0    0.05554    0   53   -0.00000    0.05554      -     -    0s
     0     0    0.05554    0   53   -0.00000    0.05554      -     -    0s
     0     0    0.05554    0   53   -0.00000    0.05554      -     -    0s
     0     2    0.05554    0   53   -0.00000    0.05554      -     -    0s
H 1266  1001                       0.0000000    0.04161      -  25.0    0s
H 1272   954                       0.0000001    0.04161      -  24.9    1s
H 1273   907                       0.0000001    0.04161      -  24.9    1s
H 1277   867                       0.0000001    0.04161      -  25.1    1s
* 1816  1104              85       0.0000004    0.03364      -  26.9    1s
* 2426  1262              89       0.0000005    0.03079      -  27.2    1s
* 2427  1221              89       0.0000005    0.03079      -  27.3    1s

Cutting planes:
  Implied bound: 2
  MIR: 2
  Flow cover: 1
  RLT: 27
  BQP: 4

Explored 3111 nodes (85323 simplex iterations) in 2.08 seconds (1.45 work units)
Thread count was 4 (of 4 available processors)

Solution count 8: 5.34165e-07 4.98235e-07 3.83744e-07 ... -0

Optimization achieved user objective limit
Best objective 5.341651493085e-07, best bound 2.350737643467e-02, gap -
{"verdict": "PROVED", "status": "BOUND_REACHED", "runtime": 2.083101987838745, "objval": 5.341651493084762e-07, "objbound": 0.023507376434672725, "binaries": 34}
