Set parameter NodefileStart to value 6
Read parameters from file gurobi.env
Restricted license - for non-production use only - expires 2027-11-29
Set parameter OutputFlag to value 1
Set parameter Threads to value 4
Set parameter TimeLimit to value 360
Set parameter MIPGap to value 5e-05
Set parameter MIPFocus to value 2
Set parameter NonConvex to value 2
Set parameter BestBdStop to value 2.7426211734693878e-02
Gurobi Optimizer version 13.0.3 build v13.0.3rc0 (linux64 - "Ubuntu 24.04.5 LTS")

CPU model: AMD EPYC 9V74 80-Core Processor, instruction set [SSE2|AVX|AVX2]
Thread count: 2 physical cores, 4 logical processors, using up to 4 threads

Non-default parameters:
TimeLimit  360
BestBdStop  2.7426211734693878e-02
MIPGap  5e-05
MIPFocus  2
NodefileStart  6
NonConvex  2
Threads  4

Optimize a model with 141 rows, 111 columns and 810 nonzeros (Max)
Model fingerprint: 0x28c8b479
Model has 1 linear objective coefficients
Model has 50 quadratic constraints
Variable types: 65 continuous, 46 integer (46 binary)
Coefficient statistics:
  Matrix range     [5e-01, 1e+00]
  QMatrix range    [1e+00, 1e+00]
  QLMatrix range   [1e+00, 1e+00]
  Objective range  [1e+00, 1e+00]
  Bounds range     [5e-01, 1e+00]
  RHS range        [1e+00, 1e+00]

Found heuristic solution: objective -0.0000000
Presolve time: 0.00s
Presolved: 341 rows, 112 columns, 1210 nonzeros
Presolved model has 50 bilinear constraint(s)

Solving non-convex MIQCP to global optimality

Variable types: 66 continuous, 46 integer (46 binary)
Root relaxation presolve removed 50 rows and 1 columns
Root relaxation presolved: 291 rows, 111 columns, 1160 nonzeros


Root relaxation: objective 8.333333e-02, 143 iterations, 0.00 seconds (0.00 work units)

    Nodes    |    Current Node    |     Objective Bounds      |     Work
 Expl Unexpl |  Obj  Depth IntInf | Incumbent    BestBd   Gap | It/Node Time

     0     0    0.08333    0   49   -0.00000    0.08333      -     -    0s
     0     0    0.08333    0   70   -0.00000    0.08333      -     -    0s
     0     0    0.08333    0   56   -0.00000    0.08333      -     -    0s
     0     0    0.08333    0   43   -0.00000    0.08333      -     -    0s
H    0     0                       0.0000000    0.08333      -     -    0s
     0     0    0.08333    0   56    0.00000    0.08333      -     -    0s
     0     0    0.08333    0   43    0.00000    0.08333      -     -    0s
     0     0    0.08333    0   43    0.00000    0.08333      -     -    0s
     0     2    0.08333    0   43    0.00000    0.08333      -     -    0s
*  585   554              70       0.0000002    0.08333      -  10.1    0s
*  586   554              70       0.0000002    0.08333      -  10.2    0s
*  669   645              85       0.0000002    0.08333      -   9.9    0s
H 1913  1424                       0.0015216    0.08333  5377%  13.8    1s
H 1936  1358                       0.0015216    0.07592  4889%  13.8    1s
H 2476  1532                       0.0017994    0.06801  3679%  18.1    1s
H 2673  1571                       0.0018959    0.06801  3487%  18.6    1s
H 2743  1557                       0.0018959    0.06801  3487%  18.6    1s
H 2903  1553                       0.0019456    0.06182  3077%  19.2    1s
H 3362  1708                       0.0019571    0.06075  3004%  20.3    1s
H 4407  2230                       0.0022621    0.05871  2495%  22.4    2s
H 4446  2296                       0.0022621    0.05871  2495%  22.6    2s
H 5506  2635                       0.0029231    0.05615  1821%  24.3    2s
H 6809  3078                       0.0032084    0.05429  1592%  25.4    2s
 14375  7123    0.03240   31   51    0.00321    0.04821  1403%  29.6    5s
H18061  8265                       0.0033466    0.04629  1283%  29.8    5s
H23135 10646                       0.0034704    0.04496  1195%  30.7    7s
H23192 10803                       0.0034704    0.04491  1194%  30.7    8s
 31793 14434    0.00714   40   50    0.00347    0.04282  1134%  31.3   10s
 51720 23286    0.02514   32   52    0.00347    0.04024  1060%  31.8   15s
 73596 32805    0.01394   35   53    0.00347    0.03837  1006%  32.0   20s
H93807 41653                       0.0034853    0.03701   962%  32.3   24s
 95248 42187    0.02401   34   51    0.00349    0.03693   960%  32.3   25s
H95256 40704                       0.0039763    0.03693   829%  32.3   25s
H96388 38668                       0.0047526    0.03686   676%  32.3   25s
H96443 38842                       0.0047526    0.03686   676%  32.3   25s
 114187 45283    0.02218   33   52    0.00475    0.03564   650%  32.2   30s
 136479 53680    0.00547   45   50    0.00475    0.03439   624%  32.3   35s
 158449 61816    0.01879   31   52    0.00475    0.03341   603%  32.3   40s
 177482 68627     cutoff   39         0.00475    0.03281   590%  32.3   45s
*179116 68442              75       0.0049285    0.03276   565%  32.2   45s
*179126 68411              77       0.0049339    0.03276   564%  32.2   45s
*179131 68403              79       0.0049354    0.03276   564%  32.2   45s
*179134 68403              79       0.0049355    0.03276   564%  32.2   45s
H180040 68703                       0.0049355    0.03272   563%  32.2   45s
H182019 69252                       0.0049472    0.03266   560%  32.2   46s
H183389 68525                       0.0051732    0.03263   531%  32.2   46s
H183472 68525                       0.0051732    0.03263   531%  32.2   46s
 198509 73584    0.00675   58   41    0.00517    0.03213   521%  32.3   50s
 220503 80833    0.02559   35   55    0.00517    0.03143   508%  32.3   55s
H236935 86117                       0.0051732    0.03097   499%  32.3   58s
 241323 87507    0.01111   36   43    0.00517    0.03085   496%  32.3   60s
 260829 93776     cutoff   40         0.00517    0.03038   487%  32.4   65s
H261164 93776                       0.0051732    0.03038   487%  32.4   65s
 281492 99654    0.00684   40   50    0.00517    0.02992   478%  32.6   70s
 302011 105796    0.01211   36   58    0.00517    0.02947   470%  32.8   75s
 319866 110778    0.00527   39   55    0.00517    0.02913   463%  32.9   80s
H333433 114896                       0.0051733    0.02889   459%  33.0   83s
H335444 114456                       0.0052920    0.02887   446%  33.0   83s
H335496 114544                       0.0052920    0.02887   446%  33.0   83s
 339244 115741    0.01704   29   43    0.00529    0.02880   444%  33.0   85s
H359303 119308                       0.0055567    0.02850   413%  33.2   89s
H359614 119420                       0.0055567    0.02850   413%  33.2   89s
 359881 119569    0.01373   31   55    0.00556    0.02849   413%  33.2   90s
H361026 106983                       0.0069974    0.02848   307%  33.2   90s
 378491 111436     cutoff   36         0.00700    0.02818   303%  33.3   95s
 399357 116639     cutoff   37         0.00700    0.02785   298%  33.4  100s
 420568 121808    0.02692   30   55    0.00700    0.02755   294%  33.4  105s

Cutting planes:
  Gomory: 10
  Lift-and-project: 2
  Implied bound: 17
  MIR: 17
  Flow cover: 7
  RLT: 54
  Relax-and-lift: 9
  BQP: 25

Explored 428952 nodes (14365287 simplex iterations) in 107.01 seconds (111.95 work units)
Thread count was 4 (of 4 available processors)

Solution count 10: 0.00699736 0.00555673 0.00529197 ... 0.0049285

Optimization achieved user objective limit
Best objective 6.997360661019e-03, best bound 2.742575588584e-02, gap 291.9443%
{"verdict": "PROVED", "status": "BOUND_REACHED", "runtime": 107.00651979446411, "objval": 0.006997360661019046, "objbound": 0.027425755885841542, "binaries": 46}
