Set parameter NodefileStart to value 6
Read parameters from file gurobi.env
Restricted license - for non-production use only - expires 2027-11-29
Set parameter OutputFlag to value 1
Set parameter Threads to value 4
Set parameter TimeLimit to value 360
Set parameter MIPGap to value 5e-05
Set parameter MIPFocus to value 2
Set parameter NonConvex to value 2
Set parameter BestBdStop to value 2.7426211734693878e-02
Gurobi Optimizer version 13.0.3 build v13.0.3rc0 (linux64 - "Ubuntu 24.04.5 LTS")

CPU model: INTEL(R) XEON(R) PLATINUM 8573C, instruction set [SSE2|AVX|AVX2|AVX512]
Thread count: 2 physical cores, 4 logical processors, using up to 4 threads

Non-default parameters:
TimeLimit  360
BestBdStop  2.7426211734693878e-02
MIPGap  5e-05
MIPFocus  2
NodefileStart  6
NonConvex  2
Threads  4

Optimize a model with 141 rows, 111 columns and 810 nonzeros (Max)
Model fingerprint: 0xa3e53ef6
Model has 1 linear objective coefficients
Model has 50 quadratic constraints
Variable types: 65 continuous, 46 integer (46 binary)
Coefficient statistics:
  Matrix range     [5e-01, 1e+00]
  QMatrix range    [1e+00, 1e+00]
  QLMatrix range   [1e+00, 1e+00]
  Objective range  [1e+00, 1e+00]
  Bounds range     [5e-01, 1e+00]
  RHS range        [1e+00, 1e+00]

Found heuristic solution: objective -0.0000000
Presolve time: 0.00s
Presolved: 341 rows, 112 columns, 1210 nonzeros
Presolved model has 50 bilinear constraint(s)

Solving non-convex MIQCP to global optimality

Variable types: 66 continuous, 46 integer (46 binary)
Root relaxation presolve removed 50 rows and 1 columns
Root relaxation presolved: 291 rows, 111 columns, 1160 nonzeros


Root relaxation: objective 8.333333e-02, 103 iterations, 0.00 seconds (0.00 work units)

    Nodes    |    Current Node    |     Objective Bounds      |     Work
 Expl Unexpl |  Obj  Depth IntInf | Incumbent    BestBd   Gap | It/Node Time

     0     0    0.08333    0   51   -0.00000    0.08333      -     -    0s
     0     0    0.08333    0   64   -0.00000    0.08333      -     -    0s
     0     0    0.08333    0   62   -0.00000    0.08333      -     -    0s
     0     0    0.08333    0   58   -0.00000    0.08333      -     -    0s
     0     0    0.07143    0   76   -0.00000    0.07143      -     -    0s
     0     0    0.07143    0   51   -0.00000    0.07143      -     -    0s
     0     0    0.07143    0   56   -0.00000    0.07143      -     -    0s
     0     0    0.07143    0   59   -0.00000    0.07143      -     -    0s
     0     0    0.07143    0   59   -0.00000    0.07143      -     -    0s
     0     0    0.07143    0   57   -0.00000    0.07143      -     -    0s
     0     0    0.07143    0   49   -0.00000    0.07143      -     -    0s
     0     0    0.07143    0   60   -0.00000    0.07143      -     -    0s
     0     0    0.07143    0   56   -0.00000    0.07143      -     -    0s
     0     0    0.07143    0   56   -0.00000    0.07143      -     -    0s
     0     2    0.07143    0   56   -0.00000    0.07143      -     -    0s
*  715   716             109       0.0000000    0.07143      -  13.2    0s
*  769   714             118       0.0000001    0.07143      -  12.6    0s
H  870   745                       0.0000002    0.07143      -  12.6    0s
* 1001   850             131       0.0000002    0.07143      -  12.4    0s
H 1127   871                       0.0000003    0.07143      -  13.6    1s
H 1193   882                       0.0000005    0.06752      -  15.2    1s
* 3654  2250             122       0.0000017    0.06513      -  17.5    2s
 10397  7371    0.02632   33   52    0.00000    0.05791      -  23.1    5s
H10663  7367                       0.0000017    0.05790      -  23.4    5s
 27721 19515    0.00688   34   50    0.00000    0.05491      -  26.3   10s
 51152 36388    0.03715   31   54    0.00000    0.05343      -  27.7   15s
 67493 47080    0.00006   72   37    0.00000    0.05220      -  27.6   20s
 94349 65481    0.01614   39   52    0.00000    0.05071      -  27.5   25s
 117961 81820    0.00013   78   46    0.00000    0.05014      -  27.9   30s
 141538 99116    0.01194   35   44    0.00000    0.04976      -  27.9   35s
 162084 113927    0.00001  109   44    0.00000    0.04939      -  27.9   40s
 181834 127933    0.00877   44   51    0.00000    0.04904      -  27.6   45s
 202493 142743    0.01595   46   55    0.00000    0.04873      -  27.6   50s
 224602 157864    0.00000  118   35    0.00000    0.04841      -  27.5   55s
 240278 168538    0.03496   35   52    0.00000    0.04825      -  27.4   60s
 262038 184121    0.01238   43   51    0.00000    0.04804      -  27.3   65s
 284458 199689    0.01671   37   51    0.00000    0.04784      -  27.4   70s
 307931 216876     cutoff  108         0.00000    0.04775      -  27.3   75s
 335194 235852    0.00408   53   50    0.00000    0.04756      -  27.3   80s
 361308 254732    0.04720   29   58    0.00000    0.04731      -  27.3   85s
 382934 269934    0.01205   51   52    0.00000    0.04715      -  27.4   90s
 400554 281171    0.00001   95   44    0.00000    0.04704      -  27.5   95s
 417027 292220     cutoff   73         0.00000    0.04691      -  27.7  100s
 441188 308377    0.03792   33   54    0.00000    0.04676      -  28.0  105s
 459488 319863    0.04651   31   56    0.00000    0.04662      -  28.1  110s
 481732 334191     cutoff   82         0.00000    0.04644      -  28.2  115s
 500683 347024    0.00011   68   45    0.00000    0.04631      -  28.3  120s
 524269 362619    0.00067   59   51    0.00000    0.04618      -  28.4  125s
 545501 376957    0.01704   42   52    0.00000    0.04606      -  28.5  130s
 560557 387181    0.00939   63   50    0.00000    0.04596      -  28.5  135s
 583629 402262     cutoff   50         0.00000    0.04585      -  28.6  140s
 607233 418384    0.00000  113   38    0.00000    0.04573      -  28.7  145s
 624763 429960    0.02486   40   50    0.00000    0.04566      -  28.8  150s
 646642 444395    0.00001   53   39    0.00000    0.04556      -  28.9  155s
 669635 459634    0.01702   39   53    0.00000    0.04545      -  29.0  161s
 686437 470828    0.00003   68   45    0.00000    0.04539      -  29.0  165s
 706882 484050    0.00780   52   52    0.00000    0.04530      -  29.1  170s
 724441 495518     cutoff   49         0.00000    0.04522      -  29.1  175s
 740516 505880    0.00099   55   37    0.00000    0.04516      -  29.2  180s
 764249 522739    0.00001   81   32    0.00000    0.04506      -  29.2  185s
 780202 533148     cutoff   82         0.00000    0.04501      -  29.3  190s
 798337 544835    0.00247   62   51    0.00000    0.04492      -  29.3  195s
 801349 546983    0.00139   54   51    0.00000    0.04491      -  29.3  200s
 823980 562366    0.02459   49   46    0.00000    0.04480      -  29.4  205s
 843507 575345    0.01985   37   46    0.00000    0.04474      -  29.5  210s
 863361 588189    0.00051   52   48    0.00000    0.04467      -  29.5  215s
 879892 598856     cutoff   57         0.00000    0.04461      -  29.5  220s
 901066 612435    0.00027   59   44    0.00000    0.04453      -  29.6  225s
 916920 623183    0.00010   69   42    0.00000    0.04447      -  29.6  230s
 933789 634154    0.00047   42   48    0.00000    0.04442      -  29.7  235s
 955626 648062     cutoff   43         0.00000    0.04434      -  29.7  240s
 972977 658794    0.00001   63   43    0.00000    0.04426      -  29.7  245s
 988634 668591    0.00875   36   53    0.00000    0.04421      -  29.8  250s
 1010183 682127     cutoff   72         0.00000    0.04415      -  29.8  255s
 1032456 696640    0.04404   28   57    0.00000    0.04408      -  29.9  260s
 1049511 707482    0.03402   31   53    0.00000    0.04403      -  29.9  265s
 1066553 718112    0.00001   53   47    0.00000    0.04398      -  29.9  270s
 1087698 731009    0.00049   56   51    0.00000    0.04391      -  30.0  275s
 1109854 745040    0.02863   35   43    0.00000    0.04386      -  30.0  280s
 1124217 754078    0.01502   44   52    0.00000    0.04381      -  30.0  285s
 1143800 766379    0.00002   56   31    0.00000    0.04374      -  30.1  291s
 1162177 777798    0.01912   40   51    0.00000    0.04370      -  30.1  295s
 1177556 787613    0.01101   44   52    0.00000    0.04365      -  30.1  300s
 1194405 797953 infeasible   45         0.00000    0.04362      -  30.2  305s
 1217583 812342    0.00000   57   36    0.00000    0.04355      -  30.2  310s
 1237535 824705    0.00012   72   45    0.00000    0.04351      -  30.2  315s
 1253629 834524     cutoff   56         0.00000    0.04347      -  30.2  320s
 1273694 847416    0.00003   71   42    0.00000    0.04341      -  30.2  325s
*1284705 853739             128       0.0000018    0.04338      -  30.2  328s
 1292898 858769    0.00000  104   41    0.00000    0.04336      -  30.2  330s
 1310875 869992    0.00437   47   50    0.00000    0.04332      -  30.3  335s
 1327009 879826    0.00416   53   51    0.00000    0.04328      -  30.3  342s
 1327017 879834    0.00368   55   51    0.00000    0.04328      -  30.3  346s
 1327025 879842    0.00243   57   51    0.00000    0.04328      -  30.3  350s
 1327033 879848    0.00155   59   51    0.00000    0.04328      -  30.3  355s
 1339338 887639    0.00003   73   43    0.00000    0.04325      -  30.3  360s

Cutting planes:
  Gomory: 2
  Implied bound: 7
  MIR: 2
  Mixing: 1
  Flow cover: 35
  RLT: 90
  Relax-and-lift: 5
  BQP: 24

Explored 1339688 nodes (40591589 simplex iterations) in 360.00 seconds (357.11 work units)
Thread count was 4 (of 4 available processors)

Solution count 10: 1.76159e-06 1.7282e-06 1.65701e-06 ... -0

Time limit reached
Best objective 1.761593745291e-06, best bound 4.325207373638e-02, gap 2455180.8417%
{"verdict": "UNRESOLVED", "status": "TIME_LIMIT", "runtime": 360.00282287597656, "objval": 1.7615937452913186e-06, "objbound": 0.04325207373638354, "binaries": 46}
