Set parameter NodefileStart to value 6
Read parameters from file gurobi.env
Restricted license - for non-production use only - expires 2027-11-29
Set parameter OutputFlag to value 1
Set parameter Threads to value 4
Set parameter TimeLimit to value 360
Set parameter MIPGap to value 5e-05
Set parameter MIPFocus to value 2
Set parameter NonConvex to value 2
Set parameter BestBdStop to value 2.7426211734693878e-02
Gurobi Optimizer version 13.0.3 build v13.0.3rc0 (linux64 - "Ubuntu 24.04.5 LTS")

CPU model: AMD EPYC 7763 64-Core Processor, instruction set [SSE2|AVX|AVX2]
Thread count: 2 physical cores, 4 logical processors, using up to 4 threads

Non-default parameters:
TimeLimit  360
BestBdStop  2.7426211734693878e-02
MIPGap  5e-05
MIPFocus  2
NodefileStart  6
NonConvex  2
Threads  4

Optimize a model with 133 rows, 103 columns and 742 nonzeros (Max)
Model fingerprint: 0x3b16cae7
Model has 1 linear objective coefficients
Model has 50 quadratic constraints
Variable types: 65 continuous, 38 integer (38 binary)
Coefficient statistics:
  Matrix range     [5e-01, 1e+00]
  QMatrix range    [1e+00, 1e+00]
  QLMatrix range   [1e+00, 1e+00]
  Objective range  [1e+00, 1e+00]
  Bounds range     [5e-01, 1e+00]
  RHS range        [1e+00, 1e+00]

Found heuristic solution: objective -0.0000000
Presolve time: 0.00s
Presolved: 333 rows, 104 columns, 1142 nonzeros
Presolved model has 50 bilinear constraint(s)

Solving non-convex MIQCP to global optimality

Variable types: 66 continuous, 38 integer (38 binary)
Root relaxation presolve removed 50 rows and 1 columns
Root relaxation presolved: 283 rows, 103 columns, 1092 nonzeros


Root relaxation: objective 1.000000e-01, 124 iterations, 0.00 seconds (0.00 work units)

    Nodes    |    Current Node    |     Objective Bounds      |     Work
 Expl Unexpl |  Obj  Depth IntInf | Incumbent    BestBd   Gap | It/Node Time

     0     0    0.10000    0   50   -0.00000    0.10000      -     -    0s
     0     0    0.08333    0   63   -0.00000    0.08333      -     -    0s
     0     0    0.08333    0   58   -0.00000    0.08333      -     -    0s
     0     0    0.07576    0   68   -0.00000    0.07576      -     -    0s
     0     0    0.07143    0   58   -0.00000    0.07143      -     -    0s
     0     0    0.07018    0   71   -0.00000    0.07018      -     -    0s
     0     0    0.06950    0   63   -0.00000    0.06950      -     -    0s
     0     0    0.06934    0   69   -0.00000    0.06934      -     -    0s
     0     0    0.06918    0   68   -0.00000    0.06918      -     -    0s
     0     0    0.06907    0   69   -0.00000    0.06907      -     -    0s
     0     0    0.06884    0   69   -0.00000    0.06884      -     -    0s
     0     0    0.06884    0   69   -0.00000    0.06884      -     -    0s
     0     0    0.06884    0   69   -0.00000    0.06884      -     -    0s
     0     0    0.06884    0   69   -0.00000    0.06884      -     -    0s
     0     2    0.06884    0   69   -0.00000    0.06884      -     -    0s
H  550   493                       0.0000000    0.06560      -  31.7    0s
*  661   606             101       0.0000000    0.06429      -  29.5    0s
*  966   893              84       0.0000000    0.06429      -  28.2    0s
*  970   879              86       0.0000001    0.06429      -  28.1    0s
H 1127   914                       0.0000001    0.05713      -  27.6    1s
H 1130   870                       0.0000002    0.05713      -  27.5    1s
* 1562  1046              68       0.0000002    0.03693      -  30.4    1s
* 1627  1033              68       0.0000002    0.03693      -  29.8    1s
H 1910  1072                       0.0000004    0.03693      -  30.7    2s
H 3234  1614                       0.0000004    0.03693      -  30.5    2s
* 3385  1671              61       0.0000004    0.03693      -  30.2    2s
H 3684  1866                       0.0000007    0.03693      -  30.6    2s
H 4863  2524                       0.0000007    0.03680      -  30.2    3s
 11708  7167    0.00000   93   30    0.00000    0.02959      -  29.6    5s

Cutting planes:
  Gomory: 6
  MIR: 6
  Flow cover: 10
  RLT: 71
  Relax-and-lift: 1
  BQP: 7

Explored 18601 nodes (571544 simplex iterations) in 7.39 seconds (6.54 work units)
Thread count was 4 (of 4 available processors)

Solution count 10: 7.06912e-07 6.62338e-07 4.3337e-07 ... 5.16305e-08

Optimization achieved user objective limit
Best objective 7.069115626772e-07, best bound 2.741098826821e-02, gap -
{"verdict": "PROVED", "status": "BOUND_REACHED", "runtime": 7.390981912612915, "objval": 7.069115626771737e-07, "objbound": 0.02741098826820872, "binaries": 38}
