Set parameter NodefileStart to value 6
Read parameters from file gurobi.env
Restricted license - for non-production use only - expires 2027-11-29
Set parameter OutputFlag to value 1
Set parameter Threads to value 4
Set parameter TimeLimit to value 360
Set parameter MIPGap to value 5e-05
Set parameter MIPFocus to value 2
Set parameter NonConvex to value 2
Set parameter BestBdStop to value 2.7426211734693878e-02
Gurobi Optimizer version 13.0.3 build v13.0.3rc0 (linux64 - "Ubuntu 24.04.5 LTS")

CPU model: Intel(R) Xeon(R) 6973P-C, instruction set [SSE2|AVX|AVX2|AVX512]
Thread count: 2 physical cores, 4 logical processors, using up to 4 threads

Non-default parameters:
TimeLimit  360
BestBdStop  2.7426211734693878e-02
MIPGap  5e-05
MIPFocus  2
NodefileStart  6
NonConvex  2
Threads  4

Optimize a model with 141 rows, 111 columns and 810 nonzeros (Max)
Model fingerprint: 0x2e627008
Model has 1 linear objective coefficients
Model has 50 quadratic constraints
Variable types: 65 continuous, 46 integer (46 binary)
Coefficient statistics:
  Matrix range     [5e-01, 1e+00]
  QMatrix range    [1e+00, 1e+00]
  QLMatrix range   [1e+00, 1e+00]
  Objective range  [1e+00, 1e+00]
  Bounds range     [5e-01, 1e+00]
  RHS range        [1e+00, 1e+00]

Found heuristic solution: objective -0.0000000
Presolve time: 0.00s
Presolved: 341 rows, 112 columns, 1210 nonzeros
Presolved model has 50 bilinear constraint(s)

Solving non-convex MIQCP to global optimality

Variable types: 66 continuous, 46 integer (46 binary)
Root relaxation presolve removed 50 rows and 1 columns
Root relaxation presolved: 291 rows, 111 columns, 1160 nonzeros


Root relaxation: objective 8.333333e-02, 113 iterations, 0.00 seconds (0.00 work units)

    Nodes    |    Current Node    |     Objective Bounds      |     Work
 Expl Unexpl |  Obj  Depth IntInf | Incumbent    BestBd   Gap | It/Node Time

     0     0    0.08333    0   57   -0.00000    0.08333      -     -    0s
     0     0    0.08333    0   69   -0.00000    0.08333      -     -    0s
     0     0    0.08333    0   69   -0.00000    0.08333      -     -    0s
     0     0    0.08333    0   72   -0.00000    0.08333      -     -    0s
     0     0    0.08333    0   47   -0.00000    0.08333      -     -    0s
     0     0    0.08333    0   56   -0.00000    0.08333      -     -    0s
     0     0    0.08333    0   57   -0.00000    0.08333      -     -    0s
     0     0    0.08333    0   57   -0.00000    0.08333      -     -    0s
     0     0    0.08333    0   56   -0.00000    0.08333      -     -    0s
     0     0    0.08333    0   43   -0.00000    0.08333      -     -    0s
     0     0    0.08333    0   36   -0.00000    0.08333      -     -    0s
     0     0    0.08333    0   39   -0.00000    0.08333      -     -    0s
     0     0    0.07692    0   39   -0.00000    0.07692      -     -    0s
     0     2    0.07692    0   39   -0.00000    0.07692      -     -    0s
H  122   126                       0.0000000    0.07692      -  31.9    0s
*  722   653             113       0.0000002    0.07692      -  26.4    0s
H 1185   973                       0.0000002    0.07692      -  27.7    1s
H 1186   925                       0.0000002    0.07692      -  27.7    1s
H 1190   881                       0.0020796    0.07692  3599%  27.6    1s
H 1190   837                       0.0056725    0.07692  1256%  27.6    1s
H 2340  1291                       0.0059228    0.06505   998%  33.3    1s
 14269  6934    0.03692   30   61    0.00592    0.04231   614%  35.4    5s
 33047 15179    0.01830   40   62    0.00592    0.03775   537%  35.6   10s
 51345 22884     cutoff   42         0.00592    0.03576   504%  36.0   15s
 74822 32289    0.01064   38   53    0.00592    0.03409   476%  35.6   20s
 96689 40860     cutoff   37         0.00592    0.03287   455%  35.3   25s
 121671 50302     cutoff   37         0.00592    0.03185   438%  35.0   30s
H129972 53124                       0.0059229    0.03158   433%  35.0   31s
H130202 53340                       0.0059235    0.03156   433%  35.0   31s
H138460 56124                       0.0059868    0.03131   423%  34.9   33s
H139608 54985                       0.0064220    0.03127   387%  34.9   33s
H140865 53801                       0.0069082    0.03125   352%  34.9   34s
H141887 54104                       0.0069182    0.03122   351%  34.9   34s
H141888 54093                       0.0069238    0.03122   351%  34.9   34s
 143158 54627     cutoff   48         0.00692    0.03119   350%  34.9   35s
H143228 52106                       0.0076652    0.03119   307%  34.9   35s
H156225 56008                       0.0077562    0.03077   297%  34.7   38s
H158839 56912                       0.0077562    0.03070   296%  34.7   39s
 163059 58508    0.01244   45   55    0.00776    0.03061   295%  34.7   40s
H165384 59136                       0.0077563    0.03054   294%  34.7   40s
 186077 65565    0.01646   33   56    0.00776    0.03004   287%  34.5   45s
 207782 72300     cutoff   42         0.00776    0.02962   282%  34.3   50s
 231503 79914    0.01473   35   55    0.00776    0.02922   277%  34.3   55s
 255321 87402    0.00794   40   52    0.00776    0.02882   272%  34.2   60s
 280908 95533    0.01280   34   51    0.00776    0.02844   267%  34.1   65s
 307205 103241 infeasible   44         0.00776    0.02810   262%  34.0   70s
 332804 111266     cutoff   41         0.00776    0.02780   258%  33.9   75s
 356367 118517    0.02735   33   61    0.00776    0.02755   255%  33.9   80s

Cutting planes:
  Gomory: 13
  Lift-and-project: 1
  Implied bound: 19
  MIR: 6
  Mixing: 1
  Flow cover: 34
  Inf proof: 8
  RLT: 66
  Relax-and-lift: 9
  BQP: 24

Explored 367196 nodes (12418842 simplex iterations) in 82.16 seconds (101.86 work units)
Thread count was 4 (of 4 available processors)

Solution count 10: 0.00775628 0.00766525 0.00692375 ... 0.00592285

Optimization achieved user objective limit
Best objective 7.756284003480e-03, best bound 2.742492151310e-02, gap 253.5833%
{"verdict": "PROVED", "status": "BOUND_REACHED", "runtime": 82.15711092948914, "objval": 0.007756284003479933, "objbound": 0.027424921513104467, "binaries": 46}
