Set parameter NodefileStart to value 6
Read parameters from file gurobi.env
Restricted license - for non-production use only - expires 2027-11-29
Set parameter OutputFlag to value 1
Set parameter Threads to value 4
Set parameter TimeLimit to value 360
Set parameter MIPGap to value 5e-05
Set parameter MIPFocus to value 2
Set parameter NonConvex to value 2
Set parameter BestBdStop to value 2.7426211734693878e-02
Gurobi Optimizer version 13.0.3 build v13.0.3rc0 (linux64 - "Ubuntu 24.04.5 LTS")

CPU model: AMD EPYC 7763 64-Core Processor, instruction set [SSE2|AVX|AVX2]
Thread count: 2 physical cores, 4 logical processors, using up to 4 threads

Non-default parameters:
TimeLimit  360
BestBdStop  2.7426211734693878e-02
MIPGap  5e-05
MIPFocus  2
NodefileStart  6
NonConvex  2
Threads  4

Optimize a model with 141 rows, 111 columns and 810 nonzeros (Max)
Model fingerprint: 0x447d935c
Model has 1 linear objective coefficients
Model has 50 quadratic constraints
Variable types: 65 continuous, 46 integer (46 binary)
Coefficient statistics:
  Matrix range     [5e-01, 1e+00]
  QMatrix range    [1e+00, 1e+00]
  QLMatrix range   [1e+00, 1e+00]
  Objective range  [1e+00, 1e+00]
  Bounds range     [5e-01, 1e+00]
  RHS range        [1e+00, 1e+00]

Found heuristic solution: objective -0.0000000
Presolve time: 0.00s
Presolved: 341 rows, 112 columns, 1210 nonzeros
Presolved model has 50 bilinear constraint(s)

Solving non-convex MIQCP to global optimality

Variable types: 66 continuous, 46 integer (46 binary)
Root relaxation presolve removed 50 rows and 1 columns
Root relaxation presolved: 291 rows, 111 columns, 1160 nonzeros


Root relaxation: objective 1.250000e-01, 103 iterations, 0.00 seconds (0.00 work units)

    Nodes    |    Current Node    |     Objective Bounds      |     Work
 Expl Unexpl |  Obj  Depth IntInf | Incumbent    BestBd   Gap | It/Node Time

     0     0    0.12500    0   43   -0.00000    0.12500      -     -    0s
     0     0    0.10000    0   54   -0.00000    0.10000      -     -    0s
     0     0    0.10000    0   58   -0.00000    0.10000      -     -    0s
     0     0    0.10000    0   69   -0.00000    0.10000      -     -    0s
     0     0    0.10000    0   62   -0.00000    0.10000      -     -    0s
     0     0    0.10000    0   68   -0.00000    0.10000      -     -    0s
     0     0    0.10000    0   45   -0.00000    0.10000      -     -    0s
     0     0    0.10000    0   56   -0.00000    0.10000      -     -    0s
     0     0    0.10000    0   64   -0.00000    0.10000      -     -    0s
     0     0    0.10000    0   64   -0.00000    0.10000      -     -    0s
     0     0    0.10000    0   64   -0.00000    0.10000      -     -    0s
     0     0    0.10000    0   64   -0.00000    0.10000      -     -    0s
     0     2    0.10000    0   64   -0.00000    0.10000      -     -    0s
H  255   249                       0.0000001    0.10000      -  30.0    0s
H 1104   930                       0.0000003    0.10000      -  29.3    1s
H 1120   894                       0.0059801    0.07073  1083%  28.9    1s
H 1122   850                       0.0094340    0.06672   607%  28.9    1s
H 1122   807                       0.0094340    0.06672   607%  28.9    1s
H 1126   769                       0.0121014    0.05948   391%  28.8    1s
  5769  2621    0.05314   46   58    0.01210    0.05314   339%  42.2    5s
H14297  5896                       0.0140126    0.05314   279%  41.3    7s
H14498  6054                       0.0141096    0.05314   277%  41.4    7s
H15896  6235                       0.0154331    0.05314   244%  41.1    8s
H16980  6515                       0.0161688    0.05314   229%  41.2    9s
H16985  6485                       0.0163455    0.05314   225%  41.2    9s
H16986  6451                       0.0165223    0.05314   222%  41.2    9s
 19975  7409     cutoff   51         0.01652    0.05314   222%  40.8   10s
 37013 12978    0.02623   48   54    0.01652    0.05314   222%  39.6   15s
 56513 18891    0.03620   44   44    0.01652    0.05284   220%  38.9   20s
 75533 24177     cutoff   50         0.01652    0.05075   207%  38.5   25s
 93621 29008    0.03739   47   62    0.01652    0.04896   196%  38.1   30s
 112427 34116    0.02230   55   46    0.01652    0.04750   187%  37.8   35s
 128756 37859 infeasible   49         0.01652    0.04645   181%  37.6   40s
 148183 42105    0.01791   52   43    0.01652    0.04535   175%  37.3   45s
 168072 46496     cutoff   51         0.01652    0.04437   169%  37.0   50s
 187661 50749     cutoff   51         0.01652    0.04347   163%  36.7   55s
 207614 54457     cutoff   54         0.01652    0.04273   159%  36.5   60s
 227442 58034    0.01716   52   46    0.01652    0.04206   155%  36.3   65s
 247739 61905     cutoff   45         0.01652    0.04142   151%  36.0   70s
 268280 65582    0.01703   47   52    0.01652    0.04083   147%  35.8   75s
 287574 69174 infeasible   49         0.01652    0.04028   144%  35.7   80s
 306241 72413     cutoff   53         0.01652    0.03984   141%  35.5   85s
 326497 75741    0.02374   53   51    0.01652    0.03935   138%  35.4   90s
 346740 78852    0.02759   46   58    0.01652    0.03890   135%  35.3   95s
 365214 82081    0.02522   50   47    0.01652    0.03853   133%  35.2  100s
 383541 85039     cutoff   52         0.01652    0.03814   131%  35.1  105s
 404111 88305    0.01723   55   50    0.01652    0.03776   129%  35.0  110s
 424703 91197     cutoff   58         0.01652    0.03736   126%  34.9  115s
 444970 93962    0.01796   47   50    0.01652    0.03702   124%  34.8  120s
 465314 96925    0.02033   50   56    0.01652    0.03669   122%  34.7  125s
 484158 99814    0.02250   53   53    0.01652    0.03640   120%  34.6  130s
 504525 102616    0.01662   59   50    0.01652    0.03608   118%  34.5  135s
 525284 105284     cutoff   45         0.01652    0.03580   117%  34.4  140s
 546166 108148    0.02292   50   58    0.01652    0.03550   115%  34.3  145s
 567161 110962    0.02218   48   54    0.01652    0.03524   113%  34.2  150s
H569199 111071                       0.0165374    0.03520   113%  34.2  150s
H569440 111150                       0.0165374    0.03520   113%  34.1  150s
H570823 111284                       0.0165375    0.03518   113%  34.1  151s
 582873 112831    0.02483   48   54    0.01654    0.03504   112%  34.1  155s
 604347 115590     cutoff   61         0.01654    0.03474   110%  34.0  160s
 625990 118199     cutoff   50         0.01654    0.03449   109%  33.9  165s
 647089 120678    0.01873   48   54    0.01654    0.03424   107%  33.9  170s
 666280 122852    0.01794   51   47    0.01654    0.03400   106%  33.8  175s
 685935 125134    0.02892   51   57    0.01654    0.03378   104%  33.7  180s
 707141 127523    0.01954   47   51    0.01654    0.03355   103%  33.6  185s
 728160 129839     cutoff   51         0.01654    0.03332   101%  33.5  190s
 748785 131987    0.01701   48   51    0.01654    0.03311   100%  33.5  195s
 770148 134151    0.01736   58   55    0.01654    0.03290  98.9%  33.4  200s
 789670 136161     cutoff   53         0.01654    0.03270  97.7%  33.3  205s
 810404 138322    0.03243   50   58    0.01654    0.03251  96.6%  33.3  210s
 829008 140142    0.02518   58   54    0.01654    0.03234  95.5%  33.2  215s
 850742 142059    0.01734   57   53    0.01654    0.03214  94.3%  33.1  220s
 870851 143942    0.01903   50   52    0.01654    0.03196  93.3%  33.1  225s
 891780 145837     cutoff   51         0.01654    0.03177  92.1%  33.0  230s
 912363 147767    0.02826   50   51    0.01654    0.03160  91.1%  32.9  235s
 934007 149739     cutoff   49         0.01654    0.03142  90.0%  32.9  240s
H936508 149922                       0.0165375    0.03140  89.9%  32.9  240s
H937630 149661                       0.0165808    0.03139  89.3%  32.9  241s
H938855 149697                       0.0165963    0.03138  89.1%  32.9  241s
H939076 149737                       0.0165963    0.03138  89.1%  32.9  241s
 950116 150705    0.02231   53   50    0.01660    0.03128  88.5%  32.8  245s
 972155 152368    0.01988   47   57    0.01660    0.03111  87.5%  32.8  250s
 993718 154102    0.03034   44   54    0.01660    0.03094  86.4%  32.7  255s
 1015863 155916     cutoff   48         0.01660    0.03076  85.4%  32.7  260s
 1033624 157196    0.02370   53   54    0.01660    0.03063  84.6%  32.6  265s
 1056244 158896     cutoff   58         0.01660    0.03047  83.6%  32.6  270s
 1078155 160573    0.01795   46   52    0.01660    0.03032  82.7%  32.5  275s
 1099550 162328     cutoff   57         0.01660    0.03017  81.8%  32.4  280s
 1118783 163832     cutoff   52         0.01660    0.03005  81.0%  32.4  285s
 1139475 165137    0.02527   52   53    0.01660    0.02991  80.2%  32.3  290s
 1161040 166467 infeasible   51         0.01660    0.02977  79.4%  32.3  295s
 1182433 167775     cutoff   59         0.01660    0.02962  78.5%  32.2  300s
H1201495 168882                       0.0165963    0.02949  77.7%  32.2  304s
 1202242 168971    0.02574   51   54    0.01660    0.02949  77.7%  32.2  305s
 1222656 170273    0.02064   57   44    0.01660    0.02936  76.9%  32.1  310s
 1244402 171632 infeasible   47         0.01660    0.02922  76.1%  32.1  315s
 1265657 172726     cutoff   57         0.01660    0.02909  75.3%  32.0  320s
 1286972 173840    0.01750   45   51    0.01660    0.02895  74.4%  32.0  325s
 1309046 175067    0.02128   56   51    0.01660    0.02881  73.6%  31.9  330s
 1330373 176153     cutoff   51         0.01660    0.02869  72.9%  31.9  335s
 1347826 176976     cutoff   54         0.01660    0.02858  72.2%  31.9  340s
 1370012 177923     cutoff   53         0.01660    0.02845  71.4%  31.8  345s
 1391955 178789    0.02832   50   57    0.01660    0.02833  70.7%  31.8  350s
 1414041 179786    0.01679   49   53    0.01660    0.02820  69.9%  31.7  355s
 1433912 180589    0.01992   59   45    0.01660    0.02809  69.3%  31.7  360s

Cutting planes:
  Gomory: 8
  Implied bound: 17
  MIR: 9
  Flow cover: 41
  RLT: 103
  Relax-and-lift: 2
  BQP: 28

Explored 1434029 nodes (45411243 simplex iterations) in 360.00 seconds (394.01 work units)
Thread count was 4 (of 4 available processors)

Solution count 10: 0.0165963 0.0165808 0.0165375 ... 0.0121014

Time limit reached
Best objective 1.659633429103e-02, best bound 2.809123555269e-02, gap 69.2617%
{"verdict": "UNRESOLVED", "status": "TIME_LIMIT", "runtime": 360.00233697891235, "objval": 0.0165963342910312, "objbound": 0.0280912355526887, "binaries": 46}
