Set parameter NodefileStart to value 6
Read parameters from file gurobi.env
Restricted license - for non-production use only - expires 2027-11-29
Set parameter OutputFlag to value 1
Set parameter Threads to value 4
Set parameter TimeLimit to value 360
Set parameter MIPGap to value 5e-05
Set parameter MIPFocus to value 2
Set parameter NonConvex to value 2
Set parameter BestBdStop to value 2.7426211734693878e-02
Gurobi Optimizer version 13.0.3 build v13.0.3rc0 (linux64 - "Ubuntu 24.04.5 LTS")

CPU model: AMD EPYC 9V74 80-Core Processor, instruction set [SSE2|AVX|AVX2]
Thread count: 2 physical cores, 4 logical processors, using up to 4 threads

Non-default parameters:
TimeLimit  360
BestBdStop  2.7426211734693878e-02
MIPGap  5e-05
MIPFocus  2
NodefileStart  6
NonConvex  2
Threads  4

Optimize a model with 141 rows, 111 columns and 810 nonzeros (Max)
Model fingerprint: 0x3abdddfb
Model has 1 linear objective coefficients
Model has 50 quadratic constraints
Variable types: 65 continuous, 46 integer (46 binary)
Coefficient statistics:
  Matrix range     [5e-01, 1e+00]
  QMatrix range    [1e+00, 1e+00]
  QLMatrix range   [1e+00, 1e+00]
  Objective range  [1e+00, 1e+00]
  Bounds range     [5e-01, 1e+00]
  RHS range        [1e+00, 1e+00]

Found heuristic solution: objective -0.0000000
Presolve time: 0.00s
Presolved: 341 rows, 112 columns, 1210 nonzeros
Presolved model has 50 bilinear constraint(s)

Solving non-convex MIQCP to global optimality

Variable types: 66 continuous, 46 integer (46 binary)
Root relaxation presolve removed 50 rows and 1 columns
Root relaxation presolved: 291 rows, 111 columns, 1160 nonzeros


Root relaxation: objective 8.333333e-02, 134 iterations, 0.00 seconds (0.00 work units)

    Nodes    |    Current Node    |     Objective Bounds      |     Work
 Expl Unexpl |  Obj  Depth IntInf | Incumbent    BestBd   Gap | It/Node Time

     0     0    0.08333    0   45   -0.00000    0.08333      -     -    0s
H    0     0                       0.0000000    0.08333      -     -    0s
     0     0    0.06250    0   65    0.00000    0.06250      -     -    0s
     0     0    0.06250    0   65    0.00000    0.06250      -     -    0s
     0     0    0.06250    0   42    0.00000    0.06250      -     -    0s
     0     0    0.06250    0   42    0.00000    0.06250      -     -    0s
     0     0    0.06250    0   43    0.00000    0.06250      -     -    0s
     0     0    0.06250    0   42    0.00000    0.06250      -     -    0s
     0     0    0.06250    0   42    0.00000    0.06250      -     -    0s
     0     2    0.06250    0   42    0.00000    0.06250      -     -    0s
*  921   815              91       0.0000001    0.06250      -  23.7    0s
H  959   856                       0.0000002    0.06250      -  24.2    0s
H 1149   948                       0.0000002    0.04545      -  26.5    1s
H 1156   904                       0.0000005    0.04141      -  26.4    1s
H 1161   862                       0.0000011    0.04031      -  26.2    1s
* 1906  1288             113       0.0000014    0.03900      -  25.9    2s
 10991  7950    0.03900   26   53    0.00000    0.03900      -  28.5    5s
H26120 18781                       0.0000016    0.03900      -  29.5    9s
 26717 19397     cutoff  103         0.00000    0.03900      -  29.4   10s
 45087 32674    0.00000   95   29    0.00000    0.03900      -  29.8   15s
 64651 46399    0.00417   53   50    0.00000    0.03900      -  30.1   20s
 83924 59838    0.01926   31   46    0.00000    0.03900      -  30.6   25s
 104044 74359    0.01032   47   52    0.00000    0.03900      -  30.8   30s
 123817 88608     cutoff   88         0.00000    0.03900      -  31.0   35s
 142734 102328    0.01352   36   53    0.00000    0.03900      -  31.2   40s
 162933 116762    0.00000   80   38    0.00000    0.03900      -  31.4   45s
 179135 128084    0.01104   44   52    0.00000    0.03900      -  31.4   50s
 198420 141700     cutoff   55         0.00000    0.03895      -  31.5   55s
 217810 155544    0.01029   42   52    0.00000    0.03880      -  31.4   60s
 238558 170450 infeasible   55         0.00000    0.03860      -  31.3   65s
 257492 183828    0.02802   29   52    0.00000    0.03841      -  31.3   70s
 277029 197958    0.01310   47   53    0.00000    0.03820      -  31.3   75s
 296640 211592    0.00294   49   54    0.00000    0.03809      -  31.4   80s
 313830 223633     cutoff   96         0.00000    0.03798      -  31.3   85s
H323460 229710                       0.0000016    0.03790      -  31.3   87s
 331228 235356    0.00532   48   50    0.00000    0.03783      -  31.3   90s
 347771 246534    0.00081   51   52    0.00000    0.03770      -  31.3   95s
 366692 259551    0.00000   81   35    0.00000    0.03757      -  31.3  100s
 385481 272390    0.00005   82   50    0.00000    0.03745      -  31.3  105s
 402503 284136    0.02955   32   54    0.00000    0.03733      -  31.3  110s
H420095 295782                       0.0000016    0.03719      -  31.3  114s
 420746 296477    0.00047   59   51    0.00000    0.03718      -  31.3  115s
 434246 305477    0.00107   58   50    0.00000    0.03711      -  31.3  120s
 453557 318906    0.02241   37   52    0.00000    0.03700      -  31.3  125s
 473658 332789     cutoff   40         0.00000    0.03692      -  31.3  130s
 492762 345697    0.00664   46   54    0.00000    0.03682      -  31.3  135s
 511988 358771    0.02760   33   50    0.00000    0.03672      -  31.3  140s
 531448 371523    0.01417   37   50    0.00000    0.03660      -  31.3  145s
 549072 383597    0.00020   61   44    0.00000    0.03651      -  31.3  150s
 568267 395737    0.00000   69   44    0.00000    0.03640      -  31.2  155s
 587466 408606    0.03512   31   45    0.00000    0.03633      -  31.2  160s
 608087 422189     cutoff   48         0.00000    0.03624      -  31.2  165s
 627324 435283     cutoff   63         0.00000    0.03618      -  31.2  170s
 646523 448186    0.00001   85   41    0.00000    0.03611      -  31.3  175s
 665526 460712    0.01974   40   51    0.00000    0.03603      -  31.3  180s
 683091 472819    0.00095   55   26    0.00000    0.03596      -  31.3  185s
 703086 486934    0.01726   40   53    0.00000    0.03592      -  31.2  190s
 722568 500068    0.00001   82   42    0.00000    0.03585      -  31.2  195s
 741591 512833     cutoff   58         0.00000    0.03579      -  31.2  200s
 760981 526368    0.01778   37   52    0.00000    0.03573      -  31.2  205s
 780574 539559    0.00054   66   50    0.00000    0.03568      -  31.2  210s
 800117 552961     cutoff   68         0.00000    0.03563      -  31.2  215s
 818346 565222    0.02770   32   54    0.00000    0.03558      -  31.2  220s
 837644 578893    0.00101   59   50    0.00000    0.03555      -  31.2  225s
 857350 591998    0.00695   44   45    0.00000    0.03550      -  31.2  230s
 876587 604759    0.00000   85   49    0.00000    0.03543      -  31.2  235s
 897325 619117    0.00003   73   53    0.00000    0.03537      -  31.2  240s
 913991 630718    0.01072   48   45    0.00000    0.03534      -  31.1  245s
 930654 641207     cutoff   40         0.00000    0.03531      -  31.1  250s
 951222 654812     cutoff   52         0.00000    0.03527      -  31.1  255s
 970548 667694    0.00001   64   27    0.00000    0.03521      -  31.1  260s
 989670 680221    0.01028   42   51    0.00000    0.03517      -  31.1  265s
 1008946 693182    0.00237   53   51    0.00000    0.03513      -  31.1  270s
 1030058 707367    0.00004   61   50    0.00000    0.03508      -  31.1  275s
 1047362 718897    0.03424   34   51    0.00000    0.03503      -  31.1  280s
 1066409 732021     cutoff   46         0.00000    0.03500      -  31.1  285s
 1086670 745167    0.00047   69   50    0.00000    0.03495      -  31.1  290s
 1104854 757396    0.00179   45   50    0.00000    0.03490      -  31.1  295s
 1124142 770175    0.00000   83   43    0.00000    0.03486      -  31.1  300s
 1143426 783060    0.01436   47   51    0.00000    0.03483      -  31.0  305s
 1162131 795633    0.00000   97   20    0.00000    0.03479      -  31.0  310s
 1181023 808359    0.02863   33   52    0.00000    0.03475      -  31.0  315s
 1200637 821072    0.00394   45   50    0.00000    0.03470      -  31.0  320s
 1220496 834104    0.00000   94   26    0.00000    0.03466      -  31.0  325s
 1240909 847859    0.00888   41   37    0.00000    0.03462      -  31.0  330s
 1260816 860934    0.00384   46   40    0.00000    0.03459      -  31.0  335s
 1277268 872029    0.00004   73   51    0.00000    0.03457      -  31.0  340s
 1296344 885649    0.01736   42   53    0.00000    0.03454      -  31.0  345s
 1316403 899167    0.00000   65   25    0.00000    0.03450      -  31.0  350s
 1334944 911066    0.00001   93   37    0.00000    0.03447      -  31.0  355s
 1353224 923646    0.02516   33   56    0.00000    0.03444      -  31.0  360s

Cutting planes:
  Gomory: 8
  Implied bound: 8
  MIR: 3
  Flow cover: 26
  RLT: 87
  Relax-and-lift: 5
  BQP: 26

Explored 1353379 nodes (41960328 simplex iterations) in 360.00 seconds (373.51 work units)
Thread count was 4 (of 4 available processors)

Solution count 9: 1.62076e-06 1.42499e-06 1.05407e-06 ... -0

Time limit reached
Best objective 1.620761250515e-06, best bound 3.444191232645e-02, gap 2124945.3955%
{"verdict": "UNRESOLVED", "status": "TIME_LIMIT", "runtime": 360.0023579597473, "objval": 1.6207612505148017e-06, "objbound": 0.034441912326452315, "binaries": 46}
