Set parameter NodefileStart to value 6
Read parameters from file gurobi.env
Restricted license - for non-production use only - expires 2027-11-29
Set parameter OutputFlag to value 1
Set parameter Threads to value 4
Set parameter TimeLimit to value 360
Set parameter MIPGap to value 5e-05
Set parameter MIPFocus to value 2
Set parameter NonConvex to value 2
Set parameter BestBdStop to value 2.7426211734693878e-02
Gurobi Optimizer version 13.0.3 build v13.0.3rc0 (linux64 - "Ubuntu 24.04.5 LTS")

CPU model: AMD EPYC 7763 64-Core Processor, instruction set [SSE2|AVX|AVX2]
Thread count: 2 physical cores, 4 logical processors, using up to 4 threads

Non-default parameters:
TimeLimit  360
BestBdStop  2.7426211734693878e-02
MIPGap  5e-05
MIPFocus  2
NodefileStart  6
NonConvex  2
Threads  4

Optimize a model with 133 rows, 103 columns and 742 nonzeros (Max)
Model fingerprint: 0x8a849f12
Model has 1 linear objective coefficients
Model has 50 quadratic constraints
Variable types: 65 continuous, 38 integer (38 binary)
Coefficient statistics:
  Matrix range     [5e-01, 1e+00]
  QMatrix range    [1e+00, 1e+00]
  QLMatrix range   [1e+00, 1e+00]
  Objective range  [1e+00, 1e+00]
  Bounds range     [5e-01, 1e+00]
  RHS range        [1e+00, 1e+00]

Found heuristic solution: objective -0.0000000
Presolve time: 0.00s
Presolved: 333 rows, 104 columns, 1142 nonzeros
Presolved model has 50 bilinear constraint(s)

Solving non-convex MIQCP to global optimality

Variable types: 66 continuous, 38 integer (38 binary)
Root relaxation presolve removed 50 rows and 1 columns
Root relaxation presolved: 283 rows, 103 columns, 1092 nonzeros


Root relaxation: objective 1.250000e-01, 131 iterations, 0.00 seconds (0.00 work units)

    Nodes    |    Current Node    |     Objective Bounds      |     Work
 Expl Unexpl |  Obj  Depth IntInf | Incumbent    BestBd   Gap | It/Node Time

     0     0    0.12500    0   58   -0.00000    0.12500      -     -    0s
     0     0    0.10000    0   54   -0.00000    0.10000      -     -    0s
     0     0    0.07759    0   66   -0.00000    0.07759      -     -    0s
     0     0    0.06250    0   66   -0.00000    0.06250      -     -    0s
     0     0    0.06250    0   56   -0.00000    0.06250      -     -    0s
     0     0    0.06250    0   55   -0.00000    0.06250      -     -    0s
     0     0    0.06250    0   48   -0.00000    0.06250      -     -    0s
     0     0    0.06250    0   49   -0.00000    0.06250      -     -    0s
     0     0    0.06250    0   53   -0.00000    0.06250      -     -    0s
     0     0    0.06250    0   54   -0.00000    0.06250      -     -    0s
     0     0    0.06250    0   52   -0.00000    0.06250      -     -    0s
     0     0    0.06250    0   52   -0.00000    0.06250      -     -    0s
     0     2    0.06250    0   52   -0.00000    0.06250      -     -    0s
H  689   659                       0.0000000    0.06250      -  25.5    0s
*  737   659             113       0.0000001    0.06250      -  24.5    0s
*  748   659              99       0.0000003    0.06250      -  24.7    0s
H 1356  1100                       0.0000007    0.04655      -  27.0    1s
H 6311  3845                       0.0000008    0.04520      -  23.8    3s
H 6468  4006                       0.0000008    0.04520      -  23.6    3s
 11007  7047    0.01423   33   44    0.00000    0.04133      -  23.2    5s
 28554 18586    0.01012   31   45    0.00000    0.03549      -  24.1   10s
 48288 32163    0.00982   33   51    0.00000    0.03243      -  24.0   15s
 70016 46428    0.00012   46   38    0.00000    0.02991      -  23.6   20s
 91356 58498    0.00105   40   52    0.00000    0.02754      -  23.3   25s

Cutting planes:
  Gomory: 11
  Implied bound: 3
  MIR: 3
  Flow cover: 20
  RLT: 70
  Relax-and-lift: 2
  BQP: 10

Explored 93377 nodes (2177047 simplex iterations) in 25.45 seconds (26.51 work units)
Thread count was 4 (of 4 available processors)

Solution count 7: 8.10917e-07 7.82544e-07 6.6105e-07 ... -0

Optimization achieved user objective limit
Best objective 8.109170253900e-07, best bound 2.742130217184e-02, gap -
{"verdict": "PROVED", "status": "BOUND_REACHED", "runtime": 25.447673082351685, "objval": 8.109170253900457e-07, "objbound": 0.027421302171842188, "binaries": 38}
