Set parameter NodefileStart to value 6
Read parameters from file gurobi.env
Restricted license - for non-production use only - expires 2027-11-29
Set parameter OutputFlag to value 1
Set parameter Threads to value 4
Set parameter TimeLimit to value 360
Set parameter MIPGap to value 5e-05
Set parameter MIPFocus to value 2
Set parameter NonConvex to value 2
Set parameter BestBdStop to value 2.7426211734693878e-02
Gurobi Optimizer version 13.0.3 build v13.0.3rc0 (linux64 - "Ubuntu 24.04.5 LTS")

CPU model: Intel(R) Xeon(R) 6973P-C, instruction set [SSE2|AVX|AVX2|AVX512]
Thread count: 2 physical cores, 4 logical processors, using up to 4 threads

Non-default parameters:
TimeLimit  360
BestBdStop  2.7426211734693878e-02
MIPGap  5e-05
MIPFocus  2
NodefileStart  6
NonConvex  2
Threads  4

Optimize a model with 141 rows, 111 columns and 810 nonzeros (Max)
Model fingerprint: 0x1f7b4e1b
Model has 1 linear objective coefficients
Model has 50 quadratic constraints
Variable types: 65 continuous, 46 integer (46 binary)
Coefficient statistics:
  Matrix range     [5e-01, 1e+00]
  QMatrix range    [1e+00, 1e+00]
  QLMatrix range   [1e+00, 1e+00]
  Objective range  [1e+00, 1e+00]
  Bounds range     [5e-01, 1e+00]
  RHS range        [1e+00, 1e+00]

Found heuristic solution: objective -0.0000000
Presolve time: 0.00s
Presolved: 341 rows, 112 columns, 1210 nonzeros
Presolved model has 50 bilinear constraint(s)

Solving non-convex MIQCP to global optimality

Variable types: 66 continuous, 46 integer (46 binary)
Root relaxation presolve removed 50 rows and 1 columns
Root relaxation presolved: 291 rows, 111 columns, 1160 nonzeros


Root relaxation: objective 8.333333e-02, 128 iterations, 0.00 seconds (0.00 work units)

    Nodes    |    Current Node    |     Objective Bounds      |     Work
 Expl Unexpl |  Obj  Depth IntInf | Incumbent    BestBd   Gap | It/Node Time

     0     0    0.08333    0   50   -0.00000    0.08333      -     -    0s
H    0     0                       0.0000000    0.08333      -     -    0s
     0     0    0.06250    0   72    0.00000    0.06250      -     -    0s
     0     0    0.06250    0   40    0.00000    0.06250      -     -    0s
     0     0    0.06250    0   56    0.00000    0.06250      -     -    0s
     0     0    0.06250    0   56    0.00000    0.06250      -     -    0s
     0     0    0.06250    0   46    0.00000    0.06250      -     -    0s
     0     0    0.06250    0   43    0.00000    0.06250      -     -    0s
H    0     0                       0.0000004    0.06250      -     -    0s
     0     0    0.06250    0   45    0.00000    0.06250      -     -    0s
     0     0    0.06250    0   41    0.00000    0.06250      -     -    0s
     0     0    0.06250    0   43    0.00000    0.06250      -     -    0s
     0     0    0.06250    0   43    0.00000    0.06250      -     -    0s
     0     0    0.06250    0   43    0.00000    0.06250      -     -    0s
     0     2    0.06250    0   43    0.00000    0.06250      -     -    0s
H   71    92                       0.0000004    0.06250      -  19.9    0s
H   86    92                       0.0000005    0.06250      -  19.8    0s
H  712   647                       0.0000006    0.06250      -  22.1    0s
H 1903  1153                       0.0044795    0.04499   904%  21.9    1s
* 2008  1145             132       0.0044839    0.04499   903%  21.9    1s
* 2013  1097             132       0.0044839    0.04499   903%  21.9    1s
H 3080  1332                       0.0049360    0.04499   812%  30.1    2s
H 3084  1321                       0.0051959    0.04499   766%  30.1    2s
H 3167  1288                       0.0052133    0.04499   763%  30.5    2s
H 3208  1184                       0.0061815    0.04499   628%  30.4    2s
* 6562  2349             144       0.0124700    0.04499   261%  32.0    2s
H 7204  2433                       0.0125534    0.04447   254%  32.0    2s
H 7443  2480                       0.0127218    0.04397   246%  32.1    3s
H11173  3758                       0.0127219    0.04134   225%  34.9    4s
 15988  5282     cutoff   40         0.01272    0.03930   209%  35.1    5s
H20289  6432                       0.0127220    0.03795   198%  35.3    6s
H21837  6880                       0.0130601    0.03777   189%  35.2    7s
H23649  7401                       0.0132064    0.03742   183%  35.1    8s
 32321  9923    0.02878   25   53    0.01321    0.03606   173%  34.6   10s
H36611 11042                       0.0135226    0.03554   163%  34.5   10s
 52820 15847    0.01613   46   45    0.01352    0.03418   153%  33.6   15s
H63994 19641                       0.0135361    0.03372   149%  33.4   17s
 72403 22635    0.01677   42   62    0.01354    0.03343   147%  33.0   20s
 93802 29423     cutoff   44         0.01354    0.03284   143%  32.6   25s
 117372 36706    0.01616   36   55    0.01354    0.03227   138%  32.3   30s
 139530 42767     cutoff   45         0.01354    0.03171   134%  32.0   35s
 159023 48218    0.01477   42   48    0.01354    0.03134   132%  31.8   40s
 184395 55035    0.01357   40   49    0.01354    0.03095   129%  31.6   45s
 207399 61552    0.01864   41   55    0.01354    0.03063   126%  31.4   50s
 235340 69209    0.01374   42   51    0.01354    0.03031   124%  31.1   55s
 262897 76675     cutoff   39         0.01354    0.03005   122%  30.9   60s
 286927 82473    0.01477   43   51    0.01354    0.02981   120%  30.9   65s
 309096 87758     cutoff   41         0.01354    0.02961   119%  30.9   70s
 334034 93732    0.01661   40   51    0.01354    0.02940   117%  30.8   75s
 352952 98219     cutoff   43         0.01354    0.02924   116%  30.8   80s
 378086 104121     cutoff   46         0.01354    0.02904   115%  30.8   85s
 400936 109327     cutoff   49         0.01354    0.02884   113%  30.8   90s
 422976 114388     cutoff   36         0.01354    0.02868   112%  30.8   95s
 446400 119317    0.01793   41   54    0.01354    0.02853   111%  30.8  100s
 470120 124834    0.01482   38   58    0.01354    0.02839   110%  30.7  105s
 494146 129743    0.01402   44   57    0.01354    0.02824   109%  30.7  110s
*517957 133906              76       0.0136660    0.02810   106%  30.7  114s
 518582 134031    0.01832   42   56    0.01367    0.02809   106%  30.7  115s
H519029 132899                       0.0138244    0.02809   103%  30.7  115s
H521558 133390                       0.0138246    0.02807   103%  30.7  117s
 531381 135405     cutoff   44         0.01382    0.02801   103%  30.6  120s
 556322 140133    0.02195   34   57    0.01382    0.02786   101%  30.6  125s
H557212 137252                       0.0142175    0.02785  95.9%  30.6  125s
H557542 137306                       0.0142175    0.02785  95.9%  30.6  125s
H560403 137835                       0.0142175    0.02783  95.8%  30.6  126s
 575386 140459    0.01823   37   52    0.01422    0.02774  95.1%  30.6  130s
 597958 144434    0.01969   33   52    0.01422    0.02762  94.3%  30.5  135s
 620692 148331    0.01439   45   58    0.01422    0.02749  93.4%  30.5  141s

Cutting planes:
  Gomory: 7
  Implied bound: 16
  MIR: 6
  Flow cover: 15
  RLT: 95
  Relax-and-lift: 5
  BQP: 21

Explored 633046 nodes (19306794 simplex iterations) in 143.22 seconds (163.96 work units)
Thread count was 4 (of 4 available processors)

Solution count 10: 0.0142175 0.0138246 0.013666 ... 0.0125534

Optimization achieved user objective limit
Best objective 1.421752763130e-02, best bound 2.742516620291e-02, gap 92.8969%
{"verdict": "PROVED", "status": "BOUND_REACHED", "runtime": 143.22502303123474, "objval": 0.014217527631300481, "objbound": 0.02742516620290935, "binaries": 46}
