Set parameter NodefileStart to value 6
Read parameters from file gurobi.env
Restricted license - for non-production use only - expires 2027-11-29
Set parameter OutputFlag to value 1
Set parameter Threads to value 4
Set parameter TimeLimit to value 360
Set parameter MIPGap to value 5e-05
Set parameter MIPFocus to value 2
Set parameter NonConvex to value 2
Set parameter BestBdStop to value 2.7426211734693878e-02
Gurobi Optimizer version 13.0.3 build v13.0.3rc0 (linux64 - "Ubuntu 24.04.5 LTS")

CPU model: INTEL(R) XEON(R) PLATINUM 8573C, instruction set [SSE2|AVX|AVX2|AVX512]
Thread count: 2 physical cores, 4 logical processors, using up to 4 threads

Non-default parameters:
TimeLimit  360
BestBdStop  2.7426211734693878e-02
MIPGap  5e-05
MIPFocus  2
NodefileStart  6
NonConvex  2
Threads  4

Optimize a model with 141 rows, 111 columns and 810 nonzeros (Max)
Model fingerprint: 0xd5b8084e
Model has 1 linear objective coefficients
Model has 50 quadratic constraints
Variable types: 65 continuous, 46 integer (46 binary)
Coefficient statistics:
  Matrix range     [5e-01, 1e+00]
  QMatrix range    [1e+00, 1e+00]
  QLMatrix range   [1e+00, 1e+00]
  Objective range  [1e+00, 1e+00]
  Bounds range     [5e-01, 1e+00]
  RHS range        [1e+00, 1e+00]

Found heuristic solution: objective -0.0000000
Presolve time: 0.00s
Presolved: 341 rows, 112 columns, 1210 nonzeros
Presolved model has 50 bilinear constraint(s)

Solving non-convex MIQCP to global optimality

Variable types: 66 continuous, 46 integer (46 binary)
Root relaxation presolve removed 50 rows and 1 columns
Root relaxation presolved: 291 rows, 111 columns, 1160 nonzeros


Root relaxation: objective 8.333333e-02, 135 iterations, 0.00 seconds (0.00 work units)

    Nodes    |    Current Node    |     Objective Bounds      |     Work
 Expl Unexpl |  Obj  Depth IntInf | Incumbent    BestBd   Gap | It/Node Time

     0     0    0.08333    0   45   -0.00000    0.08333      -     -    0s
     0     0    0.07895    0   62   -0.00000    0.07895      -     -    0s
     0     0    0.07895    0   56   -0.00000    0.07895      -     -    0s
     0     0    0.07895    0   63   -0.00000    0.07895      -     -    0s
     0     0    0.07895    0   51   -0.00000    0.07895      -     -    0s
     0     0    0.07895    0   51   -0.00000    0.07895      -     -    0s
     0     0    0.07895    0   46   -0.00000    0.07895      -     -    0s
     0     0    0.07895    0   57   -0.00000    0.07895      -     -    0s
     0     0    0.07895    0   57   -0.00000    0.07895      -     -    0s
     0     0    0.07895    0   57   -0.00000    0.07895      -     -    0s
     0     0    0.07895    0   53   -0.00000    0.07895      -     -    0s
     0     2    0.07895    0   53   -0.00000    0.07895      -     -    0s
*  669   635              92       0.0000002    0.07895      -  32.0    0s
*  879   776             105       0.0000003    0.07692      -  32.1    0s
*  883   776             105       0.0000003    0.07692      -  32.0    0s
H 1297   978                       0.0000005    0.07692      -  31.7    1s
H 2111  1429                       0.0000006    0.04844      -  29.9    1s
* 2493  1561             111       0.0000010    0.04844      -  28.4    1s
  9901  7193    0.00281   45   44    0.00000    0.04630      -  26.4    5s
 24424 18107     cutoff   89         0.00000    0.04357      -  24.8   10s
 44532 32066    0.01052   48   50    0.00000    0.04218      -  24.1   15s
 64814 45936    0.00110   43   50    0.00000    0.04141      -  24.3   20s
 84376 60089    0.00006   54   45    0.00000    0.04063      -  24.0   25s
 103511 76113    0.01823   41   50    0.00000    0.04018      -  24.0   30s
 126855 89952    0.00001  101   37    0.00000    0.03972      -  24.0   35s
 143386 101659    0.00000  114   32    0.00000    0.03944      -  24.0   40s
 161805 114434    0.03197   35   55    0.00000    0.03920      -  24.0   45s
 182439 128330     cutoff   70         0.00000    0.03893      -  24.0   50s
 200751 141265    0.00004   75   50    0.00000    0.03873      -  24.0   55s
 220549 154880     cutoff   99         0.00000    0.03849      -  24.1   60s
 235797 166098    0.00001   83   51    0.00000    0.03840      -  24.1   65s
 252324 177875    0.00328   52   44    0.00000    0.03828      -  24.1   71s
 270803 191039    0.03696   34   60    0.00000    0.03811      -  24.1   75s
 289391 203875    0.01242   48   50    0.00000    0.03798      -  24.1   80s
 301311 212687    0.00001   72   43    0.00000    0.03791      -  24.1   85s
 319329 225654    0.00080   54   51    0.00000    0.03783      -  24.1   90s
 336731 237848    0.02057   47   50    0.00000    0.03773      -  24.1   95s
H339259 238804                       0.0000011    0.03772      -  24.1   95s
H340907 237848                       0.0000014    0.03771      -  24.1   96s
H342013 238343                       0.0000014    0.03771      -  24.1   96s
 351179 244898     cutoff  117         0.00000    0.03769      -  24.1  100s
 370323 258386    0.00328   58   43    0.00000    0.03757      -  24.1  105s
 393554 274177    0.00000   95   38    0.00000    0.03745      -  24.0  110s
 413064 287961    0.00004   84   49    0.00000    0.03737      -  24.0  115s
 428179 298401    0.02110   45   51    0.00000    0.03730      -  24.1  120s
 445465 310291    0.00090   66   50    0.00000    0.03722      -  24.1  125s
 465734 324624    0.00236   54   50    0.00000    0.03713      -  24.1  130s
 484963 337988     cutoff   69         0.00000    0.03711      -  24.2  135s
 507214 353838    0.00043   57   50    0.00000    0.03702      -  24.2  140s
 527306 367546    0.00177   64   50    0.00000    0.03692      -  24.2  145s
 545621 380516    0.00108   52   50    0.00000    0.03687      -  24.2  150s
 566829 395030    0.00001   77   43    0.00000    0.03679      -  24.2  155s
 587508 409589    0.00429   48   50    0.00000    0.03672      -  24.2  160s
 609803 425283    0.00010   76   50    0.00000    0.03666      -  24.2  165s
 628291 438634    0.00002  107   43    0.00000    0.03662      -  24.2  170s
 645811 450629    0.00000  104   42    0.00000    0.03656      -  24.2  175s
 664315 463678    0.00042   53   32    0.00000    0.03652      -  24.2  180s
 685443 478108    0.00017   64   50    0.00000    0.03648      -  24.2  185s
 698779 486936    0.00000   88   32    0.00000    0.03643      -  24.2  190s
 716629 499293    0.01675   41   51    0.00000    0.03638      -  24.2  195s
 732648 510792     cutoff   47         0.00000    0.03634      -  24.2  200s
 754103 525613     cutoff   50         0.00000    0.03629      -  24.2  205s
 777711 541663    0.00028   59   44    0.00000    0.03623      -  24.2  210s
 782375 545346    0.00039   58   51    0.00000    0.03622      -  24.2  215s
 798892 557031     cutoff   97         0.00000    0.03618      -  24.3  220s
 819836 570855    0.00148   67   51    0.00000    0.03614      -  24.5  225s
 844282 588056     cutoff   65         0.00000    0.03611      -  24.7  230s
 863020 600868    0.01316   42   50    0.00000    0.03605      -  24.8  235s
 882043 614293    0.01747   40   50    0.00000    0.03603      -  24.9  240s
 899848 626465    0.01159   46   50    0.00000    0.03599      -  25.0  245s
 924089 643122    0.00000   92   43    0.00000    0.03595      -  25.2  250s
 942433 656135     cutoff   73         0.00000    0.03590      -  25.3  255s
 955173 664643    0.00278   60   52    0.00000    0.03587      -  25.4  260s
 955322 664868    0.00318   62   50    0.00000    0.03587      -  25.4  265s
 973178 677185    0.00686   50   52    0.00000    0.03583      -  25.5  270s
 994752 692547    0.00320   52   51    0.00000    0.03578      -  25.7  275s
 1015910 707153    0.00080   68   50    0.00000    0.03574      -  25.8  280s
 1035296 720766     cutoff  101         0.00000    0.03571      -  25.9  285s
 1054803 734279    0.00001   71   42    0.00000    0.03568      -  26.0  290s
 1077916 750648    0.00586   46   42    0.00000    0.03563      -  26.1  295s
 1096384 763238    0.01605   42   53    0.00000    0.03560      -  26.2  300s
 1117866 777726    0.00680   44   42    0.00000    0.03555      -  26.3  305s
 1138905 792147     cutoff   53         0.00000    0.03551      -  26.3  310s
 1165088 810352    0.03421   35   51    0.00000    0.03548      -  26.4  315s
 1184066 823549    0.01672   42   51    0.00000    0.03546      -  26.4  320s
 1207210 839474    0.00003   93   49    0.00000    0.03542      -  26.5  325s
 1223015 850222    0.00766   44   50    0.00000    0.03540      -  26.6  330s
 1246522 866061    0.00001  101   33    0.00000    0.03536      -  26.7  335s
 1267501 880951    0.00805   44   46    0.00000    0.03533      -  26.7  340s
 1285181 893018     cutoff   85         0.00000    0.03530      -  26.8  345s
 1306623 907801    0.00142   52   43    0.00000    0.03526      -  26.8  350s
 1328880 923100     cutoff   57         0.00000    0.03523      -  26.9  356s
 1346981 936155    0.00001   89   39    0.00000    0.03521      -  27.0  360s

Cutting planes:
  Gomory: 14
  Lift-and-project: 1
  Implied bound: 9
  MIR: 4
  Flow cover: 30
  RLT: 104
  Relax-and-lift: 13
  BQP: 30

Explored 1347307 nodes (36322682 simplex iterations) in 360.00 seconds (392.05 work units)
Thread count was 4 (of 4 available processors)

Solution count 9: 1.39789e-06 1.37723e-06 1.11642e-06 ... -0

Time limit reached
Best objective 1.397888285383e-06, best bound 3.520395441248e-02, gap 2518266.7952%
{"verdict": "UNRESOLVED", "status": "TIME_LIMIT", "runtime": 360.002060174942, "objval": 1.3978882853829533e-06, "objbound": 0.03520395441248207, "binaries": 46}
