Set parameter NodefileStart to value 6
Read parameters from file gurobi.env
Restricted license - for non-production use only - expires 2027-11-29
Set parameter OutputFlag to value 1
Set parameter Threads to value 4
Set parameter TimeLimit to value 360
Set parameter MIPGap to value 5e-05
Set parameter MIPFocus to value 2
Set parameter NonConvex to value 2
Set parameter BestBdStop to value 2.7426211734693878e-02
Gurobi Optimizer version 13.0.3 build v13.0.3rc0 (linux64 - "Ubuntu 24.04.5 LTS")

CPU model: AMD EPYC 7763 64-Core Processor, instruction set [SSE2|AVX|AVX2]
Thread count: 2 physical cores, 4 logical processors, using up to 4 threads

Non-default parameters:
TimeLimit  360
BestBdStop  2.7426211734693878e-02
MIPGap  5e-05
MIPFocus  2
NodefileStart  6
NonConvex  2
Threads  4

Optimize a model with 145 rows, 115 columns and 846 nonzeros (Max)
Model fingerprint: 0x727dfd24
Model has 1 linear objective coefficients
Model has 50 quadratic constraints
Variable types: 65 continuous, 50 integer (50 binary)
Coefficient statistics:
  Matrix range     [5e-01, 1e+00]
  QMatrix range    [1e+00, 1e+00]
  QLMatrix range   [1e+00, 1e+00]
  Objective range  [1e+00, 1e+00]
  Bounds range     [5e-01, 1e+00]
  RHS range        [1e+00, 1e+00]

Found heuristic solution: objective -0.0000000
Presolve time: 0.00s
Presolved: 345 rows, 116 columns, 1246 nonzeros
Presolved model has 50 bilinear constraint(s)

Solving non-convex MIQCP to global optimality

Variable types: 66 continuous, 50 integer (50 binary)
Root relaxation presolve removed 50 rows and 1 columns
Root relaxation presolved: 295 rows, 115 columns, 1196 nonzeros


Root relaxation: objective 8.333333e-02, 108 iterations, 0.00 seconds (0.00 work units)

    Nodes    |    Current Node    |     Objective Bounds      |     Work
 Expl Unexpl |  Obj  Depth IntInf | Incumbent    BestBd   Gap | It/Node Time

     0     0    0.08333    0   40   -0.00000    0.08333      -     -    0s
H    0     0                       0.0000000    0.08333      -     -    0s
H    0     0                       0.0000000    0.06250      -     -    0s
     0     0    0.06250    0   64    0.00000    0.06250      -     -    0s
     0     0    0.06250    0   55    0.00000    0.06250      -     -    0s
     0     0    0.06250    0   61    0.00000    0.06250      -     -    0s
     0     0    0.06250    0   56    0.00000    0.06250      -     -    0s
     0     0    0.06250    0   67    0.00000    0.06250      -     -    0s
     0     0    0.06250    0   61    0.00000    0.06250      -     -    0s
     0     0    0.06250    0   57    0.00000    0.06250      -     -    0s
     0     0    0.06250    0   62    0.00000    0.06250      -     -    0s
     0     0    0.06250    0   61    0.00000    0.06250      -     -    0s
     0     0    0.06250    0   51    0.00000    0.06250      -     -    0s
     0     0    0.06250    0   58    0.00000    0.06250      -     -    0s
     0     0    0.06250    0   64    0.00000    0.06250      -     -    0s
     0     0    0.06250    0   53    0.00000    0.06250      -     -    0s
     0     0    0.06250    0   53    0.00000    0.06250      -     -    0s
     0     2    0.06250    0   53    0.00000    0.06250      -     -    0s
H   77    93                       0.0000004    0.06250      -  19.8    0s
H  500   428                       0.0000005    0.06250      -  20.2    0s
H 1150   987                       0.0000006    0.06250      -  20.4    1s
H 1785  1237                       0.0012408    0.02789  2148%  22.6    2s
H 1829  1184                       0.0012418    0.02789  2146%  22.3    2s
H 2370  1324                       0.0012418    0.02789  2146%  23.7    2s
H 2413  1308                       0.0014262    0.02789  1856%  23.7    2s
H 2436  1222                       0.0018126    0.02789  1439%  23.7    2s
* 3640  1655             121       0.0019756    0.02789  1312%  23.5    3s
H 4679  1599                       0.0040466    0.02789   589%  24.1    3s

Cutting planes:
  Gomory: 2
  Flow cover: 4
  RLT: 45
  Relax-and-lift: 3
  BQP: 7

Explored 6691 nodes (175181 simplex iterations) in 4.13 seconds (2.90 work units)
Thread count was 4 (of 4 available processors)

Solution count 10: 0.00404664 0.00197564 0.00181259 ... 1.80154e-08

Optimization achieved user objective limit
Best objective 4.046638393740e-03, best bound 2.733948601158e-02, gap 575.6098%
{"verdict": "PROVED", "status": "BOUND_REACHED", "runtime": 4.129833221435547, "objval": 0.0040466383937395834, "objbound": 0.027339486011582752, "binaries": 50}
