Set parameter NodefileStart to value 6
Read parameters from file gurobi.env
Restricted license - for non-production use only - expires 2027-11-29
Set parameter OutputFlag to value 1
Set parameter Threads to value 4
Set parameter TimeLimit to value 360
Set parameter MIPGap to value 5e-05
Set parameter MIPFocus to value 2
Set parameter NonConvex to value 2
Set parameter BestBdStop to value 2.7426211734693878e-02
Gurobi Optimizer version 13.0.3 build v13.0.3rc0 (linux64 - "Ubuntu 24.04.5 LTS")

CPU model: AMD EPYC 7763 64-Core Processor, instruction set [SSE2|AVX|AVX2]
Thread count: 2 physical cores, 4 logical processors, using up to 4 threads

Non-default parameters:
TimeLimit  360
BestBdStop  2.7426211734693878e-02
MIPGap  5e-05
MIPFocus  2
NodefileStart  6
NonConvex  2
Threads  4

Optimize a model with 145 rows, 115 columns and 846 nonzeros (Max)
Model fingerprint: 0xfb3db128
Model has 1 linear objective coefficients
Model has 50 quadratic constraints
Variable types: 65 continuous, 50 integer (50 binary)
Coefficient statistics:
  Matrix range     [5e-01, 1e+00]
  QMatrix range    [1e+00, 1e+00]
  QLMatrix range   [1e+00, 1e+00]
  Objective range  [1e+00, 1e+00]
  Bounds range     [5e-01, 1e+00]
  RHS range        [1e+00, 1e+00]

Found heuristic solution: objective -0.0000000
Presolve time: 0.00s
Presolved: 345 rows, 116 columns, 1246 nonzeros
Presolved model has 50 bilinear constraint(s)

Solving non-convex MIQCP to global optimality

Variable types: 66 continuous, 50 integer (50 binary)
Root relaxation presolve removed 50 rows and 1 columns
Root relaxation presolved: 295 rows, 115 columns, 1196 nonzeros


Root relaxation: objective 8.333333e-02, 112 iterations, 0.00 seconds (0.00 work units)

    Nodes    |    Current Node    |     Objective Bounds      |     Work
 Expl Unexpl |  Obj  Depth IntInf | Incumbent    BestBd   Gap | It/Node Time

     0     0    0.08333    0   50   -0.00000    0.08333      -     -    0s
H    0     0                       0.0000000    0.08333      -     -    0s
     0     0    0.06250    0   62    0.00000    0.06250      -     -    0s
     0     0    0.06250    0   40    0.00000    0.06250      -     -    0s
     0     0    0.06250    0   47    0.00000    0.06250      -     -    0s
     0     0    0.06250    0   54    0.00000    0.06250      -     -    0s
     0     0    0.06250    0   49    0.00000    0.06250      -     -    0s
     0     0    0.06250    0   50    0.00000    0.06250      -     -    0s
     0     0    0.06250    0   63    0.00000    0.06250      -     -    0s
     0     0    0.06250    0   41    0.00000    0.06250      -     -    0s
     0     0    0.06250    0   59    0.00000    0.06250      -     -    0s
     0     0    0.06250    0   71    0.00000    0.06250      -     -    0s
     0     0    0.06250    0   48    0.00000    0.06250      -     -    0s
     0     0    0.06250    0   50    0.00000    0.06250      -     -    0s
     0     0    0.06250    0   43    0.00000    0.06250      -     -    0s
     0     0    0.06250    0   43    0.00000    0.06250      -     -    0s
H    0     0                       0.0000002    0.06250      -     -    0s
     0     2    0.06250    0   43    0.00000    0.06250      -     -    0s
H 1253  1002                       0.0000002    0.06250      -  25.3    1s
H 1487  1109                       0.0000005    0.03897      -  25.2    1s

Cutting planes:
  Gomory: 6
  Implied bound: 2
  MIR: 1
  Flow cover: 3
  RLT: 38
  Relax-and-lift: 4
  BQP: 3

Explored 4534 nodes (79833 simplex iterations) in 2.81 seconds (1.89 work units)
Thread count was 4 (of 4 available processors)

Solution count 5: 4.92708e-07 2.28818e-07 2.28639e-07 ... -0

Optimization achieved user objective limit
Best objective 4.927078670613e-07, best bound 2.710648561917e-02, gap -
{"verdict": "PROVED", "status": "BOUND_REACHED", "runtime": 2.808871030807495, "objval": 4.927078670613484e-07, "objbound": 0.027106485619170728, "binaries": 50}
