Set parameter NodefileStart to value 6
Read parameters from file gurobi.env
Restricted license - for non-production use only - expires 2027-11-29
Set parameter OutputFlag to value 1
Set parameter Threads to value 4
Set parameter TimeLimit to value 360
Set parameter MIPGap to value 5e-05
Set parameter MIPFocus to value 2
Set parameter NonConvex to value 2
Set parameter BestBdStop to value 2.7426211734693878e-02
Gurobi Optimizer version 13.0.3 build v13.0.3rc0 (linux64 - "Ubuntu 24.04.5 LTS")

CPU model: AMD EPYC 7763 64-Core Processor, instruction set [SSE2|AVX|AVX2]
Thread count: 2 physical cores, 4 logical processors, using up to 4 threads

Non-default parameters:
TimeLimit  360
BestBdStop  2.7426211734693878e-02
MIPGap  5e-05
MIPFocus  2
NodefileStart  6
NonConvex  2
Threads  4

Optimize a model with 125 rows, 95 columns and 686 nonzeros (Max)
Model fingerprint: 0xc643329b
Model has 1 linear objective coefficients
Model has 50 quadratic constraints
Variable types: 65 continuous, 30 integer (30 binary)
Coefficient statistics:
  Matrix range     [5e-01, 1e+00]
  QMatrix range    [1e+00, 1e+00]
  QLMatrix range   [1e+00, 1e+00]
  Objective range  [1e+00, 1e+00]
  Bounds range     [5e-01, 1e+00]
  RHS range        [1e+00, 1e+00]

Found heuristic solution: objective -0.0000000
Presolve time: 0.00s
Presolved: 325 rows, 96 columns, 1086 nonzeros
Presolved model has 50 bilinear constraint(s)

Solving non-convex MIQCP to global optimality

Variable types: 66 continuous, 30 integer (30 binary)
Root relaxation presolve removed 50 rows and 1 columns
Root relaxation presolved: 275 rows, 95 columns, 1036 nonzeros


Root relaxation: objective 8.333333e-02, 115 iterations, 0.00 seconds (0.00 work units)

    Nodes    |    Current Node    |     Objective Bounds      |     Work
 Expl Unexpl |  Obj  Depth IntInf | Incumbent    BestBd   Gap | It/Node Time

     0     0    0.08333    0   54   -0.00000    0.08333      -     -    0s
     0     0    0.06944    0   56   -0.00000    0.06944      -     -    0s
     0     0    0.06667    0   56   -0.00000    0.06667      -     -    0s
     0     0    0.06667    0   56   -0.00000    0.06667      -     -    0s
     0     0    0.06000    0   54   -0.00000    0.06000      -     -    0s
     0     0    0.06000    0   54   -0.00000    0.06000      -     -    0s
     0     0    0.05556    0   54   -0.00000    0.05556      -     -    0s
     0     0    0.05556    0   55   -0.00000    0.05556      -     -    0s
     0     0    0.05556    0   49   -0.00000    0.05556      -     -    0s
     0     0    0.05500    0   58   -0.00000    0.05500      -     -    0s
     0     0    0.05500    0   55   -0.00000    0.05500      -     -    0s
     0     0    0.05500    0   60   -0.00000    0.05500      -     -    0s
     0     0    0.05500    0   61   -0.00000    0.05500      -     -    0s
     0     0    0.05488    0   61   -0.00000    0.05488      -     -    0s
     0     0    0.05488    0   59   -0.00000    0.05488      -     -    0s
     0     2    0.05488    0   59   -0.00000    0.05488      -     -    0s
H  375   351                       0.0000000    0.05488      -  35.2    0s
H  426   383                       0.0000000    0.05488      -  34.4    0s
*  474   383              67       0.0000000    0.05488      -  33.1    0s
H  500   439                       0.0000003    0.05488      -  32.3    0s
* 1769  1208              83       0.0000004    0.03648      -  28.6    1s
* 1849  1147              91       0.0000004    0.03648      -  28.1    1s
* 1862  1097              86       0.0000004    0.03169      -  28.1    1s

Cutting planes:
  Gomory: 7
  RLT: 25
  BQP: 2

Explored 1972 nodes (56590 simplex iterations) in 2.00 seconds (1.37 work units)
Thread count was 4 (of 4 available processors)

Solution count 8: 4.35658e-07 3.72561e-07 3.55265e-07 ... -0

Optimization achieved user objective limit
Best objective 4.356578080671e-07, best bound 2.614644764661e-02, gap -
{"verdict": "PROVED", "status": "BOUND_REACHED", "runtime": 2.0034821033477783, "objval": 4.356578080671374e-07, "objbound": 0.026146447646613377, "binaries": 30}
