Set parameter NodefileStart to value 6
Read parameters from file gurobi.env
Restricted license - for non-production use only - expires 2027-11-29
Set parameter OutputFlag to value 1
Set parameter Threads to value 4
Set parameter TimeLimit to value 360
Set parameter MIPGap to value 5e-05
Set parameter MIPFocus to value 2
Set parameter NonConvex to value 2
Set parameter BestBdStop to value 2.7426211734693878e-02
Gurobi Optimizer version 13.0.3 build v13.0.3rc0 (linux64 - "Ubuntu 24.04.5 LTS")

CPU model: AMD EPYC 9V74 80-Core Processor, instruction set [SSE2|AVX|AVX2]
Thread count: 2 physical cores, 4 logical processors, using up to 4 threads

Non-default parameters:
TimeLimit  360
BestBdStop  2.7426211734693878e-02
MIPGap  5e-05
MIPFocus  2
NodefileStart  6
NonConvex  2
Threads  4

Optimize a model with 137 rows, 107 columns and 774 nonzeros (Max)
Model fingerprint: 0x72cbb952
Model has 1 linear objective coefficients
Model has 50 quadratic constraints
Variable types: 65 continuous, 42 integer (42 binary)
Coefficient statistics:
  Matrix range     [5e-01, 1e+00]
  QMatrix range    [1e+00, 1e+00]
  QLMatrix range   [1e+00, 1e+00]
  Objective range  [1e+00, 1e+00]
  Bounds range     [5e-01, 1e+00]
  RHS range        [1e+00, 1e+00]

Found heuristic solution: objective -0.0000000
Presolve time: 0.00s
Presolved: 337 rows, 108 columns, 1174 nonzeros
Presolved model has 50 bilinear constraint(s)

Solving non-convex MIQCP to global optimality

Variable types: 66 continuous, 42 integer (42 binary)
Root relaxation presolve removed 50 rows and 1 columns
Root relaxation presolved: 287 rows, 107 columns, 1124 nonzeros


Root relaxation: objective 1.250000e-01, 123 iterations, 0.00 seconds (0.00 work units)

    Nodes    |    Current Node    |     Objective Bounds      |     Work
 Expl Unexpl |  Obj  Depth IntInf | Incumbent    BestBd   Gap | It/Node Time

     0     0    0.12500    0   50   -0.00000    0.12500      -     -    0s
     0     0    0.10000    0   44   -0.00000    0.10000      -     -    0s
     0     0    0.08333    0   41   -0.00000    0.08333      -     -    0s
     0     0    0.08333    0   40   -0.00000    0.08333      -     -    0s
H    0     0                       0.0000000    0.08333      -     -    0s
     0     0    0.08333    0   40    0.00000    0.08333      -     -    0s
     0     2    0.08333    0   40    0.00000    0.08333      -     -    0s
* 1971  1302             113       0.0000001    0.06284      -  24.6    1s
H 2349  1458                       0.0000001    0.06165      -  25.4    1s
H 2581  1511                       0.0000001    0.06101      -  27.0    1s
* 3665  1933             122       0.0000001    0.06101      -  24.0    2s
* 3674  1929             122       0.0000001    0.06101      -  24.0    2s
* 3751  2006              97       0.0000001    0.06101      -  23.9    2s
* 3755  1957              97       0.0000003    0.06101      -  23.9    2s
H 4350  2389                       0.0000005    0.05654      -  24.0    2s
* 7686  4450              67       0.0000005    0.04755      -  23.3    3s
* 7692  4420              72       0.0000006    0.04755      -  23.3    3s
H 8579  4905                       0.0000008    0.04746      -  24.0    3s
 14866  8888    0.02002   33   51    0.00000    0.04410      -  25.1    5s
H31169 19377                       0.0000008    0.04129      -  24.7    9s
 31430 21810    0.00000   47   35    0.00000    0.04124      -  24.7   10s
 54332 33152    0.01383   38   50    0.00000    0.03960      -  22.9   15s
H72362 43965                       0.0000008    0.03879      -  22.2   18s
 77930 47670    0.00367   38   51    0.00000    0.03856      -  22.0   20s
 100920 61843    0.00000   67   29    0.00000    0.03763      -  21.9   25s
H113667 69223                       0.0000009    0.03730      -  21.7   27s
H115309 69047                       0.0000013    0.03726      -  21.7   28s
H115731 69417                       0.0000013    0.03726      -  21.7   28s
 121182 72866    0.00804   39   35    0.00000    0.03706      -  21.8   30s
H128050 76925                       0.0000013    0.03690      -  21.8   31s
 139468 84004     cutoff   50         0.00000    0.03650      -  21.9   35s
 162026 96955     cutoff   41         0.00000    0.03589      -  21.8   40s
 186487 110726    0.00373   41   51    0.00000    0.03528      -  21.7   45s
 209402 123036    0.00394   36   38    0.00000    0.03484      -  21.7   50s
 232047 136238    0.00046   56   50    0.00000    0.03440      -  21.7   55s
 255289 150082    0.00557   43   51    0.00000    0.03404      -  21.6   60s
H261166 152777                       0.0000013    0.03391      -  21.6   61s
 272748 160242    0.00010   72   48    0.00000    0.03379      -  21.6   65s
 296408 173803    0.00755   44   51    0.00000    0.03353      -  21.7   70s
 318485 186644    0.03327   31   55    0.00000    0.03327      -  21.7   75s
H320978 187710                       0.0000013    0.03323      -  21.7   75s
H321181 186650                       0.0000015    0.03323      -  21.7   75s
 337821 196459    0.00004   71   48    0.00000    0.03306      -  21.7   80s
 360171 208596    0.00002   91   26    0.00000    0.03282      -  21.7   85s
 380747 219985     cutoff   56         0.00000    0.03257      -  21.8   90s
 404374 233488    0.00044   63   45    0.00000    0.03234      -  21.8   95s
 426032 246106     cutoff   36         0.00000    0.03219      -  21.8  100s
 448515 259145    0.00668   41   43    0.00000    0.03203      -  21.8  105s
 466351 268573    0.01691   40   56    0.00000    0.03187      -  21.9  110s
 489624 280859     cutoff   44         0.00000    0.03170      -  21.9  115s
 509584 291346    0.00703   39   50    0.00000    0.03155      -  21.9  120s
 526109 300188    0.00473   39   43    0.00000    0.03144      -  21.9  125s
 547788 311459     cutoff   56         0.00000    0.03130      -  22.0  130s
 564383 321132    0.00197   48   50    0.00000    0.03119      -  22.0  135s
 586609 333363    0.00015   51   42    0.00000    0.03106      -  22.0  140s
 608502 344972    0.01101   39   50    0.00000    0.03093      -  22.1  145s
 629342 357123    0.00183   46   50    0.00000    0.03082      -  22.1  150s
 652140 369593     cutoff   61         0.00000    0.03070      -  22.1  155s
 673178 380701    0.00088   49   50    0.00000    0.03060      -  22.2  160s
 689198 389640    0.02127   35   54    0.00000    0.03053      -  22.2  165s
 710822 401044    0.01214   32   51    0.00000    0.03041      -  22.3  170s
 732547 411959    0.00000   68   44    0.00000    0.03031      -  22.3  175s
 754768 424438    0.00000   63   33    0.00000    0.03022      -  22.3  180s
 776303 435637    0.00046   45   45    0.00000    0.03011      -  22.3  185s
 797724 446638     cutoff   59         0.00000    0.03000      -  22.4  190s
 817508 456799     cutoff   66         0.00000    0.02991      -  22.4  195s
 837881 467943    0.00000   60   17    0.00000    0.02982      -  22.4  200s
 859186 478630    0.02500   30   53    0.00000    0.02973      -  22.4  205s
 880400 490069    0.00081   45   26    0.00000    0.02966      -  22.5  210s
 901527 502353    0.01153   41   51    0.00000    0.02960      -  22.5  215s
 920966 513121    0.00001   60   47    0.00000    0.02953      -  22.5  220s
 943692 524215    0.00000   54   36    0.00000    0.02944      -  22.5  225s
 964414 535672    0.02469   38   52    0.00000    0.02940      -  22.5  230s
 986358 546797    0.00001   56   39    0.00000    0.02931      -  22.5  235s
 1005942 556647    0.00448   49   50    0.00000    0.02923      -  22.5  240s
 1026929 567800     cutoff   53         0.00000    0.02917      -  22.6  245s
 1045390 577175    0.00183   43   43    0.00000    0.02910      -  22.6  250s
 1066676 589352    0.00081   56   50    0.00000    0.02905      -  22.6  255s
 1086625 599606    0.00241   48   51    0.00000    0.02899      -  22.6  260s
 1103651 608069    0.00041   55   50    0.00000    0.02893      -  22.6  265s
 1123591 618834    0.01081   35   43    0.00000    0.02888      -  22.7  270s
 1142374 628904    0.01495   38   51    0.00000    0.02883      -  22.7  276s
 1159859 638146     cutoff   37         0.00000    0.02879      -  22.7  280s
 1177301 647426    0.00061   63   51    0.00000    0.02874      -  22.7  285s
 1195274 656594    0.00674   41   45    0.00000    0.02869      -  22.7  290s
 1217366 668213    0.00078   44   43    0.00000    0.02864      -  22.7  295s
 1238507 680110     cutoff   61         0.00000    0.02858      -  22.8  300s
 1258817 690449    0.00000   65   25    0.00000    0.02852      -  22.8  305s
 1280111 701896    0.00017   61   50    0.00000    0.02846      -  22.8  310s
 1297724 710904    0.00001   62   36    0.00000    0.02841      -  22.8  315s
 1319480 721591    0.00043   51   42    0.00000    0.02835      -  22.8  320s
 1340990 732558     cutoff   50         0.00000    0.02829      -  22.8  325s
 1360491 742263    0.00096   39   50    0.00000    0.02823      -  22.8  330s
 1380975 752540    0.00504   43   50    0.00000    0.02818      -  22.9  335s
 1399677 762303    0.00163   45   50    0.00000    0.02814      -  22.9  340s
 1421406 774503    0.00339   42   41    0.00000    0.02808      -  22.9  345s
 1442166 784675    0.00001   62   31    0.00000    0.02803      -  22.9  350s
 1462970 795691    0.00106   35   40    0.00000    0.02798      -  22.9  355s
 1484074 806707     cutoff   33         0.00000    0.02793      -  23.0  360s

Cutting planes:
  Gomory: 2
  Implied bound: 3
  MIR: 8
  Flow cover: 8
  RLT: 43
  Relax-and-lift: 1
  BQP: 12

Explored 1484186 nodes (34066677 simplex iterations) in 360.00 seconds (375.46 work units)
Thread count was 4 (of 4 available processors)

Solution count 10: 1.50401e-06 1.29842e-06 1.29255e-06 ... 4.8603e-07

Time limit reached
Best objective 1.504013929420e-06, best bound 2.792666979430e-02, gap 1856709.2521%
{"verdict": "UNRESOLVED", "status": "TIME_LIMIT", "runtime": 360.00202107429504, "objval": 1.504013929419512e-06, "objbound": 0.02792666979429737, "binaries": 42}
