Set parameter NodefileStart to value 6
Read parameters from file gurobi.env
Restricted license - for non-production use only - expires 2027-11-29
Set parameter OutputFlag to value 1
Set parameter Threads to value 4
Set parameter TimeLimit to value 360
Set parameter MIPGap to value 5e-05
Set parameter MIPFocus to value 2
Set parameter NonConvex to value 2
Set parameter BestBdStop to value 2.7426211734693878e-02
Gurobi Optimizer version 13.0.3 build v13.0.3rc0 (linux64 - "Ubuntu 24.04.5 LTS")

CPU model: AMD EPYC 7763 64-Core Processor, instruction set [SSE2|AVX|AVX2]
Thread count: 2 physical cores, 4 logical processors, using up to 4 threads

Non-default parameters:
TimeLimit  360
BestBdStop  2.7426211734693878e-02
MIPGap  5e-05
MIPFocus  2
NodefileStart  6
NonConvex  2
Threads  4

Optimize a model with 141 rows, 111 columns and 810 nonzeros (Max)
Model fingerprint: 0x60bc1595
Model has 1 linear objective coefficients
Model has 50 quadratic constraints
Variable types: 65 continuous, 46 integer (46 binary)
Coefficient statistics:
  Matrix range     [5e-01, 1e+00]
  QMatrix range    [1e+00, 1e+00]
  QLMatrix range   [1e+00, 1e+00]
  Objective range  [1e+00, 1e+00]
  Bounds range     [5e-01, 1e+00]
  RHS range        [1e+00, 1e+00]

Found heuristic solution: objective -0.0000000
Presolve time: 0.00s
Presolved: 341 rows, 112 columns, 1210 nonzeros
Presolved model has 50 bilinear constraint(s)

Solving non-convex MIQCP to global optimality

Variable types: 66 continuous, 46 integer (46 binary)
Root relaxation presolve removed 50 rows and 1 columns
Root relaxation presolved: 291 rows, 111 columns, 1160 nonzeros


Root relaxation: objective 8.333333e-02, 112 iterations, 0.00 seconds (0.00 work units)

    Nodes    |    Current Node    |     Objective Bounds      |     Work
 Expl Unexpl |  Obj  Depth IntInf | Incumbent    BestBd   Gap | It/Node Time

     0     0    0.08333    0   50   -0.00000    0.08333      -     -    0s
     0     0    0.07143    0   43   -0.00000    0.07143      -     -    0s
     0     0    0.07143    0   60   -0.00000    0.07143      -     -    0s
     0     0    0.07143    0   50   -0.00000    0.07143      -     -    0s
     0     0    0.07143    0   44   -0.00000    0.07143      -     -    0s
     0     0    0.07143    0   68   -0.00000    0.07143      -     -    0s
     0     0    0.07143    0   67   -0.00000    0.07143      -     -    0s
     0     0    0.07143    0   64   -0.00000    0.07143      -     -    0s
     0     0    0.07143    0   43   -0.00000    0.07143      -     -    0s
     0     0    0.07143    0   48   -0.00000    0.07143      -     -    0s
     0     0    0.07143    0   50   -0.00000    0.07143      -     -    0s
     0     0    0.07143    0   50   -0.00000    0.07143      -     -    0s
     0     2    0.07143    0   50   -0.00000    0.07143      -     -    0s
H  590   594                       0.0000000    0.07143      -  26.8    0s
*  592   594              86       0.0000001    0.07143      -  26.7    0s
*  792   733             106       0.0000002    0.07143      -  25.5    0s
*  793   733             106       0.0000002    0.07143      -  25.5    0s
H  977   908                       0.0000003    0.07143      -  27.3    1s
H 1213   959                       0.0000013    0.03982      -  26.2    1s
H 1218   915                       0.0000013    0.03845      -  28.0    1s
  6168  3825    0.03006   40   54    0.00000    0.03845      -  28.2    5s
 21791 15594    0.00001   72   50    0.00000    0.03845      -  30.1   10s
 37683 26132    0.00000  127   25    0.00000    0.03845      -  30.8   15s
 56304 38391    0.00043   88   47    0.00000    0.03845      -  31.6   20s
 77063 52355    0.00004   92   42    0.00000    0.03845      -  31.5   25s
 95543 64675    0.02335   52   50    0.00000    0.03845      -  31.7   30s
 114313 76947     cutoff   48         0.00000    0.03845      -  31.8   35s
 133618 89508    0.00002  102   50    0.00000    0.03845      -  31.8   40s
 149102 100657    0.00076   68   56    0.00000    0.03845      -  31.7   45s
 168067 112481    0.00000   65   32    0.00000    0.03845      -  31.7   50s
 187951 125228     cutoff   60         0.00000    0.03845      -  31.8   55s
 206201 136372    0.00018   75   50    0.00000    0.03845      -  31.7   60s
 226802 148938    0.00195   56   33    0.00000    0.03845      -  31.7   65s
 245577 160882 infeasible   77         0.00000    0.03845      -  31.7   70s
 255797 166735    0.00069   63   52    0.00000    0.03845      -  31.7   75s
 276028 179244    0.00008   99   50    0.00000    0.03845      -  31.8   80s
 295545 191599    0.03469   41   56    0.00000    0.03845      -  31.7   85s
 314173 202976    0.01477   52   50    0.00000    0.03845      -  31.7   90s
 333503 215210    0.00784   58   50    0.00000    0.03845      -  31.7   95s
 353739 228345    0.00468   66   52    0.00000    0.03845      -  31.7  100s
 372550 239744     cutoff   81         0.00000    0.03845      -  31.7  105s
 391760 251989    0.00008   69   38    0.00000    0.03845      -  31.6  110s
 410620 264043     cutoff   50         0.00000    0.03845      -  31.6  115s
 430676 276675    0.00210   73   42    0.00000    0.03845      -  31.6  120s
 444743 285586     cutoff  101         0.00000    0.03845      -  31.6  125s
 460444 295459     cutoff   75         0.00000    0.03845      -  31.6  130s
 479707 307438 infeasible   73         0.00000    0.03845      -  31.6  135s
 494704 317053    0.01150   59   53    0.00000    0.03845      -  31.6  140s
 513242 328891     cutoff   65         0.00000    0.03845      -  31.6  145s
 533434 342363    0.00017   71   50    0.00000    0.03845      -  31.6  150s
 548662 351540    0.00012   90   31    0.00000    0.03845      -  31.6  155s
 565200 361900     cutoff   91         0.00000    0.03845      -  31.6  160s
 581607 373288    0.00237   73   38    0.00000    0.03845      -  31.6  165s
 600175 385521    0.01090   57   37    0.00000    0.03845      -  31.6  170s
 618903 398358    0.00000   74   49    0.00000    0.03845      -  31.6  175s
 638656 410942    0.01749   53   52    0.00000    0.03845      -  31.6  180s
 656581 422417    0.00090   58   43    0.00000    0.03845      -  31.7  185s
 674908 433952    0.02148   53   50    0.00000    0.03845      -  31.7  190s
 693032 444908     cutoff   79         0.00000    0.03845      -  31.7  195s
 703568 451878    0.00002   81   31    0.00000    0.03845      -  31.8  200s
 722465 463336    0.01983   46   54    0.00000    0.03845      -  31.8  205s
 741388 475095    0.02394   55   52    0.00000    0.03845      -  31.8  210s
 759168 486006    0.00636   67   50    0.00000    0.03845      -  31.8  215s
 777267 497606    0.03290   48   51    0.00000    0.03845      -  31.9  220s
 797321 509887    0.02775   55   54    0.00000    0.03845      -  31.9  225s
 815500 521785    0.02978   51   53    0.00000    0.03845      -  31.9  230s
 833138 532214    0.01323   58   52    0.00000    0.03845      -  32.0  235s
 853005 544475    0.00774   66   52    0.00000    0.03845      -  32.0  240s
 871498 556748     cutoff  108         0.00000    0.03845      -  32.0  245s
 889772 568921    0.00662   60   50    0.00000    0.03845      -  32.0  250s
 907517 580432     cutoff   69         0.00000    0.03845      -  32.0  255s
 927375 591980    0.02669   51   53    0.00000    0.03845      -  32.0  260s
 945595 604041    0.00061   79   50    0.00000    0.03845      -  32.1  265s
 961885 614581     cutoff   93         0.00000    0.03845      -  32.1  270s
 970402 619562    0.00022   79   50    0.00000    0.03845      -  32.1  275s
 977426 624274    0.03602   51   55    0.00000    0.03845      -  32.1  280s
 996678 636050    0.00052   64   40    0.00000    0.03845      -  32.1  285s
 1012666 646604    0.00011   66   37    0.00000    0.03845      -  32.1  290s
 1030940 658170    0.00015   87   50    0.00000    0.03845      -  32.2  295s
 1050082 669988    0.01460   59   50    0.00000    0.03845      -  32.2  300s
 1068612 681796    0.00000   85   34    0.00000    0.03845      -  32.2  305s
 1087427 693789     cutoff   78         0.00000    0.03845      -  32.2  310s
 1105453 704344     cutoff  119         0.00000    0.03845      -  32.2  315s
 1125418 717019     cutoff   65         0.00000    0.03845      -  32.2  320s
 1143183 728072    0.00900   61   50    0.00000    0.03845      -  32.2  325s
 1161560 739631    0.01659   55   51    0.00000    0.03845      -  32.2  330s
 1180257 751435    0.00000   87   49    0.00000    0.03845      -  32.2  335s
 1196930 763620     cutoff   62         0.00000    0.03845      -  32.2  340s
 1218129 774692    0.03248   52   52    0.00000    0.03845      -  32.2  345s
 1235953 786151    0.03550   43   55    0.00000    0.03845      -  32.2  350s
 1255114 798518     cutoff  109         0.00000    0.03845      -  32.2  355s
 1273546 809930    0.01912   50   50    0.00000    0.03845      -  32.2  360s

Cutting planes:
  Gomory: 11
  Implied bound: 1
  MIR: 5
  Flow cover: 20
  RLT: 102
  Relax-and-lift: 11
  BQP: 17

Explored 1273550 nodes (41065201 simplex iterations) in 360.00 seconds (370.48 work units)
Thread count was 4 (of 4 available processors)

Solution count 7: 1.32369e-06 1.32359e-06 3.33726e-07 ... -0

Time limit reached
Warning: max constraint violation (1.3888e-06) exceeds tolerance
Best objective 1.323688501240e-06, best bound 3.844889267272e-02, gap 2904578.3013%
{"verdict": "UNRESOLVED", "status": "TIME_LIMIT", "runtime": 360.00206685066223, "objval": 1.3236885012396504e-06, "objbound": 0.03844889267272336, "binaries": 46}
