Set parameter NodefileStart to value 6
Read parameters from file gurobi.env
Restricted license - for non-production use only - expires 2027-11-29
Set parameter OutputFlag to value 1
Set parameter Threads to value 4
Set parameter TimeLimit to value 360
Set parameter MIPGap to value 5e-05
Set parameter MIPFocus to value 2
Set parameter NonConvex to value 2
Set parameter BestBdStop to value 2.7426211734693878e-02
Gurobi Optimizer version 13.0.3 build v13.0.3rc0 (linux64 - "Ubuntu 24.04.5 LTS")

CPU model: AMD EPYC 7763 64-Core Processor, instruction set [SSE2|AVX|AVX2]
Thread count: 2 physical cores, 4 logical processors, using up to 4 threads

Non-default parameters:
TimeLimit  360
BestBdStop  2.7426211734693878e-02
MIPGap  5e-05
MIPFocus  2
NodefileStart  6
NonConvex  2
Threads  4

Optimize a model with 141 rows, 111 columns and 810 nonzeros (Max)
Model fingerprint: 0x6a1f73ef
Model has 1 linear objective coefficients
Model has 50 quadratic constraints
Variable types: 65 continuous, 46 integer (46 binary)
Coefficient statistics:
  Matrix range     [5e-01, 1e+00]
  QMatrix range    [1e+00, 1e+00]
  QLMatrix range   [1e+00, 1e+00]
  Objective range  [1e+00, 1e+00]
  Bounds range     [5e-01, 1e+00]
  RHS range        [1e+00, 1e+00]

Found heuristic solution: objective -0.0000000
Presolve time: 0.00s
Presolved: 341 rows, 112 columns, 1210 nonzeros
Presolved model has 50 bilinear constraint(s)

Solving non-convex MIQCP to global optimality

Variable types: 66 continuous, 46 integer (46 binary)
Root relaxation presolve removed 50 rows and 1 columns
Root relaxation presolved: 291 rows, 111 columns, 1160 nonzeros


Root relaxation: objective 8.333333e-02, 135 iterations, 0.00 seconds (0.00 work units)

    Nodes    |    Current Node    |     Objective Bounds      |     Work
 Expl Unexpl |  Obj  Depth IntInf | Incumbent    BestBd   Gap | It/Node Time

     0     0    0.08333    0   46   -0.00000    0.08333      -     -    0s
H    0     0                       0.0000000    0.08333      -     -    0s
H    0     0                       0.0000000    0.08333      -     -    0s
     0     0    0.07143    0   55    0.00000    0.07143      -     -    0s
     0     0    0.07143    0   48    0.00000    0.07143      -     -    0s
     0     0    0.07143    0   56    0.00000    0.07143      -     -    0s
H    0     0                       0.0000004    0.07143      -     -    0s
     0     0    0.07143    0   56    0.00000    0.07143      -     -    0s
     0     0    0.07143    0   57    0.00000    0.07143      -     -    0s
     0     0    0.07143    0   50    0.00000    0.07143      -     -    0s
     0     0    0.07143    0   45    0.00000    0.07143      -     -    0s
     0     0    0.07143    0   44    0.00000    0.07143      -     -    0s
     0     0    0.07143    0   44    0.00000    0.07143      -     -    0s
     0     0    0.07143    0   44    0.00000    0.07143      -     -    0s
     0     2    0.07143    0   44    0.00000    0.07143      -     -    0s
H 1139   941                       0.0000007    0.04773      -  32.8    1s
* 1969  1318             129       0.0000010    0.04509      -  29.3    2s
* 1971  1272             129       0.0000010    0.04509      -  29.3    2s
* 1973  1228             130       0.0000010    0.04509      -  29.3    2s
* 5621  3681             120       0.0000012    0.04509      -  28.6    3s
H 8086  5436                       0.0000012    0.04509      -  27.6    4s
 12162  8476     cutoff   43         0.00000    0.04509      -  28.3    5s
 30762 20951    0.00003   69   37    0.00000    0.04452      -  28.1   10s
H39772 26436                       0.0000012    0.04372      -  28.7   12s
H41672 27653                       0.0000012    0.04358      -  28.6   13s
 46543 31004     cutoff   59         0.00000    0.04338      -  28.7   15s
 68766 45090    0.00007   58   43    0.00000    0.04243      -  28.8   20s
 91713 59163    0.00125   48   44    0.00000    0.04128      -  28.9   25s
 111388 71371    0.00000  106   24    0.00000    0.04049      -  29.1   30s
 132587 84214    0.02370   35   51    0.00000    0.03984      -  29.5   35s
 154280 96934    0.01986   37   54    0.00000    0.03929      -  29.6   40s
 172255 108207    0.01528   37   44    0.00000    0.03905      -  29.8   45s
 192963 120256    0.00131   41   37    0.00000    0.03864      -  30.0   50s
 213624 132867 infeasible   41         0.00000    0.03829      -  30.1   55s
 236754 145979    0.03384   29   58    0.00000    0.03798      -  30.1   60s
 255610 157305    0.00657   39   51    0.00000    0.03774      -  30.2   65s
 277300 170412    0.00671   43   45    0.00000    0.03743      -  30.4   70s
 297958 182501    0.00053   48   50    0.00000    0.03712      -  30.4   75s
 314723 192182    0.00000   67   31    0.00000    0.03688      -  30.5   80s
 335459 204613    0.00004   61   31    0.00000    0.03662      -  30.5   85s
 357979 217926     cutoff   66         0.00000    0.03637      -  30.5   90s
 378504 229944    0.00489   40   31    0.00000    0.03612      -  30.5   95s
 399795 242248    0.00001   79   39    0.00000    0.03587      -  30.5  100s
 418967 253745    0.00728   46   51    0.00000    0.03568      -  30.5  105s
 440038 266076    0.00045   41   44    0.00000    0.03546      -  30.6  110s
 460773 277054    0.00028   60   37    0.00000    0.03526      -  30.5  115s
 477837 287417     cutoff   40         0.00000    0.03513      -  30.6  120s
 499836 300364    0.00887   38   50    0.00000    0.03496      -  30.6  125s
 517902 309937    0.00001   89   37    0.00000    0.03481      -  30.6  130s
 536189 320615    0.00006   63   50    0.00000    0.03467      -  30.6  135s
 555039 331827    0.00794   40   53    0.00000    0.03455      -  30.6  140s
 574592 343167     cutoff   62         0.00000    0.03439      -  30.7  145s
 594974 355169    0.00001   54   17    0.00000    0.03427      -  30.7  150s
 615388 366196    0.00000   92   24    0.00000    0.03413      -  30.7  155s
 637160 378491     cutoff   49         0.00000    0.03401      -  30.7  160s
 655249 388650    0.00005   52   45    0.00000    0.03392      -  30.6  165s
 676430 400612     cutoff   45         0.00000    0.03382      -  30.6  170s
 697466 412087 infeasible   49         0.00000    0.03371      -  30.6  175s
 718897 424589    0.02656   33   48    0.00000    0.03361      -  30.6  180s
 737894 435099    0.00001   71   49    0.00000    0.03352      -  30.6  185s
 757392 446108 infeasible   73         0.00000    0.03345      -  30.7  190s
 775268 456054     cutoff   47         0.00000    0.03337      -  30.7  195s
 795169 466640    0.01936   42   53    0.00000    0.03329      -  30.7  200s
 817730 479847    0.00000   67   35    0.00000    0.03321      -  30.7  205s
 837755 490418    0.01220   35   51    0.00000    0.03314      -  30.7  210s
 857813 501637     cutoff   85         0.00000    0.03305      -  30.7  215s
 878611 513689    0.00303   40   37    0.00000    0.03297      -  30.7  220s
 897262 523646    0.00182   44   38    0.00000    0.03290      -  30.7  225s
 917367 536298    0.00001   62   38    0.00000    0.03284      -  30.7  230s
 937366 547343    0.00008   58   50    0.00000    0.03277      -  30.7  235s
 958435 559425    0.00915   41   53    0.00000    0.03269      -  30.7  240s
 978188 570709    0.00092   39   46    0.00000    0.03262      -  30.7  245s
 998169 582244    0.00010   63   39    0.00000    0.03255      -  30.7  250s
 1018156 592897    0.00208   46   44    0.00000    0.03248      -  30.8  255s
 1027078 597849    0.00426   40   43    0.00000    0.03244      -  30.8  260s
 1043568 607191     cutoff   54         0.00000    0.03238      -  30.8  265s
 1062882 616985    0.01335   37   52    0.00000    0.03229      -  30.8  270s
 1080855 627588     cutoff   43         0.00000    0.03223      -  30.8  275s
 1098548 636961    0.00000   65   26    0.00000    0.03217      -  30.8  280s
 1115930 647217    0.00795   36   43    0.00000    0.03214      -  30.8  285s
 1137045 658905    0.00051   52   31    0.00000    0.03208      -  30.8  290s
 1156961 670018     cutoff   37         0.00000    0.03202      -  30.8  295s
 1177224 681258     cutoff   81         0.00000    0.03196      -  30.8  300s
 1197686 692371     cutoff   65         0.00000    0.03189      -  30.8  305s
 1218711 703985     cutoff   81         0.00000    0.03184      -  30.9  310s
 1239043 714995    0.00078   45   38    0.00000    0.03177      -  30.8  315s
 1258916 725558    0.00025   57   53    0.00000    0.03171      -  30.9  320s
 1278833 736599    0.00000   94   26    0.00000    0.03167      -  30.9  325s
 1296419 745932    0.00408   42   37    0.00000    0.03162      -  30.8  330s
 1316805 757011    0.00570   41   50    0.00000    0.03158      -  30.9  335s
 1336633 768405    0.00000   73   40    0.00000    0.03153      -  30.9  340s
 1357960 779724    0.00016   44   36    0.00000    0.03149      -  30.9  345s
 1378125 791323    0.00082   47   40    0.00000    0.03145      -  30.9  350s
 1398465 802753    0.00585   46   50    0.00000    0.03140      -  30.9  355s
 1417312 813539    0.00002   49   36    0.00000    0.03136      -  30.9  360s

Cutting planes:
  Gomory: 7
  Implied bound: 7
  MIR: 2
  Flow cover: 20
  RLT: 100
  Relax-and-lift: 12
  BQP: 28

Explored 1417648 nodes (43743529 simplex iterations) in 360.00 seconds (365.71 work units)
Thread count was 4 (of 4 available processors)

Solution count 10: 1.19839e-06 1.19646e-06 1.18173e-06 ... 3.00569e-09

Time limit reached
Best objective 1.198390237981e-06, best bound 3.136235114123e-02, gap 2616939.9380%
{"verdict": "UNRESOLVED", "status": "TIME_LIMIT", "runtime": 360.00331807136536, "objval": 1.1983902379808333e-06, "objbound": 0.03136235114122593, "binaries": 46}
