Set parameter NodefileStart to value 6
Read parameters from file gurobi.env
Restricted license - for non-production use only - expires 2027-11-29
Set parameter OutputFlag to value 1
Set parameter Threads to value 4
Set parameter TimeLimit to value 360
Set parameter MIPGap to value 5e-05
Set parameter MIPFocus to value 2
Set parameter NonConvex to value 2
Set parameter BestBdStop to value 2.7426211734693878e-02
Gurobi Optimizer version 13.0.3 build v13.0.3rc0 (linux64 - "Ubuntu 24.04.5 LTS")

CPU model: AMD EPYC 9V74 80-Core Processor, instruction set [SSE2|AVX|AVX2|AVX512]
Thread count: 2 physical cores, 4 logical processors, using up to 4 threads

Non-default parameters:
TimeLimit  360
BestBdStop  2.7426211734693878e-02
MIPGap  5e-05
MIPFocus  2
NodefileStart  6
NonConvex  2
Threads  4

Optimize a model with 141 rows, 111 columns and 810 nonzeros (Max)
Model fingerprint: 0xc397e0b0
Model has 1 linear objective coefficients
Model has 50 quadratic constraints
Variable types: 65 continuous, 46 integer (46 binary)
Coefficient statistics:
  Matrix range     [5e-01, 1e+00]
  QMatrix range    [1e+00, 1e+00]
  QLMatrix range   [1e+00, 1e+00]
  Objective range  [1e+00, 1e+00]
  Bounds range     [5e-01, 1e+00]
  RHS range        [1e+00, 1e+00]

Found heuristic solution: objective -0.0000000
Presolve time: 0.00s
Presolved: 341 rows, 112 columns, 1210 nonzeros
Presolved model has 50 bilinear constraint(s)

Solving non-convex MIQCP to global optimality

Variable types: 66 continuous, 46 integer (46 binary)
Root relaxation presolve removed 70 rows and 11 columns
Root relaxation presolved: 271 rows, 101 columns, 1040 nonzeros


Root relaxation: objective 7.142857e-02, 103 iterations, 0.00 seconds (0.00 work units)

    Nodes    |    Current Node    |     Objective Bounds      |     Work
 Expl Unexpl |  Obj  Depth IntInf | Incumbent    BestBd   Gap | It/Node Time

     0     0    0.07143    0   47   -0.00000    0.07143      -     -    0s
     0     0    0.06818    0   61   -0.00000    0.06818      -     -    0s
     0     0    0.06250    0   67   -0.00000    0.06250      -     -    0s
     0     0    0.06250    0   49   -0.00000    0.06250      -     -    0s
     0     0    0.06250    0   49   -0.00000    0.06250      -     -    0s
     0     0    0.06250    0   42   -0.00000    0.06250      -     -    0s
     0     0    0.06250    0   40   -0.00000    0.06250      -     -    0s
     0     0    0.06250    0   43   -0.00000    0.06250      -     -    0s
     0     0    0.06250    0   48   -0.00000    0.06250      -     -    0s
     0     0    0.06250    0   47   -0.00000    0.06250      -     -    0s
     0     0    0.06250    0   47   -0.00000    0.06250      -     -    0s
     0     2    0.06250    0   47   -0.00000    0.06250      -     -    0s
H 1048   942                       0.0000000    0.06250      -  23.1    0s
H 1070   942                       0.0000000    0.06250      -  23.0    0s
H 1124   927                       0.0000002    0.06250      -  23.1    1s
H 1124   880                       0.0000003    0.06250      -  23.1    1s
H 1136   844                       0.0000004    0.04634      -  22.9    1s
H 1450  1043                       0.0000006    0.04444      -  22.9    1s
* 1876  1224             121       0.0000009    0.04444      -  19.6    1s
* 1928  1168             111       0.0000011    0.04444      -  19.6    1s
* 1929  1131             111       0.0000013    0.04444      -  19.6    1s
H 2573  1475                       0.0000040    0.04444      -  18.5    1s
H 3056  1238                       0.0007536    0.04444  5797%  17.3    1s
H 3221  1109                       0.0012405    0.04444  3482%  17.1    1s
H 3438  1290                       0.0013515    0.04444  3188%  17.2    1s
H 3477  1288                       0.0014261    0.04444  3016%  17.1    1s
H 3547  1152                       0.0035724    0.04444  1144%  17.5    2s
H 3576  1157                       0.0044179    0.04444   906%  17.7    2s
H 3993  1331                       0.0047340    0.04444   839%  18.1    2s
H 4113  1325                       0.0062962    0.04444   606%  18.4    2s
H 5213  1570                       0.0087149    0.04444   410%  19.9    2s
H 6463  1681                       0.0146425    0.04346   197%  20.7    2s
 13306  3977    0.03608   25   50    0.01464    0.03863   164%  25.4    5s
 33388  8893    0.02580   30   49    0.01464    0.03391   132%  28.5   10s
 53797 13328    0.02134   28   52    0.01464    0.03200   119%  30.1   15s
H56707 13998                       0.0146610    0.03180   117%  30.3   15s
H57140 14111                       0.0146610    0.03177   117%  30.2   15s
 76310 17886     cutoff   34         0.01466    0.03046   108%  30.6   20s
 101379 22609     cutoff   36         0.01466    0.02934   100%  30.7   25s
 127049 27323    0.01483   33   55    0.01466    0.02848  94.3%  30.6   30s
H148738 29640                       0.0150702    0.02783  84.7%  30.4   34s
 150526 29937     cutoff   34         0.01507    0.02779  84.4%  30.4   35s

Cutting planes:
  Gomory: 8
  Implied bound: 13
  MIR: 4
  Flow cover: 25
  RLT: 67
  Relax-and-lift: 6
  BQP: 15

Explored 162586 nodes (4928704 simplex iterations) in 37.36 seconds (46.95 work units)
Thread count was 4 (of 4 available processors)

Solution count 10: 0.0150702 0.014661 0.0146425 ... 0.00135155

Optimization achieved user objective limit
Best objective 1.507024934267e-02, best bound 2.742619586876e-02, gap 81.9890%
{"verdict": "PROVED", "status": "BOUND_REACHED", "runtime": 37.36214900016785, "objval": 0.015070249342667449, "objbound": 0.02742619586875738, "binaries": 46}
