Set parameter NodefileStart to value 6
Read parameters from file gurobi.env
Restricted license - for non-production use only - expires 2027-11-29
Set parameter OutputFlag to value 1
Set parameter Threads to value 4
Set parameter TimeLimit to value 360
Set parameter MIPGap to value 5e-05
Set parameter MIPFocus to value 2
Set parameter NonConvex to value 2
Set parameter BestBdStop to value 2.7426211734693878e-02
Gurobi Optimizer version 13.0.3 build v13.0.3rc0 (linux64 - "Ubuntu 24.04.5 LTS")

CPU model: AMD EPYC 7763 64-Core Processor, instruction set [SSE2|AVX|AVX2]
Thread count: 2 physical cores, 4 logical processors, using up to 4 threads

Non-default parameters:
TimeLimit  360
BestBdStop  2.7426211734693878e-02
MIPGap  5e-05
MIPFocus  2
NodefileStart  6
NonConvex  2
Threads  4

Optimize a model with 141 rows, 111 columns and 810 nonzeros (Max)
Model fingerprint: 0x3015c09c
Model has 1 linear objective coefficients
Model has 50 quadratic constraints
Variable types: 65 continuous, 46 integer (46 binary)
Coefficient statistics:
  Matrix range     [5e-01, 1e+00]
  QMatrix range    [1e+00, 1e+00]
  QLMatrix range   [1e+00, 1e+00]
  Objective range  [1e+00, 1e+00]
  Bounds range     [5e-01, 1e+00]
  RHS range        [1e+00, 1e+00]

Found heuristic solution: objective -0.0000000
Presolve time: 0.00s
Presolved: 341 rows, 112 columns, 1210 nonzeros
Presolved model has 50 bilinear constraint(s)

Solving non-convex MIQCP to global optimality

Variable types: 66 continuous, 46 integer (46 binary)
Root relaxation presolve removed 50 rows and 1 columns
Root relaxation presolved: 291 rows, 111 columns, 1160 nonzeros


Root relaxation: objective 8.333333e-02, 115 iterations, 0.00 seconds (0.00 work units)

    Nodes    |    Current Node    |     Objective Bounds      |     Work
 Expl Unexpl |  Obj  Depth IntInf | Incumbent    BestBd   Gap | It/Node Time

     0     0    0.08333    0   46   -0.00000    0.08333      -     -    0s
H    0     0                       0.0000000    0.08333      -     -    0s
     0     0    0.07143    0   57    0.00000    0.07143      -     -    0s
     0     0    0.07143    0   55    0.00000    0.07143      -     -    0s
     0     0    0.07143    0   54    0.00000    0.07143      -     -    0s
     0     0    0.07143    0   53    0.00000    0.07143      -     -    0s
     0     0    0.07143    0   58    0.00000    0.07143      -     -    0s
     0     0    0.07143    0   54    0.00000    0.07143      -     -    0s
     0     0    0.07143    0   55    0.00000    0.07143      -     -    0s
     0     0    0.07143    0   55    0.00000    0.07143      -     -    0s
     0     0    0.07143    0   58    0.00000    0.07143      -     -    0s
     0     0    0.07143    0   58    0.00000    0.07143      -     -    0s
     0     0    0.07143    0   58    0.00000    0.07143      -     -    0s
     0     0    0.07143    0   58    0.00000    0.07143      -     -    0s
H    0     0                       0.0000003    0.07143      -     -    0s
     0     2    0.07143    0   58    0.00000    0.07143      -     -    0s
H  161   166                       0.0000003    0.07143      -  32.7    0s
H  894   777                       0.0000004    0.07143      -  33.2    1s
H 1284  1048                       0.0000005    0.05385      -  38.6    1s
* 1877  1290             110       0.0000006    0.05385      -  32.0    2s
* 3183  1807              87       0.0000008    0.05385      -  32.4    3s
  9505  6352    0.00004   64   42    0.00000    0.04810      -  32.1    5s
*15578 10359             147       0.0000008    0.04532      -  33.0    6s
 27943 18448    0.00001   70   48    0.00000    0.04261      -  31.5   10s
H34644 22564                       0.0000008    0.04164      -  31.8   12s
 44311 29050     cutoff   49         0.00000    0.04062      -  31.4   15s
 64099 41486     cutoff   46         0.00000    0.03926      -  31.2   20s
*66490 42722              70       0.0000008    0.03904      -  31.1   20s
 83340 53719    0.01541   33   56    0.00000    0.03815      -  31.2   25s
 104259 66209    0.00000   98   26    0.00000    0.03707      -  31.2   30s
 125921 79198    0.00005   55   49    0.00000    0.03622      -  31.0   35s
*128241 80290             110       0.0000008    0.03615      -  31.0   35s
*128242 80275             110       0.0000009    0.03615      -  31.0   35s
H136505 85172                       0.0000010    0.03597      -  31.0   38s
H136509 85026                       0.0000010    0.03597      -  31.0   38s
H139725 87199                       0.0000010    0.03587      -  30.9   39s
H141260 86407                       0.0000014    0.03584      -  31.0   40s
 160638 98321    0.00042   47   38    0.00000    0.03532      -  31.0   45s
H172717 104851                       0.0000015    0.03499      -  31.1   47s
H180626 109837                       0.0000015    0.03481      -  31.1   49s
 180740 110067     cutoff   40         0.00000    0.03481      -  31.1   50s
H182065 49870                       0.0024540    0.03477  1317%  31.1   50s
H182066 49432                       0.0025341    0.03477  1272%  31.1   50s
H182124 49587                       0.0025341    0.03477  1272%  31.1   50s
H191554 53365                       0.0025344    0.03439  1257%  31.4   52s
H192109 52660                       0.0027308    0.03436  1158%  31.5   52s
H193346 53151                       0.0027310    0.03432  1157%  31.5   53s
H194549 53624                       0.0027313    0.03427  1155%  31.5   53s
H195853 50058                       0.0036239    0.03420   844%  31.6   53s
H195944 48600                       0.0039846    0.03419   758%  31.6   53s
H196454 48934                       0.0039847    0.03417   757%  31.6   54s
 199651 50229    0.00888   38   45    0.00398    0.03404   754%  31.7   55s
H207113 52447                       0.0041120    0.03377   721%  31.9   57s
 217049 56250    0.01163   31   50    0.00411    0.03346   714%  32.2   60s
 237023 63368     cutoff   46         0.00411    0.03281   698%  32.6   65s
H240342 63302                       0.0043602    0.03273   651%  32.7   65s
H254057 67811                       0.0044346    0.03232   629%  33.0   69s
 254507 68053     cutoff   46         0.00443    0.03232   629%  33.0   70s
 271027 73985     cutoff   35         0.00443    0.03190   619%  33.3   75s
 288668 80099     cutoff   41         0.00443    0.03150   610%  33.5   80s
 308883 87038    0.01312   36   55    0.00443    0.03107   601%  33.8   85s
 328037 93282    0.00467   40   50    0.00443    0.03069   592%  34.0   90s
 346850 99230    0.02732   27   50    0.00443    0.03036   585%  34.3   95s
 364220 104723    0.00641   35   52    0.00443    0.03006   578%  34.4  100s
 383054 110491    0.01275   37   52    0.00443    0.02975   571%  34.6  105s
 403049 116432    0.01086   31   43    0.00443    0.02946   564%  34.8  110s
 419943 121673     cutoff   46         0.00443    0.02925   560%  34.9  115s
H428239 124030                       0.0044346    0.02914   557%  35.0  117s
 437189 126949    0.01686   34   44    0.00443    0.02904   555%  35.0  120s
 456503 132600    0.00495   43   53    0.00443    0.02879   549%  35.2  125s
 476109 138457    0.01338   35   51    0.00443    0.02855   544%  35.3  130s
 495550 144518    0.00961   40   53    0.00443    0.02833   539%  35.4  135s
 515212 150478    0.02718   35   59    0.00443    0.02810   534%  35.5  140s
 530923 154962 infeasible   45         0.00443    0.02794   530%  35.6  145s
 550257 160498    0.00463   44   50    0.00443    0.02770   525%  35.7  150s
 569585 166328    0.00735   39   50    0.00443    0.02752   521%  35.8  155s

Cutting planes:
  Gomory: 6
  Implied bound: 7
  MIR: 8
  Flow cover: 22
  RLT: 108
  Relax-and-lift: 14
  BQP: 17

Explored 579906 nodes (20768971 simplex iterations) in 157.59 seconds (167.89 work units)
Thread count was 4 (of 4 available processors)

Solution count 10: 0.00443456 0.00436024 0.00411195 ... 0.00253414

Optimization achieved user objective limit
Best objective 4.434563357140e-03, best bound 2.742428109675e-02, gap 518.4212%
{"verdict": "PROVED", "status": "BOUND_REACHED", "runtime": 157.59166598320007, "objval": 0.004434563357139723, "objbound": 0.027424281096754734, "binaries": 46}
