19:42:47 UTC start: 1 unresolved seed region(s) and 0 missing piece(s) under [[[0,2,4],1],[[0,2,5],1],[[0,2,6],1],[[0,2,7],1],[[0,2,8],0],[[0,3,4],0],[[0,3,5],0],[[0,3,6],0],[[0,3,7],0],[[0,3,8],0],[[1,2,4],1],[[1,2,5],1],[[1,2,6],1],[[1,2,7],1],[[1,2,8],1],[[1,3,4],0],[[1,3,5],0],[[1,3,6],0],[[1,3,7],0],[[1,3,8],0],[[2,3,4],0],[[2,3,5],1],[[2,3,6],1],[[2,3,7],1],[[2,3,8],1]]
19:58:48 UTC split region (bound/target 36.461) on [[4,5,6],[4,5,7],[4,5,8],[4,6,7]]: 1 pieces proved, 15 open; total runs 16, proved 1, open regions 15
20:07:07 UTC split region (bound/target 1.052) on [[4,6,8],[4,7,8],[5,6,7],[5,6,8]]: 9 pieces proved, 7 open; total runs 32, proved 10, open regions 21
20:22:39 UTC split region (bound/target 1.087) on [[4,6,8],[4,7,8],[5,6,7],[5,6,8]]: 1 pieces proved, 15 open; total runs 48, proved 11, open regions 35
20:32:28 UTC split region (bound/target 1.112) on [[5,7,8],[6,7,8],[0,4,5],[0,4,6]]: 8 pieces proved, 8 open; total runs 64, proved 19, open regions 42
20:36:17 UTC split region (bound/target 1.047) on [[0,4,7],[0,4,8],[0,5,6],[0,5,7]]: 14 pieces proved, 2 open; total runs 80, proved 33, open regions 43
20:37:28 UTC region PROVED by a 300 s run (71 s); open 42
20:40:52 UTC split region (bound/target 1.059) on [[0,4,7],[0,4,8],[0,5,6],[0,5,7]]: 14 pieces proved, 2 open; total runs 97, proved 48, open regions 43
20:44:25 UTC split region (bound/target 1.076) on [[0,4,7],[0,4,8],[0,5,6],[0,5,7]]: 15 pieces proved, 1 open; total runs 113, proved 63, open regions 43
20:45:57 UTC split region (bound/target 1.039) on [[0,5,8],[0,6,7],[0,6,8],[0,7,8]]: 15 pieces proved, 1 open; total runs 129, proved 78, open regions 43
20:47:07 UTC split region (bound/target 1.025) on [[1,4,5],[1,4,6],[1,4,7],[1,4,8]]: 16 pieces proved, 0 open; total runs 145, proved 94, open regions 42
20:49:50 UTC split region (bound/target 1.087) on [[0,4,7],[0,4,8],[0,5,6],[0,5,7]]: 14 pieces proved, 2 open; total runs 161, proved 108, open regions 43
20:50:41 UTC split region (bound/target 1.078) on [[0,5,8],[0,6,7],[0,6,8],[0,7,8]]: 16 pieces proved, 0 open; total runs 177, proved 124, open regions 42
20:52:01 UTC split region (bound/target 1.096) on [[0,5,8],[0,6,7],[0,6,8],[0,7,8]]: 15 pieces proved, 1 open; total runs 193, proved 139, open regions 42
20:54:35 UTC split region (bound/target 1.118) on [[0,4,7],[0,4,8],[0,5,6],[0,5,7]]: 15 pieces proved, 1 open; total runs 209, proved 154, open regions 42
20:55:51 UTC split region (bound/target 1.112) on [[0,5,8],[0,6,7],[0,6,8],[0,7,8]]: 15 pieces proved, 1 open; total runs 225, proved 169, open regions 42
21:01:06 UTC split region (bound/target 1.127) on [[4,6,8],[4,7,8],[5,6,7],[5,6,8]]: 11 pieces proved, 5 open; total runs 241, proved 180, open regions 46
21:03:17 UTC split region (bound/target 1.022) on [[5,7,8],[6,7,8],[0,4,5],[0,4,6]]: 15 pieces proved, 1 open; total runs 257, proved 195, open regions 46
21:04:39 UTC split region (bound/target 1.027) on [[0,4,7],[0,4,8],[0,5,6],[0,5,7]]: 16 pieces proved, 0 open; total runs 273, proved 211, open regions 45
21:06:56 UTC split region (bound/target 1.112) on [[5,7,8],[6,7,8],[0,4,5],[0,4,6]]: 15 pieces proved, 1 open; total runs 289, proved 226, open regions 45
21:08:18 UTC split region (bound/target 1.139) on [[0,5,8],[0,6,7],[0,6,8],[0,7,8]]: 15 pieces proved, 1 open; total runs 305, proved 241, open regions 45
21:11:18 UTC split region (bound/target 1.092) on [[1,4,5],[1,4,6],[1,4,7],[1,4,8]]: 14 pieces proved, 2 open; total runs 321, proved 255, open regions 46
21:12:32 UTC split region (bound/target 1.109) on [[1,5,6],[1,5,7],[1,5,8],[1,6,7]]: 16 pieces proved, 0 open; total runs 337, proved 271, open regions 45
21:13:17 UTC split region (bound/target 1.109) on [[1,5,6],[1,5,7],[1,5,8],[1,6,7]]: 16 pieces proved, 0 open; total runs 353, proved 287, open regions 44
21:16:21 UTC split region (bound/target 1.144) on [[4,6,8],[4,7,8],[5,6,7],[5,6,8]]: 14 pieces proved, 2 open; total runs 369, proved 301, open regions 45
21:18:03 UTC split region (bound/target 1.059) on [[5,7,8],[6,7,8],[0,4,5],[0,4,6]]: 15 pieces proved, 1 open; total runs 385, proved 316, open regions 45
21:22:50 UTC split region (bound/target 1.070) on [[5,7,8],[6,7,8],[0,4,5],[0,4,6]]: 13 pieces proved, 3 open; total runs 401, proved 329, open regions 47
21:24:04 UTC split region (bound/target 1.079) on [[0,4,7],[0,4,8],[0,5,6],[0,5,7]]: 16 pieces proved, 0 open; total runs 417, proved 345, open regions 46
21:25:14 UTC split region (bound/target 1.115) on [[0,4,7],[0,4,8],[0,5,6],[0,5,7]]: 16 pieces proved, 0 open; total runs 433, proved 361, open regions 45
21:39:18 UTC split region (bound/target 1.148) on [[4,6,8],[4,7,8],[5,6,7],[5,6,8]]: 3 pieces proved, 13 open; total runs 449, proved 364, open regions 57
21:47:52 UTC split region (bound/target 1.057) on [[5,7,8],[6,7,8],[0,4,5],[0,4,6]]: 10 pieces proved, 6 open; total runs 465, proved 374, open regions 62
21:49:31 UTC split region (bound/target 1.076) on [[0,4,7],[0,4,8],[0,5,6],[0,5,7]]: 15 pieces proved, 1 open; total runs 481, proved 389, open regions 62
21:50:21 UTC split region (bound/target 1.046) on [[0,5,8],[0,6,7],[0,6,8],[0,7,8]]: 16 pieces proved, 0 open; total runs 497, proved 405, open regions 61
22:02:53 UTC split region (bound/target 1.081) on [[5,7,8],[6,7,8],[0,4,5],[0,4,6]]: 4 pieces proved, 12 open; total runs 513, proved 409, open regions 72
22:06:23 UTC split region (bound/target 1.039) on [[0,4,7],[0,4,8],[0,5,6],[0,5,7]]: 15 pieces proved, 1 open; total runs 529, proved 424, open regions 72
22:08:30 UTC split region (bound/target 1.039) on [[0,5,8],[0,6,7],[0,6,8],[0,7,8]]: 16 pieces proved, 0 open; total runs 545, proved 440, open regions 71
22:11:24 UTC split region (bound/target 1.048) on [[0,4,7],[0,4,8],[0,5,6],[0,5,7]]: 15 pieces proved, 1 open; total runs 561, proved 455, open regions 71
22:20:37 UTC split region (bound/target 1.101) on [[5,7,8],[6,7,8],[0,4,5],[0,4,6]]: 7 pieces proved, 9 open; total runs 577, proved 462, open regions 79
22:21:43 UTC region PROVED by a 300 s run (65 s); open 78
22:24:27 UTC split region (bound/target 1.051) on [[0,4,7],[0,4,8],[0,5,6],[0,5,7]]: 15 pieces proved, 1 open; total runs 594, proved 478, open regions 78
22:25:51 UTC split region (bound/target 1.063) on [[0,5,8],[0,6,7],[0,6,8],[0,7,8]]: 15 pieces proved, 1 open; total runs 610, proved 493, open regions 78
22:28:06 UTC split region (bound/target 1.041) on [[1,4,5],[1,4,6],[1,4,7],[1,4,8]]: 15 pieces proved, 1 open; total runs 626, proved 508, open regions 78
22:30:03 UTC split region (bound/target 1.082) on [[0,4,7],[0,4,8],[0,5,6],[0,5,7]]: 15 pieces proved, 1 open; total runs 642, proved 523, open regions 78
22:31:16 UTC split region (bound/target 1.054) on [[0,5,8],[0,6,7],[0,6,8],[0,7,8]]: 15 pieces proved, 1 open; total runs 658, proved 538, open regions 78
22:33:32 UTC split region (bound/target 1.083) on [[1,5,6],[1,5,7],[1,5,8],[1,6,7]]: 15 pieces proved, 1 open; total runs 674, proved 553, open regions 78
22:34:36 UTC region PROVED by a 300 s run (64 s); open 77
22:36:29 UTC split region (bound/target 1.084) on [[1,4,5],[1,4,6],[1,4,7],[1,4,8]]: 15 pieces proved, 1 open; total runs 691, proved 569, open regions 77
22:38:09 UTC split region (bound/target 1.083) on [[1,5,6],[1,5,7],[1,5,8],[1,6,7]]: 16 pieces proved, 0 open; total runs 707, proved 585, open regions 76
22:50:17 UTC split region (bound/target 1.109) on [[5,7,8],[6,7,8],[0,4,5],[0,4,6]]: 8 pieces proved, 8 open; total runs 723, proved 593, open regions 83
22:54:13 UTC split region (bound/target 1.081) on [[0,4,7],[0,4,8],[0,5,6],[0,5,7]]: 13 pieces proved, 3 open; total runs 739, proved 606, open regions 85
22:57:39 UTC split region (bound/target 1.092) on [[0,4,7],[0,4,8],[0,5,6],[0,5,7]]: 13 pieces proved, 3 open; total runs 755, proved 619, open regions 87
22:58:59 UTC split region (bound/target 1.041) on [[0,5,8],[0,6,7],[0,6,8],[0,7,8]]: 16 pieces proved, 0 open; total runs 771, proved 635, open regions 86
23:00:51 UTC split region (bound/target 1.092) on [[0,5,8],[0,6,7],[0,6,8],[0,7,8]]: 15 pieces proved, 1 open; total runs 787, proved 650, open regions 86
23:02:47 UTC split region (bound/target 1.109) on [[0,4,7],[0,4,8],[0,5,6],[0,5,7]]: 15 pieces proved, 1 open; total runs 803, proved 665, open regions 86
23:04:22 UTC split region (bound/target 1.104) on [[0,5,8],[0,6,7],[0,6,8],[0,7,8]]: 15 pieces proved, 1 open; total runs 819, proved 680, open regions 86
23:08:52 UTC split region (bound/target 1.026) on [[1,4,5],[1,4,6],[1,4,7],[1,4,8]]: 14 pieces proved, 2 open; total runs 835, proved 694, open regions 87
23:09:55 UTC region PROVED by a 300 s run (63 s); open 86
23:11:04 UTC region PROVED by a 300 s run (68 s); open 85
23:15:18 UTC split region (bound/target 1.114) on [[0,4,7],[0,4,8],[0,5,6],[0,5,7]]: 15 pieces proved, 1 open; total runs 853, proved 711, open regions 85
23:16:20 UTC region PROVED by a 300 s run (62 s); open 84
23:18:56 UTC split region (bound/target 1.115) on [[0,5,8],[0,6,7],[0,6,8],[0,7,8]]: 15 pieces proved, 1 open; total runs 870, proved 727, open regions 84
23:19:55 UTC region PROVED by a 300 s run (59 s); open 83
23:22:16 UTC split region (bound/target 1.115) on [[0,4,7],[0,4,8],[0,5,6],[0,5,7]]: 15 pieces proved, 1 open; total runs 887, proved 743, open regions 83
23:23:23 UTC region PROVED by a 300 s run (66 s); open 82
23:25:36 UTC split region (bound/target 1.115) on [[0,4,7],[0,4,8],[0,5,6],[0,5,7]]: 15 pieces proved, 1 open; total runs 904, proved 759, open regions 82
23:25:53 UTC split region (bound/target 1.117) on [[0,4,7],[0,4,8],[0,5,6],[0,5,7]]: 16 pieces proved, 0 open; total runs 920, proved 775, open regions 81
23:29:34 UTC split region (bound/target 1.130) on [[0,4,7],[0,4,8],[0,5,6],[0,5,7]]: 13 pieces proved, 3 open; total runs 936, proved 788, open regions 83
23:30:39 UTC region PROVED by a 300 s run (65 s); open 82
23:32:32 UTC split region (bound/target 1.045) on [[0,5,8],[0,6,7],[0,6,8],[0,7,8]]: 16 pieces proved, 0 open; total runs 953, proved 805, open regions 81
23:34:18 UTC split region (bound/target 1.111) on [[0,5,8],[0,6,7],[0,6,8],[0,7,8]]: 15 pieces proved, 1 open; total runs 969, proved 820, open regions 81
23:37:33 UTC split region (bound/target 1.042) on [[1,4,5],[1,4,6],[1,4,7],[1,4,8]]: 14 pieces proved, 2 open; total runs 985, proved 834, open regions 82
23:38:33 UTC region PROVED by a 300 s run (60 s); open 81
23:40:11 UTC split region (bound/target 1.031) on [[1,5,6],[1,5,7],[1,5,8],[1,6,7]]: 16 pieces proved, 0 open; total runs 1002, proved 851, open regions 80
23:42:47 UTC split region (bound/target 1.136) on [[0,4,7],[0,4,8],[0,5,6],[0,5,7]]: 14 pieces proved, 2 open; total runs 1018, proved 865, open regions 81
23:42:47 UTC STOP file or time limit reached: 81 region(s) still open; re-run to resume
