Set parameter NodefileStart to value 6
Read parameters from file gurobi.env
Restricted license - for non-production use only - expires 2027-11-29
Set parameter OutputFlag to value 1
Set parameter Threads to value 4
Set parameter TimeLimit to value 360
Set parameter MIPGap to value 5e-05
Set parameter MIPFocus to value 2
Set parameter NonConvex to value 2
Set parameter BestBdStop to value 2.7426211734693878e-02
Gurobi Optimizer version 13.0.3 build v13.0.3rc0 (linux64 - "Ubuntu 24.04.5 LTS")

CPU model: AMD EPYC 7763 64-Core Processor, instruction set [SSE2|AVX|AVX2]
Thread count: 2 physical cores, 4 logical processors, using up to 4 threads

Non-default parameters:
TimeLimit  360
BestBdStop  2.7426211734693878e-02
MIPGap  5e-05
MIPFocus  2
NodefileStart  6
NonConvex  2
Threads  4

Optimize a model with 141 rows, 111 columns and 810 nonzeros (Max)
Model fingerprint: 0x14fed8f8
Model has 1 linear objective coefficients
Model has 50 quadratic constraints
Variable types: 65 continuous, 46 integer (46 binary)
Coefficient statistics:
  Matrix range     [5e-01, 1e+00]
  QMatrix range    [1e+00, 1e+00]
  QLMatrix range   [1e+00, 1e+00]
  Objective range  [1e+00, 1e+00]
  Bounds range     [5e-01, 1e+00]
  RHS range        [1e+00, 1e+00]

Found heuristic solution: objective -0.0000000
Presolve time: 0.00s
Presolved: 341 rows, 112 columns, 1210 nonzeros
Presolved model has 50 bilinear constraint(s)

Solving non-convex MIQCP to global optimality

Variable types: 66 continuous, 46 integer (46 binary)
Root relaxation presolve removed 50 rows and 1 columns
Root relaxation presolved: 291 rows, 111 columns, 1160 nonzeros


Root relaxation: objective 8.333333e-02, 110 iterations, 0.00 seconds (0.00 work units)

    Nodes    |    Current Node    |     Objective Bounds      |     Work
 Expl Unexpl |  Obj  Depth IntInf | Incumbent    BestBd   Gap | It/Node Time

     0     0    0.08333    0   49   -0.00000    0.08333      -     -    0s
     0     0    0.07143    0   58   -0.00000    0.07143      -     -    0s
     0     0    0.07143    0   54   -0.00000    0.07143      -     -    0s
     0     0    0.07143    0   49   -0.00000    0.07143      -     -    0s
     0     0    0.07143    0   62   -0.00000    0.07143      -     -    0s
     0     0    0.07143    0   61   -0.00000    0.07143      -     -    0s
     0     0    0.07143    0   55   -0.00000    0.07143      -     -    0s
     0     0    0.07143    0   48   -0.00000    0.07143      -     -    0s
     0     0    0.07143    0   56   -0.00000    0.07143      -     -    0s
     0     0    0.07143    0   60   -0.00000    0.07143      -     -    0s
     0     0    0.07143    0   62   -0.00000    0.07143      -     -    0s
     0     0    0.07143    0   47   -0.00000    0.07143      -     -    0s
     0     0    0.07143    0   46   -0.00000    0.07143      -     -    0s
     0     0    0.07143    0   58   -0.00000    0.07143      -     -    0s
     0     0    0.07143    0   58   -0.00000    0.07143      -     -    0s
     0     2    0.07143    0   58   -0.00000    0.07143      -     -    0s
H  965   864                       0.0000000    0.07143      -  31.7    1s
* 2261  1555             137       0.0000001    0.03502      -  31.3    3s
H 2814  1779                       0.0000001    0.03502      -  34.2    3s
H 2830  1715                       0.0000004    0.03502      -  34.2    3s
H 3931  2240                       0.0000006    0.03502      -  35.8    3s
  8148  5399    0.01800   41   52    0.00000    0.03502      -  37.6    5s
 25017 17019    0.00062   58   50    0.00000    0.03502      -  35.6   10s
H33948 23297                       0.0000007    0.03502      -  36.1   12s
H35657 24501                       0.0000007    0.03502      -  36.2   13s
 40838 28234     cutoff   98         0.00000    0.03502      -  36.1   15s
 59662 41178    0.00003   74   54    0.00000    0.03502      -  36.9   20s
 77959 53626    0.02172   45   56    0.00000    0.03502      -  36.9   25s
 94964 65199    0.00167   63   50    0.00000    0.03502      -  37.2   30s
 112950 77381    0.00000   88   29    0.00000    0.03502      -  37.2   35s
 131089 89506    0.00120   57   45    0.00000    0.03502      -  37.2   40s
 149424 101810    0.00004   73   41    0.00000    0.03502      -  37.1   45s
 165805 111934    0.00167   57   50    0.00000    0.03502      -  36.9   50s
 184562 124880    0.00000   92   31    0.00000    0.03502      -  36.9   55s
 202519 136639    0.00046   51   38    0.00000    0.03502      -  36.8   60s
 220481 148041     cutoff   95         0.00000    0.03502      -  36.8   65s
 238677 160135    0.00105   65   43    0.00000    0.03502      -  36.8   70s
 256443 171660    0.00014   74   54    0.00000    0.03502      -  36.9   75s
 273962 182780    0.00569   51   52    0.00000    0.03493      -  36.9   80s
 292057 194585    0.00493   58   52    0.00000    0.03455      -  36.9   85s
 305944 203323     cutoff   80         0.00000    0.03436      -  36.9   90s
 324110 215360    0.01201   46   44    0.00000    0.03415      -  36.9   95s
 342251 226768    0.00766   54   51    0.00000    0.03380      -  36.9  100s
 360521 238509    0.00080   51   50    0.00000    0.03355      -  36.9  105s
 377528 249572    0.00003   72   44    0.00000    0.03334      -  36.9  110s
 393808 260524    0.00007   70   50    0.00000    0.03316      -  36.9  115s
 411641 271737     cutoff   58         0.00000    0.03295      -  36.9  120s
H415505 273989                       0.0000007    0.03292      -  37.0  121s
 426844 281113    0.00189   56   43    0.00000    0.03278      -  36.9  125s
 443632 292145    0.00109   54   52    0.00000    0.03261      -  37.0  130s
 463234 304229    0.00000  109   15    0.00000    0.03240      -  37.0  135s
 480885 315231     cutoff  103         0.00000    0.03223      -  37.0  140s
 499342 326746    0.00471   57   51    0.00000    0.03208      -  36.9  145s
H500646 327510                       0.0000007    0.03206      -  36.9  145s
 516783 337442    0.00430   55   39    0.00000    0.03190      -  36.9  150s
 533836 348001    0.00114   62   31    0.00000    0.03174      -  36.9  155s
H542162 353241                       0.0000007    0.03168      -  37.0  157s
 549500 357757    0.00180   61   52    0.00000    0.03163      -  37.0  160s
 566804 368834    0.00000   85   39    0.00000    0.03149      -  37.0  165s
 584834 379715    0.00000   91   33    0.00000    0.03133      -  37.0  170s
 602621 390336    0.00577   53   51    0.00000    0.03117      -  37.0  175s
H617697 398491                       0.0000008    0.03106      -  37.0  179s
H617900 398728                       0.0000008    0.03106      -  37.0  179s
H618236 397876                       0.0000008    0.03105      -  37.0  179s
 619342 398642    0.01582   47   46    0.00000    0.03104      -  37.0  180s
H623396 400670                       0.0000008    0.03101      -  37.0  181s
 637005 409297    0.00652   56   50    0.00000    0.03092      -  37.0  185s
 654683 420457    0.00001   72   43    0.00000    0.03081      -  37.0  190s
 668687 429341    0.00983   47   45    0.00000    0.03071      -  37.0  195s
 686540 440331    0.01964   46   54    0.00000    0.03059      -  37.0  200s
 704889 451677    0.00264   55   52    0.00000    0.03045      -  37.0  205s
 721141 462162     cutoff   77         0.00000    0.03034      -  37.0  210s
 738600 473547    0.00525   57   46    0.00000    0.03024      -  37.0  215s
 756075 484365    0.00245   59   50    0.00000    0.03014      -  37.0  220s
 772866 494925    0.00000   88   39    0.00000    0.03004      -  37.1  225s
 790240 505551    0.00582   54   50    0.00000    0.02995      -  37.1  230s
 805789 515015    0.00007   76   43    0.00000    0.02987      -  37.1  235s
 822231 524899    0.00052   56   35    0.00000    0.02975      -  37.1  240s
 839655 536170     cutoff   95         0.00000    0.02968      -  37.1  245s
 857338 546745     cutoff   50         0.00000    0.02957      -  37.1  250s
 875451 557677    0.00116   57   44    0.00000    0.02949      -  37.1  255s
 892740 568206    0.00261   51   46    0.00000    0.02940      -  37.1  260s
 910264 578919    0.00000   58   49    0.00000    0.02932      -  37.1  265s
 927789 589472    0.01018   49   52    0.00000    0.02924      -  37.1  270s
 942169 597770     cutoff   55         0.00000    0.02918      -  37.1  275s
 956217 606083    0.00018   69   50    0.00000    0.02910      -  37.1  280s
 973802 617035     cutoff   82         0.00000    0.02902      -  37.1  285s
 991296 627546    0.00243   49   55    0.00000    0.02895      -  37.1  290s
H1001559 629904                       0.0000009    0.02890      -  37.1  293s
 1004153 631271    0.01173   46   55    0.00000    0.02889      -  37.1  295s
 1020797 641462    0.00062   59   44    0.00000    0.02881      -  37.2  300s
 1038457 652236    0.00022   71   50    0.00000    0.02874      -  37.2  305s
 1056823 663563    0.00000   75   23    0.00000    0.02865      -  37.2  310s
 1074592 673689    0.00003   68   45    0.00000    0.02859      -  37.2  315s
 1091777 683955    0.00001   70   51    0.00000    0.02852      -  37.2  320s
 1108844 694512    0.00001   59   33    0.00000    0.02845      -  37.2  325s
 1125708 704241     cutoff   58         0.00000    0.02838      -  37.2  330s
 1141100 713075    0.00001   66   38    0.00000    0.02833      -  37.2  335s
 1158311 723115     cutoff   81         0.00000    0.02826      -  37.2  340s
 1175285 733710    0.00003   91   45    0.00000    0.02819      -  37.2  345s
 1192714 744077    0.00001   68   42    0.00000    0.02813      -  37.3  350s
 1210579 754609    0.00005   63   44    0.00000    0.02806      -  37.2  355s
 1227599 764792     cutoff   66         0.00000    0.02801      -  37.2  360s

Cutting planes:
  Gomory: 4
  MIR: 5
  Flow cover: 45
  RLT: 109
  Relax-and-lift: 10
  BQP: 23

Explored 1228002 nodes (45732329 simplex iterations) in 360.00 seconds (366.42 work units)
Thread count was 4 (of 4 available processors)

Solution count 10: 9.38431e-07 8.15842e-07 8.07654e-07 ... 6.88867e-07

Time limit reached
Best objective 9.384313381100e-07, best bound 2.800354002796e-02, gap -
{"verdict": "UNRESOLVED", "status": "TIME_LIMIT", "runtime": 360.0036289691925, "objval": 9.38431338110002e-07, "objbound": 0.02800354002795521, "binaries": 46}
