Set parameter NodefileStart to value 6
Read parameters from file gurobi.env
Restricted license - for non-production use only - expires 2027-11-29
Set parameter OutputFlag to value 1
Set parameter Threads to value 4
Set parameter TimeLimit to value 360
Set parameter MIPGap to value 5e-05
Set parameter MIPFocus to value 2
Set parameter NonConvex to value 2
Set parameter BestBdStop to value 2.7426211734693878e-02
Gurobi Optimizer version 13.0.3 build v13.0.3rc0 (linux64 - "Ubuntu 24.04.5 LTS")

CPU model: AMD EPYC 7763 64-Core Processor, instruction set [SSE2|AVX|AVX2]
Thread count: 2 physical cores, 4 logical processors, using up to 4 threads

Non-default parameters:
TimeLimit  360
BestBdStop  2.7426211734693878e-02
MIPGap  5e-05
MIPFocus  2
NodefileStart  6
NonConvex  2
Threads  4

Optimize a model with 133 rows, 103 columns and 742 nonzeros (Max)
Model fingerprint: 0x6ccf222b
Model has 1 linear objective coefficients
Model has 50 quadratic constraints
Variable types: 65 continuous, 38 integer (38 binary)
Coefficient statistics:
  Matrix range     [5e-01, 1e+00]
  QMatrix range    [1e+00, 1e+00]
  QLMatrix range   [1e+00, 1e+00]
  Objective range  [1e+00, 1e+00]
  Bounds range     [5e-01, 1e+00]
  RHS range        [1e+00, 1e+00]

Found heuristic solution: objective -0.0000000
Presolve time: 0.00s
Presolved: 333 rows, 104 columns, 1142 nonzeros
Presolved model has 50 bilinear constraint(s)

Solving non-convex MIQCP to global optimality

Variable types: 66 continuous, 38 integer (38 binary)
Root relaxation presolve removed 50 rows and 1 columns
Root relaxation presolved: 283 rows, 103 columns, 1092 nonzeros


Root relaxation: objective 1.153846e-01, 129 iterations, 0.00 seconds (0.00 work units)

    Nodes    |    Current Node    |     Objective Bounds      |     Work
 Expl Unexpl |  Obj  Depth IntInf | Incumbent    BestBd   Gap | It/Node Time

     0     0    0.11538    0   54   -0.00000    0.11538      -     -    0s
     0     0    0.08824    0   63   -0.00000    0.08824      -     -    0s
     0     0    0.07895    0   67   -0.00000    0.07895      -     -    0s
     0     0    0.07692    0   54   -0.00000    0.07692      -     -    0s
     0     0    0.07143    0   66   -0.00000    0.07143      -     -    0s
     0     0    0.07143    0   61   -0.00000    0.07143      -     -    0s
     0     0    0.07143    0   58   -0.00000    0.07143      -     -    0s
     0     0    0.06950    0   67   -0.00000    0.06950      -     -    0s
     0     0    0.06933    0   69   -0.00000    0.06933      -     -    0s
     0     0    0.06933    0   68   -0.00000    0.06933      -     -    0s
     0     0    0.06921    0   68   -0.00000    0.06921      -     -    0s
     0     0    0.06793    0   67   -0.00000    0.06793      -     -    0s
     0     0    0.06793    0   67   -0.00000    0.06793      -     -    0s
     0     0    0.06793    0   65   -0.00000    0.06793      -     -    0s
     0     0    0.06793    0   65   -0.00000    0.06793      -     -    0s
     0     0    0.06793    0   66   -0.00000    0.06793      -     -    0s
     0     0    0.06793    0   66   -0.00000    0.06793      -     -    0s
     0     0    0.06793    0   66   -0.00000    0.06793      -     -    0s
     0     0    0.06793    0   66   -0.00000    0.06793      -     -    0s
     0     0    0.06793    0   65   -0.00000    0.06793      -     -    0s
     0     2    0.06793    0   65   -0.00000    0.06793      -     -    0s
H   75    82                       0.0000000    0.06627      -  22.7    0s
H  107   124                       0.0000002    0.06627      -  22.6    0s
H  161   181                       0.0000003    0.06627      -  25.5    0s
* 1907  1244             102       0.0000003    0.03625      -  26.4    1s
H 2055  1247                       0.0000004    0.03625      -  26.8    1s
H 2234  1200                       0.0000004    0.03625      -  27.5    1s
H 4141  2166                       0.0000005    0.03130      -  29.4    2s
H 5556  3071                       0.0000005    0.02957      -  28.3    3s
H 6338  3454                       0.0000006    0.02891      -  27.6    3s
H 6922  3810                       0.0000007    0.02803      -  27.1    3s

Cutting planes:
  Gomory: 18
  MIR: 2
  Flow cover: 3
  RLT: 38
  BQP: 10

Explored 8087 nodes (222529 simplex iterations) in 3.59 seconds (2.81 work units)
Thread count was 4 (of 4 available processors)

Solution count 10: 6.89408e-07 6.4273e-07 5.17341e-07 ... 4.45774e-08

Optimization achieved user objective limit
Best objective 6.894081001352e-07, best bound 2.741719973099e-02, gap -
{"verdict": "PROVED", "status": "BOUND_REACHED", "runtime": 3.5932788848876953, "objval": 6.894081001351805e-07, "objbound": 0.027417199730991524, "binaries": 38}
