Set parameter NodefileStart to value 6
Read parameters from file gurobi.env
Restricted license - for non-production use only - expires 2027-11-29
Set parameter OutputFlag to value 1
Set parameter Threads to value 4
Set parameter TimeLimit to value 360
Set parameter MIPGap to value 5e-05
Set parameter MIPFocus to value 2
Set parameter NonConvex to value 2
Set parameter BestBdStop to value 2.7426211734693878e-02
Gurobi Optimizer version 13.0.3 build v13.0.3rc0 (linux64 - "Ubuntu 24.04.5 LTS")

CPU model: AMD EPYC 7763 64-Core Processor, instruction set [SSE2|AVX|AVX2]
Thread count: 2 physical cores, 4 logical processors, using up to 4 threads

Non-default parameters:
TimeLimit  360
BestBdStop  2.7426211734693878e-02
MIPGap  5e-05
MIPFocus  2
NodefileStart  6
NonConvex  2
Threads  4

Optimize a model with 145 rows, 115 columns and 846 nonzeros (Max)
Model fingerprint: 0x6e19d18c
Model has 1 linear objective coefficients
Model has 50 quadratic constraints
Variable types: 65 continuous, 50 integer (50 binary)
Coefficient statistics:
  Matrix range     [5e-01, 1e+00]
  QMatrix range    [1e+00, 1e+00]
  QLMatrix range   [1e+00, 1e+00]
  Objective range  [1e+00, 1e+00]
  Bounds range     [5e-01, 1e+00]
  RHS range        [1e+00, 1e+00]

Found heuristic solution: objective -0.0000000
Presolve time: 0.00s
Presolved: 345 rows, 116 columns, 1246 nonzeros
Presolved model has 50 bilinear constraint(s)

Solving non-convex MIQCP to global optimality

Variable types: 66 continuous, 50 integer (50 binary)
Root relaxation presolve removed 50 rows and 1 columns
Root relaxation presolved: 295 rows, 115 columns, 1196 nonzeros


Root relaxation: objective 1.250000e-01, 113 iterations, 0.00 seconds (0.00 work units)

    Nodes    |    Current Node    |     Objective Bounds      |     Work
 Expl Unexpl |  Obj  Depth IntInf | Incumbent    BestBd   Gap | It/Node Time

     0     0    0.12500    0   43   -0.00000    0.12500      -     -    0s
     0     0    0.10000    0   55   -0.00000    0.10000      -     -    0s
     0     0    0.10000    0   59   -0.00000    0.10000      -     -    0s
H    0     0                       0.0000002    0.10000      -     -    0s
     0     0    0.10000    0   58    0.00000    0.10000      -     -    0s
     0     0    0.10000    0   50    0.00000    0.10000      -     -    0s
     0     0    0.10000    0   43    0.00000    0.10000      -     -    0s
     0     0    0.10000    0   43    0.00000    0.10000      -     -    0s
     0     2    0.10000    0   43    0.00000    0.10000      -     -    0s
*  860   798              83       0.0000004    0.10000      -  18.8    0s
*  903   798              74       0.0000006    0.10000      -  18.8    0s
* 1389  1125              47       0.0000007    0.09194      -  17.9    1s
* 1410  1071              45       0.0000010    0.09194      -  17.7    1s
 23862 16972    0.00006   47   41    0.00000    0.03807      -  10.0    5s
 60644 44972    0.00063   42   45    0.00000    0.03247      -   8.2   10s
H68832 51094                       0.0000010    0.03218      -   8.5   11s
 90814 66179    0.00361   36   50    0.00000    0.03026      -   9.2   15s
H105123 76608                       0.0000010    0.02991      -   9.5   17s
 124088 88431    0.02197   27   54    0.00000    0.02947      -   9.9   20s
 159873 111409    0.00000   68   31    0.00000    0.02937      -   9.9   25s
 184704 128356    0.00002   49   42    0.00000    0.02931      -  10.6   30s
 212771 146816    0.02069   33   56    0.00000    0.02916      -  11.0   35s
 243780 166625    0.00000   77   36    0.00000    0.02875      -  11.3   40s
 273381 184439    0.00000   53   45    0.00000    0.02852      -  11.5   45s
 302674 201863    0.02022   30   56    0.00000    0.02809      -  11.7   50s
 330942 217568    0.00624   33   51    0.00000    0.02771      -  11.7   55s
 362644 234223    0.00203   29   44    0.00000    0.02742      -  11.8   60s

Cutting planes:
  Gomory: 15
  Implied bound: 3
  MIR: 12
  Mixing: 2
  Flow cover: 4
  RLT: 29
  Relax-and-lift: 5
  BQP: 20

Explored 362962 nodes (4285502 simplex iterations) in 60.02 seconds (57.84 work units)
Thread count was 4 (of 4 available processors)

Solution count 7: 9.7818e-07 9.51368e-07 7.01476e-07 ... -0

Optimization achieved user objective limit
Best objective 9.781799666167e-07, best bound 2.741692093079e-02, gap -
{"verdict": "PROVED", "status": "BOUND_REACHED", "runtime": 60.024852991104126, "objval": 9.781799666166992e-07, "objbound": 0.027416920930794952, "binaries": 50}
