06:36:44 UTC start: 1 unresolved seed region(s) and 0 missing piece(s) under [[[0,2,4],1],[[0,2,5],1],[[0,2,6],1],[[0,2,7],1],[[0,2,8],1],[[0,3,4],0],[[0,3,5],0],[[0,3,6],0],[[0,3,7],0],[[0,3,8],0],[[1,2,4],1],[[1,2,5],1],[[1,2,6],1],[[1,2,7],1],[[1,2,8],1],[[1,3,4],0],[[1,3,5],1],[[1,3,6],1],[[1,3,7],0],[[1,3,8],0],[[2,3,4],0],[[2,3,5],1],[[2,3,6],1],[[2,3,7],1],[[2,3,8],1]]
06:52:47 UTC split region (bound/target 36.461) on [[4,5,6],[4,5,7],[4,5,8],[4,6,7]]: 0 pieces proved, 16 open; total runs 16, proved 0, open regions 16
06:54:29 UTC split region (bound/target 1.026) on [[4,6,8],[4,7,8],[5,6,7],[5,6,8]]: 15 pieces proved, 1 open; total runs 32, proved 15, open regions 16
06:58:43 UTC split region (bound/target 1.098) on [[4,6,8],[4,7,8],[5,6,7],[5,6,8]]: 13 pieces proved, 3 open; total runs 48, proved 28, open regions 18
07:01:03 UTC split region (bound/target 1.062) on [[5,7,8],[6,7,8],[0,4,5],[0,4,6]]: 14 pieces proved, 2 open; total runs 64, proved 42, open regions 19
07:01:41 UTC split region (bound/target 1.047) on [[0,4,7],[0,4,8],[0,5,6],[0,5,7]]: 16 pieces proved, 0 open; total runs 80, proved 58, open regions 18
07:03:08 UTC split region (bound/target 1.157) on [[5,7,8],[6,7,8],[0,4,5],[0,4,6]]: 15 pieces proved, 1 open; total runs 96, proved 73, open regions 18
07:16:39 UTC split region (bound/target 1.205) on [[4,6,8],[4,7,8],[5,6,7],[5,6,8]]: 3 pieces proved, 13 open; total runs 112, proved 76, open regions 30
07:17:40 UTC region PROVED by a 300 s run (61 s); open 29
07:27:16 UTC split region (bound/target 1.149) on [[5,7,8],[6,7,8],[0,4,5],[0,4,6]]: 8 pieces proved, 8 open; total runs 129, proved 85, open regions 36
07:29:41 UTC split region (bound/target 1.025) on [[0,4,7],[0,4,8],[0,5,6],[0,5,7]]: 15 pieces proved, 1 open; total runs 145, proved 100, open regions 36
07:32:17 UTC split region (bound/target 1.054) on [[0,4,7],[0,4,8],[0,5,6],[0,5,7]]: 15 pieces proved, 1 open; total runs 161, proved 115, open regions 36
07:33:22 UTC region PROVED by a 300 s run (65 s); open 35
07:35:24 UTC split region (bound/target 1.058) on [[0,5,8],[0,6,7],[0,6,8],[0,7,8]]: 16 pieces proved, 0 open; total runs 178, proved 132, open regions 34
07:38:30 UTC split region (bound/target 1.194) on [[0,4,7],[0,4,8],[0,5,6],[0,5,7]]: 14 pieces proved, 2 open; total runs 194, proved 146, open regions 35
07:41:18 UTC split region (bound/target 1.136) on [[0,5,8],[0,6,7],[0,6,8],[0,7,8]]: 14 pieces proved, 2 open; total runs 210, proved 160, open regions 36
07:41:49 UTC split region (bound/target 1.060) on [[1,4,5],[1,4,6],[1,4,7],[1,4,8]]: 16 pieces proved, 0 open; total runs 226, proved 176, open regions 35
07:48:22 UTC split region (bound/target 1.202) on [[5,7,8],[6,7,8],[0,4,5],[0,4,6]]: 10 pieces proved, 6 open; total runs 242, proved 186, open regions 40
07:51:04 UTC split region (bound/target 1.147) on [[0,4,7],[0,4,8],[0,5,6],[0,5,7]]: 14 pieces proved, 2 open; total runs 258, proved 200, open regions 41
07:52:52 UTC split region (bound/target 1.097) on [[0,5,8],[0,6,7],[0,6,8],[0,7,8]]: 16 pieces proved, 0 open; total runs 274, proved 216, open regions 40
07:57:30 UTC split region (bound/target 1.185) on [[0,4,7],[0,4,8],[0,5,6],[0,5,7]]: 12 pieces proved, 4 open; total runs 290, proved 228, open regions 43
07:58:03 UTC split region (bound/target 1.027) on [[0,5,8],[0,6,7],[0,6,8],[0,7,8]]: 16 pieces proved, 0 open; total runs 306, proved 244, open regions 42
07:59:45 UTC split region (bound/target 1.060) on [[0,5,8],[0,6,7],[0,6,8],[0,7,8]]: 16 pieces proved, 0 open; total runs 322, proved 260, open regions 41
08:00:12 UTC split region (bound/target 1.103) on [[0,5,8],[0,6,7],[0,6,8],[0,7,8]]: 16 pieces proved, 0 open; total runs 338, proved 276, open regions 40
08:01:27 UTC split region (bound/target 1.117) on [[0,5,8],[0,6,7],[0,6,8],[0,7,8]]: 16 pieces proved, 0 open; total runs 354, proved 292, open regions 39
08:04:44 UTC split region (bound/target 1.212) on [[0,4,7],[0,4,8],[0,5,6],[0,5,7]]: 13 pieces proved, 3 open; total runs 370, proved 305, open regions 41
08:05:48 UTC region PROVED by a 300 s run (64 s); open 40
08:12:14 UTC split region (bound/target 1.238) on [[5,7,8],[6,7,8],[0,4,5],[0,4,6]]: 11 pieces proved, 5 open; total runs 387, proved 317, open regions 44
08:13:58 UTC split region (bound/target 1.067) on [[0,4,7],[0,4,8],[0,5,6],[0,5,7]]: 15 pieces proved, 1 open; total runs 403, proved 332, open regions 44
08:15:15 UTC region PROVED by a 300 s run (76 s); open 43
08:16:37 UTC split region (bound/target 1.112) on [[0,4,7],[0,4,8],[0,5,6],[0,5,7]]: 16 pieces proved, 0 open; total runs 420, proved 349, open regions 42
08:19:41 UTC split region (bound/target 1.151) on [[0,4,7],[0,4,8],[0,5,6],[0,5,7]]: 14 pieces proved, 2 open; total runs 436, proved 363, open regions 43
08:20:49 UTC region PROVED by a 300 s run (68 s); open 42
08:21:33 UTC split region (bound/target 1.054) on [[0,5,8],[0,6,7],[0,6,8],[0,7,8]]: 16 pieces proved, 0 open; total runs 453, proved 380, open regions 41
08:24:50 UTC split region (bound/target 1.252) on [[1,4,5],[1,4,6],[1,4,7],[1,4,8]]: 13 pieces proved, 3 open; total runs 469, proved 393, open regions 43
08:26:02 UTC region PROVED by a 300 s run (72 s); open 42
08:28:32 UTC split region (bound/target 1.095) on [[1,5,6],[1,5,7],[1,5,8],[1,6,7]]: 14 pieces proved, 2 open; total runs 486, proved 408, open regions 43
08:30:01 UTC split region (bound/target 1.068) on [[1,6,8],[1,7,8],[2,4,5],[2,4,6]]: 15 pieces proved, 1 open; total runs 502, proved 423, open regions 43
08:30:41 UTC split region (bound/target 1.039) on [[2,4,7],[2,4,8],[2,5,6],[2,5,7]]: 16 pieces proved, 0 open; total runs 518, proved 439, open regions 42
08:33:09 UTC split region (bound/target 1.142) on [[1,5,6],[1,5,7],[1,5,8],[1,6,7]]: 14 pieces proved, 2 open; total runs 534, proved 453, open regions 43
08:34:27 UTC split region (bound/target 1.029) on [[1,6,8],[1,7,8],[2,4,5],[2,4,6]]: 15 pieces proved, 1 open; total runs 550, proved 468, open regions 43
08:35:29 UTC region PROVED by a 300 s run (61 s); open 42
08:36:50 UTC split region (bound/target 1.057) on [[1,6,8],[1,7,8],[2,4,5],[2,4,6]]: 15 pieces proved, 1 open; total runs 567, proved 484, open regions 42
08:38:06 UTC split region (bound/target 1.081) on [[2,4,7],[2,4,8],[2,5,6],[2,5,7]]: 16 pieces proved, 0 open; total runs 583, proved 500, open regions 41
08:39:26 UTC split region (bound/target 1.148) on [[1,6,8],[1,7,8],[2,4,5],[2,4,6]]: 16 pieces proved, 0 open; total runs 599, proved 516, open regions 40
08:42:29 UTC split region (bound/target 1.258) on [[5,7,8],[6,7,8],[0,4,5],[0,4,6]]: 14 pieces proved, 2 open; total runs 615, proved 530, open regions 41
08:43:48 UTC split region (bound/target 1.068) on [[0,4,7],[0,4,8],[0,5,6],[0,5,7]]: 16 pieces proved, 0 open; total runs 631, proved 546, open regions 40
08:45:37 UTC split region (bound/target 1.226) on [[0,4,7],[0,4,8],[0,5,6],[0,5,7]]: 15 pieces proved, 1 open; total runs 647, proved 561, open regions 40
08:47:06 UTC split region (bound/target 1.045) on [[0,5,8],[0,6,7],[0,6,8],[0,7,8]]: 15 pieces proved, 1 open; total runs 663, proved 576, open regions 40
08:47:55 UTC split region (bound/target 1.181) on [[1,4,5],[1,4,6],[1,4,7],[1,4,8]]: 16 pieces proved, 0 open; total runs 679, proved 592, open regions 39
08:50:26 UTC split region (bound/target 1.266) on [[0,5,8],[0,6,7],[0,6,8],[0,7,8]]: 14 pieces proved, 2 open; total runs 695, proved 606, open regions 40
08:53:07 UTC split region (bound/target 1.076) on [[1,4,5],[1,4,6],[1,4,7],[1,4,8]]: 14 pieces proved, 2 open; total runs 711, proved 620, open regions 41
08:54:43 UTC split region (bound/target 1.021) on [[1,5,6],[1,5,7],[1,5,8],[1,6,7]]: 16 pieces proved, 0 open; total runs 727, proved 636, open regions 40
08:55:30 UTC split region (bound/target 1.181) on [[1,5,6],[1,5,7],[1,5,8],[1,6,7]]: 16 pieces proved, 0 open; total runs 743, proved 652, open regions 39
08:57:59 UTC split region (bound/target 1.287) on [[0,4,7],[0,4,8],[0,5,6],[0,5,7]]: 15 pieces proved, 1 open; total runs 759, proved 667, open regions 39
09:00:42 UTC split region (bound/target 1.290) on [[0,4,7],[0,4,8],[0,5,6],[0,5,7]]: 14 pieces proved, 2 open; total runs 775, proved 681, open regions 40
09:01:19 UTC split region (bound/target 1.224) on [[0,5,8],[0,6,7],[0,6,8],[0,7,8]]: 16 pieces proved, 0 open; total runs 791, proved 697, open regions 39
09:01:51 UTC split region (bound/target 1.298) on [[0,5,8],[0,6,7],[0,6,8],[0,7,8]]: 16 pieces proved, 0 open; total runs 807, proved 713, open regions 38
09:12:03 UTC split region (bound/target 1.303) on [[4,6,8],[4,7,8],[5,6,7],[5,6,8]]: 7 pieces proved, 9 open; total runs 823, proved 720, open regions 46
09:15:12 UTC split region (bound/target 1.100) on [[5,7,8],[6,7,8],[0,4,5],[0,4,6]]: 14 pieces proved, 2 open; total runs 839, proved 734, open regions 47
09:16:41 UTC split region (bound/target 1.041) on [[0,4,7],[0,4,8],[0,5,6],[0,5,7]]: 15 pieces proved, 1 open; total runs 855, proved 749, open regions 47
09:17:23 UTC split region (bound/target 1.097) on [[0,5,8],[0,6,7],[0,6,8],[0,7,8]]: 16 pieces proved, 0 open; total runs 871, proved 765, open regions 46
09:26:42 UTC split region (bound/target 1.174) on [[5,7,8],[6,7,8],[0,4,5],[0,4,6]]: 11 pieces proved, 5 open; total runs 887, proved 776, open regions 50
09:27:44 UTC region PROVED by a 300 s run (62 s); open 49
09:29:26 UTC split region (bound/target 1.062) on [[0,4,7],[0,4,8],[0,5,6],[0,5,7]]: 15 pieces proved, 1 open; total runs 904, proved 792, open regions 49
09:31:40 UTC split region (bound/target 1.070) on [[0,4,7],[0,4,8],[0,5,6],[0,5,7]]: 14 pieces proved, 2 open; total runs 920, proved 806, open regions 50
09:32:50 UTC region PROVED by a 300 s run (70 s); open 49
09:33:34 UTC split region (bound/target 1.122) on [[0,4,7],[0,4,8],[0,5,6],[0,5,7]]: 16 pieces proved, 0 open; total runs 937, proved 823, open regions 48
09:35:30 UTC split region (bound/target 1.145) on [[0,5,8],[0,6,7],[0,6,8],[0,7,8]]: 15 pieces proved, 1 open; total runs 953, proved 838, open regions 48
09:36:23 UTC split region (bound/target 1.036) on [[1,4,5],[1,4,6],[1,4,7],[1,4,8]]: 16 pieces proved, 0 open; total runs 969, proved 854, open regions 47
09:38:45 UTC split region (bound/target 1.185) on [[0,5,8],[0,6,7],[0,6,8],[0,7,8]]: 15 pieces proved, 1 open; total runs 985, proved 869, open regions 47
09:39:54 UTC region PROVED by a 300 s run (69 s); open 46
09:42:04 UTC split region (bound/target 1.213) on [[0,4,7],[0,4,8],[0,5,6],[0,5,7]]: 15 pieces proved, 1 open; total runs 1002, proved 885, open regions 46
09:43:08 UTC split region (bound/target 1.071) on [[0,5,8],[0,6,7],[0,6,8],[0,7,8]]: 16 pieces proved, 0 open; total runs 1018, proved 901, open regions 45
09:47:42 UTC split region (bound/target 1.328) on [[0,4,7],[0,4,8],[0,5,6],[0,5,7]]: 13 pieces proved, 3 open; total runs 1034, proved 914, open regions 47
09:48:48 UTC region PROVED by a 300 s run (66 s); open 46
09:50:14 UTC split region (bound/target 1.211) on [[0,5,8],[0,6,7],[0,6,8],[0,7,8]]: 16 pieces proved, 0 open; total runs 1051, proved 931, open regions 45
09:51:03 UTC split region (bound/target 1.309) on [[0,5,8],[0,6,7],[0,6,8],[0,7,8]]: 16 pieces proved, 0 open; total runs 1067, proved 947, open regions 44
09:52:39 UTC split region (bound/target 1.336) on [[0,5,8],[0,6,7],[0,6,8],[0,7,8]]: 16 pieces proved, 0 open; total runs 1083, proved 963, open regions 43
09:55:12 UTC split region (bound/target 1.340) on [[0,4,7],[0,4,8],[0,5,6],[0,5,7]]: 14 pieces proved, 2 open; total runs 1099, proved 977, open regions 44
09:57:15 UTC split region (bound/target 1.102) on [[0,5,8],[0,6,7],[0,6,8],[0,7,8]]: 15 pieces proved, 1 open; total runs 1115, proved 992, open regions 44
10:00:36 UTC split region (bound/target 1.260) on [[1,4,5],[1,4,6],[1,4,7],[1,4,8]]: 13 pieces proved, 3 open; total runs 1131, proved 1005, open regions 46
10:02:03 UTC split region (bound/target 1.064) on [[1,5,6],[1,5,7],[1,5,8],[1,6,7]]: 16 pieces proved, 0 open; total runs 1147, proved 1021, open regions 45
10:04:12 UTC split region (bound/target 1.155) on [[1,5,6],[1,5,7],[1,5,8],[1,6,7]]: 15 pieces proved, 1 open; total runs 1163, proved 1036, open regions 45
10:05:05 UTC split region (bound/target 1.027) on [[1,6,8],[1,7,8],[2,4,5],[2,4,6]]: 16 pieces proved, 0 open; total runs 1179, proved 1052, open regions 44
10:07:51 UTC split region (bound/target 1.289) on [[1,5,6],[1,5,7],[1,5,8],[1,6,7]]: 14 pieces proved, 2 open; total runs 1195, proved 1066, open regions 45
10:09:04 UTC region PROVED by a 300 s run (73 s); open 44
10:11:21 UTC split region (bound/target 1.167) on [[1,6,8],[1,7,8],[2,4,5],[2,4,6]]: 14 pieces proved, 2 open; total runs 1212, proved 1081, open regions 45
10:12:51 UTC split region (bound/target 1.032) on [[2,4,7],[2,4,8],[2,5,6],[2,5,7]]: 16 pieces proved, 0 open; total runs 1228, proved 1097, open regions 44
10:13:44 UTC split region (bound/target 1.039) on [[2,4,7],[2,4,8],[2,5,6],[2,5,7]]: 16 pieces proved, 0 open; total runs 1244, proved 1113, open regions 43
10:17:44 UTC split region (bound/target 1.343) on [[4,6,8],[4,7,8],[5,6,7],[5,6,8]]: 14 pieces proved, 2 open; total runs 1260, proved 1127, open regions 44
10:22:12 UTC split region (bound/target 1.052) on [[5,7,8],[6,7,8],[0,4,5],[0,4,6]]: 13 pieces proved, 3 open; total runs 1276, proved 1140, open regions 46
10:23:25 UTC split region (bound/target 1.038) on [[0,4,7],[0,4,8],[0,5,6],[0,5,7]]: 15 pieces proved, 1 open; total runs 1292, proved 1155, open regions 46
10:24:36 UTC region PROVED by a 300 s run (71 s); open 45
10:25:47 UTC split region (bound/target 1.057) on [[5,7,8],[6,7,8],[0,4,5],[0,4,6]]: 16 pieces proved, 0 open; total runs 1309, proved 1172, open regions 44
10:28:04 UTC split region (bound/target 1.190) on [[0,4,7],[0,4,8],[0,5,6],[0,5,7]]: 16 pieces proved, 0 open; total runs 1325, proved 1188, open regions 43
10:29:29 UTC split region (bound/target 1.301) on [[0,4,7],[0,4,8],[0,5,6],[0,5,7]]: 15 pieces proved, 1 open; total runs 1341, proved 1203, open regions 43
10:31:48 UTC split region (bound/target 1.323) on [[0,5,8],[0,6,7],[0,6,8],[0,7,8]]: 15 pieces proved, 1 open; total runs 1357, proved 1218, open regions 43
10:34:06 UTC split region (bound/target 1.079) on [[1,4,5],[1,4,6],[1,4,7],[1,4,8]]: 15 pieces proved, 1 open; total runs 1373, proved 1233, open regions 43
10:34:58 UTC split region (bound/target 1.060) on [[1,5,6],[1,5,7],[1,5,8],[1,6,7]]: 16 pieces proved, 0 open; total runs 1389, proved 1249, open regions 42
10:36:47 UTC STOP file or time limit reached mid-region; it will be redone on resume (finished pieces are reused)
