Set parameter NodefileStart to value 6
Read parameters from file gurobi.env
Restricted license - for non-production use only - expires 2027-11-29
Set parameter OutputFlag to value 1
Set parameter Threads to value 4
Set parameter TimeLimit to value 360
Set parameter MIPGap to value 5e-05
Set parameter MIPFocus to value 2
Set parameter NonConvex to value 2
Set parameter BestBdStop to value 2.7426211734693878e-02
Gurobi Optimizer version 13.0.3 build v13.0.3rc0 (linux64 - "Ubuntu 24.04.5 LTS")

CPU model: AMD EPYC 7763 64-Core Processor, instruction set [SSE2|AVX|AVX2]
Thread count: 2 physical cores, 4 logical processors, using up to 4 threads

Non-default parameters:
TimeLimit  360
BestBdStop  2.7426211734693878e-02
MIPGap  5e-05
MIPFocus  2
NodefileStart  6
NonConvex  2
Threads  4

Optimize a model with 141 rows, 111 columns and 810 nonzeros (Max)
Model fingerprint: 0xf00d2458
Model has 1 linear objective coefficients
Model has 50 quadratic constraints
Variable types: 65 continuous, 46 integer (46 binary)
Coefficient statistics:
  Matrix range     [5e-01, 1e+00]
  QMatrix range    [1e+00, 1e+00]
  QLMatrix range   [1e+00, 1e+00]
  Objective range  [1e+00, 1e+00]
  Bounds range     [5e-01, 1e+00]
  RHS range        [1e+00, 1e+00]

Found heuristic solution: objective -0.0000000
Presolve time: 0.00s
Presolved: 341 rows, 112 columns, 1210 nonzeros
Presolved model has 50 bilinear constraint(s)

Solving non-convex MIQCP to global optimality

Variable types: 66 continuous, 46 integer (46 binary)
Root relaxation presolve removed 50 rows and 1 columns
Root relaxation presolved: 291 rows, 111 columns, 1160 nonzeros


Root relaxation: objective 1.250000e-01, 115 iterations, 0.00 seconds (0.00 work units)

    Nodes    |    Current Node    |     Objective Bounds      |     Work
 Expl Unexpl |  Obj  Depth IntInf | Incumbent    BestBd   Gap | It/Node Time

     0     0    0.12500    0   44   -0.00000    0.12500      -     -    0s
     0     0    0.10000    0   67   -0.00000    0.10000      -     -    0s
     0     0    0.10000    0   43   -0.00000    0.10000      -     -    0s
     0     0    0.10000    0   47   -0.00000    0.10000      -     -    0s
H    0     0                       0.0000003    0.10000      -     -    0s
     0     0    0.10000    0   51    0.00000    0.10000      -     -    0s
     0     0    0.10000    0   50    0.00000    0.10000      -     -    0s
     0     0    0.10000    0   62    0.00000    0.10000      -     -    0s
     0     0    0.10000    0   64    0.00000    0.10000      -     -    0s
     0     0    0.10000    0   51    0.00000    0.10000      -     -    0s
     0     0    0.10000    0   53    0.00000    0.10000      -     -    0s
     0     0    0.10000    0   68    0.00000    0.10000      -     -    0s
     0     0    0.10000    0   43    0.00000    0.10000      -     -    0s
     0     0    0.10000    0   43    0.00000    0.10000      -     -    0s
     0     2    0.10000    0   43    0.00000    0.10000      -     -    0s
H 1253  1027                       0.0000004    0.08883      -  31.7    1s
H 1867  1151                       0.0024768    0.08773  3442%  27.9    1s
H 2008  1118                       0.0046486    0.08773  1787%  28.0    1s
H 3109  1099                       0.0071088    0.07489   953%  38.0    2s
H 3132  1058                       0.0073887    0.07489   914%  37.9    2s
 11656  5413    0.02920   32   56    0.00739    0.05655   665%  42.8    5s
 30628 14952    0.03169   35   56    0.00739    0.05203   604%  42.2   10s
 46199 22087    0.02035   34   53    0.00739    0.04990   575%  42.0   15s
 65964 30584    0.00783   46   50    0.00739    0.04787   548%  41.4   20s
 85395 39282    0.00807   42   53    0.00739    0.04647   529%  41.2   25s
 104468 46760    0.01142   38   54    0.00739    0.04528   513%  40.7   30s
 123264 54383    0.02517   40   54    0.00739    0.04433   500%  40.5   35s
 142945 62794     cutoff   43         0.00739    0.04356   490%  40.4   40s
 163014 70513    0.01058   43   56    0.00739    0.04285   480%  40.2   45s
 179544 77269    0.00846   39   50    0.00739    0.04230   472%  40.2   50s
 199201 85036    0.01807   35   53    0.00739    0.04175   465%  40.1   55s
 219470 93069    0.00981   37   56    0.00739    0.04127   459%  39.9   60s
*221782 89792             105       0.0083975    0.04121   391%  39.9   60s
*221783 89763             105       0.0084042    0.04121   390%  39.9   60s
*221787 89763             104       0.0084043    0.04121   390%  39.9   60s
H221946 85672                       0.0093201    0.04121   342%  39.9   60s
H222970 85674                       0.0094145    0.04117   337%  39.9   61s
H222972 82979                       0.0100462    0.04117   310%  39.9   61s
H223129 83145                       0.0100462    0.04117   310%  39.9   61s
 235894 87434     cutoff   45         0.01005    0.04082   306%  39.8   65s
 256267 94129    0.01714   34   53    0.01005    0.04027   301%  39.7   70s
 276782 100861    0.01036   38   47    0.01005    0.03986   297%  39.5   75s
 296344 107508     cutoff   43         0.01005    0.03948   293%  39.5   80s
H296364 105063                       0.0105106    0.03948   276%  39.5   80s
H297580 104752                       0.0106551    0.03945   270%  39.5   80s
 312525 109574    0.03038   32   50    0.01066    0.03918   268%  39.4   85s
 332997 115855    0.01274   41   54    0.01066    0.03886   265%  39.3   90s
H346962 120158                       0.0106978    0.03864   261%  39.2   93s
*347084 120113             109       0.0107065    0.03864   261%  39.2   93s
*347085 120098             109       0.0107099    0.03864   261%  39.2   93s
H347397 120174                       0.0107099    0.03864   261%  39.2   93s
H348575 117256                       0.0112582    0.03862   243%  39.2   93s
H348844 117380                       0.0112582    0.03862   243%  39.2   94s
 352006 118266 infeasible   42         0.01126    0.03857   243%  39.2   95s
 369891 123407     cutoff   37         0.01126    0.03828   240%  39.1  100s
 390355 129332    0.02175   34   52    0.01126    0.03798   237%  39.0  105s
 410713 135042     cutoff   39         0.01126    0.03767   235%  39.0  110s
 431623 140791    0.02348   34   51    0.01126    0.03742   232%  38.9  115s
 451649 146475    0.01409   38   53    0.01126    0.03718   230%  38.9  120s
 472270 152259     cutoff   34         0.01126    0.03695   228%  38.8  125s
 493235 158028    0.02317   37   50    0.01126    0.03672   226%  38.7  130s
 513900 163761    0.02956   36   57    0.01126    0.03649   224%  38.7  135s
H520878 161061                       0.0117953    0.03643   209%  38.7  137s
H520886 161061                       0.0117953    0.03643   209%  38.7  137s
H521218 161149                       0.0117953    0.03643   209%  38.7  137s
H522735 154205                       0.0126558    0.03641   188%  38.7  138s
 528515 155590    0.01433   39   56    0.01266    0.03635   187%  38.7  140s
 549069 160365    0.02468   37   51    0.01266    0.03611   185%  38.6  145s
 569604 165410    0.03578   34   54    0.01266    0.03587   183%  38.6  150s
 590126 170494    0.01698   37   57    0.01266    0.03566   182%  38.5  155s
 610626 175393     cutoff   38         0.01266    0.03545   180%  38.5  160s
 628466 179779    0.03510   28   51    0.01266    0.03528   179%  38.5  165s
 648780 184060    0.01270   33   59    0.01266    0.03509   177%  38.4  170s
 669550 188847    0.01403   36   55    0.01266    0.03489   176%  38.4  175s
 690015 193694    0.01950   43   54    0.01266    0.03472   174%  38.4  180s
 710351 198827    0.01301   38   50    0.01266    0.03455   173%  38.4  185s
 730294 203890     cutoff   35         0.01266    0.03439   172%  38.3  190s
 750144 207983    0.01400   36   44    0.01266    0.03424   171%  38.3  195s
 770598 212680    0.01317   37   50    0.01266    0.03408   169%  38.3  200s
 788020 216804     cutoff   40         0.01266    0.03395   168%  38.3  205s
 808425 221211    0.02288   38   53    0.01266    0.03381   167%  38.2  210s
 829314 225823    0.01563   36   53    0.01266    0.03367   166%  38.2  215s
 850124 230044    0.01839   38   51    0.01266    0.03353   165%  38.2  220s
 869831 234423    0.01998   34   52    0.01266    0.03341   164%  38.2  225s
 890996 238884     cutoff   34         0.01266    0.03329   163%  38.1  230s
 910092 242838    0.02378   36   56    0.01266    0.03317   162%  38.1  235s
 930831 247388    0.01360   43   56    0.01266    0.03305   161%  38.1  240s
 951669 251789     cutoff   39         0.01266    0.03294   160%  38.0  245s
 970287 255559    0.01563   41   50    0.01266    0.03283   159%  38.0  250s
 991215 259529     cutoff   41         0.01266    0.03271   158%  38.0  255s
 1011697 263671    0.01477   43   54    0.01266    0.03260   158%  38.0  260s
 1032646 267729    0.01607   39   54    0.01266    0.03249   157%  37.9  265s
 1052890 271822    0.01376   39   51    0.01266    0.03238   156%  37.9  270s
 1072086 275768    0.01779   42   52    0.01266    0.03228   155%  37.9  275s
 1090895 279537     cutoff   37         0.01266    0.03218   154%  37.9  280s
 1109665 282802    0.02175   33   53    0.01266    0.03208   154%  37.9  285s
 1125383 285594    0.02201   37   54    0.01266    0.03200   153%  37.9  290s
 1144652 288918    0.01448   42   46    0.01266    0.03190   152%  37.8  295s
 1163351 292471    0.03038   34   51    0.01266    0.03181   151%  37.8  300s
 1183411 295969     cutoff   36         0.01266    0.03172   151%  37.8  305s
 1202284 299421    0.01845   36   51    0.01266    0.03163   150%  37.8  310s
 1221012 303158    0.02386   41   53    0.01266    0.03153   149%  37.8  315s
 1241001 306710    0.02538   34   54    0.01266    0.03145   148%  37.7  320s
 1262242 310453    0.01820   33   48    0.01266    0.03135   148%  37.7  325s
 1282547 313863    0.01398   38   51    0.01266    0.03127   147%  37.7  330s
 1301043 317371     cutoff   37         0.01266    0.03119   146%  37.7  335s
 1322606 321242    0.01427   42   52    0.01266    0.03110   146%  37.6  340s
 1341733 324438    0.01397   39   53    0.01266    0.03102   145%  37.6  345s
 1362937 328237    0.01543   39   52    0.01266    0.03093   144%  37.6  350s
 1384162 332018    0.02342   37   58    0.01266    0.03085   144%  37.6  355s
 1405151 335716    0.02277   33   58    0.01266    0.03076   143%  37.5  360s

Cutting planes:
  Gomory: 13
  MIR: 1
  Flow cover: 5
  RLT: 67
  Relax-and-lift: 2
  BQP: 21

Explored 1405507 nodes (52765279 simplex iterations) in 360.00 seconds (387.76 work units)
Thread count was 4 (of 4 available processors)

Solution count 10: 0.0126558 0.0117953 0.0117953 ... 0.0105106

Time limit reached
Best objective 1.265581904987e-02, best bound 3.076156188579e-02, gap 143.0626%
{"verdict": "UNRESOLVED", "status": "TIME_LIMIT", "runtime": 360.00352907180786, "objval": 0.012655819049869184, "objbound": 0.030761561885791464, "binaries": 46}
