Set parameter NodefileStart to value 6
Read parameters from file gurobi.env
Restricted license - for non-production use only - expires 2027-11-29
Set parameter OutputFlag to value 1
Set parameter Threads to value 4
Set parameter TimeLimit to value 360
Set parameter MIPGap to value 5e-05
Set parameter MIPFocus to value 2
Set parameter NonConvex to value 2
Set parameter BestBdStop to value 2.7426211734693878e-02
Gurobi Optimizer version 13.0.3 build v13.0.3rc0 (linux64 - "Ubuntu 24.04.5 LTS")

CPU model: AMD EPYC 7763 64-Core Processor, instruction set [SSE2|AVX|AVX2]
Thread count: 2 physical cores, 4 logical processors, using up to 4 threads

Non-default parameters:
TimeLimit  360
BestBdStop  2.7426211734693878e-02
MIPGap  5e-05
MIPFocus  2
NodefileStart  6
NonConvex  2
Threads  4

Optimize a model with 129 rows, 99 columns and 714 nonzeros (Max)
Model fingerprint: 0xd1237a12
Model has 1 linear objective coefficients
Model has 50 quadratic constraints
Variable types: 65 continuous, 34 integer (34 binary)
Coefficient statistics:
  Matrix range     [5e-01, 1e+00]
  QMatrix range    [1e+00, 1e+00]
  QLMatrix range   [1e+00, 1e+00]
  Objective range  [1e+00, 1e+00]
  Bounds range     [5e-01, 1e+00]
  RHS range        [1e+00, 1e+00]

Found heuristic solution: objective -0.0000000
Presolve time: 0.00s
Presolved: 329 rows, 100 columns, 1114 nonzeros
Presolved model has 50 bilinear constraint(s)

Solving non-convex MIQCP to global optimality

Variable types: 66 continuous, 34 integer (34 binary)
Root relaxation presolve removed 50 rows and 1 columns
Root relaxation presolved: 279 rows, 99 columns, 1064 nonzeros


Root relaxation: objective 1.041667e-01, 119 iterations, 0.00 seconds (0.00 work units)

    Nodes    |    Current Node    |     Objective Bounds      |     Work
 Expl Unexpl |  Obj  Depth IntInf | Incumbent    BestBd   Gap | It/Node Time

     0     0    0.10417    0   58   -0.00000    0.10417      -     -    0s
     0     0    0.06250    0   54   -0.00000    0.06250      -     -    0s
     0     0    0.05882    0   57   -0.00000    0.05882      -     -    0s
     0     0    0.05882    0   52   -0.00000    0.05882      -     -    0s
     0     0    0.05769    0   51   -0.00000    0.05769      -     -    0s
     0     0    0.05769    0   50   -0.00000    0.05769      -     -    0s
     0     0    0.05769    0   50   -0.00000    0.05769      -     -    0s
     0     0    0.05769    0   50   -0.00000    0.05769      -     -    0s
     0     0    0.05769    0   50   -0.00000    0.05769      -     -    0s
     0     2    0.05769    0   50   -0.00000    0.05769      -     -    0s
*  559   529              83       0.0000000    0.05263      -  24.2    0s
H 1073   879                       0.0000000    0.05208      -  24.7    0s
H 1190   918                       0.0000001    0.03238      -  24.5    1s
H 1354   950                       0.0000002    0.03115      -  27.3    1s
* 1899  1192             118       0.0000003    0.03115      -  28.5    1s
* 1904  1148             120       0.0000004    0.03115      -  28.5    1s
H 2208  1263                       0.0000008    0.03009      -  29.7    1s

Cutting planes:
  Gomory: 7
  Flow cover: 3
  RLT: 33
  Relax-and-lift: 1
  BQP: 4

Explored 3365 nodes (98703 simplex iterations) in 2.73 seconds (1.97 work units)
Thread count was 4 (of 4 available processors)

Solution count 8: 7.97828e-07 3.50703e-07 2.81804e-07 ... -0

Optimization achieved user objective limit
Best objective 7.978282073780e-07, best bound 2.718749298977e-02, gap -
{"verdict": "PROVED", "status": "BOUND_REACHED", "runtime": 2.726032018661499, "objval": 7.978282073779763e-07, "objbound": 0.02718749298977196, "binaries": 34}
