Set parameter NodefileStart to value 6
Read parameters from file gurobi.env
Restricted license - for non-production use only - expires 2027-11-29
Set parameter OutputFlag to value 1
Set parameter Threads to value 4
Set parameter TimeLimit to value 360
Set parameter MIPGap to value 5e-05
Set parameter MIPFocus to value 2
Set parameter NonConvex to value 2
Set parameter BestBdStop to value 2.7426211734693878e-02
Gurobi Optimizer version 13.0.3 build v13.0.3rc0 (linux64 - "Ubuntu 24.04.5 LTS")

CPU model: AMD EPYC 7763 64-Core Processor, instruction set [SSE2|AVX|AVX2]
Thread count: 2 physical cores, 4 logical processors, using up to 4 threads

Non-default parameters:
TimeLimit  360
BestBdStop  2.7426211734693878e-02
MIPGap  5e-05
MIPFocus  2
NodefileStart  6
NonConvex  2
Threads  4

Optimize a model with 141 rows, 111 columns and 810 nonzeros (Max)
Model fingerprint: 0x42aee61a
Model has 1 linear objective coefficients
Model has 50 quadratic constraints
Variable types: 65 continuous, 46 integer (46 binary)
Coefficient statistics:
  Matrix range     [5e-01, 1e+00]
  QMatrix range    [1e+00, 1e+00]
  QLMatrix range   [1e+00, 1e+00]
  Objective range  [1e+00, 1e+00]
  Bounds range     [5e-01, 1e+00]
  RHS range        [1e+00, 1e+00]

Found heuristic solution: objective -0.0000000
Presolve time: 0.00s
Presolved: 341 rows, 112 columns, 1210 nonzeros
Presolved model has 50 bilinear constraint(s)

Solving non-convex MIQCP to global optimality

Variable types: 66 continuous, 46 integer (46 binary)
Root relaxation presolve removed 50 rows and 1 columns
Root relaxation presolved: 291 rows, 111 columns, 1160 nonzeros


Root relaxation: objective 8.333333e-02, 153 iterations, 0.00 seconds (0.00 work units)

    Nodes    |    Current Node    |     Objective Bounds      |     Work
 Expl Unexpl |  Obj  Depth IntInf | Incumbent    BestBd   Gap | It/Node Time

     0     0    0.08333    0   47   -0.00000    0.08333      -     -    0s
     0     0    0.07407    0   44   -0.00000    0.07407      -     -    0s
     0     0    0.07407    0   76   -0.00000    0.07407      -     -    0s
     0     0    0.07407    0   67   -0.00000    0.07407      -     -    0s
     0     0    0.07407    0   36   -0.00000    0.07407      -     -    0s
H    0     0                       0.0000002    0.07407      -     -    0s
H    0     0                       0.0000002    0.07407      -     -    0s
H    0     0                       0.0000002    0.07407      -     -    0s
     0     0    0.06667    0   47    0.00000    0.06667      -     -    0s
     0     0    0.06667    0   47    0.00000    0.06667      -     -    0s
     0     0    0.06667    0   38    0.00000    0.06667      -     -    0s
     0     0    0.06667    0   38    0.00000    0.06667      -     -    0s
     0     2    0.06667    0   38    0.00000    0.06667      -     -    0s
H 1242  1021                       0.0000004    0.06667      -  23.9    1s
H 1850  1297                       0.0013604    0.06667  4800%  21.2    2s
H 2033  1253                       0.0059027    0.06667  1029%  20.8    2s
H 2069  1212                       0.0059318    0.06667  1024%  20.7    2s
H 2431  1200                       0.0068865    0.06667   868%  23.0    2s
H 3181  1323                       0.0078526    0.06576   737%  28.6    2s
H 4314  1578                       0.0102393    0.05648   452%  30.4    3s
H 4546  1734                       0.0104718    0.05571   432%  31.4    3s
H 5758  2267                       0.0107308    0.05239   388%  32.5    3s
H 5981  2437                       0.0107308    0.05218   386%  32.8    3s
 10163  4332     cutoff   39         0.01073    0.04852   352%  33.0    5s
 27619 11532    0.01088   36   51    0.01073    0.04334   304%  33.4   10s
 46156 18440    0.01242   37   55    0.01073    0.04105   283%  32.9   15s
 66917 26494    0.02204   30   47    0.01073    0.03941   267%  32.8   20s
 88468 33893    0.02861   33   48    0.01073    0.03815   255%  32.5   25s
 109808 41258    0.01375   38   51    0.01073    0.03727   247%  32.3   30s
H112966 40325                       0.0119030    0.03717   212%  32.3   30s
H113278 40450                       0.0119030    0.03715   212%  32.3   30s
 129450 45810    0.01429   40   51    0.01190    0.03661   208%  32.2   35s
 151068 52556     cutoff   41         0.01190    0.03596   202%  32.0   40s
 172988 59776    0.01501   36   43    0.01190    0.03543   198%  31.9   45s
 191103 65265    0.01473   40   52    0.01190    0.03502   194%  31.8   50s
 213366 71790     cutoff   41         0.01190    0.03460   191%  31.7   55s
 235254 78382    0.02232   34   52    0.01190    0.03422   187%  31.5   60s
 257017 85131    0.01350   38   52    0.01190    0.03387   185%  31.4   65s
 279259 91789 infeasible   39         0.01190    0.03354   182%  31.3   70s
 300550 98016    0.01523   43   54    0.01190    0.03327   180%  31.3   75s
 322727 104882     cutoff   38         0.01190    0.03303   177%  31.2   80s
 345077 111321     cutoff   35         0.01190    0.03278   175%  31.1   85s
H365807 117155                       0.0119030    0.03259   174%  31.0   89s
 366217 117165    0.03063   26   62    0.01190    0.03258   174%  31.0   90s
 381862 121911     cutoff   41         0.01190    0.03244   173%  30.9   95s
 400959 127502    0.01889   33   50    0.01190    0.03227   171%  30.9  100s
 421528 133829    0.02286   39   55    0.01190    0.03210   170%  30.8  105s
 443484 140063 infeasible   41         0.01190    0.03195   168%  30.7  110s
 465393 146319    0.01741   34   51    0.01190    0.03177   167%  30.6  115s
 486200 152336     cutoff   37         0.01190    0.03164   166%  30.6  120s
 507835 158227    0.01633   37   51    0.01190    0.03147   164%  30.6  125s
 529909 164641    0.01770   45   58    0.01190    0.03134   163%  30.5  130s
 551547 170582    0.01383   35   56    0.01190    0.03121   162%  30.5  135s
 573208 176182    0.01259   46   55    0.01190    0.03106   161%  30.4  140s
 589950 181021    0.01325   48   37    0.01190    0.03096   160%  30.4  145s
 611275 186699     cutoff   44         0.01190    0.03084   159%  30.3  150s
 633519 192884    0.02943   31   51    0.01190    0.03072   158%  30.3  155s
 655333 198933    0.02722   33   46    0.01190    0.03061   157%  30.2  160s
 676692 204730     cutoff   42         0.01190    0.03050   156%  30.2  165s
 698455 210716     cutoff   41         0.01190    0.03039   155%  30.1  170s
*707291 212917             117       0.0119172    0.03036   155%  30.1  172s
*707299 212904             118       0.0119188    0.03036   155%  30.1  172s
H708636 208920                       0.0123472    0.03035   146%  30.1  172s
H710079 205927                       0.0126374    0.03034   140%  30.1  173s
 714414 207243    0.01485   43   39    0.01264    0.03032   140%  30.1  175s
 736836 213598    0.01937   42   52    0.01264    0.03024   139%  30.1  180s
 759216 219255     cutoff   40         0.01264    0.03014   138%  30.0  185s
 781294 224572     cutoff   35         0.01264    0.03003   138%  30.0  190s
H783515 224624                       0.0126628    0.03002   137%  30.0  191s
 797918 228205    0.01382   49   57    0.01266    0.02996   137%  30.0  195s
 820628 233587    0.01703   35   51    0.01266    0.02986   136%  29.9  200s
 843240 239110     cutoff   38         0.01266    0.02977   135%  29.9  205s
 865796 244309    0.01599   36   51    0.01266    0.02967   134%  29.8  210s
 887783 249597     cutoff   39         0.01266    0.02958   134%  29.8  215s
 910257 255409    0.02895   31   60    0.01266    0.02949   133%  29.8  220s
H918459 241535                       0.0137677    0.02946   114%  29.8  221s
H918623 241553                       0.0137678    0.02946   114%  29.8  222s
 926535 243487    0.01535   41   52    0.01377    0.02942   114%  29.8  225s
 945855 247729    0.01618   43   54    0.01377    0.02934   113%  29.7  230s
 968551 252881     cutoff   46         0.01377    0.02925   112%  29.7  235s
 990970 257638     cutoff   37         0.01377    0.02916   112%  29.6  240s
 1014147 262351    0.02534   39   57    0.01377    0.02908   111%  29.6  245s
 1036488 266634    0.02635   33   55    0.01377    0.02899   111%  29.6  250s
 1058183 271072    0.01547   44   54    0.01377    0.02890   110%  29.5  255s
 1079391 275615     cutoff   35         0.01377    0.02882   109%  29.5  260s
 1099977 279597     cutoff   40         0.01377    0.02874   109%  29.5  265s
 1116675 283186    0.01684   40   49    0.01377    0.02868   108%  29.4  270s
 1136833 287486    0.02840   39   53    0.01377    0.02862   108%  29.4  275s
 1159100 291653    0.01951   39   51    0.01377    0.02855   107%  29.4  280s
 1179002 295672     cutoff   37         0.01377    0.02849   107%  29.4  285s
 1199948 299439     cutoff   46         0.01377    0.02842   106%  29.3  290s
 1222202 303559     cutoff   33         0.01377    0.02835   106%  29.3  295s
 1244050 308112    0.01581   42   46    0.01377    0.02828   105%  29.3  300s
 1266827 312439    0.01389   40   51    0.01377    0.02822   105%  29.3  305s
 1289668 316777     cutoff   38         0.01377    0.02816   105%  29.2  310s
 1312337 321141    0.01390   39   43    0.01377    0.02809   104%  29.2  315s
 1330995 324755    0.01894   39   43    0.01377    0.02804   104%  29.2  320s
 1353235 329009    0.01463   43   52    0.01377    0.02798   103%  29.2  325s
 1376086 333594    0.01781   42   52    0.01377    0.02792   103%  29.1  330s
 1398308 337567    0.02616   38   56    0.01377    0.02786   102%  29.1  335s
 1421618 342146     cutoff   43         0.01377    0.02779   102%  29.1  340s
 1444989 346699    0.02523   37   54    0.01377    0.02774   101%  29.1  345s
 1466950 350982     cutoff   43         0.01377    0.02768   101%  29.0  350s
 1489151 354886     cutoff   41         0.01377    0.02762   101%  29.0  355s
 1511302 359018    0.01454   39   52    0.01377    0.02757   100%  29.0  360s

Cutting planes:
  Gomory: 21
  Implied bound: 36
  MIR: 24
  Mixing: 2
  Flow cover: 62
  Inf proof: 19
  RLT: 86
  Relax-and-lift: 25
  BQP: 24

Explored 1511413 nodes (43835708 simplex iterations) in 360.00 seconds (392.30 work units)
Thread count was 4 (of 4 available processors)

Solution count 10: 0.0137678 0.0126628 0.0126374 ... 0.0102393

Time limit reached
Best objective 1.376775013713e-02, best bound 2.757413120544e-02, gap 100.2806%
{"verdict": "UNRESOLVED", "status": "TIME_LIMIT", "runtime": 360.00223898887634, "objval": 0.013767750137133942, "objbound": 0.027574131205442026, "binaries": 46}
