Set parameter NodefileStart to value 6
Read parameters from file gurobi.env
Restricted license - for non-production use only - expires 2027-11-29
Set parameter OutputFlag to value 1
Set parameter Threads to value 4
Set parameter TimeLimit to value 360
Set parameter MIPGap to value 5e-05
Set parameter MIPFocus to value 2
Set parameter NonConvex to value 2
Set parameter BestBdStop to value 2.7426211734693878e-02
Gurobi Optimizer version 13.0.3 build v13.0.3rc0 (linux64 - "Ubuntu 24.04.5 LTS")

CPU model: AMD EPYC 7763 64-Core Processor, instruction set [SSE2|AVX|AVX2]
Thread count: 2 physical cores, 4 logical processors, using up to 4 threads

Non-default parameters:
TimeLimit  360
BestBdStop  2.7426211734693878e-02
MIPGap  5e-05
MIPFocus  2
NodefileStart  6
NonConvex  2
Threads  4

Optimize a model with 141 rows, 111 columns and 810 nonzeros (Max)
Model fingerprint: 0x520a82a2
Model has 1 linear objective coefficients
Model has 50 quadratic constraints
Variable types: 65 continuous, 46 integer (46 binary)
Coefficient statistics:
  Matrix range     [5e-01, 1e+00]
  QMatrix range    [1e+00, 1e+00]
  QLMatrix range   [1e+00, 1e+00]
  Objective range  [1e+00, 1e+00]
  Bounds range     [5e-01, 1e+00]
  RHS range        [1e+00, 1e+00]

Found heuristic solution: objective -0.0000000
Presolve time: 0.00s
Presolved: 341 rows, 112 columns, 1210 nonzeros
Presolved model has 50 bilinear constraint(s)

Solving non-convex MIQCP to global optimality

Variable types: 66 continuous, 46 integer (46 binary)
Root relaxation presolve removed 50 rows and 1 columns
Root relaxation presolved: 291 rows, 111 columns, 1160 nonzeros


Root relaxation: objective 8.333333e-02, 121 iterations, 0.00 seconds (0.00 work units)

    Nodes    |    Current Node    |     Objective Bounds      |     Work
 Expl Unexpl |  Obj  Depth IntInf | Incumbent    BestBd   Gap | It/Node Time

     0     0    0.08333    0   50   -0.00000    0.08333      -     -    0s
     0     0    0.07407    0   59   -0.00000    0.07407      -     -    0s
     0     0    0.06250    0   55   -0.00000    0.06250      -     -    0s
     0     0    0.06250    0   58   -0.00000    0.06250      -     -    0s
     0     0    0.06250    0   60   -0.00000    0.06250      -     -    0s
     0     0    0.06250    0   58   -0.00000    0.06250      -     -    0s
     0     0    0.06250    0   57   -0.00000    0.06250      -     -    0s
     0     0    0.06250    0   47   -0.00000    0.06250      -     -    0s
     0     0    0.06250    0   46   -0.00000    0.06250      -     -    0s
     0     0    0.06250    0   45   -0.00000    0.06250      -     -    0s
     0     0    0.06250    0   45   -0.00000    0.06250      -     -    0s
     0     2    0.06250    0   45   -0.00000    0.06250      -     -    0s
*  761   690             107       0.0000000    0.06250      -  16.5    0s
H  935   823                       0.0000000    0.06250      -  17.7    0s
H  938   787                       0.0000005    0.06250      -  17.7    0s
H  976   787                       0.0000005    0.06250      -  18.0    0s
* 2124  1451             143       0.0000006    0.05689      -  17.5    2s
* 2126  1404             142       0.0000006    0.05689      -  17.5    2s
H 5911  3987                       0.0000007    0.05425      -  18.9    3s
 11567  8626    0.00290   44   43    0.00000    0.05031      -  19.4    5s
*17973 12997              79       0.0000008    0.04904      -  18.9    6s
*17974 12907              79       0.0000009    0.04904      -  18.9    6s
 31045 22223    0.02304   32   54    0.00000    0.04678      -  18.9   10s
 49533 35627    0.00001   81   44    0.00000    0.04474      -  19.7   15s
H56403 40225                       0.0000009    0.04429      -  20.2   16s
 66592 47684    0.00504   30   52    0.00000    0.04379      -  20.4   20s
 87795 63001    0.02118   32   54    0.00000    0.04270      -  21.1   25s
 109358 78852     cutoff  106         0.00000    0.04207      -  21.3   30s
 129885 94245    0.00009   68   34    0.00000    0.04176      -  21.5   35s
 149398 107619    0.00626   53   51    0.00000    0.04145      -  21.6   40s
 172137 124714     cutoff   37         0.00000    0.04110      -  21.5   45s
 193147 139056    0.01195   47   56    0.00000    0.04076      -  21.7   50s
 211232 152284    0.00038   58   53    0.00000    0.04054      -  21.7   55s
 231176 166777     cutoff   41         0.00000    0.04021      -  21.8   60s
 251467 180981    0.00008   72   51    0.00000    0.03992      -  21.8   65s
 272750 195924    0.00000   98   40    0.00000    0.03959      -  21.8   70s
 292337 209754    0.00021   65   50    0.00000    0.03937      -  21.8   75s
 313299 224230    0.00815   34   43    0.00000    0.03911      -  21.8   80s
 333337 238155    0.00000   97   27    0.00000    0.03888      -  21.9   85s
 351790 251208     cutoff   51         0.00000    0.03865      -  22.0   90s
 370526 264046     cutoff  107         0.00000    0.03847      -  22.1   95s
 390456 278798    0.00462   48   54    0.00000    0.03834      -  22.1  100s
 409782 292745    0.03211   37   51    0.00000    0.03822      -  22.1  105s
 426737 304111    0.00001   82   48    0.00000    0.03809      -  22.2  110s
 445017 317030    0.00016   74   52    0.00000    0.03799      -  22.3  115s
 464992 330807     cutoff   79         0.00000    0.03785      -  22.3  120s
 482099 343205     cutoff   98         0.00000    0.03774      -  22.4  125s
H482398 342970                       0.0000009    0.03774      -  22.4  125s
 501539 356599    0.00736   43   51    0.00000    0.03762      -  22.5  130s
 520330 369608     cutoff   52         0.00000    0.03749      -  22.6  135s
 539619 382877    0.00000   80   41    0.00000    0.03739      -  22.7  140s
 556019 394429    0.02808   31   55    0.00000    0.03729      -  22.8  145s
 575147 407697    0.03624   37   51    0.00000    0.03717      -  22.9  150s
 594578 421556    0.00000   73   32    0.00000    0.03709      -  23.0  155s
 614837 435610    0.00034   52   38    0.00000    0.03700      -  23.1  160s
 634031 448815    0.00038   54   43    0.00000    0.03693      -  23.2  165s
 652002 460884    0.00003   80   49    0.00000    0.03686      -  23.2  170s
 670792 473815    0.00013   56   23    0.00000    0.03676      -  23.3  175s
 689712 487123     cutoff   87         0.00000    0.03669      -  23.3  180s
 709006 499586     cutoff   69         0.00000    0.03660      -  23.4  185s
 728226 512241    0.00068   55   51    0.00000    0.03652      -  23.4  190s
 749444 527675    0.03580   33   49    0.00000    0.03646      -  23.4  195s
 768127 540400    0.00005   65   50    0.00000    0.03639      -  23.5  200s
 785642 552341    0.00803   46   50    0.00000    0.03633      -  23.5  205s
 803822 564853     cutoff   87         0.00000    0.03626      -  23.6  210s
 823121 578152    0.02512   42   55    0.00000    0.03620      -  23.7  215s
 840897 590459     cutoff   50         0.00000    0.03614      -  23.7  220s
 857433 601688    0.01104   39   50    0.00000    0.03608      -  23.7  225s
 877252 614958    0.00004   53   43    0.00000    0.03602      -  23.8  230s
 894443 626356    0.02982   44   53    0.00000    0.03596      -  23.8  235s
 907487 635423     cutoff   84         0.00000    0.03593      -  23.9  240s
 925940 647606    0.00610   44   54    0.00000    0.03586      -  23.9  245s
 944433 660699    0.00728   47   50    0.00000    0.03581      -  23.9  250s
 964635 674868    0.00018   59   43    0.00000    0.03576      -  24.0  255s
 984143 688611    0.00738   51   51    0.00000    0.03571      -  24.0  260s
 1003181 701059    0.02288   32   52    0.00000    0.03566      -  24.0  265s
 1022241 713934    0.00007   70   50    0.00000    0.03561      -  24.0  270s
 1039631 725465    0.02977   35   56    0.00000    0.03557      -  24.1  275s
 1060297 739554    0.00270   48   39    0.00000    0.03551      -  24.1  280s
 1079442 752578    0.00270   51   47    0.00000    0.03547      -  24.1  285s
 1098303 765460    0.00378   51   50    0.00000    0.03543      -  24.1  290s
H1116470 774963                       0.0000010    0.03539      -  24.1  294s
 1117717 775717    0.00094   49   50    0.00000    0.03539      -  24.1  295s
 1133777 786593    0.00000   87   37    0.00000    0.03534      -  24.1  300s
 1153841 799761    0.01203   48   55    0.00000    0.03530      -  24.1  305s
*1167098 807862              88       0.0000010    0.03527      -  24.2  308s
 1171817 811084    0.00086   63   37    0.00000    0.03526      -  24.2  310s
 1180592 816803    0.00310   47   52    0.00000    0.03524      -  24.2  315s
 1196136 828004    0.00002   92   37    0.00000    0.03521      -  24.2  320s
 1215417 841189    0.00003   79   50    0.00000    0.03517      -  24.2  325s
 1234227 853380    0.01419   45   54    0.00000    0.03513      -  24.2  330s
 1254062 866761    0.00021   57   50    0.00000    0.03509      -  24.3  335s
 1272469 879143    0.00001   74   44    0.00000    0.03506      -  24.3  340s
 1274757 880435     cutoff   68         0.00000    0.03506      -  24.3  345s
 1293066 892900    0.00012   73   43    0.00000    0.03502      -  24.3  350s
 1310896 905214 infeasible   73         0.00000    0.03499      -  24.3  355s
 1329063 916666    0.00000  102   23    0.00000    0.03495      -  24.4  360s

Cutting planes:
  Gomory: 11
  Implied bound: 5
  MIR: 2
  Flow cover: 23
  RLT: 82
  Relax-and-lift: 6
  BQP: 21

Explored 1329440 nodes (32376353 simplex iterations) in 360.00 seconds (386.19 work units)
Thread count was 4 (of 4 available processors)

Solution count 10: 9.82819e-07 9.6729e-07 8.9246e-07 ... 5.29698e-07

Time limit reached
Best objective 9.828186387053e-07, best bound 3.494596732957e-02, gap -
{"verdict": "UNRESOLVED", "status": "TIME_LIMIT", "runtime": 360.0024468898773, "objval": 9.828186387053288e-07, "objbound": 0.03494596732956609, "binaries": 46}
