Set parameter NodefileStart to value 6
Read parameters from file gurobi.env
Restricted license - for non-production use only - expires 2027-11-29
Set parameter OutputFlag to value 1
Set parameter Threads to value 4
Set parameter TimeLimit to value 360
Set parameter MIPGap to value 5e-05
Set parameter MIPFocus to value 2
Set parameter NonConvex to value 2
Set parameter BestBdStop to value 2.7426211734693878e-02
Gurobi Optimizer version 13.0.3 build v13.0.3rc0 (linux64 - "Ubuntu 24.04.5 LTS")

CPU model: AMD EPYC 7763 64-Core Processor, instruction set [SSE2|AVX|AVX2]
Thread count: 2 physical cores, 4 logical processors, using up to 4 threads

Non-default parameters:
TimeLimit  360
BestBdStop  2.7426211734693878e-02
MIPGap  5e-05
MIPFocus  2
NodefileStart  6
NonConvex  2
Threads  4

Optimize a model with 141 rows, 111 columns and 810 nonzeros (Max)
Model fingerprint: 0x6064a5f2
Model has 1 linear objective coefficients
Model has 50 quadratic constraints
Variable types: 65 continuous, 46 integer (46 binary)
Coefficient statistics:
  Matrix range     [5e-01, 1e+00]
  QMatrix range    [1e+00, 1e+00]
  QLMatrix range   [1e+00, 1e+00]
  Objective range  [1e+00, 1e+00]
  Bounds range     [5e-01, 1e+00]
  RHS range        [1e+00, 1e+00]

Found heuristic solution: objective -0.0000000
Presolve time: 0.00s
Presolved: 341 rows, 112 columns, 1210 nonzeros
Presolved model has 50 bilinear constraint(s)

Solving non-convex MIQCP to global optimality

Variable types: 66 continuous, 46 integer (46 binary)
Root relaxation presolve removed 50 rows and 1 columns
Root relaxation presolved: 291 rows, 111 columns, 1160 nonzeros


Root relaxation: objective 8.333333e-02, 128 iterations, 0.00 seconds (0.00 work units)

    Nodes    |    Current Node    |     Objective Bounds      |     Work
 Expl Unexpl |  Obj  Depth IntInf | Incumbent    BestBd   Gap | It/Node Time

     0     0    0.08333    0   47   -0.00000    0.08333      -     -    0s
     0     0    0.08333    0   56   -0.00000    0.08333      -     -    0s
     0     0    0.08333    0   73   -0.00000    0.08333      -     -    0s
     0     0    0.08333    0   56   -0.00000    0.08333      -     -    0s
     0     0    0.08333    0   61   -0.00000    0.08333      -     -    0s
     0     0    0.08000    0   70   -0.00000    0.08000      -     -    0s
     0     0    0.08000    0   33   -0.00000    0.08000      -     -    0s
     0     0    0.08000    0   33   -0.00000    0.08000      -     -    0s
     0     2    0.08000    0   33   -0.00000    0.08000      -     -    0s
H  185   217                       0.0000002    0.07251      -  32.1    0s
H 1786  1335                       0.0000002    0.07251      -  25.0    1s
* 2167  1487              75       0.0000002    0.07251      -  24.8    1s
H 2345  1526                       0.0000003    0.07167      -  26.5    2s
H 2355  1475                       0.0000004    0.07167      -  26.7    2s
* 3668  2175             108       0.0000004    0.07167      -  24.1    2s
H 3770  2245                       0.0000005    0.07167      -  23.7    2s
H 6302  4312                       0.0000007    0.06134      -  24.2    3s
H 9614  6683                       0.0000007    0.05999      -  25.1    4s
 10872  7896    0.00255   49   54    0.00000    0.05959      -  24.6    5s
H16848 12505                       0.0000007    0.05756      -  25.2    6s
H17064 12502                       0.0000007    0.05756      -  25.2    6s
 26518 19596    0.03850   32   57    0.00000    0.05529      -  27.1   10s
*35364 25572              92       0.0000008    0.05381      -  28.5   12s
H37184 26748                       0.0000008    0.05349      -  28.8   13s
 41372 30001    0.04681   29   55    0.00000    0.05330      -  28.9   15s
H44519 31956                       0.0000009    0.05302      -  29.3   15s
 60388 43266    0.03944   39   55    0.00000    0.05182      -  30.4   20s
 78817 56262    0.00988   40   51    0.00000    0.05077      -  31.0   25s
 96081 68441    0.00005   64   43    0.00000    0.05010      -  31.5   30s
 113831 81503    0.00562   49   54    0.00000    0.04982      -  32.2   35s
 131055 94173    0.00021   80   50    0.00000    0.04936      -  32.8   40s
 146282 104943    0.00608   51   50    0.00000    0.04903      -  33.0   45s
 163395 117022    0.00032   66   43    0.00000    0.04869      -  33.2   50s
 181964 129990    0.00024   68   51    0.00000    0.04836      -  33.4   55s
 200221 142515    0.00625   50   53    0.00000    0.04801      -  33.4   60s
 219369 155926    0.00390   54   53    0.00000    0.04776      -  33.4   65s
 238138 169238    0.00961   50   44    0.00000    0.04753      -  33.4   70s
 255870 181433    0.00772   56   51    0.00000    0.04726      -  33.3   75s
 272641 192776     cutoff   94         0.00000    0.04697      -  33.2   80s
 291734 205003    0.00128   59   53    0.00000    0.04673      -  33.1   85s
 309764 217513    0.02489   45   50    0.00000    0.04654      -  33.0   90s
 329381 231197    0.03299   34   55    0.00000    0.04634      -  32.9   95s
 348946 244463    0.00000   98   43    0.00000    0.04612      -  32.9  100s
 368402 257629    0.01883   44   54    0.00000    0.04592      -  32.9  105s
 386538 269909     cutoff   63         0.00000    0.04577      -  32.8  110s
 399605 278428    0.02377   43   51    0.00000    0.04558      -  32.8  115s
 415869 289403     cutoff   88         0.00000    0.04544      -  32.8  120s
 432453 300486    0.01657   41   51    0.00000    0.04529      -  32.7  125s
 450285 312836    0.02722   41   50    0.00000    0.04515      -  32.8  130s
 465709 323522    0.00000   64   45    0.00000    0.04502      -  32.7  135s
 484829 336146    0.00070   59   50    0.00000    0.04487      -  32.7  140s
 503430 349087     cutoff   49         0.00000    0.04476      -  32.6  145s
 522631 362190    0.04464   34   53    0.00000    0.04464      -  32.6  150s
 537875 372624    0.00036   64   52    0.00000    0.04454      -  32.6  155s
 555926 384874     cutoff  107         0.00000    0.04438      -  32.6  160s
 573345 396860    0.00000   84   26    0.00000    0.04424      -  32.6  165s
 592466 410286    0.00036   52   52    0.00000    0.04412      -  32.6  170s
 610252 422488 infeasible   58         0.00000    0.04399      -  32.6  175s
 628829 435248    0.00001   75   46    0.00000    0.04388      -  32.6  180s
 646094 446905    0.00429   43   50    0.00000    0.04380      -  32.6  185s
 662616 458052     cutoff   47         0.00000    0.04371      -  32.6  190s
 681247 470800    0.00015   59   42    0.00000    0.04362      -  32.6  195s
 699011 482868     cutoff   76         0.00000    0.04351      -  32.6  200s
 716761 494584    0.00001   80   37    0.00000    0.04341      -  32.6  205s
 736108 507827    0.00072   60   43    0.00000    0.04328      -  32.6  210s
 754467 519809    0.00002   70   37    0.00000    0.04316      -  32.6  215s
 773116 532953     cutoff   57         0.00000    0.04306      -  32.6  220s
 789286 543934     cutoff   89         0.00000    0.04296      -  32.6  225s
 805462 555245    0.00000   95   40    0.00000    0.04286      -  32.6  230s
 823689 567652    0.00000   80   47    0.00000    0.04277      -  32.6  235s
 842429 580131    0.00000   84   34    0.00000    0.04268      -  32.7  240s
 858911 591231    0.00001   90   36    0.00000    0.04259      -  32.6  245s
 873208 601371    0.00006   73   38    0.00000    0.04257      -  32.6  250s
 890416 613044    0.00012   73   51    0.00000    0.04249      -  32.7  255s
 904494 622541    0.02487   36   59    0.00000    0.04241      -  32.7  260s
 921661 634034    0.00000   72   40    0.00000    0.04232      -  32.7  265s
H933149 640314                       0.0000009    0.04228      -  32.7  268s
H934541 641166                       0.0000009    0.04227      -  32.7  269s
 935498 642181    0.00000   91   37    0.00000    0.04227      -  32.7  270s
 950984 652536    0.00006   70   51    0.00000    0.04219      -  32.7  275s
 968749 664326    0.00517   53   50    0.00000    0.04212      -  32.7  280s
 987241 676966    0.00671   51   52    0.00000    0.04204      -  32.7  285s
 1005164 688789    0.00000   92   40    0.00000    0.04197      -  32.7  290s
 1022967 701031    0.00001   67   48    0.00000    0.04190      -  32.7  295s
 1040886 713187    0.01299   48   50    0.00000    0.04183      -  32.7  300s
H1050086 717779                       0.0000010    0.04179      -  32.8  303s
 1051218 720880    0.00507   52   50    0.00000    0.04178      -  32.8  305s
H1067418 729436                       0.0000010    0.04173      -  32.8  308s
 1069845 731383    0.00607   52   43    0.00000    0.04172      -  32.8  310s
 1088203 744359    0.00038   70   44    0.00000    0.04167      -  32.8  315s
 1106067 757106    0.00020   62   53    0.00000    0.04167      -  32.8  320s
 1122936 769026     cutoff   97         0.00000    0.04167      -  32.8  325s
 1142182 782655    0.00019   72   45    0.00000    0.04167      -  32.9  330s
 1160046 794814    0.02196   45   51    0.00000    0.04167      -  32.9  335s
 1175308 804799    0.00228   54   50    0.00000    0.04161      -  32.9  340s
 1194490 817918    0.00018   75   51    0.00000    0.04157      -  32.8  345s
 1214349 831343    0.00000   71   39    0.00000    0.04151      -  32.8  350s
 1232399 843828    0.00381   59   52    0.00000    0.04146      -  32.8  355s
 1250235 855660    0.00650   50   51    0.00000    0.04141      -  32.8  360s

Cutting planes:
  Gomory: 17
  Lift-and-project: 3
  Implied bound: 42
  MIR: 11
  Mixing: 1
  Flow cover: 65
  Inf proof: 4
  RLT: 89
  Relax-and-lift: 18
  BQP: 29

Explored 1250284 nodes (41032562 simplex iterations) in 360.00 seconds (377.25 work units)
Thread count was 4 (of 4 available processors)

Solution count 10: 1.02795e-06 9.48613e-07 9.3974e-07 ... 6.69165e-07

Time limit reached
Best objective 1.027945537135e-06, best bound 4.141171554324e-02, gap 4028490.4308%
{"verdict": "UNRESOLVED", "status": "TIME_LIMIT", "runtime": 360.0016689300537, "objval": 1.0279455371353663e-06, "objbound": 0.041411715543243424, "binaries": 46}
