16:27:52 UTC start: 1 unresolved seed region(s) and 0 missing piece(s) under [[[0,2,4],1],[[0,2,5],0],[[0,2,6],0],[[0,2,7],0],[[0,2,8],0],[[0,3,4],0],[[0,3,5],0],[[0,3,6],0],[[0,3,7],0],[[0,3,8],0],[[1,2,4],1],[[1,2,5],1],[[1,2,6],1],[[1,2,7],1],[[1,2,8],1],[[1,3,4],0],[[1,3,5],1],[[1,3,6],0],[[1,3,7],0],[[1,3,8],0],[[2,3,4],1],[[2,3,5],1],[[2,3,6],1],[[2,3,7],1],[[2,3,8],1],[[4,5,6],1],[[4,5,7],0],[[4,5,8],0],[[4,6,7],0]]
16:38:15 UTC split region (bound/target 36.461) on [[4,6,8],[4,7,8],[5,6,7],[5,6,8]]: 6 pieces proved, 10 open; total runs 16, proved 6, open regions 10
16:39:44 UTC split region (bound/target 1.092) on [[5,7,8],[6,7,8],[0,4,5],[0,4,6]]: 15 pieces proved, 1 open; total runs 32, proved 21, open regions 10
16:43:19 UTC split region (bound/target 1.169) on [[5,7,8],[6,7,8],[0,4,5],[0,4,6]]: 13 pieces proved, 3 open; total runs 48, proved 34, open regions 12
16:44:39 UTC split region (bound/target 1.228) on [[0,4,7],[0,4,8],[0,5,6],[0,5,7]]: 16 pieces proved, 0 open; total runs 64, proved 50, open regions 11
16:47:19 UTC split region (bound/target 1.228) on [[5,7,8],[6,7,8],[0,4,5],[0,4,6]]: 14 pieces proved, 2 open; total runs 80, proved 64, open regions 12
16:49:10 UTC split region (bound/target 1.148) on [[0,4,7],[0,4,8],[0,5,6],[0,5,7]]: 15 pieces proved, 1 open; total runs 96, proved 79, open regions 12
16:51:01 UTC split region (bound/target 1.237) on [[5,7,8],[6,7,8],[0,4,5],[0,4,6]]: 15 pieces proved, 1 open; total runs 112, proved 94, open regions 12
16:53:32 UTC split region (bound/target 1.178) on [[0,4,7],[0,4,8],[0,5,6],[0,5,7]]: 15 pieces proved, 1 open; total runs 128, proved 109, open regions 12
16:54:41 UTC region PROVED by a 300 s run (68 s); open 11
16:56:11 UTC split region (bound/target 1.249) on [[0,5,8],[0,6,7],[0,6,8],[0,7,8]]: 15 pieces proved, 1 open; total runs 145, proved 125, open regions 11
16:57:55 UTC split region (bound/target 1.107) on [[1,4,5],[1,4,6],[1,4,7],[1,4,8]]: 16 pieces proved, 0 open; total runs 161, proved 141, open regions 10
17:00:38 UTC split region (bound/target 1.259) on [[0,4,7],[0,4,8],[0,5,6],[0,5,7]]: 15 pieces proved, 1 open; total runs 177, proved 156, open regions 10
17:01:12 UTC split region (bound/target 1.188) on [[0,5,8],[0,6,7],[0,6,8],[0,7,8]]: 16 pieces proved, 0 open; total runs 193, proved 172, open regions 9
17:05:41 UTC split region (bound/target 1.296) on [[5,7,8],[6,7,8],[0,4,5],[0,4,6]]: 13 pieces proved, 3 open; total runs 209, proved 185, open regions 11
17:06:49 UTC region PROVED by a 300 s run (67 s); open 10
17:08:37 UTC split region (bound/target 1.043) on [[0,4,7],[0,4,8],[0,5,6],[0,5,7]]: 15 pieces proved, 1 open; total runs 226, proved 201, open regions 10
17:09:57 UTC region PROVED by a 300 s run (79 s); open 9
17:12:58 UTC split region (bound/target 1.185) on [[0,4,7],[0,4,8],[0,5,6],[0,5,7]]: 14 pieces proved, 2 open; total runs 243, proved 216, open regions 10
17:15:16 UTC split region (bound/target 1.137) on [[0,5,8],[0,6,7],[0,6,8],[0,7,8]]: 14 pieces proved, 2 open; total runs 259, proved 230, open regions 11
17:18:28 UTC split region (bound/target 1.070) on [[1,4,5],[1,4,6],[1,4,7],[1,4,8]]: 15 pieces proved, 1 open; total runs 275, proved 245, open regions 11
17:19:46 UTC split region (bound/target 1.037) on [[1,5,6],[1,5,7],[1,5,8],[1,6,7]]: 16 pieces proved, 0 open; total runs 291, proved 261, open regions 10
17:22:57 UTC split region (bound/target 1.139) on [[1,4,5],[1,4,6],[1,4,7],[1,4,8]]: 14 pieces proved, 2 open; total runs 307, proved 275, open regions 11
17:23:52 UTC split region (bound/target 1.030) on [[1,5,6],[1,5,7],[1,5,8],[1,6,7]]: 16 pieces proved, 0 open; total runs 323, proved 291, open regions 10
17:24:58 UTC split region (bound/target 1.038) on [[1,5,6],[1,5,7],[1,5,8],[1,6,7]]: 16 pieces proved, 0 open; total runs 339, proved 307, open regions 9
17:27:36 UTC split region (bound/target 1.233) on [[0,5,8],[0,6,7],[0,6,8],[0,7,8]]: 14 pieces proved, 2 open; total runs 355, proved 321, open regions 10
17:29:23 UTC split region (bound/target 1.047) on [[1,4,5],[1,4,6],[1,4,7],[1,4,8]]: 16 pieces proved, 0 open; total runs 371, proved 337, open regions 9
17:33:29 UTC split region (bound/target 1.125) on [[1,4,5],[1,4,6],[1,4,7],[1,4,8]]: 14 pieces proved, 2 open; total runs 387, proved 351, open regions 10
17:34:27 UTC split region (bound/target 1.039) on [[1,5,6],[1,5,7],[1,5,8],[1,6,7]]: 16 pieces proved, 0 open; total runs 403, proved 367, open regions 9
17:35:33 UTC split region (bound/target 1.114) on [[1,5,6],[1,5,7],[1,5,8],[1,6,7]]: 16 pieces proved, 0 open; total runs 419, proved 383, open regions 8
17:38:11 UTC split region (bound/target 1.315) on [[5,7,8],[6,7,8],[0,4,5],[0,4,6]]: 14 pieces proved, 2 open; total runs 435, proved 397, open regions 9
17:40:53 UTC split region (bound/target 1.206) on [[0,4,7],[0,4,8],[0,5,6],[0,5,7]]: 14 pieces proved, 2 open; total runs 451, proved 411, open regions 10
17:42:11 UTC split region (bound/target 1.061) on [[0,5,8],[0,6,7],[0,6,8],[0,7,8]]: 15 pieces proved, 1 open; total runs 467, proved 426, open regions 10
17:44:08 UTC split region (bound/target 1.133) on [[0,5,8],[0,6,7],[0,6,8],[0,7,8]]: 15 pieces proved, 1 open; total runs 483, proved 441, open regions 10
17:45:40 UTC split region (bound/target 1.024) on [[1,4,5],[1,4,6],[1,4,7],[1,4,8]]: 16 pieces proved, 0 open; total runs 499, proved 457, open regions 9
17:48:19 UTC split region (bound/target 1.185) on [[1,4,5],[1,4,6],[1,4,7],[1,4,8]]: 16 pieces proved, 0 open; total runs 515, proved 473, open regions 8
17:52:06 UTC split region (bound/target 1.323) on [[5,7,8],[6,7,8],[0,4,5],[0,4,6]]: 14 pieces proved, 2 open; total runs 531, proved 487, open regions 9
17:53:11 UTC region PROVED by a 300 s run (65 s); open 8
17:55:48 UTC split region (bound/target 1.331) on [[0,4,7],[0,4,8],[0,5,6],[0,5,7]]: 14 pieces proved, 2 open; total runs 548, proved 502, open regions 9
17:56:45 UTC split region (bound/target 1.084) on [[0,5,8],[0,6,7],[0,6,8],[0,7,8]]: 16 pieces proved, 0 open; total runs 564, proved 518, open regions 8
17:58:46 UTC split region (bound/target 1.201) on [[0,5,8],[0,6,7],[0,6,8],[0,7,8]]: 15 pieces proved, 1 open; total runs 580, proved 533, open regions 8
18:00:31 UTC split region (bound/target 1.030) on [[1,4,5],[1,4,6],[1,4,7],[1,4,8]]: 16 pieces proved, 0 open; total runs 596, proved 549, open regions 7
18:03:30 UTC split region (bound/target 1.333) on [[5,7,8],[6,7,8],[0,4,5],[0,4,6]]: 14 pieces proved, 2 open; total runs 612, proved 563, open regions 8
18:04:52 UTC split region (bound/target 1.086) on [[0,4,7],[0,4,8],[0,5,6],[0,5,7]]: 16 pieces proved, 0 open; total runs 628, proved 579, open regions 7
18:08:32 UTC split region (bound/target 1.319) on [[0,4,7],[0,4,8],[0,5,6],[0,5,7]]: 13 pieces proved, 3 open; total runs 644, proved 592, open regions 9
18:09:38 UTC region PROVED by a 300 s run (66 s); open 8
18:11:10 UTC split region (bound/target 1.120) on [[0,5,8],[0,6,7],[0,6,8],[0,7,8]]: 15 pieces proved, 1 open; total runs 661, proved 608, open regions 8
18:13:36 UTC split region (bound/target 1.171) on [[0,5,8],[0,6,7],[0,6,8],[0,7,8]]: 14 pieces proved, 2 open; total runs 677, proved 622, open regions 9
18:14:56 UTC split region (bound/target 1.170) on [[1,4,5],[1,4,6],[1,4,7],[1,4,8]]: 16 pieces proved, 0 open; total runs 693, proved 638, open regions 8
18:17:39 UTC split region (bound/target 1.188) on [[1,4,5],[1,4,6],[1,4,7],[1,4,8]]: 15 pieces proved, 1 open; total runs 709, proved 653, open regions 8
18:18:51 UTC split region (bound/target 1.176) on [[1,5,6],[1,5,7],[1,5,8],[1,6,7]]: 16 pieces proved, 0 open; total runs 725, proved 669, open regions 7
18:23:02 UTC split region (bound/target 1.245) on [[1,4,5],[1,4,6],[1,4,7],[1,4,8]]: 16 pieces proved, 0 open; total runs 741, proved 685, open regions 6
18:26:35 UTC split region (bound/target 1.359) on [[0,4,7],[0,4,8],[0,5,6],[0,5,7]]: 13 pieces proved, 3 open; total runs 757, proved 698, open regions 8
18:29:02 UTC split region (bound/target 1.224) on [[0,5,8],[0,6,7],[0,6,8],[0,7,8]]: 15 pieces proved, 1 open; total runs 773, proved 713, open regions 8
18:31:00 UTC split region (bound/target 1.272) on [[1,4,5],[1,4,6],[1,4,7],[1,4,8]]: 16 pieces proved, 0 open; total runs 789, proved 729, open regions 7
18:33:26 UTC split region (bound/target 1.307) on [[0,5,8],[0,6,7],[0,6,8],[0,7,8]]: 14 pieces proved, 2 open; total runs 805, proved 743, open regions 8
18:34:28 UTC split region (bound/target 1.048) on [[1,4,5],[1,4,6],[1,4,7],[1,4,8]]: 16 pieces proved, 0 open; total runs 821, proved 759, open regions 7
18:36:32 UTC split region (bound/target 1.098) on [[1,4,5],[1,4,6],[1,4,7],[1,4,8]]: 15 pieces proved, 1 open; total runs 837, proved 774, open regions 7
18:37:08 UTC split region (bound/target 1.024) on [[1,5,6],[1,5,7],[1,5,8],[1,6,7]]: 16 pieces proved, 0 open; total runs 853, proved 790, open regions 6
18:39:55 UTC split region (bound/target 1.366) on [[0,4,7],[0,4,8],[0,5,6],[0,5,7]]: 14 pieces proved, 2 open; total runs 869, proved 804, open regions 7
18:41:29 UTC split region (bound/target 1.373) on [[0,5,8],[0,6,7],[0,6,8],[0,7,8]]: 15 pieces proved, 1 open; total runs 885, proved 819, open regions 7
18:44:24 UTC split region (bound/target 1.259) on [[1,4,5],[1,4,6],[1,4,7],[1,4,8]]: 15 pieces proved, 1 open; total runs 901, proved 834, open regions 7
18:45:54 UTC split region (bound/target 1.141) on [[1,5,6],[1,5,7],[1,5,8],[1,6,7]]: 15 pieces proved, 1 open; total runs 917, proved 849, open regions 7
18:47:11 UTC split region (bound/target 1.082) on [[1,6,8],[1,7,8],[2,4,5],[2,4,6]]: 16 pieces proved, 0 open; total runs 933, proved 865, open regions 6
18:48:28 UTC split region (bound/target 1.416) on [[0,5,8],[0,6,7],[0,6,8],[0,7,8]]: 16 pieces proved, 0 open; total runs 949, proved 881, open regions 5
18:52:05 UTC split region (bound/target 1.448) on [[0,4,7],[0,4,8],[0,5,6],[0,5,7]]: 13 pieces proved, 3 open; total runs 965, proved 894, open regions 7
18:53:12 UTC split region (bound/target 1.170) on [[0,5,8],[0,6,7],[0,6,8],[0,7,8]]: 16 pieces proved, 0 open; total runs 981, proved 910, open regions 6
18:56:46 UTC split region (bound/target 1.178) on [[0,5,8],[0,6,7],[0,6,8],[0,7,8]]: 14 pieces proved, 2 open; total runs 997, proved 924, open regions 7
18:58:34 UTC split region (bound/target 1.132) on [[1,4,5],[1,4,6],[1,4,7],[1,4,8]]: 15 pieces proved, 1 open; total runs 1013, proved 939, open regions 7
18:59:36 UTC split region (bound/target 1.245) on [[1,5,6],[1,5,7],[1,5,8],[1,6,7]]: 16 pieces proved, 0 open; total runs 1029, proved 955, open regions 6
19:02:18 UTC split region (bound/target 1.352) on [[0,5,8],[0,6,7],[0,6,8],[0,7,8]]: 14 pieces proved, 2 open; total runs 1045, proved 969, open regions 7
19:05:24 UTC split region (bound/target 1.198) on [[1,4,5],[1,4,6],[1,4,7],[1,4,8]]: 15 pieces proved, 1 open; total runs 1061, proved 984, open regions 7
19:06:29 UTC region PROVED by a 300 s run (65 s); open 6
19:10:44 UTC split region (bound/target 1.202) on [[1,4,5],[1,4,6],[1,4,7],[1,4,8]]: 13 pieces proved, 3 open; total runs 1078, proved 998, open regions 8
19:12:21 UTC split region (bound/target 1.044) on [[1,5,6],[1,5,7],[1,5,8],[1,6,7]]: 15 pieces proved, 1 open; total runs 1094, proved 1013, open regions 8
19:13:25 UTC split region (bound/target 1.055) on [[1,6,8],[1,7,8],[2,4,5],[2,4,6]]: 16 pieces proved, 0 open; total runs 1110, proved 1029, open regions 7
19:14:35 UTC split region (bound/target 1.074) on [[1,5,6],[1,5,7],[1,5,8],[1,6,7]]: 16 pieces proved, 0 open; total runs 1126, proved 1045, open regions 6
19:15:07 UTC split region (bound/target 1.189) on [[1,5,6],[1,5,7],[1,5,8],[1,6,7]]: 16 pieces proved, 0 open; total runs 1142, proved 1061, open regions 5
19:22:36 UTC split region (bound/target 1.374) on [[1,4,5],[1,4,6],[1,4,7],[1,4,8]]: 11 pieces proved, 5 open; total runs 1158, proved 1072, open regions 9
19:23:21 UTC split region (bound/target 1.037) on [[1,5,6],[1,5,7],[1,5,8],[1,6,7]]: 16 pieces proved, 0 open; total runs 1174, proved 1088, open regions 8
19:23:52 UTC split region (bound/target 1.127) on [[1,5,6],[1,5,7],[1,5,8],[1,6,7]]: 16 pieces proved, 0 open; total runs 1190, proved 1104, open regions 7
19:25:45 UTC split region (bound/target 1.145) on [[1,5,6],[1,5,7],[1,5,8],[1,6,7]]: 15 pieces proved, 1 open; total runs 1206, proved 1119, open regions 7
19:27:00 UTC split region (bound/target 1.035) on [[1,6,8],[1,7,8],[2,4,5],[2,4,6]]: 16 pieces proved, 0 open; total runs 1222, proved 1135, open regions 6
19:28:38 UTC split region (bound/target 1.156) on [[1,5,6],[1,5,7],[1,5,8],[1,6,7]]: 15 pieces proved, 1 open; total runs 1238, proved 1150, open regions 6
19:29:44 UTC region PROVED by a 300 s run (66 s); open 5
19:30:57 UTC split region (bound/target 1.216) on [[1,5,6],[1,5,7],[1,5,8],[1,6,7]]: 16 pieces proved, 0 open; total runs 1255, proved 1167, open regions 4
19:33:47 UTC split region (bound/target 1.455) on [[0,4,7],[0,4,8],[0,5,6],[0,5,7]]: 14 pieces proved, 2 open; total runs 1271, proved 1181, open regions 5
19:35:56 UTC split region (bound/target 1.119) on [[0,5,8],[0,6,7],[0,6,8],[0,7,8]]: 15 pieces proved, 1 open; total runs 1287, proved 1196, open regions 5
19:37:55 UTC split region (bound/target 1.143) on [[0,5,8],[0,6,7],[0,6,8],[0,7,8]]: 15 pieces proved, 1 open; total runs 1303, proved 1211, open regions 5
19:40:33 UTC split region (bound/target 1.155) on [[1,4,5],[1,4,6],[1,4,7],[1,4,8]]: 15 pieces proved, 1 open; total runs 1319, proved 1226, open regions 5
19:42:41 UTC split region (bound/target 1.114) on [[1,5,6],[1,5,7],[1,5,8],[1,6,7]]: 15 pieces proved, 1 open; total runs 1335, proved 1241, open regions 5
19:43:37 UTC split region (bound/target 1.059) on [[1,6,8],[1,7,8],[2,4,5],[2,4,6]]: 16 pieces proved, 0 open; total runs 1351, proved 1257, open regions 4
19:46:43 UTC split region (bound/target 1.156) on [[1,4,5],[1,4,6],[1,4,7],[1,4,8]]: 15 pieces proved, 1 open; total runs 1367, proved 1272, open regions 4
19:48:20 UTC split region (bound/target 1.057) on [[1,5,6],[1,5,7],[1,5,8],[1,6,7]]: 15 pieces proved, 1 open; total runs 1383, proved 1287, open regions 4
19:49:00 UTC split region (bound/target 1.043) on [[1,6,8],[1,7,8],[2,4,5],[2,4,6]]: 16 pieces proved, 0 open; total runs 1399, proved 1303, open regions 3
19:51:24 UTC split region (bound/target 1.523) on [[0,5,8],[0,6,7],[0,6,8],[0,7,8]]: 15 pieces proved, 1 open; total runs 1415, proved 1318, open regions 3
19:56:47 UTC split region (bound/target 1.198) on [[1,4,5],[1,4,6],[1,4,7],[1,4,8]]: 13 pieces proved, 3 open; total runs 1431, proved 1331, open regions 5
19:58:03 UTC region PROVED by a 300 s run (76 s); open 4
20:01:10 UTC split region (bound/target 1.072) on [[1,5,6],[1,5,7],[1,5,8],[1,6,7]]: 14 pieces proved, 2 open; total runs 1448, proved 1346, open regions 5
20:01:35 UTC split region (bound/target 1.062) on [[1,6,8],[1,7,8],[2,4,5],[2,4,6]]: 16 pieces proved, 0 open; total runs 1464, proved 1362, open regions 4
20:02:24 UTC split region (bound/target 1.063) on [[1,6,8],[1,7,8],[2,4,5],[2,4,6]]: 16 pieces proved, 0 open; total runs 1480, proved 1378, open regions 3
20:02:58 UTC split region (bound/target 1.095) on [[1,5,6],[1,5,7],[1,5,8],[1,6,7]]: 16 pieces proved, 0 open; total runs 1496, proved 1394, open regions 2
20:05:21 UTC split region (bound/target 1.532) on [[5,7,8],[6,7,8],[0,4,5],[0,4,6]]: 14 pieces proved, 2 open; total runs 1512, proved 1408, open regions 3
20:07:11 UTC split region (bound/target 1.058) on [[0,4,7],[0,4,8],[0,5,6],[0,5,7]]: 15 pieces proved, 1 open; total runs 1528, proved 1423, open regions 3
20:08:25 UTC region PROVED by a 300 s run (74 s); open 2
20:11:03 UTC split region (bound/target 1.488) on [[0,4,7],[0,4,8],[0,5,6],[0,5,7]]: 14 pieces proved, 2 open; total runs 1545, proved 1438, open regions 3
20:12:41 UTC split region (bound/target 1.103) on [[0,5,8],[0,6,7],[0,6,8],[0,7,8]]: 15 pieces proved, 1 open; total runs 1561, proved 1453, open regions 3
20:14:48 UTC split region (bound/target 1.111) on [[1,4,5],[1,4,6],[1,4,7],[1,4,8]]: 16 pieces proved, 0 open; total runs 1577, proved 1469, open regions 2
20:16:45 UTC split region (bound/target 1.244) on [[0,5,8],[0,6,7],[0,6,8],[0,7,8]]: 16 pieces proved, 0 open; total runs 1593, proved 1485, open regions 1
20:21:04 UTC split region (bound/target 1.639) on [[5,7,8],[6,7,8],[0,4,5],[0,4,6]]: 13 pieces proved, 3 open; total runs 1609, proved 1498, open regions 3
20:22:50 UTC split region (bound/target 1.082) on [[0,4,7],[0,4,8],[0,5,6],[0,5,7]]: 15 pieces proved, 1 open; total runs 1625, proved 1513, open regions 3
20:24:00 UTC region PROVED by a 300 s run (70 s); open 2
20:26:23 UTC split region (bound/target 1.144) on [[0,4,7],[0,4,8],[0,5,6],[0,5,7]]: 14 pieces proved, 2 open; total runs 1642, proved 1528, open regions 3
20:28:03 UTC STOP file or time limit reached mid-region; it will be redone on resume (finished pieces are reused)
