Set parameter NodefileStart to value 6
Read parameters from file gurobi.env
Restricted license - for non-production use only - expires 2027-11-29
Set parameter OutputFlag to value 1
Set parameter Threads to value 4
Set parameter TimeLimit to value 360
Set parameter MIPGap to value 5e-05
Set parameter MIPFocus to value 2
Set parameter NonConvex to value 2
Set parameter BestBdStop to value 2.7426211734693878e-02
Gurobi Optimizer version 13.0.3 build v13.0.3rc0 (linux64 - "Ubuntu 24.04.5 LTS")

CPU model: AMD EPYC 9V74 80-Core Processor, instruction set [SSE2|AVX|AVX2|AVX512]
Thread count: 2 physical cores, 4 logical processors, using up to 4 threads

Non-default parameters:
TimeLimit  360
BestBdStop  2.7426211734693878e-02
MIPGap  5e-05
MIPFocus  2
NodefileStart  6
NonConvex  2
Threads  4

Optimize a model with 141 rows, 111 columns and 810 nonzeros (Max)
Model fingerprint: 0x9513bc50
Model has 1 linear objective coefficients
Model has 50 quadratic constraints
Variable types: 65 continuous, 46 integer (46 binary)
Coefficient statistics:
  Matrix range     [5e-01, 1e+00]
  QMatrix range    [1e+00, 1e+00]
  QLMatrix range   [1e+00, 1e+00]
  Objective range  [1e+00, 1e+00]
  Bounds range     [5e-01, 1e+00]
  RHS range        [1e+00, 1e+00]

Found heuristic solution: objective -0.0000000
Presolve time: 0.00s
Presolved: 341 rows, 112 columns, 1210 nonzeros
Presolved model has 50 bilinear constraint(s)

Solving non-convex MIQCP to global optimality

Variable types: 66 continuous, 46 integer (46 binary)
Root relaxation presolve removed 50 rows and 1 columns
Root relaxation presolved: 291 rows, 111 columns, 1160 nonzeros


Root relaxation: objective 1.250000e-01, 112 iterations, 0.00 seconds (0.00 work units)

    Nodes    |    Current Node    |     Objective Bounds      |     Work
 Expl Unexpl |  Obj  Depth IntInf | Incumbent    BestBd   Gap | It/Node Time

     0     0    0.12500    0   50   -0.00000    0.12500      -     -    0s
     0     0    0.10000    0   56   -0.00000    0.10000      -     -    0s
     0     0    0.09524    0   48   -0.00000    0.09524      -     -    0s
     0     0    0.09091    0   52   -0.00000    0.09091      -     -    0s
     0     0    0.09091    0   49   -0.00000    0.09091      -     -    0s
     0     0    0.09091    0   66   -0.00000    0.09091      -     -    0s
     0     0    0.09091    0   44   -0.00000    0.09091      -     -    0s
     0     0    0.09091    0   44   -0.00000    0.09091      -     -    0s
     0     0    0.09091    0   55   -0.00000    0.09091      -     -    0s
     0     0    0.09091    0   40   -0.00000    0.09091      -     -    0s
     0     0    0.09091    0   55   -0.00000    0.09091      -     -    0s
     0     0    0.09000    0   60   -0.00000    0.09000      -     -    0s
     0     0    0.09000    0   59   -0.00000    0.09000      -     -    0s
     0     0    0.08915    0   59   -0.00000    0.08915      -     -    0s
     0     0    0.08915    0   56   -0.00000    0.08915      -     -    0s
     0     2    0.08915    0   56   -0.00000    0.08915      -     -    0s
H  137   140                       0.0000001    0.08915      -  27.0    0s
H  139   156                       0.0000002    0.08915      -  28.2    0s
H 1178   902                       0.0000011    0.04160      -  26.4    1s
H 1178   857                       0.0000011    0.04160      -  26.4    1s
* 1827  1245              92       0.0000011    0.03799      -  23.5    1s
H 2841  1586                       0.0000012    0.03799      -  22.9    2s
H 2843  1560                       0.0000015    0.03799      -  23.0    2s
 14794  9772     cutoff   29         0.00000    0.03799      -  27.8    5s
 41119 25973    0.00006   59   38    0.00000    0.03799      -  29.3   10s
 68707 42916    0.00015   43   22    0.00000    0.03799      -  28.5   15s
H85597 52599                       0.0000018    0.03799      -  28.2   18s
 93833 57416    0.01119   34   42    0.00000    0.03760      -  28.2   20s
 120045 73013    0.00013   56   50    0.00000    0.03624      -  28.2   25s
 148081 89874    0.01300   31   50    0.00000    0.03522      -  28.2   30s
 175905 105933    0.00000   59   39    0.00000    0.03425      -  28.3   35s
 201128 120114     cutoff   39         0.00000    0.03345      -  28.3   40s
 229253 136108    0.00861   36   45    0.00000    0.03273      -  28.2   45s
 255432 151260    0.00525   41   37    0.00000    0.03214      -  28.3   50s
 282739 168913    0.00017   44   37    0.00000    0.03175      -  28.1   55s
 310493 185852    0.01055   36   52    0.00000    0.03131      -  28.1   60s
 337245 200843    0.01407   35   52    0.00000    0.03086      -  28.0   65s
 362844 215091    0.00224   30   50    0.00000    0.03054      -  28.1   70s
 390364 232267    0.00318   49   37    0.00000    0.03022      -  27.9   75s
 419087 249504    0.00022   58   36    0.00000    0.02991      -  27.8   80s
 448082 265516     cutoff   59         0.00000    0.02955      -  27.9   85s
 474343 281362    0.00139   51   33    0.00000    0.02932      -  27.8   90s
 498646 295766    0.00020   50   51    0.00000    0.02908      -  27.7   95s
 526605 312025    0.00300   36   43    0.00000    0.02887      -  27.7  100s
 552813 326467    0.00258   42   45    0.00000    0.02864      -  27.7  105s
 579276 340704    0.01075   38   47    0.00000    0.02843      -  27.7  110s
 604398 355380    0.00005   81   35    0.00000    0.02824      -  27.7  115s
 630181 369687    0.01463   40   45    0.00000    0.02805      -  27.8  120s
 656886 386679    0.01369   39   50    0.00000    0.02788      -  27.8  125s
 685792 400732    0.00217   40   42    0.00000    0.02768      -  27.8  130s
 713218 415240    0.00001  100   24    0.00000    0.02748      -  27.7  135s

Cutting planes:
  Gomory: 21
  Lift-and-project: 1
  Implied bound: 9
  MIR: 9
  Mixing: 1
  Flow cover: 28
  RLT: 70
  Relax-and-lift: 2
  BQP: 14

Explored 723690 nodes (20012424 simplex iterations) in 137.05 seconds (173.57 work units)
Thread count was 4 (of 4 available processors)

Solution count 9: 1.826e-06 1.54725e-06 1.20112e-06 ... -0

Optimization achieved user objective limit
Best objective 1.826000974481e-06, best bound 2.742528761151e-02, gap 1501831.7073%
{"verdict": "PROVED", "status": "BOUND_REACHED", "runtime": 137.0462679862976, "objval": 1.8260009744808239e-06, "objbound": 0.027425287611506283, "binaries": 46}
