Set parameter NodefileStart to value 6
Read parameters from file gurobi.env
Restricted license - for non-production use only - expires 2027-11-29
Set parameter OutputFlag to value 1
Set parameter Threads to value 4
Set parameter TimeLimit to value 360
Set parameter MIPGap to value 5e-05
Set parameter MIPFocus to value 2
Set parameter NonConvex to value 2
Set parameter BestBdStop to value 2.7426211734693878e-02
Gurobi Optimizer version 13.0.3 build v13.0.3rc0 (linux64 - "Ubuntu 24.04.5 LTS")

CPU model: AMD EPYC 7763 64-Core Processor, instruction set [SSE2|AVX|AVX2]
Thread count: 2 physical cores, 4 logical processors, using up to 4 threads

Non-default parameters:
TimeLimit  360
BestBdStop  2.7426211734693878e-02
MIPGap  5e-05
MIPFocus  2
NodefileStart  6
NonConvex  2
Threads  4

Optimize a model with 145 rows, 115 columns and 846 nonzeros (Max)
Model fingerprint: 0x38539bb8
Model has 1 linear objective coefficients
Model has 50 quadratic constraints
Variable types: 65 continuous, 50 integer (50 binary)
Coefficient statistics:
  Matrix range     [5e-01, 1e+00]
  QMatrix range    [1e+00, 1e+00]
  QLMatrix range   [1e+00, 1e+00]
  Objective range  [1e+00, 1e+00]
  Bounds range     [5e-01, 1e+00]
  RHS range        [1e+00, 1e+00]

Found heuristic solution: objective -0.0000000
Presolve time: 0.00s
Presolved: 345 rows, 116 columns, 1246 nonzeros
Presolved model has 50 bilinear constraint(s)

Solving non-convex MIQCP to global optimality

Variable types: 66 continuous, 50 integer (50 binary)
Root relaxation presolve removed 50 rows and 1 columns
Root relaxation presolved: 295 rows, 115 columns, 1196 nonzeros


Root relaxation: objective 6.250000e-02, 117 iterations, 0.00 seconds (0.00 work units)

    Nodes    |    Current Node    |     Objective Bounds      |     Work
 Expl Unexpl |  Obj  Depth IntInf | Incumbent    BestBd   Gap | It/Node Time

     0     0    0.06250    0   50   -0.00000    0.06250      -     -    0s
     0     0    0.06250    0   50   -0.00000    0.06250      -     -    0s
     0     0    0.05556    0   58   -0.00000    0.05556      -     -    0s
     0     0    0.05556    0   60   -0.00000    0.05556      -     -    0s
     0     0    0.05556    0   56   -0.00000    0.05556      -     -    0s
     0     0    0.05556    0   50   -0.00000    0.05556      -     -    0s
     0     0    0.05556    0   60   -0.00000    0.05556      -     -    0s
     0     0    0.05556    0   60   -0.00000    0.05556      -     -    0s
     0     0    0.05556    0   50   -0.00000    0.05556      -     -    0s
     0     0    0.05556    0   56   -0.00000    0.05556      -     -    0s
     0     0    0.05556    0   60   -0.00000    0.05556      -     -    0s
     0     0    0.05556    0   49   -0.00000    0.05556      -     -    0s
     0     0    0.05556    0   49   -0.00000    0.05556      -     -    0s
     0     2    0.05556    0   49   -0.00000    0.05556      -     -    0s
H  288   268                       0.0000000    0.05047      -  13.8    0s
*  310   262              48       0.0000001    0.05047      -  14.7    0s
*  552   421              47       0.0000001    0.05047      -  15.5    0s
*  557   421              49       0.0000001    0.05047      -  15.4    0s
H 1290   874                       0.0000002    0.04744      -  16.6    1s
H 1294   832                       0.0000002    0.04744      -  16.6    1s
H 1360   824                       0.0000005    0.04744      -  17.5    1s
H 1447   809                       0.0000006    0.04744      -  17.0    1s

Cutting planes:
  Flow cover: 7
  RLT: 23
  Relax-and-lift: 1
  BQP: 10

Explored 2072 nodes (37686 simplex iterations) in 1.81 seconds (1.17 work units)
Thread count was 4 (of 4 available processors)

Solution count 9: 5.84106e-07 5.09535e-07 2.19245e-07 ... -0

Optimization achieved user objective limit
Best objective 5.841063005496e-07, best bound 1.727084211080e-02, gap -
{"verdict": "PROVED", "status": "BOUND_REACHED", "runtime": 1.8088619709014893, "objval": 5.84106300549614e-07, "objbound": 0.01727084211080372, "binaries": 50}
