Set parameter NodefileStart to value 6
Read parameters from file gurobi.env
Restricted license - for non-production use only - expires 2027-11-29
Set parameter OutputFlag to value 1
Set parameter Threads to value 4
Set parameter TimeLimit to value 360
Set parameter MIPGap to value 5e-05
Set parameter MIPFocus to value 2
Set parameter NonConvex to value 2
Set parameter BestBdStop to value 2.7426211734693878e-02
Gurobi Optimizer version 13.0.3 build v13.0.3rc0 (linux64 - "Ubuntu 24.04.5 LTS")

CPU model: AMD EPYC 9V74 80-Core Processor, instruction set [SSE2|AVX|AVX2]
Thread count: 2 physical cores, 4 logical processors, using up to 4 threads

Non-default parameters:
TimeLimit  360
BestBdStop  2.7426211734693878e-02
MIPGap  5e-05
MIPFocus  2
NodefileStart  6
NonConvex  2
Threads  4

Optimize a model with 141 rows, 111 columns and 810 nonzeros (Max)
Model fingerprint: 0xeb1ad230
Model has 1 linear objective coefficients
Model has 50 quadratic constraints
Variable types: 65 continuous, 46 integer (46 binary)
Coefficient statistics:
  Matrix range     [5e-01, 1e+00]
  QMatrix range    [1e+00, 1e+00]
  QLMatrix range   [1e+00, 1e+00]
  Objective range  [1e+00, 1e+00]
  Bounds range     [5e-01, 1e+00]
  RHS range        [1e+00, 1e+00]

Found heuristic solution: objective -0.0000000
Presolve time: 0.00s
Presolved: 341 rows, 112 columns, 1210 nonzeros
Presolved model has 50 bilinear constraint(s)

Solving non-convex MIQCP to global optimality

Variable types: 66 continuous, 46 integer (46 binary)
Root relaxation presolve removed 50 rows and 1 columns
Root relaxation presolved: 291 rows, 111 columns, 1160 nonzeros


Root relaxation: objective 8.333333e-02, 104 iterations, 0.00 seconds (0.00 work units)

    Nodes    |    Current Node    |     Objective Bounds      |     Work
 Expl Unexpl |  Obj  Depth IntInf | Incumbent    BestBd   Gap | It/Node Time

     0     0    0.08333    0   49   -0.00000    0.08333      -     -    0s
     0     0    0.08333    0   39   -0.00000    0.08333      -     -    0s
     0     0    0.08333    0   41   -0.00000    0.08333      -     -    0s
     0     0    0.08333    0   59   -0.00000    0.08333      -     -    0s
     0     0    0.08333    0   42   -0.00000    0.08333      -     -    0s
H    0     0                       0.0000001    0.08333      -     -    0s
     0     0    0.07143    0   45    0.00000    0.07143      -     -    0s
     0     0    0.07143    0   60    0.00000    0.07143      -     -    0s
     0     0    0.07143    0   52    0.00000    0.07143      -     -    0s
     0     0    0.07143    0   68    0.00000    0.07143      -     -    0s
     0     0    0.07143    0   47    0.00000    0.07143      -     -    0s
     0     0    0.07143    0   50    0.00000    0.07143      -     -    0s
     0     0    0.07143    0   48    0.00000    0.07143      -     -    0s
     0     0    0.07143    0   60    0.00000    0.07143      -     -    0s
     0     0    0.07143    0   66    0.00000    0.07143      -     -    0s
     0     0    0.07143    0   44    0.00000    0.07143      -     -    0s
     0     0    0.07143    0   47    0.00000    0.07143      -     -    0s
     0     0    0.07143    0   48    0.00000    0.07143      -     -    0s
     0     0    0.07143    0   48    0.00000    0.07143      -     -    0s
     0     0    0.07143    0   49    0.00000    0.07143      -     -    0s
     0     0    0.07143    0   49    0.00000    0.07143      -     -    0s
     0     2    0.07143    0   49    0.00000    0.07143      -     -    0s
*  688   642             102       0.0000001    0.07143      -  22.7    0s
H 1226   979                       0.0000002    0.07143      -  25.1    1s
H 1229   932                       0.0000007    0.07143      -  25.0    1s
  9490  6810    0.00000   85   21    0.00000    0.05385      -  24.0    5s
*17629 12816             123       0.0000007    0.05135      -  24.6    6s
H20898 14830                       0.0000008    0.05055      -  24.0    7s
 29709 21042    0.00010   63   43    0.00000    0.04910      -  23.7   10s
H38751 27375                       0.0000008    0.04789      -  23.6   12s
H39542 28165                       0.0000009    0.04785      -  23.6   13s
H43627 31094                       0.0000009    0.04759      -  23.4   14s
 46424 33282    0.01965   37   57    0.00000    0.04724      -  23.4   15s
 66475 48035    0.00543   48   43    0.00000    0.04635      -  23.5   20s
H78839 56521                       0.0000011    0.04583      -  23.7   23s
 80899 58382    0.01706   42   39    0.00000    0.04570      -  23.7   25s
 101957 73489    0.00019   65   47    0.00000    0.04507      -  23.7   30s
 122439 87934    0.00002   78   37    0.00000    0.04453      -  23.8   35s
 142790 102142    0.00186   44   36    0.00000    0.04408      -  23.7   40s
 162499 115830    0.00759   42   58    0.00000    0.04381      -  23.8   45s
 182904 129804    0.00949   38   50    0.00000    0.04347      -  23.7   50s
 204402 144440     cutoff   58         0.00000    0.04317      -  23.7   55s
 221946 156682     cutoff   61         0.00000    0.04293      -  23.6   60s
 241126 170163    0.00001   78   49    0.00000    0.04272      -  23.7   65s
 260130 183594     cutoff   45         0.00000    0.04252      -  23.8   70s
 281155 198249    0.00012   58   43    0.00000    0.04228      -  23.9   75s
 301020 212549    0.00004   76   52    0.00000    0.04208      -  23.9   80s
 321257 226534    0.00006   57   47    0.00000    0.04187      -  23.9   85s
 338025 238083    0.00028   50   50    0.00000    0.04173      -  23.9   90s
 357944 252091    0.00001   70   50    0.00000    0.04167      -  23.9   95s
 376890 265436    0.02202   39   53    0.00000    0.04158      -  24.0  100s
 395218 278504    0.01503   49   52    0.00000    0.04144      -  23.9  105s
 413342 290865    0.00014   55   50    0.00000    0.04134      -  23.9  110s
 429802 302167    0.00005   68   44    0.00000    0.04123      -  23.9  115s
 451311 317203    0.00003   79   50    0.00000    0.04111      -  23.8  120s
 471462 331063    0.03949   30   54    0.00000    0.04101      -  23.8  125s
 489094 343383    0.01662   38   53    0.00000    0.04092      -  23.8  130s
 508829 356962    0.01275   44   51    0.00000    0.04083      -  23.8  135s
 529316 371040    0.01076   51   50    0.00000    0.04073      -  23.8  140s
 549933 385705    0.00061   64   50    0.00000    0.04064      -  23.8  145s
 570444 400085    0.01725   46   50    0.00000    0.04053      -  23.8  150s
 589959 414007    0.00038   56   45    0.00000    0.04045      -  23.8  155s
 607490 425810    0.01989   33   50    0.00000    0.04037      -  23.8  160s
 627458 439559    0.00000   77   35    0.00000    0.04027      -  23.9  165s
 647744 453295     cutoff   97         0.00000    0.04018      -  23.8  170s
 669447 468136     cutoff   80         0.00000    0.04011      -  23.8  175s
 688862 480792    0.00463   40   51    0.00000    0.04002      -  23.8  180s
 708885 494505    0.00776   46   50    0.00000    0.03995      -  23.8  185s
 728792 508150     cutoff   85         0.00000    0.03987      -  23.8  190s
 744858 519485    0.01501   41   51    0.00000    0.03983      -  23.8  195s
 765485 533965    0.00214   51   45    0.00000    0.03976      -  23.8  200s
 785129 546983     cutoff   42         0.00000    0.03969      -  23.8  205s
 804276 560328    0.01235   52   50    0.00000    0.03962      -  23.8  210s
 824074 574226    0.00000   85   41    0.00000    0.03956      -  23.8  215s
 844506 589002    0.00672   51   43    0.00000    0.03950      -  23.9  220s
 863365 602033    0.00416   45   53    0.00000    0.03945      -  23.9  225s
 876839 611246     cutoff   70         0.00000    0.03940      -  23.9  230s
 893488 622929    0.00000   86   27    0.00000    0.03936      -  23.9  235s
 914274 637008    0.02644   43   50    0.00000    0.03931      -  23.9  240s
 934521 650800    0.03369   32   50    0.00000    0.03926      -  23.9  245s
 953679 664087    0.00001   93   40    0.00000    0.03921      -  23.9  250s
 973761 677692    0.02901   36   54    0.00000    0.03916      -  23.9  255s
 993306 691228    0.00026   60   51    0.00000    0.03911      -  23.9  260s
 1009510 702590    0.00002   72   50    0.00000    0.03909      -  24.0  265s
 1029233 716182     cutoff   42         0.00000    0.03903      -  24.0  270s
 1048855 729491    0.01255   49   57    0.00000    0.03898      -  24.0  275s
 1067804 743254    0.02306   39   56    0.00000    0.03895      -  24.1  280s
 1086316 755947    0.00000   86   44    0.00000    0.03891      -  24.0  285s
 1107151 770114    0.00144   48   51    0.00000    0.03886      -  24.1  290s
 1126229 782961    0.00451   52   43    0.00000    0.03881      -  24.1  295s
 1141496 793338    0.00001   91   49    0.00000    0.03877      -  24.1  300s
 1161275 807027    0.02187   42   52    0.00000    0.03872      -  24.1  305s
 1182516 821288    0.00529   56   52    0.00000    0.03868      -  24.0  310s
 1202518 834876    0.00914   43   52    0.00000    0.03864      -  24.0  315s
 1221761 848233    0.01541   39   50    0.00000    0.03861      -  24.0  320s
 1238843 859935 infeasible   61         0.00000    0.03857      -  24.1  325s
 1258237 872632    0.00005   63   50    0.00000    0.03853      -  24.1  330s
 1278748 886293     cutoff   81         0.00000    0.03848      -  24.1  335s
 1298160 899742    0.01418   40   48    0.00000    0.03846      -  24.1  340s
H1300332 900756                       0.0000011    0.03845      -  24.1  340s
 1314947 911167    0.00000   90   49    0.00000    0.03843      -  24.1  345s
 1332327 922780    0.02686   39   50    0.00000    0.03839      -  24.1  350s
 1348605 934147     cutoff   48         0.00000    0.03836      -  24.1  355s
 1362098 945415    0.01300   34   58    0.00000    0.03832      -  24.1  360s

Cutting planes:
  Gomory: 18
  Implied bound: 7
  MIR: 10
  Flow cover: 48
  RLT: 99
  Relax-and-lift: 8
  BQP: 26

Explored 1365940 nodes (32887558 simplex iterations) in 360.02 seconds (394.94 work units)
Thread count was 4 (of 4 available processors)

Solution count 10: 1.08134e-06 1.07969e-06 9.38177e-07 ... 7.07933e-08

Time limit reached
Best objective 1.081337714928e-06, best bound 3.831921992003e-02, gap 3543586.6199%
{"verdict": "UNRESOLVED", "status": "TIME_LIMIT", "runtime": 360.0249011516571, "objval": 1.0813377149281193e-06, "objbound": 0.038319219920028354, "binaries": 46}
