Set parameter NodefileStart to value 6
Read parameters from file gurobi.env
Restricted license - for non-production use only - expires 2027-11-29
Set parameter OutputFlag to value 1
Set parameter Threads to value 4
Set parameter TimeLimit to value 360
Set parameter MIPGap to value 5e-05
Set parameter MIPFocus to value 2
Set parameter NonConvex to value 2
Set parameter BestBdStop to value 2.7426211734693878e-02
Gurobi Optimizer version 13.0.3 build v13.0.3rc0 (linux64 - "Ubuntu 24.04.5 LTS")

CPU model: AMD EPYC 7763 64-Core Processor, instruction set [SSE2|AVX|AVX2]
Thread count: 2 physical cores, 4 logical processors, using up to 4 threads

Non-default parameters:
TimeLimit  360
BestBdStop  2.7426211734693878e-02
MIPGap  5e-05
MIPFocus  2
NodefileStart  6
NonConvex  2
Threads  4

Optimize a model with 141 rows, 111 columns and 810 nonzeros (Max)
Model fingerprint: 0x6a1474d7
Model has 1 linear objective coefficients
Model has 50 quadratic constraints
Variable types: 65 continuous, 46 integer (46 binary)
Coefficient statistics:
  Matrix range     [5e-01, 1e+00]
  QMatrix range    [1e+00, 1e+00]
  QLMatrix range   [1e+00, 1e+00]
  Objective range  [1e+00, 1e+00]
  Bounds range     [5e-01, 1e+00]
  RHS range        [1e+00, 1e+00]

Found heuristic solution: objective -0.0000000
Presolve time: 0.00s
Presolved: 341 rows, 112 columns, 1210 nonzeros
Presolved model has 50 bilinear constraint(s)

Solving non-convex MIQCP to global optimality

Variable types: 66 continuous, 46 integer (46 binary)
Root relaxation presolve removed 70 rows and 11 columns
Root relaxation presolved: 271 rows, 101 columns, 1040 nonzeros


Root relaxation: objective 7.142857e-02, 128 iterations, 0.00 seconds (0.00 work units)

    Nodes    |    Current Node    |     Objective Bounds      |     Work
 Expl Unexpl |  Obj  Depth IntInf | Incumbent    BestBd   Gap | It/Node Time

     0     0    0.07143    0   50   -0.00000    0.07143      -     -    0s
H    0     0                       0.0000000    0.07143      -     -    0s
     0     0    0.07143    0   51    0.00000    0.07143      -     -    0s
     0     0    0.07143    0   58    0.00000    0.07143      -     -    0s
     0     0    0.07143    0   62    0.00000    0.07143      -     -    0s
     0     0    0.07143    0   44    0.00000    0.07143      -     -    0s
     0     0    0.07143    0   44    0.00000    0.07143      -     -    0s
     0     0    0.07143    0   44    0.00000    0.07143      -     -    0s
     0     0    0.07143    0   44    0.00000    0.07143      -     -    0s
     0     0    0.07143    0   44    0.00000    0.07143      -     -    0s
     0     2    0.07143    0   44    0.00000    0.07143      -     -    0s
H 1202   959                       0.0016380    0.06875  4097%  29.5    1s
H 1269   977                       0.0019499    0.06504  3236%  31.3    1s
H 1537  1077                       0.0019505    0.06504  3235%  28.9    1s
H 1554  1027                       0.0019507    0.06504  3235%  28.9    1s
H 1713  1048                       0.0065306    0.06310   866%  29.5    1s
H 1938   974                       0.0068638    0.05419   690%  29.4    1s
H 2017   986                       0.0068638    0.05418   689%  30.1    1s
H 3191  1341                       0.0068644    0.04672   581%  34.0    2s
H 3625  1564                       0.0068790    0.04628   573%  34.0    2s
H 3896  1694                       0.0072217    0.04404   510%  33.9    2s
H 5437  2544                       0.0072242    0.04214   483%  32.3    3s
H12010  5834                       0.0075377    0.04008   432%  31.2    4s
 12015  5970    0.03601   35   61    0.00754    0.04008   432%  31.2    5s
H13799  6893                       0.0075377    0.03981   428%  31.1    5s
H17953  8559                       0.0078877    0.03931   398%  31.0    6s
H20197  9423                       0.0083397    0.03893   367%  30.8    7s
H24702 10439                       0.0098569    0.03856   291%  30.4    8s
H24705 10092                       0.0103941    0.03856   271%  30.4    8s
 29343 12046    0.01476   39   53    0.01039    0.03803   266%  30.5   10s
H37777 14595                       0.0110661    0.03741   238%  30.4   12s
H38963 15012                       0.0110662    0.03731   237%  30.4   12s
H38968 15051                       0.0111325    0.03731   235%  30.4   12s
 46484 17769     cutoff   47         0.01113    0.03680   231%  30.1   15s
H58181 21429                       0.0113572    0.03608   218%  29.9   17s
 63440 23242 infeasible   36         0.01136    0.03582   215%  29.9   20s
 83947 29975    0.03479   32   51    0.01136    0.03479   206%  29.4   25s
 106355 37258    0.02788   32   54    0.01136    0.03401   199%  29.2   30s
 127980 44640     cutoff   37         0.01136    0.03343   194%  29.1   35s
 150350 51946 infeasible   41         0.01136    0.03294   190%  29.0   40s
 169264 57948    0.01519   40   52    0.01136    0.03258   187%  28.9   45s
 191574 65063    0.02106   35   55    0.01136    0.03222   184%  28.7   50s
 213269 72255    0.02393   34   56    0.01136    0.03191   181%  28.6   55s
H219297 72402                       0.0118894    0.03182   168%  28.6   56s
H223133 73604                       0.0118894    0.03176   167%  28.6   57s
H224584 74176                       0.0118894    0.03174   167%  28.6   58s
 227217 75112    0.02113   37   50    0.01189    0.03170   167%  28.6   60s
 248746 81332    0.01467   36   47    0.01189    0.03144   164%  28.5   65s
H257108 83859                       0.0118894    0.03134   164%  28.5   66s
 268524 87310    0.02617   39   59    0.01189    0.03121   163%  28.4   70s
 290133 93985    0.01337   34   52    0.01189    0.03098   161%  28.4   75s
 311903 100042     cutoff   46         0.01189    0.03076   159%  28.4   80s
 333742 106317     cutoff   38         0.01189    0.03056   157%  28.3   85s
 355600 112632     cutoff   36         0.01189    0.03036   155%  28.3   90s
 376875 119021    0.01195   40   49    0.01189    0.03019   154%  28.3   95s
 397398 125505    0.01480   34   52    0.01189    0.03004   153%  28.3  100s
 418920 131877     cutoff   32         0.01189    0.02987   151%  28.2  105s
 438425 138554    0.02973   31   54    0.01189    0.02973   150%  28.2  111s
 456531 142827     cutoff   38         0.01189    0.02962   149%  28.2  115s
 477021 148566    0.01189   38   48    0.01189    0.02949   148%  28.1  120s
H497219 132587                       0.0142950    0.02936   105%  28.1  124s
 498634 132808    0.01524   42   47    0.01430    0.02935   105%  28.1  125s
H499053 132964                       0.0142950    0.02935   105%  28.1  125s
H500918 133283                       0.0142950    0.02934   105%  28.1  126s
 515426 136268    0.02312   36   55    0.01430    0.02922   104%  28.1  130s
 536444 140800     cutoff   35         0.01430    0.02908   103%  28.0  135s
 558050 145276    0.02029   34   58    0.01430    0.02892   102%  28.0  140s
 579609 149713     cutoff   39         0.01430    0.02879   101%  28.0  145s
 600388 154404    0.02303   35   52    0.01430    0.02867   101%  27.9  150s
 622205 158756    0.01590   37   46    0.01430    0.02854   100%  27.9  155s
 638544 162094    0.02251   32   56    0.01430    0.02845  99.0%  27.9  160s
 659987 166571    0.01564   41   54    0.01430    0.02834  98.2%  27.9  165s
 681403 170890     cutoff   46         0.01430    0.02822  97.4%  27.8  170s
 702985 175019    0.02518   38   59    0.01430    0.02811  96.7%  27.8  175s
 724493 179529     cutoff   33         0.01430    0.02801  96.0%  27.8  180s
 745875 183646    0.01973   37   50    0.01430    0.02791  95.2%  27.7  185s
 763868 186931     cutoff   47         0.01430    0.02783  94.7%  27.7  190s
 785351 190990     cutoff   40         0.01430    0.02773  94.0%  27.7  195s
 807065 195208    0.02185   43   54    0.01430    0.02764  93.3%  27.7  200s
 829116 198976    0.01460   46   59    0.01430    0.02755  92.7%  27.6  205s
 850362 202755     cutoff   42         0.01430    0.02747  92.2%  27.6  210s

Cutting planes:
  Gomory: 21
  Implied bound: 33
  MIR: 16
  Mixing: 2
  Flow cover: 72
  Inf proof: 8
  RLT: 88
  Relax-and-lift: 18
  BQP: 12

Explored 863100 nodes (23823895 simplex iterations) in 212.85 seconds (231.30 work units)
Thread count was 4 (of 4 available processors)

Solution count 10: 0.014295 0.0118894 0.0113572 ... 0.00753767

Optimization achieved user objective limit
Best objective 1.429504212195e-02, best bound 2.742493010676e-02, gap 91.8492%
{"verdict": "PROVED", "status": "BOUND_REACHED", "runtime": 212.85547590255737, "objval": 0.014295042121952452, "objbound": 0.027424930106763393, "binaries": 46}
