Set parameter NodefileStart to value 6
Read parameters from file gurobi.env
Restricted license - for non-production use only - expires 2027-11-29
Set parameter OutputFlag to value 1
Set parameter Threads to value 4
Set parameter TimeLimit to value 360
Set parameter MIPGap to value 5e-05
Set parameter MIPFocus to value 2
Set parameter NonConvex to value 2
Set parameter BestBdStop to value 2.7426211734693878e-02
Gurobi Optimizer version 13.0.3 build v13.0.3rc0 (linux64 - "Ubuntu 24.04.5 LTS")

CPU model: AMD EPYC 9V74 80-Core Processor, instruction set [SSE2|AVX|AVX2|AVX512]
Thread count: 2 physical cores, 4 logical processors, using up to 4 threads

Non-default parameters:
TimeLimit  360
BestBdStop  2.7426211734693878e-02
MIPGap  5e-05
MIPFocus  2
NodefileStart  6
NonConvex  2
Threads  4

Optimize a model with 141 rows, 111 columns and 810 nonzeros (Max)
Model fingerprint: 0x2308130c
Model has 1 linear objective coefficients
Model has 50 quadratic constraints
Variable types: 65 continuous, 46 integer (46 binary)
Coefficient statistics:
  Matrix range     [5e-01, 1e+00]
  QMatrix range    [1e+00, 1e+00]
  QLMatrix range   [1e+00, 1e+00]
  Objective range  [1e+00, 1e+00]
  Bounds range     [5e-01, 1e+00]
  RHS range        [1e+00, 1e+00]

Found heuristic solution: objective -0.0000000
Presolve time: 0.00s
Presolved: 341 rows, 112 columns, 1210 nonzeros
Presolved model has 50 bilinear constraint(s)

Solving non-convex MIQCP to global optimality

Variable types: 66 continuous, 46 integer (46 binary)
Root relaxation presolve removed 50 rows and 1 columns
Root relaxation presolved: 291 rows, 111 columns, 1160 nonzeros


Root relaxation: objective 8.333333e-02, 102 iterations, 0.00 seconds (0.00 work units)

    Nodes    |    Current Node    |     Objective Bounds      |     Work
 Expl Unexpl |  Obj  Depth IntInf | Incumbent    BestBd   Gap | It/Node Time

     0     0    0.08333    0   48   -0.00000    0.08333      -     -    0s
     0     0    0.07500    0   68   -0.00000    0.07500      -     -    0s
     0     0    0.07500    0   69   -0.00000    0.07500      -     -    0s
     0     0    0.07500    0   48   -0.00000    0.07500      -     -    0s
     0     0    0.07500    0   38   -0.00000    0.07500      -     -    0s
     0     0    0.07143    0   63   -0.00000    0.07143      -     -    0s
     0     0    0.07143    0   64   -0.00000    0.07143      -     -    0s
     0     0    0.07143    0   64   -0.00000    0.07143      -     -    0s
     0     0    0.07143    0   53   -0.00000    0.07143      -     -    0s
     0     0    0.07143    0   47   -0.00000    0.07143      -     -    0s
     0     0    0.07143    0   47   -0.00000    0.07143      -     -    0s
     0     0    0.07143    0   60   -0.00000    0.07143      -     -    0s
     0     0    0.07143    0   60   -0.00000    0.07143      -     -    0s
     0     0    0.07143    0   60   -0.00000    0.07143      -     -    0s
     0     0    0.07143    0   67   -0.00000    0.07143      -     -    0s
     0     0    0.07143    0   61   -0.00000    0.07143      -     -    0s
     0     0    0.07143    0   70   -0.00000    0.07143      -     -    0s
     0     0    0.07143    0   62   -0.00000    0.07143      -     -    0s
     0     0    0.07143    0   62   -0.00000    0.07143      -     -    0s
     0     0    0.07143    0   62   -0.00000    0.07143      -     -    0s
     0     0    0.07143    0   62   -0.00000    0.07143      -     -    0s
     0     2    0.07143    0   62   -0.00000    0.07143      -     -    0s
*  406   383              68       0.0000001    0.07143      -  25.0    0s
*  897   776              83       0.0000001    0.06522      -  22.0    0s
*  903   770              81       0.0000002    0.06522      -  21.9    0s
H 1202   964                       0.0000003    0.06522      -  24.4    1s
H 1347  1031                       0.0000003    0.06522      -  24.8    1s
* 1692  1158              88       0.0000005    0.06522      -  22.3    1s
* 1693  1116              89       0.0000007    0.06522      -  22.2    1s
* 1941  1196             125       0.0000011    0.05816      -  21.6    1s
* 1946  1156             125       0.0000013    0.05816      -  21.6    1s
* 4096  2387             101       0.0000015    0.05020      -  23.3    2s
* 4101  2387             103       0.0000015    0.05020      -  23.3    2s
* 4104  2387             105       0.0000015    0.05020      -  23.3    2s
* 4107  2387             107       0.0000015    0.05020      -  23.2    2s
 17305 12088    0.03185   28   37    0.00000    0.04370      -  22.3    5s
 40816 27495    0.00488   33   50    0.00000    0.04098      -  23.5   10s
 67930 45791    0.02856   31   51    0.00000    0.03935      -  23.6   15s
 93908 63193    0.00042   57   44    0.00000    0.03848      -  23.9   20s
 111247 74822    0.03126   30   58    0.00000    0.03807      -  23.9   25s
 130408 88573     cutoff   90         0.00000    0.03773      -  24.0   30s
 156553 106335    0.00836   48   50    0.00000    0.03722      -  24.1   35s
 182454 123038     cutoff  107         0.00000    0.03684      -  24.0   40s
 207842 139837    0.00000   62   49    0.00000    0.03646      -  24.1   45s
 233831 156953     cutoff   47         0.00000    0.03615      -  24.1   50s
 259575 173354    0.00015   68   46    0.00000    0.03583      -  24.2   55s
 284943 189998    0.00003   65   43    0.00000    0.03559      -  24.2   60s
 311046 207250    0.00010   62   50    0.00000    0.03534      -  24.2   65s
 336675 223247    0.00152   44   32    0.00000    0.03513      -  24.2   70s
 362721 240601    0.00003   60   52    0.00000    0.03493      -  24.2   75s
 388743 257672    0.00000  102   37    0.00000    0.03475      -  24.2   80s
 414764 274450    0.00000   81   50    0.00000    0.03460      -  24.2   85s
 439001 290500    0.00210   43   43    0.00000    0.03444      -  24.2   90s
 439883 290905    0.03016   35   53    0.00000    0.03443      -  24.2   95s
 453609 299588    0.01401   48   50    0.00000    0.03434      -  24.2  100s
 476990 314798     cutoff   52         0.00000    0.03426      -  24.3  105s
 502769 330778     cutoff   68         0.00000    0.03411      -  24.3  110s
 526684 345877    0.00003   69   50    0.00000    0.03399      -  24.3  115s
 552601 362497    0.00188   62   50    0.00000    0.03386      -  24.3  120s
 578160 378787    0.01852   38   52    0.00000    0.03372      -  24.3  125s
 603116 394570     cutoff   76         0.00000    0.03361      -  24.3  130s
 627561 410276    0.00436   50   45    0.00000    0.03350      -  24.3  135s
 652735 427702    0.00017   55   45    0.00000    0.03344      -  24.4  140s
 677864 443755     cutoff   64         0.00000    0.03334      -  24.4  145s
 703115 460363    0.01114   35   56    0.00000    0.03328      -  24.4  150s
 728242 476084    0.02544   37   51    0.00000    0.03318      -  24.4  155s
 753629 492066     cutoff   64         0.00000    0.03307      -  24.5  160s
 779303 509169    0.00704   53   51    0.00000    0.03301      -  24.5  165s
 804856 525442    0.00069   58   51    0.00000    0.03292      -  24.5  170s
 830264 541744    0.02130   35   51    0.00000    0.03285      -  24.5  175s
 856579 558660    0.00733   42   52    0.00000    0.03277      -  24.5  180s
 880002 574016    0.01549   44   51    0.00000    0.03273      -  24.5  185s
 904824 590558    0.02530   35   52    0.00000    0.03268      -  24.5  190s
 917210 598302    0.02749   34   51    0.00000    0.03265      -  24.5  195s
H917222 399629                       0.0002422    0.03265      -  24.5  197s
H917939 376181                       0.0003930    0.03264  8205%  24.5  197s
H919066 212330                       0.0051810    0.03264   530%  24.5  199s
H920349 210612                       0.0053239    0.03263   513%  24.5  199s
H920357 209651                       0.0053870    0.03263   506%  24.5  199s
 920358 209818     cutoff   46         0.00539    0.03263   506%  24.5  200s
H921671 208427                       0.0054995    0.03262   493%  24.5  200s
H921672 204468                       0.0057630    0.03262   466%  24.5  200s
H921676 204160                       0.0057835    0.03262   464%  24.5  200s
H933825 209022                       0.0057835    0.03254   463%  24.5  202s
 943504 213210    0.01043   40   50    0.00578    0.03248   462%  24.6  205s
 964777 221517     cutoff   52         0.00578    0.03232   459%  24.6  210s
 987639 230697    0.00667   46   50    0.00578    0.03219   457%  24.7  215s
H1005647 200423                       0.0083859    0.03208   283%  24.7  218s
H1005821 200510                       0.0083859    0.03208   283%  24.7  219s
 1009676 201757    0.01533   35   51    0.00839    0.03205   282%  24.7  220s
 1033628 209432     cutoff   44         0.00839    0.03189   280%  24.7  225s
 1056742 217200    0.01536   48   50    0.00839    0.03175   279%  24.8  230s
 1081131 225169    0.02849   33   53    0.00839    0.03161   277%  24.8  235s
 1104331 232606    0.01381   40   50    0.00839    0.03148   275%  24.8  240s
 1127162 239947    0.02021   33   56    0.00839    0.03136   274%  24.9  245s
 1149797 247414    0.01953   34   53    0.00839    0.03124   272%  24.9  250s
 1170252 253872     cutoff   44         0.00839    0.03114   271%  24.9  255s
 1191924 260839     cutoff   46         0.00839    0.03102   270%  25.0  260s
 1212453 267371     cutoff   41         0.00839    0.03093   269%  25.0  265s
 1235505 274627    0.01697   33   57    0.00839    0.03081   267%  25.0  270s
 1258524 281529     cutoff   33         0.00839    0.03070   266%  25.1  275s
 1278322 287651    0.02314   38   52    0.00839    0.03060   265%  25.1  280s
 1300087 294150    0.02197   34   44    0.00839    0.03049   264%  25.1  285s
 1318478 299607    0.01680   41   52    0.00839    0.03040   262%  25.1  290s
 1340555 306346    0.02256   36   44    0.00839    0.03030   261%  25.2  295s
 1362263 312727    0.02394   35   57    0.00839    0.03021   260%  25.2  300s
H1366102 304975                       0.0089145    0.03019   239%  25.2  300s
H1366230 305114                       0.0089145    0.03019   239%  25.2  300s
 1383524 309619     cutoff   48         0.00891    0.03011   238%  25.2  305s
 1404993 315413     cutoff   39         0.00891    0.03002   237%  25.3  310s
H1425058 320670                       0.0089145    0.02994   236%  25.3  314s
H1425615 320915                       0.0089145    0.02993   236%  25.3  314s
 1426106 321086    0.01168   36   49    0.00891    0.02993   236%  25.3  315s
 1445953 326682    0.01734   40   52    0.00891    0.02984   235%  25.3  320s
 1467689 332618    0.01816   33   56    0.00891    0.02975   234%  25.3  325s
 1490330 338720    0.00980   40   51    0.00891    0.02965   233%  25.4  330s
 1513476 344866     cutoff   44         0.00891    0.02955   232%  25.4  335s
H1533053 350050                       0.0089145    0.02948   231%  25.4  339s
 1534199 350329     cutoff   38         0.00891    0.02948   231%  25.4  340s
 1555345 355862     cutoff   48         0.00891    0.02940   230%  25.4  345s
 1577142 361450    0.02269   41   50    0.00891    0.02932   229%  25.5  350s
 1599916 367186     cutoff   38         0.00891    0.02924   228%  25.5  355s
 1617324 371817     cutoff   45         0.00891    0.02917   227%  25.5  360s

Cutting planes:
  Gomory: 9
  Lift-and-project: 8
  Implied bound: 32
  MIR: 6
  Mixing: 1
  Flow cover: 26
  Inf proof: 17
  RLT: 60
  Relax-and-lift: 8
  BQP: 21

Explored 1617519 nodes (41247746 simplex iterations) in 360.00 seconds (479.93 work units)
Thread count was 4 (of 4 available processors)

Solution count 10: 0.00891454 0.0089145 0.00838589 ... 0.00039305

Time limit reached
Best objective 8.914537215077e-03, best bound 2.917443966792e-02, gap 227.2681%
{"verdict": "UNRESOLVED", "status": "TIME_LIMIT", "runtime": 360.00191712379456, "objval": 0.008914537215076616, "objbound": 0.029174439667916698, "binaries": 46}
