Set parameter NodefileStart to value 6
Read parameters from file gurobi.env
Restricted license - for non-production use only - expires 2027-11-29
Set parameter OutputFlag to value 1
Set parameter Threads to value 4
Set parameter TimeLimit to value 360
Set parameter MIPGap to value 5e-05
Set parameter MIPFocus to value 2
Set parameter NonConvex to value 2
Set parameter BestBdStop to value 2.7426211734693878e-02
Gurobi Optimizer version 13.0.3 build v13.0.3rc0 (linux64 - "Ubuntu 24.04.5 LTS")

CPU model: Intel(R) Xeon(R) 6973P-C, instruction set [SSE2|AVX|AVX2|AVX512]
Thread count: 2 physical cores, 4 logical processors, using up to 4 threads

Non-default parameters:
TimeLimit  360
BestBdStop  2.7426211734693878e-02
MIPGap  5e-05
MIPFocus  2
NodefileStart  6
NonConvex  2
Threads  4

Optimize a model with 153 rows, 123 columns and 897 nonzeros (Max)
Model fingerprint: 0xcd793a64
Model has 1 linear objective coefficients
Model has 50 quadratic constraints
Variable types: 65 continuous, 58 integer (58 binary)
Coefficient statistics:
  Matrix range     [5e-01, 1e+00]
  QMatrix range    [1e+00, 1e+00]
  QLMatrix range   [1e+00, 1e+00]
  Objective range  [1e+00, 1e+00]
  Bounds range     [5e-01, 1e+00]
  RHS range        [1e+00, 1e+00]

Found heuristic solution: objective -0.0000000
Presolve time: 0.00s
Presolved: 353 rows, 124 columns, 1297 nonzeros
Presolved model has 50 bilinear constraint(s)

Solving non-convex MIQCP to global optimality

Variable types: 66 continuous, 58 integer (58 binary)
Root relaxation presolve removed 82 rows and 17 columns
Root relaxation presolved: 271 rows, 107 columns, 1059 nonzeros


Root relaxation: objective 9.375000e-02, 102 iterations, 0.00 seconds (0.00 work units)

    Nodes    |    Current Node    |     Objective Bounds      |     Work
 Expl Unexpl |  Obj  Depth IntInf | Incumbent    BestBd   Gap | It/Node Time

     0     0    0.09375    0   51   -0.00000    0.09375      -     -    0s
     0     0    0.04545    0   53   -0.00000    0.04545      -     -    0s
     0     0    0.04545    0   52   -0.00000    0.04545      -     -    0s
     0     0    0.04545    0   52   -0.00000    0.04545      -     -    0s
     0     0    0.04167    0   48   -0.00000    0.04167      -     -    0s
     0     0    0.04167    0   51   -0.00000    0.04167      -     -    0s
     0     0    0.04167    0   50   -0.00000    0.04167      -     -    0s
     0     0    0.04167    0   50   -0.00000    0.04167      -     -    0s
     0     0    0.04167    0   51   -0.00000    0.04167      -     -    0s
     0     0    0.04167    0   51   -0.00000    0.04167      -     -    0s
     0     0    0.04167    0   51   -0.00000    0.04167      -     -    0s
     0     0    0.04167    0   51   -0.00000    0.04167      -     -    0s
     0     2    0.04167    0   51   -0.00000    0.04167      -     -    0s
*  953   692              63       0.0000000    0.03319      -  29.1    0s
* 1023   764              65       0.0000000    0.03319      -  29.7    0s
H 1052   762                       0.0000001    0.03319      -  29.3    0s
H 1271   841                       0.0000003    0.03319      -  30.1    0s

Cutting planes:
  Gomory: 4
  RLT: 22
  BQP: 2

Explored 1350 nodes (41603 simplex iterations) in 1.15 seconds (0.74 work units)
Thread count was 4 (of 4 available processors)

Solution count 3: 3.43228e-07 3.49757e-08 -0 

Optimization achieved user objective limit
Best objective 3.432278037149e-07, best bound 2.702826391676e-02, gap -
{"verdict": "PROVED", "status": "BOUND_REACHED", "runtime": 1.1463229656219482, "objval": 3.4322780371489523e-07, "objbound": 0.027028263916762895, "binaries": 58}
