Set parameter NodefileStart to value 6
Read parameters from file gurobi.env
Restricted license - for non-production use only - expires 2027-11-29
Set parameter OutputFlag to value 1
Set parameter Threads to value 4
Set parameter TimeLimit to value 360
Set parameter MIPGap to value 5e-05
Set parameter MIPFocus to value 2
Set parameter NonConvex to value 2
Set parameter BestBdStop to value 2.7426211734693878e-02
Gurobi Optimizer version 13.0.3 build v13.0.3rc0 (linux64 - "Ubuntu 24.04.5 LTS")

CPU model: AMD EPYC 9V45 96-Core Processor, instruction set [SSE2|AVX|AVX2|AVX512]
Thread count: 2 physical cores, 4 logical processors, using up to 4 threads

Non-default parameters:
TimeLimit  360
BestBdStop  2.7426211734693878e-02
MIPGap  5e-05
MIPFocus  2
NodefileStart  6
NonConvex  2
Threads  4

Optimize a model with 141 rows, 111 columns and 810 nonzeros (Max)
Model fingerprint: 0x4b9540a2
Model has 1 linear objective coefficients
Model has 50 quadratic constraints
Variable types: 65 continuous, 46 integer (46 binary)
Coefficient statistics:
  Matrix range     [5e-01, 1e+00]
  QMatrix range    [1e+00, 1e+00]
  QLMatrix range   [1e+00, 1e+00]
  Objective range  [1e+00, 1e+00]
  Bounds range     [5e-01, 1e+00]
  RHS range        [1e+00, 1e+00]

Found heuristic solution: objective -0.0000000
Presolve time: 0.00s
Presolved: 341 rows, 112 columns, 1210 nonzeros
Presolved model has 50 bilinear constraint(s)

Solving non-convex MIQCP to global optimality

Variable types: 66 continuous, 46 integer (46 binary)
Root relaxation presolve removed 50 rows and 1 columns
Root relaxation presolved: 291 rows, 111 columns, 1160 nonzeros


Root relaxation: objective 8.333333e-02, 135 iterations, 0.00 seconds (0.00 work units)

    Nodes    |    Current Node    |     Objective Bounds      |     Work
 Expl Unexpl |  Obj  Depth IntInf | Incumbent    BestBd   Gap | It/Node Time

     0     0    0.08333    0   46   -0.00000    0.08333      -     -    0s
H    0     0                       0.0000000    0.08333      -     -    0s
     0     0    0.08333    0   50    0.00000    0.08333      -     -    0s
     0     0    0.08333    0   60    0.00000    0.08333      -     -    0s
H    0     0                       0.0000000    0.08333      -     -    0s
     0     0    0.08333    0   58    0.00000    0.08333      -     -    0s
     0     0    0.08333    0   50    0.00000    0.08333      -     -    0s
     0     0    0.08333    0   50    0.00000    0.08333      -     -    0s
     0     0    0.08333    0   38    0.00000    0.08333      -     -    0s
     0     0    0.08333    0   38    0.00000    0.08333      -     -    0s
     0     2    0.08333    0   38    0.00000    0.08333      -     -    0s
H  111   132                       0.0000000    0.06745      -  22.0    0s
*  667   566              97       0.0000001    0.06745      -  20.3    0s
H 1153   998                       0.0000002    0.06745      -  25.5    0s
H 1172   998                       0.0000004    0.06745      -  25.7    0s
H 1437  1115                       0.0000004    0.06745      -  28.4    0s
H 1979  1361                       0.0000004    0.06745      -  29.3    0s
* 2501  1605             126       0.0000005    0.06745      -  30.0    1s
H 3644  2188                       0.0000006    0.06745      -  30.0    1s
* 6163  3984              76       0.0000008    0.05997      -  27.9    2s
 25204 16688    0.03683   30   46    0.00000    0.05099      -  27.7    5s
 57576 37680    0.00034   34   43    0.00000    0.04624      -  26.9   10s
*59918 38809             118       0.0000008    0.04613      -  26.7   10s
 88728 57417    0.00000   91   29    0.00000    0.04458      -  26.5   15s
 126682 81481    0.03033   34   52    0.00000    0.04275      -  26.2   20s
 164562 106562    0.00617   47   51    0.00000    0.04154      -  25.9   25s
 180536 116408    0.01046   39   40    0.00000    0.04105      -  25.8   30s
 210398 134673    0.00008   66   50    0.00000    0.04015      -  25.6   35s
H220335 140785                       0.0000009    0.03993      -  25.6   36s
 247991 158443    0.01232   32   51    0.00000    0.03945      -  25.4   40s
 286711 181991    0.00972   39   50    0.00000    0.03880      -  25.2   45s
 324464 205566    0.00002   58   45    0.00000    0.03818      -  25.2   50s
 363618 229307    0.00363   50   52    0.00000    0.03769      -  25.0   55s
 404033 254732    0.02760   34   57    0.00000    0.03725      -  24.9   60s
 445209 280107    0.00154   43   45    0.00000    0.03681      -  24.8   65s
 484040 304740     cutoff   51         0.00000    0.03643      -  24.8   70s
 524047 329486    0.00202   48   49    0.00000    0.03610      -  24.7   75s
 563129 354251     cutoff   41         0.00000    0.03579      -  24.7   80s
 604000 379974     cutoff   94         0.00000    0.03554      -  24.7   85s
*611792 384259             112       0.0000009    0.03549      -  24.7   86s
 643787 404340    0.00047   66   50    0.00000    0.03527      -  24.6   90s
 685245 429833    0.00019   54   51    0.00000    0.03502      -  24.5   95s
 725183 454640    0.00024   53   50    0.00000    0.03479      -  24.5  100s
 765270 480163    0.00130   55   51    0.00000    0.03463      -  24.4  105s
 768865 482382     cutoff   60         0.00000    0.03462      -  24.4  110s
 802916 503560    0.02746   28   52    0.00000    0.03443      -  24.3  115s
 842431 527531    0.00885   34   50    0.00000    0.03422      -  24.3  120s
 876248 547143     cutoff   33         0.00000    0.03406      -  24.3  125s
 902406 563664    0.00046   40   44    0.00000    0.03395      -  24.3  130s
 942688 589858    0.01163   44   53    0.00000    0.03383      -  24.2  135s
 980945 613439    0.00391   50   50    0.00000    0.03369      -  24.2  140s
 1018782 636580     cutoff   78         0.00000    0.03356      -  24.2  145s
 1055626 659471    0.01373   36   43    0.00000    0.03342      -  24.1  150s
H1071019 668067                       0.0000009    0.03336      -  24.1  151s
 1094622 682848     cutoff   43         0.00000    0.03329      -  24.1  155s
 1135581 707256     cutoff   55         0.00000    0.03315      -  24.1  160s
 1176868 733042    0.00283   39   52    0.00000    0.03302      -  24.0  165s
 1217091 758709     cutoff   41         0.00000    0.03292      -  24.0  170s
 1258425 783000    0.00053   48   43    0.00000    0.03277      -  24.0  175s
 1299701 808072    0.01203   41   52    0.00000    0.03264      -  24.0  180s
 1341895 833982    0.01285   33   52    0.00000    0.03252      -  23.9  185s
 1379993 857547    0.02546   40   55    0.00000    0.03241      -  23.9  190s
 1421002 883168    0.00008   86   40    0.00000    0.03229      -  23.9  195s
 1462103 908166    0.00155   49   50    0.00000    0.03218      -  23.9  200s
 1501165 932314    0.00050   39   36    0.00000    0.03210      -  23.9  205s
 1541834 956900    0.00001  103   39    0.00000    0.03199      -  23.8  210s
 1579960 979309    0.01060   45   51    0.00000    0.03190      -  23.8  215s
 1617850 1001904    0.00107   49   50    0.00000    0.03182      -  23.8  220s
 1658606 1026308    0.00413   44   44    0.00000    0.03172      -  23.7  225s
 1698895 1051976    0.01234   39   51    0.00000    0.03164      -  23.7  230s
 1740895 1077211     cutoff   63         0.00000    0.03154      -  23.7  235s
 1779721 1100850    0.00136   36   42    0.00000    0.03147      -  23.7  240s
 1819990 1125994     cutoff   50         0.00000    0.03139      -  23.6  245s
 1860159 1150153    0.00000   56   39    0.00000    0.03130      -  23.6  250s
 1900416 1173631     cutoff   58         0.00000    0.03121      -  23.6  255s
 1938795 1195812    0.00470   44   50    0.00000    0.03113      -  23.6  260s
 1981075 1222515    0.02286   35   52    0.00000    0.03107      -  23.6  265s
 2022708 1247559    0.00070   42   25    0.00000    0.03098      -  23.6  270s
 2060931 1271037    0.01804   30   51    0.00000    0.03091      -  23.5  275s
 2099314 1294254    0.00319   52   50    0.00000    0.03084      -  23.5  280s
 2137691 1317043    0.00011   78   49    0.00000    0.03076      -  23.5  285s
 2174082 1339167    0.00953   37   51    0.00000    0.03070      -  23.5  290s
 2214606 1364116    0.00121   60   47    0.00000    0.03063      -  23.5  295s
 2254150 1387428     cutoff   74         0.00000    0.03056      -  23.5  300s
 2292994 1411595    0.00507   38   50    0.00000    0.03050      -  23.5  305s
 2333016 1435668    0.03041   33   54    0.00000    0.03043      -  23.5  310s
*2339724 1438778             100       0.0000009    0.03041      -  23.5  311s
 2368920 1456463     cutoff   44         0.00000    0.03037      -  23.5  315s
 2408348 1479779    0.01440   46   55    0.00000    0.03030      -  23.5  320s
 2445174 1502408    0.00000   97   41    0.00000    0.03025      -  23.4  325s
 2484788 1526817    0.01002   43   51    0.00000    0.03019      -  23.4  330s
 2521691 1550424    0.02455   40   51    0.00000    0.03014      -  23.4  335s
 2558157 1571930    0.00000   70   30    0.00000    0.03008      -  23.4  340s
 2598426 1595436    0.02355   35   53    0.00000    0.03002      -  23.4  345s
 2636638 1618398    0.02913   33   56    0.00000    0.02996      -  23.4  350s
 2676629 1641235    0.00631   45   51    0.00000    0.02990      -  23.4  355s
 2705356 1658439    0.00659   38   52    0.00000    0.02986      -  23.4  360s

Cutting planes:
  Gomory: 11
  Implied bound: 21
  MIR: 7
  Mixing: 1
  Flow cover: 55
  Inf proof: 5
  RLT: 73
  Relax-and-lift: 11
  BQP: 24

Explored 2705421 nodes (63236514 simplex iterations) in 360.00 seconds (592.24 work units)
Thread count was 4 (of 4 available processors)

Solution count 10: 9.27679e-07 9.13272e-07 8.60935e-07 ... 3.5332e-07

Time limit reached
Best objective 9.276793673656e-07, best bound 2.986095904904e-02, gap -
{"verdict": "UNRESOLVED", "status": "TIME_LIMIT", "runtime": 360.0017590522766, "objval": 9.276793673655689e-07, "objbound": 0.029860959049040927, "binaries": 46}
