Set parameter NodefileStart to value 6
Read parameters from file gurobi.env
Restricted license - for non-production use only - expires 2027-11-29
Set parameter OutputFlag to value 1
Set parameter Threads to value 4
Set parameter TimeLimit to value 360
Set parameter MIPGap to value 5e-05
Set parameter MIPFocus to value 2
Set parameter NonConvex to value 2
Set parameter BestBdStop to value 2.7426211734693878e-02
Gurobi Optimizer version 13.0.3 build v13.0.3rc0 (linux64 - "Ubuntu 24.04.5 LTS")

CPU model: AMD EPYC 7763 64-Core Processor, instruction set [SSE2|AVX|AVX2]
Thread count: 2 physical cores, 4 logical processors, using up to 4 threads

Non-default parameters:
TimeLimit  360
BestBdStop  2.7426211734693878e-02
MIPGap  5e-05
MIPFocus  2
NodefileStart  6
NonConvex  2
Threads  4

Optimize a model with 133 rows, 103 columns and 742 nonzeros (Max)
Model fingerprint: 0x9c6642cd
Model has 1 linear objective coefficients
Model has 50 quadratic constraints
Variable types: 65 continuous, 38 integer (38 binary)
Coefficient statistics:
  Matrix range     [5e-01, 1e+00]
  QMatrix range    [1e+00, 1e+00]
  QLMatrix range   [1e+00, 1e+00]
  Objective range  [1e+00, 1e+00]
  Bounds range     [5e-01, 1e+00]
  RHS range        [1e+00, 1e+00]

Found heuristic solution: objective -0.0000000
Presolve time: 0.00s
Presolved: 333 rows, 104 columns, 1142 nonzeros
Presolved model has 50 bilinear constraint(s)

Solving non-convex MIQCP to global optimality

Variable types: 66 continuous, 38 integer (38 binary)
Root relaxation presolve removed 50 rows and 1 columns
Root relaxation presolved: 283 rows, 103 columns, 1092 nonzeros


Root relaxation: objective 1.250000e-01, 136 iterations, 0.00 seconds (0.00 work units)

    Nodes    |    Current Node    |     Objective Bounds      |     Work
 Expl Unexpl |  Obj  Depth IntInf | Incumbent    BestBd   Gap | It/Node Time

     0     0    0.12500    0   60   -0.00000    0.12500      -     -    0s
     0     0    0.10000    0   68   -0.00000    0.10000      -     -    0s
     0     0    0.08491    0   54   -0.00000    0.08491      -     -    0s
     0     0    0.08333    0   54   -0.00000    0.08333      -     -    0s
     0     0    0.08333    0   47   -0.00000    0.08333      -     -    0s
     0     0    0.08333    0   51   -0.00000    0.08333      -     -    0s
     0     0    0.08333    0   50   -0.00000    0.08333      -     -    0s
     0     0    0.08333    0   57   -0.00000    0.08333      -     -    0s
     0     0    0.08333    0   48   -0.00000    0.08333      -     -    0s
     0     0    0.08333    0   45   -0.00000    0.08333      -     -    0s
     0     0    0.08333    0   45   -0.00000    0.08333      -     -    0s
     0     0    0.08333    0   46   -0.00000    0.08333      -     -    0s
     0     0    0.08333    0   47   -0.00000    0.08333      -     -    0s
     0     0    0.08333    0   47   -0.00000    0.08333      -     -    0s
     0     2    0.08333    0   47   -0.00000    0.08333      -     -    0s
* 1698  1301              82       0.0000000    0.03758      -  29.2    2s
* 1782  1235              99       0.0000004    0.03758      -  28.0    2s
H 2815  1523                       0.0000006    0.03758      -  28.5    2s
H 2816  1479                       0.0000008    0.03758      -  28.5    2s
 12562  7271     cutoff   32         0.00000    0.03066      -  23.1    5s

Cutting planes:
  Gomory: 8
  Implied bound: 3
  MIR: 5
  Flow cover: 13
  RLT: 56
  Relax-and-lift: 2
  BQP: 5

Explored 21439 nodes (481397 simplex iterations) in 7.13 seconds (6.50 work units)
Thread count was 4 (of 4 available processors)

Solution count 5: 8.45967e-07 6.323e-07 4.46077e-07 ... -0

Optimization achieved user objective limit
Best objective 8.459670824009e-07, best bound 2.741929073707e-02, gap -
{"verdict": "PROVED", "status": "BOUND_REACHED", "runtime": 7.131155967712402, "objval": 8.459670824009459e-07, "objbound": 0.027419290737071732, "binaries": 38}
