Set parameter NodefileStart to value 6
Read parameters from file gurobi.env
Restricted license - for non-production use only - expires 2027-11-29
Set parameter OutputFlag to value 1
Set parameter Threads to value 4
Set parameter TimeLimit to value 360
Set parameter MIPGap to value 5e-05
Set parameter MIPFocus to value 2
Set parameter NonConvex to value 2
Set parameter BestBdStop to value 2.7426211734693878e-02
Gurobi Optimizer version 13.0.3 build v13.0.3rc0 (linux64 - "Ubuntu 24.04.5 LTS")

CPU model: INTEL(R) XEON(R) PLATINUM 8573C, instruction set [SSE2|AVX|AVX2|AVX512]
Thread count: 2 physical cores, 4 logical processors, using up to 4 threads

Non-default parameters:
TimeLimit  360
BestBdStop  2.7426211734693878e-02
MIPGap  5e-05
MIPFocus  2
NodefileStart  6
NonConvex  2
Threads  4

Optimize a model with 145 rows, 115 columns and 846 nonzeros (Max)
Model fingerprint: 0xdd943f9f
Model has 1 linear objective coefficients
Model has 50 quadratic constraints
Variable types: 65 continuous, 50 integer (50 binary)
Coefficient statistics:
  Matrix range     [5e-01, 1e+00]
  QMatrix range    [1e+00, 1e+00]
  QLMatrix range   [1e+00, 1e+00]
  Objective range  [1e+00, 1e+00]
  Bounds range     [5e-01, 1e+00]
  RHS range        [1e+00, 1e+00]

Found heuristic solution: objective -0.0000000
Presolve time: 0.00s
Presolved: 345 rows, 116 columns, 1246 nonzeros
Presolved model has 50 bilinear constraint(s)

Solving non-convex MIQCP to global optimality

Variable types: 66 continuous, 50 integer (50 binary)
Root relaxation presolve removed 70 rows and 11 columns
Root relaxation presolved: 275 rows, 105 columns, 1076 nonzeros


Root relaxation: objective 7.142857e-02, 89 iterations, 0.00 seconds (0.00 work units)

    Nodes    |    Current Node    |     Objective Bounds      |     Work
 Expl Unexpl |  Obj  Depth IntInf | Incumbent    BestBd   Gap | It/Node Time

     0     0    0.07143    0   53   -0.00000    0.07143      -     -    0s
     0     0    0.07143    0   67   -0.00000    0.07143      -     -    0s
     0     0    0.07143    0   69   -0.00000    0.07143      -     -    0s
     0     0    0.07143    0   49   -0.00000    0.07143      -     -    0s
     0     0    0.07143    0   44   -0.00000    0.07143      -     -    0s
     0     0    0.07143    0   44   -0.00000    0.07143      -     -    0s
     0     0    0.07143    0   44   -0.00000    0.07143      -     -    0s
     0     0    0.07143    0   44   -0.00000    0.07143      -     -    0s
     0     2    0.07143    0   44   -0.00000    0.07143      -     -    0s
*  812   702             119       0.0000001    0.06426      -  18.6    0s
H 1156   906                       0.0000002    0.06426      -  20.3    0s
H 1163   864                       0.0000538    0.06426      -  20.1    0s
H 1163   821                       0.0001879    0.06426      -  20.1    0s
H 1222   830                       0.0002538    0.06111      -  21.2    1s
H 1312   853                       0.0003246    0.06111      -  21.2    1s
H 1662  1104                       0.0022686    0.06111  2594%  19.3    1s
* 1676  1042              83       0.0047406    0.06111  1189%  19.2    1s
H 1687   978                       0.0076352    0.06111   700%  19.1    1s
* 1791   896              90       0.0078647    0.06111   677%  18.7    1s
H 2770  1170                       0.0078653    0.04636   489%  20.6    2s
H 3811  1483                       0.0082365    0.04391   433%  21.1    2s
H 4966  1868                       0.0086774    0.04225   387%  21.3    2s
* 6106  2273              68       0.0090335    0.04149   359%  21.3    3s
* 6108  2266              69       0.0091225    0.04149   355%  21.3    3s
* 6111  2264              71       0.0091362    0.04149   354%  21.3    3s
* 6113  2264              72       0.0091388    0.04149   354%  21.3    3s
H 6271  2394                       0.0091388    0.04143   353%  21.2    3s
H 6538  2364                       0.0094780    0.04135   336%  21.1    3s
H12811  4272                       0.0100446    0.03908   289%  22.0    4s
 12819  4458     cutoff   30         0.01004    0.03908   289%  22.0    5s
H25815  8309                       0.0105165    0.03627   245%  22.7    9s
H27131  8679                       0.0105430    0.03606   242%  22.7    9s
H27134  8678                       0.0105486    0.03606   242%  22.7    9s
 27135  8776    0.01974   24   41    0.01055    0.03606   242%  22.7   10s
H40879 13190                       0.0105525    0.03434   225%  22.4   13s
H41045 13190                       0.0105525    0.03434   225%  22.4   13s
 42959 14071    0.02512   28   56    0.01055    0.03413   223%  22.3   15s
H45664 14977                       0.0105643    0.03387   221%  22.3   16s
H52777 17164                       0.0105644    0.03332   215%  22.3   17s
H59273 19001                       0.0105704    0.03293   212%  22.4   19s
 60949 19482    0.02369   30   55    0.01057    0.03281   210%  22.4   20s
H67048 21333                       0.0105756    0.03244   207%  22.4   22s
H72420 22838                       0.0105756    0.03209   203%  22.3   23s
H73284 23167                       0.0105756    0.03205   203%  22.3   23s
 80191 25109    0.01125   40   52    0.01058    0.03163   199%  22.3   25s
 98063 30036    0.02392   38   28    0.01058    0.03083   192%  22.2   30s
H99074 30236                       0.0105783    0.03079   191%  22.2   30s
H99287 30357                       0.0105783    0.03078   191%  22.2   30s
H99768 30524                       0.0105783    0.03076   191%  22.2   30s
H100318 30651                       0.0105783    0.03075   191%  22.2   30s
 113590 34436    0.02846   34   52    0.01058    0.03022   186%  22.1   35s
H125152 37084                       0.0107182    0.02979   178%  22.0   37s
H125342 37183                       0.0107182    0.02978   178%  22.0   37s
 133064 39239    0.02073   29   47    0.01072    0.02953   176%  22.0   40s
H134236 39421                       0.0107182    0.02950   175%  22.0   40s
 145669 42839     cutoff   39         0.01072    0.02916   172%  22.0   45s
 167253 48377    0.01342   33   56    0.01072    0.02861   167%  21.9   50s
 185655 53504    0.01265   39   47    0.01072    0.02823   163%  21.8   55s
H194547 52772                       0.0113274    0.02806   148%  21.8   57s
H194705 52865                       0.0113275    0.02806   148%  21.8   57s
H199109 53919                       0.0113275    0.02798   147%  21.8   59s
 200965 54441     cutoff   38         0.01133    0.02794   147%  21.8   60s
 219209 58900    0.01559   23   53    0.01133    0.02765   144%  21.9   65s

Cutting planes:
  Gomory: 11
  Implied bound: 24
  MIR: 3
  Mixing: 3
  Flow cover: 37
  Inf proof: 11
  RLT: 66
  Relax-and-lift: 27
  BQP: 18

Explored 233200 nodes (5097820 simplex iterations) in 68.32 seconds (66.53 work units)
Thread count was 4 (of 4 available processors)

Solution count 10: 0.0113275 0.0107182 0.0107182 ... 0.0105525

Optimization achieved user objective limit
Best objective 1.132745356461e-02, best bound 2.742371992583e-02, gap 142.0996%
{"verdict": "PROVED", "status": "BOUND_REACHED", "runtime": 68.31881594657898, "objval": 0.011327453564613916, "objbound": 0.027423719925833773, "binaries": 50}
