Set parameter NodefileStart to value 6
Read parameters from file gurobi.env
Restricted license - for non-production use only - expires 2027-11-29
Set parameter OutputFlag to value 1
Set parameter Threads to value 4
Set parameter TimeLimit to value 360
Set parameter MIPGap to value 5e-05
Set parameter MIPFocus to value 2
Set parameter NonConvex to value 2
Set parameter BestBdStop to value 2.7426211734693878e-02
Gurobi Optimizer version 13.0.3 build v13.0.3rc0 (linux64 - "Ubuntu 24.04.5 LTS")

CPU model: AMD EPYC 7763 64-Core Processor, instruction set [SSE2|AVX|AVX2]
Thread count: 2 physical cores, 4 logical processors, using up to 4 threads

Non-default parameters:
TimeLimit  360
BestBdStop  2.7426211734693878e-02
MIPGap  5e-05
MIPFocus  2
NodefileStart  6
NonConvex  2
Threads  4

Optimize a model with 141 rows, 111 columns and 810 nonzeros (Max)
Model fingerprint: 0x61b200e6
Model has 1 linear objective coefficients
Model has 50 quadratic constraints
Variable types: 65 continuous, 46 integer (46 binary)
Coefficient statistics:
  Matrix range     [5e-01, 1e+00]
  QMatrix range    [1e+00, 1e+00]
  QLMatrix range   [1e+00, 1e+00]
  Objective range  [1e+00, 1e+00]
  Bounds range     [5e-01, 1e+00]
  RHS range        [1e+00, 1e+00]

Found heuristic solution: objective -0.0000000
Presolve time: 0.00s
Presolved: 341 rows, 112 columns, 1210 nonzeros
Presolved model has 50 bilinear constraint(s)

Solving non-convex MIQCP to global optimality

Variable types: 66 continuous, 46 integer (46 binary)
Root relaxation presolve removed 50 rows and 1 columns
Root relaxation presolved: 291 rows, 111 columns, 1160 nonzeros


Root relaxation: objective 8.333333e-02, 114 iterations, 0.00 seconds (0.00 work units)

    Nodes    |    Current Node    |     Objective Bounds      |     Work
 Expl Unexpl |  Obj  Depth IntInf | Incumbent    BestBd   Gap | It/Node Time

     0     0    0.08333    0   49   -0.00000    0.08333      -     -    0s
     0     0    0.07407    0   65   -0.00000    0.07407      -     -    0s
     0     0    0.06250    0   57   -0.00000    0.06250      -     -    0s
     0     0    0.06250    0   66   -0.00000    0.06250      -     -    0s
     0     0    0.06250    0   65   -0.00000    0.06250      -     -    0s
     0     0    0.06250    0   67   -0.00000    0.06250      -     -    0s
     0     0    0.06250    0   41   -0.00000    0.06250      -     -    0s
     0     0    0.06250    0   53   -0.00000    0.06250      -     -    0s
     0     0    0.06250    0   38   -0.00000    0.06250      -     -    0s
     0     0    0.06250    0   38   -0.00000    0.06250      -     -    0s
     0     2    0.06250    0   38   -0.00000    0.06250      -     -    0s
H  306   308                       0.0000000    0.06250      -  18.3    0s
H  341   349                       0.0000001    0.06250      -  18.7    0s
H  394   382                       0.0000002    0.06250      -  18.5    0s
H  642   623                       0.0000005    0.06250      -  17.9    0s
* 2531  1683             108       0.0000006    0.04607      -  19.9    2s
H 3666  2258                       0.0000007    0.04607      -  19.9    2s
* 4619  2909             112       0.0000008    0.04607      -  20.0    2s
* 4621  2899             111       0.0000008    0.04607      -  20.0    2s
* 4712  2984             112       0.0000010    0.04607      -  20.2    2s
H11557  8279                       0.0000010    0.04607      -  24.7    4s
 12703  9071    0.04607   26   66    0.00000    0.04607      -  25.0    5s
H25084 17265                       0.0000011    0.04482      -  24.6    8s
H27925 19401                       0.0000011    0.04450      -  25.0    9s
H28395 19823                       0.0000013    0.04445      -  25.1    9s
 29672 20855    0.00101   54   55    0.00000    0.04424      -  25.4   10s
 55279 39517    0.02565   37   51    0.00000    0.04259      -  25.2   15s
H56540 39651                       0.0000016    0.04255      -  25.2   15s
 78242 55261    0.00000   78   47    0.00000    0.04180      -  24.8   20s
 100379 71365    0.02725   37   50    0.00000    0.04139      -  24.8   25s
 126710 90317    0.00058   49   51    0.00000    0.04125      -  24.7   30s
 147400 104197    0.00175   60   37    0.00000    0.04111      -  24.8   35s
 170003 120379    0.00378   38   50    0.00000    0.04097      -  24.8   40s
 193335 136493    0.00976   33   52    0.00000    0.04076      -  25.0   45s
 215465 151882    0.02462   33   58    0.00000    0.04044      -  25.1   50s
 238067 167816    0.00067   45   37    0.00000    0.04009      -  25.3   55s
 261741 184860     cutoff   94         0.00000    0.03979      -  25.4   60s
 286666 202647    0.00549   40   53    0.00000    0.03949      -  25.3   65s
 305740 216069    0.03917   27   51    0.00000    0.03932      -  25.2   70s
 330537 233695    0.00161   47   50    0.00000    0.03917      -  25.2   75s
 355004 251574    0.03665   28   58    0.00000    0.03893      -  25.0   80s
 379102 268512     cutoff   47         0.00000    0.03875      -  25.0   85s
 404411 286215    0.01521   40   55    0.00000    0.03852      -  24.9   90s
 424171 299745    0.00002   79   45    0.00000    0.03838      -  24.8   95s
 443929 312930    0.00094   43   27    0.00000    0.03823      -  24.8  100s
 466701 329246    0.00000  109   33    0.00000    0.03813      -  24.6  105s
 491109 345784    0.00612   48   54    0.00000    0.03798      -  24.5  110s
 516103 363333     cutoff   44         0.00000    0.03788      -  24.4  115s
 541313 380383    0.00004   74   37    0.00000    0.03774      -  24.4  120s
 563637 395254    0.00007   66   50    0.00000    0.03763      -  24.3  125s
 588059 411559    0.02058   34   53    0.00000    0.03753      -  24.3  130s
 614927 429948    0.01040   43   53    0.00000    0.03740      -  24.2  135s
 637430 444773    0.00527   44   54    0.00000    0.03727      -  24.3  140s
 656229 456491     cutoff   69         0.00000    0.03716      -  24.4  145s
 678202 470261    0.00015   64   50    0.00000    0.03705      -  24.5  150s
 699805 483945    0.00000   65   35    0.00000    0.03694      -  24.6  155s
 722193 497953    0.02976   38   54    0.00000    0.03683      -  24.7  160s
 743707 511392     cutoff   42         0.00000    0.03672      -  24.8  165s
 764790 524894    0.00579   37   33    0.00000    0.03662      -  24.9  170s
 786544 538602    0.00121   52   50    0.00000    0.03652      -  25.1  175s
 802631 548820    0.00397   43   52    0.00000    0.03644      -  25.1  180s
 824380 562658     cutoff   55         0.00000    0.03635      -  25.2  185s
 847239 576068    0.01262   34   53    0.00000    0.03625      -  25.3  190s
 868651 589494     cutoff   98         0.00000    0.03616      -  25.4  195s
 889025 602843     cutoff   81         0.00000    0.03609      -  25.4  200s
 911540 616923     cutoff   60         0.00000    0.03599      -  25.5  205s
 929643 628002    0.00019   66   43    0.00000    0.03593      -  25.5  210s
 945348 637810    0.00042   55   50    0.00000    0.03587      -  25.6  215s
 964904 650030    0.01954   38   51    0.00000    0.03581      -  25.6  220s
 984445 662418    0.00544   39   52    0.00000    0.03574      -  25.7  225s
 1005012 675028    0.00375   46   50    0.00000    0.03567      -  25.7  230s
 1025715 687680    0.00228   58   50    0.00000    0.03560      -  25.8  235s
 1048777 701785     cutoff   67         0.00000    0.03552      -  25.8  240s
 1069675 714611    0.03013   38   54    0.00000    0.03546      -  25.9  245s
 1090626 727070    0.00477   49   51    0.00000    0.03538      -  25.9  250s
 1111518 739793    0.03116   35   50    0.00000    0.03530      -  26.0  255s
 1131274 752874    0.00044   70   39    0.00000    0.03526      -  26.0  260s
 1151851 765383    0.02151   43   52    0.00000    0.03519      -  26.1  265s
 1172427 777846    0.00008   57   52    0.00000    0.03512      -  26.1  270s
 1194705 791097     cutoff   64         0.00000    0.03506      -  26.2  275s
 1214852 802522    0.00000   58   18    0.00000    0.03499      -  26.2  280s
 1234357 814527     cutoff   75         0.00000    0.03493      -  26.3  285s
 1255189 826622    0.00009   79   43    0.00000    0.03486      -  26.4  290s
 1274286 838488     cutoff   34         0.00000    0.03481      -  26.4  295s
 1294643 850368    0.00001   59   44    0.00000    0.03475      -  26.5  300s
 1313337 861627    0.00001   74   36    0.00000    0.03469      -  26.5  305s
 1333492 873763    0.00004   80   26    0.00000    0.03464      -  26.6  310s
 1353321 884990    0.00000   93   39    0.00000    0.03458      -  26.7  315s
 1373094 896265    0.00814   33   53    0.00000    0.03451      -  26.7  320s
 1392701 907013    0.00066   51   31    0.00000    0.03444      -  26.8  325s
 1412047 918765    0.00924   35   50    0.00000    0.03439      -  26.8  330s
 1426426 927321    0.00000   67   38    0.00000    0.03434      -  26.9  335s
 1446330 938389    0.00001   84   44    0.00000    0.03428      -  26.9  340s
 1464174 949151    0.00000   62   41    0.00000    0.03423      -  27.0  345s
 1484064 961628    0.01399   43   50    0.00000    0.03418      -  27.1  350s
 1503527 973317    0.00245   51   50    0.00000    0.03413      -  27.1  355s
 1524998 986154    0.00069   43   53    0.00000    0.03407      -  27.2  360s

Cutting planes:
  Gomory: 7
  Implied bound: 4
  MIR: 4
  Flow cover: 26
  RLT: 101
  Relax-and-lift: 6
  BQP: 25

Explored 1525252 nodes (41429737 simplex iterations) in 360.00 seconds (358.75 work units)
Thread count was 4 (of 4 available processors)

Solution count 10: 1.63648e-06 1.26903e-06 1.07575e-06 ... 4.91127e-07

Time limit reached
Best objective 1.636483157503e-06, best bound 3.406982994990e-02, gap 2081793.1007%
{"verdict": "UNRESOLVED", "status": "TIME_LIMIT", "runtime": 360.0026249885559, "objval": 1.6364831575032398e-06, "objbound": 0.034069829949897074, "binaries": 46}
