Set parameter NodefileStart to value 6
Read parameters from file gurobi.env
Restricted license - for non-production use only - expires 2027-11-29
Set parameter OutputFlag to value 1
Set parameter Threads to value 4
Set parameter TimeLimit to value 360
Set parameter MIPGap to value 5e-05
Set parameter MIPFocus to value 2
Set parameter NonConvex to value 2
Set parameter BestBdStop to value 2.7426211734693878e-02
Gurobi Optimizer version 13.0.3 build v13.0.3rc0 (linux64 - "Ubuntu 24.04.5 LTS")

CPU model: Intel(R) Xeon(R) Platinum 8370C CPU @ 2.80GHz, instruction set [SSE2|AVX|AVX2|AVX512]
Thread count: 2 physical cores, 4 logical processors, using up to 4 threads

Non-default parameters:
TimeLimit  360
BestBdStop  2.7426211734693878e-02
MIPGap  5e-05
MIPFocus  2
NodefileStart  6
NonConvex  2
Threads  4

Optimize a model with 149 rows, 119 columns and 871 nonzeros (Max)
Model fingerprint: 0x7a12357b
Model has 1 linear objective coefficients
Model has 50 quadratic constraints
Variable types: 65 continuous, 54 integer (54 binary)
Coefficient statistics:
  Matrix range     [5e-01, 1e+00]
  QMatrix range    [1e+00, 1e+00]
  QLMatrix range   [1e+00, 1e+00]
  Objective range  [1e+00, 1e+00]
  Bounds range     [5e-01, 1e+00]
  RHS range        [1e+00, 1e+00]

Found heuristic solution: objective -0.0000000
Presolve time: 0.00s
Presolved: 349 rows, 120 columns, 1271 nonzeros
Presolved model has 50 bilinear constraint(s)

Solving non-convex MIQCP to global optimality

Variable types: 66 continuous, 54 integer (54 binary)
Root relaxation presolve removed 72 rows and 12 columns
Root relaxation presolved: 277 rows, 108 columns, 1089 nonzeros


Root relaxation: objective 1.000000e-01, 88 iterations, 0.00 seconds (0.00 work units)

    Nodes    |    Current Node    |     Objective Bounds      |     Work
 Expl Unexpl |  Obj  Depth IntInf | Incumbent    BestBd   Gap | It/Node Time

     0     0    0.10000    0   44   -0.00000    0.10000      -     -    0s
     0     0    0.08333    0   66   -0.00000    0.08333      -     -    0s
     0     0    0.08333    0   58   -0.00000    0.08333      -     -    0s
     0     0    0.08333    0   54   -0.00000    0.08333      -     -    0s
H    0     0                       0.0000002    0.08333      -     -    0s
     0     0    0.08333    0   47    0.00000    0.08333      -     -    0s
     0     0    0.08333    0   66    0.00000    0.08333      -     -    0s
     0     0    0.08333    0   47    0.00000    0.08333      -     -    0s
     0     0    0.08333    0   66    0.00000    0.08333      -     -    0s
     0     0    0.08333    0   51    0.00000    0.08333      -     -    0s
     0     0    0.08333    0   52    0.00000    0.08333      -     -    0s
     0     0    0.08333    0   48    0.00000    0.08333      -     -    0s
     0     0    0.08333    0   48    0.00000    0.08333      -     -    0s
H    0     0                       0.0036407    0.08333  2189%     -    0s
H    0     0                       0.0037158    0.08333  2143%     -    0s
H    0     0                       0.0038769    0.08333  2049%     -    0s
     0     2    0.08292    0   48    0.00388    0.08292  2039%     -    0s
H 1747  1325                       0.0130602    0.07640   485%  25.0    2s
H 2687  1607                       0.0146679    0.06984   376%  25.0    2s
H 3264  1559                       0.0154960    0.06568   324%  25.4    3s
H 3374  1511                       0.0168028    0.06554   290%  25.8    4s
H 3456  1467                       0.0170223    0.06528   284%  25.9    4s
H 4471  1709                       0.0188376    0.06163   227%  27.4    4s
H 4595  1726                       0.0189888    0.06156   224%  27.5    4s
  4618  1786    0.02502   28   53    0.01899    0.06156   224%  27.5    5s
H 5635  2032                       0.0190528    0.05965   213%  28.3    5s
H 5637  1904                       0.0198207    0.05965   201%  28.4    5s
H 6682  2176                       0.0199646    0.05767   189%  29.5    5s
H 6685  2163                       0.0201362    0.05767   186%  29.6    5s
H 9002  2765                       0.0202203    0.05517   173%  31.2    6s
H11844  3472                       0.0203339    0.05325   162%  31.3    8s
H14464  3999                       0.0205592    0.05134   150%  32.2    9s
H14466  3988                       0.0207034    0.05134   148%  32.2    9s
H14470  4081                       0.0207735    0.05130   147%  32.2    9s
 16288  4490    0.03880   27   54    0.02077    0.05036   142%  32.7   10s
H20298  5051                       0.0207889    0.04867   134%  33.6   12s
 28947  6875    0.02571   25   45    0.02079    0.04531   118%  34.4   15s
 38890  8811     cutoff   42         0.02079    0.04334   108%  34.3   20s
 55636 11966     cutoff   27         0.02079    0.04130  98.7%  34.3   25s
H66141 13774                       0.0207889    0.04049  94.8%  34.3   28s
H67487 13940                       0.0208395    0.04035  93.6%  34.2   28s
 68275 14108     cutoff   29         0.02084    0.04028  93.3%  34.2   30s
H68733 14070                       0.0209355    0.04023  92.2%  34.2   30s
H82224 16203                       0.0209435    0.03918  87.1%  33.9   34s
H82259 16203                       0.0209441    0.03918  87.0%  33.9   34s
 84548 16753    0.02551   33   54    0.02094    0.03910  86.7%  33.8   35s
 97478 19073    0.02551   33   59    0.02094    0.03831  82.9%  33.5   40s
 116931 21967     cutoff   36         0.02094    0.03731  78.1%  33.0   45s
 132532 24363    0.02923   30   58    0.02094    0.03671  75.3%  32.7   50s
 148874 27018     cutoff   37         0.02094    0.03619  72.8%  32.3   55s
 159757 28710    0.02800   40   37    0.02094    0.03586  71.2%  32.1   60s
 179885 32251    0.02302   47   42    0.02094    0.03544  69.2%  31.6   65s
 197712 35415    0.02698   37   50    0.02094    0.03509  67.5%  31.2   70s
H198089 35300                       0.0210256    0.03509  66.9%  31.2   70s
H198200 35523                       0.0210256    0.03508  66.8%  31.2   70s
 209811 37471     cutoff   33         0.02103    0.03487  65.8%  30.9   75s
 226785 40507     cutoff   31         0.02103    0.03461  64.6%  30.6   80s
 243254 43465    0.03388   25   54    0.02103    0.03436  63.4%  30.4   85s
 258376 46087    0.02672   31   58    0.02103    0.03413  62.3%  30.2   90s
 277451 49026     cutoff   31         0.02103    0.03386  61.0%  30.0   95s
 293938 51128    0.02288   32   46    0.02103    0.03365  60.1%  29.9  100s
 308087 53124    0.02309   32   45    0.02103    0.03345  59.1%  29.8  105s
 325674 55379     cutoff   33         0.02103    0.03322  58.0%  29.7  110s
 343017 57811    0.02520   26   46    0.02103    0.03304  57.2%  29.6  115s
 359614 59943    0.02932   40   44    0.02103    0.03287  56.3%  29.4  120s
 377601 62127    0.03248   40   52    0.02103    0.03268  55.4%  29.3  125s
H386707 62084                       0.0212419    0.03260  53.4%  29.3  127s
H386714 62074                       0.0212419    0.03260  53.4%  29.3  127s
H386716 62074                       0.0212419    0.03260  53.4%  29.3  127s
 391107 62648     cutoff   34         0.02124    0.03255  53.2%  29.3  130s
 408430 64455    0.03235   33   47    0.02124    0.03239  52.5%  29.2  135s
 426525 66409     cutoff   38         0.02124    0.03220  51.6%  29.1  140s
 442429 68034    0.02155   38   44    0.02124    0.03206  50.9%  29.0  145s
 459324 69679     cutoff   35         0.02124    0.03193  50.3%  29.0  150s
 476737 71324    0.02933   38   24    0.02124    0.03179  49.6%  28.9  156s
 486571 72317    0.03066   33   47    0.02124    0.03171  49.3%  28.9  160s
H501155 70155                       0.0217622    0.03159  45.2%  28.8  164s
H501325 70195                       0.0217622    0.03159  45.2%  28.8  164s
H501917 70241                       0.0217622    0.03159  45.2%  28.8  164s
 502974 70300     cutoff   32         0.02176    0.03158  45.1%  28.8  165s
 517532 71823     cutoff   36         0.02176    0.03147  44.6%  28.7  170s
 539096 73494     cutoff   38         0.02176    0.03133  43.9%  28.6  175s
 556750 74752     cutoff   31         0.02176    0.03120  43.4%  28.6  180s
 574020 75805    0.02437   31   46    0.02176    0.03108  42.8%  28.5  185s
 590246 76924     cutoff   37         0.02176    0.03096  42.3%  28.4  190s
 608250 78196    0.02416   37   52    0.02176    0.03084  41.7%  28.4  195s
 625641 79347     cutoff   38         0.02176    0.03072  41.2%  28.3  200s
 640468 80296     cutoff   38         0.02176    0.03063  40.7%  28.3  205s
 658803 81140    0.02801   35   41    0.02176    0.03051  40.2%  28.2  210s
 673051 82044    0.02664   44   37    0.02176    0.03042  39.8%  28.2  215s
 690350 83059     cutoff   41         0.02176    0.03032  39.3%  28.1  220s
 708124 84095     cutoff   37         0.02176    0.03020  38.8%  28.0  225s
 725851 84993     cutoff   37         0.02176    0.03009  38.3%  28.0  230s
 744544 85839     cutoff   33         0.02176    0.02999  37.8%  27.9  235s
 759166 86512    0.02715   35   50    0.02176    0.02990  37.4%  27.9  240s
 777724 87201     cutoff   45         0.02176    0.02978  36.8%  27.8  245s
 795178 87783    0.02241   43   53    0.02176    0.02968  36.4%  27.8  250s
 810931 88645     cutoff   31         0.02176    0.02959  36.0%  27.7  255s
 827053 89540 infeasible   37         0.02176    0.02949  35.5%  27.6  260s
 845129 90436    0.02750   38   46    0.02176    0.02939  35.1%  27.6  265s
 863126 91184    0.02353   46   50    0.02176    0.02929  34.6%  27.5  270s
 881736 92115     cutoff   33         0.02176    0.02919  34.1%  27.4  275s
 898786 92646     cutoff   40         0.02176    0.02910  33.7%  27.4  280s
 917002 93191    0.02281   33   38    0.02176    0.02901  33.3%  27.3  285s
 932347 93634    0.02559   36   49    0.02176    0.02892  32.9%  27.3  290s
 951169 94188     cutoff   41         0.02176    0.02883  32.5%  27.2  295s
H960828 90972                       0.0220824    0.02878  30.3%  27.2  297s
H960887 90976                       0.0220824    0.02878  30.3%  27.2  297s
 965297 91182     cutoff   39         0.02208    0.02875  30.2%  27.2  300s
 983139 91396    0.02782   39   56    0.02208    0.02866  29.8%  27.1  305s
 1001215 91723     cutoff   31         0.02208    0.02856  29.3%  27.1  310s
 1019774 91861     cutoff   34         0.02208    0.02847  28.9%  27.0  315s
 1036813 91948    0.02528   31   54    0.02208    0.02839  28.5%  27.0  320s
 1054535 92152    0.02254   28   48    0.02208    0.02830  28.1%  26.9  325s
 1071948 92376    0.02319   45   39    0.02208    0.02820  27.7%  26.9  330s
 1087031 92397    0.02491   34   57    0.02208    0.02812  27.4%  26.8  335s
 1105655 92510     cutoff   29         0.02208    0.02803  26.9%  26.8  340s
 1122950 92238     cutoff   37         0.02208    0.02795  26.6%  26.7  345s
 1141277 92066     cutoff   37         0.02208    0.02785  26.1%  26.7  350s
 1158098 92089    0.02298   41   49    0.02208    0.02777  25.8%  26.6  355s
 1173862 91980     cutoff   39         0.02208    0.02769  25.4%  26.6  360s

Cutting planes:
  Gomory: 2
  Implied bound: 13
  MIR: 2
  Flow cover: 7
  RLT: 55
  Relax-and-lift: 9
  BQP: 13

Explored 1174137 nodes (31187884 simplex iterations) in 360.00 seconds (275.01 work units)
Thread count was 4 (of 4 available processors)

Solution count 10: 0.0220824 0.0217622 0.0212419 ... 0.0207735

Time limit reached
Best objective 2.208237696559e-02, best bound 2.769011248899e-02, gap 25.3946%
{"verdict": "UNRESOLVED", "status": "TIME_LIMIT", "runtime": 360.0031051635742, "objval": 0.02208237696559313, "objbound": 0.02769011248899401, "binaries": 54}
