Set parameter NodefileStart to value 6
Read parameters from file gurobi.env
Restricted license - for non-production use only - expires 2027-11-29
Set parameter OutputFlag to value 1
Set parameter Threads to value 4
Set parameter TimeLimit to value 360
Set parameter MIPGap to value 5e-05
Set parameter MIPFocus to value 2
Set parameter NonConvex to value 2
Set parameter BestBdStop to value 2.7426211734693878e-02
Gurobi Optimizer version 13.0.3 build v13.0.3rc0 (linux64 - "Ubuntu 24.04.5 LTS")

CPU model: INTEL(R) XEON(R) PLATINUM 8573C, instruction set [SSE2|AVX|AVX2|AVX512]
Thread count: 2 physical cores, 4 logical processors, using up to 4 threads

Non-default parameters:
TimeLimit  360
BestBdStop  2.7426211734693878e-02
MIPGap  5e-05
MIPFocus  2
NodefileStart  6
NonConvex  2
Threads  4

Optimize a model with 141 rows, 111 columns and 810 nonzeros (Max)
Model fingerprint: 0x62bf6707
Model has 1 linear objective coefficients
Model has 50 quadratic constraints
Variable types: 65 continuous, 46 integer (46 binary)
Coefficient statistics:
  Matrix range     [5e-01, 1e+00]
  QMatrix range    [1e+00, 1e+00]
  QLMatrix range   [1e+00, 1e+00]
  Objective range  [1e+00, 1e+00]
  Bounds range     [5e-01, 1e+00]
  RHS range        [1e+00, 1e+00]

Found heuristic solution: objective -0.0000000
Presolve time: 0.00s
Presolved: 341 rows, 112 columns, 1210 nonzeros
Presolved model has 50 bilinear constraint(s)

Solving non-convex MIQCP to global optimality

Variable types: 66 continuous, 46 integer (46 binary)
Root relaxation presolve removed 50 rows and 1 columns
Root relaxation presolved: 291 rows, 111 columns, 1160 nonzeros


Root relaxation: objective 8.333333e-02, 124 iterations, 0.00 seconds (0.00 work units)

    Nodes    |    Current Node    |     Objective Bounds      |     Work
 Expl Unexpl |  Obj  Depth IntInf | Incumbent    BestBd   Gap | It/Node Time

     0     0    0.08333    0   53   -0.00000    0.08333      -     -    0s
     0     0    0.08333    0   69   -0.00000    0.08333      -     -    0s
     0     0    0.08333    0   53   -0.00000    0.08333      -     -    0s
     0     0    0.08333    0   39   -0.00000    0.08333      -     -    0s
     0     0    0.08333    0   43   -0.00000    0.08333      -     -    0s
     0     0    0.08333    0   41   -0.00000    0.08333      -     -    0s
     0     0    0.08333    0   41   -0.00000    0.08333      -     -    0s
     0     2    0.08333    0   41   -0.00000    0.08333      -     -    0s
H 1222   932                       0.0000001    0.07143      -  26.6    0s
H 1222   886                       0.0000001    0.07143      -  26.6    0s
H 1222   841                       0.0000002    0.07143      -  26.6    0s
H 1223   799                       0.0000003    0.07143      -  26.6    0s
H 1905  1015                       0.0034345    0.07143  1980%  27.5    2s
H 2302  1094                       0.0034913    0.07143  1946%  28.4    2s
H 3272  1441                       0.0037096    0.06239  1582%  31.0    2s
H 4375  1966                       0.0038838    0.04823  1142%  31.0    2s
H 5982  3148                       0.0043325    0.04706   986%  29.2    2s
* 5983  3148             150       0.0043325    0.04706   986%  29.2    2s
H 7978  4194                       0.0049794    0.04505   805%  29.4    3s
H 8815  4650                       0.0051871    0.04445   757%  29.4    3s
H12544  6725                       0.0053351    0.04276   702%  30.1    4s
H12786  6942                       0.0054023    0.04274   691%  30.1    5s
H13015  6934                       0.0054320    0.04274   687%  30.1    5s
H13276  7034                       0.0056940    0.04256   648%  30.0    5s
H13951  7224                       0.0057624    0.04248   637%  29.9    5s
H14182  7455                       0.0057625    0.04220   632%  29.9    5s
H14803  7660                       0.0057659    0.04209   630%  30.0    5s
H20089  9675                       0.0067349    0.04128   513%  29.7    7s
H21524  9843                       0.0075643    0.04117   444%  29.5    7s
 30846 14152     cutoff   54         0.00756    0.04023   432%  30.0   10s
H33168 14744                       0.0076479    0.03998   423%  30.0   10s
H46224 19276                       0.0084455    0.03886   360%  29.8   14s
 46631 19507    0.03691   26   58    0.00845    0.03885   360%  29.8   15s
 66244 27953    0.02605   29   61    0.00845    0.03776   347%  29.9   20s
 87036 36544    0.02518   37   53    0.00845    0.03677   335%  29.7   25s
 99955 41826    0.01498   42   43    0.00845    0.03621   329%  29.6   30s
 122474 50506    0.02108   31   52    0.00845    0.03545   320%  29.3   35s
 139592 57825    0.01460   33   48    0.00845    0.03502   315%  29.2   40s
 160710 66151    0.03218   33   64    0.00845    0.03448   308%  29.0   45s
 181522 74261    0.02858   33   52    0.00845    0.03408   304%  28.9   50s
 202697 82459    0.01608   40   55    0.00845    0.03372   299%  28.7   55s
H206506 83743                       0.0084456    0.03365   298%  28.7   55s
H207700 84709                       0.0086510    0.03364   289%  28.7   57s
H211722 83180                       0.0090507    0.03358   271%  28.6   58s
H217984 85476                       0.0090508    0.03347   270%  28.6   59s
 218712 85665    0.02367   34   61    0.00905    0.03346   270%  28.6   60s
 239340 93372     cutoff   37         0.00905    0.03317   266%  28.5   65s
 257054 100078     cutoff   45         0.00905    0.03294   264%  28.5   70s
 278936 107798    0.00949   47   45    0.00905    0.03262   260%  28.4   75s
 298829 114732    0.01812   42   53    0.00905    0.03237   258%  28.4   80s
 320119 122121    0.00948   45   52    0.00905    0.03212   255%  28.3   85s
H321733 122567                       0.0090508    0.03210   255%  28.3   85s
 339230 128904    0.01029   43   52    0.00905    0.03190   252%  28.3   90s
H343709 130304                       0.0090509    0.03185   252%  28.3   91s
 355105 134440    0.02422   35   45    0.00905    0.03173   251%  28.2   95s
 375527 141535     cutoff   41         0.00905    0.03149   248%  28.2  100s
 393136 147518     cutoff   50         0.00905    0.03130   246%  28.1  105s
 414039 154621    0.01513   44   53    0.00905    0.03109   244%  28.1  110s
 432713 160975    0.02130   34   52    0.00905    0.03092   242%  28.0  115s
 454529 168449    0.01440   40   54    0.00905    0.03073   240%  28.0  120s
 475028 175533    0.01275   33   46    0.00905    0.03053   237%  27.9  125s
 497005 182836    0.00954   44   57    0.00905    0.03035   235%  27.9  130s
 518825 189976    0.02289   36   58    0.00905    0.03019   234%  27.9  135s
 542909 197558    0.01190   38   39    0.00905    0.03001   232%  27.8  140s
 565750 204952    0.02414   32   54    0.00905    0.02985   230%  27.8  145s
 586778 211875    0.02022   40   44    0.00905    0.02972   228%  27.7  150s
 604516 217835 infeasible   44         0.00905    0.02962   227%  27.7  155s
 626616 225500     cutoff   48         0.00905    0.02950   226%  27.7  160s
 648842 232617    0.02131   38   56    0.00905    0.02937   225%  27.6  165s
 671128 240206    0.01347   41   41    0.00905    0.02926   223%  27.6  170s
 694024 248145    0.01011   49   62    0.00905    0.02914   222%  27.6  175s
 717297 255718    0.02039   40   59    0.00905    0.02900   220%  27.6  180s
 738272 262939     cutoff   40         0.00905    0.02889   219%  27.5  185s
 760385 270216    0.01118   36   50    0.00905    0.02878   218%  27.5  190s
 781710 277123    0.02302   42   59    0.00905    0.02867   217%  27.5  195s
 801666 283499 infeasible   49         0.00905    0.02859   216%  27.5  200s
 822943 290256     cutoff   44         0.00905    0.02850   215%  27.4  205s
 839394 295326     cutoff   43         0.00905    0.02844   214%  27.4  210s
 859742 301650    0.02415   36   57    0.00905    0.02837   213%  27.4  215s
 878621 307918    0.02133   38   49    0.00905    0.02830   213%  27.4  220s
 899907 314868    0.02450   32   50    0.00905    0.02821   212%  27.3  225s
 920539 321905     cutoff   42         0.00905    0.02813   211%  27.3  230s
 940681 328699    0.01209   41   54    0.00905    0.02805   210%  27.3  235s
 962307 335531    0.02307   32   50    0.00905    0.02797   209%  27.3  240s
 983283 342543    0.01695   40   51    0.00905    0.02789   208%  27.3  245s
 1003981 349121 infeasible   33         0.00905    0.02783   207%  27.3  250s
 1026300 356190     cutoff   37         0.00905    0.02775   207%  27.3  255s
 1046680 362834    0.02307   35   58    0.00905    0.02768   206%  27.3  260s
 1065857 368845    0.01056   43   50    0.00905    0.02762   205%  27.2  265s
 1084232 374613    0.01589   33   48    0.00905    0.02757   205%  27.2  270s
 1104870 381050     cutoff   42         0.00905    0.02750   204%  27.2  275s
 1125040 387200    0.02090   33   59    0.00905    0.02744   203%  27.2  280s

Cutting planes:
  Gomory: 12
  Implied bound: 21
  MIR: 12
  Mixing: 1
  Flow cover: 69
  Inf proof: 4
  RLT: 84
  Relax-and-lift: 8
  BQP: 22

Explored 1129998 nodes (30725431 simplex iterations) in 281.28 seconds (272.63 work units)
Thread count was 4 (of 4 available processors)

Solution count 9: 0.00905088 0.00865098 0.00844557 ... 0.00569398

Optimization achieved user objective limit
Best objective 9.050880083249e-03, best bound 2.742511748163e-02, gap 203.0105%
{"verdict": "PROVED", "status": "BOUND_REACHED", "runtime": 281.27695894241333, "objval": 0.00905088008324893, "objbound": 0.027425117481634256, "binaries": 46}
