Set parameter NodefileStart to value 6
Read parameters from file gurobi.env
Restricted license - for non-production use only - expires 2027-11-29
Set parameter OutputFlag to value 1
Set parameter Threads to value 4
Set parameter TimeLimit to value 360
Set parameter MIPGap to value 5e-05
Set parameter MIPFocus to value 2
Set parameter NonConvex to value 2
Set parameter BestBdStop to value 2.7426211734693878e-02
Gurobi Optimizer version 13.0.3 build v13.0.3rc0 (linux64 - "Ubuntu 24.04.5 LTS")

CPU model: AMD EPYC 9V74 80-Core Processor, instruction set [SSE2|AVX|AVX2]
Thread count: 2 physical cores, 4 logical processors, using up to 4 threads

Non-default parameters:
TimeLimit  360
BestBdStop  2.7426211734693878e-02
MIPGap  5e-05
MIPFocus  2
NodefileStart  6
NonConvex  2
Threads  4

Optimize a model with 141 rows, 111 columns and 810 nonzeros (Max)
Model fingerprint: 0x212c19d8
Model has 1 linear objective coefficients
Model has 50 quadratic constraints
Variable types: 65 continuous, 46 integer (46 binary)
Coefficient statistics:
  Matrix range     [5e-01, 1e+00]
  QMatrix range    [1e+00, 1e+00]
  QLMatrix range   [1e+00, 1e+00]
  Objective range  [1e+00, 1e+00]
  Bounds range     [5e-01, 1e+00]
  RHS range        [1e+00, 1e+00]

Found heuristic solution: objective -0.0000000
Presolve time: 0.00s
Presolved: 341 rows, 112 columns, 1210 nonzeros
Presolved model has 50 bilinear constraint(s)

Solving non-convex MIQCP to global optimality

Variable types: 66 continuous, 46 integer (46 binary)
Root relaxation presolve removed 50 rows and 1 columns
Root relaxation presolved: 291 rows, 111 columns, 1160 nonzeros


Root relaxation: objective 8.333333e-02, 97 iterations, 0.00 seconds (0.00 work units)

    Nodes    |    Current Node    |     Objective Bounds      |     Work
 Expl Unexpl |  Obj  Depth IntInf | Incumbent    BestBd   Gap | It/Node Time

     0     0    0.08333    0   50   -0.00000    0.08333      -     -    0s
H    0     0                       0.0000000    0.08333      -     -    0s
     0     0    0.08333    0   55    0.00000    0.08333      -     -    0s
     0     0    0.08333    0   59    0.00000    0.08333      -     -    0s
     0     0    0.08333    0   55    0.00000    0.08333      -     -    0s
     0     0    0.08333    0   55    0.00000    0.08333      -     -    0s
     0     0    0.08333    0   49    0.00000    0.08333      -     -    0s
     0     0    0.08333    0   61    0.00000    0.08333      -     -    0s
     0     0    0.08333    0   45    0.00000    0.08333      -     -    0s
     0     0    0.08333    0   54    0.00000    0.08333      -     -    0s
     0     0    0.08290    0   42    0.00000    0.08290      -     -    0s
     0     0    0.08235    0   42    0.00000    0.08235      -     -    0s
     0     2    0.08235    0   42    0.00000    0.08235      -     -    0s
H   21    32                       0.0000000    0.07500      -  37.5    0s
H  438   428                       0.0000002    0.07282      -  29.1    0s
H  721   686                       0.0000003    0.07143      -  30.4    0s
H 1001   902                       0.0000003    0.06776      -  30.3    0s
H 1843  1314                       0.0000008    0.06759      -  34.1    1s
H 4356  2483                       0.0000009    0.06611      -  32.2    2s
 11908  7908    0.00366   38   35    0.00000    0.05751      -  31.8    5s
 28560 19451    0.04610   29   57    0.00000    0.05331      -  30.6   10s
 47867 32603     cutoff   80         0.00000    0.05124      -  30.2   15s
 67657 45989    0.01147   31   44    0.00000    0.05000      -  30.3   20s
 87758 60154    0.00000   71   44    0.00000    0.04904      -  30.4   25s
 105971 72696    0.00024   50   42    0.00000    0.04827      -  30.4   30s
 121929 83666    0.01311   41   50    0.00000    0.04780      -  30.4   35s
 141549 97334    0.00502   48   50    0.00000    0.04734      -  30.4   40s
 159618 109271    0.01582   36   50    0.00000    0.04689      -  30.3   45s
 178974 121718    0.00001   55   44    0.00000    0.04645      -  30.3   50s
 197338 134037     cutoff   66         0.00000    0.04618      -  30.4   55s
 216465 146855    0.03261   29   56    0.00000    0.04589      -  30.1   60s
 235498 159718    0.00227   52   50    0.00000    0.04571      -  30.3   65s
 247743 167373     cutoff   56         0.00000    0.04557      -  30.2   70s
 266244 180506    0.00000   57   24    0.00000    0.04544      -  30.3   75s
 286177 193878    0.03624   31   55    0.00000    0.04522      -  30.2   80s
 304623 206752     cutoff   37         0.00000    0.04501      -  30.2   85s
 322349 217930    0.00009   62   50    0.00000    0.04484      -  30.3   90s
 341521 230705    0.00379   40   32    0.00000    0.04467      -  30.3   95s
 360945 245188    0.00855   39   50    0.00000    0.04452      -  30.3  100s
 379717 257973    0.00040   57   51    0.00000    0.04435      -  30.3  105s
 398162 270648    0.01776   41   44    0.00000    0.04420      -  30.4  110s
 416514 282390    0.00000   54   44    0.00000    0.04403      -  30.3  115s
 432635 292987    0.00015   65   32    0.00000    0.04389      -  30.3  120s
 450306 305186    0.00072   46   51    0.00000    0.04376      -  30.4  125s
 468510 317655    0.00009   65   47    0.00000    0.04365      -  30.4  130s
 487052 330768    0.01090   44   51    0.00000    0.04355      -  30.3  135s
 506209 343072     cutoff   42         0.00000    0.04342      -  30.3  140s
 524344 354761    0.00912   46   51    0.00000    0.04328      -  30.3  145s
 543529 367794    0.00000   63   25    0.00000    0.04317      -  30.3  150s
 559942 378509    0.00011   65   50    0.00000    0.04310      -  30.2  155s
 578230 390747    0.00546   42   52    0.00000    0.04299      -  30.2  160s
 597681 403424    0.00001   70   26    0.00000    0.04286      -  30.2  165s
 616104 415797    0.00000   86   40    0.00000    0.04277      -  30.2  170s
 634738 428795 infeasible   41         0.00000    0.04267      -  30.2  175s
 653053 441046    0.00666   43   51    0.00000    0.04259      -  30.2  180s
 670310 453291    0.00001   97   37    0.00000    0.04252      -  30.3  185s
 687109 463722    0.03835   38   55    0.00000    0.04242      -  30.2  190s
 705017 475645    0.00083   47   50    0.00000    0.04235      -  30.3  195s
 721781 486692     cutoff   49         0.00000    0.04226      -  30.3  200s
 740860 499843    0.00004   96   30    0.00000    0.04218      -  30.2  205s
 759638 512551    0.01887   38   52    0.00000    0.04210      -  30.2  210s
 778465 525207    0.00402   44   53    0.00000    0.04203      -  30.2  215s
 797214 538213    0.00457   46   39    0.00000    0.04197      -  30.1  220s
 813308 548557    0.00387   36   37    0.00000    0.04189      -  30.1  225s
 831495 559929    0.00000   72   38    0.00000    0.04181      -  30.1  230s
 849128 571142    0.00000   85   40    0.00000    0.04173      -  30.1  235s
 864689 581042    0.00000   92   32    0.00000    0.04167      -  30.1  240s
 882489 593377    0.00000   96   27    0.00000    0.04164      -  30.1  245s
 900611 605980    0.00996   44   53    0.00000    0.04158      -  30.1  250s
 918174 618416     cutoff   65         0.00000    0.04151      -  30.1  255s
 935015 628571    0.00186   50   50    0.00000    0.04144      -  30.1  260s
 954194 641107    0.01234   45   43    0.00000    0.04136      -  30.1  265s
 971903 651531     cutoff   67         0.00000    0.04129      -  30.1  270s
 990251 663168    0.00013   71   52    0.00000    0.04123      -  30.1  275s
 1009498 675165    0.00586   39   52    0.00000    0.04115      -  30.1  280s
 1028153 686530    0.00010   79   49    0.00000    0.04108      -  30.1  285s
 1046628 699127    0.00125   62   51    0.00000    0.04103      -  30.1  290s
 1064411 710976    0.00084   58   50    0.00000    0.04098      -  30.1  295s
 1080197 720995    0.00886   40   31    0.00000    0.04093      -  30.1  300s
 1099910 734749    0.00715   57   50    0.00000    0.04087      -  30.1  305s
 1117887 746909    0.00001   78   49    0.00000    0.04081      -  30.1  310s
 1133864 756961    0.00093   44   31    0.00000    0.04077      -  30.1  315s
 1152510 769581    0.00048   56   51    0.00000    0.04073      -  30.1  320s
 1171460 781555    0.03644   32   51    0.00000    0.04068      -  30.1  325s
 1188643 793490    0.00065   62   36    0.00000    0.04064      -  30.1  330s
 1208045 806685    0.00772   44   51    0.00000    0.04059      -  30.1  335s
 1224306 816841     cutoff   36         0.00000    0.04055      -  30.1  340s
 1242990 829356    0.00653   42   51    0.00000    0.04050      -  30.0  345s
 1261097 841811    0.00000   78   42    0.00000    0.04046      -  30.1  350s
 1279604 854071    0.00471   54   50    0.00000    0.04043      -  30.1  355s
 1299020 866092    0.01694   38   51    0.00000    0.04039      -  30.0  360s

Cutting planes:
  Gomory: 15
  Implied bound: 36
  MIR: 17
  Flow cover: 64
  Inf proof: 8
  RLT: 81
  Relax-and-lift: 16
  BQP: 18

Explored 1299190 nodes (39011779 simplex iterations) in 360.00 seconds (361.14 work units)
Thread count was 4 (of 4 available processors)

Solution count 8: 8.50411e-07 7.68723e-07 3.2887e-07 ... -0

Time limit reached
Best objective 8.504114189511e-07, best bound 4.039499823686e-02, gap -
{"verdict": "UNRESOLVED", "status": "TIME_LIMIT", "runtime": 360.00248193740845, "objval": 8.504114189511469e-07, "objbound": 0.04039499823686103, "binaries": 46}
