Set parameter NodefileStart to value 6
Read parameters from file gurobi.env
Restricted license - for non-production use only - expires 2027-11-29
Set parameter OutputFlag to value 1
Set parameter Threads to value 4
Set parameter TimeLimit to value 360
Set parameter MIPGap to value 5e-05
Set parameter MIPFocus to value 2
Set parameter NonConvex to value 2
Set parameter BestBdStop to value 2.7426211734693878e-02
Gurobi Optimizer version 13.0.3 build v13.0.3rc0 (linux64 - "Ubuntu 24.04.5 LTS")

CPU model: AMD EPYC 7763 64-Core Processor, instruction set [SSE2|AVX|AVX2]
Thread count: 2 physical cores, 4 logical processors, using up to 4 threads

Non-default parameters:
TimeLimit  360
BestBdStop  2.7426211734693878e-02
MIPGap  5e-05
MIPFocus  2
NodefileStart  6
NonConvex  2
Threads  4

Optimize a model with 141 rows, 111 columns and 810 nonzeros (Max)
Model fingerprint: 0x3bd1382c
Model has 1 linear objective coefficients
Model has 50 quadratic constraints
Variable types: 65 continuous, 46 integer (46 binary)
Coefficient statistics:
  Matrix range     [5e-01, 1e+00]
  QMatrix range    [1e+00, 1e+00]
  QLMatrix range   [1e+00, 1e+00]
  Objective range  [1e+00, 1e+00]
  Bounds range     [5e-01, 1e+00]
  RHS range        [1e+00, 1e+00]

Found heuristic solution: objective -0.0000000
Presolve time: 0.00s
Presolved: 341 rows, 112 columns, 1210 nonzeros
Presolved model has 50 bilinear constraint(s)

Solving non-convex MIQCP to global optimality

Variable types: 66 continuous, 46 integer (46 binary)
Root relaxation presolve removed 50 rows and 1 columns
Root relaxation presolved: 291 rows, 111 columns, 1160 nonzeros


Root relaxation: objective 8.333333e-02, 105 iterations, 0.00 seconds (0.00 work units)

    Nodes    |    Current Node    |     Objective Bounds      |     Work
 Expl Unexpl |  Obj  Depth IntInf | Incumbent    BestBd   Gap | It/Node Time

     0     0    0.08333    0   46   -0.00000    0.08333      -     -    0s
     0     0    0.08333    0   58   -0.00000    0.08333      -     -    0s
     0     0    0.08333    0   46   -0.00000    0.08333      -     -    0s
     0     0    0.08333    0   48   -0.00000    0.08333      -     -    0s
     0     0    0.08333    0   56   -0.00000    0.08333      -     -    0s
     0     0    0.08333    0   44   -0.00000    0.08333      -     -    0s
     0     0    0.08333    0   44   -0.00000    0.08333      -     -    0s
     0     0    0.08333    0   44   -0.00000    0.08333      -     -    0s
     0     2    0.08333    0   36   -0.00000    0.08333      -     -    0s
*  559   556              77       0.0000000    0.06649      -  16.0    0s
*  561   556              78       0.0000000    0.06649      -  15.9    0s
H 1052   889                       0.0000003    0.06487      -  17.7    0s
H 1259   957                       0.0000003    0.06487      -  20.8    1s
H 1335   957                       0.0000003    0.06487      -  21.8    1s
* 1958  1287             126       0.0000009    0.06487      -  21.3    1s
* 1969  1242             126       0.0000009    0.06487      -  21.2    1s
H 1995   886                       0.0069733    0.06487   830%  21.2    1s
H 2105   871                       0.0092690    0.06487   600%  21.6    1s
H 2140   793                       0.0110963    0.06487   485%  21.6    1s
* 2231   752              94       0.0117300    0.06487   453%  21.4    1s
H 2254   640                       0.0147512    0.06487   340%  21.3    1s
H 2350   637                       0.0147512    0.06401   334%  21.8    1s
* 4825  1658              94       0.0152888    0.05343   249%  27.4    2s
H 6910  2277                       0.0153251    0.05087   232%  30.7    3s
 10835  3906    0.02262   34   57    0.01533    0.04823   215%  34.3    5s
H17069  5514                       0.0160930    0.04610   186%  36.7    6s
H17071  5347                       0.0168710    0.04610   173%  36.7    6s
H20122  6111                       0.0168711    0.04499   167%  37.3    8s
H20565  6137                       0.0172307    0.04482   160%  37.3    8s
 24377  7218    0.02128   30   54    0.01723    0.04382   154%  38.0   10s
 41650 11329     cutoff   40         0.01723    0.04048   135%  38.6   15s
 59471 15144    0.02672   31   56    0.01723    0.03808   121%  38.9   20s
H72851 17984                       0.0172308    0.03700   115%  38.7   23s
H73981 18140                       0.0172405    0.03691   114%  38.7   24s
 75948 18527 infeasible   40         0.01724    0.03677   113%  38.6   25s
 94037 21999     cutoff   38         0.01724    0.03572   107%  38.4   30s
 113581 25463    0.02158   36   52    0.01724    0.03470   101%  38.0   35s
 129302 28351    0.01818   61   47    0.01724    0.03397  97.0%  37.6   40s
 148282 32033    0.01926   32   57    0.01724    0.03327  93.0%  37.1   45s
 167714 35044     cutoff   39         0.01724    0.03265  89.4%  36.7   50s
 187803 38444    0.01965   37   52    0.01724    0.03210  86.2%  36.3   55s
 205345 41526    0.01798   35   57    0.01724    0.03168  83.7%  36.0   60s
 225391 44619    0.02177   36   59    0.01724    0.03124  81.2%  35.6   65s
 246255 48048    0.02639   37   46    0.01724    0.03083  78.8%  35.3   70s
 266320 51008    0.01937   37   55    0.01724    0.03043  76.5%  35.0   75s
 283424 53419     cutoff   32         0.01724    0.03014  74.8%  34.8   80s
 303043 56101     cutoff   34         0.01724    0.02984  73.1%  34.6   85s
 323906 59293     cutoff   41         0.01724    0.02954  71.3%  34.4   90s
 343816 61842     cutoff   42         0.01724    0.02927  69.8%  34.1   95s
 364360 64542    0.02110   30   61    0.01724    0.02900  68.2%  34.0  100s
 385962 67718    0.02598   31   56    0.01724    0.02876  66.8%  33.8  105s
 406858 70348    0.02571   35   50    0.01724    0.02854  65.5%  33.6  110s
 427756 72887    0.02585   32   60    0.01724    0.02832  64.3%  33.4  115s
 449032 75417     cutoff   38         0.01724    0.02812  63.1%  33.2  120s
H461471 76859                       0.0172742    0.02800  62.1%  33.1  123s
H461474 76946                       0.0172742    0.02800  62.1%  33.1  123s
 468288 77808     cutoff   35         0.01727    0.02794  61.7%  33.1  125s
 487110 80071    0.01952   37   52    0.01727    0.02779  60.9%  32.9  130s
 508383 82684    0.01971   40   50    0.01727    0.02763  59.9%  32.7  135s
 529735 85280    0.02635   34   56    0.01727    0.02745  58.9%  32.6  140s

Cutting planes:
  Gomory: 16
  Implied bound: 39
  MIR: 10
  Mixing: 1
  Flow cover: 50
  Inf proof: 1
  RLT: 92
  Relax-and-lift: 15
  BQP: 28

Explored 532642 nodes (17339696 simplex iterations) in 140.63 seconds (154.10 work units)
Thread count was 4 (of 4 available processors)

Solution count 10: 0.0172743 0.0172742 0.0172405 ... 0.0147512

Optimization achieved user objective limit
Best objective 1.727426453197e-02, best bound 2.742603872271e-02, gap 58.7682%
{"verdict": "PROVED", "status": "BOUND_REACHED", "runtime": 140.63214898109436, "objval": 0.017274264531966524, "objbound": 0.027426038722707918, "binaries": 46}
