Set parameter NodefileStart to value 6
Read parameters from file gurobi.env
Restricted license - for non-production use only - expires 2027-11-29
Set parameter OutputFlag to value 1
Set parameter Threads to value 4
Set parameter TimeLimit to value 360
Set parameter MIPGap to value 5e-05
Set parameter MIPFocus to value 2
Set parameter NonConvex to value 2
Set parameter BestBdStop to value 2.7426211734693878e-02
Gurobi Optimizer version 13.0.3 build v13.0.3rc0 (linux64 - "Ubuntu 24.04.5 LTS")

CPU model: AMD EPYC 7763 64-Core Processor, instruction set [SSE2|AVX|AVX2]
Thread count: 2 physical cores, 4 logical processors, using up to 4 threads

Non-default parameters:
TimeLimit  360
BestBdStop  2.7426211734693878e-02
MIPGap  5e-05
MIPFocus  2
NodefileStart  6
NonConvex  2
Threads  4

Optimize a model with 141 rows, 111 columns and 810 nonzeros (Max)
Model fingerprint: 0x01d760f7
Model has 1 linear objective coefficients
Model has 50 quadratic constraints
Variable types: 65 continuous, 46 integer (46 binary)
Coefficient statistics:
  Matrix range     [5e-01, 1e+00]
  QMatrix range    [1e+00, 1e+00]
  QLMatrix range   [1e+00, 1e+00]
  Objective range  [1e+00, 1e+00]
  Bounds range     [5e-01, 1e+00]
  RHS range        [1e+00, 1e+00]

Found heuristic solution: objective -0.0000000
Presolve time: 0.00s
Presolved: 341 rows, 112 columns, 1210 nonzeros
Presolved model has 50 bilinear constraint(s)

Solving non-convex MIQCP to global optimality

Variable types: 66 continuous, 46 integer (46 binary)
Root relaxation presolve removed 50 rows and 1 columns
Root relaxation presolved: 291 rows, 111 columns, 1160 nonzeros


Root relaxation: objective 8.333333e-02, 138 iterations, 0.00 seconds (0.00 work units)

    Nodes    |    Current Node    |     Objective Bounds      |     Work
 Expl Unexpl |  Obj  Depth IntInf | Incumbent    BestBd   Gap | It/Node Time

     0     0    0.08333    0   45   -0.00000    0.08333      -     -    0s
     0     0    0.08333    0   58   -0.00000    0.08333      -     -    0s
     0     0    0.08333    0   44   -0.00000    0.08333      -     -    0s
     0     0    0.07843    0   60   -0.00000    0.07843      -     -    0s
     0     0    0.07843    0   51   -0.00000    0.07843      -     -    0s
H    0     0                       0.0000000    0.07843      -     -    0s
H    0     0                       0.0000001    0.07843      -     -    0s
     0     0    0.07534    0   66    0.00000    0.07534      -     -    0s
     0     0    0.07534    0   65    0.00000    0.07534      -     -    0s
     0     0    0.07534    0   67    0.00000    0.07534      -     -    0s
     0     0    0.07534    0   66    0.00000    0.07534      -     -    0s
     0     0    0.07534    0   64    0.00000    0.07534      -     -    0s
     0     0    0.07500    0   55    0.00000    0.07500      -     -    0s
     0     0    0.07500    0   63    0.00000    0.07500      -     -    0s
     0     0    0.07500    0   63    0.00000    0.07500      -     -    0s
     0     0    0.07500    0   56    0.00000    0.07500      -     -    0s
     0     0    0.07500    0   56    0.00000    0.07500      -     -    0s
     0     0    0.07500    0   56    0.00000    0.07500      -     -    0s
     0     0    0.07500    0   56    0.00000    0.07500      -     -    0s
     0     2    0.07500    0   56    0.00000    0.07500      -     -    0s
*  789   726             113       0.0000002    0.07500      -  28.4    1s
H 1131   945                       0.0000002    0.07306      -  29.6    1s
H 1135   900                       0.0000005    0.07272      -  29.5    1s
* 1762  1288             119       0.0000007    0.04490      -  29.5    2s
* 2503  1583             136       0.0000007    0.04490      -  26.2    2s
* 2504  1540             136       0.0000007    0.04490      -  26.2    2s
* 2505  1501             134       0.0000009    0.04490      -  26.2    2s
H 3617  2056                       0.0000009    0.04490      -  24.5    3s
  7939  5710    0.00436   55   58    0.00000    0.04490      -  22.0    5s
 25212 17650    0.00137   57   51    0.00000    0.04409      -  20.5   10s
 47125 33239    0.00003   84   45    0.00000    0.04224      -  19.4   15s
 68076 47889    0.01114   57   50    0.00000    0.04152      -  19.2   20s
*85359 59993             155       0.0000009    0.04097      -  19.2   23s
H86545 60632                       0.0000010    0.04093      -  19.2   24s
 88921 62555    0.01041   54   56    0.00000    0.04090      -  19.2   25s
 110404 78020    0.00000  108   18    0.00000    0.04042      -  19.4   30s
 128982 91577    0.00000   95   29    0.00000    0.04015      -  19.7   35s
 147559 104486    0.00547   54   46    0.00000    0.03991      -  19.9   40s
 169830 119617    0.00075   69   37    0.00000    0.03955      -  19.9   45s
H191927 134742                       0.0000011    0.03931      -  20.0   49s
 192070 135167    0.02330   51   50    0.00000    0.03930      -  20.0   50s
H195693 137350                       0.0000011    0.03925      -  20.0   51s
 211286 148650    0.00004   95   42    0.00000    0.03904      -  20.1   55s
 232110 163176    0.00031   73   53    0.00000    0.03879      -  20.2   60s
 253874 177722    0.00074   65   28    0.00000    0.03854      -  20.2   65s
 273855 191812    0.00191   68   50    0.00000    0.03840      -  20.4   70s
H276614 193438                       0.0000011    0.03837      -  20.4   70s
 293282 205325 infeasible   85         0.00000    0.03825      -  20.5   75s
 314306 219825    0.00064   69   50    0.00000    0.03807      -  20.6   80s
H329575 229570                       0.0000011    0.03796      -  20.6   83s
 333570 232503    0.00005   78   44    0.00000    0.03794      -  20.6   85s
 356214 247753    0.00793   58   51    0.00000    0.03779      -  20.7   90s
 374545 260841    0.00235   72   50    0.00000    0.03768      -  20.7   95s
 391019 271942     cutoff   87         0.00000    0.03756      -  20.8  100s
 408704 284055    0.00073   76   50    0.00000    0.03746      -  20.8  105s
 431424 300315    0.00000   83   25    0.00000    0.03734      -  20.8  110s
 452578 314877    0.00674   62   51    0.00000    0.03725      -  20.8  115s
 471268 328220    0.00000   70   33    0.00000    0.03716      -  20.9  120s
 491806 342347    0.00000  120   35    0.00000    0.03706      -  20.9  125s
 514533 357938    0.00099   74   50    0.00000    0.03698      -  20.9  130s
 536196 373390    0.00688   59   44    0.00000    0.03688      -  20.9  135s
 557222 387560    0.00165   71   51    0.00000    0.03680      -  21.0  140s
 577868 401737    0.00084   66   50    0.00000    0.03673      -  21.0  145s
 598507 415804    0.00668   65   50    0.00000    0.03667      -  21.0  150s
 618044 429205    0.00065   71   44    0.00000    0.03660      -  21.0  155s
 640629 444129    0.00293   61   50    0.00000    0.03651      -  21.1  160s
 661759 457908    0.00751   63   50    0.00000    0.03643      -  21.1  165s
 682335 471522     cutoff   68         0.00000    0.03636      -  21.1  170s
 701496 484641    0.02415   50   55    0.00000    0.03629      -  21.2  175s
 721447 498023     cutoff   64         0.00000    0.03623      -  21.2  180s
 742622 511677    0.02932   46   51    0.00000    0.03614      -  21.2  185s
 763841 526311    0.00880   61   43    0.00000    0.03608      -  21.2  190s
 784762 539466    0.00006   96   50    0.00000    0.03602      -  21.2  195s
 806919 554268    0.01337   60   45    0.00000    0.03595      -  21.2  200s
 827553 567834    0.03367   46   53    0.00000    0.03588      -  21.3  205s
 845342 579370    0.00357   63   50    0.00000    0.03585      -  21.3  210s
 865647 593463     cutoff  103         0.00000    0.03580      -  21.3  215s
 887815 609303    0.00351   60   50    0.00000    0.03576      -  21.3  220s
 905299 621651    0.00067   61   50    0.00000    0.03572      -  21.3  225s
 925159 635389    0.00133   67   50    0.00000    0.03568      -  21.3  230s
 946889 649949    0.01099   58   50    0.00000    0.03563      -  21.3  235s
 968137 664129    0.01591   58   44    0.00000    0.03558      -  21.3  240s
 986945 676828    0.00057   80   52    0.00000    0.03553      -  21.3  245s
 1007562 690830    0.00000   81   24    0.00000    0.03549      -  21.3  250s
 1028556 705141 infeasible   60         0.00000    0.03545      -  21.3  255s
 1048498 718484    0.02143   50   45    0.00000    0.03541      -  21.3  260s
 1069810 733201    0.00761   54   50    0.00000    0.03536      -  21.3  265s
 1088888 746286    0.00028   87   43    0.00000    0.03531      -  21.4  270s
 1110215 760743    0.00000  120   28    0.00000    0.03527      -  21.4  275s
 1131140 775136     cutoff  101         0.00000    0.03522      -  21.4  280s
 1153941 790643     cutoff   65         0.00000    0.03518      -  21.4  285s
 1174795 804959    0.00001  113   42    0.00000    0.03515      -  21.4  290s
 1193511 817359    0.00001   91   33    0.00000    0.03512      -  21.4  295s
 1214380 831817    0.00053   68   51    0.00000    0.03508      -  21.4  300s
 1235396 845541    0.00389   61   50    0.00000    0.03504      -  21.4  305s
 1257302 860286    0.01884   56   53    0.00000    0.03500      -  21.4  310s
 1279077 874896    0.00085   51   50    0.00000    0.03496      -  21.4  315s
 1300181 889578     cutoff   92         0.00000    0.03493      -  21.4  320s
 1318977 901985    0.02311   47   51    0.00000    0.03489      -  21.4  325s
 1340936 916033 infeasible   82         0.00000    0.03485      -  21.4  330s
 1361946 929133    0.00992   63   50    0.00000    0.03482      -  21.4  335s
 1375651 938446    0.00164   80   32    0.00000    0.03480      -  21.4  340s
 1394454 950917     cutoff   59         0.00000    0.03476      -  21.4  345s
 1417542 966039    0.00012   66   51    0.00000    0.03472      -  21.4  350s
 1433390 976461    0.00500   55   51    0.00000    0.03469      -  21.4  355s
 1454092 989852    0.00977   60   51    0.00000    0.03466      -  21.4  360s

Cutting planes:
  Gomory: 5
  MIR: 2
  Flow cover: 24
  RLT: 65
  Relax-and-lift: 8
  BQP: 26

Explored 1454207 nodes (31145053 simplex iterations) in 360.00 seconds (384.67 work units)
Thread count was 4 (of 4 available processors)

Solution count 10: 1.12327e-06 1.07622e-06 1.07453e-06 ... 7.3702e-07

Time limit reached
Best objective 1.123270400875e-06, best bound 3.465870098655e-02, gap 3085417.1613%
{"verdict": "UNRESOLVED", "status": "TIME_LIMIT", "runtime": 360.00187611579895, "objval": 1.1232704008747463e-06, "objbound": 0.03465870098655132, "binaries": 46}
