Set parameter NodefileStart to value 6
Read parameters from file gurobi.env
Restricted license - for non-production use only - expires 2027-11-29
Set parameter OutputFlag to value 1
Set parameter Threads to value 4
Set parameter TimeLimit to value 360
Set parameter MIPGap to value 5e-05
Set parameter MIPFocus to value 2
Set parameter NonConvex to value 2
Set parameter BestBdStop to value 2.7426211734693878e-02
Gurobi Optimizer version 13.0.3 build v13.0.3rc0 (linux64 - "Ubuntu 24.04.5 LTS")

CPU model: AMD EPYC 7763 64-Core Processor, instruction set [SSE2|AVX|AVX2]
Thread count: 2 physical cores, 4 logical processors, using up to 4 threads

Non-default parameters:
TimeLimit  360
BestBdStop  2.7426211734693878e-02
MIPGap  5e-05
MIPFocus  2
NodefileStart  6
NonConvex  2
Threads  4

Optimize a model with 141 rows, 111 columns and 810 nonzeros (Max)
Model fingerprint: 0x812bf22e
Model has 1 linear objective coefficients
Model has 50 quadratic constraints
Variable types: 65 continuous, 46 integer (46 binary)
Coefficient statistics:
  Matrix range     [5e-01, 1e+00]
  QMatrix range    [1e+00, 1e+00]
  QLMatrix range   [1e+00, 1e+00]
  Objective range  [1e+00, 1e+00]
  Bounds range     [5e-01, 1e+00]
  RHS range        [1e+00, 1e+00]

Found heuristic solution: objective -0.0000000
Presolve time: 0.00s
Presolved: 341 rows, 112 columns, 1210 nonzeros
Presolved model has 50 bilinear constraint(s)

Solving non-convex MIQCP to global optimality

Variable types: 66 continuous, 46 integer (46 binary)
Root relaxation presolve removed 50 rows and 1 columns
Root relaxation presolved: 291 rows, 111 columns, 1160 nonzeros


Root relaxation: objective 8.333333e-02, 121 iterations, 0.00 seconds (0.00 work units)

    Nodes    |    Current Node    |     Objective Bounds      |     Work
 Expl Unexpl |  Obj  Depth IntInf | Incumbent    BestBd   Gap | It/Node Time

     0     0    0.08333    0   46   -0.00000    0.08333      -     -    0s
H    0     0                       0.0000000    0.08333      -     -    0s
     0     0    0.07143    0   63    0.00000    0.07143      -     -    0s
     0     0    0.07143    0   68    0.00000    0.07143      -     -    0s
     0     0    0.07143    0   61    0.00000    0.07143      -     -    0s
     0     0    0.07143    0   62    0.00000    0.07143      -     -    0s
     0     0    0.07143    0   44    0.00000    0.07143      -     -    0s
     0     0    0.07143    0   41    0.00000    0.07143      -     -    0s
     0     0    0.07143    0   69    0.00000    0.07143      -     -    0s
     0     0    0.07143    0   51    0.00000    0.07143      -     -    0s
H    0     0                       0.0000001    0.07143      -     -    0s
     0     0    0.07143    0   56    0.00000    0.07143      -     -    0s
     0     0    0.07143    0   54    0.00000    0.07143      -     -    0s
     0     0    0.07143    0   54    0.00000    0.07143      -     -    0s
     0     0    0.07143    0   60    0.00000    0.07143      -     -    0s
     0     0    0.07143    0   50    0.00000    0.07143      -     -    0s
     0     0    0.07143    0   50    0.00000    0.07143      -     -    0s
     0     0    0.07143    0   51    0.00000    0.07143      -     -    0s
     0     0    0.07143    0   51    0.00000    0.07143      -     -    0s
     0     0    0.07143    0   51    0.00000    0.07143      -     -    0s
     0     2    0.07143    0   51    0.00000    0.07143      -     -    0s
H  206   275                       0.0000005    0.07143      -  22.0    0s
H  247   275                       0.0000005    0.07143      -  22.0    0s
H 1057   913                       0.0000008    0.07143      -  18.6    0s
H 3468  2050                       0.0000072    0.07143      -  21.9    2s
H 3572  2073                       0.0000072    0.07143      -  22.0    2s
H 3756  1949                       0.0000327    0.07143      -  21.6    2s
H 3873  1880                       0.0000790    0.07143      -  21.7    2s
H 3908  1270                       0.0009458    0.07143  7452%  21.9    2s
H 3980  1184                       0.0014600    0.07143  4792%  22.1    2s
H 4129  1322                       0.0014660    0.07143  4772%  22.8    2s
H 4157  1132                       0.0038249    0.07143  1767%  22.9    2s
H 4234  1178                       0.0038250    0.07140  1767%  23.1    2s
H 4284  1009                       0.0076702    0.07140   831%  23.2    2s
H 5448  1447                       0.0081482    0.06471   694%  25.0    2s
H 5451  1426                       0.0086316    0.06471   650%  25.0    2s
H 6908  2172                       0.0120997    0.06027   398%  26.0    3s
H 7217  2191                       0.0130545    0.06014   361%  25.7    3s
* 7234  2191             106       0.0130599    0.06014   360%  25.7    3s
H 7508  2217                       0.0130599    0.05974   357%  25.8    3s
H 8786  2485                       0.0139770    0.05732   310%  26.6    3s
H 8787  2394                       0.0144148    0.05732   298%  26.6    3s
H10813  3121                       0.0146892    0.05551   278%  28.2    4s
H12275  3695                       0.0146893    0.05481   273%  28.5    5s
H14083  3930                       0.0161567    0.05402   234%  29.4    5s
H14086  3810                       0.0169603    0.05402   219%  29.4    5s
 26825  7333    0.01884   40   42    0.01696    0.04812   184%  32.3   10s
H26830  7097                       0.0177226    0.04812   172%  32.3   10s
H28155  7308                       0.0180651    0.04779   165%  32.5   10s
H43064 10902                       0.0180767    0.04432   145%  33.0   14s
 45300 11342    0.02740   36   54    0.01808    0.04389   143%  33.1   15s
H52679 12421                       0.0186002    0.04284   130%  33.2   16s
H53534 12584                       0.0186003    0.04272   130%  33.2   16s
 64274 14346    0.02980   25   54    0.01860    0.04106   121%  33.4   20s
 83093 16832    0.02612   33   46    0.01860    0.03904   110%  33.4   25s
H95109 18301                       0.0186003    0.03794   104%  33.5   27s
H96633 18474                       0.0186003    0.03782   103%  33.4   28s
 103196 19379    0.01922   33   37    0.01860    0.03732   101%  33.4   30s
H119521 21253                       0.0188417    0.03619  92.1%  33.4   33s
H119653 21287                       0.0188417    0.03619  92.1%  33.4   34s
 123039 21702     cutoff   45         0.01884    0.03592  90.7%  33.3   35s
 144027 23754    0.02972   38   50    0.01884    0.03480  84.7%  33.2   40s
 161168 25153     cutoff   38         0.01884    0.03390  79.9%  33.1   45s
 180448 26666     cutoff   45         0.01884    0.03304  75.3%  32.8   50s
 200080 27776    0.02119   43   56    0.01884    0.03224  71.1%  32.6   55s
 219739 28799    0.01891   36   51    0.01884    0.03151  67.2%  32.4   60s
 241143 29656    0.02282   31   56    0.01884    0.03075  63.2%  32.2   65s
 260756 30327    0.02589   28   44    0.01884    0.03010  59.7%  32.0   70s
 279850 30941     cutoff   39         0.01884    0.02953  56.7%  31.9   75s
 302624 31407    0.02020   40   51    0.01884    0.02886  53.2%  31.7   80s
 324693 31671     cutoff   34         0.01884    0.02826  50.0%  31.4   85s
H335955 31823                       0.0188417    0.02800  48.6%  31.3   88s
 342922 31842    0.01928   47   30    0.01884    0.02781  47.6%  31.2   90s

Cutting planes:
  Gomory: 2
  Implied bound: 11
  MIR: 1
  Flow cover: 10
  Inf proof: 1
  RLT: 56
  BQP: 6

Explored 360033 nodes (11166488 simplex iterations) in 93.68 seconds (89.56 work units)
Thread count was 4 (of 4 available processors)

Solution count 10: 0.0188417 0.0186003 0.0186003 ... 0.0146892

Optimization achieved user objective limit
Best objective 1.884172792361e-02, best bound 2.742336538954e-02, gap 45.5459%
{"verdict": "PROVED", "status": "BOUND_REACHED", "runtime": 93.68303513526917, "objval": 0.018841727923606267, "objbound": 0.027423365389544294, "binaries": 46}
