Set parameter NodefileStart to value 6
Read parameters from file gurobi.env
Restricted license - for non-production use only - expires 2027-11-29
Set parameter OutputFlag to value 1
Set parameter Threads to value 4
Set parameter TimeLimit to value 360
Set parameter MIPGap to value 5e-05
Set parameter MIPFocus to value 2
Set parameter NonConvex to value 2
Set parameter BestBdStop to value 2.7426211734693878e-02
Gurobi Optimizer version 13.0.3 build v13.0.3rc0 (linux64 - "Ubuntu 24.04.5 LTS")

CPU model: AMD EPYC 7763 64-Core Processor, instruction set [SSE2|AVX|AVX2]
Thread count: 2 physical cores, 4 logical processors, using up to 4 threads

Non-default parameters:
TimeLimit  360
BestBdStop  2.7426211734693878e-02
MIPGap  5e-05
MIPFocus  2
NodefileStart  6
NonConvex  2
Threads  4

Optimize a model with 141 rows, 111 columns and 810 nonzeros (Max)
Model fingerprint: 0xd9d58932
Model has 1 linear objective coefficients
Model has 50 quadratic constraints
Variable types: 65 continuous, 46 integer (46 binary)
Coefficient statistics:
  Matrix range     [5e-01, 1e+00]
  QMatrix range    [1e+00, 1e+00]
  QLMatrix range   [1e+00, 1e+00]
  Objective range  [1e+00, 1e+00]
  Bounds range     [5e-01, 1e+00]
  RHS range        [1e+00, 1e+00]

Found heuristic solution: objective -0.0000000
Presolve time: 0.00s
Presolved: 341 rows, 112 columns, 1210 nonzeros
Presolved model has 50 bilinear constraint(s)

Solving non-convex MIQCP to global optimality

Variable types: 66 continuous, 46 integer (46 binary)
Root relaxation presolve removed 50 rows and 1 columns
Root relaxation presolved: 291 rows, 111 columns, 1160 nonzeros


Root relaxation: objective 8.333333e-02, 117 iterations, 0.00 seconds (0.00 work units)

    Nodes    |    Current Node    |     Objective Bounds      |     Work
 Expl Unexpl |  Obj  Depth IntInf | Incumbent    BestBd   Gap | It/Node Time

     0     0    0.08333    0   47   -0.00000    0.08333      -     -    0s
     0     0    0.08333    0   67   -0.00000    0.08333      -     -    0s
     0     0    0.08333    0   69   -0.00000    0.08333      -     -    0s
     0     0    0.08333    0   59   -0.00000    0.08333      -     -    0s
     0     0    0.08333    0   59   -0.00000    0.08333      -     -    0s
H    0     0                       0.0000000    0.08333      -     -    0s
H    0     0                       0.0000000    0.08333      -     -    0s
     0     0    0.07500    0   59    0.00000    0.07500      -     -    0s
     0     0    0.07500    0   63    0.00000    0.07500      -     -    0s
     0     0    0.07500    0   50    0.00000    0.07500      -     -    0s
     0     0    0.07500    0   57    0.00000    0.07500      -     -    0s
     0     0    0.07447    0   66    0.00000    0.07447      -     -    0s
     0     0    0.07447    0   68    0.00000    0.07447      -     -    0s
     0     0    0.07407    0   53    0.00000    0.07407      -     -    0s
H    0     0                       0.0000001    0.07407      -     -    0s
     0     0    0.07407    0   51    0.00000    0.07407      -     -    0s
     0     0    0.07407    0   60    0.00000    0.07407      -     -    0s
     0     0    0.07407    0   49    0.00000    0.07407      -     -    0s
     0     0    0.07407    0   49    0.00000    0.07407      -     -    0s
     0     2    0.07407    0   49    0.00000    0.07407      -     -    0s
*  618   578              87       0.0000002    0.07173      -  19.8    0s
*  619   578              88       0.0000003    0.07173      -  19.8    0s
H 1197   966                       0.0000007    0.07173      -  19.4    1s
 11608  8213    0.00000   68   20    0.00000    0.04472      -  20.6    5s
 30918 23380    0.01541   31   54    0.00000    0.04303      -  21.1   11s
 47842 32300    0.01295   43   57    0.00000    0.04182      -  22.1   15s
 65385 43874    0.00387   46   43    0.00000    0.04066      -  22.7   20s
H72389 47792                       0.0000008    0.04028      -  22.7   21s
 82533 54115    0.00015   50   54    0.00000    0.03992      -  22.9   25s
 100171 65202    0.00024   44   37    0.00000    0.03942      -  23.0   30s
H114946 74402                       0.0000008    0.03901      -  22.9   33s
 118920 76930    0.00012   51   26    0.00000    0.03894      -  23.0   35s
 133737 85714    0.00009   65   50    0.00000    0.03869      -  23.3   40s
 151474 96738    0.00002   71   36    0.00000    0.03839      -  23.7   45s
 170421 108034    0.00968   44   51    0.00000    0.03809      -  23.7   50s
 188580 119504    0.00001   83   25    0.00000    0.03775      -  23.9   55s
 207107 130665    0.01614   38   46    0.00000    0.03749      -  24.0   60s
 226262 142624    0.01405   42   59    0.00000    0.03723      -  24.1   65s
 243792 152631    0.00010   42   43    0.00000    0.03703      -  24.1   70s
 262815 163317    0.00002   62   22    0.00000    0.03682      -  24.2   75s
 280723 174395    0.01242   34   51    0.00000    0.03664      -  24.2   80s
 297283 184734    0.00004   52   49    0.00000    0.03645      -  24.2   85s
 316994 197316    0.00014   67   43    0.00000    0.03628      -  24.2   90s
 335107 207431    0.00070   52   50    0.00000    0.03608      -  24.2   95s
 353205 217781    0.02557   34   53    0.00000    0.03589      -  24.2  100s
 371519 228601     cutoff   59         0.00000    0.03573      -  24.3  105s
 390120 239669     cutoff   58         0.00000    0.03554      -  24.3  110s
 408849 250962    0.00000   87   21    0.00000    0.03539      -  24.3  115s
 424529 260380    0.00024   46   43    0.00000    0.03529      -  24.4  120s
 438455 268642    0.01810   41   51    0.00000    0.03519      -  24.4  125s
 452226 276897    0.01042   41   55    0.00000    0.03508      -  24.4  130s
 467740 285909    0.00628   37   50    0.00000    0.03499      -  24.4  135s
 484222 296220    0.00000   70   30    0.00000    0.03488      -  24.4  140s
 502507 306558    0.00003   60   52    0.00000    0.03479      -  24.4  145s
 520360 317414    0.00109   48   50    0.00000    0.03470      -  24.4  150s
 535313 325623    0.00551   41   50    0.00000    0.03463      -  24.4  155s
 553165 336123    0.01362   36   46    0.00000    0.03455      -  24.4  160s
 571115 347027    0.00009   71   50    0.00000    0.03447      -  24.5  165s
 590816 358728    0.01268   39   50    0.00000    0.03437      -  24.4  170s
 609287 369090    0.00243   36   51    0.00000    0.03426      -  24.4  175s
 627267 379727    0.00003   58   50    0.00000    0.03413      -  24.4  180s
 644975 390757    0.00009   51   43    0.00000    0.03407      -  24.5  185s
 663906 401249    0.00151   47   40    0.00000    0.03396      -  24.5  190s
 681706 411734    0.00220   46   50    0.00000    0.03389      -  24.5  195s
 697343 421656     cutoff   43         0.00000    0.03381      -  24.5  200s
 717143 434589    0.00000   67   35    0.00000    0.03374      -  24.5  205s
 735043 444839     cutoff   57         0.00000    0.03367      -  24.4  210s
 754144 455241    0.00008   54   54    0.00000    0.03360      -  24.5  215s
 772082 466144    0.00004   58   43    0.00000    0.03353      -  24.4  220s
 789822 476834    0.00002   51   46    0.00000    0.03346      -  24.5  225s
 806967 486014    0.00001   77   41    0.00000    0.03341      -  24.5  230s
 821396 494313    0.03302   26   61    0.00000    0.03338      -  24.5  235s
*834928 499614              87       0.0000009    0.03335      -  24.5  238s
 838121 501780    0.01005   45   52    0.00000    0.03334      -  24.5  240s
 853122 510761     cutoff   40         0.00000    0.03328      -  24.5  245s
 871336 522353    0.01685   38   54    0.00000    0.03323      -  24.6  250s
 890494 533701    0.00000   66   43    0.00000    0.03317      -  24.6  255s
 908849 543567     cutoff   47         0.00000    0.03310      -  24.6  260s
 926876 553878    0.00002   86   49    0.00000    0.03303      -  24.6  265s
 944305 564285    0.00137   37   50    0.00000    0.03297      -  24.6  270s
 958592 572903    0.00001   77   38    0.00000    0.03292      -  24.6  275s
 975116 583173    0.02341   36   51    0.00000    0.03287      -  24.6  280s
 992733 593360    0.00013   59   44    0.00000    0.03282      -  24.6  285s
 1007859 601652    0.00033   60   50    0.00000    0.03276      -  24.6  290s
 1022870 610464    0.00849   40   53    0.00000    0.03272      -  24.6  295s
 1040922 621430    0.00792   43   51    0.00000    0.03268      -  24.6  300s
 1058553 630991    0.02264   39   51    0.00000    0.03263      -  24.6  305s
 1076703 641423    0.00001   87   44    0.00000    0.03256      -  24.6  310s
 1095483 651831     cutoff   61         0.00000    0.03251      -  24.6  315s
H1109767 656294                       0.0000010    0.03247      -  24.6  318s
 1111854 657640    0.00002   62   42    0.00000    0.03246      -  24.6  320s
 1126940 666736    0.00483   51   52    0.00000    0.03242      -  24.6  325s
 1145530 677806    0.00003   44   36    0.00000    0.03237      -  24.6  330s
 1164363 689201     cutoff   69         0.00000    0.03232      -  24.6  335s
 1182348 699491    0.00075   50   51    0.00000    0.03228      -  24.6  340s
 1201260 710361    0.00071   55   37    0.00000    0.03223      -  24.6  345s
 1218374 720636    0.00133   51   52    0.00000    0.03218      -  24.7  350s
 1236817 731047    0.00000   70   50    0.00000    0.03214      -  24.7  355s
 1255027 741871     cutoff   62         0.00000    0.03209      -  24.6  360s

Cutting planes:
  Gomory: 26
  Lift-and-project: 6
  Implied bound: 29
  MIR: 16
  Mixing: 1
  Flow cover: 69
  Inf proof: 3
  RLT: 118
  Relax-and-lift: 22
  BQP: 25

Explored 1255045 nodes (30928320 simplex iterations) in 360.00 seconds (396.04 work units)
Thread count was 4 (of 4 available processors)

Solution count 10: 9.96534e-07 8.93195e-07 7.76782e-07 ... 1.0453e-09

Time limit reached
Best objective 9.965338416069e-07, best bound 3.209148478637e-02, gap -
{"verdict": "UNRESOLVED", "status": "TIME_LIMIT", "runtime": 360.0021450519562, "objval": 9.965338416069232e-07, "objbound": 0.032091484786365886, "binaries": 46}
