Set parameter NodefileStart to value 6
Read parameters from file gurobi.env
Restricted license - for non-production use only - expires 2027-11-29
Set parameter OutputFlag to value 1
Set parameter Threads to value 4
Set parameter TimeLimit to value 360
Set parameter MIPGap to value 5e-05
Set parameter MIPFocus to value 2
Set parameter NonConvex to value 2
Set parameter BestBdStop to value 2.7426211734693878e-02
Gurobi Optimizer version 13.0.3 build v13.0.3rc0 (linux64 - "Ubuntu 24.04.5 LTS")

CPU model: AMD EPYC 7763 64-Core Processor, instruction set [SSE2|AVX|AVX2]
Thread count: 2 physical cores, 4 logical processors, using up to 4 threads

Non-default parameters:
TimeLimit  360
BestBdStop  2.7426211734693878e-02
MIPGap  5e-05
MIPFocus  2
NodefileStart  6
NonConvex  2
Threads  4

Optimize a model with 137 rows, 107 columns and 774 nonzeros (Max)
Model fingerprint: 0x8f558154
Model has 1 linear objective coefficients
Model has 50 quadratic constraints
Variable types: 65 continuous, 42 integer (42 binary)
Coefficient statistics:
  Matrix range     [5e-01, 1e+00]
  QMatrix range    [1e+00, 1e+00]
  QLMatrix range   [1e+00, 1e+00]
  Objective range  [1e+00, 1e+00]
  Bounds range     [5e-01, 1e+00]
  RHS range        [1e+00, 1e+00]

Found heuristic solution: objective -0.0000000
Presolve time: 0.00s
Presolved: 337 rows, 108 columns, 1174 nonzeros
Presolved model has 50 bilinear constraint(s)

Solving non-convex MIQCP to global optimality

Variable types: 66 continuous, 42 integer (42 binary)
Root relaxation presolve removed 50 rows and 1 columns
Root relaxation presolved: 287 rows, 107 columns, 1124 nonzeros


Root relaxation: objective 1.250000e-01, 123 iterations, 0.00 seconds (0.00 work units)

    Nodes    |    Current Node    |     Objective Bounds      |     Work
 Expl Unexpl |  Obj  Depth IntInf | Incumbent    BestBd   Gap | It/Node Time

     0     0    0.12500    0   44   -0.00000    0.12500      -     -    0s
     0     0    0.10000    0   63   -0.00000    0.10000      -     -    0s
     0     0    0.10000    0   52   -0.00000    0.10000      -     -    0s
     0     0    0.09091    0   63   -0.00000    0.09091      -     -    0s
     0     0    0.09091    0   60   -0.00000    0.09091      -     -    0s
     0     0    0.09091    0   60   -0.00000    0.09091      -     -    0s
     0     0    0.08333    0   48   -0.00000    0.08333      -     -    0s
     0     0    0.08333    0   57   -0.00000    0.08333      -     -    0s
     0     0    0.08333    0   56   -0.00000    0.08333      -     -    0s
     0     0    0.08333    0   56   -0.00000    0.08333      -     -    0s
     0     0    0.08333    0   43   -0.00000    0.08333      -     -    0s
H    0     0                       0.0000000    0.08333      -     -    0s
H    0     0                       0.0000000    0.08333      -     -    0s
     0     0    0.08333    0   38    0.00000    0.08333      -     -    0s
     0     0    0.08333    0   38    0.00000    0.08333      -     -    0s
     0     2    0.08333    0   38    0.00000    0.08333      -     -    0s
H  527   511                       0.0000002    0.06250      -  22.9    0s
* 1722  1271             101       0.0000002    0.03840      -  29.3    1s
* 1730  1222             102       0.0000003    0.03840      -  29.2    1s
H 1781  1210                       0.0000003    0.03840      -  29.2    2s
H 2857  1664                       0.0000003    0.03840      -  31.5    2s
* 2940  1662              97       0.0000005    0.03840      -  31.1    2s
 12349  8092    0.03254   23   61    0.00000    0.03840      -  29.9    5s
 26411 17575    0.01496   30   45    0.00000    0.03710      -  25.8   10s
 47418 31419    0.01300   42   52    0.00000    0.03552      -  23.8   15s
 67449 44230    0.00172   53   53    0.00000    0.03439      -  22.9   20s
 89119 58746    0.00031   59   46    0.00000    0.03373      -  22.4   25s
H102274 66357                       0.0000009    0.03347      -  22.3   27s
 110661 71719    0.00003   68   32    0.00000    0.03321      -  22.2   30s
 130918 84926    0.00028   46   46    0.00000    0.03278      -  22.1   35s
 153501 99128    0.00047   55   51    0.00000    0.03235      -  21.9   40s
 172392 111281    0.00692   40   52    0.00000    0.03202      -  21.8   45s
 193147 124644    0.01143   36   52    0.00000    0.03174      -  21.7   50s
 216852 139426    0.00466   41   54    0.00000    0.03147      -  21.6   55s
 237193 152063    0.00831   33   50    0.00000    0.03125      -  21.5   60s
 258408 165020    0.00051   46   50    0.00000    0.03103      -  21.5   65s
 280000 178169    0.00010   45   45    0.00000    0.03085      -  21.5   70s
 298989 189772    0.00008   60   51    0.00000    0.03067      -  21.5   75s
 320663 203405    0.00196   55   51    0.00000    0.03048      -  21.5   80s
 341924 216125    0.00135   56   50    0.00000    0.03030      -  21.4   85s
 364592 230723     cutoff   43         0.00000    0.03015      -  21.3   90s
 386582 244459    0.00950   33   51    0.00000    0.03001      -  21.2   95s
 408723 257447    0.00361   51   50    0.00000    0.02986      -  21.1  100s
 429045 269984    0.01232   37   52    0.00000    0.02972      -  21.1  105s
 444359 279597     cutoff   65         0.00000    0.02963      -  21.1  110s
 461904 290676    0.01289   46   50    0.00000    0.02953      -  21.0  115s
 484623 304206     cutoff   56         0.00000    0.02942      -  21.0  120s
 506697 317968    0.00782   42   46    0.00000    0.02932      -  20.9  125s
 527701 331367    0.01029   42   52    0.00000    0.02923      -  20.9  130s
 549331 345059    0.00108   47   45    0.00000    0.02916      -  20.9  135s
 571545 358983    0.00845   49   50    0.00000    0.02907      -  20.8  140s
 592078 372494    0.00909   56   51    0.00000    0.02901      -  20.8  145s
 613089 385547    0.01480   37   50    0.00000    0.02894      -  20.7  150s
 635015 399259    0.01418   41   51    0.00000    0.02886      -  20.7  155s
 657811 412940    0.00000   82   26    0.00000    0.02877      -  20.7  160s
 679939 426477    0.00680   37   50    0.00000    0.02869      -  20.6  165s
 701698 440314    0.00289   39   41    0.00000    0.02863      -  20.6  170s
 724573 453700    0.00000   74   27    0.00000    0.02855      -  20.5  175s
 742783 464705    0.00013   63   32    0.00000    0.02849      -  20.5  180s
 765012 478163    0.00039   47   38    0.00000    0.02843      -  20.5  185s
 787326 491978    0.01965   39   50    0.00000    0.02836      -  20.5  190s
 807795 504329    0.00001   71   36    0.00000    0.02831      -  20.4  195s
 830454 518286     cutoff   47         0.00000    0.02825      -  20.4  200s
 852744 531752    0.00005   79   49    0.00000    0.02818      -  20.3  205s
 874571 545065 infeasible   49         0.00000    0.02814      -  20.3  210s
 897088 559671    0.00375   56   42    0.00000    0.02810      -  20.3  215s
 915997 571263     cutoff   45         0.00000    0.02805      -  20.3  220s
 936443 583466    0.00307   38   49    0.00000    0.02801      -  20.3  225s
 953435 593708    0.00496   39   50    0.00000    0.02797      -  20.2  230s
 974484 606277    0.00043   59   44    0.00000    0.02793      -  20.2  235s
 996575 619150    0.00002   73   30    0.00000    0.02788      -  20.2  240s
 1017188 631604     cutoff   58         0.00000    0.02784      -  20.2  245s
 1040014 644982    0.00250   46   51    0.00000    0.02779      -  20.2  250s
 1057322 655632    0.00125   53   43    0.00000    0.02776      -  20.1  255s
 1080038 669831    0.00919   50   50    0.00000    0.02772      -  20.1  260s
 1101841 683257    0.00679   43   36    0.00000    0.02768      -  20.1  265s
 1122933 695930    0.01716   38   51    0.00000    0.02764      -  20.1  270s
 1144882 709537    0.00761   45   45    0.00000    0.02761      -  20.1  275s
 1166788 723984     cutoff   56         0.00000    0.02759      -  20.1  280s
 1187994 736372     cutoff   48         0.00000    0.02755      -  20.1  285s
 1201804 745173    0.00001   77   50    0.00000    0.02753      -  20.0  290s
 1223814 758444    0.02061   38   51    0.00000    0.02751      -  20.0  295s
 1246265 771845    0.00130   49   50    0.00000    0.02747      -  20.0  300s
 1267909 785033    0.00021   70   50    0.00000    0.02744      -  20.0  305s

Cutting planes:
  Gomory: 11
  Implied bound: 14
  MIR: 15
  Mixing: 3
  Flow cover: 70
  Inf proof: 5
  RLT: 128
  Relax-and-lift: 8
  BQP: 24

Explored 1274692 nodes (25455902 simplex iterations) in 306.37 seconds (329.09 work units)
Thread count was 4 (of 4 available processors)

Solution count 9: 9.18513e-07 5.25316e-07 3.49587e-07 ... -0

Optimization achieved user objective limit
Best objective 9.185126148559e-07, best bound 2.742619547658e-02, gap -
{"verdict": "PROVED", "status": "BOUND_REACHED", "runtime": 306.37446880340576, "objval": 9.185126148558711e-07, "objbound": 0.02742619547658078, "binaries": 42}
