Set parameter NodefileStart to value 6
Read parameters from file gurobi.env
Restricted license - for non-production use only - expires 2027-11-29
Set parameter OutputFlag to value 1
Set parameter Threads to value 4
Set parameter TimeLimit to value 360
Set parameter MIPGap to value 5e-05
Set parameter MIPFocus to value 2
Set parameter NonConvex to value 2
Set parameter BestBdStop to value 2.7426211734693878e-02
Gurobi Optimizer version 13.0.3 build v13.0.3rc0 (linux64 - "Ubuntu 24.04.5 LTS")

CPU model: AMD EPYC 9V74 80-Core Processor, instruction set [SSE2|AVX|AVX2]
Thread count: 2 physical cores, 4 logical processors, using up to 4 threads

Non-default parameters:
TimeLimit  360
BestBdStop  2.7426211734693878e-02
MIPGap  5e-05
MIPFocus  2
NodefileStart  6
NonConvex  2
Threads  4

Optimize a model with 145 rows, 115 columns and 846 nonzeros (Max)
Model fingerprint: 0xf28d3ac9
Model has 1 linear objective coefficients
Model has 50 quadratic constraints
Variable types: 65 continuous, 50 integer (50 binary)
Coefficient statistics:
  Matrix range     [5e-01, 1e+00]
  QMatrix range    [1e+00, 1e+00]
  QLMatrix range   [1e+00, 1e+00]
  Objective range  [1e+00, 1e+00]
  Bounds range     [5e-01, 1e+00]
  RHS range        [1e+00, 1e+00]

Found heuristic solution: objective -0.0000000
Presolve time: 0.00s
Presolved: 345 rows, 116 columns, 1246 nonzeros
Presolved model has 50 bilinear constraint(s)

Solving non-convex MIQCP to global optimality

Variable types: 66 continuous, 50 integer (50 binary)
Root relaxation presolve removed 50 rows and 1 columns
Root relaxation presolved: 295 rows, 115 columns, 1196 nonzeros


Root relaxation: objective 8.333333e-02, 106 iterations, 0.00 seconds (0.00 work units)

    Nodes    |    Current Node    |     Objective Bounds      |     Work
 Expl Unexpl |  Obj  Depth IntInf | Incumbent    BestBd   Gap | It/Node Time

     0     0    0.08333    0   49   -0.00000    0.08333      -     -    0s
     0     0    0.06250    0   51   -0.00000    0.06250      -     -    0s
     0     0    0.06250    0   43   -0.00000    0.06250      -     -    0s
     0     0    0.06250    0   43   -0.00000    0.06250      -     -    0s
     0     0    0.06250    0   43   -0.00000    0.06250      -     -    0s
     0     0    0.06250    0   41   -0.00000    0.06250      -     -    0s
     0     0    0.06250    0   41   -0.00000    0.06250      -     -    0s
     0     2    0.06250    0   41   -0.00000    0.06250      -     -    0s
*  368   406              58       0.0000000    0.05483      -  21.4    0s
*  369   406              58       0.0000000    0.05483      -  21.4    0s
H  395   404                       0.0000001    0.05483      -  21.2    0s
H 1125   928                       0.0000004    0.05399      -  18.0    1s
H 2691  1338                       0.0000004    0.03892      -  20.4    2s
* 3202  1359              61       0.0000005    0.03367      -  20.5    2s

Cutting planes:
  Gomory: 8
  Implied bound: 17
  MIR: 1
  Flow cover: 11
  RLT: 48
  Relax-and-lift: 3
  BQP: 13

Explored 4895 nodes (99547 simplex iterations) in 3.07 seconds (2.28 work units)
Thread count was 4 (of 4 available processors)

Solution count 6: 5.42217e-07 4.21997e-07 3.8565e-07 ... -0

Optimization achieved user objective limit
Best objective 5.422172052010e-07, best bound 2.710726571434e-02, gap -
{"verdict": "PROVED", "status": "BOUND_REACHED", "runtime": 3.0659019947052, "objval": 5.422172052010451e-07, "objbound": 0.02710726571433517, "binaries": 50}
