Set parameter NodefileStart to value 6
Read parameters from file gurobi.env
Restricted license - for non-production use only - expires 2027-11-29
Set parameter OutputFlag to value 1
Set parameter Threads to value 4
Set parameter TimeLimit to value 360
Set parameter MIPGap to value 5e-05
Set parameter MIPFocus to value 2
Set parameter NonConvex to value 2
Set parameter BestBdStop to value 2.7426211734693878e-02
Gurobi Optimizer version 13.0.3 build v13.0.3rc0 (linux64 - "Ubuntu 24.04.5 LTS")

CPU model: AMD EPYC 9V74 80-Core Processor, instruction set [SSE2|AVX|AVX2]
Thread count: 2 physical cores, 4 logical processors, using up to 4 threads

Non-default parameters:
TimeLimit  360
BestBdStop  2.7426211734693878e-02
MIPGap  5e-05
MIPFocus  2
NodefileStart  6
NonConvex  2
Threads  4

Optimize a model with 145 rows, 115 columns and 846 nonzeros (Max)
Model fingerprint: 0x6ce4e5f5
Model has 1 linear objective coefficients
Model has 50 quadratic constraints
Variable types: 65 continuous, 50 integer (50 binary)
Coefficient statistics:
  Matrix range     [5e-01, 1e+00]
  QMatrix range    [1e+00, 1e+00]
  QLMatrix range   [1e+00, 1e+00]
  Objective range  [1e+00, 1e+00]
  Bounds range     [5e-01, 1e+00]
  RHS range        [1e+00, 1e+00]

Found heuristic solution: objective -0.0000000
Presolve time: 0.00s
Presolved: 345 rows, 116 columns, 1246 nonzeros
Presolved model has 50 bilinear constraint(s)

Solving non-convex MIQCP to global optimality

Variable types: 66 continuous, 50 integer (50 binary)
Found heuristic solution: objective 0.0000000
Root relaxation presolve removed 50 rows and 1 columns
Root relaxation presolved: 295 rows, 115 columns, 1196 nonzeros


Root relaxation: objective 8.333333e-02, 108 iterations, 0.00 seconds (0.00 work units)

    Nodes    |    Current Node    |     Objective Bounds      |     Work
 Expl Unexpl |  Obj  Depth IntInf | Incumbent    BestBd   Gap | It/Node Time

     0     0    0.08333    0   48    0.00000    0.08333      -     -    0s
     0     0    0.07845    0   45    0.00000    0.07845      -     -    0s
     0     0    0.07845    0   42    0.00000    0.07845      -     -    0s
     0     0    0.07845    0   37    0.00000    0.07845      -     -    0s
     0     0    0.07845    0   37    0.00000    0.07845      -     -    0s
     0     0    0.07845    0   37    0.00000    0.07845      -     -    0s
H    0     0                       0.0000003    0.07845      -     -    0s
     0     0    0.07845    0   37    0.00000    0.07845      -     -    0s
     0     2    0.07845    0   37    0.00000    0.07845      -     -    0s
H  111   136                       0.0000003    0.07845      -  24.2    0s
H  129   136                       0.0000003    0.07845      -  24.7    0s
H 1731  1319                       0.0005401    0.07824      -  17.5    1s
H 1800  1224                       0.0006123    0.07824      -  17.7    1s
H 1858  1211                       0.0006188    0.07824      -  17.9    1s
H 1930  1213                       0.0006188    0.07824      -  18.8    1s
H 1963  1159                       0.0006190    0.07824      -  18.9    1s
H 2061  1199                       0.0006497    0.07824      -  19.5    1s
H 2085  1151                       0.0007397    0.07824      -  19.6    1s
H 2151  1097                       0.0017801    0.07824  4295%  19.8    1s
H 2414  1131                       0.0037625    0.07824  1979%  20.1    1s
H 2510  1026                       0.0076229    0.07824   926%  20.1    1s
H 2651   885                       0.0099605    0.07824   686%  19.8    1s
H 2675   779                       0.0112593    0.07824   595%  19.7    1s
H 2745   751                       0.0112593    0.07824   595%  19.5    1s
 15717  5592    0.03596   25   61    0.01126    0.05341   374%  29.0    5s
 31350 14331     cutoff   39         0.01126    0.05043   348%  30.0   10s
 55539 22695    0.01279   33   51    0.01126    0.04870   333%  30.5   15s
 76512 30784    0.01211   42   53    0.01126    0.04762   323%  30.8   20s
 98088 39874    0.02865   26   56    0.01126    0.04663   314%  31.1   25s
 119777 47946     cutoff   40         0.01126    0.04604   309%  31.3   30s
 140642 55472    0.01304   38   52    0.01126    0.04555   305%  31.4   35s
 161521 62939    0.03238   31   56    0.01126    0.04496   299%  31.6   40s
 179706 69358     cutoff   33         0.01126    0.04464   296%  31.6   45s
 201271 77054    0.02563   34   56    0.01126    0.04431   294%  31.6   50s
 222233 84731    0.01432   35   54    0.01126    0.04395   290%  31.6   55s
 242340 91630    0.01395   37   52    0.01126    0.04371   288%  31.5   60s
 263035 98803     cutoff   39         0.01126    0.04346   286%  31.5   65s
 284458 106333    0.01555   38   57    0.01126    0.04321   284%  31.5   70s
H298804 96089                       0.0149349    0.04305   188%  31.5   73s
H299695 96274                       0.0149349    0.04304   188%  31.5   73s
 303268 97169    0.01559   33   58    0.01493    0.04299   188%  31.6   75s
 321218 102201    0.04206   26   53    0.01493    0.04274   186%  31.6   80s
 343274 108503    0.02103   42   55    0.01493    0.04245   184%  31.6   85s
 364187 114213     cutoff   41         0.01493    0.04223   183%  31.6   90s
 385963 120180     cutoff   39         0.01493    0.04198   181%  31.6   95s
 406731 126097    0.03651   28   55    0.01493    0.04178   180%  31.6  100s
 427980 131810    0.03086   38   57    0.01493    0.04156   178%  31.6  105s
 448633 137137     cutoff   41         0.01493    0.04135   177%  31.6  110s
 470055 142872     cutoff   37         0.01493    0.04117   176%  31.7  115s
 491044 148551    0.03461   38   56    0.01493    0.04100   175%  31.7  120s
 510167 154344    0.03145   31   56    0.01493    0.04088   174%  31.7  126s
 529024 158162     cutoff   33         0.01493    0.04075   173%  31.7  130s
 549793 163621     cutoff   33         0.01493    0.04062   172%  31.7  135s
 570957 168762     cutoff   30         0.01493    0.04047   171%  31.7  140s
 592417 174200     cutoff   43         0.01493    0.04034   170%  31.7  145s
 612880 179249 infeasible   41         0.01493    0.04022   169%  31.7  150s
 634157 184543    0.02009   37   52    0.01493    0.04010   168%  31.8  155s
 654947 189768    0.03206   42   43    0.01493    0.03996   168%  31.8  160s
 673845 194442 infeasible   39         0.01493    0.03984   167%  31.8  165s
 694440 199727    0.02031   36   46    0.01493    0.03973   166%  31.9  170s
 711972 203931    0.02152   37   47    0.01493    0.03963   165%  31.9  175s
 732264 209240     cutoff   44         0.01493    0.03952   165%  31.9  180s
 753550 214614     cutoff   40         0.01493    0.03940   164%  31.9  185s
 774927 219606    0.03558   27   52    0.01493    0.03928   163%  31.9  190s
 796287 224732    0.02667   36   52    0.01493    0.03918   162%  31.9  195s
 817075 230008    0.03026   33   68    0.01493    0.03909   162%  31.9  200s
 837776 235285     cutoff   38         0.01493    0.03899   161%  31.9  205s
 858805 240286    0.02464   35   59    0.01493    0.03888   160%  31.9  210s
 879792 245460    0.02082   33   50    0.01493    0.03879   160%  31.9  215s
 897474 250047    0.02935   32   50    0.01493    0.03871   159%  31.9  220s
 918279 255146    0.02660   39   52    0.01493    0.03863   159%  31.9  225s
 939263 261098    0.02640   44   59    0.01493    0.03854   158%  31.9  230s
 958660 266013    0.02170   29   48    0.01493    0.03848   158%  31.9  235s
 978404 270985     cutoff   31         0.01493    0.03839   157%  31.9  240s
 999348 276268    0.02988   34   55    0.01493    0.03830   156%  31.9  245s
 1019680 281345    0.02093   37   55    0.01493    0.03822   156%  31.9  250s
 1037652 285489     cutoff   41         0.01493    0.03815   155%  31.9  255s
 1056343 290038    0.01624   43   57    0.01493    0.03807   155%  31.9  260s
 1071203 293986     cutoff   41         0.01493    0.03802   155%  31.9  265s
 1089894 298663    0.01515   47   54    0.01493    0.03797   154%  31.9  270s
 1108980 303367     cutoff   44         0.01493    0.03790   154%  31.9  275s
 1128928 308452     cutoff   40         0.01493    0.03783   153%  31.9  280s
 1146940 312809     cutoff   35         0.01493    0.03777   153%  31.9  285s
 1166570 317662     cutoff   41         0.01493    0.03770   152%  31.9  290s
 1187073 322864     cutoff   36         0.01493    0.03762   152%  31.9  295s
 1208369 327986    0.01862   33   59    0.01493    0.03756   151%  31.9  300s
 1229600 332908    0.03504   26   59    0.01493    0.03749   151%  31.8  305s
 1250555 338298    0.02925   36   61    0.01493    0.03743   151%  31.9  310s
 1267932 342135     cutoff   45         0.01493    0.03737   150%  31.8  315s
 1288575 347104     cutoff   34         0.01493    0.03730   150%  31.8  320s
 1309049 351682    0.02994   29   56    0.01493    0.03724   149%  31.9  325s
 1329763 356647    0.01754   36   50    0.01493    0.03717   149%  31.9  330s
 1350682 361510    0.03395   37   61    0.01493    0.03711   149%  31.8  335s
 1371385 366666 infeasible   39         0.01493    0.03706   148%  31.8  340s
 1392516 371803    0.02719   37   60    0.01493    0.03700   148%  31.8  345s
 1413456 376562    0.01967   41   55    0.01493    0.03694   147%  31.8  350s
 1431218 380764    0.02130   28   55    0.01493    0.03689   147%  31.8  355s
 1450272 385327    0.02014   41   53    0.01493    0.03684   147%  31.8  360s

Cutting planes:
  Gomory: 23
  Implied bound: 21
  MIR: 19
  Flow cover: 16
  Inf proof: 16
  RLT: 46
  Relax-and-lift: 16
  BQP: 15

Explored 1450542 nodes (46189233 simplex iterations) in 360.00 seconds (377.32 work units)
Thread count was 4 (of 4 available processors)

Solution count 10: 0.0149349 0.0112593 0.00996045 ... 0.000618808

Time limit reached
Best objective 1.493493815270e-02, best bound 3.683525987385e-02, gap 146.6382%
{"verdict": "UNRESOLVED", "status": "TIME_LIMIT", "runtime": 360.00244307518005, "objval": 0.014934938152697603, "objbound": 0.036835259873845914, "binaries": 50}
