Set parameter NodefileStart to value 6
Read parameters from file gurobi.env
Restricted license - for non-production use only - expires 2027-11-29
Set parameter OutputFlag to value 1
Set parameter Threads to value 4
Set parameter TimeLimit to value 360
Set parameter MIPGap to value 5e-05
Set parameter MIPFocus to value 2
Set parameter NonConvex to value 2
Set parameter BestBdStop to value 2.7426211734693878e-02
Gurobi Optimizer version 13.0.3 build v13.0.3rc0 (linux64 - "Ubuntu 24.04.5 LTS")

CPU model: Intel(R) Xeon(R) Platinum 8370C CPU @ 2.80GHz, instruction set [SSE2|AVX|AVX2|AVX512]
Thread count: 2 physical cores, 4 logical processors, using up to 4 threads

Non-default parameters:
TimeLimit  360
BestBdStop  2.7426211734693878e-02
MIPGap  5e-05
MIPFocus  2
NodefileStart  6
NonConvex  2
Threads  4

Optimize a model with 141 rows, 111 columns and 810 nonzeros (Max)
Model fingerprint: 0x468ef371
Model has 1 linear objective coefficients
Model has 50 quadratic constraints
Variable types: 65 continuous, 46 integer (46 binary)
Coefficient statistics:
  Matrix range     [5e-01, 1e+00]
  QMatrix range    [1e+00, 1e+00]
  QLMatrix range   [1e+00, 1e+00]
  Objective range  [1e+00, 1e+00]
  Bounds range     [5e-01, 1e+00]
  RHS range        [1e+00, 1e+00]

Found heuristic solution: objective -0.0000000
Presolve time: 0.00s
Presolved: 341 rows, 112 columns, 1210 nonzeros
Presolved model has 50 bilinear constraint(s)

Solving non-convex MIQCP to global optimality

Variable types: 66 continuous, 46 integer (46 binary)
Root relaxation presolve removed 50 rows and 1 columns
Root relaxation presolved: 291 rows, 111 columns, 1160 nonzeros


Root relaxation: objective 8.333333e-02, 119 iterations, 0.00 seconds (0.00 work units)

    Nodes    |    Current Node    |     Objective Bounds      |     Work
 Expl Unexpl |  Obj  Depth IntInf | Incumbent    BestBd   Gap | It/Node Time

     0     0    0.08333    0   46   -0.00000    0.08333      -     -    0s
     0     0    0.07143    0   55   -0.00000    0.07143      -     -    0s
     0     0    0.07143    0   53   -0.00000    0.07143      -     -    0s
     0     0    0.07143    0   52   -0.00000    0.07143      -     -    0s
     0     0    0.07143    0   50   -0.00000    0.07143      -     -    0s
     0     0    0.07042    0   51   -0.00000    0.07042      -     -    0s
     0     0    0.07042    0   52   -0.00000    0.07042      -     -    0s
     0     0    0.07042    0   52   -0.00000    0.07042      -     -    0s
     0     0    0.07042    0   52   -0.00000    0.07042      -     -    0s
     0     2    0.07042    0   52   -0.00000    0.07042      -     -    0s
*  899   813             111       0.0000000    0.07042      -  28.3    1s
*  902   813             113       0.0000000    0.07042      -  28.2    1s
H 1178   965                       0.0000001    0.07042      -  30.0    2s
H 1178   916                       0.0000002    0.07042      -  30.0    2s
H 1178   870                       0.0000002    0.07042      -  30.0    2s
H 1178   827                       0.0000004    0.06938      -  30.0    2s
H 1184   789                       0.0019806    0.05958  2908%  29.9    2s
H 1186   750                       0.0038492    0.05941  1444%  29.8    2s
H 1186   713                       0.0042212    0.05941  1308%  29.8    2s
H 1186   677                       0.0042690    0.05941  1292%  29.8    2s
H 1186   643                       0.0042690    0.05941  1292%  29.8    2s
H 1186   610                       0.0042693    0.05941  1292%  29.8    2s
H 1192   583                       0.0095312    0.05700   498%  29.7    3s
H 2280   830                       0.0122785    0.05442   343%  36.3    4s
H 2281   782                       0.0129746    0.05442   319%  36.3    4s
  5160  1629    0.03070   28   58    0.01297    0.04682   261%  39.9    5s
*14047  4294              99       0.0130973    0.03898   198%  38.2    9s
*14050  4289             101       0.0131079    0.03898   197%  38.1    9s
*14051  4289             101       0.0131081    0.03898   197%  38.1    9s
H15089  4533                       0.0131344    0.03834   192%  38.1    9s
 16342  4799    0.01769   36   53    0.01313    0.03775   187%  37.8   10s
H16598  4929                       0.0131407    0.03773   187%  37.8   11s
H16974  5040                       0.0131407    0.03757   186%  37.7   11s
H20330  5783                       0.0131407    0.03659   178%  37.1   12s
 26701  7483    0.01407   37   56    0.01314    0.03472   164%  36.3   15s
H32752  8530                       0.0137602    0.03344   143%  35.5   16s
H33711  8697                       0.0137603    0.03330   142%  35.4   16s
 43571 10848    0.02156   25   54    0.01376    0.03173   131%  34.8   20s
 62198 14301    0.01885   36   35    0.01376    0.02967   116%  33.7   25s
H66466 14169                       0.0146547    0.02930   100%  33.5   26s
H66894 14229                       0.0146547    0.02927   100%  33.4   26s
H73775 15046                       0.0148071    0.02867  93.6%  33.3   29s
H73787 15137                       0.0148071    0.02867  93.6%  33.3   29s
 74303 15239    0.01596   41   45    0.01481    0.02865  93.5%  33.3   30s
 91839 17917     cutoff   33         0.01481    0.02747  85.5%  32.5   35s

Cutting planes:
  Gomory: 1
  Implied bound: 8
  MIR: 4
  Flow cover: 16
  RLT: 67
  Relax-and-lift: 5
  BQP: 8

Explored 93104 nodes (3020495 simplex iterations) in 35.21 seconds (27.60 work units)
Thread count was 4 (of 4 available processors)

Solution count 10: 0.0148071 0.0146547 0.0137603 ... 0.0122785

Optimization achieved user objective limit
Best objective 1.480706255318e-02, best bound 2.739771799986e-02, gap 85.0314%
{"verdict": "PROVED", "status": "BOUND_REACHED", "runtime": 35.21270298957825, "objval": 0.014807062553177028, "objbound": 0.027397717999860856, "binaries": 46}
