Set parameter NodefileStart to value 6
Read parameters from file gurobi.env
Restricted license - for non-production use only - expires 2027-11-29
Set parameter OutputFlag to value 1
Set parameter Threads to value 4
Set parameter TimeLimit to value 360
Set parameter MIPGap to value 5e-05
Set parameter MIPFocus to value 2
Set parameter NonConvex to value 2
Set parameter BestBdStop to value 2.7426211734693878e-02
Gurobi Optimizer version 13.0.3 build v13.0.3rc0 (linux64 - "Ubuntu 24.04.5 LTS")

CPU model: AMD EPYC 9V74 80-Core Processor, instruction set [SSE2|AVX|AVX2]
Thread count: 2 physical cores, 4 logical processors, using up to 4 threads

Non-default parameters:
TimeLimit  360
BestBdStop  2.7426211734693878e-02
MIPGap  5e-05
MIPFocus  2
NodefileStart  6
NonConvex  2
Threads  4

Optimize a model with 129 rows, 99 columns and 714 nonzeros (Max)
Model fingerprint: 0x93ab2a8c
Model has 1 linear objective coefficients
Model has 50 quadratic constraints
Variable types: 65 continuous, 34 integer (34 binary)
Coefficient statistics:
  Matrix range     [5e-01, 1e+00]
  QMatrix range    [1e+00, 1e+00]
  QLMatrix range   [1e+00, 1e+00]
  Objective range  [1e+00, 1e+00]
  Bounds range     [5e-01, 1e+00]
  RHS range        [1e+00, 1e+00]

Found heuristic solution: objective -0.0000000
Presolve time: 0.00s
Presolved: 329 rows, 100 columns, 1114 nonzeros
Presolved model has 50 bilinear constraint(s)

Solving non-convex MIQCP to global optimality

Variable types: 66 continuous, 34 integer (34 binary)
Root relaxation presolve removed 58 rows and 5 columns
Root relaxation presolved: 271 rows, 95 columns, 1016 nonzeros


Root relaxation: objective 1.000000e-01, 96 iterations, 0.00 seconds (0.00 work units)

    Nodes    |    Current Node    |     Objective Bounds      |     Work
 Expl Unexpl |  Obj  Depth IntInf | Incumbent    BestBd   Gap | It/Node Time

     0     0    0.10000    0   50   -0.00000    0.10000      -     -    0s
     0     0    0.08333    0   62   -0.00000    0.08333      -     -    0s
     0     0    0.08333    0   45   -0.00000    0.08333      -     -    0s
     0     0    0.08333    0   44   -0.00000    0.08333      -     -    0s
     0     0    0.08333    0   42   -0.00000    0.08333      -     -    0s
     0     0    0.08333    0   42   -0.00000    0.08333      -     -    0s
     0     0    0.08333    0   57   -0.00000    0.08333      -     -    0s
     0     0    0.08333    0   57   -0.00000    0.08333      -     -    0s
     0     0    0.08333    0   53   -0.00000    0.08333      -     -    0s
     0     0    0.08333    0   66   -0.00000    0.08333      -     -    0s
     0     0    0.08333    0   66   -0.00000    0.08333      -     -    0s
     0     0    0.08333    0   66   -0.00000    0.08333      -     -    0s
     0     0    0.08333    0   66   -0.00000    0.08333      -     -    0s
     0     2    0.08333    0   55   -0.00000    0.08333      -     -    0s
*  898   761              82       0.0000000    0.07895      -  28.6    0s
*  903   761              82       0.0000000    0.07895      -  28.4    0s
H 1210   941                       0.0000000    0.07895      -  30.6    1s
H 1212   896                       0.0000000    0.07895      -  30.5    1s
H 1218   854                       0.0000000    0.07222      -  30.4    1s
H 1220   812                       0.0000000    0.06052      -  30.3    1s
H 1221   772                       0.0000001    0.06001      -  30.3    1s
H 1224   735                       0.0000001    0.05456      -  30.2    1s
H 1292   748                       0.0000003    0.05456      -  32.1    1s
H 1452   819                       0.0000003    0.05456      -  32.1    1s
H 1462   781                       0.0000004    0.05456      -  32.2    1s
H 1717   931                       0.0000005    0.05456      -  31.1    1s
* 1876   915              97       0.0000006    0.05456      -  30.0    1s
* 1960   934             104       0.0000006    0.05456      -  29.3    1s
H 3727  1944                       0.0000010    0.05456      -  30.3    2s
 12041  7928    0.00035   65   50    0.00000    0.05456      -  24.6    5s
 33526 22801     cutoff   55         0.00000    0.05177      -  24.8   10s
 52683 35197    0.00186   46   50    0.00000    0.04959      -  25.2   15s
 76433 51068    0.00000   96   31    0.00000    0.04807      -  25.3   20s
 99211 66232    0.00610   33   39    0.00000    0.04716      -  25.6   25s
 120607 80001     cutoff   49         0.00000    0.04639      -  25.7   30s
 144153 95047    0.00000   54   26    0.00000    0.04571      -  25.8   35s
 163086 108238     cutoff   84         0.00000    0.04541      -  25.8   40s
 186356 123228    0.00001   77   38    0.00000    0.04478      -  25.8   45s
 209680 138586     cutoff   90         0.00000    0.04431      -  25.7   50s
 233288 153935    0.00080   36   50    0.00000    0.04391      -  25.6   55s
 255997 168826    0.00002   53   33    0.00000    0.04355      -  25.7   60s
 279529 184340    0.00064   47   50    0.00000    0.04324      -  25.5   65s
 302066 198888    0.01964   27   53    0.00000    0.04293      -  25.6   70s
 322144 212582    0.03638   29   51    0.00000    0.04270      -  25.6   75s
 345422 227984    0.01773   33   50    0.00000    0.04241      -  25.6   80s
 367436 242344     cutoff   38         0.00000    0.04216      -  25.6   85s
 391283 258490    0.01175   33   50    0.00000    0.04191      -  25.5   90s
 413509 272974    0.00000   69   36    0.00000    0.04172      -  25.4   95s
 435476 287063    0.02473   30   50    0.00000    0.04153      -  25.4  100s
 454444 299300    0.02447   31   50    0.00000    0.04137      -  25.4  105s
 477637 313753    0.00001   65   46    0.00000    0.04117      -  25.4  110s
 500999 328916    0.03252   30   52    0.00000    0.04103      -  25.3  115s
 524989 343728    0.00001  102   36    0.00000    0.04085      -  25.4  120s
 549009 359389    0.00247   34   33    0.00000    0.04071      -  25.3  125s
 572061 373423 infeasible   30         0.00000    0.04055      -  25.3  130s
 592871 387120    0.00001   58   33    0.00000    0.04044      -  25.3  135s
 614061 400929    0.01569   39   44    0.00000    0.04032      -  25.4  140s
 636717 415745    0.00829   46   50    0.00000    0.04018      -  25.4  145s
 658791 430475    0.01721   40   51    0.00000    0.04008      -  25.4  150s
 680662 444641    0.00022   62   31    0.00000    0.03998      -  25.4  155s
 703127 458493    0.03050   33   50    0.00000    0.03984      -  25.4  160s
 722531 471001    0.03463   28   50    0.00000    0.03974      -  25.4  165s
 744773 484164    0.00044   41   32    0.00000    0.03959      -  25.4  170s
 767975 498278    0.00000   55   29    0.00000    0.03947      -  25.4  175s
 790863 512054    0.02392   31   51    0.00000    0.03935      -  25.4  180s
 813480 526400    0.00001   55   43    0.00000    0.03925      -  25.3  185s
 832793 538949    0.00793   41   50    0.00000    0.03916      -  25.3  190s
 856411 554028    0.00049   41   42    0.00000    0.03906      -  25.3  195s
 878086 568017    0.00002   54   48    0.00000    0.03896      -  25.3  200s
 900928 582170    0.00465   38   44    0.00000    0.03886      -  25.3  205s
 923558 596024    0.00472   32   44    0.00000    0.03876      -  25.3  210s
 945775 610130    0.00484   35   51    0.00000    0.03866      -  25.3  215s
 966060 622703    0.00001   75   42    0.00000    0.03857      -  25.3  220s
 982308 632513    0.00002   58   37    0.00000    0.03849      -  25.3  225s
 1006276 648537    0.01313   34   51    0.00000    0.03842      -  25.3  230s
 1027671 661319     cutoff   39         0.00000    0.03831      -  25.3  235s
 1050373 675950     cutoff   76         0.00000    0.03822      -  25.3  240s
 1073657 690636    0.00448   32   44    0.00000    0.03814      -  25.3  245s
 1095799 705148    0.00486   42   45    0.00000    0.03806      -  25.3  250s
H1109926 712397                       0.0000010    0.03801      -  25.3  253s
 1116335 716417    0.00493   44   50    0.00000    0.03800      -  25.3  255s
 1138470 729856    0.00030   52   42    0.00000    0.03793      -  25.3  260s
 1161963 744032    0.00177   41   50    0.00000    0.03785      -  25.4  265s
 1181863 757509     cutoff   42         0.00000    0.03780      -  25.4  270s
 1203614 771053    0.00000   91   21    0.00000    0.03774      -  25.4  275s
 1224795 785281     cutoff   65         0.00000    0.03767      -  25.4  280s
H1225890 785478                       0.0000010    0.03767      -  25.4  280s
H1227323 785793                       0.0000011    0.03766      -  25.4  281s
H1228354 780684                       0.0000012    0.03766      -  25.4  282s
H1229714 781021                       0.0000012    0.03765      -  25.4  282s
H1230755 776360                       0.0000014    0.03764      -  25.4  283s
 1236205 780358    0.02276   29   44    0.00000    0.03763      -  25.5  285s
 1257151 793274    0.00949   45   50    0.00000    0.03756      -  25.5  290s
 1278431 806714     cutoff   97         0.00000    0.03751      -  25.5  295s
 1302095 820669    0.00704   43   51    0.00000    0.03741      -  25.5  300s
 1324363 834921    0.00907   34   50    0.00000    0.03734      -  25.5  305s
 1343692 847809     cutoff   48         0.00000    0.03729      -  25.5  310s
 1367477 862508    0.00002  106   30    0.00000    0.03722      -  25.6  315s
 1389517 876861    0.00001   75   21    0.00000    0.03715      -  25.6  320s
 1412303 891586    0.00051   54   50    0.00000    0.03709      -  25.5  325s
 1434225 905189    0.01209   39   51    0.00000    0.03703      -  25.6  330s
 1457687 919762     cutoff   37         0.00000    0.03695      -  25.6  335s
 1463467 923392    0.01170   38   52    0.00000    0.03693      -  25.6  340s
 1483315 935001    0.00617   36   50    0.00000    0.03688      -  25.6  345s
 1506623 950482    0.00351   45   50    0.00000    0.03682      -  25.6  350s
 1525677 961768    0.00121   33   38    0.00000    0.03676      -  25.6  355s
 1547156 975429 infeasible   36         0.00000    0.03673      -  25.6  360s

Cutting planes:
  Gomory: 12
  Implied bound: 1
  MIR: 6
  Flow cover: 24
  RLT: 82
  Relax-and-lift: 8
  BQP: 33

Explored 1547161 nodes (39633708 simplex iterations) in 360.00 seconds (349.29 work units)
Thread count was 4 (of 4 available processors)

Solution count 10: 1.39477e-06 1.23599e-06 1.22738e-06 ... 5.31783e-07

Time limit reached
Best objective 1.394766716900e-06, best bound 3.672881312620e-02, gap 2633230.1965%
{"verdict": "UNRESOLVED", "status": "TIME_LIMIT", "runtime": 360.00184297561646, "objval": 1.3947667169000866e-06, "objbound": 0.03672881312619738, "binaries": 34}
