Set parameter NodefileStart to value 6
Read parameters from file gurobi.env
Restricted license - for non-production use only - expires 2027-11-29
Set parameter OutputFlag to value 1
Set parameter Threads to value 4
Set parameter TimeLimit to value 360
Set parameter MIPGap to value 5e-05
Set parameter MIPFocus to value 2
Set parameter NonConvex to value 2
Set parameter BestBdStop to value 2.7426211734693878e-02
Gurobi Optimizer version 13.0.3 build v13.0.3rc0 (linux64 - "Ubuntu 24.04.5 LTS")

CPU model: AMD EPYC 7763 64-Core Processor, instruction set [SSE2|AVX|AVX2]
Thread count: 2 physical cores, 4 logical processors, using up to 4 threads

Non-default parameters:
TimeLimit  360
BestBdStop  2.7426211734693878e-02
MIPGap  5e-05
MIPFocus  2
NodefileStart  6
NonConvex  2
Threads  4

Optimize a model with 149 rows, 119 columns and 871 nonzeros (Max)
Model fingerprint: 0x52bed930
Model has 1 linear objective coefficients
Model has 50 quadratic constraints
Variable types: 65 continuous, 54 integer (54 binary)
Coefficient statistics:
  Matrix range     [5e-01, 1e+00]
  QMatrix range    [1e+00, 1e+00]
  QLMatrix range   [1e+00, 1e+00]
  Objective range  [1e+00, 1e+00]
  Bounds range     [5e-01, 1e+00]
  RHS range        [1e+00, 1e+00]

Found heuristic solution: objective -0.0000000
Presolve time: 0.00s
Presolved: 349 rows, 120 columns, 1271 nonzeros
Presolved model has 50 bilinear constraint(s)

Solving non-convex MIQCP to global optimality

Variable types: 66 continuous, 54 integer (54 binary)
Root relaxation presolve removed 50 rows and 1 columns
Root relaxation presolved: 299 rows, 119 columns, 1221 nonzeros


Root relaxation: objective 8.333333e-02, 108 iterations, 0.00 seconds (0.00 work units)

    Nodes    |    Current Node    |     Objective Bounds      |     Work
 Expl Unexpl |  Obj  Depth IntInf | Incumbent    BestBd   Gap | It/Node Time

     0     0    0.08333    0   45   -0.00000    0.08333      -     -    0s
     0     0    0.08333    0   63   -0.00000    0.08333      -     -    0s
     0     0    0.08333    0   50   -0.00000    0.08333      -     -    0s
     0     0    0.08333    0   55   -0.00000    0.08333      -     -    0s
     0     0    0.08333    0   40   -0.00000    0.08333      -     -    0s
     0     0    0.08333    0   41   -0.00000    0.08333      -     -    0s
     0     0    0.08333    0   47   -0.00000    0.08333      -     -    0s
     0     0    0.08333    0   38   -0.00000    0.08333      -     -    0s
     0     0    0.08333    0   43   -0.00000    0.08333      -     -    0s
     0     0    0.08333    0   43   -0.00000    0.08333      -     -    0s
     0     0    0.08333    0   43   -0.00000    0.08333      -     -    0s
     0     2    0.08333    0   43   -0.00000    0.08333      -     -    0s
H  225   230                       0.0000002    0.08333      -  31.9    0s
H 1139  1002                       0.0000003    0.08333      -  27.5    1s
H 1141   953                       0.0000003    0.08333      -  27.5    1s
H 1145   907                       0.0000005    0.08333      -  27.4    1s
* 1670  1183              84       0.0004502    0.05518      -  25.2    1s
* 1671  1139              84       0.0004504    0.05518      -  25.2    1s
H 1758  1057                       0.0011190    0.05518  4831%  24.4    1s
H 1786   999                       0.0018867    0.05518  2825%  24.1    1s
H 1908   970                       0.0018867    0.05518  2825%  23.7    1s
H 2838  1200                       0.0024780    0.04940  1894%  25.7    2s
H 2930  1182                       0.0024780    0.04940  1894%  26.0    2s
H 3151  1263                       0.0026282    0.04712  1693%  27.2    2s
H 3214  1283                       0.0026282    0.04712  1693%  27.1    2s
H 3970  1686                       0.0026476    0.04658  1659%  29.7    2s
H 4015  1661                       0.0027687    0.04658  1582%  29.7    2s
H 4278  1821                       0.0027687    0.04563  1548%  30.3    2s
H 4639  1964                       0.0027687    0.04408  1492%  30.4    2s
H 5146  2150                       0.0031983    0.04289  1241%  30.7    2s
H 5485  2320                       0.0031983    0.04237  1225%  30.8    3s
H 6152  2587                       0.0031983    0.04138  1194%  31.3    3s
H 7166  2644                       0.0041109    0.04076   892%  31.4    3s
H 8351  3109                       0.0041115    0.03947   860%  32.2    3s
H 8463  2949                       0.0049372    0.03945   699%  32.2    4s
 11243  4069    0.00528   31   46    0.00494    0.03808   671%  33.3    5s
*12895  4380              77       0.0060981    0.03738   513%  34.0    5s
*12938  3914              99       0.0079893    0.03738   368%  33.9    5s
H14195  3968                       0.0087854    0.03655   316%  34.2    5s
H16368  4406                       0.0088539    0.03573   304%  34.8    6s
 26813  7308     cutoff   39         0.00885    0.03325   276%  36.1   10s
H28533  7503                       0.0092231    0.03284   256%  36.2   10s
 43344 11160    0.02019   32   49    0.00922    0.03087   235%  36.9   15s
 60639 15128    0.01820   25   57    0.00922    0.02950   220%  37.4   20s
 79357 18858    0.00998   37   51    0.00922    0.02812   205%  37.6   25s

Cutting planes:
  Gomory: 4
  Implied bound: 25
  MIR: 5
  Flow cover: 35
  RLT: 82
  Relax-and-lift: 2
  BQP: 29

Explored 92036 nodes (3446832 simplex iterations) in 28.21 seconds (29.63 work units)
Thread count was 4 (of 4 available processors)

Solution count 10: 0.00922313 0.00885386 0.0087854 ... 0.00276866

Optimization achieved user objective limit
Best objective 9.223125992408e-03, best bound 2.742475895502e-02, gap 197.3478%
{"verdict": "PROVED", "status": "BOUND_REACHED", "runtime": 28.20894694328308, "objval": 0.00922312599240834, "objbound": 0.027424758955019956, "binaries": 54}
