Set parameter NodefileStart to value 6
Read parameters from file gurobi.env
Restricted license - for non-production use only - expires 2027-11-29
Set parameter OutputFlag to value 1
Set parameter Threads to value 4
Set parameter TimeLimit to value 360
Set parameter MIPGap to value 5e-05
Set parameter MIPFocus to value 2
Set parameter NonConvex to value 2
Set parameter BestBdStop to value 2.7426211734693878e-02
Gurobi Optimizer version 13.0.3 build v13.0.3rc0 (linux64 - "Ubuntu 24.04.5 LTS")

CPU model: AMD EPYC 7763 64-Core Processor, instruction set [SSE2|AVX|AVX2]
Thread count: 2 physical cores, 4 logical processors, using up to 4 threads

Non-default parameters:
TimeLimit  360
BestBdStop  2.7426211734693878e-02
MIPGap  5e-05
MIPFocus  2
NodefileStart  6
NonConvex  2
Threads  4

Optimize a model with 145 rows, 115 columns and 846 nonzeros (Max)
Model fingerprint: 0x46f86c49
Model has 1 linear objective coefficients
Model has 50 quadratic constraints
Variable types: 65 continuous, 50 integer (50 binary)
Coefficient statistics:
  Matrix range     [5e-01, 1e+00]
  QMatrix range    [1e+00, 1e+00]
  QLMatrix range   [1e+00, 1e+00]
  Objective range  [1e+00, 1e+00]
  Bounds range     [5e-01, 1e+00]
  RHS range        [1e+00, 1e+00]

Found heuristic solution: objective -0.0000000
Presolve time: 0.00s
Presolved: 345 rows, 116 columns, 1246 nonzeros
Presolved model has 50 bilinear constraint(s)

Solving non-convex MIQCP to global optimality

Variable types: 66 continuous, 50 integer (50 binary)
Root relaxation presolve removed 70 rows and 11 columns
Root relaxation presolved: 275 rows, 105 columns, 1076 nonzeros


Root relaxation: objective 7.142857e-02, 114 iterations, 0.00 seconds (0.00 work units)

    Nodes    |    Current Node    |     Objective Bounds      |     Work
 Expl Unexpl |  Obj  Depth IntInf | Incumbent    BestBd   Gap | It/Node Time

     0     0    0.07143    0   44   -0.00000    0.07143      -     -    0s
     0     0    0.07143    0   49   -0.00000    0.07143      -     -    0s
     0     0    0.07143    0   46   -0.00000    0.07143      -     -    0s
     0     0    0.07143    0   49   -0.00000    0.07143      -     -    0s
     0     0    0.07143    0   60   -0.00000    0.07143      -     -    0s
     0     0    0.07143    0   46   -0.00000    0.07143      -     -    0s
     0     0    0.06532    0   46   -0.00000    0.06532      -     -    0s
     0     2    0.06532    0   46   -0.00000    0.06532      -     -    0s
H 1151   947                       0.0010069    0.06532  6387%  17.6    1s
H 1151   899                       0.0020032    0.06532  3161%  17.6    1s
H 1151   854                       0.0022714    0.06532  2776%  17.6    1s
H 1534  1094                       0.0032097    0.06532  1935%  18.1    1s
H 1552  1045                       0.0040607    0.06532  1509%  18.0    1s
H 1828  1083                       0.0057447    0.06297   996%  17.3    1s
H 2924  1194                       0.0076189    0.05388   607%  22.2    2s
H 2925  1102                       0.0086014    0.05388   526%  22.2    2s
 12224  4917    0.02204   28   58    0.00860    0.04013   367%  32.5    5s
*18117  7038              86       0.0086157    0.03816   343%  33.9    6s
*18118  7038              86       0.0086160    0.03816   343%  33.9    6s
H18698  7178                       0.0086394    0.03796   339%  34.0    6s
H19284  7523                       0.0086706    0.03784   336%  34.2    7s
H20001  7699                       0.0087071    0.03772   333%  34.1    7s
H21287  8108                       0.0088437    0.03742   323%  34.1    8s
H21371  8108                       0.0088437    0.03740   323%  34.1    8s
H22391  8526                       0.0088438    0.03718   320%  34.4    8s
H22633  8004                       0.0100301    0.03717   271%  34.4    8s
H25219  8835                       0.0100883    0.03673   264%  34.3    9s
H25219  8110                       0.0112688    0.03673   226%  34.3    9s
H25680  8222                       0.0112688    0.03664   225%  34.4    9s
 27643  8886     cutoff   33         0.01127    0.03608   220%  34.5   10s
 43704 14161    0.01463   33   55    0.01127    0.03382   200%  36.0   15s
 60780 19521     cutoff   35         0.01127    0.03189   183%  36.2   20s
 73105 23853    0.01155   33   53    0.01127    0.03097   175%  36.1   25s
H86660 26563                       0.0112688    0.03035   169%  36.0   27s
 93513 28374     cutoff   30         0.01127    0.03003   167%  36.0   30s
 112508 33231    0.01601   32   45    0.01127    0.02934   160%  35.8   35s
 131748 38211    0.01860   31   62    0.01127    0.02877   155%  35.6   40s
 150325 42894    0.01891   28   34    0.01127    0.02825   151%  35.5   45s
 169983 47770 infeasible   32         0.01127    0.02779   147%  35.4   50s
 189118 52432    0.01342   34   53    0.01127    0.02744   144%  35.3   55s

Cutting planes:
  Gomory: 25
  Implied bound: 34
  MIR: 4
  Flow cover: 60
  Inf proof: 18
  RLT: 65
  Relax-and-lift: 7
  BQP: 25

Explored 190020 nodes (6700778 simplex iterations) in 55.11 seconds (58.82 work units)
Thread count was 4 (of 4 available processors)

Solution count 10: 0.0112688 0.0100883 0.0100301 ... 0.00861568

Optimization achieved user objective limit
Best objective 1.126883424669e-02, best bound 2.742301872604e-02, gap 143.3528%
{"verdict": "PROVED", "status": "BOUND_REACHED", "runtime": 55.11339998245239, "objval": 0.011268834246694507, "objbound": 0.02742301872604001, "binaries": 50}
