Set parameter NodefileStart to value 6
Read parameters from file gurobi.env
Restricted license - for non-production use only - expires 2027-11-29
Set parameter OutputFlag to value 1
Set parameter Threads to value 4
Set parameter TimeLimit to value 360
Set parameter MIPGap to value 5e-05
Set parameter MIPFocus to value 2
Set parameter NonConvex to value 2
Set parameter BestBdStop to value 2.7426211734693878e-02
Gurobi Optimizer version 13.0.3 build v13.0.3rc0 (linux64 - "Ubuntu 24.04.5 LTS")

CPU model: AMD EPYC 9V74 80-Core Processor, instruction set [SSE2|AVX|AVX2]
Thread count: 2 physical cores, 4 logical processors, using up to 4 threads

Non-default parameters:
TimeLimit  360
BestBdStop  2.7426211734693878e-02
MIPGap  5e-05
MIPFocus  2
NodefileStart  6
NonConvex  2
Threads  4

Optimize a model with 133 rows, 103 columns and 742 nonzeros (Max)
Model fingerprint: 0xd665df1f
Model has 1 linear objective coefficients
Model has 50 quadratic constraints
Variable types: 65 continuous, 38 integer (38 binary)
Coefficient statistics:
  Matrix range     [5e-01, 1e+00]
  QMatrix range    [1e+00, 1e+00]
  QLMatrix range   [1e+00, 1e+00]
  Objective range  [1e+00, 1e+00]
  Bounds range     [5e-01, 1e+00]
  RHS range        [1e+00, 1e+00]

Found heuristic solution: objective -0.0000000
Presolve time: 0.00s
Presolved: 333 rows, 104 columns, 1142 nonzeros
Presolved model has 50 bilinear constraint(s)

Solving non-convex MIQCP to global optimality

Variable types: 66 continuous, 38 integer (38 binary)
Root relaxation presolve removed 50 rows and 1 columns
Root relaxation presolved: 283 rows, 103 columns, 1092 nonzeros


Root relaxation: objective 1.041667e-01, 118 iterations, 0.00 seconds (0.00 work units)

    Nodes    |    Current Node    |     Objective Bounds      |     Work
 Expl Unexpl |  Obj  Depth IntInf | Incumbent    BestBd   Gap | It/Node Time

     0     0    0.10417    0   56   -0.00000    0.10417      -     -    0s
     0     0    0.06250    0   50   -0.00000    0.06250      -     -    0s
     0     0    0.06250    0   48   -0.00000    0.06250      -     -    0s
     0     0    0.06250    0   43   -0.00000    0.06250      -     -    0s
     0     0    0.05882    0   54   -0.00000    0.05882      -     -    0s
     0     0    0.05879    0   63   -0.00000    0.05879      -     -    0s
     0     0    0.05879    0   59   -0.00000    0.05879      -     -    0s
     0     0    0.05879    0   60   -0.00000    0.05879      -     -    0s
     0     0    0.05769    0   60   -0.00000    0.05769      -     -    0s
     0     0    0.05769    0   60   -0.00000    0.05769      -     -    0s
     0     0    0.05765    0   60   -0.00000    0.05765      -     -    0s
     0     0    0.05765    0   61   -0.00000    0.05765      -     -    0s
     0     0    0.05765    0   61   -0.00000    0.05765      -     -    0s
     0     0    0.05765    0   61   -0.00000    0.05765      -     -    0s
     0     0    0.05765    0   54   -0.00000    0.05765      -     -    0s
     0     2    0.05765    0   54   -0.00000    0.05765      -     -    0s
*  629   575              92       0.0000001    0.05556      -  33.6    0s
H 1123   926                       0.0000002    0.05357      -  36.1    1s
H 1198   943                       0.0000006    0.03478      -  36.9    1s
H 5208  3172                       0.0000006    0.03402      -  24.9    2s
H 9739  6101                       0.0000007    0.02832      -  24.6    4s

Cutting planes:
  Gomory: 10
  Implied bound: 2
  MIR: 1
  Flow cover: 9
  RLT: 54
  Relax-and-lift: 1
  BQP: 11

Explored 11861 nodes (288209 simplex iterations) in 4.89 seconds (4.26 work units)
Thread count was 4 (of 4 available processors)

Solution count 6: 6.65207e-07 6.65207e-07 6.49547e-07 ... -0

Optimization achieved user objective limit
Best objective 6.652068979540e-07, best bound 2.735083145168e-02, gap -
{"verdict": "PROVED", "status": "BOUND_REACHED", "runtime": 4.889462947845459, "objval": 6.652068979540184e-07, "objbound": 0.027350831451684956, "binaries": 38}
