Set parameter NodefileStart to value 6
Read parameters from file gurobi.env
Restricted license - for non-production use only - expires 2027-11-29
Set parameter OutputFlag to value 1
Set parameter Threads to value 4
Set parameter TimeLimit to value 360
Set parameter MIPGap to value 5e-05
Set parameter MIPFocus to value 2
Set parameter NonConvex to value 2
Set parameter BestBdStop to value 2.7426211734693878e-02
Gurobi Optimizer version 13.0.3 build v13.0.3rc0 (linux64 - "Ubuntu 24.04.5 LTS")

CPU model: AMD EPYC 7763 64-Core Processor, instruction set [SSE2|AVX|AVX2]
Thread count: 2 physical cores, 4 logical processors, using up to 4 threads

Non-default parameters:
TimeLimit  360
BestBdStop  2.7426211734693878e-02
MIPGap  5e-05
MIPFocus  2
NodefileStart  6
NonConvex  2
Threads  4

Optimize a model with 125 rows, 95 columns and 686 nonzeros (Max)
Model fingerprint: 0xd38dd1b6
Model has 1 linear objective coefficients
Model has 50 quadratic constraints
Variable types: 65 continuous, 30 integer (30 binary)
Coefficient statistics:
  Matrix range     [5e-01, 1e+00]
  QMatrix range    [1e+00, 1e+00]
  QLMatrix range   [1e+00, 1e+00]
  Objective range  [1e+00, 1e+00]
  Bounds range     [5e-01, 1e+00]
  RHS range        [1e+00, 1e+00]

Found heuristic solution: objective -0.0000000
Presolve time: 0.00s
Presolved: 325 rows, 96 columns, 1086 nonzeros
Presolved model has 50 bilinear constraint(s)

Solving non-convex MIQCP to global optimality

Variable types: 66 continuous, 30 integer (30 binary)
Root relaxation presolve removed 50 rows and 1 columns
Root relaxation presolved: 275 rows, 95 columns, 1036 nonzeros


Root relaxation: objective 8.333333e-02, 122 iterations, 0.00 seconds (0.00 work units)

    Nodes    |    Current Node    |     Objective Bounds      |     Work
 Expl Unexpl |  Obj  Depth IntInf | Incumbent    BestBd   Gap | It/Node Time

     0     0    0.08333    0   57   -0.00000    0.08333      -     -    0s
     0     0    0.08108    0   61   -0.00000    0.08108      -     -    0s
     0     0    0.07692    0   63   -0.00000    0.07692      -     -    0s
     0     0    0.07177    0   63   -0.00000    0.07177      -     -    0s
     0     0    0.07177    0   64   -0.00000    0.07177      -     -    0s
     0     0    0.07177    0   66   -0.00000    0.07177      -     -    0s
     0     0    0.07143    0   48   -0.00000    0.07143      -     -    0s
     0     0    0.07143    0   60   -0.00000    0.07143      -     -    0s
     0     0    0.07143    0   44   -0.00000    0.07143      -     -    0s
     0     0    0.07143    0   46   -0.00000    0.07143      -     -    0s
     0     0    0.07143    0   46   -0.00000    0.07143      -     -    0s
     0     0    0.07033    0   46   -0.00000    0.07033      -     -    0s
     0     2    0.07033    0   46   -0.00000    0.07033      -     -    0s
*  903   867             125       0.0000000    0.06667      -  15.7    0s
H 1179  1026                       0.0000003    0.06667      -  16.1    0s
H 1184   978                       0.0000003    0.06667      -  16.0    0s
H 1397  1068                       0.0000005    0.05703      -  20.6    1s
H 1899  1289                       0.0000007    0.05703      -  21.4    1s
H 5711  3434                       0.0000008    0.04009      -  21.7    2s
 15175  9714    0.00036   31   38    0.00000    0.03535      -  21.1    5s
 33236 21644    0.01970   28   51    0.00000    0.03277      -  22.1   10s
 57437 36720    0.01714   30   51    0.00000    0.03036      -  21.5   15s
 81277 52562     cutoff   49         0.00000    0.02923      -  20.8   20s
 104304 67120    0.00000   53   22    0.00000    0.02829      -  21.0   25s
H109525 70094                       0.0000008    0.02809      -  21.0   26s
 129161 83291    0.00035   44   51    0.00000    0.02768      -  20.9   30s

Cutting planes:
  Gomory: 12
  MIR: 1
  Flow cover: 1
  RLT: 53
  BQP: 18

Explored 140128 nodes (2924403 simplex iterations) in 32.55 seconds (33.38 work units)
Thread count was 4 (of 4 available processors)

Solution count 6: 7.8012e-07 7.74831e-07 4.56042e-07 ... -0

Optimization achieved user objective limit
Best objective 7.801196535984e-07, best bound 2.741885250632e-02, gap -
{"verdict": "PROVED", "status": "BOUND_REACHED", "runtime": 32.54873490333557, "objval": 7.801196535983659e-07, "objbound": 0.027418852506319147, "binaries": 30}
