Set parameter NodefileStart to value 6
Read parameters from file gurobi.env
Restricted license - for non-production use only - expires 2027-11-29
Set parameter OutputFlag to value 1
Set parameter Threads to value 4
Set parameter TimeLimit to value 360
Set parameter MIPGap to value 5e-05
Set parameter MIPFocus to value 2
Set parameter NonConvex to value 2
Set parameter BestBdStop to value 2.7426211734693878e-02
Gurobi Optimizer version 13.0.3 build v13.0.3rc0 (linux64 - "Ubuntu 24.04.5 LTS")

CPU model: AMD EPYC 7763 64-Core Processor, instruction set [SSE2|AVX|AVX2]
Thread count: 2 physical cores, 4 logical processors, using up to 4 threads

Non-default parameters:
TimeLimit  360
BestBdStop  2.7426211734693878e-02
MIPGap  5e-05
MIPFocus  2
NodefileStart  6
NonConvex  2
Threads  4

Optimize a model with 153 rows, 123 columns and 897 nonzeros (Max)
Model fingerprint: 0x5f285bbb
Model has 1 linear objective coefficients
Model has 50 quadratic constraints
Variable types: 65 continuous, 58 integer (58 binary)
Coefficient statistics:
  Matrix range     [5e-01, 1e+00]
  QMatrix range    [1e+00, 1e+00]
  QLMatrix range   [1e+00, 1e+00]
  Objective range  [1e+00, 1e+00]
  Bounds range     [5e-01, 1e+00]
  RHS range        [1e+00, 1e+00]

Found heuristic solution: objective -0.0000000
Presolve time: 0.00s
Presolved: 353 rows, 124 columns, 1297 nonzeros
Presolved model has 50 bilinear constraint(s)

Solving non-convex MIQCP to global optimality

Variable types: 66 continuous, 58 integer (58 binary)
Root relaxation presolve removed 50 rows and 1 columns
Root relaxation presolved: 303 rows, 123 columns, 1247 nonzeros


Root relaxation: objective 8.333333e-02, 104 iterations, 0.00 seconds (0.00 work units)

    Nodes    |    Current Node    |     Objective Bounds      |     Work
 Expl Unexpl |  Obj  Depth IntInf | Incumbent    BestBd   Gap | It/Node Time

     0     0    0.08333    0   50   -0.00000    0.08333      -     -    0s
     0     0    0.08333    0   60   -0.00000    0.08333      -     -    0s
     0     0    0.08333    0   59   -0.00000    0.08333      -     -    0s
     0     0    0.08333    0   51   -0.00000    0.08333      -     -    0s
     0     0    0.08333    0   40   -0.00000    0.08333      -     -    0s
     0     0    0.08333    0   44   -0.00000    0.08333      -     -    0s
     0     0    0.08333    0   45   -0.00000    0.08333      -     -    0s
     0     0    0.08333    0   42   -0.00000    0.08333      -     -    0s
     0     0    0.08333    0   45   -0.00000    0.08333      -     -    0s
     0     0    0.08333    0   45   -0.00000    0.08333      -     -    0s
H    0     0                       0.0043605    0.08333  1811%     -    0s
H    0     0                       0.0048077    0.08333  1633%     -    0s
H    0     0                       0.0054191    0.08333  1438%     -    0s
H    0     0                       0.0055804    0.08333  1393%     -    0s
H    0     0                       0.0060764    0.08333  1271%     -    0s
H    0     2                       0.0060764    0.08333  1271%     -    0s
     0     2    0.08333    0   62    0.00608    0.08333  1271%     -    0s
H  221   254                       0.0063497    0.08333  1212%  33.7    0s
H  253   254                       0.0064103    0.08333  1200%  32.3    0s
H  280   295                       0.0064103    0.08333  1200%  32.4    0s
H  415   389                       0.0064103    0.08333  1200%  32.6    0s
H  465   434                       0.0073441    0.08333  1035%  33.4    0s
H  482   485                       0.0073441    0.08333  1035%  33.5    0s
H  909   742                       0.0073471    0.08333  1034%  32.7    1s
H  934   778                       0.0073471    0.08333  1034%  33.2    1s
H 1037   883                       0.0077867    0.08333   970%  34.5    1s
H 1051   881                       0.0079255    0.08333   951%  34.8    1s
H 1081   918                       0.0079255    0.08333   951%  35.6    1s
H 1193   903                       0.0079344    0.05551   600%  35.3    2s
H 1437  1003                       0.0083207    0.05550   567%  36.9    2s
H 2445  1295                       0.0085496    0.05550   549%  35.5    2s
  7591  3746    0.03865   32   67    0.00855    0.05550   549%  43.1    5s
H 9468  4084                       0.0092504    0.05550   500%  43.5    5s
H 9581  4218                       0.0092504    0.05550   500%  43.4    5s
H10971  4990                       0.0092504    0.05475   492%  44.2    6s
H15351  6939                       0.0092813    0.05318   473%  45.2    8s
H16681  7581                       0.0095481    0.05277   453%  45.3    8s
H16761  7581                       0.0095481    0.05277   453%  45.3    8s
H17080  7815                       0.0095668    0.05271   451%  44.9    8s
H17819  7973                       0.0095668    0.05233   447%  44.8    9s
 20185  8966    0.04595   31   63    0.00957    0.05142   438%  44.1   10s
 32303 14040     cutoff   40         0.00957    0.04946   417%  44.2   15s
 46426 19876    0.03005   30   57    0.00957    0.04810   403%  43.9   20s
H47636 20481                       0.0095668    0.04801   402%  44.1   20s
 60153 25667    0.04677   30   69    0.00957    0.04704   392%  44.1   25s
H73981 30858                       0.0097958    0.04637   373%  44.2   29s
H74143 30523                       0.0100732    0.04636   360%  44.2   30s
H74195 30687                       0.0100732    0.04635   360%  44.2   30s
H74887 30897                       0.0100773    0.04630   359%  44.1   30s
H75918 31229                       0.0101857    0.04626   354%  44.1   30s
H75920 30426                       0.0107625    0.04626   330%  44.1   30s
H76243 30544                       0.0107625    0.04624   330%  44.1   30s
H77519 30505                       0.0111766    0.04618   313%  44.0   31s
H78651 30946                       0.0111766    0.04614   313%  44.0   31s
H79744 28027                       0.0134572    0.04609   243%  43.9   32s
H80812 27219                       0.0143966    0.04600   220%  43.9   33s
H80814 26907                       0.0146167    0.04600   215%  43.9   33s
H82045 27213                       0.0146290    0.04593   214%  43.9   33s
H82050 27157                       0.0146730    0.04593   213%  43.9   33s
 83273 28639    0.01730   34   57    0.01467    0.04583   212%  43.8   36s
H87823 28991                       0.0146730    0.04551   210%  43.8   36s
 97305 31987     cutoff   45         0.01467    0.04501   207%  43.6   40s
 110151 36151    0.03561   34   55    0.01467    0.04441   203%  43.6   45s
 124753 40572    0.01534   41   53    0.01467    0.04392   199%  43.5   50s
 139265 44773    0.01820   41   54    0.01467    0.04346   196%  43.5   55s
 150608 48474    0.01634   40   52    0.01467    0.04313   194%  43.4   60s
*157802 50187              72       0.0149435    0.04296   187%  43.3   62s
*157803 50159              71       0.0149611    0.04296   187%  43.3   62s
*157804 49240              72       0.0154119    0.04296   179%  43.3   62s
*157811 49238              74       0.0154124    0.04296   179%  43.3   62s
H158205 49146                       0.0154661    0.04295   178%  43.3   63s
H158272 49250                       0.0154661    0.04295   178%  43.3   63s
H159672 46015                       0.0171543    0.04289   150%  43.3   64s
H160918 41644                       0.0192030    0.04284   123%  43.2   64s
H160920 41537                       0.0192463    0.04284   123%  43.2   64s
H160922 41521                       0.0192575    0.04284   122%  43.2   64s
H161307 41630                       0.0192575    0.04283   122%  43.2   64s
 161380 41681    0.02862   38   51    0.01926    0.04283   122%  43.2   65s
H162766 41853                       0.0192800    0.04279   122%  43.2   65s
 174041 44328    0.02612   30   54    0.01928    0.04239   120%  43.1   70s
 188804 47487    0.02508   45   57    0.01928    0.04196   118%  42.8   75s
 203785 50239    0.02771   32   54    0.01928    0.04153   115%  42.7   80s
 218422 52908     cutoff   33         0.01928    0.04120   114%  42.6   85s
H220038 53141                       0.0192800    0.04116   113%  42.6   85s
H222944 53808                       0.0192800    0.04110   113%  42.5   87s
 229157 55013    0.03734   26   61    0.01928    0.04098   113%  42.5   90s
 243428 57306    0.03254   35   57    0.01928    0.04068   111%  42.4   95s
 257583 59762 infeasible   40         0.01928    0.04039   109%  42.3  100s
 272435 62218     cutoff   34         0.01928    0.04012   108%  42.3  105s
 287313 64572     cutoff   39         0.01928    0.03985   107%  42.2  110s
 301348 67078    0.02323   36   56    0.01928    0.03960   105%  42.1  115s
 315655 68993    0.02103   41   54    0.01928    0.03935   104%  42.1  120s
 330939 71085    0.02936   28   55    0.01928    0.03906   103%  42.0  125s
 339872 72513     cutoff   42         0.01928    0.03891   102%  41.9  130s
 355015 74667    0.03283   33   65    0.01928    0.03866   101%  41.9  135s
 369893 77089    0.02136   35   40    0.01928    0.03844  99.4%  41.8  140s
 384229 79053    0.02179   42   53    0.01928    0.03822  98.3%  41.7  145s
 399042 81507    0.02375   40   60    0.01928    0.03803  97.2%  41.6  150s
 413251 84018     cutoff   41         0.01928    0.03788  96.5%  41.6  155s
 428143 86363     cutoff   42         0.01928    0.03774  95.7%  41.6  160s
 442561 88549     cutoff   48         0.01928    0.03759  95.0%  41.5  165s
 457374 90979     cutoff   42         0.01928    0.03745  94.3%  41.5  170s
 471464 93252     cutoff   39         0.01928    0.03733  93.6%  41.5  175s
 485659 95396     cutoff   38         0.01928    0.03720  92.9%  41.4  180s
 500265 97467    0.01955   42   56    0.01928    0.03706  92.2%  41.4  185s
 514905 99669    0.01955   41   45    0.01928    0.03694  91.6%  41.4  190s
 528757 101509     cutoff   40         0.01928    0.03682  91.0%  41.3  195s
 542851 103457     cutoff   43         0.01928    0.03669  90.3%  41.3  200s
 557380 105546    0.02329   39   56    0.01928    0.03658  89.7%  41.3  205s
 567366 106886     cutoff   38         0.01928    0.03650  89.3%  41.3  210s
 581359 108912     cutoff   40         0.01928    0.03639  88.7%  41.3  215s
 595537 110909    0.02641   36   56    0.01928    0.03627  88.1%  41.3  220s
 609370 112797    0.02081   39   59    0.01928    0.03617  87.6%  41.3  225s
 621347 114290     cutoff   42         0.01928    0.03607  87.1%  41.3  230s
 635651 116037    0.03321   33   70    0.01928    0.03595  86.5%  41.2  235s
 649527 118065     cutoff   39         0.01928    0.03587  86.0%  41.2  240s
 663945 119841     cutoff   43         0.01928    0.03577  85.5%  41.2  245s
 678256 121443    0.02264   48   61    0.01928    0.03566  85.0%  41.1  250s
 692702 123120    0.02091   39   59    0.01928    0.03556  84.5%  41.1  255s
 706633 125100    0.02948   39   54    0.01928    0.03548  84.0%  41.1  260s
 721265 126861     cutoff   40         0.01928    0.03539  83.6%  41.1  265s
 735224 128605     cutoff   42         0.01928    0.03531  83.2%  41.1  270s
 749675 130325    0.02217   38   54    0.01928    0.03522  82.7%  41.0  275s
 763256 131871    0.02924   37   51    0.01928    0.03513  82.2%  41.0  280s
 772937 133047    0.02657   36   48    0.01928    0.03508  81.9%  41.0  285s
 787264 134683    0.02892   34   56    0.01928    0.03499  81.5%  40.9  290s
 800791 136227     cutoff   40         0.01928    0.03491  81.1%  40.9  295s
 814976 137649    0.03414   38   59    0.01928    0.03482  80.6%  40.9  300s
 829498 139425    0.02735   36   58    0.01928    0.03473  80.1%  40.8  305s
 844153 141092    0.01989   34   55    0.01928    0.03464  79.7%  40.8  310s
 859056 142766     cutoff   45         0.01928    0.03455  79.2%  40.7  315s
H863472 139800                       0.0197343    0.03453  75.0%  40.7  316s
H863891 139862                       0.0197343    0.03452  74.9%  40.7  316s
H865477 139959                       0.0197343    0.03452  74.9%  40.7  317s
 869604 140484     cutoff   47         0.01973    0.03448  74.7%  40.7  320s
 883441 141887     cutoff   41         0.01973    0.03440  74.3%  40.7  325s
 898280 143637     cutoff   37         0.01973    0.03431  73.9%  40.6  330s
 912810 145183    0.02417   38   57    0.01973    0.03423  73.5%  40.6  335s
 927178 146503    0.02341   35   56    0.01973    0.03415  73.1%  40.6  340s
 941441 147833    0.03122   36   35    0.01973    0.03408  72.7%  40.5  345s
 951009 148677     cutoff   38         0.01973    0.03402  72.4%  40.5  350s
 965236 150146     cutoff   43         0.01973    0.03395  72.0%  40.5  355s
 979795 151506    0.02981   33   65    0.01973    0.03387  71.6%  40.5  360s

Cutting planes:
  Gomory: 49
  Implied bound: 43
  MIR: 27
  Flow cover: 158
  Inf proof: 90
  RLT: 184
  Relax-and-lift: 17
  BQP: 44

Explored 980026 nodes (39650412 simplex iterations) in 360.00 seconds (417.38 work units)
Thread count was 4 (of 4 available processors)

Solution count 10: 0.0197343 0.01928 0.0192575 ... 0.0149611

Time limit reached
Best objective 1.973425417432e-02, best bound 3.386718972335e-02, gap 71.6163%
{"verdict": "UNRESOLVED", "status": "TIME_LIMIT", "runtime": 360.00355100631714, "objval": 0.01973425417432157, "objbound": 0.033867189723353244, "binaries": 58}
