12:17:20 UTC start: 1 unresolved seed region(s) and 0 missing piece(s) under [[[0,2,4],0],[[0,2,5],0],[[0,2,6],0],[[0,2,7],0],[[0,2,8],0],[[0,3,4],0],[[0,3,5],0],[[0,3,6],0],[[0,3,7],0],[[0,3,8],0],[[1,2,4],1],[[1,2,5],1],[[1,2,6],1],[[1,2,7],1],[[1,2,8],1],[[1,3,4],1],[[1,3,5],1],[[1,3,6],1],[[1,3,7],0],[[1,3,8],0],[[2,3,4],1],[[2,3,5],1],[[2,3,6],1],[[2,3,7],1],[[2,3,8],1],[[4,5,6],1],[[4,5,7],1],[[4,5,8],0],[[4,6,7],0]]
12:24:15 UTC split region (bound/target 36.461) on [[4,6,8],[4,7,8],[5,6,7],[5,6,8]]: 10 pieces proved, 6 open; total runs 16, proved 10, open regions 6
12:29:20 UTC split region (bound/target 1.229) on [[5,7,8],[6,7,8],[0,4,5],[0,4,6]]: 13 pieces proved, 3 open; total runs 32, proved 23, open regions 8
12:34:07 UTC split region (bound/target 1.041) on [[0,4,7],[0,4,8],[0,5,6],[0,5,7]]: 14 pieces proved, 2 open; total runs 48, proved 37, open regions 9
12:34:30 UTC split region (bound/target 1.047) on [[0,5,8],[0,6,7],[0,6,8],[0,7,8]]: 16 pieces proved, 0 open; total runs 64, proved 53, open regions 8
12:35:26 UTC split region (bound/target 1.178) on [[0,4,7],[0,4,8],[0,5,6],[0,5,7]]: 16 pieces proved, 0 open; total runs 80, proved 69, open regions 7
12:36:05 UTC split region (bound/target 1.204) on [[0,5,8],[0,6,7],[0,6,8],[0,7,8]]: 16 pieces proved, 0 open; total runs 96, proved 85, open regions 6
12:37:44 UTC split region (bound/target 1.220) on [[0,4,7],[0,4,8],[0,5,6],[0,5,7]]: 15 pieces proved, 1 open; total runs 112, proved 100, open regions 6
12:38:32 UTC split region (bound/target 1.147) on [[0,5,8],[0,6,7],[0,6,8],[0,7,8]]: 16 pieces proved, 0 open; total runs 128, proved 116, open regions 5
12:42:41 UTC split region (bound/target 1.402) on [[5,7,8],[6,7,8],[0,4,5],[0,4,6]]: 13 pieces proved, 3 open; total runs 144, proved 129, open regions 7
12:44:18 UTC split region (bound/target 1.031) on [[0,4,7],[0,4,8],[0,5,6],[0,5,7]]: 16 pieces proved, 0 open; total runs 160, proved 145, open regions 6
12:47:18 UTC split region (bound/target 1.096) on [[0,4,7],[0,4,8],[0,5,6],[0,5,7]]: 14 pieces proved, 2 open; total runs 176, proved 159, open regions 7
12:48:05 UTC split region (bound/target 1.056) on [[0,5,8],[0,6,7],[0,6,8],[0,7,8]]: 16 pieces proved, 0 open; total runs 192, proved 175, open regions 6
12:49:34 UTC split region (bound/target 1.136) on [[0,5,8],[0,6,7],[0,6,8],[0,7,8]]: 16 pieces proved, 0 open; total runs 208, proved 191, open regions 5
12:51:12 UTC split region (bound/target 1.223) on [[0,4,7],[0,4,8],[0,5,6],[0,5,7]]: 15 pieces proved, 1 open; total runs 224, proved 206, open regions 5
12:52:04 UTC split region (bound/target 1.144) on [[0,5,8],[0,6,7],[0,6,8],[0,7,8]]: 16 pieces proved, 0 open; total runs 240, proved 222, open regions 4
12:54:51 UTC split region (bound/target 1.469) on [[5,7,8],[6,7,8],[0,4,5],[0,4,6]]: 14 pieces proved, 2 open; total runs 256, proved 236, open regions 5
12:57:43 UTC split region (bound/target 1.375) on [[0,4,7],[0,4,8],[0,5,6],[0,5,7]]: 14 pieces proved, 2 open; total runs 272, proved 250, open regions 6
12:58:46 UTC region PROVED by a 300 s run (63 s); open 5
13:00:21 UTC split region (bound/target 1.084) on [[0,5,8],[0,6,7],[0,6,8],[0,7,8]]: 15 pieces proved, 1 open; total runs 289, proved 266, open regions 5
13:02:12 UTC split region (bound/target 1.125) on [[1,4,5],[1,4,6],[1,4,7],[1,4,8]]: 16 pieces proved, 0 open; total runs 305, proved 282, open regions 4
13:05:22 UTC split region (bound/target 1.383) on [[0,4,7],[0,4,8],[0,5,6],[0,5,7]]: 15 pieces proved, 1 open; total runs 321, proved 297, open regions 4
13:06:14 UTC split region (bound/target 1.085) on [[0,5,8],[0,6,7],[0,6,8],[0,7,8]]: 16 pieces proved, 0 open; total runs 337, proved 313, open regions 3
13:11:10 UTC split region (bound/target 1.543) on [[5,7,8],[6,7,8],[0,4,5],[0,4,6]]: 12 pieces proved, 4 open; total runs 353, proved 325, open regions 6
13:13:17 UTC split region (bound/target 1.262) on [[0,4,7],[0,4,8],[0,5,6],[0,5,7]]: 15 pieces proved, 1 open; total runs 369, proved 340, open regions 6
13:14:22 UTC split region (bound/target 1.030) on [[0,5,8],[0,6,7],[0,6,8],[0,7,8]]: 16 pieces proved, 0 open; total runs 385, proved 356, open regions 5
13:16:11 UTC split region (bound/target 1.323) on [[0,4,7],[0,4,8],[0,5,6],[0,5,7]]: 16 pieces proved, 0 open; total runs 401, proved 372, open regions 4
13:19:09 UTC split region (bound/target 1.332) on [[0,4,7],[0,4,8],[0,5,6],[0,5,7]]: 14 pieces proved, 2 open; total runs 417, proved 386, open regions 5
13:20:21 UTC region PROVED by a 300 s run (71 s); open 4
13:21:45 UTC split region (bound/target 1.272) on [[0,5,8],[0,6,7],[0,6,8],[0,7,8]]: 15 pieces proved, 1 open; total runs 434, proved 402, open regions 4
13:22:47 UTC split region (bound/target 1.208) on [[1,4,5],[1,4,6],[1,4,7],[1,4,8]]: 16 pieces proved, 0 open; total runs 450, proved 418, open regions 3
13:24:37 UTC split region (bound/target 1.350) on [[0,4,7],[0,4,8],[0,5,6],[0,5,7]]: 16 pieces proved, 0 open; total runs 466, proved 434, open regions 2
13:33:01 UTC split region (bound/target 1.779) on [[5,7,8],[6,7,8],[0,4,5],[0,4,6]]: 9 pieces proved, 7 open; total runs 482, proved 443, open regions 8
13:35:43 UTC split region (bound/target 1.185) on [[0,4,7],[0,4,8],[0,5,6],[0,5,7]]: 15 pieces proved, 1 open; total runs 498, proved 458, open regions 8
13:36:48 UTC region PROVED by a 300 s run (65 s); open 7
13:40:21 UTC split region (bound/target 1.271) on [[0,4,7],[0,4,8],[0,5,6],[0,5,7]]: 15 pieces proved, 1 open; total runs 515, proved 474, open regions 7
13:41:26 UTC region PROVED by a 300 s run (65 s); open 6
13:45:39 UTC split region (bound/target 1.377) on [[0,4,7],[0,4,8],[0,5,6],[0,5,7]]: 13 pieces proved, 3 open; total runs 532, proved 488, open regions 8
13:46:05 UTC split region (bound/target 1.083) on [[0,5,8],[0,6,7],[0,6,8],[0,7,8]]: 16 pieces proved, 0 open; total runs 548, proved 504, open regions 7
13:46:40 UTC split region (bound/target 1.122) on [[0,5,8],[0,6,7],[0,6,8],[0,7,8]]: 16 pieces proved, 0 open; total runs 564, proved 520, open regions 6
13:48:59 UTC split region (bound/target 1.226) on [[0,5,8],[0,6,7],[0,6,8],[0,7,8]]: 15 pieces proved, 1 open; total runs 580, proved 535, open regions 6
13:51:35 UTC split region (bound/target 1.049) on [[1,4,5],[1,4,6],[1,4,7],[1,4,8]]: 15 pieces proved, 1 open; total runs 596, proved 550, open regions 6
13:52:49 UTC region PROVED by a 300 s run (73 s); open 5
13:55:45 UTC split region (bound/target 1.383) on [[0,4,7],[0,4,8],[0,5,6],[0,5,7]]: 16 pieces proved, 0 open; total runs 613, proved 567, open regions 4
14:01:13 UTC split region (bound/target 1.504) on [[0,4,7],[0,4,8],[0,5,6],[0,5,7]]: 11 pieces proved, 5 open; total runs 629, proved 578, open regions 8
14:02:14 UTC region PROVED by a 300 s run (61 s); open 7
14:04:07 UTC split region (bound/target 1.050) on [[0,5,8],[0,6,7],[0,6,8],[0,7,8]]: 15 pieces proved, 1 open; total runs 646, proved 594, open regions 7
14:06:57 UTC split region (bound/target 1.172) on [[1,4,5],[1,4,6],[1,4,7],[1,4,8]]: 15 pieces proved, 1 open; total runs 662, proved 609, open regions 7
14:08:08 UTC region PROVED by a 300 s run (70 s); open 6
14:09:54 UTC split region (bound/target 1.243) on [[0,5,8],[0,6,7],[0,6,8],[0,7,8]]: 15 pieces proved, 1 open; total runs 679, proved 625, open regions 6
14:12:37 UTC split region (bound/target 1.026) on [[1,4,5],[1,4,6],[1,4,7],[1,4,8]]: 16 pieces proved, 0 open; total runs 695, proved 641, open regions 5
14:14:20 UTC split region (bound/target 1.255) on [[0,5,8],[0,6,7],[0,6,8],[0,7,8]]: 15 pieces proved, 1 open; total runs 711, proved 656, open regions 5
14:16:37 UTC split region (bound/target 1.158) on [[1,4,5],[1,4,6],[1,4,7],[1,4,8]]: 16 pieces proved, 0 open; total runs 727, proved 672, open regions 4
14:19:56 UTC split region (bound/target 1.429) on [[0,5,8],[0,6,7],[0,6,8],[0,7,8]]: 14 pieces proved, 2 open; total runs 743, proved 686, open regions 5
14:21:00 UTC region PROVED by a 300 s run (64 s); open 4
14:26:07 UTC split region (bound/target 1.232) on [[1,4,5],[1,4,6],[1,4,7],[1,4,8]]: 13 pieces proved, 3 open; total runs 760, proved 700, open regions 6
14:26:20 UTC split region (bound/target 1.057) on [[1,5,6],[1,5,7],[1,5,8],[1,6,7]]: 16 pieces proved, 0 open; total runs 776, proved 716, open regions 5
14:27:03 UTC split region (bound/target 1.063) on [[1,5,6],[1,5,7],[1,5,8],[1,6,7]]: 16 pieces proved, 0 open; total runs 792, proved 732, open regions 4
14:27:34 UTC split region (bound/target 1.193) on [[1,5,6],[1,5,7],[1,5,8],[1,6,7]]: 16 pieces proved, 0 open; total runs 808, proved 748, open regions 3
14:31:57 UTC split region (bound/target 1.533) on [[0,4,7],[0,4,8],[0,5,6],[0,5,7]]: 13 pieces proved, 3 open; total runs 824, proved 761, open regions 5
14:32:31 UTC split region (bound/target 1.106) on [[0,5,8],[0,6,7],[0,6,8],[0,7,8]]: 16 pieces proved, 0 open; total runs 840, proved 777, open regions 4
14:33:38 UTC split region (bound/target 1.293) on [[0,5,8],[0,6,7],[0,6,8],[0,7,8]]: 15 pieces proved, 1 open; total runs 856, proved 792, open regions 4
14:34:39 UTC split region (bound/target 1.032) on [[1,4,5],[1,4,6],[1,4,7],[1,4,8]]: 16 pieces proved, 0 open; total runs 872, proved 808, open regions 3
14:36:07 UTC split region (bound/target 1.455) on [[0,5,8],[0,6,7],[0,6,8],[0,7,8]]: 15 pieces proved, 1 open; total runs 888, proved 823, open regions 3
14:39:20 UTC split region (bound/target 1.232) on [[1,4,5],[1,4,6],[1,4,7],[1,4,8]]: 15 pieces proved, 1 open; total runs 904, proved 838, open regions 3
14:40:25 UTC split region (bound/target 1.227) on [[1,5,6],[1,5,7],[1,5,8],[1,6,7]]: 16 pieces proved, 0 open; total runs 920, proved 854, open regions 2
14:44:41 UTC split region (bound/target 1.823) on [[0,4,7],[0,4,8],[0,5,6],[0,5,7]]: 13 pieces proved, 3 open; total runs 936, proved 867, open regions 4
14:45:29 UTC split region (bound/target 1.102) on [[0,5,8],[0,6,7],[0,6,8],[0,7,8]]: 16 pieces proved, 0 open; total runs 952, proved 883, open regions 3
14:47:21 UTC split region (bound/target 1.235) on [[0,5,8],[0,6,7],[0,6,8],[0,7,8]]: 15 pieces proved, 1 open; total runs 968, proved 898, open regions 3
14:50:15 UTC split region (bound/target 1.295) on [[1,4,5],[1,4,6],[1,4,7],[1,4,8]]: 15 pieces proved, 1 open; total runs 984, proved 913, open regions 3
14:51:56 UTC split region (bound/target 1.298) on [[0,5,8],[0,6,7],[0,6,8],[0,7,8]]: 15 pieces proved, 1 open; total runs 1000, proved 928, open regions 3
14:53:04 UTC split region (bound/target 1.202) on [[1,4,5],[1,4,6],[1,4,7],[1,4,8]]: 16 pieces proved, 0 open; total runs 1016, proved 944, open regions 2
14:55:25 UTC split region (bound/target 1.345) on [[1,5,6],[1,5,7],[1,5,8],[1,6,7]]: 15 pieces proved, 1 open; total runs 1032, proved 959, open regions 2
14:56:37 UTC split region (bound/target 1.117) on [[1,6,8],[1,7,8],[2,4,5],[2,4,6]]: 16 pieces proved, 0 open; total runs 1048, proved 975, open regions 1
15:01:48 UTC split region (bound/target 1.977) on [[5,7,8],[6,7,8],[0,4,5],[0,4,6]]: 11 pieces proved, 5 open; total runs 1064, proved 986, open regions 5
15:03:10 UTC region PROVED by a 300 s run (81 s); open 4
15:03:49 UTC split region (bound/target 1.068) on [[0,4,7],[0,4,8],[0,5,6],[0,5,7]]: 16 pieces proved, 0 open; total runs 1081, proved 1003, open regions 3
15:06:02 UTC split region (bound/target 1.151) on [[0,4,7],[0,4,8],[0,5,6],[0,5,7]]: 16 pieces proved, 0 open; total runs 1097, proved 1019, open regions 2
15:09:49 UTC split region (bound/target 1.347) on [[0,4,7],[0,4,8],[0,5,6],[0,5,7]]: 13 pieces proved, 3 open; total runs 1113, proved 1032, open regions 4
15:10:20 UTC split region (bound/target 1.030) on [[0,5,8],[0,6,7],[0,6,8],[0,7,8]]: 16 pieces proved, 0 open; total runs 1129, proved 1048, open regions 3
15:10:42 UTC split region (bound/target 1.079) on [[0,5,8],[0,6,7],[0,6,8],[0,7,8]]: 16 pieces proved, 0 open; total runs 1145, proved 1064, open regions 2
15:12:34 UTC split region (bound/target 1.172) on [[0,5,8],[0,6,7],[0,6,8],[0,7,8]]: 15 pieces proved, 1 open; total runs 1161, proved 1079, open regions 2
15:14:38 UTC split region (bound/target 1.062) on [[1,4,5],[1,4,6],[1,4,7],[1,4,8]]: 15 pieces proved, 1 open; total runs 1177, proved 1094, open regions 2
15:16:04 UTC split region (bound/target 1.106) on [[1,5,6],[1,5,7],[1,5,8],[1,6,7]]: 16 pieces proved, 0 open; total runs 1193, proved 1110, open regions 1
15:20:26 UTC split region (bound/target 1.705) on [[0,4,7],[0,4,8],[0,5,6],[0,5,7]]: 12 pieces proved, 4 open; total runs 1209, proved 1122, open regions 4
15:22:21 UTC split region (bound/target 1.126) on [[0,5,8],[0,6,7],[0,6,8],[0,7,8]]: 15 pieces proved, 1 open; total runs 1225, proved 1137, open regions 4
15:23:02 UTC split region (bound/target 1.174) on [[0,5,8],[0,6,7],[0,6,8],[0,7,8]]: 16 pieces proved, 0 open; total runs 1241, proved 1153, open regions 3
15:25:03 UTC split region (bound/target 1.229) on [[0,5,8],[0,6,7],[0,6,8],[0,7,8]]: 15 pieces proved, 1 open; total runs 1257, proved 1168, open regions 3
15:26:40 UTC split region (bound/target 1.171) on [[1,4,5],[1,4,6],[1,4,7],[1,4,8]]: 16 pieces proved, 0 open; total runs 1273, proved 1184, open regions 2
15:28:34 UTC split region (bound/target 1.246) on [[1,4,5],[1,4,6],[1,4,7],[1,4,8]]: 15 pieces proved, 1 open; total runs 1289, proved 1199, open regions 2
15:29:49 UTC split region (bound/target 1.054) on [[1,5,6],[1,5,7],[1,5,8],[1,6,7]]: 16 pieces proved, 0 open; total runs 1305, proved 1215, open regions 1
15:31:04 UTC split region (bound/target 1.367) on [[0,5,8],[0,6,7],[0,6,8],[0,7,8]]: 16 pieces proved, 0 open; total runs 1321, proved 1231, open regions 0
15:31:04 UTC ALL REGIONS PROVED by this driver: runs 1321, proved 1231 (the certificate itself must still be checked with summarize.py and combine_plan_260927.py)
