Set parameter NodefileStart to value 6
Read parameters from file gurobi.env
Restricted license - for non-production use only - expires 2027-11-29
Set parameter OutputFlag to value 1
Set parameter Threads to value 4
Set parameter TimeLimit to value 360
Set parameter MIPGap to value 5e-05
Set parameter MIPFocus to value 2
Set parameter NonConvex to value 2
Set parameter BestBdStop to value 2.7426211734693878e-02
Gurobi Optimizer version 13.0.3 build v13.0.3rc0 (linux64 - "Ubuntu 24.04.5 LTS")

CPU model: Intel(R) Xeon(R) 6973P-C, instruction set [SSE2|AVX|AVX2|AVX512]
Thread count: 2 physical cores, 4 logical processors, using up to 4 threads

Non-default parameters:
TimeLimit  360
BestBdStop  2.7426211734693878e-02
MIPGap  5e-05
MIPFocus  2
NodefileStart  6
NonConvex  2
Threads  4

Optimize a model with 133 rows, 103 columns and 742 nonzeros (Max)
Model fingerprint: 0x6e3623d8
Model has 1 linear objective coefficients
Model has 50 quadratic constraints
Variable types: 65 continuous, 38 integer (38 binary)
Coefficient statistics:
  Matrix range     [5e-01, 1e+00]
  QMatrix range    [1e+00, 1e+00]
  QLMatrix range   [1e+00, 1e+00]
  Objective range  [1e+00, 1e+00]
  Bounds range     [5e-01, 1e+00]
  RHS range        [1e+00, 1e+00]

Found heuristic solution: objective -0.0000000
Presolve time: 0.00s
Presolved: 333 rows, 104 columns, 1142 nonzeros
Presolved model has 50 bilinear constraint(s)

Solving non-convex MIQCP to global optimality

Variable types: 66 continuous, 38 integer (38 binary)
Root relaxation presolve removed 50 rows and 1 columns
Root relaxation presolved: 283 rows, 103 columns, 1092 nonzeros


Root relaxation: objective 1.250000e-01, 129 iterations, 0.00 seconds (0.00 work units)

    Nodes    |    Current Node    |     Objective Bounds      |     Work
 Expl Unexpl |  Obj  Depth IntInf | Incumbent    BestBd   Gap | It/Node Time

     0     0    0.12500    0   55   -0.00000    0.12500      -     -    0s
     0     0    0.10000    0   54   -0.00000    0.10000      -     -    0s
     0     0    0.10000    0   65   -0.00000    0.10000      -     -    0s
     0     0    0.09375    0   51   -0.00000    0.09375      -     -    0s
     0     0    0.09375    0   57   -0.00000    0.09375      -     -    0s
     0     0    0.09211    0   61   -0.00000    0.09211      -     -    0s
     0     0    0.09211    0   61   -0.00000    0.09211      -     -    0s
     0     0    0.09211    0   63   -0.00000    0.09211      -     -    0s
     0     0    0.09211    0   69   -0.00000    0.09211      -     -    0s
     0     0    0.09211    0   70   -0.00000    0.09211      -     -    0s
     0     0    0.08559    0   71   -0.00000    0.08559      -     -    0s
     0     0    0.08559    0   70   -0.00000    0.08559      -     -    0s
     0     0    0.08333    0   70   -0.00000    0.08333      -     -    0s
     0     0    0.08333    0   70   -0.00000    0.08333      -     -    0s
     0     0    0.08333    0   70   -0.00000    0.08333      -     -    0s
     0     2    0.08333    0   70   -0.00000    0.08333      -     -    0s
H  229   237                       0.0000000    0.08333      -  22.1    0s
*  502   565              71       0.0000000    0.08333      -  17.2    0s
* 1103  1021             124       0.0000002    0.08333      -  17.7    0s
* 1106  1021             125       0.0000003    0.08333      -  17.6    0s
H 1199  1029                       0.0000004    0.05670      -  19.8    1s
H 1404  1113                       0.0023644    0.05670  2298%  20.5    1s
H 1485  1043                       0.0091324    0.05670   521%  21.3    1s
H 2528  1138                       0.0118745    0.05670   378%  27.1    1s
H 2547  1107                       0.0118745    0.05670   378%  27.2    1s
H 5947  1691                       0.0129808    0.04434   242%  32.4    2s
H 7538  1598                       0.0170012    0.04184   146%  33.5    2s
H 7598  1659                       0.0170012    0.04175   146%  33.6    2s
H15981  2685                       0.0200948    0.03533  75.8%  33.5    4s
H17774  2978                       0.0200948    0.03461  72.2%  33.2    4s
 19028  3053    0.02751   37   55    0.02009    0.03420  70.2%  33.2    5s
H19034  3058                       0.0200948    0.03420  70.2%  33.2    5s
H20233  3132                       0.0200948    0.03383  68.4%  33.1    5s
H20592  3214                       0.0200948    0.03381  68.3%  33.1    5s

Cutting planes:
  Gomory: 18
  Lift-and-project: 1
  MIR: 8
  Flow cover: 12
  RLT: 53
  BQP: 10

Explored 42673 nodes (1318982 simplex iterations) in 9.74 seconds (12.66 work units)
Thread count was 4 (of 4 available processors)

Solution count 10: 0.0200948 0.0170012 0.0129808 ... 8.08708e-10

Optimization achieved user objective limit
Best objective 2.009477475941e-02, best bound 2.740828475241e-02, gap 36.3951%
{"verdict": "PROVED", "status": "BOUND_REACHED", "runtime": 9.735849857330322, "objval": 0.020094774759413066, "objbound": 0.027408284752408488, "binaries": 38}
