Set parameter NodefileStart to value 6
Read parameters from file gurobi.env
Restricted license - for non-production use only - expires 2027-11-29
Set parameter OutputFlag to value 1
Set parameter Threads to value 4
Set parameter TimeLimit to value 360
Set parameter MIPGap to value 5e-05
Set parameter MIPFocus to value 2
Set parameter NonConvex to value 2
Set parameter BestBdStop to value 2.7426211734693878e-02
Gurobi Optimizer version 13.0.3 build v13.0.3rc0 (linux64 - "Ubuntu 24.04.5 LTS")

CPU model: AMD EPYC 9V74 80-Core Processor, instruction set [SSE2|AVX|AVX2|AVX512]
Thread count: 2 physical cores, 4 logical processors, using up to 4 threads

Non-default parameters:
TimeLimit  360
BestBdStop  2.7426211734693878e-02
MIPGap  5e-05
MIPFocus  2
NodefileStart  6
NonConvex  2
Threads  4

Optimize a model with 141 rows, 111 columns and 810 nonzeros (Max)
Model fingerprint: 0x831b4447
Model has 1 linear objective coefficients
Model has 50 quadratic constraints
Variable types: 65 continuous, 46 integer (46 binary)
Coefficient statistics:
  Matrix range     [5e-01, 1e+00]
  QMatrix range    [1e+00, 1e+00]
  QLMatrix range   [1e+00, 1e+00]
  Objective range  [1e+00, 1e+00]
  Bounds range     [5e-01, 1e+00]
  RHS range        [1e+00, 1e+00]

Found heuristic solution: objective -0.0000000
Presolve time: 0.00s
Presolved: 341 rows, 112 columns, 1210 nonzeros
Presolved model has 50 bilinear constraint(s)

Solving non-convex MIQCP to global optimality

Variable types: 66 continuous, 46 integer (46 binary)
Root relaxation presolve removed 50 rows and 1 columns
Root relaxation presolved: 291 rows, 111 columns, 1160 nonzeros


Root relaxation: objective 8.333333e-02, 113 iterations, 0.00 seconds (0.00 work units)

    Nodes    |    Current Node    |     Objective Bounds      |     Work
 Expl Unexpl |  Obj  Depth IntInf | Incumbent    BestBd   Gap | It/Node Time

     0     0    0.08333    0   53   -0.00000    0.08333      -     -    0s
     0     0    0.08333    0   39   -0.00000    0.08333      -     -    0s
     0     0    0.08333    0   50   -0.00000    0.08333      -     -    0s
     0     0    0.08333    0   34   -0.00000    0.08333      -     -    0s
     0     0    0.08333    0   36   -0.00000    0.08333      -     -    0s
     0     0    0.08333    0   40   -0.00000    0.08333      -     -    0s
     0     0    0.08333    0   44   -0.00000    0.08333      -     -    0s
     0     0    0.08333    0   44   -0.00000    0.08333      -     -    0s
H    0     0                       0.0000000    0.08333      -     -    0s
     0     2    0.08333    0   44    0.00000    0.08333      -     -    0s
H  106   109                       0.0000000    0.08333      -  24.0    0s
H  222   230                       0.0000000    0.08333      -  23.3    0s
H  259   274                       0.0000000    0.08333      -  23.3    0s
H  271   274                       0.0000001    0.08333      -  24.1    0s
H  539   559                       0.0000004    0.08333      -  26.0    0s
H  649   600                       0.0000005    0.08333      -  25.8    0s
* 2834  1523             142       0.0014053    0.06901  4810%  28.8    1s
* 2839  1472             144       0.0014132    0.06901  4783%  28.7    1s
* 2840  1426             145       0.0014149    0.06901  4777%  28.7    1s
H 3385  1548                       0.0014149    0.06581  4551%  30.5    1s
H 3756  1699                       0.0014430    0.06416  4346%  31.3    2s
H 4769  2241                       0.0014516    0.06224  4188%  32.4    2s
H 4950  2320                       0.0014677    0.06218  4137%  32.4    2s
H 5407  2513                       0.0014695    0.06023  3998%  32.7    2s
H 5446  2632                       0.0014695    0.06017  3995%  32.6    2s
H 6668  3223                       0.0014807    0.05877  3869%  31.8    2s
H11422  6092                       0.0014807    0.05509  3621%  33.4    4s
H14565  7795                       0.0016872    0.05343  3067%  33.5    4s
*14567  7652             104       0.0019074    0.05343  2702%  33.5    4s
*14573  7652             103       0.0019074    0.05343  2701%  33.5    4s
*14574  7652             103       0.0019080    0.05343  2701%  33.5    4s
 15919  8481    0.04659   23   53    0.00191    0.05298  2677%  33.5    5s
H16761  8966                       0.0019695    0.05235  2558%  33.4    5s
H17168  9093                       0.0019695    0.05213  2547%  33.4    5s
H20408 10454                       0.0026076    0.05092  1853%  33.7    6s
H23786 10203                       0.0050419    0.05011   894%  33.8    7s
H23838  9993                       0.0053939    0.05011   829%  33.9    7s
H23926 10179                       0.0053939    0.05009   829%  33.8    7s
H29593 12315                       0.0060503    0.04876   706%  34.3    9s
 33972 14781    0.00656   37   51    0.00605    0.04803   694%  34.5   10s
 55855 24224    0.02758   31   51    0.00605    0.04529   648%  34.8   15s
 80395 34034    0.00849   36   50    0.00605    0.04321   614%  34.6   20s
 103740 43849    0.01338   30   55    0.00605    0.04183   591%  34.8   25s
 126525 52916    0.02413   33   59    0.00605    0.04075   573%  34.6   30s
 147798 61396    0.02295   34   52    0.00605    0.03984   559%  34.6   35s
 171981 70799    0.01064   40   48    0.00605    0.03891   543%  34.5   40s
 193392 78537     cutoff   51         0.00605    0.03824   532%  34.5   45s
H207705 81239                       0.0067316    0.03775   461%  34.4   48s
 212938 83256     cutoff   30         0.00673    0.03758   458%  34.4   50s
 235817 91949    0.02508   34   50    0.00673    0.03698   449%  34.4   55s
 259505 100110    0.01129   40   42    0.00673    0.03637   440%  34.3   60s
 282569 108189    0.01087   32   44    0.00673    0.03582   432%  34.3   65s
 304560 114953    0.00890   37   54    0.00673    0.03532   425%  34.2   70s
 327461 122503    0.01050   36   52    0.00673    0.03487   418%  34.2   75s
 351529 130752    0.02781   32   51    0.00673    0.03440   411%  34.1   80s
 374197 138332    0.00702   44   51    0.00673    0.03399   405%  34.1   85s
 395534 145262    0.01032   30   49    0.00673    0.03362   399%  34.0   90s
 419409 153323     cutoff   38         0.00673    0.03324   394%  34.0   95s
 441209 160162    0.00861   41   51    0.00673    0.03295   390%  33.9  100s
 463552 167905 infeasible   40         0.00673    0.03267   385%  33.9  105s
 485235 174827    0.01140   37   39    0.00673    0.03240   381%  33.9  110s
 509207 182514    0.01830   35   42    0.00673    0.03213   377%  33.8  115s
 533692 190529    0.02197   33   53    0.00673    0.03186   373%  33.8  120s
 558028 198030     cutoff   48         0.00673    0.03163   370%  33.8  125s
 579774 204726    0.01917   37   47    0.00673    0.03143   367%  33.7  130s
 604009 211669 infeasible   34         0.00673    0.03119   363%  33.7  135s
 626610 218381    0.01918   36   55    0.00673    0.03098   360%  33.6  140s
 648809 225289    0.00940   38   56    0.00673    0.03079   357%  33.6  145s
 671237 231892     cutoff   45         0.00673    0.03059   354%  33.5  150s
 694197 239069    0.00821   43   50    0.00673    0.03040   352%  33.5  155s
 716761 245804    0.01517   35   54    0.00673    0.03021   349%  33.5  160s
 738221 252087    0.00848   38   45    0.00673    0.03006   347%  33.5  165s
 761032 259114     cutoff   40         0.00673    0.02988   344%  33.4  170s
 785322 265940    0.01118   41   56    0.00673    0.02969   341%  33.4  175s
 807049 272354    0.00830   45   50    0.00673    0.02954   339%  33.3  180s
 827509 278331    0.02004   38   53    0.00673    0.02941   337%  33.3  185s
 848557 284789    0.00822   41   50    0.00673    0.02927   335%  33.3  190s
 872033 291509     cutoff   44         0.00673    0.02912   333%  33.3  195s
 896002 298786    0.00906   37   45    0.00673    0.02898   330%  33.3  200s
 916495 305409    0.02217   31   45    0.00673    0.02887   329%  33.2  205s
 940397 312552     cutoff   43         0.00673    0.02875   327%  33.2  210s
 965298 319539     cutoff   49         0.00673    0.02861   325%  33.1  215s
 988800 326288    0.01907   32   57    0.00673    0.02849   323%  33.1  220s
 1013051 333217    0.02169   32   48    0.00673    0.02836   321%  33.1  225s
 1036377 340182     cutoff   41         0.00673    0.02825   320%  33.0  230s
 1061543 347753     cutoff   41         0.00673    0.02813   318%  33.0  235s
 1083758 354254    0.00809   38   52    0.00673    0.02803   316%  33.0  240s
 1108355 361820    0.02578   38   61    0.00673    0.02792   315%  33.0  245s
 1130070 368005    0.00701   40   53    0.00673    0.02783   313%  32.9  250s
 1155381 375779     cutoff   49         0.00673    0.02772   312%  32.9  255s
 1177718 382125    0.00701   43   51    0.00673    0.02763   310%  32.9  260s
 1202267 389429 infeasible   35         0.00673    0.02753   309%  32.9  265s
 1224608 396059    0.01407   36   50    0.00673    0.02743   308%  32.8  270s

Cutting planes:
  Gomory: 5
  Implied bound: 24
  MIR: 13
  Flow cover: 77
  Inf proof: 13
  RLT: 100
  Relax-and-lift: 13
  BQP: 21

Explored 1226849 nodes (40271696 simplex iterations) in 270.35 seconds (346.48 work units)
Thread count was 4 (of 4 available processors)

Solution count 10: 0.00673155 0.00605035 0.00539388 ... 0.00168722

Optimization achieved user objective limit
Best objective 6.731552485524e-03, best bound 2.742341841095e-02, gap 307.3862%
{"verdict": "PROVED", "status": "BOUND_REACHED", "runtime": 270.34806203842163, "objval": 0.006731552485524262, "objbound": 0.02742341841094914, "binaries": 46}
