Set parameter NodefileStart to value 6
Read parameters from file gurobi.env
Restricted license - for non-production use only - expires 2027-11-29
Set parameter OutputFlag to value 1
Set parameter Threads to value 4
Set parameter TimeLimit to value 360
Set parameter MIPGap to value 5e-05
Set parameter MIPFocus to value 2
Set parameter NonConvex to value 2
Set parameter BestBdStop to value 2.7426211734693878e-02
Gurobi Optimizer version 13.0.3 build v13.0.3rc0 (linux64 - "Ubuntu 24.04.5 LTS")

CPU model: AMD EPYC 9V45 96-Core Processor, instruction set [SSE2|AVX|AVX2|AVX512]
Thread count: 2 physical cores, 4 logical processors, using up to 4 threads

Non-default parameters:
TimeLimit  360
BestBdStop  2.7426211734693878e-02
MIPGap  5e-05
MIPFocus  2
NodefileStart  6
NonConvex  2
Threads  4

Optimize a model with 145 rows, 115 columns and 846 nonzeros (Max)
Model fingerprint: 0x78818460
Model has 1 linear objective coefficients
Model has 50 quadratic constraints
Variable types: 65 continuous, 50 integer (50 binary)
Coefficient statistics:
  Matrix range     [5e-01, 1e+00]
  QMatrix range    [1e+00, 1e+00]
  QLMatrix range   [1e+00, 1e+00]
  Objective range  [1e+00, 1e+00]
  Bounds range     [5e-01, 1e+00]
  RHS range        [1e+00, 1e+00]

Found heuristic solution: objective -0.0000000
Presolve time: 0.00s
Presolved: 345 rows, 116 columns, 1246 nonzeros
Presolved model has 50 bilinear constraint(s)

Solving non-convex MIQCP to global optimality

Variable types: 66 continuous, 50 integer (50 binary)
Root relaxation presolve removed 50 rows and 1 columns
Root relaxation presolved: 295 rows, 115 columns, 1196 nonzeros


Root relaxation: objective 8.333333e-02, 119 iterations, 0.00 seconds (0.00 work units)

    Nodes    |    Current Node    |     Objective Bounds      |     Work
 Expl Unexpl |  Obj  Depth IntInf | Incumbent    BestBd   Gap | It/Node Time

     0     0    0.08333    0   49   -0.00000    0.08333      -     -    0s
     0     0    0.07143    0   52   -0.00000    0.07143      -     -    0s
     0     0    0.07143    0   52   -0.00000    0.07143      -     -    0s
     0     0    0.07143    0   61   -0.00000    0.07143      -     -    0s
     0     0    0.07143    0   64   -0.00000    0.07143      -     -    0s
     0     0    0.07143    0   36   -0.00000    0.07143      -     -    0s
     0     0    0.07143    0   36   -0.00000    0.07143      -     -    0s
     0     2    0.07143    0   36   -0.00000    0.07143      -     -    0s
H 1181   929                       0.0000000    0.06363      -  20.6    0s
H 1207   887                       0.0000005    0.06363      -  20.6    0s
H 1912  1119                       0.0183812    0.06363   246%  19.5    1s
H 2946  1025                       0.0199545    0.05569   179%  22.1    1s
H 2963  1000                       0.0201828    0.05569   176%  22.2    1s
H 3125   953                       0.0202486    0.05346   164%  22.6    1s
H 5999  1603                       0.0202567    0.04608   128%  26.1    2s
H 8535  2228                       0.0202775    0.04411   118%  28.4    2s
 24234  5465    0.03090   27   63    0.02028    0.04009  97.7%  29.9    5s
H38990  7333                       0.0217241    0.03841  76.8%  29.6    7s
H40275  7260                       0.0223222    0.03828  71.5%  29.4    7s
H40284  7221                       0.0224119    0.03828  70.8%  29.4    7s
H41491  7367                       0.0224121    0.03814  70.2%  29.4    8s
H48859  8216                       0.0224123    0.03753  67.4%  29.2    9s
 52320  8585    0.02593   34   53    0.02241    0.03718  65.9%  29.1   10s
 85173 11658    0.03470   29   49    0.02241    0.03492  55.8%  28.6   15s
 115914 13580     cutoff   33         0.02241    0.03331  48.6%  28.3   20s
 148895 15499     cutoff   29         0.02241    0.03193  42.5%  27.8   25s
 184432 16339    0.03019   29   54    0.02241    0.03051  36.1%  27.4   30s
 220876 16284    0.02480   28   58    0.02241    0.02903  29.5%  26.8   35s
 257012 15265     cutoff   37         0.02241    0.02763  23.3%  26.3   40s

Cutting planes:
  Gomory: 25
  Implied bound: 27
  MIR: 4
  Flow cover: 31
  Inf proof: 26
  RLT: 69
  Relax-and-lift: 6
  BQP: 24

Explored 262792 nodes (6884863 simplex iterations) in 40.76 seconds (64.13 work units)
Thread count was 4 (of 4 available processors)

Solution count 10: 0.0224123 0.0224119 0.0223222 ... 0.0183812

Optimization achieved user objective limit
Best objective 2.241225648150e-02, best bound 2.742172065221e-02, gap 22.3514%
{"verdict": "PROVED", "status": "BOUND_REACHED", "runtime": 40.75869607925415, "objval": 0.022412256481496806, "objbound": 0.027421720652213755, "binaries": 50}
