Set parameter NodefileStart to value 6
Read parameters from file gurobi.env
Restricted license - for non-production use only - expires 2027-11-29
Set parameter OutputFlag to value 1
Set parameter Threads to value 4
Set parameter TimeLimit to value 360
Set parameter MIPGap to value 5e-05
Set parameter MIPFocus to value 2
Set parameter NonConvex to value 2
Set parameter BestBdStop to value 2.7426211734693878e-02
Gurobi Optimizer version 13.0.3 build v13.0.3rc0 (linux64 - "Ubuntu 24.04.5 LTS")

CPU model: AMD EPYC 7763 64-Core Processor, instruction set [SSE2|AVX|AVX2]
Thread count: 2 physical cores, 4 logical processors, using up to 4 threads

Non-default parameters:
TimeLimit  360
BestBdStop  2.7426211734693878e-02
MIPGap  5e-05
MIPFocus  2
NodefileStart  6
NonConvex  2
Threads  4

Optimize a model with 137 rows, 107 columns and 774 nonzeros (Max)
Model fingerprint: 0x5d2b7fd3
Model has 1 linear objective coefficients
Model has 50 quadratic constraints
Variable types: 65 continuous, 42 integer (42 binary)
Coefficient statistics:
  Matrix range     [5e-01, 1e+00]
  QMatrix range    [1e+00, 1e+00]
  QLMatrix range   [1e+00, 1e+00]
  Objective range  [1e+00, 1e+00]
  Bounds range     [5e-01, 1e+00]
  RHS range        [1e+00, 1e+00]

Found heuristic solution: objective -0.0000000
Presolve time: 0.00s
Presolved: 337 rows, 108 columns, 1174 nonzeros
Presolved model has 50 bilinear constraint(s)

Solving non-convex MIQCP to global optimality

Variable types: 66 continuous, 42 integer (42 binary)
Root relaxation presolve removed 50 rows and 1 columns
Root relaxation presolved: 287 rows, 107 columns, 1124 nonzeros


Root relaxation: objective 1.250000e-01, 130 iterations, 0.00 seconds (0.00 work units)

    Nodes    |    Current Node    |     Objective Bounds      |     Work
 Expl Unexpl |  Obj  Depth IntInf | Incumbent    BestBd   Gap | It/Node Time

     0     0    0.12500    0   56   -0.00000    0.12500      -     -    0s
     0     0    0.10000    0   53   -0.00000    0.10000      -     -    0s
     0     0    0.05556    0   54   -0.00000    0.05556      -     -    0s
     0     0    0.05556    0   61   -0.00000    0.05556      -     -    0s
     0     0    0.05556    0   51   -0.00000    0.05556      -     -    0s
     0     0    0.05556    0   57   -0.00000    0.05556      -     -    0s
     0     0    0.05556    0   57   -0.00000    0.05556      -     -    0s
     0     2    0.05556    0   57   -0.00000    0.05556      -     -    0s
*  565   502              79       0.0000000    0.05556      -  29.5    0s
H  677   564                       0.0000001    0.05556      -  28.5    0s
H  715   635                       0.0000002    0.05556      -  28.0    0s
* 1675  1200              76       0.0000003    0.03403      -  26.3    1s
* 1700  1213              89       0.0000004    0.03403      -  26.2    1s
* 1758  1149              80       0.0000005    0.03403      -  26.1    1s
H 3129  1766                       0.0000005    0.03054      -  25.6    2s

Cutting planes:
  Gomory: 10
  RLT: 33
  BQP: 4

Explored 7185 nodes (169259 simplex iterations) in 3.41 seconds (2.82 work units)
Thread count was 4 (of 4 available processors)

Solution count 8: 4.79645e-07 4.60351e-07 3.54963e-07 ... -0

Optimization achieved user objective limit
Best objective 4.796446043190e-07, best bound 2.719567089043e-02, gap -
{"verdict": "PROVED", "status": "BOUND_REACHED", "runtime": 3.4084699153900146, "objval": 4.796446043189851e-07, "objbound": 0.027195670890433215, "binaries": 42}
