Set parameter NodefileStart to value 6
Read parameters from file gurobi.env
Restricted license - for non-production use only - expires 2027-11-29
Set parameter OutputFlag to value 1
Set parameter Threads to value 4
Set parameter TimeLimit to value 360
Set parameter MIPGap to value 5e-05
Set parameter MIPFocus to value 2
Set parameter NonConvex to value 2
Set parameter BestBdStop to value 2.7426211734693878e-02
Gurobi Optimizer version 13.0.3 build v13.0.3rc0 (linux64 - "Ubuntu 24.04.5 LTS")

CPU model: AMD EPYC 7763 64-Core Processor, instruction set [SSE2|AVX|AVX2]
Thread count: 2 physical cores, 4 logical processors, using up to 4 threads

Non-default parameters:
TimeLimit  360
BestBdStop  2.7426211734693878e-02
MIPGap  5e-05
MIPFocus  2
NodefileStart  6
NonConvex  2
Threads  4

Optimize a model with 141 rows, 111 columns and 810 nonzeros (Max)
Model fingerprint: 0xb25ee500
Model has 1 linear objective coefficients
Model has 50 quadratic constraints
Variable types: 65 continuous, 46 integer (46 binary)
Coefficient statistics:
  Matrix range     [5e-01, 1e+00]
  QMatrix range    [1e+00, 1e+00]
  QLMatrix range   [1e+00, 1e+00]
  Objective range  [1e+00, 1e+00]
  Bounds range     [5e-01, 1e+00]
  RHS range        [1e+00, 1e+00]

Found heuristic solution: objective -0.0000000
Presolve time: 0.00s
Presolved: 341 rows, 112 columns, 1210 nonzeros
Presolved model has 50 bilinear constraint(s)

Solving non-convex MIQCP to global optimality

Variable types: 66 continuous, 46 integer (46 binary)
Root relaxation presolve removed 50 rows and 1 columns
Root relaxation presolved: 291 rows, 111 columns, 1160 nonzeros


Root relaxation: objective 8.333333e-02, 115 iterations, 0.00 seconds (0.00 work units)

    Nodes    |    Current Node    |     Objective Bounds      |     Work
 Expl Unexpl |  Obj  Depth IntInf | Incumbent    BestBd   Gap | It/Node Time

     0     0    0.08333    0   48   -0.00000    0.08333      -     -    0s
     0     0    0.08333    0   65   -0.00000    0.08333      -     -    0s
     0     0    0.08333    0   43   -0.00000    0.08333      -     -    0s
     0     0    0.08333    0   55   -0.00000    0.08333      -     -    0s
     0     0    0.08333    0   34   -0.00000    0.08333      -     -    0s
H    0     0                       0.0000002    0.08333      -     -    0s
     0     0    0.08108    0   38    0.00000    0.08108      -     -    0s
     0     0    0.08108    0   39    0.00000    0.08108      -     -    0s
     0     0    0.08108    0   39    0.00000    0.08108      -     -    0s
     0     2    0.08108    0   39    0.00000    0.08108      -     -    0s
* 1908  1317              94       0.0012140    0.07277  5895%  21.0    2s
* 1912  1249              96       0.0017025    0.07277  4174%  21.0    2s
* 1914  1202              97       0.0017169    0.07277  4139%  21.0    2s
* 1916  1158              98       0.0017195    0.07277  4132%  20.9    2s
* 1917  1116              99       0.0017197    0.07277  4132%  20.9    2s
* 1920  1076             100       0.0017199    0.07277  4131%  20.9    2s
H 1949   955                       0.0049807    0.07277  1361%  20.7    2s
H 2003   937                       0.0051261    0.07210  1306%  20.8    2s
* 2027   896             116       0.0051417    0.07210  1302%  20.6    2s
* 2033   862             116       0.0051421    0.07210  1302%  20.6    2s
H 2099   849                       0.0051737    0.07060  1265%  20.7    2s
* 2255   895             106       0.0056535    0.07060  1149%  21.2    2s
* 2270   857             114       0.0058968    0.07060  1097%  21.1    2s
* 2273   830             115       0.0058985    0.07060  1097%  21.0    2s
H 2312   821                       0.0058985    0.06994  1086%  21.2    2s
H 3345  1322                       0.0062820    0.06457   928%  29.1    2s
H 3346  1306                       0.0065758    0.06457   882%  29.1    2s
H 3347  1299                       0.0067194    0.06457   861%  29.1    2s
H 5332  2354                       0.0067194    0.05984   790%  32.7    3s
H 5406  2446                       0.0067195    0.05984   790%  32.7    3s
H 7778  3444                       0.0069321    0.05684   720%  35.6    4s
H 8114  3715                       0.0069613    0.05668   714%  35.7    4s
H 9312  3853                       0.0080084    0.05569   595%  35.9    4s
H 9412  3833                       0.0081374    0.05569   584%  35.9    4s
H 9414  3942                       0.0082042    0.05569   579%  35.9    4s
 10204  4296     cutoff   42         0.00820    0.05503   571%  35.8    5s
 26081 11272     cutoff   43         0.00820    0.04932   501%  39.6   10s
 40854 16608    0.01452   34   54    0.00820    0.04660   468%  39.1   15s
 58231 23543    0.03021   34   61    0.00820    0.04481   446%  39.1   20s
H63965 21248                       0.0123360    0.04432   259%  38.9   21s
H64236 21220                       0.0123360    0.04432   259%  38.9   22s
*67656 22413              89       0.0124114    0.04406   255%  38.8   23s
*67701 22139             106       0.0126768    0.04406   248%  38.8   23s
*67703 22138             107       0.0126797    0.04406   248%  38.8   23s
H68968 22047                       0.0130967    0.04397   236%  38.8   24s
H68969 22030                       0.0131049    0.04397   236%  38.8   24s
H70301 21953                       0.0135241    0.04386   224%  38.7   24s
 71125 22292    0.01686   42   53    0.01352    0.04376   224%  38.8   25s
H71450 22094                       0.0136978    0.04373   219%  38.8   25s
 87929 26667    0.01578   39   56    0.01370    0.04258   211%  38.5   30s
 106619 31845     cutoff   34         0.01370    0.04151   203%  38.3   35s
 125305 36634    0.01370   34   45    0.01370    0.04052   196%  38.1   40s
 143753 40897    0.02811   31   51    0.01370    0.03966   190%  38.0   45s
 161872 45268    0.02402   38   53    0.01370    0.03896   184%  38.0   50s
 180167 49545    0.02069   34   53    0.01370    0.03840   180%  37.9   55s
 194815 52884     cutoff   36         0.01370    0.03798   177%  37.9   60s
 213333 57036    0.01924   43   54    0.01370    0.03748   174%  37.9   65s
 231443 61117    0.01911   36   56    0.01370    0.03704   170%  37.8   70s
 249496 65043    0.01943   41   53    0.01370    0.03662   167%  37.8   75s
 267705 68781    0.01502   38   57    0.01370    0.03621   164%  37.8   80s
 285897 72449    0.01476   37   52    0.01370    0.03579   161%  37.8   85s
 304083 75567    0.01506   30   54    0.01370    0.03544   159%  37.7   90s
 320355 78850    0.02277   38   47    0.01370    0.03511   156%  37.7   95s
 338192 82032    0.02486   34   50    0.01370    0.03480   154%  37.6  100s
 353368 84683    0.02433   38   50    0.01370    0.03453   152%  37.5  105s
 371505 88055    0.01574   34   44    0.01370    0.03423   150%  37.5  110s
 390456 91315    0.01672   34   55    0.01370    0.03395   148%  37.4  115s
 408572 94262    0.01623   36   55    0.01370    0.03367   146%  37.4  120s
 426983 97569    0.01381   37   56    0.01370    0.03338   144%  37.4  125s
 445743 100646    0.01600   39   45    0.01370    0.03315   142%  37.3  130s
 464392 103469    0.01971   37   55    0.01370    0.03291   140%  37.2  135s
H466387 101379                       0.0141017    0.03288   133%  37.2  135s
H466393 101430                       0.0141017    0.03288   133%  37.2  135s
 478248 103126     cutoff   44         0.01410    0.03273   132%  37.2  140s
H496360 89532                       0.0167696    0.03251  93.9%  37.1  144s
 496558 89513    0.01798   43   60    0.01677    0.03251  93.9%  37.1  145s
H496836 89513                       0.0167696    0.03250  93.8%  37.1  145s
 513981 90906     cutoff   37         0.01677    0.03224  92.3%  37.1  150s
 532954 92474     cutoff   36         0.01677    0.03197  90.6%  37.0  155s
 551474 93877    0.02145   36   54    0.01677    0.03170  89.0%  37.0  160s
 569963 95141    0.02293   31   44    0.01677    0.03144  87.5%  36.9  165s
 588702 96381    0.02064   39   49    0.01677    0.03119  86.0%  36.9  170s
 607782 97643 infeasible   37         0.01677    0.03093  84.4%  36.8  175s
 626287 98725    0.01799   47   54    0.01677    0.03069  83.0%  36.8  180s
 645055 99673    0.01915   38   51    0.01677    0.03046  81.6%  36.7  185s
 663881 100479    0.02226   32   58    0.01677    0.03022  80.2%  36.7  190s
 681939 101413    0.01862   38   57    0.01677    0.03000  78.9%  36.6  195s
 697114 102055 infeasible   35         0.01677    0.02983  77.9%  36.6  200s
 715858 102802     cutoff   40         0.01677    0.02963  76.7%  36.5  205s
 734337 103576     cutoff   39         0.01677    0.02943  75.5%  36.4  210s
 753058 104282     cutoff   34         0.01677    0.02922  74.2%  36.4  215s
 772125 104862    0.02304   40   53    0.01677    0.02901  73.0%  36.4  220s
 788959 105641     cutoff   37         0.01677    0.02882  71.9%  36.3  225s
 807373 106072    0.01693   40   52    0.01677    0.02863  70.7%  36.3  230s
 826237 106521     cutoff   34         0.01677    0.02842  69.5%  36.2  235s
 845035 106673    0.01927   36   46    0.01677    0.02821  68.2%  36.2  240s
 859886 106938    0.02346   37   54    0.01677    0.02806  67.3%  36.2  245s
 878809 107279    0.01887   36   52    0.01677    0.02787  66.2%  36.1  250s
 897998 107532     cutoff   41         0.01677    0.02768  65.1%  36.1  255s
 917404 107613     cutoff   43         0.01677    0.02749  63.9%  36.0  260s

Cutting planes:
  Gomory: 30
  Implied bound: 32
  MIR: 4
  Mixing: 2
  Flow cover: 85
  Inf proof: 20
  RLT: 103
  Relax-and-lift: 21
  BQP: 33

Explored 923610 nodes (33275594 simplex iterations) in 261.63 seconds (291.81 work units)
Thread count was 4 (of 4 available processors)

Solution count 10: 0.0167696 0.0141017 0.0136978 ... 0.012336

Optimization achieved user objective limit
Best objective 1.676961722172e-02, best bound 2.742266887682e-02, gap 63.5259%
{"verdict": "PROVED", "status": "BOUND_REACHED", "runtime": 261.62772011756897, "objval": 0.01676961722171649, "objbound": 0.027422668876823784, "binaries": 46}
