Set parameter NodefileStart to value 6
Read parameters from file gurobi.env
Restricted license - for non-production use only - expires 2027-11-29
Set parameter OutputFlag to value 1
Set parameter Threads to value 4
Set parameter TimeLimit to value 360
Set parameter MIPGap to value 5e-05
Set parameter MIPFocus to value 2
Set parameter NonConvex to value 2
Set parameter BestBdStop to value 2.7426211734693878e-02
Gurobi Optimizer version 13.0.3 build v13.0.3rc0 (linux64 - "Ubuntu 24.04.5 LTS")

CPU model: AMD EPYC 9V45 96-Core Processor, instruction set [SSE2|AVX|AVX2|AVX512]
Thread count: 2 physical cores, 4 logical processors, using up to 4 threads

Non-default parameters:
TimeLimit  360
BestBdStop  2.7426211734693878e-02
MIPGap  5e-05
MIPFocus  2
NodefileStart  6
NonConvex  2
Threads  4

Optimize a model with 145 rows, 115 columns and 846 nonzeros (Max)
Model fingerprint: 0x9acf6b7c
Model has 1 linear objective coefficients
Model has 50 quadratic constraints
Variable types: 65 continuous, 50 integer (50 binary)
Coefficient statistics:
  Matrix range     [5e-01, 1e+00]
  QMatrix range    [1e+00, 1e+00]
  QLMatrix range   [1e+00, 1e+00]
  Objective range  [1e+00, 1e+00]
  Bounds range     [5e-01, 1e+00]
  RHS range        [1e+00, 1e+00]

Found heuristic solution: objective -0.0000000
Presolve time: 0.00s
Presolved: 345 rows, 116 columns, 1246 nonzeros
Presolved model has 50 bilinear constraint(s)

Solving non-convex MIQCP to global optimality

Variable types: 66 continuous, 50 integer (50 binary)
Found heuristic solution: objective 0.0000000
Root relaxation presolve removed 50 rows and 1 columns
Root relaxation presolved: 295 rows, 115 columns, 1196 nonzeros


Root relaxation: objective 8.333333e-02, 117 iterations, 0.00 seconds (0.00 work units)

    Nodes    |    Current Node    |     Objective Bounds      |     Work
 Expl Unexpl |  Obj  Depth IntInf | Incumbent    BestBd   Gap | It/Node Time

     0     0    0.08333    0   50    0.00000    0.08333      -     -    0s
     0     0    0.06250    0   59    0.00000    0.06250      -     -    0s
     0     0    0.06250    0   54    0.00000    0.06250      -     -    0s
     0     0    0.06250    0   56    0.00000    0.06250      -     -    0s
     0     0    0.06250    0   56    0.00000    0.06250      -     -    0s
     0     0    0.06250    0   55    0.00000    0.06250      -     -    0s
     0     0    0.06250    0   55    0.00000    0.06250      -     -    0s
     0     0    0.06250    0   58    0.00000    0.06250      -     -    0s
     0     0    0.06250    0   55    0.00000    0.06250      -     -    0s
     0     0    0.06250    0   58    0.00000    0.06250      -     -    0s
     0     0    0.06250    0   58    0.00000    0.06250      -     -    0s
     0     0    0.06250    0   52    0.00000    0.06250      -     -    0s
     0     0    0.06250    0   52    0.00000    0.06250      -     -    0s
     0     0    0.06250    0   52    0.00000    0.06250      -     -    0s
     0     2    0.06250    0   52    0.00000    0.06250      -     -    0s
*  501   504              69       0.0000003    0.06250      -  15.9    0s
H  531   463                       0.0000007    0.06250      -  15.5    0s

Cutting planes:
  Gomory: 3
  Lift-and-project: 1
  MIR: 2
  Flow cover: 6
  RLT: 22
  Relax-and-lift: 1
  BQP: 5

Explored 4922 nodes (60566 simplex iterations) in 1.35 seconds (1.58 work units)
Thread count was 4 (of 4 available processors)

Solution count 4: 7.48512e-07 7.48512e-07 2.85341e-07 -0 

Optimization achieved user objective limit
Best objective 7.485121697678e-07, best bound 2.486079800541e-02, gap -
{"verdict": "PROVED", "status": "BOUND_REACHED", "runtime": 1.3463900089263916, "objval": 7.485121697678374e-07, "objbound": 0.024860798005414637, "binaries": 50}
