Set parameter NodefileStart to value 6
Read parameters from file gurobi.env
Restricted license - for non-production use only - expires 2027-11-29
Set parameter OutputFlag to value 1
Set parameter Threads to value 4
Set parameter TimeLimit to value 360
Set parameter MIPGap to value 5e-05
Set parameter MIPFocus to value 2
Set parameter NonConvex to value 2
Set parameter BestBdStop to value 2.7426211734693878e-02
Gurobi Optimizer version 13.0.3 build v13.0.3rc0 (linux64 - "Ubuntu 24.04.5 LTS")

CPU model: AMD EPYC 7763 64-Core Processor, instruction set [SSE2|AVX|AVX2]
Thread count: 2 physical cores, 4 logical processors, using up to 4 threads

Non-default parameters:
TimeLimit  360
BestBdStop  2.7426211734693878e-02
MIPGap  5e-05
MIPFocus  2
NodefileStart  6
NonConvex  2
Threads  4

Optimize a model with 141 rows, 111 columns and 810 nonzeros (Max)
Model fingerprint: 0xbaab264a
Model has 1 linear objective coefficients
Model has 50 quadratic constraints
Variable types: 65 continuous, 46 integer (46 binary)
Coefficient statistics:
  Matrix range     [5e-01, 1e+00]
  QMatrix range    [1e+00, 1e+00]
  QLMatrix range   [1e+00, 1e+00]
  Objective range  [1e+00, 1e+00]
  Bounds range     [5e-01, 1e+00]
  RHS range        [1e+00, 1e+00]

Found heuristic solution: objective -0.0000000
Presolve time: 0.00s
Presolved: 341 rows, 112 columns, 1210 nonzeros
Presolved model has 50 bilinear constraint(s)

Solving non-convex MIQCP to global optimality

Variable types: 66 continuous, 46 integer (46 binary)
Root relaxation presolve removed 50 rows and 1 columns
Root relaxation presolved: 291 rows, 111 columns, 1160 nonzeros


Root relaxation: objective 8.333333e-02, 150 iterations, 0.00 seconds (0.00 work units)

    Nodes    |    Current Node    |     Objective Bounds      |     Work
 Expl Unexpl |  Obj  Depth IntInf | Incumbent    BestBd   Gap | It/Node Time

     0     0    0.08333    0   58   -0.00000    0.08333      -     -    0s
     0     0    0.07143    0   61   -0.00000    0.07143      -     -    0s
     0     0    0.07143    0   69   -0.00000    0.07143      -     -    0s
     0     0    0.07143    0   68   -0.00000    0.07143      -     -    0s
     0     0    0.07143    0   43   -0.00000    0.07143      -     -    0s
H    0     0                       0.0000000    0.07143      -     -    0s
     0     0    0.07143    0   47    0.00000    0.07143      -     -    0s
     0     0    0.07143    0   53    0.00000    0.07143      -     -    0s
     0     0    0.07143    0   43    0.00000    0.07143      -     -    0s
     0     0    0.07143    0   43    0.00000    0.07143      -     -    0s
     0     0    0.07143    0   44    0.00000    0.07143      -     -    0s
     0     0    0.07143    0   44    0.00000    0.07143      -     -    0s
     0     2    0.07143    0   44    0.00000    0.07143      -     -    0s
H   14    67                       0.0000002    0.07143      -  23.9    0s
H 1440  1201                       0.0000003    0.05925      -  23.7    1s
* 1905  1344             109       0.0000010    0.05925      -  21.6    1s
* 1913  1295             110       0.0000011    0.05925      -  21.5    1s
H 2976  1800                       0.0000011    0.05925      -  25.0    2s
H 4365  2725                       0.0000011    0.05925      -  23.7    3s
 12475  8864    0.00004   75   33    0.00000    0.05474      -  26.3    5s
H28875 20058                       0.0000011    0.04931      -  27.8    9s
 30792 21703    0.00029   63   43    0.00000    0.04884      -  28.0   10s
H38285 26530                       0.0000011    0.04750      -  28.1   11s
 51522 35524    0.00006   46   31    0.00000    0.04562      -  27.6   15s
H68392 46647                       0.0000014    0.04437      -  27.7   18s
H69813 47491                       0.0000015    0.04433      -  27.8   19s
 72653 49376    0.00643   49   44    0.00000    0.04407      -  27.8   20s
 93789 63163    0.00030   48   50    0.00000    0.04287      -  28.2   25s
 114819 76236    0.01212   34   43    0.00000    0.04191      -  28.3   30s
 137414 90010    0.03469   26   57    0.00000    0.04099      -  28.3   35s
 155564 101198    0.00823   38   51    0.00000    0.04026      -  28.3   40s
 177243 114905    0.00527   45   50    0.00000    0.03949      -  28.3   45s
 197251 128919    0.03214   30   51    0.00000    0.03875      -  28.3   50s
 220938 141607    0.00141   50   43    0.00000    0.03829      -  28.3   55s
 241591 154168    0.03042   26   52    0.00000    0.03783      -  28.3   60s
 261731 166645    0.00005   62   31    0.00000    0.03746      -  28.4   65s
 284959 180802     cutoff   74         0.00000    0.03705      -  28.3   70s
 304689 192787    0.00001   72   43    0.00000    0.03669      -  28.2   75s
 324187 203933    0.00604   36   50    0.00000    0.03629      -  28.2   80s
 344238 216406    0.00002   46   28    0.00000    0.03601      -  28.3   85s
 366195 229268    0.03543   27   53    0.00000    0.03572      -  28.4   90s
 386934 241554    0.02744   30   57    0.00000    0.03541      -  28.4   95s
 407136 253291    0.02163   32   53    0.00000    0.03513      -  28.4  100s
 427588 265972     cutoff   45         0.00000    0.03489      -  28.4  105s
 447353 278601     cutoff   57         0.00000    0.03470      -  28.4  110s
 465873 288904    0.01243   35   51    0.00000    0.03451      -  28.4  115s
 484027 299642    0.01253   37   51    0.00000    0.03431      -  28.4  120s
 505597 311828 infeasible   45         0.00000    0.03407      -  28.4  125s
 526113 323471     cutoff   40         0.00000    0.03386      -  28.5  130s
 546596 335808    0.01796   34   51    0.00000    0.03367      -  28.5  135s
 561408 347092     cutoff   41         0.00000    0.03353      -  28.5  140s
 585577 359326    0.00000   58   37    0.00000    0.03333      -  28.6  145s
 606300 371531    0.00115   45   32    0.00000    0.03316      -  28.5  150s
 626460 383375    0.00005   72   43    0.00000    0.03301      -  28.5  155s
 647029 394503    0.02194   34   52    0.00000    0.03283      -  28.5  160s
 669269 407252    0.00225   55   39    0.00000    0.03266      -  28.5  165s
 687469 418132    0.00988   42   43    0.00000    0.03255      -  28.5  170s
 707667 430197    0.00002   62   39    0.00000    0.03240      -  28.6  175s
 729046 442222    0.00145   56   50    0.00000    0.03226      -  28.6  180s
 750477 455331    0.01778   35   52    0.00000    0.03215      -  28.5  185s
 769933 467181     cutoff   35         0.00000    0.03203      -  28.6  190s
 790511 478824     cutoff   87         0.00000    0.03191      -  28.6  195s
 809680 489737    0.01214   36   52    0.00000    0.03176      -  28.6  200s
 830320 501548    0.00387   35   50    0.00000    0.03163      -  28.6  205s
 850524 512804    0.00951   34   52    0.00000    0.03152      -  28.6  210s
 872965 525891     cutoff   74         0.00000    0.03140      -  28.5  215s
 893242 538055    0.00806   47   32    0.00000    0.03128      -  28.5  220s
 913186 550158     cutoff   42         0.00000    0.03116      -  28.5  225s
 934095 562096    0.00000   79   29    0.00000    0.03107      -  28.5  230s
 956223 575253    0.00021   53   52    0.00000    0.03096      -  28.5  235s
 974057 586189    0.00031   71   38    0.00000    0.03088      -  28.5  240s
 993996 597877     cutoff   43         0.00000    0.03078      -  28.5  245s
 1016159 609932     cutoff   41         0.00000    0.03067      -  28.5  250s
 1034978 620104    0.00096   50   42    0.00000    0.03056      -  28.5  255s
 1053182 630603     cutoff   42         0.00000    0.03048      -  28.5  260s
 1073457 642526    0.00125   46   51    0.00000    0.03041      -  28.5  265s
 1092780 653730    0.00007   73   22    0.00000    0.03034      -  28.5  270s
 1112259 664292     cutoff   82         0.00000    0.03027      -  28.6  275s
 1132766 674938    0.00029   59   50    0.00000    0.03018      -  28.6  280s
 1153676 687296    0.00399   44   44    0.00000    0.03011      -  28.6  285s
 1173146 698877    0.00000   98   24    0.00000    0.03004      -  28.6  290s
 1193057 710278    0.02993   32   56    0.00000    0.02997      -  28.6  295s
 1210187 719877    0.00053   51   50    0.00000    0.02991      -  28.6  300s
 1230569 731600    0.00275   56   26    0.00000    0.02985      -  28.6  305s
 1252067 743925    0.00031   40   50    0.00000    0.02977      -  28.6  310s
 1272138 755540    0.00000   80   48    0.00000    0.02971      -  28.6  315s
 1291936 766564     cutoff   53         0.00000    0.02964      -  28.6  320s
 1312351 777515    0.00457   44   42    0.00000    0.02957      -  28.6  325s
 1334168 789828     cutoff   39         0.00000    0.02948      -  28.6  330s
 1350345 799330    0.00219   47   51    0.00000    0.02945      -  28.6  335s
 1372041 811420     cutoff   60         0.00000    0.02939      -  28.6  340s
 1391891 822904     cutoff   69         0.00000    0.02933      -  28.6  345s
 1412347 835540    0.00002   66   33    0.00000    0.02928      -  28.6  350s
 1432954 846666    0.00668   39   53    0.00000    0.02922      -  28.6  355s
 1454930 859425    0.00000   64   31    0.00000    0.02916      -  28.6  360s

Cutting planes:
  Gomory: 10
  Implied bound: 7
  MIR: 2
  Flow cover: 30
  Inf proof: 1
  RLT: 111
  Relax-and-lift: 14
  BQP: 22

Explored 1454983 nodes (41584268 simplex iterations) in 360.00 seconds (358.83 work units)
Thread count was 4 (of 4 available processors)

Solution count 10: 1.53277e-06 1.41356e-06 1.10944e-06 ... 4.15458e-09

Time limit reached
Best objective 1.532767448964e-06, best bound 2.915732656556e-02, gap 1902166.8171%
{"verdict": "UNRESOLVED", "status": "TIME_LIMIT", "runtime": 360.00318598747253, "objval": 1.532767448964023e-06, "objbound": 0.029157326565561675, "binaries": 46}
