Set parameter NodefileStart to value 6
Read parameters from file gurobi.env
Restricted license - for non-production use only - expires 2027-11-29
Set parameter OutputFlag to value 1
Set parameter Threads to value 4
Set parameter TimeLimit to value 360
Set parameter MIPGap to value 5e-05
Set parameter MIPFocus to value 2
Set parameter NonConvex to value 2
Set parameter BestBdStop to value 2.7426211734693878e-02
Gurobi Optimizer version 13.0.3 build v13.0.3rc0 (linux64 - "Ubuntu 24.04.5 LTS")

CPU model: AMD EPYC 7763 64-Core Processor, instruction set [SSE2|AVX|AVX2]
Thread count: 2 physical cores, 4 logical processors, using up to 4 threads

Non-default parameters:
TimeLimit  360
BestBdStop  2.7426211734693878e-02
MIPGap  5e-05
MIPFocus  2
NodefileStart  6
NonConvex  2
Threads  4

Optimize a model with 133 rows, 103 columns and 742 nonzeros (Max)
Model fingerprint: 0x723eecbe
Model has 1 linear objective coefficients
Model has 50 quadratic constraints
Variable types: 65 continuous, 38 integer (38 binary)
Coefficient statistics:
  Matrix range     [5e-01, 1e+00]
  QMatrix range    [1e+00, 1e+00]
  QLMatrix range   [1e+00, 1e+00]
  Objective range  [1e+00, 1e+00]
  Bounds range     [5e-01, 1e+00]
  RHS range        [1e+00, 1e+00]

Found heuristic solution: objective -0.0000000
Presolve time: 0.00s
Presolved: 333 rows, 104 columns, 1142 nonzeros
Presolved model has 50 bilinear constraint(s)

Solving non-convex MIQCP to global optimality

Variable types: 66 continuous, 38 integer (38 binary)
Root relaxation presolve removed 66 rows and 9 columns
Root relaxation presolved: 267 rows, 95 columns, 996 nonzeros


Root relaxation: objective 1.000000e-01, 119 iterations, 0.00 seconds (0.00 work units)

    Nodes    |    Current Node    |     Objective Bounds      |     Work
 Expl Unexpl |  Obj  Depth IntInf | Incumbent    BestBd   Gap | It/Node Time

     0     0    0.10000    0   52   -0.00000    0.10000      -     -    0s
     0     0    0.08000    0   62   -0.00000    0.08000      -     -    0s
     0     0    0.07143    0   54   -0.00000    0.07143      -     -    0s
     0     0    0.07143    0   52   -0.00000    0.07143      -     -    0s
     0     0    0.07143    0   54   -0.00000    0.07143      -     -    0s
     0     0    0.07143    0   57   -0.00000    0.07143      -     -    0s
     0     0    0.07143    0   52   -0.00000    0.07143      -     -    0s
     0     0    0.07143    0   63   -0.00000    0.07143      -     -    0s
     0     0    0.07143    0   54   -0.00000    0.07143      -     -    0s
     0     0    0.07143    0   57   -0.00000    0.07143      -     -    0s
     0     0    0.06311    0   50   -0.00000    0.06311      -     -    0s
     0     0    0.06311    0   52   -0.00000    0.06311      -     -    0s
     0     0    0.06082    0   52   -0.00000    0.06082      -     -    0s
     0     0    0.06082    0   52   -0.00000    0.06082      -     -    0s
     0     0    0.05819    0   55   -0.00000    0.05819      -     -    0s
     0     0    0.05819    0   56   -0.00000    0.05819      -     -    0s
     0     0    0.05804    0   56   -0.00000    0.05804      -     -    0s
     0     0    0.05804    0   56   -0.00000    0.05804      -     -    0s
     0     0    0.05804    0   53   -0.00000    0.05804      -     -    0s
     0     0    0.05804    0   52   -0.00000    0.05804      -     -    0s
     0     0    0.05800    0   50   -0.00000    0.05800      -     -    0s
     0     0    0.05800    0   50   -0.00000    0.05800      -     -    0s
     0     0    0.05786    0   52   -0.00000    0.05786      -     -    0s
     0     0    0.05786    0   52   -0.00000    0.05786      -     -    0s
H    0     0                       0.0000000    0.05786      -     -    0s
     0     2    0.05786    0   52    0.00000    0.05786      -     -    0s
*  547   470              87       0.0000000    0.05750      -  27.8    0s
H  644   566                       0.0000000    0.05723      -  25.7    0s
H  684   564                       0.0000000    0.05723      -  25.5    0s
H 1212   942                       0.0000000    0.05723      -  28.8    1s
H 1214   895                       0.0000001    0.05723      -  28.8    1s
H 1224   857                       0.0000001    0.04505      -  28.5    1s
H 1234   820                       0.0000002    0.03726      -  28.3    1s
* 1890  1166              99       0.0000002    0.03611      -  27.5    2s
* 1924  1116             102       0.0000004    0.03611      -  27.5    2s
H 3052  1593                       0.0000007    0.03611      -  30.4    2s
 11562  7762    0.00009   51   38    0.00000    0.03414      -  29.8    5s
H13668  8830                       0.0000008    0.03351      -  29.4    5s
H13750  8915                       0.0000009    0.03351      -  29.5    5s
 26891 17301    0.02193   31   49    0.00000    0.03065      -  30.2   10s
H40351 26047                       0.0000010    0.02911      -  30.1   13s
 45337 29564    0.01283   38   50    0.00000    0.02849      -  30.3   15s

Cutting planes:
  Gomory: 9
  Implied bound: 2
  MIR: 5
  Flow cover: 21
  RLT: 65
  Relax-and-lift: 2
  BQP: 10

Explored 62745 nodes (1910884 simplex iterations) in 19.01 seconds (18.03 work units)
Thread count was 4 (of 4 available processors)

Solution count 10: 9.55102e-07 9.29594e-07 7.58116e-07 ... 3.85332e-08

Optimization achieved user objective limit
Best objective 9.551020283925e-07, best bound 2.738619047920e-02, gap -
{"verdict": "PROVED", "status": "BOUND_REACHED", "runtime": 19.01298999786377, "objval": 9.551020283925006e-07, "objbound": 0.027386190479200136, "binaries": 38}
