Set parameter NodefileStart to value 6
Read parameters from file gurobi.env
Restricted license - for non-production use only - expires 2027-11-29
Set parameter OutputFlag to value 1
Set parameter Threads to value 4
Set parameter TimeLimit to value 360
Set parameter MIPGap to value 5e-05
Set parameter MIPFocus to value 2
Set parameter NonConvex to value 2
Set parameter BestBdStop to value 2.7426211734693878e-02
Gurobi Optimizer version 13.0.3 build v13.0.3rc0 (linux64 - "Ubuntu 24.04.5 LTS")

CPU model: AMD EPYC 7763 64-Core Processor, instruction set [SSE2|AVX|AVX2]
Thread count: 2 physical cores, 4 logical processors, using up to 4 threads

Non-default parameters:
TimeLimit  360
BestBdStop  2.7426211734693878e-02
MIPGap  5e-05
MIPFocus  2
NodefileStart  6
NonConvex  2
Threads  4

Optimize a model with 133 rows, 103 columns and 742 nonzeros (Max)
Model fingerprint: 0xa533f1fa
Model has 1 linear objective coefficients
Model has 50 quadratic constraints
Variable types: 65 continuous, 38 integer (38 binary)
Coefficient statistics:
  Matrix range     [5e-01, 1e+00]
  QMatrix range    [1e+00, 1e+00]
  QLMatrix range   [1e+00, 1e+00]
  Objective range  [1e+00, 1e+00]
  Bounds range     [5e-01, 1e+00]
  RHS range        [1e+00, 1e+00]

Found heuristic solution: objective -0.0000000
Presolve time: 0.00s
Presolved: 333 rows, 104 columns, 1142 nonzeros
Presolved model has 50 bilinear constraint(s)

Solving non-convex MIQCP to global optimality

Variable types: 66 continuous, 38 integer (38 binary)
Root relaxation presolve removed 50 rows and 1 columns
Root relaxation presolved: 283 rows, 103 columns, 1092 nonzeros


Root relaxation: objective 1.250000e-01, 115 iterations, 0.00 seconds (0.00 work units)

    Nodes    |    Current Node    |     Objective Bounds      |     Work
 Expl Unexpl |  Obj  Depth IntInf | Incumbent    BestBd   Gap | It/Node Time

     0     0    0.12500    0   56   -0.00000    0.12500      -     -    0s
     0     0    0.10000    0   50   -0.00000    0.10000      -     -    0s
     0     0    0.10000    0   47   -0.00000    0.10000      -     -    0s
     0     0    0.10000    0   45   -0.00000    0.10000      -     -    0s
     0     0    0.10000    0   53   -0.00000    0.10000      -     -    0s
     0     0    0.10000    0   53   -0.00000    0.10000      -     -    0s
     0     0    0.10000    0   52   -0.00000    0.10000      -     -    0s
     0     0    0.10000    0   52   -0.00000    0.10000      -     -    0s
     0     0    0.10000    0   52   -0.00000    0.10000      -     -    0s
     0     0    0.10000    0   52   -0.00000    0.10000      -     -    0s
     0     2    0.10000    0   52   -0.00000    0.10000      -     -    0s
H  218   210                       0.0000001    0.10000      -  29.6    0s
*  850   813             113       0.0000002    0.10000      -  20.2    0s
H 1177   941                       0.0000002    0.09722      -  22.1    1s
H 1638  1204                       0.0000002    0.06996      -  25.3    1s
* 1940  1274             110       0.0000005    0.06791      -  24.1    1s
* 4614  2688              79       0.0000006    0.05506      -  23.3    2s
H 5328  3118                       0.0000006    0.05467      -  23.0    2s
H 6770  4141                       0.0000010    0.05392      -  22.8    3s
 13665  8770     cutoff   64         0.00000    0.05097      -  22.5    5s
 32136 21149    0.00014   55   50    0.00000    0.04763      -  22.5   10s
 55645 36942    0.00000  105   16    0.00000    0.04584      -  21.9   15s
 76351 51763    0.00492   42   45    0.00000    0.04459      -  22.2   20s
 97760 66355    0.00038   34   38    0.00000    0.04357      -  22.4   25s
 119924 80831    0.00056   53   50    0.00000    0.04285      -  22.5   30s
 138381 93582    0.00001   74   21    0.00000    0.04227      -  22.6   35s
 160808 107783     cutoff   42         0.00000    0.04183      -  22.6   40s
 182280 121190    0.01393   37   52    0.00000    0.04130      -  22.6   45s
 203449 134863    0.01239   36   50    0.00000    0.04094      -  22.7   50s
 224633 148588    0.00000   84   29    0.00000    0.04061      -  22.6   55s
 245153 161956    0.03031   34   54    0.00000    0.04030      -  22.6   60s
 265538 175871     cutoff   48         0.00000    0.04001      -  22.6   65s
 286742 189390    0.00533   45   50    0.00000    0.03969      -  22.7   70s
 308430 203807     cutoff   52         0.00000    0.03937      -  22.7   75s
 331236 218930     cutoff   34         0.00000    0.03909      -  22.6   80s
 351177 232454     cutoff   56         0.00000    0.03885      -  22.6   85s
 370454 244241    0.00054   51   51    0.00000    0.03869      -  22.6   90s
 390583 256667    0.03069   31   54    0.00000    0.03847      -  22.6   95s
 411421 269699     cutoff   42         0.00000    0.03820      -  22.6  100s
 431671 283478     cutoff   69         0.00000    0.03807      -  22.6  105s
 452216 297134     cutoff   43         0.00000    0.03786      -  22.6  110s
 471568 309372     cutoff   60         0.00000    0.03768      -  22.5  115s
 488094 319389     cutoff   37         0.00000    0.03747      -  22.5  120s
 508395 331836    0.00831   39   50    0.00000    0.03723      -  22.6  125s
 529986 345618    0.02743   32   51    0.00000    0.03707      -  22.5  130s
 550370 357551    0.00033   47   50    0.00000    0.03681      -  22.5  135s
 571029 369816    0.00423   34   43    0.00000    0.03660      -  22.6  140s
 592759 383690    0.00326   47   50    0.00000    0.03643      -  22.6  145s
 611357 396128    0.00007   75   47    0.00000    0.03628      -  22.6  150s
 631782 409298    0.00000   91   28    0.00000    0.03613      -  22.6  155s
 654357 424508    0.00000   65   22    0.00000    0.03598      -  22.5  160s
 676760 438538    0.00000   94   15    0.00000    0.03583      -  22.5  165s
 697771 452418     cutoff   59         0.00000    0.03572      -  22.5  170s
 720387 466098    0.00003   80   31    0.00000    0.03553      -  22.4  175s
 738660 478063    0.02253   41   51    0.00000    0.03541      -  22.5  180s
 758671 490174    0.00079   55   43    0.00000    0.03524      -  22.5  185s
 781865 504187    0.00080   47   30    0.00000    0.03507      -  22.5  190s
 801470 516027     cutoff   53         0.00000    0.03493      -  22.5  195s
 821754 529079    0.00007   39   43    0.00000    0.03481      -  22.5  200s
 842573 541563     cutoff   50         0.00000    0.03469      -  22.5  205s
 862431 553447    0.01893   35   51    0.00000    0.03456      -  22.5  210s
 882981 567152    0.01735   33   45    0.00000    0.03446      -  22.5  215s
 904848 580320    0.01092   37   44    0.00000    0.03434      -  22.5  220s
 925895 593176    0.00237   41   45    0.00000    0.03421      -  22.5  225s
 947769 607394    0.00212   36   39    0.00000    0.03411      -  22.5  230s
 968215 619320     cutoff   73         0.00000    0.03401      -  22.5  235s
 979941 626096    0.00869   43   51    0.00000    0.03395      -  22.5  240s
 987942 630531    0.00004   47   49    0.00000    0.03390      -  22.5  245s
 1008671 643296    0.00159   43   51    0.00000    0.03381      -  22.5  250s
 1029690 656178    0.00311   48   52    0.00000    0.03370      -  22.5  255s
 1049193 668775    0.00006   54   50    0.00000    0.03362      -  22.5  260s
 1069476 680793    0.03114   29   52    0.00000    0.03351      -  22.5  265s
 1091111 694735    0.00020   59   50    0.00000    0.03342      -  22.4  270s
 1112991 707997    0.00752   40   52    0.00000    0.03332      -  22.4  275s
 1133207 720255    0.00001   66   37    0.00000    0.03324      -  22.5  280s
 1154207 734050    0.00565   39   51    0.00000    0.03317      -  22.5  285s
 1176853 748172     cutoff   46         0.00000    0.03310      -  22.4  290s
 1196458 759722    0.00001   82   38    0.00000    0.03302      -  22.4  295s
 1217760 773107    0.02078   38   52    0.00000    0.03295      -  22.4  300s
 1240435 785559    0.01130   39   43    0.00000    0.03284      -  22.4  305s
 1258119 796770     cutoff   51         0.00000    0.03279      -  22.4  310s
 1280439 810837    0.00086   40   33    0.00000    0.03269      -  22.4  315s
 1301799 823336    0.00163   51   41    0.00000    0.03260      -  22.4  320s
 1322654 836935    0.02348   32   50    0.00000    0.03254      -  22.4  325s
 1344021 851266     cutoff   38         0.00000    0.03249      -  22.4  330s
 1366269 865947    0.00784   43   51    0.00000    0.03242      -  22.4  335s
 1386699 878749    0.00009   50   25    0.00000    0.03236      -  22.4  340s
 1407082 891880    0.00006   52   50    0.00000    0.03229      -  22.4  345s
 1429834 905687    0.00000   71   21    0.00000    0.03222      -  22.4  350s
 1451748 919085    0.00016   56   43    0.00000    0.03216      -  22.4  355s
 1472953 930414    0.00603   46   53    0.00000    0.03208      -  22.4  360s

Cutting planes:
  Gomory: 5
  MIR: 4
  Flow cover: 12
  RLT: 54
  Relax-and-lift: 1
  BQP: 25

Explored 1473010 nodes (32964985 simplex iterations) in 360.00 seconds (370.33 work units)
Thread count was 4 (of 4 available processors)

Solution count 9: 9.55686e-07 5.91517e-07 5.9056e-07 ... -0

Time limit reached
Best objective 9.556860889395e-07, best bound 3.208295460685e-02, gap -
{"verdict": "UNRESOLVED", "status": "TIME_LIMIT", "runtime": 360.0021860599518, "objval": 9.556860889395336e-07, "objbound": 0.032082954606847326, "binaries": 38}
