Set parameter NodefileStart to value 6
Read parameters from file gurobi.env
Restricted license - for non-production use only - expires 2027-11-29
Set parameter OutputFlag to value 1
Set parameter Threads to value 4
Set parameter TimeLimit to value 360
Set parameter MIPGap to value 5e-05
Set parameter MIPFocus to value 2
Set parameter NonConvex to value 2
Set parameter BestBdStop to value 2.7426211734693878e-02
Gurobi Optimizer version 13.0.3 build v13.0.3rc0 (linux64 - "Ubuntu 24.04.5 LTS")

CPU model: INTEL(R) XEON(R) PLATINUM 8573C, instruction set [SSE2|AVX|AVX2|AVX512]
Thread count: 2 physical cores, 4 logical processors, using up to 4 threads

Non-default parameters:
TimeLimit  360
BestBdStop  2.7426211734693878e-02
MIPGap  5e-05
MIPFocus  2
NodefileStart  6
NonConvex  2
Threads  4

Optimize a model with 141 rows, 111 columns and 810 nonzeros (Max)
Model fingerprint: 0xc7f846e1
Model has 1 linear objective coefficients
Model has 50 quadratic constraints
Variable types: 65 continuous, 46 integer (46 binary)
Coefficient statistics:
  Matrix range     [5e-01, 1e+00]
  QMatrix range    [1e+00, 1e+00]
  QLMatrix range   [1e+00, 1e+00]
  Objective range  [1e+00, 1e+00]
  Bounds range     [5e-01, 1e+00]
  RHS range        [1e+00, 1e+00]

Found heuristic solution: objective -0.0000000
Presolve time: 0.00s
Presolved: 341 rows, 112 columns, 1210 nonzeros
Presolved model has 50 bilinear constraint(s)

Solving non-convex MIQCP to global optimality

Variable types: 66 continuous, 46 integer (46 binary)
Root relaxation presolve removed 50 rows and 1 columns
Root relaxation presolved: 291 rows, 111 columns, 1160 nonzeros


Root relaxation: objective 8.333333e-02, 124 iterations, 0.00 seconds (0.00 work units)

    Nodes    |    Current Node    |     Objective Bounds      |     Work
 Expl Unexpl |  Obj  Depth IntInf | Incumbent    BestBd   Gap | It/Node Time

     0     0    0.08333    0   46   -0.00000    0.08333      -     -    0s
H    0     0                       0.0000000    0.08333      -     -    0s
     0     0    0.07143    0   47    0.00000    0.07143      -     -    0s
     0     0    0.07143    0   47    0.00000    0.07143      -     -    0s
     0     0    0.07143    0   43    0.00000    0.07143      -     -    0s
H    0     0                       0.0000002    0.07143      -     -    0s
     0     0    0.07143    0   43    0.00000    0.07143      -     -    0s
     0     0    0.07143    0   43    0.00000    0.07143      -     -    0s
     0     2    0.07143    0   43    0.00000    0.07143      -     -    0s
H   20    32                       0.0000003    0.07143      -  28.4    0s
H 1449  1243                       0.0000003    0.07143      -  22.1    1s
* 1951  1455             115       0.0000010    0.07143      -  20.8    2s
H 2134  1450                       0.0000010    0.07143      -  21.9    2s
H 2188  1451                       0.0000013    0.07143      -  21.9    2s
H 2592  1365                       0.0001876    0.07143      -  23.6    2s
H 2750  1357                       0.0003021    0.07143      -  24.1    2s
H 2842  1239                       0.0013035    0.07143  5380%  24.3    2s
H 2963  1221                       0.0017615    0.07143  3955%  25.1    2s
H 3073  1256                       0.0019577    0.07143  3549%  26.3    2s
H 4203  1793                       0.0033436    0.07140  2035%  29.6    2s
H 4259  1793                       0.0033436    0.07140  2035%  29.5    2s
H 5763  2542                       0.0041227    0.07001  1598%  31.2    3s
H 6842  3173                       0.0041408    0.06754  1531%  32.7    4s
  8768  4422    0.00445   41   56    0.00414    0.06548  1481%  33.6    5s
H10745  5474                       0.0041439    0.06360  1435%  34.8    5s
H15698  7172                       0.0063143    0.05981   847%  35.5    7s
H17282  8108                       0.0066026    0.05899   793%  35.8    7s
H18652  8530                       0.0067973    0.05820   756%  35.9    8s
H18735  8530                       0.0067974    0.05820   756%  36.0    8s
H19175  8729                       0.0067974    0.05820   756%  35.9    8s
H22585 10395                       0.0067975    0.05682   736%  36.1    9s
H22664 10151                       0.0072506    0.05670   682%  36.1    9s
H23279 10639                       0.0072508    0.05661   681%  36.3    9s
 25183 11673    0.02747   38   54    0.00725    0.05593   671%  36.5   10s
H30004 13689                       0.0073826    0.05521   648%  36.5   11s
 39321 18737    0.01818   40   51    0.00738    0.05350   625%  36.9   15s
 53111 25373     cutoff   37         0.00738    0.05158   599%  37.0   20s
 69823 33430    0.04803   30   55    0.00738    0.05004   578%  37.0   25s
 83519 39437    0.01300   37   54    0.00738    0.04878   561%  36.8   30s
 100177 46928    0.03991   31   48    0.00738    0.04780   547%  36.9   35s
 115930 53893    0.01788   38   50    0.00738    0.04708   538%  36.7   40s
 132311 60703    0.00902   46   53    0.00738    0.04630   527%  36.6   45s
H132755 46582                       0.0128172    0.04629   261%  36.6   45s
H133292 46635                       0.0128173    0.04628   261%  36.5   45s
 147853 51292     cutoff   37         0.01282    0.04548   255%  36.3   50s
 164374 56647    0.01751   40   55    0.01282    0.04474   249%  36.2   55s
 181160 62114    0.01513   37   19    0.01282    0.04420   245%  36.2   60s
 196786 67152     cutoff   42         0.01282    0.04373   241%  36.0   65s
 211316 71759    0.03976   29   54    0.01282    0.04332   238%  36.0   70s
H220268 74688                       0.0128173    0.04311   236%  35.9   73s
 223488 75848    0.03289   32   56    0.01282    0.04304   236%  35.9   75s
 240430 80927    0.02872   33   54    0.01282    0.04264   233%  35.9   80s
 256802 86114    0.02280   32   55    0.01282    0.04225   230%  35.8   85s
 274032 91338    0.01494   42   38    0.01282    0.04184   226%  35.8   90s
 288953 95353    0.02614   36   43    0.01282    0.04149   224%  35.7   95s
 306401 100248     cutoff   40         0.01282    0.04112   221%  35.7  100s
 323845 105272    0.01336   44   52    0.01282    0.04079   218%  35.7  105s
 340918 109977    0.01299   39   45    0.01282    0.04049   216%  35.6  110s
 357468 114698    0.01309   34   52    0.01282    0.04024   214%  35.6  115s
 373973 119479    0.02689   40   53    0.01282    0.03995   212%  35.5  120s
 390792 124560     cutoff   42         0.01282    0.03970   210%  35.5  125s
 404350 128376    0.01587   40   47    0.01282    0.03950   208%  35.4  130s
 421490 133113     cutoff   43         0.01282    0.03926   206%  35.4  135s
 438400 137649     cutoff   44         0.01282    0.03900   204%  35.3  140s
 455483 142252     cutoff   54         0.01282    0.03875   202%  35.3  145s
 472938 146650    0.01629   37   40    0.01282    0.03852   201%  35.2  150s
 488513 150698 infeasible   49         0.01282    0.03833   199%  35.2  155s
 505725 155364    0.03538   34   53    0.01282    0.03812   197%  35.1  160s
 521557 159512    0.01490   39   54    0.01282    0.03793   196%  35.1  165s
 538582 164039    0.01880   36   45    0.01282    0.03772   194%  35.1  170s
 554377 168220     cutoff   38         0.01282    0.03756   193%  35.0  175s
H567247 164992                       0.0136502    0.03743   174%  35.0  179s
 568467 165253    0.02600   32   52    0.01365    0.03741   174%  35.0  180s
 583310 168952    0.02107   35   50    0.01365    0.03726   173%  34.9  185s
 600134 173044    0.01892   33   52    0.01365    0.03708   172%  34.9  190s
 616993 176625    0.01609   40   55    0.01365    0.03691   170%  34.9  195s
 634488 180651     cutoff   45         0.01365    0.03674   169%  34.8  200s
 651066 184246    0.01540   45   50    0.01365    0.03657   168%  34.8  205s
 668301 188098     cutoff   40         0.01365    0.03641   167%  34.7  210s
 683480 191271    0.02642   33   52    0.01365    0.03627   166%  34.7  215s
H693526 191035                       0.0138899    0.03618   160%  34.7  218s
 698591 192300    0.01400   40   53    0.01389    0.03614   160%  34.7  220s
 715620 195834     cutoff   47         0.01389    0.03599   159%  34.6  225s
 730388 199133    0.01886   43   54    0.01389    0.03587   158%  34.6  230s
 748406 202940     cutoff   47         0.01389    0.03571   157%  34.5  235s
H757769 204947                       0.0138899    0.03564   157%  34.5  238s
 761429 205787     cutoff   34         0.01389    0.03561   156%  34.5  240s
 778591 209346    0.03492   35   54    0.01389    0.03548   155%  34.5  245s
 796136 213096     cutoff   42         0.01389    0.03533   154%  34.4  250s
 814381 216564     cutoff   40         0.01389    0.03518   153%  34.4  255s
 832571 220031     cutoff   43         0.01389    0.03504   152%  34.4  260s
 851152 223673    0.02604   32   51    0.01389    0.03490   151%  34.3  265s
 869248 227426    0.02049   42   51    0.01389    0.03477   150%  34.3  270s
 886298 230710    0.01551   43   46    0.01389    0.03464   149%  34.3  275s
 903010 233836     cutoff   39         0.01389    0.03452   149%  34.2  280s
 920104 237146    0.01407   29   63    0.01389    0.03440   148%  34.2  285s
 937768 240460    0.02324   40   58    0.01389    0.03429   147%  34.1  290s
 951958 243141    0.01615   37   37    0.01389    0.03420   146%  34.1  295s
 970665 246852     cutoff   44         0.01389    0.03408   145%  34.1  300s
 989322 250451    0.01534   48   50    0.01389    0.03396   145%  34.0  305s
 1008368 253925     cutoff   36         0.01389    0.03385   144%  34.0  310s
 1026599 257512    0.02749   38   56    0.01389    0.03375   143%  33.9  315s
H1041091 252232                       0.0144458    0.03368   133%  33.9  318s
H1041353 252286                       0.0144458    0.03368   133%  33.9  318s
 1044331 252798     cutoff   39         0.01445    0.03365   133%  33.9  320s
 1062494 255769     cutoff   51         0.01445    0.03355   132%  33.9  325s
 1081079 258918    0.01834   40   43    0.01445    0.03345   132%  33.8  330s
 1099181 262424     cutoff   36         0.01445    0.03335   131%  33.8  335s
 1116937 265475    0.03311   35   51    0.01445    0.03326   130%  33.8  340s
 1134796 268642    0.02880   35   62    0.01445    0.03316   130%  33.7  345s
 1146458 270990    0.02075   35   53    0.01445    0.03310   129%  33.7  350s
 1165678 274378     cutoff   40         0.01445    0.03301   128%  33.7  355s
 1182094 277333    0.01574   42   45    0.01445    0.03293   128%  33.6  360s

Cutting planes:
  Gomory: 13
  Implied bound: 21
  MIR: 27
  Flow cover: 24
  RLT: 88
  Relax-and-lift: 5
  BQP: 19

Explored 1182368 nodes (39767517 simplex iterations) in 360.00 seconds (318.22 work units)
Thread count was 4 (of 4 available processors)

Solution count 10: 0.0144458 0.0138899 0.0136502 ... 0.00631425

Time limit reached
Best objective 1.444584313258e-02, best bound 3.292676367894e-02, gap 127.9324%
{"verdict": "UNRESOLVED", "status": "TIME_LIMIT", "runtime": 360.0037319660187, "objval": 0.014445843132575974, "objbound": 0.03292676367893957, "binaries": 46}
