Set parameter NodefileStart to value 6
Read parameters from file gurobi.env
Restricted license - for non-production use only - expires 2027-11-29
Set parameter OutputFlag to value 1
Set parameter Threads to value 4
Set parameter TimeLimit to value 360
Set parameter MIPGap to value 5e-05
Set parameter MIPFocus to value 2
Set parameter NonConvex to value 2
Set parameter BestBdStop to value 2.7426211734693878e-02
Gurobi Optimizer version 13.0.3 build v13.0.3rc0 (linux64 - "Ubuntu 24.04.5 LTS")

CPU model: AMD EPYC 7763 64-Core Processor, instruction set [SSE2|AVX|AVX2]
Thread count: 2 physical cores, 4 logical processors, using up to 4 threads

Non-default parameters:
TimeLimit  360
BestBdStop  2.7426211734693878e-02
MIPGap  5e-05
MIPFocus  2
NodefileStart  6
NonConvex  2
Threads  4

Optimize a model with 145 rows, 115 columns and 846 nonzeros (Max)
Model fingerprint: 0x1c839ed9
Model has 1 linear objective coefficients
Model has 50 quadratic constraints
Variable types: 65 continuous, 50 integer (50 binary)
Coefficient statistics:
  Matrix range     [5e-01, 1e+00]
  QMatrix range    [1e+00, 1e+00]
  QLMatrix range   [1e+00, 1e+00]
  Objective range  [1e+00, 1e+00]
  Bounds range     [5e-01, 1e+00]
  RHS range        [1e+00, 1e+00]

Found heuristic solution: objective -0.0000000
Presolve time: 0.00s
Presolved: 345 rows, 116 columns, 1246 nonzeros
Presolved model has 50 bilinear constraint(s)

Solving non-convex MIQCP to global optimality

Variable types: 66 continuous, 50 integer (50 binary)
Root relaxation presolve removed 50 rows and 1 columns
Root relaxation presolved: 295 rows, 115 columns, 1196 nonzeros


Root relaxation: objective 8.333333e-02, 118 iterations, 0.00 seconds (0.00 work units)

    Nodes    |    Current Node    |     Objective Bounds      |     Work
 Expl Unexpl |  Obj  Depth IntInf | Incumbent    BestBd   Gap | It/Node Time

     0     0    0.08333    0   42   -0.00000    0.08333      -     -    0s
     0     0    0.08333    0   49   -0.00000    0.08333      -     -    0s
     0     0    0.08333    0   50   -0.00000    0.08333      -     -    0s
     0     0    0.08333    0   59   -0.00000    0.08333      -     -    0s
H    0     0                       0.0000000    0.08333      -     -    0s
H    0     0                       0.0000000    0.08333      -     -    0s
H    0     0                       0.0000000    0.08333      -     -    0s
     0     0    0.07895    0   43    0.00000    0.07895      -     -    0s
     0     0    0.07891    0   43    0.00000    0.07891      -     -    0s
     0     0    0.07891    0   43    0.00000    0.07891      -     -    0s
     0     2    0.07891    0   43    0.00000    0.07891      -     -    0s
* 1021   946             102       0.0000004    0.07891      -  16.7    1s
H 1148   950                       0.0000006    0.07879      -  16.8    1s
H 1288  1025                       0.0000006    0.07879      -  18.7    1s
H 1302   974                       0.0000009    0.07879      -  18.6    1s
H 1682  1217                       0.0009908    0.07879  7853%  17.5    1s
H 1734  1121                       0.0024408    0.07879  3128%  17.0    1s
H 1844  1050                       0.0033242    0.07879  2270%  16.7    1s
H 2888  1255                       0.0049878    0.06324  1168%  20.2    2s
H 2933  1258                       0.0049878    0.06324  1168%  20.3    2s
H 5676  3008                       0.0051032    0.05046   889%  22.4    3s
H 7089  3798                       0.0052958    0.04792   805%  22.8    3s
H 7141  3997                       0.0052958    0.04792   805%  22.9    3s
H13925  7088                       0.0064978    0.04548   600%  24.6    4s
 14054  7245    0.01146   36   44    0.00650    0.04542   599%  24.6    5s
H14230  7245                       0.0064978    0.04542   599%  24.6    5s
H17520  8731                       0.0065265    0.04463   584%  24.6    5s
H17622  8939                       0.0065265    0.04463   584%  24.6    5s
H27181 13384                       0.0065664    0.04351   563%  25.0    8s
 35871 17436    0.02811   29   44    0.00657    0.04244   546%  25.1   10s
H41040 19333                       0.0068944    0.04199   509%  25.2   11s
H41174 19559                       0.0068944    0.04196   509%  25.2   11s
H45994 21297                       0.0071454    0.04167   483%  25.4   12s
H46391 21623                       0.0071454    0.04167   483%  25.3   12s
 58032 26883    0.04038   26   67    0.00715    0.04125   477%  25.7   15s
 84369 37951    0.00814   37   51    0.00715    0.03982   457%  25.6   20s
H85605 38429                       0.0071454    0.03975   456%  25.6   20s
H87344 38929                       0.0071474    0.03968   455%  25.5   20s
 109765 48546    0.01741   31   45    0.00715    0.03888   444%  25.5   25s
 135453 59008    0.00758   39   45    0.00715    0.03839   437%  25.4   30s
 162067 69427    0.00742   41   50    0.00715    0.03785   430%  25.3   35s
H186453 78737                       0.0071874    0.03740   420%  25.1   39s
 187247 79251 infeasible   41         0.00719    0.03739   420%  25.1   40s
 213667 89224    0.00763   42   53    0.00719    0.03698   415%  25.0   45s
 240014 99622    0.01845   32   60    0.00719    0.03664   410%  24.9   50s
 262687 108424    0.01943   33   49    0.00719    0.03632   405%  24.9   55s
 289463 118457    0.03462   27   57    0.00719    0.03601   401%  24.8   60s
 315003 127866    0.02380   40   53    0.00719    0.03572   397%  24.7   65s
 342039 138000    0.01102   35   51    0.00719    0.03543   393%  24.6   70s
 367908 147812    0.01036   38   50    0.00719    0.03522   390%  24.5   75s
 394357 158153    0.00960   27   25    0.00719    0.03504   387%  24.5   80s
 419271 168471    0.02700   37   54    0.00719    0.03488   385%  24.4   85s
 439878 177047    0.01452   41   47    0.00719    0.03476   384%  24.4   90s
 466787 187697    0.02675   31   56    0.00719    0.03460   381%  24.3   95s
 494368 198819    0.00723   35   50    0.00719    0.03444   379%  24.3  100s
 520019 208546    0.01699   40   53    0.00719    0.03429   377%  24.3  105s
 545486 218847    0.02908   32   54    0.00719    0.03419   376%  24.2  110s
 572424 229227    0.01367   40   46    0.00719    0.03407   374%  24.2  115s
 599828 239578    0.00905   44   53    0.00719    0.03396   373%  24.1  120s
 625547 249550     cutoff   46         0.00719    0.03386   371%  24.1  125s
 652358 259718    0.01293   42   50    0.00719    0.03375   370%  24.1  130s
 677885 270141    0.02192   37   51    0.00719    0.03367   368%  24.1  135s
 702176 279712    0.00962   32   51    0.00719    0.03361   368%  24.0  140s
 722328 287337    0.02267   42   51    0.00719    0.03356   367%  24.0  145s
 745861 296521    0.01810   35   50    0.00719    0.03349   366%  24.0  150s
 770130 305624    0.01116   34   52    0.00719    0.03341   365%  24.0  155s
 794627 314503     cutoff   51         0.00719    0.03333   364%  23.9  160s
 818321 323441    0.00878   45   43    0.00719    0.03326   363%  23.9  165s
 842459 333072 infeasible   38         0.00719    0.03321   362%  23.9  170s
 870109 343630    0.01915   36   44    0.00719    0.03315   361%  23.9  175s
 897036 353676    0.01311   47   52    0.00719    0.03309   360%  23.8  180s
 918734 361845     cutoff   43         0.00719    0.03304   360%  23.8  185s
 944830 371688     cutoff   39         0.00719    0.03297   359%  23.8  190s
 972030 381850    0.01060   33   53    0.00719    0.03291   358%  23.8  195s
 999424 391872    0.01326   41   54    0.00719    0.03284   357%  23.7  200s
 1026004 402155     cutoff   44         0.00719    0.03278   356%  23.7  205s
 1052630 412995    0.01448   41   51    0.00719    0.03273   355%  23.7  210s
 1078952 423417    0.01825   32   57    0.00719    0.03267   355%  23.7  215s
 1106855 433283     cutoff   45         0.00719    0.03261   354%  23.7  220s
 1134428 444070    0.01294   32   50    0.00719    0.03256   353%  23.6  225s
 1157120 452582     cutoff   32         0.00719    0.03252   352%  23.6  230s
 1183617 462708    0.01035   41   46    0.00719    0.03248   352%  23.6  235s
 1211227 472882     cutoff   35         0.00719    0.03242   351%  23.6  240s
 1238607 482929    0.02694   39   45    0.00719    0.03238   350%  23.6  245s
 1265275 492851     cutoff   45         0.00719    0.03233   350%  23.6  250s
 1292826 503079    0.01097   41   50    0.00719    0.03228   349%  23.6  255s
 1319751 512966 infeasible   43         0.00719    0.03223   348%  23.5  260s
 1342253 521068    0.00756   42   44    0.00719    0.03220   348%  23.5  265s
 1369101 531285    0.02326   37   53    0.00719    0.03215   347%  23.5  270s
 1395972 541501     cutoff   39         0.00719    0.03211   347%  23.5  275s
 1420275 550984    0.00834   47   50    0.00719    0.03209   346%  23.5  280s
 1448153 561017    0.01084   43   52    0.00719    0.03205   346%  23.5  285s
 1475320 570904     cutoff   46         0.00719    0.03201   345%  23.5  290s
 1502347 580969    0.02962   38   55    0.00719    0.03197   345%  23.5  295s
 1529597 591515    0.01948   32   52    0.00719    0.03194   344%  23.5  300s
H1548655 567151                       0.0082419    0.03191   287%  23.5  303s
H1548658 567116                       0.0082433    0.03191   287%  23.5  303s
*1549095 567383             138       0.0082442    0.03191   287%  23.5  303s
*1549096 567383             137       0.0082442    0.03191   287%  23.5  303s
H1550396 564745                       0.0083282    0.03191   283%  23.5  304s
H1550451 564801                       0.0083282    0.03191   283%  23.5  304s
H1550640 564801                       0.0083282    0.03191   283%  23.5  304s
H1551101 564983                       0.0083282    0.03191   283%  23.5  304s
H1551368 565035                       0.0083284    0.03191   283%  23.5  305s
H1552384 550346                       0.0087938    0.03191   263%  23.5  305s
H1552580 550479                       0.0087938    0.03191   263%  23.5  305s
H1553747 529366                       0.0094271    0.03190   238%  23.5  306s
H1555001 503450                       0.0102019    0.03190   213%  23.5  306s
 1567871 507362    0.01119   47   52    0.01020    0.03188   212%  23.5  310s
 1593195 515276     cutoff   46         0.01020    0.03183   212%  23.5  315s
 1619171 523120    0.02647   35   50    0.01020    0.03179   212%  23.5  320s
 1645963 531410    0.02710   35   51    0.01020    0.03175   211%  23.5  325s
 1672181 539670    0.01181   41   53    0.01020    0.03170   211%  23.5  330s
 1699214 548036    0.02103   35   60    0.01020    0.03166   210%  23.5  335s
 1721640 555010    0.02968   28   53    0.01020    0.03162   210%  23.5  340s
 1748392 563467     cutoff   37         0.01020    0.03157   209%  23.5  345s
 1775353 571726     cutoff   35         0.01020    0.03153   209%  23.5  350s
 1802181 579887    0.01916   36   59    0.01020    0.03149   209%  23.5  355s
 1828426 587744    0.02553   36   54    0.01020    0.03145   208%  23.5  360s

Cutting planes:
  Gomory: 28
  Lift-and-project: 1
  Implied bound: 3
  MIR: 8
  Flow cover: 25
  Inf proof: 10
  RLT: 47
  Relax-and-lift: 21
  BQP: 17

Explored 1828682 nodes (42910193 simplex iterations) in 360.00 seconds (359.05 work units)
Thread count was 4 (of 4 available processors)

Solution count 10: 0.0102019 0.00942713 0.00879383 ... 0.00718736

Time limit reached
Best objective 1.020186588897e-02, best bound 3.145266002995e-02, gap 208.3030%
{"verdict": "UNRESOLVED", "status": "TIME_LIMIT", "runtime": 360.00265884399414, "objval": 0.010201865888968726, "objbound": 0.031452660029951084, "binaries": 50}
