Set parameter NodefileStart to value 6
Read parameters from file gurobi.env
Restricted license - for non-production use only - expires 2027-11-29
Set parameter OutputFlag to value 1
Set parameter Threads to value 4
Set parameter TimeLimit to value 360
Set parameter MIPGap to value 5e-05
Set parameter MIPFocus to value 2
Set parameter NonConvex to value 2
Set parameter BestBdStop to value 2.7426211734693878e-02
Gurobi Optimizer version 13.0.3 build v13.0.3rc0 (linux64 - "Ubuntu 24.04.5 LTS")

CPU model: Intel(R) Xeon(R) 6973P-C, instruction set [SSE2|AVX|AVX2|AVX512]
Thread count: 2 physical cores, 4 logical processors, using up to 4 threads

Non-default parameters:
TimeLimit  360
BestBdStop  2.7426211734693878e-02
MIPGap  5e-05
MIPFocus  2
NodefileStart  6
NonConvex  2
Threads  4

Optimize a model with 141 rows, 111 columns and 810 nonzeros (Max)
Model fingerprint: 0xbf730593
Model has 1 linear objective coefficients
Model has 50 quadratic constraints
Variable types: 65 continuous, 46 integer (46 binary)
Coefficient statistics:
  Matrix range     [5e-01, 1e+00]
  QMatrix range    [1e+00, 1e+00]
  QLMatrix range   [1e+00, 1e+00]
  Objective range  [1e+00, 1e+00]
  Bounds range     [5e-01, 1e+00]
  RHS range        [1e+00, 1e+00]

Found heuristic solution: objective -0.0000000
Presolve time: 0.00s
Presolved: 341 rows, 112 columns, 1210 nonzeros
Presolved model has 50 bilinear constraint(s)

Solving non-convex MIQCP to global optimality

Variable types: 66 continuous, 46 integer (46 binary)
Root relaxation presolve removed 50 rows and 1 columns
Root relaxation presolved: 291 rows, 111 columns, 1160 nonzeros


Root relaxation: objective 8.333333e-02, 112 iterations, 0.00 seconds (0.00 work units)

    Nodes    |    Current Node    |     Objective Bounds      |     Work
 Expl Unexpl |  Obj  Depth IntInf | Incumbent    BestBd   Gap | It/Node Time

     0     0    0.08333    0   48   -0.00000    0.08333      -     -    0s
     0     0    0.08333    0   60   -0.00000    0.08333      -     -    0s
     0     0    0.08333    0   37   -0.00000    0.08333      -     -    0s
     0     0    0.08333    0   50   -0.00000    0.08333      -     -    0s
     0     0    0.08333    0   35   -0.00000    0.08333      -     -    0s
     0     0    0.07500    0   49   -0.00000    0.07500      -     -    0s
     0     0    0.07500    0   66   -0.00000    0.07500      -     -    0s
     0     0    0.07500    0   53   -0.00000    0.07500      -     -    0s
     0     0    0.07500    0   54   -0.00000    0.07500      -     -    0s
     0     0    0.07500    0   56   -0.00000    0.07500      -     -    0s
     0     0    0.07500    0   56   -0.00000    0.07500      -     -    0s
     0     0    0.07500    0   55   -0.00000    0.07500      -     -    0s
     0     0    0.07500    0   54   -0.00000    0.07500      -     -    0s
     0     0    0.07500    0   53   -0.00000    0.07500      -     -    0s
     0     0    0.07500    0   52   -0.00000    0.07500      -     -    0s
     0     0    0.07500    0   52   -0.00000    0.07500      -     -    0s
     0     0    0.07500    0   52   -0.00000    0.07500      -     -    0s
     0     2    0.07500    0   52   -0.00000    0.07500      -     -    0s
H  350   334                       0.0000000    0.07500      -  15.3    0s
H  625   587                       0.0000003    0.07500      -  18.7    0s
H 1093   938                       0.0000006    0.07500      -  22.1    1s
H 1705  1341                       0.0028406    0.04750  1572%  21.1    1s
* 1912  1184             117       0.0035382    0.04750  1243%  20.7    1s
H 2979  1538                       0.0043598    0.04750   990%  29.9    1s
H 3064  1535                       0.0044164    0.04750   976%  30.1    1s
H 3124  1550                       0.0044164    0.04750   976%  30.2    1s
H 3435  1556                       0.0044169    0.04750   976%  29.9    1s
H10558  4997                       0.0044236    0.04325   878%  38.4    3s
H10719  5194                       0.0044236    0.04318   876%  38.7    3s
H12096  5740                       0.0044237    0.04274   866%  39.7    3s
H12259  5866                       0.0044241    0.04272   866%  39.9    3s
 18560  8843    0.02150   31   53    0.00442    0.04117   831%  39.9    5s
 42739 19962    0.00673   44   56    0.00442    0.03705   738%  39.9   10s
H45791 21456                       0.0044246    0.03673   730%  39.7   10s
*46292 21793             115       0.0044718    0.03672   721%  39.5   10s
H46612 21936                       0.0044718    0.03670   721%  39.5   10s
*46613 21849             124       0.0045310    0.03670   710%  39.5   10s
*46614 21839             125       0.0045348    0.03670   709%  39.5   10s
*46615 21839             125       0.0045353    0.03670   709%  39.5   10s
H47210 21943                       0.0045355    0.03664   708%  39.5   10s
H48630 22518                       0.0046147    0.03648   691%  39.6   11s
H50031 22733                       0.0048744    0.03640   647%  39.5   11s
H50087 22938                       0.0048744    0.03640   647%  39.5   11s
H51218 21139                       0.0061955    0.03627   485%  39.5   11s
 65620 27163     cutoff   42         0.00620    0.03512   467%  39.4   15s
 94397 38607     cutoff   35         0.00620    0.03372   444%  39.1   20s
 123359 49805    0.01367   42   48    0.00620    0.03272   428%  38.9   25s
 150678 60664     cutoff   37         0.00620    0.03206   417%  39.2   30s
 178683 70853    0.00622   40   51    0.00620    0.03150   408%  39.4   35s
 204624 79984    0.02318   32   58    0.00620    0.03101   401%  39.3   40s
 233258 89623    0.00984   40   35    0.00620    0.03052   393%  39.3   45s
 261071 99305    0.01516   37   53    0.00620    0.03011   386%  39.3   50s
 288702 109065    0.01721   33   54    0.00620    0.02974   380%  39.3   55s
*316876 118156              64       0.0061991    0.02940   374%  39.3   59s
 316935 118156    0.01361   38   52    0.00620    0.02940   374%  39.3   60s
H316940 116421                       0.0064848    0.02940   353%  39.3   60s
H316993 116579                       0.0064848    0.02940   353%  39.3   60s
H318243 104561                       0.0083861    0.02938   250%  39.3   60s
H318244 104488                       0.0083949    0.02938   250%  39.3   60s
H319504 103784                       0.0085330    0.02936   244%  39.3   60s
H319508 102414                       0.0087396    0.02936   236%  39.3   60s
 340759 108344     cutoff   40         0.00874    0.02907   233%  39.3   65s
 366609 115391    0.00902   46   62    0.00874    0.02879   229%  39.3   70s
 394421 123251     cutoff   41         0.00874    0.02853   226%  39.3   75s
 422810 130349    0.01091   35   45    0.00874    0.02829   224%  39.2   80s
 450143 137702     cutoff   37         0.00874    0.02809   221%  39.2   85s
 476634 144364    0.01004   39   51    0.00874    0.02783   218%  39.1   90s
 502081 151004    0.02014   32   64    0.00874    0.02764   216%  39.1   95s

Cutting planes:
  Implied bound: 7
  MIR: 4
  Flow cover: 4
  Inf proof: 2
  RLT: 53
  BQP: 23

Explored 527343 nodes (20619226 simplex iterations) in 99.56 seconds (150.16 work units)
Thread count was 4 (of 4 available processors)

Solution count 10: 0.00873957 0.00853302 0.00839487 ... 0.00453545

Optimization achieved user objective limit
Best objective 8.739568198670e-03, best bound 2.742311220863e-02, gap 213.7811%
{"verdict": "PROVED", "status": "BOUND_REACHED", "runtime": 99.56428599357605, "objval": 0.0087395681986705, "objbound": 0.02742311220862582, "binaries": 46}
