Set parameter NodefileStart to value 6
Read parameters from file gurobi.env
Restricted license - for non-production use only - expires 2027-11-29
Set parameter OutputFlag to value 1
Set parameter Threads to value 4
Set parameter TimeLimit to value 360
Set parameter MIPGap to value 5e-05
Set parameter MIPFocus to value 2
Set parameter NonConvex to value 2
Set parameter BestBdStop to value 2.7426211734693878e-02
Gurobi Optimizer version 13.0.3 build v13.0.3rc0 (linux64 - "Ubuntu 24.04.5 LTS")

CPU model: INTEL(R) XEON(R) PLATINUM 8573C, instruction set [SSE2|AVX|AVX2|AVX512]
Thread count: 2 physical cores, 4 logical processors, using up to 4 threads

Non-default parameters:
TimeLimit  360
BestBdStop  2.7426211734693878e-02
MIPGap  5e-05
MIPFocus  2
NodefileStart  6
NonConvex  2
Threads  4

Optimize a model with 141 rows, 111 columns and 810 nonzeros (Max)
Model fingerprint: 0x817d243a
Model has 1 linear objective coefficients
Model has 50 quadratic constraints
Variable types: 65 continuous, 46 integer (46 binary)
Coefficient statistics:
  Matrix range     [5e-01, 1e+00]
  QMatrix range    [1e+00, 1e+00]
  QLMatrix range   [1e+00, 1e+00]
  Objective range  [1e+00, 1e+00]
  Bounds range     [5e-01, 1e+00]
  RHS range        [1e+00, 1e+00]

Found heuristic solution: objective -0.0000000
Presolve time: 0.00s
Presolved: 341 rows, 112 columns, 1210 nonzeros
Presolved model has 50 bilinear constraint(s)

Solving non-convex MIQCP to global optimality

Variable types: 66 continuous, 46 integer (46 binary)
Root relaxation presolve removed 50 rows and 1 columns
Root relaxation presolved: 291 rows, 111 columns, 1160 nonzeros


Root relaxation: objective 8.333333e-02, 123 iterations, 0.00 seconds (0.00 work units)

    Nodes    |    Current Node    |     Objective Bounds      |     Work
 Expl Unexpl |  Obj  Depth IntInf | Incumbent    BestBd   Gap | It/Node Time

     0     0    0.08333    0   50   -0.00000    0.08333      -     -    0s
     0     0    0.08333    0   69   -0.00000    0.08333      -     -    0s
     0     0    0.08333    0   62   -0.00000    0.08333      -     -    0s
     0     0    0.08333    0   48   -0.00000    0.08333      -     -    0s
H    0     0                       0.0000001    0.08333      -     -    0s
     0     0    0.08333    0   44    0.00000    0.08333      -     -    0s
     0     0    0.08333    0   48    0.00000    0.08333      -     -    0s
     0     0    0.08333    0   38    0.00000    0.08333      -     -    0s
     0     0    0.08333    0   38    0.00000    0.08333      -     -    0s
     0     2    0.08333    0   38    0.00000    0.08333      -     -    0s
H 1162   967                       0.0000003    0.05967      -  19.9    1s
H 1652  1251                       0.0034642    0.05967  1623%  22.3    1s
* 1898  1219             121       0.0046271    0.05967  1190%  20.7    1s
* 1988  1194             131       0.0046316    0.05967  1188%  20.5    1s
* 1993  1150             131       0.0046316    0.05967  1188%  20.5    1s
H 2149  1144                       0.0046317    0.05967  1188%  21.2    1s
H 3205  1389                       0.0046689    0.05467  1071%  29.4    2s
H 4324  1913                       0.0053924    0.05288   881%  32.6    2s
 10372  5325    0.03053   27   50    0.00539    0.04646   762%  34.9    5s
H11566  5590                       0.0060598    0.04601   659%  35.1    5s
H11901  5813                       0.0060598    0.04601   659%  35.2    5s
H14029  6973                       0.0063775    0.04502   606%  35.5    6s
H14346  7130                       0.0063775    0.04502   606%  35.8    6s
 24006 11423    0.01111   42   40    0.00638    0.04320   577%  36.0   10s
H24285 11447                       0.0064271    0.04318   572%  36.2   10s
H30977 14767                       0.0067025    0.04251   534%  37.1   12s
H31146 14951                       0.0067025    0.04248   534%  37.1   12s
H36224 17249                       0.0067025    0.04190   525%  37.4   14s
 38676 18427    0.02880   33   57    0.00670    0.04175   523%  37.4   15s
 53129 25624    0.02081   39   53    0.00670    0.04127   516%  38.1   20s
 70075 33609    0.01571   40   55    0.00670    0.04055   505%  38.4   25s
 87101 41107    0.02838   35   57    0.00670    0.03965   492%  38.1   30s
H96509 45218                       0.0067026    0.03917   484%  38.2   32s
H97056 45571                       0.0067027    0.03913   484%  38.2   33s
H98267 45785                       0.0068317    0.03909   472%  38.2   33s
H98579 45969                       0.0068317    0.03907   472%  38.2   33s
H100019 46260                       0.0069878    0.03897   458%  38.2   34s
H100074 46368                       0.0069878    0.03897   458%  38.2   34s
 101320 46843     cutoff   39         0.00699    0.03889   457%  38.1   35s
 118890 54454    0.01608   37   40    0.00699    0.03829   448%  38.0   40s
 135986 61831    0.03222   33   55    0.00699    0.03762   438%  37.9   45s
 153150 68982    0.02050   30   49    0.00699    0.03708   431%  37.9   50s
H162907 72811                       0.0069981    0.03691   427%  37.9   53s
H162959 72930                       0.0069981    0.03691   427%  37.9   53s
H164371 73449                       0.0070179    0.03689   426%  37.9   53s
 167317 74571    0.01470   37   56    0.00702    0.03682   425%  37.9   55s
 184659 81961    0.01765   35   62    0.00702    0.03639   419%  37.9   60s
H193607 85093                       0.0070980    0.03618   410%  37.9   63s
H194646 85569                       0.0071325    0.03615   407%  37.9   63s
H194878 85747                       0.0071325    0.03614   407%  37.9   64s
H195656 85913                       0.0071325    0.03613   407%  37.9   64s
 197185 86715    0.00769   45   47    0.00713    0.03611   406%  37.9   65s
 214656 93763    0.02033   33   58    0.00713    0.03580   402%  37.9   70s
 231491 100730     cutoff   42         0.00713    0.03564   400%  37.9   75s
H233440 101610                       0.0071325    0.03562   399%  37.9   75s
 246593 106842    0.02863   34   58    0.00713    0.03547   397%  37.9   80s
 263246 113566    0.02093   33   53    0.00713    0.03523   394%  37.9   85s
 280080 120432    0.01026   40   53    0.00713    0.03501   391%  37.9   90s
 294084 126143     cutoff   44         0.00713    0.03484   388%  37.9   95s
 311341 132885    0.00983   39   50    0.00713    0.03464   386%  37.9  100s
 328631 139642     cutoff   44         0.00713    0.03448   383%  37.9  105s
 345740 146347    0.00893   41   40    0.00713    0.03431   381%  37.8  110s
 363364 152631     cutoff   49         0.00713    0.03410   378%  37.8  115s
 380689 159289    0.02093   28   53    0.00713    0.03393   376%  37.8  120s
 397916 165524    0.03162   32   58    0.00713    0.03377   373%  37.8  125s
 415092 172153    0.02445   36   46    0.00713    0.03361   371%  37.8  130s
 431135 178648     cutoff   45         0.00713    0.03348   369%  37.8  135s
 447087 184611    0.01144   42   56    0.00713    0.03333   367%  37.8  140s
 462726 190506    0.02658   37   40    0.00713    0.03322   366%  37.8  145s
H466703 162657                       0.0103042    0.03319   222%  37.8  146s
H466905 162762                       0.0103042    0.03319   222%  37.8  146s
H468192 150281                       0.0116179    0.03317   186%  37.8  146s
 477484 153081     cutoff   41         0.01162    0.03304   184%  37.7  150s
 494882 158059     cutoff   38         0.01162    0.03284   183%  37.7  155s
 511801 162773    0.01224   40   53    0.01162    0.03268   181%  37.6  160s
 529757 167426    0.01399   38   56    0.01162    0.03251   180%  37.6  165s
 547534 172277    0.01244   42   50    0.01162    0.03235   178%  37.6  170s
 565306 177145     cutoff   44         0.01162    0.03220   177%  37.5  175s
 582459 181847     cutoff   36         0.01162    0.03206   176%  37.5  180s
H585664 181754                       0.0116943    0.03203   174%  37.5  181s
 595446 184499     cutoff   49         0.01169    0.03196   173%  37.5  185s
 612967 189424    0.01672   37   53    0.01169    0.03182   172%  37.4  190s
 630701 193871    0.01337   42   57    0.01169    0.03169   171%  37.4  195s
 649005 198627    0.01735   37   48    0.01169    0.03157   170%  37.3  200s
 666537 203125    0.01539   37   47    0.01169    0.03146   169%  37.3  205s
 684998 208075    0.02541   37   64    0.01169    0.03133   168%  37.2  210s
 699635 211810    0.01752   38   46    0.01169    0.03123   167%  37.2  215s
 718026 216435    0.01426   38   57    0.01169    0.03111   166%  37.1  220s
 736297 221091    0.01381   41   43    0.01169    0.03099   165%  37.1  225s
 754569 225617    0.01601   39   53    0.01169    0.03088   164%  37.1  230s
 772146 230203    0.01288   36   44    0.01169    0.03080   163%  37.0  235s
 788955 234309    0.01512   37   57    0.01169    0.03072   163%  37.0  240s
 806702 239167    0.01840   39   57    0.01169    0.03064   162%  36.9  245s
 824849 243693    0.01417   37   50    0.01169    0.03053   161%  36.9  250s
 843073 248210    0.01359   42   57    0.01169    0.03044   160%  36.9  255s
 861531 252964    0.01768   31   51    0.01169    0.03036   160%  36.8  260s
 878662 257442    0.02768   31   57    0.01169    0.03029   159%  36.8  265s
 891565 260766    0.01352   39   44    0.01169    0.03023   158%  36.8  270s
 908158 264976    0.02275   36   53    0.01169    0.03016   158%  36.8  275s
 923547 269031    0.01426   40   46    0.01169    0.03010   157%  36.7  280s
 939322 273028     cutoff   35         0.01169    0.03004   157%  36.7  285s
 954442 276884     cutoff   40         0.01169    0.03000   157%  36.7  290s
 968525 280500    0.01256   41   54    0.01169    0.02995   156%  36.7  295s
 983581 284360    0.01815   35   59    0.01169    0.02990   156%  36.7  300s
 998748 287953    0.01506   39   49    0.01169    0.02984   155%  36.7  305s
 1013321 291470     cutoff   39         0.01169    0.02979   155%  36.6  310s
 1028639 295149     cutoff   43         0.01169    0.02974   154%  36.6  315s
 1044615 298986    0.01659   39   53    0.01169    0.02969   154%  36.6  320s
 1057606 302109     cutoff   46         0.01169    0.02965   154%  36.6  325s
H1072980 304951                       0.0117397    0.02960   152%  36.6  329s
 1074170 305244    0.01812   33   53    0.01174    0.02959   152%  36.6  330s
 1092499 309393    0.01687   43   50    0.01174    0.02953   152%  36.5  335s
 1110704 313797     cutoff   41         0.01174    0.02947   151%  36.5  340s
 1123871 316794    0.01333   43   52    0.01174    0.02943   151%  36.5  345s
 1142388 321134    0.01269   45   53    0.01174    0.02937   150%  36.5  350s
 1160844 325286    0.01944   34   55    0.01174    0.02931   150%  36.4  355s
 1178630 329358     cutoff   40         0.01174    0.02926   149%  36.4  360s

Cutting planes:
  Gomory: 44
  Lift-and-project: 1
  Implied bound: 7
  MIR: 11
  Flow cover: 26
  RLT: 74
  Relax-and-lift: 8
  BQP: 37

Explored 1178636 nodes (42930159 simplex iterations) in 360.00 seconds (343.17 work units)
Thread count was 4 (of 4 available processors)

Solution count 10: 0.0117397 0.0116943 0.0116179 ... 0.00698777

Time limit reached
Best objective 1.173969554120e-02, best bound 2.925633549613e-02, gap 149.2086%
{"verdict": "UNRESOLVED", "status": "TIME_LIMIT", "runtime": 360.00438594818115, "objval": 0.01173969554120366, "objbound": 0.029256335496131748, "binaries": 46}
