Set parameter NodefileStart to value 6
Read parameters from file gurobi.env
Restricted license - for non-production use only - expires 2027-11-29
Set parameter OutputFlag to value 1
Set parameter Threads to value 4
Set parameter TimeLimit to value 360
Set parameter MIPGap to value 5e-05
Set parameter MIPFocus to value 2
Set parameter NonConvex to value 2
Set parameter BestBdStop to value 2.7426211734693878e-02
Gurobi Optimizer version 13.0.3 build v13.0.3rc0 (linux64 - "Ubuntu 24.04.5 LTS")

CPU model: AMD EPYC 7763 64-Core Processor, instruction set [SSE2|AVX|AVX2]
Thread count: 2 physical cores, 4 logical processors, using up to 4 threads

Non-default parameters:
TimeLimit  360
BestBdStop  2.7426211734693878e-02
MIPGap  5e-05
MIPFocus  2
NodefileStart  6
NonConvex  2
Threads  4

Optimize a model with 145 rows, 115 columns and 846 nonzeros (Max)
Model fingerprint: 0x7c3dea38
Model has 1 linear objective coefficients
Model has 50 quadratic constraints
Variable types: 65 continuous, 50 integer (50 binary)
Coefficient statistics:
  Matrix range     [5e-01, 1e+00]
  QMatrix range    [1e+00, 1e+00]
  QLMatrix range   [1e+00, 1e+00]
  Objective range  [1e+00, 1e+00]
  Bounds range     [5e-01, 1e+00]
  RHS range        [1e+00, 1e+00]

Found heuristic solution: objective -0.0000000
Presolve time: 0.00s
Presolved: 345 rows, 116 columns, 1246 nonzeros
Presolved model has 50 bilinear constraint(s)

Solving non-convex MIQCP to global optimality

Variable types: 66 continuous, 50 integer (50 binary)
Root relaxation presolve removed 50 rows and 1 columns
Root relaxation presolved: 295 rows, 115 columns, 1196 nonzeros


Root relaxation: objective 8.333333e-02, 119 iterations, 0.00 seconds (0.00 work units)

    Nodes    |    Current Node    |     Objective Bounds      |     Work
 Expl Unexpl |  Obj  Depth IntInf | Incumbent    BestBd   Gap | It/Node Time

     0     0    0.08333    0   46   -0.00000    0.08333      -     -    0s
     0     0    0.07143    0   55   -0.00000    0.07143      -     -    0s
     0     0    0.07143    0   51   -0.00000    0.07143      -     -    0s
     0     0    0.07143    0   43   -0.00000    0.07143      -     -    0s
     0     0    0.07143    0   43   -0.00000    0.07143      -     -    0s
     0     0    0.07143    0   43   -0.00000    0.07143      -     -    0s
     0     2    0.07143    0   43   -0.00000    0.07143      -     -    0s
*  632   571              91       0.0000000    0.05828      -  21.6    0s
*  713   620              73       0.0000000    0.05828      -  20.0    0s
*  797   608              80       0.0000000    0.05828      -  19.9    0s
H 1170   841                       0.0000001    0.05828      -  23.1    1s
H 1272   868                       0.0000002    0.05796      -  23.9    1s
* 1473   959              48       0.0000003    0.05796      -  22.3    1s
H 1604   947                       0.0000006    0.05796      -  21.5    1s
H 2756  1389                       0.0000008    0.03833      -  19.9    1s

Cutting planes:
  Gomory: 24
  Implied bound: 2
  MIR: 5
  Flow cover: 29
  RLT: 30
  Relax-and-lift: 1
  BQP: 7

Explored 2915 nodes (58453 simplex iterations) in 1.93 seconds (1.31 work units)
Thread count was 4 (of 4 available processors)

Solution count 8: 8.43828e-07 6.35767e-07 2.92225e-07 ... -0

Optimization achieved user objective limit
Best objective 8.438281245509e-07, best bound 2.299436803815e-02, gap -
{"verdict": "PROVED", "status": "BOUND_REACHED", "runtime": 1.9295430183410645, "objval": 8.438281245509377e-07, "objbound": 0.022994368038146945, "binaries": 50}
