07:53:50 UTC start: 1 unresolved seed region(s) and 0 missing piece(s) under [[[0,2,4],1],[[0,2,5],1],[[0,2,6],1],[[0,2,7],1],[[0,2,8],0],[[0,3,4],0],[[0,3,5],0],[[0,3,6],0],[[0,3,7],0],[[0,3,8],0],[[1,2,4],1],[[1,2,5],1],[[1,2,6],1],[[1,2,7],1],[[1,2,8],0],[[1,3,4],1],[[1,3,5],1],[[1,3,6],1],[[1,3,7],1],[[1,3,8],0],[[2,3,4],1],[[2,3,5],1],[[2,3,6],1],[[2,3,7],1],[[2,3,8],1],[[4,5,6],0],[[4,5,7],0],[[4,5,8],0],[[4,6,7],1]]
08:09:13 UTC split region (bound/target 36.461) on [[4,6,8],[4,7,8],[5,6,7],[5,6,8]]: 1 pieces proved, 15 open; total runs 16, proved 1, open regions 15
08:11:18 UTC split region (bound/target 1.037) on [[5,7,8],[6,7,8],[0,4,5],[0,4,6]]: 15 pieces proved, 1 open; total runs 32, proved 16, open regions 15
08:12:39 UTC split region (bound/target 1.062) on [[0,4,7],[0,4,8],[0,5,6],[0,5,7]]: 15 pieces proved, 1 open; total runs 48, proved 31, open regions 15
08:15:07 UTC split region (bound/target 1.122) on [[5,7,8],[6,7,8],[0,4,5],[0,4,6]]: 15 pieces proved, 1 open; total runs 64, proved 46, open regions 15
08:16:26 UTC split region (bound/target 1.101) on [[0,4,7],[0,4,8],[0,5,6],[0,5,7]]: 15 pieces proved, 1 open; total runs 80, proved 61, open regions 15
08:20:47 UTC split region (bound/target 1.155) on [[5,7,8],[6,7,8],[0,4,5],[0,4,6]]: 14 pieces proved, 2 open; total runs 96, proved 75, open regions 16
08:21:54 UTC region PROVED by a 300 s run (67 s); open 15
08:28:09 UTC split region (bound/target 1.156) on [[5,7,8],[6,7,8],[0,4,5],[0,4,6]]: 12 pieces proved, 4 open; total runs 113, proved 88, open regions 18
08:29:12 UTC region PROVED by a 300 s run (63 s); open 17
08:30:17 UTC split region (bound/target 1.083) on [[0,4,7],[0,4,8],[0,5,6],[0,5,7]]: 16 pieces proved, 0 open; total runs 130, proved 105, open regions 16
08:31:36 UTC split region (bound/target 1.098) on [[0,4,7],[0,4,8],[0,5,6],[0,5,7]]: 15 pieces proved, 1 open; total runs 146, proved 120, open regions 16
08:32:11 UTC split region (bound/target 1.167) on [[0,5,8],[0,6,7],[0,6,8],[0,7,8]]: 16 pieces proved, 0 open; total runs 162, proved 136, open regions 15
08:33:35 UTC split region (bound/target 1.195) on [[0,4,7],[0,4,8],[0,5,6],[0,5,7]]: 15 pieces proved, 1 open; total runs 178, proved 151, open regions 15
08:35:33 UTC split region (bound/target 1.119) on [[0,5,8],[0,6,7],[0,6,8],[0,7,8]]: 15 pieces proved, 1 open; total runs 194, proved 166, open regions 15
08:36:36 UTC region PROVED by a 300 s run (63 s); open 14
08:38:47 UTC split region (bound/target 1.216) on [[0,5,8],[0,6,7],[0,6,8],[0,7,8]]: 14 pieces proved, 2 open; total runs 211, proved 181, open regions 15
08:39:56 UTC region PROVED by a 300 s run (69 s); open 14
08:40:46 UTC split region (bound/target 1.065) on [[1,4,5],[1,4,6],[1,4,7],[1,4,8]]: 16 pieces proved, 0 open; total runs 228, proved 198, open regions 13
08:42:09 UTC split region (bound/target 1.218) on [[0,4,7],[0,4,8],[0,5,6],[0,5,7]]: 15 pieces proved, 1 open; total runs 244, proved 213, open regions 13
08:43:43 UTC split region (bound/target 1.092) on [[0,5,8],[0,6,7],[0,6,8],[0,7,8]]: 15 pieces proved, 1 open; total runs 260, proved 228, open regions 13
08:45:43 UTC split region (bound/target 1.108) on [[1,4,5],[1,4,6],[1,4,7],[1,4,8]]: 15 pieces proved, 1 open; total runs 276, proved 243, open regions 13
08:46:32 UTC split region (bound/target 1.111) on [[1,5,6],[1,5,7],[1,5,8],[1,6,7]]: 16 pieces proved, 0 open; total runs 292, proved 259, open regions 12
08:48:20 UTC split region (bound/target 1.224) on [[5,7,8],[6,7,8],[0,4,5],[0,4,6]]: 15 pieces proved, 1 open; total runs 308, proved 274, open regions 12
08:49:39 UTC split region (bound/target 1.118) on [[0,4,7],[0,4,8],[0,5,6],[0,5,7]]: 15 pieces proved, 1 open; total runs 324, proved 289, open regions 12
08:51:17 UTC split region (bound/target 1.109) on [[0,5,8],[0,6,7],[0,6,8],[0,7,8]]: 15 pieces proved, 1 open; total runs 340, proved 304, open regions 12
08:53:16 UTC split region (bound/target 1.215) on [[1,4,5],[1,4,6],[1,4,7],[1,4,8]]: 15 pieces proved, 1 open; total runs 356, proved 319, open regions 12
08:53:58 UTC split region (bound/target 1.059) on [[1,5,6],[1,5,7],[1,5,8],[1,6,7]]: 16 pieces proved, 0 open; total runs 372, proved 335, open regions 11
08:56:01 UTC split region (bound/target 1.227) on [[0,5,8],[0,6,7],[0,6,8],[0,7,8]]: 15 pieces proved, 1 open; total runs 388, proved 350, open regions 11
08:57:08 UTC split region (bound/target 1.032) on [[1,4,5],[1,4,6],[1,4,7],[1,4,8]]: 16 pieces proved, 0 open; total runs 404, proved 366, open regions 10
08:59:17 UTC split region (bound/target 1.229) on [[5,7,8],[6,7,8],[0,4,5],[0,4,6]]: 15 pieces proved, 1 open; total runs 420, proved 381, open regions 10
09:04:34 UTC split region (bound/target 1.279) on [[5,7,8],[6,7,8],[0,4,5],[0,4,6]]: 13 pieces proved, 3 open; total runs 436, proved 394, open regions 12
09:05:56 UTC split region (bound/target 1.079) on [[0,4,7],[0,4,8],[0,5,6],[0,5,7]]: 15 pieces proved, 1 open; total runs 452, proved 409, open regions 12
09:07:17 UTC split region (bound/target 1.083) on [[0,5,8],[0,6,7],[0,6,8],[0,7,8]]: 16 pieces proved, 0 open; total runs 468, proved 425, open regions 11
09:08:38 UTC split region (bound/target 1.198) on [[0,4,7],[0,4,8],[0,5,6],[0,5,7]]: 15 pieces proved, 1 open; total runs 484, proved 440, open regions 11
09:10:05 UTC split region (bound/target 1.233) on [[0,4,7],[0,4,8],[0,5,6],[0,5,7]]: 15 pieces proved, 1 open; total runs 500, proved 455, open regions 11
09:12:24 UTC split region (bound/target 1.087) on [[0,5,8],[0,6,7],[0,6,8],[0,7,8]]: 14 pieces proved, 2 open; total runs 516, proved 469, open regions 12
09:13:42 UTC region PROVED by a 300 s run (78 s); open 11
09:14:47 UTC split region (bound/target 1.022) on [[1,4,5],[1,4,6],[1,4,7],[1,4,8]]: 16 pieces proved, 0 open; total runs 533, proved 486, open regions 10
09:16:25 UTC split region (bound/target 1.274) on [[0,5,8],[0,6,7],[0,6,8],[0,7,8]]: 15 pieces proved, 1 open; total runs 549, proved 501, open regions 10
09:18:15 UTC split region (bound/target 1.148) on [[1,4,5],[1,4,6],[1,4,7],[1,4,8]]: 15 pieces proved, 1 open; total runs 565, proved 516, open regions 10
09:19:20 UTC split region (bound/target 1.154) on [[1,5,6],[1,5,7],[1,5,8],[1,6,7]]: 16 pieces proved, 0 open; total runs 581, proved 532, open regions 9
09:29:43 UTC split region (bound/target 1.280) on [[5,7,8],[6,7,8],[0,4,5],[0,4,6]]: 9 pieces proved, 7 open; total runs 597, proved 541, open regions 15
09:31:28 UTC split region (bound/target 1.024) on [[0,4,7],[0,4,8],[0,5,6],[0,5,7]]: 16 pieces proved, 0 open; total runs 613, proved 557, open regions 14
09:33:15 UTC split region (bound/target 1.040) on [[0,4,7],[0,4,8],[0,5,6],[0,5,7]]: 15 pieces proved, 1 open; total runs 629, proved 572, open regions 14
09:34:41 UTC split region (bound/target 1.172) on [[0,5,8],[0,6,7],[0,6,8],[0,7,8]]: 15 pieces proved, 1 open; total runs 645, proved 587, open regions 14
09:35:47 UTC split region (bound/target 1.030) on [[1,4,5],[1,4,6],[1,4,7],[1,4,8]]: 16 pieces proved, 0 open; total runs 661, proved 603, open regions 13
09:36:44 UTC split region (bound/target 1.228) on [[0,4,7],[0,4,8],[0,5,6],[0,5,7]]: 16 pieces proved, 0 open; total runs 677, proved 619, open regions 12
09:39:14 UTC split region (bound/target 1.286) on [[0,4,7],[0,4,8],[0,5,6],[0,5,7]]: 14 pieces proved, 2 open; total runs 693, proved 633, open regions 13
09:41:30 UTC split region (bound/target 1.296) on [[5,7,8],[6,7,8],[0,4,5],[0,4,6]]: 16 pieces proved, 0 open; total runs 709, proved 649, open regions 12
09:43:42 UTC split region (bound/target 1.307) on [[0,5,8],[0,6,7],[0,6,8],[0,7,8]]: 14 pieces proved, 2 open; total runs 725, proved 663, open regions 13
09:44:28 UTC split region (bound/target 1.063) on [[1,4,5],[1,4,6],[1,4,7],[1,4,8]]: 16 pieces proved, 0 open; total runs 741, proved 679, open regions 12
09:47:02 UTC split region (bound/target 1.176) on [[1,4,5],[1,4,6],[1,4,7],[1,4,8]]: 14 pieces proved, 2 open; total runs 757, proved 693, open regions 13
09:47:43 UTC split region (bound/target 1.056) on [[1,5,6],[1,5,7],[1,5,8],[1,6,7]]: 16 pieces proved, 0 open; total runs 773, proved 709, open regions 12
09:49:09 UTC split region (bound/target 1.134) on [[1,5,6],[1,5,7],[1,5,8],[1,6,7]]: 16 pieces proved, 0 open; total runs 789, proved 725, open regions 11
09:50:26 UTC split region (bound/target 1.316) on [[0,4,7],[0,4,8],[0,5,6],[0,5,7]]: 15 pieces proved, 1 open; total runs 805, proved 740, open regions 11
09:52:39 UTC split region (bound/target 1.221) on [[0,5,8],[0,6,7],[0,6,8],[0,7,8]]: 15 pieces proved, 1 open; total runs 821, proved 755, open regions 11
09:55:25 UTC split region (bound/target 1.029) on [[1,4,5],[1,4,6],[1,4,7],[1,4,8]]: 14 pieces proved, 2 open; total runs 837, proved 769, open regions 12
09:56:28 UTC region PROVED by a 300 s run (63 s); open 11
09:56:54 UTC split region (bound/target 1.066) on [[1,5,6],[1,5,7],[1,5,8],[1,6,7]]: 16 pieces proved, 0 open; total runs 854, proved 786, open regions 10
10:04:53 UTC split region (bound/target 1.321) on [[5,7,8],[6,7,8],[0,4,5],[0,4,6]]: 11 pieces proved, 5 open; total runs 870, proved 797, open regions 14
10:06:20 UTC split region (bound/target 1.038) on [[0,4,7],[0,4,8],[0,5,6],[0,5,7]]: 15 pieces proved, 1 open; total runs 886, proved 812, open regions 14
10:08:42 UTC split region (bound/target 1.107) on [[0,4,7],[0,4,8],[0,5,6],[0,5,7]]: 14 pieces proved, 2 open; total runs 902, proved 826, open regions 15
10:10:14 UTC split region (bound/target 1.200) on [[0,5,8],[0,6,7],[0,6,8],[0,7,8]]: 16 pieces proved, 0 open; total runs 918, proved 842, open regions 14
10:11:46 UTC split region (bound/target 1.240) on [[0,5,8],[0,6,7],[0,6,8],[0,7,8]]: 15 pieces proved, 1 open; total runs 934, proved 857, open regions 14
10:14:04 UTC split region (bound/target 1.243) on [[0,4,7],[0,4,8],[0,5,6],[0,5,7]]: 15 pieces proved, 1 open; total runs 950, proved 872, open regions 14
10:15:35 UTC split region (bound/target 1.220) on [[0,5,8],[0,6,7],[0,6,8],[0,7,8]]: 15 pieces proved, 1 open; total runs 966, proved 887, open regions 14
10:17:17 UTC split region (bound/target 1.247) on [[1,4,5],[1,4,6],[1,4,7],[1,4,8]]: 16 pieces proved, 0 open; total runs 982, proved 903, open regions 13
10:18:41 UTC split region (bound/target 1.293) on [[0,4,7],[0,4,8],[0,5,6],[0,5,7]]: 15 pieces proved, 1 open; total runs 998, proved 918, open regions 13
10:21:00 UTC split region (bound/target 1.298) on [[0,5,8],[0,6,7],[0,6,8],[0,7,8]]: 14 pieces proved, 2 open; total runs 1014, proved 932, open regions 14
10:21:42 UTC split region (bound/target 1.059) on [[1,4,5],[1,4,6],[1,4,7],[1,4,8]]: 16 pieces proved, 0 open; total runs 1030, proved 948, open regions 13
10:23:21 UTC split region (bound/target 1.141) on [[1,4,5],[1,4,6],[1,4,7],[1,4,8]]: 15 pieces proved, 1 open; total runs 1046, proved 963, open regions 13
10:24:08 UTC split region (bound/target 1.023) on [[1,5,6],[1,5,7],[1,5,8],[1,6,7]]: 16 pieces proved, 0 open; total runs 1062, proved 979, open regions 12
10:25:23 UTC split region (bound/target 1.328) on [[0,5,8],[0,6,7],[0,6,8],[0,7,8]]: 15 pieces proved, 1 open; total runs 1078, proved 994, open regions 12
10:27:09 UTC split region (bound/target 1.052) on [[1,4,5],[1,4,6],[1,4,7],[1,4,8]]: 15 pieces proved, 1 open; total runs 1094, proved 1009, open regions 12
10:27:35 UTC split region (bound/target 1.148) on [[1,5,6],[1,5,7],[1,5,8],[1,6,7]]: 16 pieces proved, 0 open; total runs 1110, proved 1025, open regions 11
10:28:42 UTC split region (bound/target 1.362) on [[0,5,8],[0,6,7],[0,6,8],[0,7,8]]: 15 pieces proved, 1 open; total runs 1126, proved 1040, open regions 11
10:31:55 UTC split region (bound/target 1.263) on [[1,4,5],[1,4,6],[1,4,7],[1,4,8]]: 14 pieces proved, 2 open; total runs 1142, proved 1054, open regions 12
10:32:58 UTC region PROVED by a 300 s run (63 s); open 11
10:33:47 UTC split region (bound/target 1.084) on [[1,5,6],[1,5,7],[1,5,8],[1,6,7]]: 16 pieces proved, 0 open; total runs 1159, proved 1071, open regions 10
10:38:50 UTC split region (bound/target 1.406) on [[5,7,8],[6,7,8],[0,4,5],[0,4,6]]: 14 pieces proved, 2 open; total runs 1175, proved 1085, open regions 11
10:40:08 UTC split region (bound/target 1.115) on [[0,4,7],[0,4,8],[0,5,6],[0,5,7]]: 15 pieces proved, 1 open; total runs 1191, proved 1100, open regions 11
10:41:25 UTC split region (bound/target 1.141) on [[0,4,7],[0,4,8],[0,5,6],[0,5,7]]: 15 pieces proved, 1 open; total runs 1207, proved 1115, open regions 11
10:43:23 UTC split region (bound/target 1.054) on [[0,5,8],[0,6,7],[0,6,8],[0,7,8]]: 15 pieces proved, 1 open; total runs 1223, proved 1130, open regions 11
10:46:20 UTC split region (bound/target 1.072) on [[1,4,5],[1,4,6],[1,4,7],[1,4,8]]: 14 pieces proved, 2 open; total runs 1239, proved 1144, open regions 12
10:46:55 UTC split region (bound/target 1.055) on [[1,5,6],[1,5,7],[1,5,8],[1,6,7]]: 16 pieces proved, 0 open; total runs 1255, proved 1160, open regions 11
10:47:42 UTC split region (bound/target 1.085) on [[1,5,6],[1,5,7],[1,5,8],[1,6,7]]: 16 pieces proved, 0 open; total runs 1271, proved 1176, open regions 10
10:57:41 UTC split region (bound/target 1.423) on [[5,7,8],[6,7,8],[0,4,5],[0,4,6]]: 8 pieces proved, 8 open; total runs 1287, proved 1184, open regions 17
10:58:57 UTC region PROVED by a 300 s run (76 s); open 16
11:01:05 UTC split region (bound/target 1.034) on [[0,4,7],[0,4,8],[0,5,6],[0,5,7]]: 15 pieces proved, 1 open; total runs 1304, proved 1200, open regions 16
11:01:31 UTC split region (bound/target 1.022) on [[0,5,8],[0,6,7],[0,6,8],[0,7,8]]: 16 pieces proved, 0 open; total runs 1320, proved 1216, open regions 15
11:02:49 UTC split region (bound/target 1.062) on [[0,4,7],[0,4,8],[0,5,6],[0,5,7]]: 16 pieces proved, 0 open; total runs 1336, proved 1232, open regions 14
11:03:59 UTC split region (bound/target 1.123) on [[0,4,7],[0,4,8],[0,5,6],[0,5,7]]: 15 pieces proved, 1 open; total runs 1352, proved 1247, open regions 14
11:05:06 UTC region PROVED by a 300 s run (67 s); open 13
11:06:18 UTC split region (bound/target 1.212) on [[0,4,7],[0,4,8],[0,5,6],[0,5,7]]: 15 pieces proved, 1 open; total runs 1369, proved 1263, open regions 13
11:08:16 UTC split region (bound/target 1.134) on [[0,5,8],[0,6,7],[0,6,8],[0,7,8]]: 15 pieces proved, 1 open; total runs 1385, proved 1278, open regions 13
11:10:16 UTC split region (bound/target 1.240) on [[1,4,5],[1,4,6],[1,4,7],[1,4,8]]: 15 pieces proved, 1 open; total runs 1401, proved 1293, open regions 13
11:11:27 UTC split region (bound/target 1.040) on [[1,5,6],[1,5,7],[1,5,8],[1,6,7]]: 16 pieces proved, 0 open; total runs 1417, proved 1309, open regions 12
11:13:06 UTC split region (bound/target 1.242) on [[0,4,7],[0,4,8],[0,5,6],[0,5,7]]: 15 pieces proved, 1 open; total runs 1433, proved 1324, open regions 12
11:14:32 UTC split region (bound/target 1.128) on [[0,5,8],[0,6,7],[0,6,8],[0,7,8]]: 15 pieces proved, 1 open; total runs 1449, proved 1339, open regions 12
11:16:47 UTC split region (bound/target 1.027) on [[1,4,5],[1,4,6],[1,4,7],[1,4,8]]: 16 pieces proved, 0 open; total runs 1465, proved 1355, open regions 11
11:19:30 UTC split region (bound/target 1.353) on [[0,4,7],[0,4,8],[0,5,6],[0,5,7]]: 14 pieces proved, 2 open; total runs 1481, proved 1369, open regions 12
11:20:44 UTC split region (bound/target 1.207) on [[0,5,8],[0,6,7],[0,6,8],[0,7,8]]: 15 pieces proved, 1 open; total runs 1497, proved 1384, open regions 12
11:22:03 UTC split region (bound/target 1.320) on [[0,5,8],[0,6,7],[0,6,8],[0,7,8]]: 15 pieces proved, 1 open; total runs 1513, proved 1399, open regions 12
11:24:18 UTC split region (bound/target 1.320) on [[1,4,5],[1,4,6],[1,4,7],[1,4,8]]: 15 pieces proved, 1 open; total runs 1529, proved 1414, open regions 12
11:27:00 UTC split region (bound/target 1.240) on [[1,5,6],[1,5,7],[1,5,8],[1,6,7]]: 16 pieces proved, 0 open; total runs 1545, proved 1430, open regions 11
11:29:16 UTC split region (bound/target 1.346) on [[1,4,5],[1,4,6],[1,4,7],[1,4,8]]: 15 pieces proved, 1 open; total runs 1561, proved 1445, open regions 11
11:31:15 UTC split region (bound/target 1.095) on [[1,5,6],[1,5,7],[1,5,8],[1,6,7]]: 15 pieces proved, 1 open; total runs 1577, proved 1460, open regions 11
11:32:14 UTC split region (bound/target 1.064) on [[1,6,8],[1,7,8],[2,4,5],[2,4,6]]: 16 pieces proved, 0 open; total runs 1593, proved 1476, open regions 10
11:35:20 UTC split region (bound/target 1.433) on [[0,4,7],[0,4,8],[0,5,6],[0,5,7]]: 15 pieces proved, 1 open; total runs 1609, proved 1491, open regions 10
11:37:33 UTC split region (bound/target 1.435) on [[0,5,8],[0,6,7],[0,6,8],[0,7,8]]: 14 pieces proved, 2 open; total runs 1625, proved 1505, open regions 11
11:39:32 UTC split region (bound/target 1.285) on [[1,4,5],[1,4,6],[1,4,7],[1,4,8]]: 15 pieces proved, 1 open; total runs 1641, proved 1520, open regions 11
11:41:40 UTC split region (bound/target 1.197) on [[1,5,6],[1,5,7],[1,5,8],[1,6,7]]: 16 pieces proved, 0 open; total runs 1657, proved 1536, open regions 10
11:45:44 UTC split region (bound/target 1.418) on [[1,4,5],[1,4,6],[1,4,7],[1,4,8]]: 13 pieces proved, 3 open; total runs 1673, proved 1549, open regions 12
11:46:47 UTC split region (bound/target 1.048) on [[1,5,6],[1,5,7],[1,5,8],[1,6,7]]: 16 pieces proved, 0 open; total runs 1689, proved 1565, open regions 11
11:48:01 UTC split region (bound/target 1.122) on [[1,5,6],[1,5,7],[1,5,8],[1,6,7]]: 15 pieces proved, 1 open; total runs 1705, proved 1580, open regions 11
11:49:00 UTC split region (bound/target 1.085) on [[1,6,8],[1,7,8],[2,4,5],[2,4,6]]: 16 pieces proved, 0 open; total runs 1721, proved 1596, open regions 10
11:53:27 UTC split region (bound/target 1.361) on [[1,5,6],[1,5,7],[1,5,8],[1,6,7]]: 13 pieces proved, 3 open; total runs 1737, proved 1609, open regions 12
11:54:30 UTC region PROVED by a 300 s run (64 s); open 11
11:54:30 UTC STOP file or time limit reached: 11 region(s) still open; re-run to resume
