Set parameter NodefileStart to value 6
Read parameters from file gurobi.env
Restricted license - for non-production use only - expires 2027-11-29
Set parameter OutputFlag to value 1
Set parameter Threads to value 4
Set parameter TimeLimit to value 360
Set parameter MIPGap to value 5e-05
Set parameter MIPFocus to value 2
Set parameter NonConvex to value 2
Set parameter BestBdStop to value 2.7426211734693878e-02
Gurobi Optimizer version 13.0.3 build v13.0.3rc0 (linux64 - "Ubuntu 24.04.5 LTS")

CPU model: AMD EPYC 7763 64-Core Processor, instruction set [SSE2|AVX|AVX2]
Thread count: 2 physical cores, 4 logical processors, using up to 4 threads

Non-default parameters:
TimeLimit  360
BestBdStop  2.7426211734693878e-02
MIPGap  5e-05
MIPFocus  2
NodefileStart  6
NonConvex  2
Threads  4

Optimize a model with 137 rows, 107 columns and 774 nonzeros (Max)
Model fingerprint: 0x1784a8a6
Model has 1 linear objective coefficients
Model has 50 quadratic constraints
Variable types: 65 continuous, 42 integer (42 binary)
Coefficient statistics:
  Matrix range     [5e-01, 1e+00]
  QMatrix range    [1e+00, 1e+00]
  QLMatrix range   [1e+00, 1e+00]
  Objective range  [1e+00, 1e+00]
  Bounds range     [5e-01, 1e+00]
  RHS range        [1e+00, 1e+00]

Found heuristic solution: objective -0.0000000
Presolve time: 0.00s
Presolved: 337 rows, 108 columns, 1174 nonzeros
Presolved model has 50 bilinear constraint(s)

Solving non-convex MIQCP to global optimality

Variable types: 66 continuous, 42 integer (42 binary)
Root relaxation presolve removed 50 rows and 1 columns
Root relaxation presolved: 287 rows, 107 columns, 1124 nonzeros


Root relaxation: objective 1.250000e-01, 94 iterations, 0.00 seconds (0.00 work units)

    Nodes    |    Current Node    |     Objective Bounds      |     Work
 Expl Unexpl |  Obj  Depth IntInf | Incumbent    BestBd   Gap | It/Node Time

     0     0    0.12500    0   54   -0.00000    0.12500      -     -    0s
     0     0    0.10000    0   50   -0.00000    0.10000      -     -    0s
     0     0    0.10000    0   49   -0.00000    0.10000      -     -    0s
     0     0    0.10000    0   56   -0.00000    0.10000      -     -    0s
     0     0    0.10000    0   47   -0.00000    0.10000      -     -    0s
     0     0    0.10000    0   52   -0.00000    0.10000      -     -    0s
     0     0    0.10000    0   43   -0.00000    0.10000      -     -    0s
     0     0    0.10000    0   43   -0.00000    0.10000      -     -    0s
     0     2    0.10000    0   43   -0.00000    0.10000      -     -    0s
* 1043  1093             144       0.0000003    0.10000      -  12.8    0s
* 1071  1093             141       0.0000004    0.10000      -  13.0    0s
H 1338  1292                       0.0000005    0.10000      -  13.9    0s
H 2149  1792                       0.0000008    0.06663      -  15.1    1s
* 9563  3242             100       0.0012949    0.06663  5045%  16.4    3s
H10007  3371                       0.0012952    0.06663  5044%  16.8    3s
 16579  7692    0.03383   31   45    0.00130    0.06321  4780%  21.0    5s
H22467  7917                       0.0041567    0.06009  1346%  21.5    6s
H22471  6051                       0.0075339    0.05998   696%  21.5    6s
H22488  5983                       0.0077351    0.05998   675%  21.5    6s
 37158 11475    0.01691   34   44    0.00774    0.05156   567%  25.8   10s
 55210 16726     cutoff   33         0.00774    0.04609   496%  28.5   15s
H60719 18248                       0.0077352    0.04472   478%  29.3   16s
 70257 20907    0.01602   35   53    0.00774    0.04268   452%  30.3   20s
 89168 25305    0.01229   37   57    0.00774    0.03924   407%  31.9   25s
 109614 29914     cutoff   40         0.00774    0.03667   374%  32.7   30s
 129819 33982    0.01174   42   40    0.00774    0.03468   348%  33.2   35s
 150787 37621     cutoff   34         0.00774    0.03293   326%  33.5   40s
 170685 41064    0.01617   35   50    0.00774    0.03129   305%  33.9   45s
 190883 43967     cutoff   34         0.00774    0.02991   287%  34.1   50s
 211627 47151     cutoff   50         0.00774    0.02881   272%  34.3   55s
 228996 49460    0.00893   42   52    0.00774    0.02798   262%  34.4   60s

Cutting planes:
  Gomory: 10
  Implied bound: 8
  MIR: 1
  Flow cover: 16
  RLT: 66
  Relax-and-lift: 5
  BQP: 19

Explored 241127 nodes (8313444 simplex iterations) in 62.87 seconds (65.59 work units)
Thread count was 4 (of 4 available processors)

Solution count 9: 0.00773519 0.00753393 0.00415669 ... -0

Optimization achieved user objective limit
Best objective 7.735191561783e-03, best bound 2.742154629633e-02, gap 254.5038%
{"verdict": "PROVED", "status": "BOUND_REACHED", "runtime": 62.868932008743286, "objval": 0.007735191561782512, "objbound": 0.027421546296330184, "binaries": 42}
