Set parameter NodefileStart to value 6
Read parameters from file gurobi.env
Restricted license - for non-production use only - expires 2027-11-29
Set parameter OutputFlag to value 1
Set parameter Threads to value 4
Set parameter TimeLimit to value 360
Set parameter MIPGap to value 5e-05
Set parameter MIPFocus to value 2
Set parameter NonConvex to value 2
Set parameter BestBdStop to value 2.7426211734693878e-02
Gurobi Optimizer version 13.0.3 build v13.0.3rc0 (linux64 - "Ubuntu 24.04.5 LTS")

CPU model: AMD EPYC 9V74 80-Core Processor, instruction set [SSE2|AVX|AVX2|AVX512]
Thread count: 2 physical cores, 4 logical processors, using up to 4 threads

Non-default parameters:
TimeLimit  360
BestBdStop  2.7426211734693878e-02
MIPGap  5e-05
MIPFocus  2
NodefileStart  6
NonConvex  2
Threads  4

Optimize a model with 141 rows, 111 columns and 810 nonzeros (Max)
Model fingerprint: 0x6439d2eb
Model has 1 linear objective coefficients
Model has 50 quadratic constraints
Variable types: 65 continuous, 46 integer (46 binary)
Coefficient statistics:
  Matrix range     [5e-01, 1e+00]
  QMatrix range    [1e+00, 1e+00]
  QLMatrix range   [1e+00, 1e+00]
  Objective range  [1e+00, 1e+00]
  Bounds range     [5e-01, 1e+00]
  RHS range        [1e+00, 1e+00]

Found heuristic solution: objective -0.0000000
Presolve time: 0.00s
Presolved: 341 rows, 112 columns, 1210 nonzeros
Presolved model has 50 bilinear constraint(s)

Solving non-convex MIQCP to global optimality

Variable types: 66 continuous, 46 integer (46 binary)
Root relaxation presolve removed 50 rows and 1 columns
Root relaxation presolved: 291 rows, 111 columns, 1160 nonzeros


Root relaxation: objective 8.333333e-02, 123 iterations, 0.00 seconds (0.00 work units)

    Nodes    |    Current Node    |     Objective Bounds      |     Work
 Expl Unexpl |  Obj  Depth IntInf | Incumbent    BestBd   Gap | It/Node Time

     0     0    0.08333    0   43   -0.00000    0.08333      -     -    0s
     0     0    0.07143    0   44   -0.00000    0.07143      -     -    0s
     0     0    0.07143    0   44   -0.00000    0.07143      -     -    0s
     0     0    0.07143    0   44   -0.00000    0.07143      -     -    0s
     0     2    0.07143    0   44   -0.00000    0.07143      -     -    0s
*  542   505              73       0.0000000    0.07143      -  23.9    0s
H  568   533                       0.0000001    0.07143      -  23.7    0s
H  621   577                       0.0000004    0.07143      -  24.2    0s
H 1064   953                       0.0000006    0.07143      -  26.7    0s
* 1850  1406             119       0.0000013    0.04511      -  21.5    1s
* 1852  1360             119       0.0000013    0.04511      -  21.5    1s
* 1853  1316             119       0.0000014    0.04511      -  21.5    1s
* 1857  1273             119       0.0000015    0.04511      -  21.4    1s
H 2343  1389                       0.0000017    0.04511      -  23.1    1s
H 3974  2470                       0.0000017    0.04511      -  24.5    2s
H10693  7520                       0.0000021    0.04511      -  23.8    3s
 20067 13980    0.01017   35   50    0.00000    0.04511      -  23.2    5s
H23877 16672                       0.0000021    0.04511      -  23.1    6s
 45996 32320    0.04511   25   61    0.00000    0.04511      -  24.8   10s
 75962 53353    0.00020   56   52    0.00000    0.04511      -  25.3   15s
 108176 75303    0.04006   28   58    0.00000    0.04433      -  24.5   20s
 139209 96878    0.01464   42   50    0.00000    0.04361      -  24.3   25s
 172161 119249    0.00002   62   38    0.00000    0.04305      -  24.1   30s
 204334 140534    0.03785   30   51    0.00000    0.04255      -  23.8   35s
 239000 163837    0.00000  108   43    0.00000    0.04219      -  23.5   40s
 272559 186611    0.00072   49   46    0.00000    0.04188      -  23.3   45s
 305672 209548    0.00866   47   55    0.00000    0.04161      -  23.2   50s
 332742 230265    0.03102   37   53    0.00000    0.04135      -  23.2   55s
 366843 249919    0.00002   75   47    0.00000    0.04108      -  23.2   60s
 400066 272838    0.00001   78   33    0.00000    0.04096      -  23.1   65s
 430335 293033    0.00836   48   52    0.00000    0.04075      -  23.1   70s
 460270 313790    0.00107   48   46    0.00000    0.04062      -  23.1   75s
 491118 333853    0.02013   38   45    0.00000    0.04042      -  23.1   80s
 523650 355347    0.00093   64   52    0.00000    0.04023      -  23.1   85s
 556588 376897    0.00194   46   52    0.00000    0.04002      -  23.2   90s
 589019 398109    0.01005   46   52    0.00000    0.03982      -  23.2   95s
 621796 420266    0.00000  107   44    0.00000    0.03968      -  23.2  100s
 651642 440343    0.00545   48   52    0.00000    0.03957      -  23.2  105s
 682010 460476    0.00005   70   55    0.00000    0.03943      -  23.2  110s
 714944 482221    0.01411   37   53    0.00000    0.03929      -  23.1  115s
 748523 505300    0.00717   49   50    0.00000    0.03920      -  23.1  120s
 780968 526948    0.01163   45   46    0.00000    0.03908      -  23.0  125s
 810467 545849    0.01387   41   50    0.00000    0.03896      -  23.1  130s
 842741 567717    0.00149   62   50    0.00000    0.03886      -  23.1  135s
 874220 589087     cutoff   81         0.00000    0.03876      -  23.1  140s
 905806 610100    0.00000   79   28    0.00000    0.03867      -  23.2  145s
 935514 629154    0.02026   35   51    0.00000    0.03856      -  23.1  150s
 967226 649689    0.00044   40   50    0.00000    0.03847      -  23.1  155s
 995933 669018    0.00384   55   43    0.00000    0.03840      -  23.1  160s
H1015114 680059                       0.0000023    0.03835      -  23.1  163s
 1025027 687274    0.00001   95   32    0.00000    0.03833      -  23.1  165s
 1055445 707549    0.00061   53   44    0.00000    0.03825      -  23.2  170s
 1086437 727276    0.00662   37   50    0.00000    0.03817      -  23.2  175s
 1118219 747971    0.01100   46   51    0.00000    0.03812      -  23.2  180s
 1145987 767036    0.00030   48   38    0.00000    0.03809      -  23.2  185s
 1176637 786586    0.00313   48   46    0.00000    0.03801      -  23.3  190s
 1207539 807650    0.00032   49   50    0.00000    0.03797      -  23.3  195s
 1239177 828675    0.00108   49   51    0.00000    0.03789      -  23.3  200s
 1271678 849372    0.00056   72   52    0.00000    0.03783      -  23.4  205s
 1301509 868870    0.00741   45   51    0.00000    0.03777      -  23.4  210s
 1332358 888748     cutoff  133         0.00000    0.03771      -  23.4  215s
 1362685 908457    0.02066   39   53    0.00000    0.03765      -  23.4  220s
 1394316 929564    0.00341   45   51    0.00000    0.03761      -  23.4  225s
 1424168 949925    0.00000  131   40    0.00000    0.03756      -  23.4  230s
 1452710 968685    0.00046   61   53    0.00000    0.03752      -  23.4  235s
 1482588 987314    0.01577   36   46    0.00000    0.03745      -  23.4  240s
 1514111 1008228    0.01809   38   51    0.00000    0.03738      -  23.4  245s
 1546884 1028776    0.00000   86   44    0.00000    0.03730      -  23.4  250s
 1579265 1049738    0.00001   96   38    0.00000    0.03726      -  23.4  255s
 1608944 1070315    0.00004   95   32    0.00000    0.03722      -  23.4  260s
H1630451 1083949                       0.0000023    0.03718      -  23.4  263s
 1638909 1089424    0.02363   40   55    0.00000    0.03717      -  23.3  265s
 1668980 1109501    0.00006   92   40    0.00000    0.03711      -  23.4  270s
 1700738 1130092    0.00389   42   48    0.00000    0.03706      -  23.4  275s
 1731792 1150115    0.00002   94   45    0.00000    0.03700      -  23.4  280s
 1756431 1166059    0.01557   39   52    0.00000    0.03695      -  23.4  285s
 1787104 1186185    0.00001   76   28    0.00000    0.03691      -  23.4  290s
H1810842 1201330                       0.0000023    0.03687      -  23.4  293s
 1816422 1205246     cutoff   44         0.00000    0.03686      -  23.4  295s
 1847406 1225030    0.00670   61   49    0.00000    0.03680      -  23.4  300s
 1879338 1245105    0.00022   46   38    0.00000    0.03676      -  23.3  305s
 1906557 1263198    0.01706   42   50    0.00000    0.03671      -  23.4  310s
 1939898 1284523    0.00088   50   45    0.00000    0.03665      -  23.4  315s
 1966241 1300965    0.00000  108   37    0.00000    0.03660      -  23.4  320s
 1999463 1321738    0.02271   27   57    0.00000    0.03655      -  23.4  325s
 2030331 1341672    0.00743   41   50    0.00000    0.03650      -  23.4  330s
 2060305 1360410 infeasible   52         0.00000    0.03646      -  23.4  335s
 2086742 1377063    0.00169   53   51    0.00000    0.03642      -  23.3  340s
 2116616 1396675    0.00000   88   45    0.00000    0.03638      -  23.4  345s
 2147145 1416632 infeasible   43         0.00000    0.03634      -  23.4  350s
 2178468 1437470    0.00001   89   32    0.00000    0.03631      -  23.4  355s
 2210547 1457860    0.00011   67   53    0.00000    0.03626      -  23.4  360s

Cutting planes:
  Gomory: 3
  Implied bound: 6
  MIR: 3
  Flow cover: 14
  RLT: 87
  Relax-and-lift: 4
  BQP: 22

Explored 2210913 nodes (51626986 simplex iterations) in 360.00 seconds (453.50 work units)
Thread count was 4 (of 4 available processors)

Solution count 10: 2.30283e-06 2.30088e-06 2.29882e-06 ... 5.79974e-07

Time limit reached
Best objective 2.302831553327e-06, best bound 3.626188336727e-02, gap 1574565.0386%
{"verdict": "UNRESOLVED", "status": "TIME_LIMIT", "runtime": 360.0021529197693, "objval": 2.302831553326894e-06, "objbound": 0.03626188336727295, "binaries": 46}
