Set parameter NodefileStart to value 6
Read parameters from file gurobi.env
Restricted license - for non-production use only - expires 2027-11-29
Set parameter OutputFlag to value 1
Set parameter Threads to value 4
Set parameter TimeLimit to value 360
Set parameter MIPGap to value 5e-05
Set parameter MIPFocus to value 2
Set parameter NonConvex to value 2
Set parameter BestBdStop to value 2.7426211734693878e-02
Gurobi Optimizer version 13.0.3 build v13.0.3rc0 (linux64 - "Ubuntu 24.04.5 LTS")

CPU model: AMD EPYC 7763 64-Core Processor, instruction set [SSE2|AVX|AVX2]
Thread count: 2 physical cores, 4 logical processors, using up to 4 threads

Non-default parameters:
TimeLimit  360
BestBdStop  2.7426211734693878e-02
MIPGap  5e-05
MIPFocus  2
NodefileStart  6
NonConvex  2
Threads  4

Optimize a model with 153 rows, 123 columns and 897 nonzeros (Max)
Model fingerprint: 0xffd33843
Model has 1 linear objective coefficients
Model has 50 quadratic constraints
Variable types: 65 continuous, 58 integer (58 binary)
Coefficient statistics:
  Matrix range     [5e-01, 1e+00]
  QMatrix range    [1e+00, 1e+00]
  QLMatrix range   [1e+00, 1e+00]
  Objective range  [1e+00, 1e+00]
  Bounds range     [5e-01, 1e+00]
  RHS range        [1e+00, 1e+00]

Found heuristic solution: objective -0.0000000
Presolve time: 0.00s
Presolved: 353 rows, 124 columns, 1297 nonzeros
Presolved model has 50 bilinear constraint(s)

Solving non-convex MIQCP to global optimality

Variable types: 66 continuous, 58 integer (58 binary)
Root relaxation presolve removed 50 rows and 1 columns
Root relaxation presolved: 303 rows, 123 columns, 1247 nonzeros


Root relaxation: objective 1.250000e-01, 110 iterations, 0.00 seconds (0.00 work units)

    Nodes    |    Current Node    |     Objective Bounds      |     Work
 Expl Unexpl |  Obj  Depth IntInf | Incumbent    BestBd   Gap | It/Node Time

     0     0    0.12500    0   49   -0.00000    0.12500      -     -    0s
H    0     0                       0.0000002    0.12500      -     -    0s
H    0     0                       0.0000006    0.12500      -     -    0s
     0     0    0.10000    0   66    0.00000    0.10000      -     -    0s
     0     0    0.10000    0   53    0.00000    0.10000      -     -    0s
     0     0    0.10000    0   61    0.00000    0.10000      -     -    0s
     0     0    0.10000    0   42    0.00000    0.10000      -     -    0s
     0     0    0.10000    0   65    0.00000    0.10000      -     -    0s
     0     0    0.10000    0   51    0.00000    0.10000      -     -    0s
     0     0    0.10000    0   55    0.00000    0.10000      -     -    0s
     0     0    0.10000    0   68    0.00000    0.10000      -     -    0s
     0     0    0.10000    0   43    0.00000    0.10000      -     -    0s
H    0     0                       0.0032816    0.10000  2947%     -    0s
H    0     0                       0.0042515    0.10000  2252%     -    0s
     0     0    0.09987    0   66    0.00425    0.09987  2249%     -    0s
     0     0    0.09986    0   67    0.00425    0.09986  2249%     -    0s
     0     0    0.09986    0   67    0.00425    0.09986  2249%     -    0s
     0     0    0.09982    0   73    0.00425    0.09982  2248%     -    0s
     0     0    0.09982    0   64    0.00425    0.09982  2248%     -    0s
     0     2    0.09982    0   64    0.00425    0.09982  2248%     -    0s
H   11    43                       0.0042515    0.09982  2248%  53.2    0s
H   75    86                       0.0087418    0.09982  1042%  47.7    0s
* 2391  1526             112       0.0087933    0.08645   883%  28.2    2s
* 2393  1477             111       0.0088051    0.08645   882%  28.2    2s
* 2400  1377             114       0.0105708    0.08645   718%  28.1    2s
H 2673  1314                       0.0124869    0.08316   566%  27.3    2s
H 2803  1307                       0.0125210    0.08316   564%  26.7    2s
H 3155  1382                       0.0125245    0.08254   559%  25.9    2s
* 3176  1338             135       0.0125251    0.08254   559%  25.8    2s
* 3177  1316             135       0.0125253    0.08254   559%  25.8    2s
H 4592  1753                       0.0140619    0.07581   439%  27.8    4s
H 6021  2450                       0.0141861    0.06934   389%  30.4    4s
  8012  3207    0.02779   47   41    0.01419    0.06516   359%  31.8    5s
 23033  8062     cutoff   54         0.01419    0.05596   294%  35.4   10s
H25679  8919                       0.0141953    0.05520   289%  35.6   11s
H27897  9606                       0.0141954    0.05472   285%  35.8   11s
 40246 13673     cutoff   51         0.01420    0.05217   267%  35.9   15s
H44913 15402                       0.0142011    0.05142   262%  35.8   16s
H45305 15461                       0.0142011    0.05137   262%  35.8   16s
H54932 19140                       0.0142011    0.05028   254%  35.7   19s
 58449 20258    0.01426   71   45    0.01420    0.04987   251%  35.8   20s
 75547 26073    0.03406   52   46    0.01420    0.04841   241%  35.6   25s
 95021 32184     cutoff   52         0.01420    0.04727   233%  35.3   30s
 115520 39088     cutoff   51         0.01420    0.04623   226%  35.2   35s
*123123 41127              67       0.0143652    0.04577   219%  35.2   36s
*123129 41073              72       0.0143803    0.04577   218%  35.2   36s
*123131 41063              73       0.0143840    0.04577   218%  35.2   36s
*123133 41057              74       0.0143845    0.04577   218%  35.2   36s
H123171 41052                       0.0143846    0.04577   218%  35.2   37s
H123357 34950                       0.0166834    0.04576   174%  35.2   37s
H124398 32476                       0.0178051    0.04571   157%  35.2   37s
H124403 31526                       0.0182436    0.04571   151%  35.2   37s
H125418 31723                       0.0182669    0.04563   150%  35.1   38s
H125917 31788                       0.0183637    0.04562   148%  35.1   38s
H127378 31996                       0.0184021    0.04550   147%  35.1   38s
H129378 32389                       0.0184377    0.04538   146%  35.1   39s
H130601 32684                       0.0184542    0.04528   145%  35.1   39s
H131018 32783                       0.0184544    0.04527   145%  35.1   39s
 131393 32903    0.03508   46   48    0.01845    0.04523   145%  35.1   40s
H133247 31629                       0.0191788    0.04516   135%  35.1   40s
 148724 34846    0.01988   48   52    0.01918    0.04434   131%  35.0   45s
H159264 37565                       0.0192023    0.04391   129%  35.0   47s
H162790 38239                       0.0192023    0.04380   128%  34.9   48s
 169106 39801    0.02730   56   38    0.01920    0.04345   126%  34.9   50s
 188044 44200 infeasible   54         0.01920    0.04263   122%  34.8   55s
 208562 49035     cutoff   58         0.01920    0.04177   118%  34.7   60s
 225839 53139    0.02508   55   52    0.01920    0.04123   115%  34.5   65s
 245493 57646    0.02508   62   52    0.01920    0.04060   111%  34.4   70s
 267074 62338    0.03895   46   50    0.01920    0.04003   108%  34.2   75s
 287920 67084     cutoff   60         0.01920    0.03955   106%  34.0   80s
 309297 72022    0.03262   54   54    0.01920    0.03906   103%  33.8   85s
 330270 76918    0.02101   52   52    0.01920    0.03864   101%  33.7   90s
 351794 81822     cutoff   57         0.01920    0.03825  99.2%  33.6   95s
 373753 86414    0.01964   53   50    0.01920    0.03786  97.2%  33.4  100s
 391346 90581    0.03691   55   57    0.01920    0.03760  95.8%  33.2  105s
 410697 94759    0.02394   56   55    0.01920    0.03733  94.4%  33.1  110s
 430498 99684    0.02382   51   56    0.01920    0.03706  93.0%  33.1  115s
 453181 105087     cutoff   46         0.01920    0.03683  91.8%  32.9  120s
 474911 109835    0.03658   47   52    0.01920    0.03661  90.7%  32.8  125s
 496245 115347     cutoff   57         0.01920    0.03644  89.8%  32.8  130s
 517522 120200    0.02453   60   56    0.01920    0.03625  88.8%  32.7  135s
 540550 124797    0.02482   60   44    0.01920    0.03605  87.7%  32.6  140s
 561446 129833     cutoff   56         0.01920    0.03588  86.8%  32.5  145s
 578819 134060     cutoff   62         0.01920    0.03573  86.1%  32.4  150s
 601324 139037     cutoff   67         0.01920    0.03554  85.1%  32.3  155s
 622602 143648     cutoff   58         0.01920    0.03540  84.4%  32.3  160s
 643567 148249     cutoff   65         0.01920    0.03525  83.6%  32.3  165s
 664670 152643    0.02335   54   52    0.01920    0.03512  82.9%  32.3  170s
 687404 157121    0.02016   62   54    0.01920    0.03497  82.1%  32.2  175s
 708268 161836    0.01949   64   55    0.01920    0.03484  81.4%  32.1  180s
 729809 165966    0.01983   54   42    0.01920    0.03471  80.8%  32.1  185s
 751766 170304    0.03324   49   60    0.01920    0.03459  80.1%  32.0  190s
 773363 175116    0.02276   56   56    0.01920    0.03449  79.6%  32.0  195s
H790543 152120                       0.0211531    0.03440  62.6%  32.0  199s
H790592 152097                       0.0211531    0.03440  62.6%  32.0  199s
 791684 152342    0.02276   58   51    0.02115    0.03440  62.6%  32.0  200s
 813145 155830    0.03017   60   58    0.02115    0.03424  61.9%  31.9  205s
 835712 159328     cutoff   65         0.02115    0.03409  61.1%  31.8  210s
 858438 162913    0.02139   51   51    0.02115    0.03394  60.5%  31.8  215s
 881098 166669     cutoff   57         0.02115    0.03382  59.9%  31.7  220s
 903188 169899     cutoff   54         0.02115    0.03370  59.3%  31.7  225s
 922147 172560    0.02650   59   49    0.02115    0.03360  58.8%  31.6  230s
 944705 175736    0.02157   55   63    0.02115    0.03348  58.3%  31.6  235s
 966744 178938    0.02848   60   56    0.02115    0.03337  57.7%  31.5  240s
 988641 181829    0.03297   59   56    0.02115    0.03326  57.2%  31.5  245s
 1011359 185185     cutoff   60         0.02115    0.03316  56.8%  31.4  250s
 1031370 188075     cutoff   61         0.02115    0.03308  56.4%  31.4  255s
 1053100 191567    0.02959   53   60    0.02115    0.03300  56.0%  31.3  260s
 1076685 194945    0.02378   58   54    0.02115    0.03290  55.5%  31.3  265s
 1098588 198164    0.02232   65   47    0.02115    0.03281  55.1%  31.2  270s
 1121620 201294     cutoff   66         0.02115    0.03271  54.7%  31.2  275s
 1140059 203625    0.02186   56   56    0.02115    0.03264  54.3%  31.1  280s
 1162246 206273    0.02123   67   44    0.02115    0.03255  53.9%  31.1  285s
 1183859 209152     cutoff   59         0.02115    0.03247  53.5%  31.0  290s
 1206748 212098     cutoff   65         0.02115    0.03238  53.1%  31.0  295s
 1228544 215086     cutoff   64         0.02115    0.03230  52.7%  31.0  300s
 1251584 218059     cutoff   58         0.02115    0.03222  52.3%  30.9  305s
 1274180 220908    0.02383   51   52    0.02115    0.03214  51.9%  30.9  310s
 1297019 223953     cutoff   56         0.02115    0.03207  51.6%  30.8  315s
 1319491 226542    0.02555   52   53    0.02115    0.03199  51.2%  30.8  320s
 1342536 229313    0.02277   59   54    0.02115    0.03192  50.9%  30.7  325s
 1363720 231748    0.02287   61   46    0.02115    0.03185  50.6%  30.7  330s
 1384821 234188    0.03022   54   52    0.02115    0.03179  50.3%  30.7  335s
 1407742 236798    0.02495   61   50    0.02115    0.03172  50.0%  30.6  340s
 1430781 239510     cutoff   52         0.02115    0.03165  49.6%  30.6  345s
 1453680 242134    0.02439   52   52    0.02115    0.03159  49.3%  30.5  350s
 1475194 244571    0.02894   58   54    0.02115    0.03153  49.0%  30.5  355s
 1498437 247209     cutoff   63         0.02115    0.03147  48.8%  30.5  360s

Cutting planes:
  Gomory: 1
  Implied bound: 1
  MIR: 2
  Flow cover: 21
  Inf proof: 1
  RLT: 84
  Relax-and-lift: 5
  BQP: 26

Explored 1498556 nodes (45676047 simplex iterations) in 360.00 seconds (395.27 work units)
Thread count was 4 (of 4 available processors)

Solution count 10: 0.0211531 0.0192023 0.0191788 ... 0.0178051

Time limit reached
Best objective 2.115314535634e-02, best bound 3.146689643468e-02, gap 48.7575%
{"verdict": "UNRESOLVED", "status": "TIME_LIMIT", "runtime": 360.00185084342957, "objval": 0.021153145356341194, "objbound": 0.031466896434677705, "binaries": 58}
