Set parameter NodefileStart to value 6
Read parameters from file gurobi.env
Restricted license - for non-production use only - expires 2027-11-29
Set parameter OutputFlag to value 1
Set parameter Threads to value 4
Set parameter TimeLimit to value 360
Set parameter MIPGap to value 5e-05
Set parameter MIPFocus to value 2
Set parameter NonConvex to value 2
Set parameter BestBdStop to value 2.7426211734693878e-02
Gurobi Optimizer version 13.0.3 build v13.0.3rc0 (linux64 - "Ubuntu 24.04.5 LTS")

CPU model: AMD EPYC 7763 64-Core Processor, instruction set [SSE2|AVX|AVX2]
Thread count: 2 physical cores, 4 logical processors, using up to 4 threads

Non-default parameters:
TimeLimit  360
BestBdStop  2.7426211734693878e-02
MIPGap  5e-05
MIPFocus  2
NodefileStart  6
NonConvex  2
Threads  4

Optimize a model with 129 rows, 99 columns and 714 nonzeros (Max)
Model fingerprint: 0x84936864
Model has 1 linear objective coefficients
Model has 50 quadratic constraints
Variable types: 65 continuous, 34 integer (34 binary)
Coefficient statistics:
  Matrix range     [5e-01, 1e+00]
  QMatrix range    [1e+00, 1e+00]
  QLMatrix range   [1e+00, 1e+00]
  Objective range  [1e+00, 1e+00]
  Bounds range     [5e-01, 1e+00]
  RHS range        [1e+00, 1e+00]

Found heuristic solution: objective -0.0000000
Presolve time: 0.00s
Presolved: 329 rows, 100 columns, 1114 nonzeros
Presolved model has 50 bilinear constraint(s)

Solving non-convex MIQCP to global optimality

Variable types: 66 continuous, 34 integer (34 binary)
Root relaxation presolve removed 50 rows and 1 columns
Root relaxation presolved: 279 rows, 99 columns, 1064 nonzeros


Root relaxation: objective 1.153846e-01, 118 iterations, 0.00 seconds (0.00 work units)

    Nodes    |    Current Node    |     Objective Bounds      |     Work
 Expl Unexpl |  Obj  Depth IntInf | Incumbent    BestBd   Gap | It/Node Time

     0     0    0.11538    0   58   -0.00000    0.11538      -     -    0s
     0     0    0.08036    0   58   -0.00000    0.08036      -     -    0s
     0     0    0.07353    0   61   -0.00000    0.07353      -     -    0s
     0     0    0.07353    0   61   -0.00000    0.07353      -     -    0s
     0     0    0.06522    0   61   -0.00000    0.06522      -     -    0s
     0     0    0.06522    0   62   -0.00000    0.06522      -     -    0s
     0     0    0.06522    0   60   -0.00000    0.06522      -     -    0s
     0     0    0.06522    0   65   -0.00000    0.06522      -     -    0s
     0     0    0.06522    0   63   -0.00000    0.06522      -     -    0s
     0     0    0.06522    0   62   -0.00000    0.06522      -     -    0s
     0     0    0.06522    0   62   -0.00000    0.06522      -     -    0s
     0     0    0.06522    0   62   -0.00000    0.06522      -     -    0s
H    0     0                       0.0000000    0.06522      -     -    0s
     0     2    0.06522    0   62    0.00000    0.06522      -     -    0s
*  634   550              80       0.0000001    0.06522      -  25.3    0s
*  905   795             104       0.0000002    0.06452      -  25.4    0s
H 1023   863                       0.0000005    0.06452      -  25.8    0s

Cutting planes:
  Gomory: 12
  MIR: 2
  Flow cover: 4
  RLT: 41
  BQP: 14

Explored 7063 nodes (196198 simplex iterations) in 3.00 seconds (2.34 work units)
Thread count was 4 (of 4 available processors)

Solution count 5: 4.59984e-07 1.64273e-07 5.22296e-08 ... -0

Optimization achieved user objective limit
Best objective 4.599841719605e-07, best bound 2.739027376389e-02, gap -
{"verdict": "PROVED", "status": "BOUND_REACHED", "runtime": 2.998573064804077, "objval": 4.5998417196047036e-07, "objbound": 0.027390273763886266, "binaries": 34}
