Set parameter NodefileStart to value 6
Read parameters from file gurobi.env
Restricted license - for non-production use only - expires 2027-11-29
Set parameter OutputFlag to value 1
Set parameter Threads to value 4
Set parameter TimeLimit to value 360
Set parameter MIPGap to value 5e-05
Set parameter MIPFocus to value 2
Set parameter NonConvex to value 2
Set parameter BestBdStop to value 2.7426211734693878e-02
Gurobi Optimizer version 13.0.3 build v13.0.3rc0 (linux64 - "Ubuntu 24.04.5 LTS")

CPU model: AMD EPYC 9V74 80-Core Processor, instruction set [SSE2|AVX|AVX2|AVX512]
Thread count: 2 physical cores, 4 logical processors, using up to 4 threads

Non-default parameters:
TimeLimit  360
BestBdStop  2.7426211734693878e-02
MIPGap  5e-05
MIPFocus  2
NodefileStart  6
NonConvex  2
Threads  4

Optimize a model with 141 rows, 111 columns and 810 nonzeros (Max)
Model fingerprint: 0x6352ab42
Model has 1 linear objective coefficients
Model has 50 quadratic constraints
Variable types: 65 continuous, 46 integer (46 binary)
Coefficient statistics:
  Matrix range     [5e-01, 1e+00]
  QMatrix range    [1e+00, 1e+00]
  QLMatrix range   [1e+00, 1e+00]
  Objective range  [1e+00, 1e+00]
  Bounds range     [5e-01, 1e+00]
  RHS range        [1e+00, 1e+00]

Found heuristic solution: objective -0.0000000
Presolve time: 0.00s
Presolved: 341 rows, 112 columns, 1210 nonzeros
Presolved model has 50 bilinear constraint(s)

Solving non-convex MIQCP to global optimality

Variable types: 66 continuous, 46 integer (46 binary)
Root relaxation presolve removed 50 rows and 1 columns
Root relaxation presolved: 291 rows, 111 columns, 1160 nonzeros


Root relaxation: objective 8.333333e-02, 130 iterations, 0.00 seconds (0.00 work units)

    Nodes    |    Current Node    |     Objective Bounds      |     Work
 Expl Unexpl |  Obj  Depth IntInf | Incumbent    BestBd   Gap | It/Node Time

     0     0    0.08333    0   47   -0.00000    0.08333      -     -    0s
     0     0    0.08333    0   40   -0.00000    0.08333      -     -    0s
     0     0    0.08333    0   39   -0.00000    0.08333      -     -    0s
     0     0    0.08333    0   43   -0.00000    0.08333      -     -    0s
     0     0    0.07895    0   55   -0.00000    0.07895      -     -    0s
     0     0    0.07206    0   47   -0.00000    0.07206      -     -    0s
     0     0    0.07206    0   46   -0.00000    0.07206      -     -    0s
     0     2    0.07206    0   46   -0.00000    0.07206      -     -    0s
H  664   641                       0.0000001    0.07206      -  17.3    0s
*  675   641              98       0.0000001    0.07206      -  17.2    0s
*  677   641              99       0.0000001    0.07206      -  17.1    0s
H 1154   956                       0.0000001    0.07206      -  18.2    0s
H 1229   961                       0.0000002    0.07206      -  20.3    0s
H 1366  1008                       0.0000003    0.07206      -  22.2    1s
H 1536  1045                       0.0000006    0.07206      -  22.6    1s
* 2063  1257             114       0.0000008    0.07166      -  22.2    1s
* 2071  1215             114       0.0000008    0.07166      -  22.2    1s
H 2616  1476                       0.0000008    0.07166      -  23.4    1s
H 3630  1514                       0.0005351    0.06310      -  21.1    1s
H 4577  2052                       0.0006202    0.05440  8671%  22.1    2s
H 4674  1835                       0.0012544    0.05440  4237%  22.4    2s
H 5040  1922                       0.0017544    0.05386  2970%  23.2    2s
H 5064  1850                       0.0021161    0.05369  2437%  23.3    2s
H 5152  1810                       0.0026360    0.05242  1889%  23.3    2s
H 5310  1790                       0.0033023    0.05242  1487%  23.5    2s
H 5920  2181                       0.0033070    0.05227  1481%  24.4    2s
H 6011  2168                       0.0033950    0.05202  1432%  24.5    2s
H 7086  2685                       0.0034734    0.05013  1343%  25.7    2s
H 8206  3303                       0.0034739    0.04863  1300%  27.3    3s
H 9960  4073                       0.0035809    0.04703  1213%  28.7    3s
H10119  3820                       0.0046654    0.04686   904%  28.9    3s
H11338  3888                       0.0071609    0.04596   542%  30.4    3s
H14476  5396                       0.0071609    0.04417   517%  32.2    4s
 14855  5536    0.00790   35   56    0.00716    0.04417   517%  32.3    5s
 30700 11513     cutoff   36         0.00716    0.03992   457%  36.4   10s
 52490 18806    0.02634   33   58    0.00716    0.03729   421%  37.7   15s
H59645 21311                       0.0071609    0.03667   412%  38.0   16s
 73595 26119    0.01471   32   52    0.00716    0.03562   397%  38.4   20s
 95774 33431     cutoff   33         0.00716    0.03433   379%  38.5   25s
 119918 41516     cutoff   34         0.00716    0.03318   363%  38.4   30s
 143632 49535    0.00891   39   43    0.00716    0.03227   351%  38.0   35s
H156976 53934                       0.0071609    0.03184   345%  38.0   38s
 162221 55824     cutoff   38         0.00716    0.03166   342%  37.9   40s
 183713 62810     cutoff   45         0.00716    0.03105   334%  37.8   45s
 206319 69567    0.02049   39   59    0.00716    0.03053   326%  37.6   50s
 230341 77012    0.01039   41   44    0.00716    0.02999   319%  37.5   55s
 253512 84364    0.01228   36   46    0.00716    0.02955   313%  37.4   60s
 277903 91903    0.02129   32   48    0.00716    0.02915   307%  37.2   65s
 302378 99317     cutoff   38         0.00716    0.02877   302%  37.1   70s
 327482 106679    0.00838   44   38    0.00716    0.02841   297%  36.9   75s
 348293 112772    0.01653   34   47    0.00716    0.02810   292%  36.9   80s
 372639 120294    0.00767   40   40    0.00716    0.02780   288%  36.8   85s
 396986 127705    0.00867   38   50    0.00716    0.02750   284%  36.7   90s

Cutting planes:
  Gomory: 2
  Implied bound: 28
  MIR: 9
  Flow cover: 55
  Inf proof: 6
  RLT: 68
  Relax-and-lift: 14
  BQP: 25

Explored 404434 nodes (14831307 simplex iterations) in 91.43 seconds (123.05 work units)
Thread count was 4 (of 4 available processors)

Solution count 10: 0.00716092 0.00716086 0.00466535 ... 0.00263602

Optimization achieved user objective limit
Best objective 7.160919908923e-03, best bound 2.742452490748e-02, gap 282.9749%
{"verdict": "PROVED", "status": "BOUND_REACHED", "runtime": 91.4269380569458, "objval": 0.007160919908922508, "objbound": 0.02742452490747796, "binaries": 46}
