Set parameter NodefileStart to value 6
Read parameters from file gurobi.env
Restricted license - for non-production use only - expires 2027-11-29
Set parameter OutputFlag to value 1
Set parameter Threads to value 4
Set parameter TimeLimit to value 360
Set parameter MIPGap to value 5e-05
Set parameter MIPFocus to value 2
Set parameter NonConvex to value 2
Set parameter BestBdStop to value 2.7426211734693878e-02
Gurobi Optimizer version 13.0.3 build v13.0.3rc0 (linux64 - "Ubuntu 24.04.5 LTS")

CPU model: AMD EPYC 9V74 80-Core Processor, instruction set [SSE2|AVX|AVX2|AVX512]
Thread count: 2 physical cores, 4 logical processors, using up to 4 threads

Non-default parameters:
TimeLimit  360
BestBdStop  2.7426211734693878e-02
MIPGap  5e-05
MIPFocus  2
NodefileStart  6
NonConvex  2
Threads  4

Optimize a model with 145 rows, 115 columns and 846 nonzeros (Max)
Model fingerprint: 0x95f7ccf6
Model has 1 linear objective coefficients
Model has 50 quadratic constraints
Variable types: 65 continuous, 50 integer (50 binary)
Coefficient statistics:
  Matrix range     [5e-01, 1e+00]
  QMatrix range    [1e+00, 1e+00]
  QLMatrix range   [1e+00, 1e+00]
  Objective range  [1e+00, 1e+00]
  Bounds range     [5e-01, 1e+00]
  RHS range        [1e+00, 1e+00]

Found heuristic solution: objective -0.0000000
Presolve time: 0.00s
Presolved: 345 rows, 116 columns, 1246 nonzeros
Presolved model has 50 bilinear constraint(s)

Solving non-convex MIQCP to global optimality

Variable types: 66 continuous, 50 integer (50 binary)
Root relaxation presolve removed 50 rows and 1 columns
Root relaxation presolved: 295 rows, 115 columns, 1196 nonzeros


Root relaxation: objective 8.333333e-02, 114 iterations, 0.00 seconds (0.00 work units)

    Nodes    |    Current Node    |     Objective Bounds      |     Work
 Expl Unexpl |  Obj  Depth IntInf | Incumbent    BestBd   Gap | It/Node Time

     0     0    0.08333    0   47   -0.00000    0.08333      -     -    0s
     0     0    0.08333    0   43   -0.00000    0.08333      -     -    0s
     0     0    0.08290    0   43   -0.00000    0.08290      -     -    0s
     0     2    0.08290    0   43   -0.00000    0.08290      -     -    0s
H   98   110                       0.0000002    0.07550      -  19.2    0s
H 1192  1028                       0.0000003    0.07141      -  14.4    0s
H 1195   979                       0.0013980    0.07141  5008%  14.3    0s
H 1195   929                       0.0067975    0.07141   950%  14.3    0s
H 1195   883                       0.0074798    0.07141   855%  14.3    0s
H 1346   941                       0.0076543    0.07141   833%  18.3    1s
H 1689  1042                       0.0077815    0.07141   818%  18.5    1s
H 2196  1161                       0.0077823    0.07141   818%  21.0    2s
H 2342  1134                       0.0078142    0.07141   814%  22.6    2s
H 2358  1145                       0.0078142    0.07141   814%  22.7    2s
H 2411  1135                       0.0078142    0.07141   814%  23.3    2s
H 2611  1162                       0.0085865    0.07141   732%  24.5    2s
H 2682  1144                       0.0088719    0.07141   705%  24.8    2s
H 3434  1488                       0.0089593    0.07141   697%  27.1    2s
H 3548  1498                       0.0094532    0.07141   655%  27.4    2s
H 3625  1456                       0.0102092    0.07141   599%  27.5    2s
H 3802  1454                       0.0121568    0.07141   487%  28.2    2s
H 5003  2003                       0.0124450    0.07141   474%  30.4    3s
H 5452  2182                       0.0127551    0.07141   460%  30.5    3s
H 6225  2393                       0.0129747    0.07141   450%  31.5    3s
H 6733  2701                       0.0129770    0.07050   443%  32.2    3s
H 7105  2841                       0.0129770    0.07048   443%  32.1    3s
H 7529  3008                       0.0130284    0.06994   437%  31.5    3s
H 7730  3133                       0.0130313    0.06972   435%  31.7    3s
H 7801  3133                       0.0130374    0.06951   433%  31.8    3s
H 8900  3475                       0.0134109    0.06780   406%  32.8    4s
 12184  5076    0.04747   28   66    0.01341    0.06490   384%  34.0    5s
H13605  5602                       0.0134208    0.06446   380%  35.3    5s
H26117  9789                       0.0147568    0.05877   298%  36.9    9s
 28972 11055 infeasible   24         0.01476    0.05817   294%  37.2   10s
 48885 17285     cutoff   44         0.01476    0.05464   270%  37.0   15s
 71788 24598    0.01681   39   57    0.01476    0.05147   249%  36.8   20s
 93934 31563     cutoff   33         0.01476    0.04946   235%  36.5   25s
 116796 38600     cutoff   39         0.01476    0.04804   226%  36.3   30s
H128723 42687                       0.0147569    0.04730   221%  36.3   32s
 138972 46066    0.03571   37   61    0.01476    0.04680   217%  36.2   35s
 161407 52812     cutoff   37         0.01476    0.04585   211%  36.0   40s
H182728 58666                       0.0148449    0.04503   203%  35.8   44s
H182731 58804                       0.0148449    0.04503   203%  35.8   45s
 202979 64441    0.04017   30   52    0.01484    0.04428   198%  35.6   50s
 222895 70358    0.02789   32   51    0.01484    0.04366   194%  35.5   55s
 245292 76926    0.01897   38   64    0.01484    0.04305   190%  35.4   60s
 269189 83654    0.03400   22   57    0.01484    0.04250   186%  35.2   65s
 292639 89947    0.01494   39   40    0.01484    0.04199   183%  35.0   70s
 316799 96766    0.02050   30   54    0.01484    0.04149   180%  34.8   75s
 341394 103897     cutoff   37         0.01484    0.04110   177%  34.6   80s
 365329 110611    0.02977   35   53    0.01484    0.04075   174%  34.4   85s
 389713 117128    0.01778   44   49    0.01484    0.04045   172%  34.3   90s
H397895 118114                       0.0150994    0.04035   167%  34.3   92s
H398116 118313                       0.0150994    0.04034   167%  34.3   92s
 408538 121564    0.01865   31   38    0.01510    0.04020   166%  34.2   95s
 432697 128375    0.02605   35   64    0.01510    0.03995   165%  34.1  100s
 454614 134022    0.02735   31   57    0.01510    0.03971   163%  34.0  105s
 478811 140527    0.02227   24   57    0.01510    0.03947   161%  34.0  110s
 501991 146776    0.03919   31   73    0.01510    0.03925   160%  33.8  115s
 526560 153513    0.02027   37   52    0.01510    0.03900   158%  33.8  120s
H544896 135182                       0.0183319    0.03885   112%  33.7  123s
H545130 135287                       0.0183319    0.03885   112%  33.7  123s
 546886 135652    0.02324   31   55    0.01833    0.03883   112%  33.7  125s
H548328 135950                       0.0183319    0.03882   112%  33.7  125s
 569977 140473     cutoff   36         0.01833    0.03861   111%  33.6  130s
 591962 144727     cutoff   34         0.01833    0.03840   109%  33.5  135s
 615807 149590    0.01916   33   44    0.01833    0.03816   108%  33.4  140s
 639977 154218    0.02095   35   57    0.01833    0.03797   107%  33.3  145s
 663733 158972    0.03458   28   58    0.01833    0.03778   106%  33.2  150s
 688378 163512    0.02885   32   54    0.01833    0.03761   105%  33.2  155s
 713609 168213    0.02361   31   56    0.01833    0.03743   104%  33.1  160s
 735559 172041    0.01979   33   56    0.01833    0.03730   103%  33.0  165s
 756153 175920     cutoff   43         0.01833    0.03715   103%  33.0  170s
 781824 180176    0.03469   28   65    0.01833    0.03700   102%  32.9  175s
 806531 184497    0.02270   45   54    0.01833    0.03684   101%  32.8  180s
 830794 188762    0.02079   46   55    0.01833    0.03670   100%  32.7  185s
 854699 192919    0.02444   27   53    0.01833    0.03657  99.5%  32.7  190s
 880060 197458    0.02027   29   55    0.01833    0.03643  98.7%  32.6  195s
 904030 201609     cutoff   38         0.01833    0.03630  98.0%  32.5  200s
 927728 205998    0.03433   36   65    0.01833    0.03618  97.3%  32.5  205s
 946346 209132    0.01892   28   54    0.01833    0.03608  96.8%  32.4  210s
 970755 213185    0.01946   38   47    0.01833    0.03597  96.2%  32.4  215s
 995483 217238    0.01936   32   56    0.01833    0.03586  95.6%  32.3  220s
 1017917 221100     cutoff   40         0.01833    0.03575  95.0%  32.3  225s
 1039673 224632    0.02398   37   53    0.01833    0.03566  94.5%  32.2  230s
 1064293 228699    0.03364   29   59    0.01833    0.03554  93.9%  32.2  235s
H1081608 231415                       0.0183419    0.03547  93.4%  32.2  238s
H1081749 231468                       0.0183419    0.03547  93.4%  32.2  238s
 1082941 232222    0.02905   34   55    0.01834    0.03546  93.3%  32.2  240s
 1106376 235067    0.03514   33   54    0.01834    0.03535  92.7%  32.1  245s
 1129379 238807    0.02011   28   56    0.01834    0.03525  92.2%  32.1  250s
 1151858 242470     cutoff   39         0.01834    0.03516  91.7%  32.0  255s
 1171423 245689    0.02137   44   57    0.01834    0.03508  91.2%  32.0  260s
 1195508 249599    0.02231   37   45    0.01834    0.03497  90.7%  31.9  265s
 1218759 253114    0.03235   34   57    0.01834    0.03488  90.2%  31.9  270s
 1239459 256400    0.01851   48   55    0.01834    0.03479  89.7%  31.9  275s
 1263760 260379     cutoff   47         0.01834    0.03470  89.2%  31.8  280s
 1287776 264043    0.02113   36   43    0.01834    0.03460  88.7%  31.8  285s
 1305792 266822    0.02175   40   43    0.01834    0.03453  88.3%  31.8  290s
 1329361 270337    0.02234   34   54    0.01834    0.03445  87.8%  31.7  295s
 1352976 273819    0.03105   37   55    0.01834    0.03437  87.4%  31.7  300s
 1376751 277444     cutoff   35         0.01834    0.03429  87.0%  31.7  305s
 1400756 280965     cutoff   33         0.01834    0.03421  86.5%  31.6  310s
 1423940 284146    0.02442   34   45    0.01834    0.03414  86.1%  31.6  315s
 1446194 287473     cutoff   37         0.01834    0.03407  85.8%  31.6  320s
 1469733 290849    0.02559   35   57    0.01834    0.03400  85.4%  31.6  325s
 1491611 293954    0.03386   40   57    0.01834    0.03394  85.0%  31.5  330s
 1517060 297608    0.02180   45   57    0.01834    0.03386  84.6%  31.5  335s
 1539023 300752    0.02081   29   64    0.01834    0.03379  84.2%  31.5  340s
 1563530 304353    0.01896   37   57    0.01834    0.03372  83.8%  31.5  345s
 1587689 307835     cutoff   36         0.01834    0.03364  83.4%  31.4  350s
 1607488 310779    0.02817   37   56    0.01834    0.03358  83.1%  31.4  355s
 1634283 314427    0.02572   37   58    0.01834    0.03350  82.7%  31.4  360s

Cutting planes:
  Gomory: 9
  Implied bound: 27
  MIR: 7
  Flow cover: 81
  Inf proof: 48
  RLT: 89
  Relax-and-lift: 20
  BQP: 20

Explored 1634321 nodes (51264119 simplex iterations) in 360.00 seconds (454.93 work units)
Thread count was 4 (of 4 available processors)

Solution count 10: 0.0183419 0.0183319 0.0150994 ... 0.0130284

Time limit reached
Best objective 1.834191115015e-02, best bound 3.350095915445e-02, gap 82.6470%
{"verdict": "UNRESOLVED", "status": "TIME_LIMIT", "runtime": 360.00151085853577, "objval": 0.018341911150146162, "objbound": 0.03350095915445457, "binaries": 50}
