Set parameter NodefileStart to value 6
Read parameters from file gurobi.env
Restricted license - for non-production use only - expires 2027-11-29
Set parameter OutputFlag to value 1
Set parameter Threads to value 4
Set parameter TimeLimit to value 360
Set parameter MIPGap to value 5e-05
Set parameter MIPFocus to value 2
Set parameter NonConvex to value 2
Set parameter BestBdStop to value 2.7426211734693878e-02
Gurobi Optimizer version 13.0.3 build v13.0.3rc0 (linux64 - "Ubuntu 24.04.5 LTS")

CPU model: Intel(R) Xeon(R) Platinum 8370C CPU @ 2.80GHz, instruction set [SSE2|AVX|AVX2|AVX512]
Thread count: 2 physical cores, 4 logical processors, using up to 4 threads

Non-default parameters:
TimeLimit  360
BestBdStop  2.7426211734693878e-02
MIPGap  5e-05
MIPFocus  2
NodefileStart  6
NonConvex  2
Threads  4

Optimize a model with 137 rows, 107 columns and 774 nonzeros (Max)
Model fingerprint: 0x3bd4b957
Model has 1 linear objective coefficients
Model has 50 quadratic constraints
Variable types: 65 continuous, 42 integer (42 binary)
Coefficient statistics:
  Matrix range     [5e-01, 1e+00]
  QMatrix range    [1e+00, 1e+00]
  QLMatrix range   [1e+00, 1e+00]
  Objective range  [1e+00, 1e+00]
  Bounds range     [5e-01, 1e+00]
  RHS range        [1e+00, 1e+00]

Found heuristic solution: objective -0.0000000
Presolve time: 0.00s
Presolved: 337 rows, 108 columns, 1174 nonzeros
Presolved model has 50 bilinear constraint(s)

Solving non-convex MIQCP to global optimality

Variable types: 66 continuous, 42 integer (42 binary)
Root relaxation presolve removed 50 rows and 1 columns
Root relaxation presolved: 287 rows, 107 columns, 1124 nonzeros


Root relaxation: objective 1.250000e-01, 101 iterations, 0.00 seconds (0.00 work units)

    Nodes    |    Current Node    |     Objective Bounds      |     Work
 Expl Unexpl |  Obj  Depth IntInf | Incumbent    BestBd   Gap | It/Node Time

     0     0    0.12500    0   50   -0.00000    0.12500      -     -    0s
     0     0    0.10000    0   45   -0.00000    0.10000      -     -    0s
     0     0    0.10000    0   43   -0.00000    0.10000      -     -    0s
     0     0    0.10000    0   43   -0.00000    0.10000      -     -    0s
     0     2    0.10000    0   43   -0.00000    0.10000      -     -    0s
*  709   737             102       0.0000001    0.10000      -  14.0    0s
*  767   737             110       0.0000001    0.10000      -  14.2    0s
H 1046  1004                       0.0000002    0.10000      -  16.4    1s
H 1072   998                       0.0000004    0.10000      -  16.6    1s
H 1085   998                       0.0000004    0.10000      -  16.8    1s
H 1141   955                       0.0082309    0.06889   737%  17.0    1s
H 1141   907                       0.0082320    0.06889   737%  17.0    1s
H 1142   862                       0.0082320    0.06830   730%  17.0    1s
H 1149   824                       0.0102353    0.06398   525%  16.9    1s
H 1150   782                       0.0102353    0.06351   521%  16.8    1s
H 1188   781                       0.0102753    0.06101   494%  19.1    2s
H 1254   854                       0.0105468    0.06101   479%  19.5    2s
H 1334   874                       0.0109401    0.06101   458%  19.3    2s
H 1444   843                       0.0113658    0.06101   437%  19.5    2s
H 1755   905                       0.0113658    0.06101   437%  20.8    2s
H 2915  1051                       0.0167640    0.06101   264%  25.7    3s
H 2978  1053                       0.0167640    0.06101   264%  25.9    3s
H 3012   983                       0.0189691    0.06101   222%  26.1    3s
H 3069  1005                       0.0189691    0.06101   222%  26.2    3s
  5651  2574    0.01959   51   51    0.01897    0.06101   222%  32.5    5s
H12458  5166                       0.0190963    0.06101   220%  36.0    8s
H12642  5338                       0.0190963    0.06101   220%  36.0    8s
H13305  5439                       0.0190963    0.06101   220%  36.1    8s
H13494  5613                       0.0190963    0.06101   220%  36.3    8s
H15652  6209                       0.0190963    0.06101   220%  37.2    9s
 16972  6683    0.04308   49   57    0.01910    0.06101   220%  37.3   10s
 26257  9216    0.03766   44   58    0.01910    0.06082   219%  38.9   15s
 37908 12311    0.05597   39   59    0.01910    0.05705   199%  40.0   20s
 50916 15589    0.02405   82   28    0.01910    0.05417   184%  39.9   25s
 64378 18336    0.03753   50   59    0.01910    0.05203   172%  39.7   30s
 77956 20922    0.02448   49   56    0.01910    0.05004   162%  39.6   35s
 90547 22882    0.02470   49   60    0.01910    0.04855   154%  39.6   40s
 104179 24841     cutoff   50         0.01910    0.04732   148%  39.5   45s
H114800 26124                       0.0192086    0.04640   142%  39.5   49s
H115017 26179                       0.0192086    0.04638   141%  39.5   49s
 116170 26368    0.02009   48   52    0.01921    0.04628   141%  39.5   50s
 129441 28490     cutoff   52         0.01921    0.04531   136%  39.3   55s
 142256 30214    0.02255   58   52    0.01921    0.04441   131%  39.1   60s
H149301 30646                       0.0194514    0.04392   126%  39.1   62s
H149463 30728                       0.0194514    0.04392   126%  39.1   62s
 154262 31324     cutoff   50         0.01945    0.04361   124%  39.1   65s
 165435 32722    0.02718   51   52    0.01945    0.04289   121%  38.9   70s
 177872 34419    0.02330   52   52    0.01945    0.04218   117%  38.8   75s
 189254 35857     cutoff   47         0.01945    0.04158   114%  38.6   80s
 199248 36788    0.02310   59   33    0.01945    0.04104   111%  38.5   85s
 214037 38770    0.03601   48   54    0.01945    0.04026   107%  38.2   90s
 226293 39947    0.03041   61   52    0.01945    0.03965   104%  38.1   95s
H226808 34568                       0.0216597    0.03965  83.0%  38.1   95s
H227364 34391                       0.0216597    0.03964  83.0%  38.0   95s
 238639 35214     cutoff   58         0.02166    0.03910  80.5%  37.8  100s
 252291 35944    0.02872   54   59    0.02166    0.03830  76.8%  37.6  105s
 264822 37021    0.02319   61   33    0.02166    0.03772  74.2%  37.3  110s
H272424 36441                       0.0219780    0.03737  70.0%  37.2  112s
H273798 36542                       0.0219780    0.03733  69.8%  37.2  113s
 277631 36763    0.02381   53   53    0.02198    0.03712  68.9%  37.1  115s
 289915 37454     cutoff   52         0.02198    0.03655  66.3%  36.9  120s
 303244 38131    0.02784   45   47    0.02198    0.03596  63.6%  36.6  125s
 317611 39025    0.02756   55   50    0.02198    0.03536  60.9%  36.4  130s
 331739 39746    0.03309   52   43    0.02198    0.03483  58.5%  36.1  135s
 345538 40364    0.02765   65   42    0.02198    0.03434  56.3%  35.8  140s
 361849 41425    0.02713   60   34    0.02198    0.03376  53.6%  35.5  145s
 376088 42164     cutoff   57         0.02198    0.03332  51.6%  35.2  151s
 385599 42643    0.02974   59   51    0.02198    0.03301  50.2%  35.0  155s
 396309 42951     cutoff   61         0.02198    0.03270  48.8%  34.8  160s
 413228 44075    0.02582   53   48    0.02198    0.03227  46.8%  34.5  165s
 425591 44725     cutoff   56         0.02198    0.03193  45.3%  34.2  170s
H441461 44562                       0.0221816    0.03153  42.1%  33.9  174s
 441708 44522     cutoff   76         0.02218    0.03152  42.1%  33.9  175s
H441712 44522                       0.0221816    0.03152  42.1%  33.9  175s
 451612 44910     cutoff   67         0.02218    0.03128  41.0%  33.8  180s
 466321 45427     cutoff   61         0.02218    0.03092  39.4%  33.5  185s
 483122 45880    0.02347   63   37    0.02218    0.03055  37.7%  33.2  190s
 493171 46049    0.02230   50   49    0.02218    0.03035  36.8%  33.0  195s
 510222 46332     cutoff   55         0.02218    0.02999  35.2%  32.7  200s
 523339 46502     cutoff   59         0.02218    0.02973  34.0%  32.5  205s
 538978 46652    0.02221   77   40    0.02218    0.02940  32.5%  32.3  211s
 549895 47016     cutoff   55         0.02218    0.02920  31.6%  32.1  215s
 563029 47124     cutoff   53         0.02218    0.02896  30.6%  31.8  220s
 579361 47265     cutoff   51         0.02218    0.02865  29.1%  31.6  225s
 592180 47217    0.02814   47   57    0.02218    0.02841  28.1%  31.4  230s
 601047 47225     cutoff   62         0.02218    0.02826  27.4%  31.3  235s
 614517 47065     cutoff   60         0.02218    0.02802  26.3%  31.1  240s
 624193 46928    0.02390   63   52    0.02218    0.02786  25.6%  30.9  245s
 638756 46547     cutoff   59         0.02218    0.02760  24.4%  30.7  250s

Cutting planes:
  Implied bound: 26
  Mixing: 1
  Flow cover: 24
  Inf proof: 74
  RLT: 117
  Relax-and-lift: 9
  BQP: 57

Explored 649321 nodes (19827634 simplex iterations) in 252.64 seconds (191.81 work units)
Thread count was 4 (of 4 available processors)

Solution count 10: 0.0221816 0.021978 0.0216597 ... 0.0109401

Optimization achieved user objective limit
Best objective 2.218163459272e-02, best bound 2.742605920428e-02, gap 23.6431%
{"verdict": "PROVED", "status": "BOUND_REACHED", "runtime": 252.64252400398254, "objval": 0.022181634592723983, "objbound": 0.027426059204275318, "binaries": 42}
