Set parameter NodefileStart to value 6
Read parameters from file gurobi.env
Restricted license - for non-production use only - expires 2027-11-29
Set parameter OutputFlag to value 1
Set parameter Threads to value 4
Set parameter TimeLimit to value 360
Set parameter MIPGap to value 5e-05
Set parameter MIPFocus to value 2
Set parameter NonConvex to value 2
Set parameter BestBdStop to value 2.7426211734693878e-02
Gurobi Optimizer version 13.0.3 build v13.0.3rc0 (linux64 - "Ubuntu 24.04.5 LTS")

CPU model: Intel(R) Xeon(R) 6973P-C, instruction set [SSE2|AVX|AVX2|AVX512]
Thread count: 2 physical cores, 4 logical processors, using up to 4 threads

Non-default parameters:
TimeLimit  360
BestBdStop  2.7426211734693878e-02
MIPGap  5e-05
MIPFocus  2
NodefileStart  6
NonConvex  2
Threads  4

Optimize a model with 141 rows, 111 columns and 810 nonzeros (Max)
Model fingerprint: 0x36da5229
Model has 1 linear objective coefficients
Model has 50 quadratic constraints
Variable types: 65 continuous, 46 integer (46 binary)
Coefficient statistics:
  Matrix range     [5e-01, 1e+00]
  QMatrix range    [1e+00, 1e+00]
  QLMatrix range   [1e+00, 1e+00]
  Objective range  [1e+00, 1e+00]
  Bounds range     [5e-01, 1e+00]
  RHS range        [1e+00, 1e+00]

Found heuristic solution: objective -0.0000000
Presolve time: 0.00s
Presolved: 341 rows, 112 columns, 1210 nonzeros
Presolved model has 50 bilinear constraint(s)

Solving non-convex MIQCP to global optimality

Variable types: 66 continuous, 46 integer (46 binary)
Root relaxation presolve removed 50 rows and 1 columns
Root relaxation presolved: 291 rows, 111 columns, 1160 nonzeros


Root relaxation: objective 8.333333e-02, 84 iterations, 0.00 seconds (0.00 work units)

    Nodes    |    Current Node    |     Objective Bounds      |     Work
 Expl Unexpl |  Obj  Depth IntInf | Incumbent    BestBd   Gap | It/Node Time

     0     0    0.08333    0   50   -0.00000    0.08333      -     -    0s
     0     0    0.06667    0   41   -0.00000    0.06667      -     -    0s
     0     0    0.06667    0   41   -0.00000    0.06667      -     -    0s
     0     2    0.06667    0   41   -0.00000    0.06667      -     -    0s
H   51    56                       0.0000002    0.06667      -  19.1    0s
H 1262  1036                       0.0000003    0.06667      -  19.7    1s
H 1272   983                       0.0000003    0.06667      -  19.7    1s
H 1946  1084                       0.0106513    0.06667   526%  18.2    1s
H 3021  1169                       0.0130259    0.04840   272%  22.9    2s
H 3541  1172                       0.0133451    0.04542   240%  24.1    2s
H 3690  1213                       0.0137253    0.04541   231%  24.7    2s
H 3709  1209                       0.0137781    0.04541   230%  24.8    2s
H 4024  1358                       0.0138778    0.04443   220%  25.6    2s
H 4066  1324                       0.0142582    0.04443   212%  25.8    2s
H 4099  1393                       0.0142912    0.04428   210%  25.8    2s
H 6932  2247                       0.0143097    0.04316   202%  27.9    2s
H 8260  2567                       0.0144234    0.04294   198%  29.2    3s
H 9709  2566                       0.0164432    0.04242   158%  29.9    3s
H 9710  2561                       0.0164822    0.04242   157%  29.9    3s
H12212  3232                       0.0165007    0.04132   150%  30.9    4s
H15394  3826                       0.0165295    0.04009   143%  31.0    5s
H19907  4556                       0.0169849    0.03923   131%  31.6    6s
H20119  4692                       0.0169849    0.03921   131%  31.6    6s
 39672  9529     cutoff   32         0.01698    0.03733   120%  32.0   10s
 64611 15399    0.01869   34   54    0.01698    0.03583   111%  31.6   15s
H72575 15582                       0.0187239    0.03547  89.4%  31.3   16s
H72845 15648                       0.0187239    0.03545  89.3%  31.3   16s
H72956 15648                       0.0187239    0.03545  89.3%  31.3   16s
 86538 18268     cutoff   38         0.01872    0.03480  85.8%  31.0   20s
 115953 23737    0.02143   41   54    0.01872    0.03366  79.8%  30.4   25s
 142094 27918     cutoff   36         0.01872    0.03293  75.8%  30.2   30s
 169260 31745     cutoff   47         0.01872    0.03223  72.1%  29.8   35s
 193496 34941     cutoff   44         0.01872    0.03177  69.7%  29.6   40s
 223131 39188     cutoff   43         0.01872    0.03121  66.7%  29.4   45s
 252275 43194     cutoff   43         0.01872    0.03074  64.2%  29.1   50s
 279900 46464    0.01989   37   56    0.01872    0.03036  62.1%  28.9   55s
 308188 50161    0.02118   40   54    0.01872    0.03000  60.2%  28.8   60s
 339131 54074     cutoff   39         0.01872    0.02966  58.4%  28.6   65s
 369248 57570    0.02108   34   59    0.01872    0.02936  56.8%  28.4   70s
 395996 60664    0.02498   37   62    0.01872    0.02912  55.5%  28.2   75s
 427355 64061     cutoff   39         0.01872    0.02884  54.0%  28.1   80s
 456006 67239     cutoff   43         0.01872    0.02861  52.8%  27.9   85s
 488835 70772     cutoff   35         0.01872    0.02838  51.6%  27.7   90s
 519299 73881     cutoff   41         0.01872    0.02818  50.5%  27.6   95s
 548080 76591    0.02776   37   53    0.01872    0.02800  49.5%  27.5  100s
 575683 79131    0.02241   42   57    0.01872    0.02782  48.6%  27.3  105s
 606890 82249    0.02764   32   55    0.01872    0.02765  47.7%  27.2  110s
 635160 84949     cutoff   45         0.01872    0.02751  46.9%  27.1  115s

Cutting planes:
  Gomory: 20
  Implied bound: 26
  MIR: 4
  Flow cover: 46
  Inf proof: 29
  RLT: 43
  Relax-and-lift: 11
  BQP: 25

Explored 651158 nodes (17590402 simplex iterations) in 117.40 seconds (152.17 work units)
Thread count was 4 (of 4 available processors)

Solution count 10: 0.0187239 0.0169849 0.0165295 ... 0.0142582

Optimization achieved user objective limit
Best objective 1.872393477734e-02, best bound 2.742457374671e-02, gap 46.4680%
{"verdict": "PROVED", "status": "BOUND_REACHED", "runtime": 117.40085101127625, "objval": 0.018723934777342757, "objbound": 0.02742457374671113, "binaries": 46}
