Set parameter NodefileStart to value 6
Read parameters from file gurobi.env
Restricted license - for non-production use only - expires 2027-11-29
Set parameter OutputFlag to value 1
Set parameter Threads to value 4
Set parameter TimeLimit to value 360
Set parameter MIPGap to value 5e-05
Set parameter MIPFocus to value 2
Set parameter NonConvex to value 2
Set parameter BestBdStop to value 2.7426211734693878e-02
Gurobi Optimizer version 13.0.3 build v13.0.3rc0 (linux64 - "Ubuntu 24.04.5 LTS")

CPU model: AMD EPYC 7763 64-Core Processor, instruction set [SSE2|AVX|AVX2]
Thread count: 2 physical cores, 4 logical processors, using up to 4 threads

Non-default parameters:
TimeLimit  360
BestBdStop  2.7426211734693878e-02
MIPGap  5e-05
MIPFocus  2
NodefileStart  6
NonConvex  2
Threads  4

Optimize a model with 153 rows, 123 columns and 897 nonzeros (Max)
Model fingerprint: 0x8d295968
Model has 1 linear objective coefficients
Model has 50 quadratic constraints
Variable types: 65 continuous, 58 integer (58 binary)
Coefficient statistics:
  Matrix range     [5e-01, 1e+00]
  QMatrix range    [1e+00, 1e+00]
  QLMatrix range   [1e+00, 1e+00]
  Objective range  [1e+00, 1e+00]
  Bounds range     [5e-01, 1e+00]
  RHS range        [1e+00, 1e+00]

Found heuristic solution: objective -0.0000000
Presolve time: 0.00s
Presolved: 353 rows, 124 columns, 1297 nonzeros
Presolved model has 50 bilinear constraint(s)

Solving non-convex MIQCP to global optimality

Variable types: 66 continuous, 58 integer (58 binary)
Root relaxation presolve removed 50 rows and 1 columns
Root relaxation presolved: 303 rows, 123 columns, 1247 nonzeros


Root relaxation: objective 1.250000e-01, 113 iterations, 0.00 seconds (0.00 work units)

    Nodes    |    Current Node    |     Objective Bounds      |     Work
 Expl Unexpl |  Obj  Depth IntInf | Incumbent    BestBd   Gap | It/Node Time

     0     0    0.12500    0   50   -0.00000    0.12500      -     -    0s
     0     0    0.12500    0   50   -0.00000    0.12500      -     -    0s
     0     0    0.12500    0   36   -0.00000    0.12500      -     -    0s
     0     0    0.12500    0   36   -0.00000    0.12500      -     -    0s
H    0     0                       0.0000000    0.12500      -     -    0s
     0     2    0.12500    0   36    0.00000    0.12500      -     -    0s
H   31    52                       0.0000001    0.12500      -  20.4    0s
H  111   136                       0.0000001    0.12500      -  21.9    0s
H  846   853                       0.0000001    0.12500      -  14.2    0s
H  891   849                       0.0000005    0.12500      -  13.8    0s
*  973   895             130       0.0000006    0.11554      -  14.5    0s
H 1392  1133                       0.0000008    0.11554      -  15.5    1s
* 1819  1422             106       0.0000009    0.11554      -  14.0    1s
H 1850  1323                       0.0009194    0.11554      -  13.8    1s
H 1912  1216                       0.0023791    0.11554  4756%  13.4    1s
H 2524  1243                       0.0043358    0.11172  2477%  17.5    1s
H 2600  1143                       0.0064458    0.11172  1633%  17.9    1s
H 2731  1188                       0.0065022    0.10109  1455%  18.3    1s
H 2767  1136                       0.0065291    0.10109  1448%  18.5    1s
H 3147  1291                       0.0065300    0.09662  1380%  19.8    1s
H 4323  1621                       0.0107903    0.08409   679%  20.1    2s
H 4600  1736                       0.0109030    0.08333   664%  20.3    2s
H 5627  2001                       0.0125694    0.08209   553%  21.7    2s
H 8672  3809                       0.0135482    0.07725   470%  25.8    3s
H 9080  3807                       0.0137467    0.07646   456%  25.7    3s
 13659  6071    0.01647   40   50    0.01375    0.07310   432%  27.6    5s
H14101  5829                       0.0149000    0.07272   388%  27.6    5s
H14102  5629                       0.0158469    0.07272   359%  27.6    5s
H19987  8156                       0.0158470    0.06951   339%  28.9    6s
H21518  8818                       0.0159699    0.06923   334%  29.1    8s
H23335  9761                       0.0159699    0.06858   329%  29.1    8s
H24419  9489                       0.0181743    0.06850   277%  28.9    8s
 30058 11580    0.04488   32   40    0.01817    0.06665   267%  28.6   10s
H33995 12850                       0.0184837    0.06557   255%  28.6   10s
H35870 13459                       0.0184858    0.06499   252%  28.6   11s
H36179 13360                       0.0187169    0.06496   247%  28.6   11s
H41519 15052                       0.0187200    0.06352   239%  28.7   12s
H45771 16554                       0.0187200    0.06253   234%  28.7   13s
H48281 16820                       0.0196702    0.06239   217%  28.7   14s
 49707 17252    0.04480   34   69    0.01967    0.06196   215%  28.7   15s
H55537 19345                       0.0198171    0.06121   209%  28.7   16s
 68111 23594    0.04940   37   52    0.01982    0.05993   202%  29.0   20s
H74428 25374                       0.0198247    0.05916   198%  29.0   22s
 84425 29009     cutoff   36         0.01982    0.05833   194%  28.9   25s
 100997 34335    0.04745   34   53    0.01982    0.05706   188%  28.8   30s
H104298 30130                       0.0234146    0.05692   143%  28.8   30s
H105677 30393                       0.0234146    0.05683   143%  28.8   31s
 120682 34108    0.03481   42   56    0.02341    0.05562   138%  28.7   35s
 141231 39361    0.02589   32   44    0.02341    0.05438   132%  28.6   40s
 161253 44312    0.02825   42   66    0.02341    0.05348   128%  28.6   45s
 182130 49235    0.02704   48   56    0.02341    0.05261   125%  28.5   50s
 202868 54327    0.02561   35   52    0.02341    0.05190   122%  28.5   55s
 223357 59132    0.02467   40   42    0.02341    0.05122   119%  28.4   60s
 241779 62990    0.03376   39   49    0.02341    0.05070   117%  28.3   65s
 260076 67239    0.04358   38   63    0.02341    0.05017   114%  28.2   70s
 280534 71810     cutoff   40         0.02341    0.04969   112%  28.2   75s
 301775 76361    0.02586   40   53    0.02341    0.04921   110%  28.1   80s
 322822 80309     cutoff   43         0.02341    0.04875   108%  28.0   85s
 343991 84342    0.02981   46   56    0.02341    0.04836   107%  27.9   90s
 365010 88178    0.02937   43   55    0.02341    0.04798   105%  27.9   95s
 382448 91509     cutoff   44         0.02341    0.04771   104%  27.8  100s
 403539 95220    0.02542   42   45    0.02341    0.04742   103%  27.7  105s
 424280 99149     cutoff   38         0.02341    0.04715   101%  27.7  110s
 445593 103807     cutoff   40         0.02341    0.04689   100%  27.6  115s
 466788 107404    0.04659   31   61    0.02341    0.04661  99.1%  27.6  120s
 487214 111318    0.02389   34   45    0.02341    0.04637  98.0%  27.5  125s
 508278 115228    0.03673   44   62    0.02341    0.04613  97.0%  27.5  130s
 529412 119217    0.02522   46   61    0.02341    0.04589  96.0%  27.4  135s
 550466 123046     cutoff   49         0.02341    0.04565  95.0%  27.4  140s
 567529 126314    0.02461   39   54    0.02341    0.04549  94.3%  27.3  145s
 588773 130113     cutoff   36         0.02341    0.04532  93.5%  27.3  150s
 610085 133975    0.02513   41   57    0.02341    0.04513  92.7%  27.2  155s
 631762 137117    0.03945   40   48    0.02341    0.04491  91.8%  27.2  160s
 650885 140202     cutoff   36         0.02341    0.04473  91.0%  27.1  165s
 672577 143566    0.03089   31   59    0.02341    0.04456  90.3%  27.1  170s
 693804 147313    0.02906   39   65    0.02341    0.04439  89.6%  27.0  175s
 714863 150787     cutoff   46         0.02341    0.04422  88.9%  27.0  180s
 733268 153861    0.03644   40   62    0.02341    0.04407  88.2%  27.0  185s
 754777 156919    0.04345   41   58    0.02341    0.04392  87.6%  26.9  190s
 776641 160430     cutoff   36         0.02341    0.04375  86.8%  26.8  195s
 797939 163758    0.02617   37   59    0.02341    0.04359  86.2%  26.8  200s
 818905 167104     cutoff   51         0.02341    0.04345  85.6%  26.8  205s
 840422 170449    0.02493   38   47    0.02341    0.04331  85.0%  26.7  210s
 861855 173740    0.03078   44   44    0.02341    0.04318  84.4%  26.7  215s
 879415 176825    0.02967   35   61    0.02341    0.04307  83.9%  26.6  220s
 901251 180210    0.03483   34   58    0.02341    0.04291  83.3%  26.6  225s
 922736 183695     cutoff   47         0.02341    0.04278  82.7%  26.6  230s
 944591 187223    0.02579   41   57    0.02341    0.04266  82.2%  26.5  235s
 966239 190802     cutoff   39         0.02341    0.04252  81.6%  26.5  240s
 987902 194328    0.02635   45   61    0.02341    0.04241  81.1%  26.4  245s
 1007079 197572    0.02357   45   42    0.02341    0.04231  80.7%  26.4  250s
 1028673 200978     cutoff   43         0.02341    0.04220  80.2%  26.4  255s
 1046293 203867    0.02435   44   56    0.02341    0.04210  79.8%  26.3  260s
 1067971 207434    0.03960   46   55    0.02341    0.04199  79.3%  26.3  265s
 1089658 210923    0.02765   48   54    0.02341    0.04189  78.9%  26.2  270s
 1111472 214302    0.02795   43   55    0.02341    0.04179  78.5%  26.2  275s
 1132689 217492    0.02746   36   47    0.02341    0.04169  78.0%  26.2  280s
 1154533 220983     cutoff   41         0.02341    0.04159  77.6%  26.1  285s
 1176067 224109     cutoff   69         0.02341    0.04149  77.2%  26.1  290s
 1197057 227522    0.02401   41   53    0.02341    0.04140  76.8%  26.1  295s
 1215125 230153    0.02977   41   54    0.02341    0.04133  76.5%  26.0  300s
 1236338 233198    0.02437   47   52    0.02341    0.04123  76.1%  26.0  305s
 1258376 236528     cutoff   45         0.02341    0.04115  75.7%  26.0  310s
 1280481 239958     cutoff   33         0.02341    0.04107  75.4%  25.9  315s
 1301712 243268    0.03595   42   56    0.02341    0.04099  75.1%  25.9  320s
 1323665 246281    0.02429   39   51    0.02341    0.04091  74.7%  25.9  325s
 1345447 249493    0.02544   38   31    0.02341    0.04083  74.4%  25.9  330s
 1367879 252730    0.03824   35   64    0.02341    0.04075  74.1%  25.8  335s
 1388471 255869     cutoff   48         0.02341    0.04068  73.7%  25.8  340s
 1410186 259225     cutoff   44         0.02341    0.04061  73.4%  25.7  345s
 1434489 262953    0.02373   46   53    0.02341    0.04054  73.1%  25.6  350s
 1457734 266396    0.03771   41   55    0.02341    0.04046  72.8%  25.6  355s
 1480073 269990    0.03244   47   49    0.02341    0.04039  72.5%  25.5  360s

Cutting planes:
  Gomory: 14
  Implied bound: 16
  MIR: 7
  Flow cover: 31
  Inf proof: 69
  RLT: 41
  Relax-and-lift: 1
  BQP: 9

Explored 1480153 nodes (37729146 simplex iterations) in 360.00 seconds (421.64 work units)
Thread count was 4 (of 4 available processors)

Solution count 10: 0.0234146 0.0198247 0.0198171 ... 0.0181743

Time limit reached
Best objective 2.341457012713e-02, best bound 4.038835499913e-02, gap 72.4924%
{"verdict": "UNRESOLVED", "status": "TIME_LIMIT", "runtime": 360.0017001628876, "objval": 0.023414570127126836, "objbound": 0.04038835499912642, "binaries": 58}
