Set parameter NodefileStart to value 6
Read parameters from file gurobi.env
Restricted license - for non-production use only - expires 2027-11-29
Set parameter OutputFlag to value 1
Set parameter Threads to value 4
Set parameter TimeLimit to value 360
Set parameter MIPGap to value 5e-05
Set parameter MIPFocus to value 2
Set parameter NonConvex to value 2
Set parameter BestBdStop to value 2.7426211734693878e-02
Gurobi Optimizer version 13.0.3 build v13.0.3rc0 (linux64 - "Ubuntu 24.04.5 LTS")

CPU model: AMD EPYC 9V74 80-Core Processor, instruction set [SSE2|AVX|AVX2|AVX512]
Thread count: 2 physical cores, 4 logical processors, using up to 4 threads

Non-default parameters:
TimeLimit  360
BestBdStop  2.7426211734693878e-02
MIPGap  5e-05
MIPFocus  2
NodefileStart  6
NonConvex  2
Threads  4

Optimize a model with 141 rows, 111 columns and 810 nonzeros (Max)
Model fingerprint: 0xdbf6d58b
Model has 1 linear objective coefficients
Model has 50 quadratic constraints
Variable types: 65 continuous, 46 integer (46 binary)
Coefficient statistics:
  Matrix range     [5e-01, 1e+00]
  QMatrix range    [1e+00, 1e+00]
  QLMatrix range   [1e+00, 1e+00]
  Objective range  [1e+00, 1e+00]
  Bounds range     [5e-01, 1e+00]
  RHS range        [1e+00, 1e+00]

Found heuristic solution: objective -0.0000000
Presolve time: 0.00s
Presolved: 341 rows, 112 columns, 1210 nonzeros
Presolved model has 50 bilinear constraint(s)

Solving non-convex MIQCP to global optimality

Variable types: 66 continuous, 46 integer (46 binary)
Found heuristic solution: objective 0.0000000
Root relaxation presolve removed 50 rows and 1 columns
Root relaxation presolved: 291 rows, 111 columns, 1160 nonzeros


Root relaxation: objective 8.333333e-02, 117 iterations, 0.00 seconds (0.00 work units)

    Nodes    |    Current Node    |     Objective Bounds      |     Work
 Expl Unexpl |  Obj  Depth IntInf | Incumbent    BestBd   Gap | It/Node Time

     0     0    0.08333    0   50    0.00000    0.08333      -     -    0s
H    0     0                       0.0000000    0.08333      -     -    0s
     0     0    0.07692    0   62    0.00000    0.07692      -     -    0s
     0     0    0.07692    0   51    0.00000    0.07692      -     -    0s
     0     0    0.07446    0   45    0.00000    0.07446      -     -    0s
H    0     0                       0.0000002    0.07446      -     -    0s
     0     0    0.07143    0   43    0.00000    0.07143      -     -    0s
     0     0    0.07143    0   43    0.00000    0.07143      -     -    0s
     0     2    0.07143    0   43    0.00000    0.07143      -     -    0s
* 1030   997             113       0.0000004    0.07143      -  16.7    0s
H 1650  1210                       0.0067772    0.06314   832%  16.5    1s
H 1702  1133                       0.0069540    0.06314   808%  16.3    1s
H 2760  1318                       0.0085841    0.05823   578%  22.7    1s
H 2766  1305                       0.0085945    0.05823   578%  22.7    1s
H 4219  1768                       0.0087415    0.05496   529%  25.5    2s
H 4596  1858                       0.0087487    0.05411   518%  26.1    2s
H 4791  2035                       0.0087487    0.05384   515%  26.6    2s
H 6985  2859                       0.0093576    0.05087   444%  27.0    2s
H 9660  3896                       0.0093823    0.04750   406%  28.7    3s
H10815  4303                       0.0096066    0.04646   384%  29.2    3s
H14899  6127                       0.0096101    0.04430   361%  30.9    4s
 16226  6518    0.01202   38   59    0.00961    0.04375   355%  31.2    5s
H16290  6202                       0.0106641    0.04373   310%  31.2    5s
H17420  6579                       0.0107417    0.04340   304%  31.3    5s
 35723 13251     cutoff   37         0.01074    0.03983   271%  31.9   10s
 58779 20932     cutoff   33         0.01074    0.03719   246%  32.2   15s
 84436 29305    0.01489   37   40    0.01074    0.03573   233%  31.9   20s
 111435 37998    0.01218   47   58    0.01074    0.03465   223%  31.6   25s
 138329 46276    0.02255   29   55    0.01074    0.03377   214%  31.4   30s
 164444 54353    0.03090   34   58    0.01074    0.03314   208%  31.2   35s
 189991 62337    0.01225   31   31    0.01074    0.03254   203%  31.2   40s
H206866 67348                       0.0107417    0.03223   200%  31.1   43s
H207166 65837                       0.0112453    0.03221   186%  31.1   43s
 211376 67207    0.02470   32   53    0.01125    0.03213   186%  31.1   45s
H212141 67383                       0.0112453    0.03212   186%  31.1   45s
 233051 73275    0.01855   33   50    0.01125    0.03174   182%  31.0   50s
 259611 80320    0.02091   33   57    0.01125    0.03128   178%  30.9   55s
 285489 87145    0.01548   32   50    0.01125    0.03084   174%  30.8   60s
 306280 92485    0.01639   37   32    0.01125    0.03053   171%  30.7   65s
 331341 99125    0.02337   36   58    0.01125    0.03019   169%  30.7   70s
 356973 105848     cutoff   41         0.01125    0.02986   166%  30.6   75s
 383384 112343     cutoff   38         0.01125    0.02955   163%  30.5   80s
 410706 119039    0.02030   32   53    0.01125    0.02926   160%  30.4   85s
 436126 124969    0.01804   34   56    0.01125    0.02901   158%  30.3   90s
 462859 131165    0.01440   39   52    0.01125    0.02876   156%  30.2   95s
 484184 135689    0.01299   41   52    0.01125    0.02856   154%  30.1  100s
 511470 142261    0.01152   42   49    0.01125    0.02834   152%  30.0  105s
 538805 148178     cutoff   44         0.01125    0.02811   150%  30.0  110s
 563560 153931     cutoff   48         0.01125    0.02792   148%  29.9  115s
 590170 159409    0.01158   36   53    0.01125    0.02773   147%  29.9  120s
 616264 165360     cutoff   36         0.01125    0.02756   145%  29.8  125s
H625848 167877                       0.0112453    0.02751   145%  29.8  126s
 635673 170322    0.01318   45   58    0.01125    0.02745   144%  29.8  130s

Cutting planes:
  Gomory: 14
  Implied bound: 31
  MIR: 16
  Flow cover: 45
  Inf proof: 7
  RLT: 72
  Relax-and-lift: 19
  BQP: 24

Explored 640757 nodes (19093427 simplex iterations) in 130.91 seconds (166.30 work units)
Thread count was 4 (of 4 available processors)

Solution count 10: 0.0112453 0.0107417 0.0106641 ... 0.00859448

Optimization achieved user objective limit
Best objective 1.124527345585e-02, best bound 2.742497133193e-02, gap 143.8800%
{"verdict": "PROVED", "status": "BOUND_REACHED", "runtime": 130.91251301765442, "objval": 0.011245273455849329, "objbound": 0.02742497133192623, "binaries": 46}
