Set parameter NodefileStart to value 6
Read parameters from file gurobi.env
Restricted license - for non-production use only - expires 2027-11-29
Set parameter OutputFlag to value 1
Set parameter Threads to value 4
Set parameter TimeLimit to value 360
Set parameter MIPGap to value 5e-05
Set parameter MIPFocus to value 2
Set parameter NonConvex to value 2
Set parameter BestBdStop to value 2.7426211734693878e-02
Gurobi Optimizer version 13.0.3 build v13.0.3rc0 (linux64 - "Ubuntu 24.04.5 LTS")

CPU model: AMD EPYC 7763 64-Core Processor, instruction set [SSE2|AVX|AVX2]
Thread count: 2 physical cores, 4 logical processors, using up to 4 threads

Non-default parameters:
TimeLimit  360
BestBdStop  2.7426211734693878e-02
MIPGap  5e-05
MIPFocus  2
NodefileStart  6
NonConvex  2
Threads  4

Optimize a model with 141 rows, 111 columns and 810 nonzeros (Max)
Model fingerprint: 0x3715036e
Model has 1 linear objective coefficients
Model has 50 quadratic constraints
Variable types: 65 continuous, 46 integer (46 binary)
Coefficient statistics:
  Matrix range     [5e-01, 1e+00]
  QMatrix range    [1e+00, 1e+00]
  QLMatrix range   [1e+00, 1e+00]
  Objective range  [1e+00, 1e+00]
  Bounds range     [5e-01, 1e+00]
  RHS range        [1e+00, 1e+00]

Found heuristic solution: objective -0.0000000
Presolve time: 0.00s
Presolved: 341 rows, 112 columns, 1210 nonzeros
Presolved model has 50 bilinear constraint(s)

Solving non-convex MIQCP to global optimality

Variable types: 66 continuous, 46 integer (46 binary)
Found heuristic solution: objective 0.0000000
Root relaxation presolve removed 50 rows and 1 columns
Root relaxation presolved: 291 rows, 111 columns, 1160 nonzeros


Root relaxation: objective 8.333333e-02, 162 iterations, 0.00 seconds (0.00 work units)

    Nodes    |    Current Node    |     Objective Bounds      |     Work
 Expl Unexpl |  Obj  Depth IntInf | Incumbent    BestBd   Gap | It/Node Time

     0     0    0.08333    0   48    0.00000    0.08333      -     -    0s
     0     0    0.07143    0   59    0.00000    0.07143      -     -    0s
     0     0    0.07143    0   58    0.00000    0.07143      -     -    0s
     0     0    0.07143    0   61    0.00000    0.07143      -     -    0s
     0     0    0.07143    0   58    0.00000    0.07143      -     -    0s
     0     0    0.07143    0   61    0.00000    0.07143      -     -    0s
     0     0    0.07143    0   57    0.00000    0.07143      -     -    0s
     0     0    0.07143    0   62    0.00000    0.07143      -     -    0s
     0     0    0.07143    0   61    0.00000    0.07143      -     -    0s
     0     0    0.07143    0   43    0.00000    0.07143      -     -    0s
     0     0    0.07143    0   60    0.00000    0.07143      -     -    0s
     0     0    0.07143    0   61    0.00000    0.07143      -     -    0s
     0     0    0.07143    0   51    0.00000    0.07143      -     -    0s
     0     0    0.07143    0   51    0.00000    0.07143      -     -    0s
     0     2    0.07143    0   51    0.00000    0.07143      -     -    0s
*  628   601              90       0.0000001    0.07143      -  18.5    0s
H  715   670                       0.0000002    0.07143      -  18.8    0s
H  864   746                       0.0000003    0.07143      -  20.0    0s
H 1130   924                       0.0000004    0.07143      -  21.0    1s
* 1749  1305             101       0.0000007    0.04483      -  20.3    1s
H 1963  1281                       0.0000010    0.04483      -  21.1    2s
H 2382  1486                       0.0000014    0.04483      -  21.3    2s
H10548  7079                       0.0000014    0.03842      -  23.9    4s
 12466  8580     cutoff   91         0.00000    0.03814      -  24.4    5s
 31807 22218    0.02100   30   54    0.00000    0.03309      -  26.6   10s
 55121 38784    0.00000   87   24    0.00000    0.03172      -  26.5   15s
 78059 54489    0.00058   44   50    0.00000    0.03095      -  27.0   20s
H97934 67637                       0.0000014    0.03034      -  27.3   24s
H99134 68371                       0.0000014    0.03032      -  27.4   24s
 99138 68447    0.00029   51   44    0.00000    0.03032      -  27.4   25s
 121390 83614    0.00044   60   50    0.00000    0.02977      -  27.2   30s
 141311 96545    0.01493   30   52    0.00000    0.02945      -  27.3   35s
 163362 110024     cutoff   42         0.00000    0.02898      -  27.3   40s
 186147 124927    0.00326   39   54    0.00000    0.02856      -  27.3   45s
 209926 140668     cutoff   41         0.00000    0.02822      -  27.5   50s
 231855 154676     cutoff   34         0.00000    0.02789      -  27.6   55s
 252405 169273    0.01870   31   51    0.00000    0.02774      -  27.8   60s
 276143 185353    0.00001   83   44    0.00000    0.02750      -  27.8   65s

Cutting planes:
  Gomory: 12
  Lift-and-project: 1
  Implied bound: 5
  MIR: 5
  Flow cover: 9
  RLT: 67
  Relax-and-lift: 9
  BQP: 24

Explored 283231 nodes (7881680 simplex iterations) in 66.72 seconds (66.23 work units)
Thread count was 4 (of 4 available processors)

Solution count 10: 1.43228e-06 1.39685e-06 1.38514e-06 ... -0

Optimization achieved user objective limit
Best objective 1.432281312795e-06, best bound 2.741668783677e-02, gap 1914097.1338%
{"verdict": "PROVED", "status": "BOUND_REACHED", "runtime": 66.71858096122742, "objval": 1.4322813127951028e-06, "objbound": 0.02741668783677103, "binaries": 46}
