Set parameter NodefileStart to value 6
Read parameters from file gurobi.env
Restricted license - for non-production use only - expires 2027-11-29
Set parameter OutputFlag to value 1
Set parameter Threads to value 4
Set parameter TimeLimit to value 360
Set parameter MIPGap to value 5e-05
Set parameter MIPFocus to value 2
Set parameter NonConvex to value 2
Set parameter BestBdStop to value 2.7426211734693878e-02
Gurobi Optimizer version 13.0.3 build v13.0.3rc0 (linux64 - "Ubuntu 24.04.5 LTS")

CPU model: Intel(R) Xeon(R) Platinum 8370C CPU @ 2.80GHz, instruction set [SSE2|AVX|AVX2|AVX512]
Thread count: 2 physical cores, 4 logical processors, using up to 4 threads

Non-default parameters:
TimeLimit  360
BestBdStop  2.7426211734693878e-02
MIPGap  5e-05
MIPFocus  2
NodefileStart  6
NonConvex  2
Threads  4

Optimize a model with 141 rows, 111 columns and 810 nonzeros (Max)
Model fingerprint: 0xb0b41298
Model has 1 linear objective coefficients
Model has 50 quadratic constraints
Variable types: 65 continuous, 46 integer (46 binary)
Coefficient statistics:
  Matrix range     [5e-01, 1e+00]
  QMatrix range    [1e+00, 1e+00]
  QLMatrix range   [1e+00, 1e+00]
  Objective range  [1e+00, 1e+00]
  Bounds range     [5e-01, 1e+00]
  RHS range        [1e+00, 1e+00]

Found heuristic solution: objective -0.0000000
Presolve time: 0.00s
Presolved: 341 rows, 112 columns, 1210 nonzeros
Presolved model has 50 bilinear constraint(s)

Solving non-convex MIQCP to global optimality

Variable types: 66 continuous, 46 integer (46 binary)
Root relaxation presolve removed 50 rows and 1 columns
Root relaxation presolved: 291 rows, 111 columns, 1160 nonzeros


Root relaxation: objective 8.333333e-02, 108 iterations, 0.00 seconds (0.00 work units)

    Nodes    |    Current Node    |     Objective Bounds      |     Work
 Expl Unexpl |  Obj  Depth IntInf | Incumbent    BestBd   Gap | It/Node Time

     0     0    0.08333    0   49   -0.00000    0.08333      -     -    0s
     0     0    0.07143    0   62   -0.00000    0.07143      -     -    0s
H    0     0                       0.0000000    0.07143      -     -    0s
H    0     0                       0.0000001    0.07143      -     -    0s
H    0     0                       0.0000001    0.07143      -     -    0s
     0     0    0.07143    0   60    0.00000    0.07143      -     -    0s
     0     0    0.07143    0   53    0.00000    0.07143      -     -    0s
     0     0    0.07143    0   56    0.00000    0.07143      -     -    0s
     0     0    0.07143    0   56    0.00000    0.07143      -     -    0s
     0     0    0.07143    0   57    0.00000    0.07143      -     -    0s
     0     0    0.07143    0   60    0.00000    0.07143      -     -    0s
     0     0    0.07143    0   51    0.00000    0.07143      -     -    0s
     0     0    0.07143    0   50    0.00000    0.07143      -     -    0s
     0     0    0.07143    0   49    0.00000    0.07143      -     -    0s
     0     0    0.07143    0   50    0.00000    0.07143      -     -    0s
     0     0    0.07143    0   50    0.00000    0.07143      -     -    0s
     0     0    0.07143    0   50    0.00000    0.07143      -     -    0s
     0     2    0.07143    0   50    0.00000    0.07143      -     -    1s
H  102   112                       0.0000003    0.07143      -  21.6    1s
* 1860  1432             115       0.0000012    0.05984      -  21.7    3s
H 2324  1523                       0.0000012    0.05537      -  22.6    3s
  9157  6793    0.00004   56   48    0.00000    0.04927      -  21.2    5s
 25041 17834    0.01848   33   51    0.00000    0.04356      -  20.3   10s
 42075 28744    0.00001  102   16    0.00000    0.04076      -  21.3   16s
 63145 43561    0.00036   70   27    0.00000    0.03954      -  21.3   20s
*64153 43698             122       0.0000016    0.03949      -  21.2   20s
 78419 53407    0.00007   53   42    0.00000    0.03864      -  21.6   25s
 104719 70351    0.00051   47   52    0.00000    0.03759      -  21.8   30s
 121221 80986    0.00000   88   35    0.00000    0.03710      -  21.9   35s
 147596 97293    0.00441   52   53    0.00000    0.03652      -  21.8   41s
 164827 108088     cutoff   40         0.00000    0.03613      -  21.8   45s
*165831 108645             110       0.0000017    0.03611      -  21.8   45s
 178628 116583    0.00711   46   50    0.00000    0.03585      -  21.8   50s
H185516 119512                       0.0000022    0.03569      -  21.8   51s
 199990 128684     cutoff   38         0.00000    0.03543      -  21.9   55s
 219633 140567     cutoff   57         0.00000    0.03503      -  21.9   60s
 245483 156865    0.00882   41   52    0.00000    0.03461      -  21.9   65s
 259765 165783    0.00001   86   45    0.00000    0.03440      -  21.9   70s
 278267 176817    0.00159   40   51    0.00000    0.03414      -  21.9   75s
 300848 191233    0.01354   43   51    0.00000    0.03389      -  21.9   80s
H309486 196357                       0.0000022    0.03378      -  21.9   83s
 317566 200891    0.00411   49   43    0.00000    0.03367      -  21.9   85s
 339479 214360    0.00000   55   44    0.00000    0.03341      -  22.0   90s
 360094 226533     cutoff   49         0.00000    0.03318      -  22.0   95s
 383410 241177    0.01939   35   52    0.00000    0.03290      -  22.0  100s
 406683 255702    0.00375   29   50    0.00000    0.03267      -  22.0  106s
 426024 267566    0.00063   53   51    0.00000    0.03247      -  22.1  110s
 440230 276085    0.00327   41   51    0.00000    0.03235      -  22.1  115s
 452951 283823    0.00122   47   37    0.00000    0.03223      -  22.1  121s
 454638 285258    0.01139   37   55    0.00000    0.03223      -  22.1  125s
 469839 294830    0.01860   33   51    0.00000    0.03211      -  22.1  130s
 494758 309529    0.00097   57   52    0.00000    0.03188      -  22.0  135s
 518373 323520    0.01477   41   51    0.00000    0.03173      -  22.0  140s
 541501 337243    0.00000   86   43    0.00000    0.03157      -  22.0  145s
 567281 352650    0.00000   67   35    0.00000    0.03137      -  22.0  150s
 582320 361294     cutoff   62         0.00000    0.03124      -  22.0  155s
 605488 376077     cutoff   49         0.00000    0.03109      -  22.0  160s
 631647 391237    0.00341   41   43    0.00000    0.03093      -  22.0  165s
 647579 400933     cutoff   44         0.00000    0.03084      -  22.0  170s
 668970 413183    0.00121   56   50    0.00000    0.03073      -  21.9  175s
 691115 426514    0.00000   85   25    0.00000    0.03060      -  22.0  180s
 703753 434060    0.00772   45   52    0.00000    0.03053      -  22.0  185s
 730197 450476    0.00145   42   37    0.00000    0.03039      -  21.9  190s
 747918 460619    0.00499   35   51    0.00000    0.03028      -  21.9  195s
 769389 473857    0.00270   36   50    0.00000    0.03018      -  21.9  200s
 788327 485066    0.01123   27   52    0.00000    0.03008      -  21.9  205s
 805424 495182 infeasible   44         0.00000    0.03000      -  21.9  210s
 828489 508054    0.02077   35   58    0.00000    0.02986      -  21.9  215s
 845511 517739    0.01867   39   43    0.00000    0.02977      -  21.9  220s
 871156 533798 infeasible   46         0.00000    0.02966      -  21.9  226s
 891323 546188    0.00001   71   44    0.00000    0.02957      -  21.9  230s
 910938 558977    0.02951   31   51    0.00000    0.02951      -  21.8  235s
 934725 573361     cutoff   90         0.00000    0.02941      -  21.8  240s
 951754 583085    0.00384   49   52    0.00000    0.02934      -  21.8  245s
 971489 593969 infeasible   53         0.00000    0.02926      -  21.8  252s
 986777 604149    0.01234   38   51    0.00000    0.02921      -  21.8  255s
 1005767 615118    0.00017   56   50    0.00000    0.02914      -  21.8  260s
 1028861 628399    0.00032   44   50    0.00000    0.02902      -  21.8  265s
 1043541 637278    0.01187   42   43    0.00000    0.02898      -  21.8  270s
 1063462 649526    0.00599   46   51    0.00000    0.02889      -  21.8  275s
 1077518 657673     cutoff   64         0.00000    0.02884      -  21.9  280s
 1095635 667740    0.02185   38   55    0.00000    0.02876      -  22.0  287s
 1108539 675387    0.00002   81   38    0.00000    0.02871      -  22.0  290s
 1124966 683874    0.02110   33   54    0.00000    0.02865      -  22.1  295s
 1145873 696949     cutoff   41         0.00000    0.02858      -  22.1  300s
 1164726 707360    0.00110   45   50    0.00000    0.02852      -  22.2  305s
 1183173 717956    0.00000   68   18    0.00000    0.02845      -  22.2  310s
 1202478 729375     cutoff   54         0.00000    0.02838      -  22.3  315s
 1216794 737109    0.00951   46   50    0.00000    0.02832      -  22.3  320s
 1239798 749811     cutoff   66         0.00000    0.02825      -  22.4  325s
 1253478 757254    0.00361   42   43    0.00000    0.02820      -  22.5  330s
 1271767 767736    0.00232   48   50    0.00000    0.02815      -  22.5  335s
 1295253 781600    0.00349   40   51    0.00000    0.02808      -  22.6  340s
 1308208 789028 infeasible   99         0.00000    0.02804      -  22.6  345s
 1320996 796296    0.00003   68   42    0.00000    0.02800      -  22.7  350s
 1338728 806919     cutoff   44         0.00000    0.02794      -  22.7  355s
 1352910 815209    0.00111   59   50    0.00000    0.02790      -  22.8  360s

Cutting planes:
  Gomory: 10
  Implied bound: 30
  MIR: 7
  Flow cover: 56
  Inf proof: 5
  RLT: 92
  Relax-and-lift: 18
  BQP: 24

Explored 1353240 nodes (30823341 simplex iterations) in 360.00 seconds (299.54 work units)
Thread count was 4 (of 4 available processors)

Solution count 8: 2.23969e-06 1.65564e-06 1.57466e-06 ... -0

Time limit reached
Best objective 2.239691373959e-06, best bound 2.789677148991e-02, gap 1245463.1974%
{"verdict": "UNRESOLVED", "status": "TIME_LIMIT", "runtime": 360.00288701057434, "objval": 2.239691373959185e-06, "objbound": 0.027896771489905606, "binaries": 46}
