Set parameter NodefileStart to value 6
Read parameters from file gurobi.env
Restricted license - for non-production use only - expires 2027-11-29
Set parameter OutputFlag to value 1
Set parameter Threads to value 4
Set parameter TimeLimit to value 360
Set parameter MIPGap to value 5e-05
Set parameter MIPFocus to value 2
Set parameter NonConvex to value 2
Set parameter BestBdStop to value 2.7426211734693878e-02
Gurobi Optimizer version 13.0.3 build v13.0.3rc0 (linux64 - "Ubuntu 24.04.5 LTS")

CPU model: AMD EPYC 7763 64-Core Processor, instruction set [SSE2|AVX|AVX2]
Thread count: 2 physical cores, 4 logical processors, using up to 4 threads

Non-default parameters:
TimeLimit  360
BestBdStop  2.7426211734693878e-02
MIPGap  5e-05
MIPFocus  2
NodefileStart  6
NonConvex  2
Threads  4

Optimize a model with 125 rows, 95 columns and 686 nonzeros (Max)
Model fingerprint: 0x5b88e41f
Model has 1 linear objective coefficients
Model has 50 quadratic constraints
Variable types: 65 continuous, 30 integer (30 binary)
Coefficient statistics:
  Matrix range     [5e-01, 1e+00]
  QMatrix range    [1e+00, 1e+00]
  QLMatrix range   [1e+00, 1e+00]
  Objective range  [1e+00, 1e+00]
  Bounds range     [5e-01, 1e+00]
  RHS range        [1e+00, 1e+00]

Found heuristic solution: objective -0.0000000
Presolve time: 0.00s
Presolved: 325 rows, 96 columns, 1086 nonzeros
Presolved model has 50 bilinear constraint(s)

Solving non-convex MIQCP to global optimality

Variable types: 66 continuous, 30 integer (30 binary)
Found heuristic solution: objective 0.0000000
Root relaxation presolve removed 52 rows and 2 columns
Root relaxation presolved: 273 rows, 94 columns, 1024 nonzeros


Root relaxation: objective 1.250000e-01, 98 iterations, 0.00 seconds (0.00 work units)

    Nodes    |    Current Node    |     Objective Bounds      |     Work
 Expl Unexpl |  Obj  Depth IntInf | Incumbent    BestBd   Gap | It/Node Time

     0     0    0.12500    0   39    0.00000    0.12500      -     -    0s
     0     0    0.08824    0   58    0.00000    0.08824      -     -    0s
     0     0    0.08780    0   61    0.00000    0.08780      -     -    0s
     0     0    0.08333    0   51    0.00000    0.08333      -     -    0s
     0     0    0.08333    0   54    0.00000    0.08333      -     -    0s
     0     0    0.07941    0   58    0.00000    0.07941      -     -    0s
     0     0    0.07931    0   59    0.00000    0.07931      -     -    0s
     0     0    0.07909    0   63    0.00000    0.07909      -     -    0s
     0     0    0.07905    0   63    0.00000    0.07905      -     -    0s
     0     0    0.07865    0   61    0.00000    0.07865      -     -    0s
H    0     0                       0.0000001    0.07865      -     -    0s
     0     0    0.07865    0   61    0.00000    0.07865      -     -    0s
H    0     0                       0.0000002    0.07865      -     -    0s
     0     0    0.07865    0   61    0.00000    0.07865      -     -    0s
     0     0    0.07865    0   61    0.00000    0.07865      -     -    0s
     0     0    0.07865    0   55    0.00000    0.07865      -     -    0s
     0     2    0.07865    0   55    0.00000    0.07865      -     -    0s
H   90    92                       0.0000003    0.07800      -  38.5    0s
H 1097   939                       0.0000005    0.07800      -  21.2    0s
H 1184   933                       0.0000005    0.04147      -  21.3    1s
H 1184   886                       0.0000005    0.04147      -  21.3    1s
H 1184   841                       0.0000006    0.04147      -  21.3    1s
* 6072  3906             107       0.0000006    0.03305      -  17.2    2s
H 8543  6081                       0.0000006    0.02984      -  16.1    3s

Cutting planes:
  Gomory: 9
  MIR: 1
  Flow cover: 1
  RLT: 37
  BQP: 4

Explored 11172 nodes (170014 simplex iterations) in 3.61 seconds (2.69 work units)
Thread count was 4 (of 4 available processors)

Solution count 9: 6.3178e-07 6.22234e-07 6.1192e-07 ... -0

Optimization achieved user objective limit
Best objective 6.317802529465e-07, best bound 2.721338444708e-02, gap -
{"verdict": "PROVED", "status": "BOUND_REACHED", "runtime": 3.614593982696533, "objval": 6.317802529465234e-07, "objbound": 0.027213384447083416, "binaries": 30}
