Set parameter NodefileStart to value 6
Read parameters from file gurobi.env
Restricted license - for non-production use only - expires 2027-11-29
Set parameter OutputFlag to value 1
Set parameter Threads to value 4
Set parameter TimeLimit to value 360
Set parameter MIPGap to value 5e-05
Set parameter MIPFocus to value 2
Set parameter NonConvex to value 2
Set parameter BestBdStop to value 2.7426211734693878e-02
Gurobi Optimizer version 13.0.3 build v13.0.3rc0 (linux64 - "Ubuntu 24.04.5 LTS")

CPU model: AMD EPYC 9V74 80-Core Processor, instruction set [SSE2|AVX|AVX2|AVX512]
Thread count: 2 physical cores, 4 logical processors, using up to 4 threads

Non-default parameters:
TimeLimit  360
BestBdStop  2.7426211734693878e-02
MIPGap  5e-05
MIPFocus  2
NodefileStart  6
NonConvex  2
Threads  4

Optimize a model with 149 rows, 119 columns and 871 nonzeros (Max)
Model fingerprint: 0xc4d58f35
Model has 1 linear objective coefficients
Model has 50 quadratic constraints
Variable types: 65 continuous, 54 integer (54 binary)
Coefficient statistics:
  Matrix range     [5e-01, 1e+00]
  QMatrix range    [1e+00, 1e+00]
  QLMatrix range   [1e+00, 1e+00]
  Objective range  [1e+00, 1e+00]
  Bounds range     [5e-01, 1e+00]
  RHS range        [1e+00, 1e+00]

Found heuristic solution: objective -0.0000000
Presolve time: 0.00s
Presolved: 349 rows, 120 columns, 1271 nonzeros
Presolved model has 50 bilinear constraint(s)

Solving non-convex MIQCP to global optimality

Variable types: 66 continuous, 54 integer (54 binary)
Found heuristic solution: objective 0.0000000
Root relaxation presolve removed 50 rows and 1 columns
Root relaxation presolved: 299 rows, 119 columns, 1221 nonzeros


Root relaxation: objective 8.333333e-02, 127 iterations, 0.00 seconds (0.00 work units)

    Nodes    |    Current Node    |     Objective Bounds      |     Work
 Expl Unexpl |  Obj  Depth IntInf | Incumbent    BestBd   Gap | It/Node Time

     0     0    0.08333    0   47    0.00000    0.08333      -     -    0s
     0     0    0.08333    0   48    0.00000    0.08333      -     -    0s
     0     0    0.07143    0   55    0.00000    0.07143      -     -    0s
     0     0    0.07143    0   43    0.00000    0.07143      -     -    0s
H    0     0                       0.0000000    0.07143      -     -    0s
     0     0    0.07143    0   42    0.00000    0.07143      -     -    0s
     0     0    0.07143    0   54    0.00000    0.07143      -     -    0s
     0     0    0.07143    0   54    0.00000    0.07143      -     -    0s
     0     0    0.07143    0   63    0.00000    0.07143      -     -    0s
     0     0    0.07143    0   50    0.00000    0.07143      -     -    0s
H    0     0                       0.0000000    0.07143      -     -    0s
     0     0    0.07143    0   50    0.00000    0.07143      -     -    0s
     0     0    0.07143    0   51    0.00000    0.07143      -     -    0s
     0     0    0.07143    0   51    0.00000    0.07143      -     -    0s
     0     2    0.07143    0   51    0.00000    0.07143      -     -    0s
H   25    52                       0.0000006    0.07143      -  26.8    0s
H 1509  1142                       0.0061094    0.06096   898%  23.7    1s
H 1527  1081                       0.0076239    0.06096   700%  23.5    1s
H 1673  1066                       0.0076239    0.05962   682%  22.7    1s
* 1894  1030             109       0.0098307    0.05962   506%  21.6    1s
* 1896   954             110       0.0122778    0.05962   386%  21.6    1s
* 1902   904             113       0.0125098    0.05962   377%  21.5    1s
* 1904   858             114       0.0125594    0.05962   375%  21.5    1s
* 1906   821             115       0.0125694    0.05962   374%  21.5    1s
* 1907   788             115       0.0125703    0.05962   374%  21.5    1s
H 3121   943                       0.0138865    0.04871   251%  22.7    1s
H 3144   965                       0.0138865    0.04871   251%  22.8    1s
H 3473   952                       0.0144351    0.04594   218%  22.9    2s
H 3497   980                       0.0144351    0.04594   218%  22.9    2s
H 4126  1203                       0.0145509    0.04409   203%  23.0    2s
H 4130  1095                       0.0158075    0.04409   179%  23.0    2s
 15442  4446     cutoff   34         0.01581    0.03928   148%  27.0    5s
H23852  5456                       0.0183537    0.03813   108%  26.8    6s
H35029  8535                       0.0183537    0.03712   102%  26.4    9s
 35437  8597    0.02412   30   50    0.01835    0.03710   102%  26.4   10s
 59855 13560    0.02216   34   41    0.01835    0.03528  92.2%  25.9   15s
H63453 13276                       0.0192056    0.03511  82.8%  25.8   15s
H64756 13406                       0.0192056    0.03504  82.4%  25.8   15s
 84955 17269    0.03378   28   62    0.01921    0.03389  76.4%  25.4   20s
 111259 21618    0.02499   31   65    0.01921    0.03294  71.5%  24.9   25s
H132490 24087                       0.0198051    0.03233  63.2%  24.5   28s
H132857 24087                       0.0198051    0.03232  63.2%  24.5   29s
 134975 24476     cutoff   29         0.01981    0.03227  62.9%  24.5   30s
 162934 28809    0.01988   31   56    0.01981    0.03159  59.5%  24.1   35s
 190734 32728    0.02183   36   58    0.01981    0.03096  56.3%  23.8   40s
 218769 36054    0.02760   29   55    0.01981    0.03050  54.0%  23.7   45s
 244338 39007    0.02306   34   55    0.01981    0.03006  51.8%  23.5   50s
 271484 41997 infeasible   38         0.01981    0.02962  49.5%  23.3   55s
 296937 45176     cutoff   40         0.01981    0.02927  47.8%  23.1   60s
 325165 48162    0.02778   31   56    0.01981    0.02890  45.9%  23.0   65s
 353226 51023     cutoff   34         0.01981    0.02859  44.4%  22.8   70s
 380932 54144    0.02539   40   58    0.01981    0.02830  42.9%  22.7   75s
 409734 57438     cutoff   41         0.01981    0.02805  41.6%  22.5   80s
 438290 60304     cutoff   36         0.01981    0.02784  40.6%  22.4   85s
 463425 62770     cutoff   36         0.01981    0.02765  39.6%  22.4   90s
 492186 65634     cutoff   34         0.01981    0.02743  38.5%  22.2   95s

Cutting planes:
  Gomory: 7
  Implied bound: 22
  MIR: 3
  Flow cover: 18
  RLT: 69
  Relax-and-lift: 2
  BQP: 17

Explored 492958 nodes (10953175 simplex iterations) in 95.19 seconds (135.54 work units)
Thread count was 4 (of 4 available processors)

Solution count 10: 0.0198051 0.0192056 0.0183537 ... 0.0125594

Optimization achieved user objective limit
Best objective 1.980509573708e-02, best bound 2.742575138519e-02, gap 38.4783%
{"verdict": "PROVED", "status": "BOUND_REACHED", "runtime": 95.191162109375, "objval": 0.019805095737082643, "objbound": 0.02742575138519497, "binaries": 54}
