Set parameter NodefileStart to value 6
Read parameters from file gurobi.env
Restricted license - for non-production use only - expires 2027-11-29
Set parameter OutputFlag to value 1
Set parameter Threads to value 4
Set parameter TimeLimit to value 360
Set parameter MIPGap to value 5e-05
Set parameter MIPFocus to value 2
Set parameter NonConvex to value 2
Set parameter BestBdStop to value 2.7426211734693878e-02
Gurobi Optimizer version 13.0.3 build v13.0.3rc0 (linux64 - "Ubuntu 24.04.5 LTS")

CPU model: Intel(R) Xeon(R) 6973P-C, instruction set [SSE2|AVX|AVX2|AVX512]
Thread count: 2 physical cores, 4 logical processors, using up to 4 threads

Non-default parameters:
TimeLimit  360
BestBdStop  2.7426211734693878e-02
MIPGap  5e-05
MIPFocus  2
NodefileStart  6
NonConvex  2
Threads  4

Optimize a model with 129 rows, 99 columns and 714 nonzeros (Max)
Model fingerprint: 0xb9ea4c89
Model has 1 linear objective coefficients
Model has 50 quadratic constraints
Variable types: 65 continuous, 34 integer (34 binary)
Coefficient statistics:
  Matrix range     [5e-01, 1e+00]
  QMatrix range    [1e+00, 1e+00]
  QLMatrix range   [1e+00, 1e+00]
  Objective range  [1e+00, 1e+00]
  Bounds range     [5e-01, 1e+00]
  RHS range        [1e+00, 1e+00]

Found heuristic solution: objective -0.0000000
Presolve time: 0.00s
Presolved: 329 rows, 100 columns, 1114 nonzeros
Presolved model has 50 bilinear constraint(s)

Solving non-convex MIQCP to global optimality

Variable types: 66 continuous, 34 integer (34 binary)
Root relaxation presolve removed 50 rows and 1 columns
Root relaxation presolved: 279 rows, 99 columns, 1064 nonzeros


Root relaxation: objective 1.250000e-01, 111 iterations, 0.00 seconds (0.00 work units)

    Nodes    |    Current Node    |     Objective Bounds      |     Work
 Expl Unexpl |  Obj  Depth IntInf | Incumbent    BestBd   Gap | It/Node Time

     0     0    0.12500    0   64   -0.00000    0.12500      -     -    0s
     0     0    0.10000    0   62   -0.00000    0.10000      -     -    0s
     0     0    0.09091    0   69   -0.00000    0.09091      -     -    0s
     0     0    0.08824    0   66   -0.00000    0.08824      -     -    0s
     0     0    0.07980    0   67   -0.00000    0.07980      -     -    0s
     0     0    0.07910    0   66   -0.00000    0.07910      -     -    0s
     0     0    0.07906    0   69   -0.00000    0.07906      -     -    0s
     0     0    0.07877    0   70   -0.00000    0.07877      -     -    0s
     0     0    0.07781    0   67   -0.00000    0.07781      -     -    0s
     0     0    0.07778    0   68   -0.00000    0.07778      -     -    0s
     0     0    0.07778    0   67   -0.00000    0.07778      -     -    0s
     0     0    0.07778    0   68   -0.00000    0.07778      -     -    0s
     0     0    0.07777    0   68   -0.00000    0.07777      -     -    0s
     0     0    0.07777    0   68   -0.00000    0.07777      -     -    0s
     0     0    0.07777    0   66   -0.00000    0.07777      -     -    0s
     0     2    0.07777    0   62   -0.00000    0.07777      -     -    0s
H 1367  1008                       0.0000000    0.04063      -  34.8    1s
H 1486  1029                       0.0000000    0.04063      -  34.9    1s
H 1714  1074                       0.0000000    0.04063      -  34.2    1s
* 1958  1147             103       0.0000002    0.04063      -  31.9    1s
* 1959  1107             103       0.0000002    0.04063      -  31.9    1s
H 2134  1047                       0.0000004    0.04063      -  30.3    1s
H 2681  1241                       0.0000005    0.04063      -  32.9    1s
H 6402  3285                       0.0000005    0.04063      -  34.0    2s
H 6521  3245                       0.0000007    0.04063      -  34.0    2s
 17877 10066    0.00037   51   58    0.00000    0.03785      -  33.5    5s
 41878 24203    0.00004   53   50    0.00000    0.03441      -  34.4   10s
 66190 38170     cutoff   81         0.00000    0.03280      -  33.9   15s
 97019 54985     cutoff   62         0.00000    0.03126      -  33.2   20s
 127260 72075     cutoff   36         0.00000    0.03028      -  32.9   25s
 156007 88765    0.00001   72   49    0.00000    0.02968      -  33.1   30s
 181514 103710    0.00148   41   39    0.00000    0.02916      -  33.1   35s
 207013 117776    0.00692   32   51    0.00000    0.02856      -  33.0   40s
H228710 129320                       0.0000007    0.02816      -  33.0   43s
 234228 132283    0.01337   35   53    0.00000    0.02803      -  33.0   45s
 262484 148148    0.00014   54   51    0.00000    0.02755      -  33.0   50s

Cutting planes:
  Gomory: 20
  MIR: 6
  Flow cover: 36
  RLT: 73
  Relax-and-lift: 2
  BQP: 21

Explored 272126 nodes (8995631 simplex iterations) in 51.57 seconds (74.06 work units)
Thread count was 4 (of 4 available processors)

Solution count 10: 7.24805e-07 6.98776e-07 5.48304e-07 ... 3.9423e-10

Optimization achieved user objective limit
Best objective 7.248054920972e-07, best bound 2.742541971302e-02, gap -
{"verdict": "PROVED", "status": "BOUND_REACHED", "runtime": 51.56763005256653, "objval": 7.248054920971916e-07, "objbound": 0.02742541971302249, "binaries": 34}
