Set parameter NodefileStart to value 6
Read parameters from file gurobi.env
Restricted license - for non-production use only - expires 2027-11-29
Set parameter OutputFlag to value 1
Set parameter Threads to value 4
Set parameter TimeLimit to value 360
Set parameter MIPGap to value 5e-05
Set parameter MIPFocus to value 2
Set parameter NonConvex to value 2
Set parameter BestBdStop to value 2.7426211734693878e-02
Gurobi Optimizer version 13.0.3 build v13.0.3rc0 (linux64 - "Ubuntu 24.04.5 LTS")

CPU model: INTEL(R) XEON(R) PLATINUM 8573C, instruction set [SSE2|AVX|AVX2|AVX512]
Thread count: 2 physical cores, 4 logical processors, using up to 4 threads

Non-default parameters:
TimeLimit  360
BestBdStop  2.7426211734693878e-02
MIPGap  5e-05
MIPFocus  2
NodefileStart  6
NonConvex  2
Threads  4

Optimize a model with 125 rows, 95 columns and 686 nonzeros (Max)
Model fingerprint: 0x2ec70e46
Model has 1 linear objective coefficients
Model has 50 quadratic constraints
Variable types: 65 continuous, 30 integer (30 binary)
Coefficient statistics:
  Matrix range     [5e-01, 1e+00]
  QMatrix range    [1e+00, 1e+00]
  QLMatrix range   [1e+00, 1e+00]
  Objective range  [1e+00, 1e+00]
  Bounds range     [5e-01, 1e+00]
  RHS range        [1e+00, 1e+00]

Found heuristic solution: objective -0.0000000
Presolve time: 0.00s
Presolved: 325 rows, 96 columns, 1086 nonzeros
Presolved model has 50 bilinear constraint(s)

Solving non-convex MIQCP to global optimality

Variable types: 66 continuous, 30 integer (30 binary)
Root relaxation presolve removed 50 rows and 1 columns
Root relaxation presolved: 275 rows, 95 columns, 1036 nonzeros


Root relaxation: objective 1.000000e-01, 82 iterations, 0.00 seconds (0.00 work units)

    Nodes    |    Current Node    |     Objective Bounds      |     Work
 Expl Unexpl |  Obj  Depth IntInf | Incumbent    BestBd   Gap | It/Node Time

     0     0    0.10000    0   44   -0.00000    0.10000      -     -    0s
     0     0    0.09756    0   54   -0.00000    0.09756      -     -    0s
     0     0    0.08333    0   48   -0.00000    0.08333      -     -    0s
     0     0    0.08333    0   42   -0.00000    0.08333      -     -    0s
     0     0    0.08333    0   42   -0.00000    0.08333      -     -    0s
     0     0    0.08333    0   40   -0.00000    0.08333      -     -    0s
     0     0    0.07099    0   39   -0.00000    0.07099      -     -    0s
     0     0    0.07096    0   46   -0.00000    0.07096      -     -    0s
     0     0    0.07096    0   46   -0.00000    0.07096      -     -    0s
     0     2    0.07096    0   46   -0.00000    0.07096      -     -    0s
*  646   545              97       0.0000001    0.07096      -  25.5    1s
H 1150   905                       0.0000001    0.07096      -  27.4    1s
* 1805  1232             102       0.0000012    0.07096      -  25.9    1s
* 1823  1183              96       0.0000014    0.07096      -  25.6    1s
H 2863  1610                       0.0000014    0.05847      -  25.1    2s
H 2879  1590                       0.0000017    0.05847      -  25.2    2s
 16085 10511     cutoff   35         0.00000    0.04239      -  24.0    5s
 38247 25458    0.02430   27   44    0.00000    0.03945      -  25.2   10s
 64544 42714    0.00416   47   50    0.00000    0.03809      -  25.4   15s
 89737 59564    0.03522   24   52    0.00000    0.03698      -  25.3   20s
 114962 75784    0.01257   25   44    0.00000    0.03623      -  25.4   25s
 139249 90386    0.01014   31   51    0.00000    0.03564      -  25.5   30s
 161878 104502    0.00215   44   43    0.00000    0.03517      -  25.5   35s
 188334 120885    0.00100   39   50    0.00000    0.03472      -  25.5   40s
 213054 135976    0.00008   63   50    0.00000    0.03443      -  25.5   45s
 237958 150217    0.01803   32   43    0.00000    0.03407      -  25.4   50s
 260253 163937    0.01082   32   43    0.00000    0.03382      -  25.5   55s
 285731 179618    0.00000  100   27    0.00000    0.03357      -  25.5   60s
 310555 194252    0.01030   31   43    0.00000    0.03333      -  25.5   65s
 335873 210569    0.00306   47   44    0.00000    0.03318      -  25.3   70s
 360173 225028    0.00010   54   17    0.00000    0.03300      -  25.4   75s
H379014 235265                       0.0000018    0.03285      -  25.4   78s
H379336 234958                       0.0000019    0.03285      -  25.4   79s
H379339 234421                       0.0000020    0.03285      -  25.4   79s
 381800 236122    0.02057   33   50    0.00000    0.03282      -  25.4   80s
 407060 251517 infeasible   90         0.00000    0.03266      -  25.3   85s
 432038 266243    0.00776   38   50    0.00000    0.03250      -  25.3   90s
 458390 281169    0.01761   34   50    0.00000    0.03232      -  25.3   95s
 467758 286571    0.00037   54   22    0.00000    0.03227      -  25.3  100s
 487198 297655    0.00581   37   31    0.00000    0.03214      -  25.3  105s
 509173 310409     cutoff   29         0.00000    0.03198      -  25.3  110s
 533113 323435    0.00000   68   46    0.00000    0.03183      -  25.3  115s
 557421 337409    0.00018   49   46    0.00000    0.03170      -  25.3  120s
 582686 352285    0.00026   62   50    0.00000    0.03157      -  25.3  125s
 608301 366669    0.00049   55   50    0.00000    0.03143      -  25.3  130s
 632059 380111     cutoff   47         0.00000    0.03129      -  25.3  135s
 656306 394492    0.02182   30   54    0.00000    0.03118      -  25.3  140s
 680312 408197    0.00102   58   43    0.00000    0.03107      -  25.4  145s
 705089 423593    0.00032   54   44    0.00000    0.03096      -  25.3  150s
 730680 439446    0.00224   36   32    0.00000    0.03085      -  25.3  155s
 756485 455456     cutoff   47         0.00000    0.03075      -  25.3  160s
 781213 469660    0.00258   44   50    0.00000    0.03065      -  25.3  165s
 796988 478974    0.02526   32   44    0.00000    0.03059      -  25.3  170s
 824232 493872    0.01421   36   51    0.00000    0.03047      -  25.3  175s
 847955 507630    0.00055   53   45    0.00000    0.03039      -  25.3  180s
 873957 524422    0.00047   55   43    0.00000    0.03031      -  25.3  185s
 900018 539959     cutoff   36         0.00000    0.03024      -  25.2  190s
 925028 554686    0.02537   29   51    0.00000    0.03016      -  25.2  195s
 951163 568454    0.00083   36   27    0.00000    0.03006      -  25.2  200s
 974979 583252    0.00057   61   50    0.00000    0.02999      -  25.2  205s
 999238 597658    0.00421   50   50    0.00000    0.02993      -  25.2  210s
 1023400 613252    0.01906   24   50    0.00000    0.02986      -  25.1  215s
 1047138 627526    0.00503   34   37    0.00000    0.02979      -  25.2  220s
 1071478 641342    0.00162   46   52    0.00000    0.02972      -  25.1  225s
 1092995 652567    0.00867   38   50    0.00000    0.02965      -  25.1  230s
 1117218 666305    0.00026   68   37    0.00000    0.02958      -  25.1  235s
 1139863 679627    0.00015   60   50    0.00000    0.02952      -  25.1  240s
 1166334 696278    0.00043   42   38    0.00000    0.02947      -  25.1  245s
 1191466 710370     cutoff   70         0.00000    0.02941      -  25.1  250s
 1215666 724097    0.00205   45   37    0.00000    0.02934      -  25.1  255s
 1240696 739418     cutoff   65         0.00000    0.02929      -  25.1  260s
 1264052 753523    0.02884   31   45    0.00000    0.02923      -  25.1  265s
 1288933 768355    0.00155   48   50    0.00000    0.02918      -  25.1  270s
 1313610 782553    0.00100   41   35    0.00000    0.02912      -  25.1  275s
 1337878 795974    0.01467   38   50    0.00000    0.02906      -  25.1  280s
 1362918 811004    0.00023   44   22    0.00000    0.02900      -  25.1  285s
 1376916 818984    0.00034   50   42    0.00000    0.02897      -  25.1  290s
 1402991 834951    0.00045   44   21    0.00000    0.02894      -  25.0  295s
 1427571 849282    0.00145   40   44    0.00000    0.02888      -  25.1  300s
 1451759 862607    0.01929   32   50    0.00000    0.02882      -  25.1  305s
 1477851 876732    0.00851   41   50    0.00000    0.02877      -  25.1  310s
 1502080 890717    0.01287   40   43    0.00000    0.02873      -  25.1  315s
 1526505 904437     cutoff   59         0.00000    0.02867      -  25.1  320s
 1550943 917556    0.00160   37   37    0.00000    0.02862      -  25.1  325s
 1575862 931043    0.00722   30   44    0.00000    0.02857      -  25.1  330s
 1601295 945475    0.00002   57   23    0.00000    0.02852      -  25.1  335s
 1622022 957645    0.00916   33   37    0.00000    0.02848      -  25.1  340s
 1642303 968870     cutoff   45         0.00000    0.02844      -  25.1  345s
 1663659 981626    0.00001   91   12    0.00000    0.02840      -  25.1  350s
 1686673 994261    0.00030   62   50    0.00000    0.02836      -  25.2  355s
 1711567 1008615    0.00001   47   24    0.00000    0.02831      -  25.2  360s

Cutting planes:
  Gomory: 3
  Implied bound: 7
  MIR: 1
  Flow cover: 8
  Inf proof: 2
  RLT: 41
  Relax-and-lift: 3
  BQP: 22

Explored 1711904 nodes (43107132 simplex iterations) in 360.00 seconds (346.62 work units)
Thread count was 4 (of 4 available processors)

Solution count 10: 1.95194e-06 1.86924e-06 1.79158e-06 ... -0

Time limit reached
Best objective 1.951936918485e-06, best bound 2.830772698947e-02, gap 1450137.7982%
{"verdict": "UNRESOLVED", "status": "TIME_LIMIT", "runtime": 360.00238704681396, "objval": 1.951936918484916e-06, "objbound": 0.028307726989470993, "binaries": 30}
