Set parameter NodefileStart to value 6
Read parameters from file gurobi.env
Restricted license - for non-production use only - expires 2027-11-29
Set parameter OutputFlag to value 1
Set parameter Threads to value 4
Set parameter TimeLimit to value 360
Set parameter MIPGap to value 5e-05
Set parameter MIPFocus to value 2
Set parameter NonConvex to value 2
Set parameter BestBdStop to value 2.7426211734693878e-02
Gurobi Optimizer version 13.0.3 build v13.0.3rc0 (linux64 - "Ubuntu 24.04.5 LTS")

CPU model: AMD EPYC 7763 64-Core Processor, instruction set [SSE2|AVX|AVX2]
Thread count: 2 physical cores, 4 logical processors, using up to 4 threads

Non-default parameters:
TimeLimit  360
BestBdStop  2.7426211734693878e-02
MIPGap  5e-05
MIPFocus  2
NodefileStart  6
NonConvex  2
Threads  4

Optimize a model with 141 rows, 111 columns and 810 nonzeros (Max)
Model fingerprint: 0xe5a05d49
Model has 1 linear objective coefficients
Model has 50 quadratic constraints
Variable types: 65 continuous, 46 integer (46 binary)
Coefficient statistics:
  Matrix range     [5e-01, 1e+00]
  QMatrix range    [1e+00, 1e+00]
  QLMatrix range   [1e+00, 1e+00]
  Objective range  [1e+00, 1e+00]
  Bounds range     [5e-01, 1e+00]
  RHS range        [1e+00, 1e+00]

Found heuristic solution: objective -0.0000000
Presolve time: 0.00s
Presolved: 341 rows, 112 columns, 1210 nonzeros
Presolved model has 50 bilinear constraint(s)

Solving non-convex MIQCP to global optimality

Variable types: 66 continuous, 46 integer (46 binary)
Root relaxation presolve removed 50 rows and 1 columns
Root relaxation presolved: 291 rows, 111 columns, 1160 nonzeros


Root relaxation: objective 8.333333e-02, 121 iterations, 0.00 seconds (0.00 work units)

    Nodes    |    Current Node    |     Objective Bounds      |     Work
 Expl Unexpl |  Obj  Depth IntInf | Incumbent    BestBd   Gap | It/Node Time

     0     0    0.08333    0   45   -0.00000    0.08333      -     -    0s
     0     0    0.08333    0   69   -0.00000    0.08333      -     -    0s
     0     0    0.08333    0   58   -0.00000    0.08333      -     -    0s
     0     0    0.08333    0   37   -0.00000    0.08333      -     -    0s
     0     0    0.08333    0   55   -0.00000    0.08333      -     -    0s
     0     0    0.08333    0   38   -0.00000    0.08333      -     -    0s
     0     0    0.08333    0   52   -0.00000    0.08333      -     -    0s
     0     0    0.07500    0   75   -0.00000    0.07500      -     -    0s
     0     0    0.07500    0   57   -0.00000    0.07500      -     -    0s
     0     0    0.07500    0   61   -0.00000    0.07500      -     -    0s
     0     0    0.07500    0   61   -0.00000    0.07500      -     -    0s
     0     0    0.07500    0   66   -0.00000    0.07500      -     -    0s
     0     0    0.07500    0   73   -0.00000    0.07500      -     -    0s
     0     0    0.07500    0   50   -0.00000    0.07500      -     -    0s
     0     0    0.07500    0   49   -0.00000    0.07500      -     -    0s
     0     0    0.07500    0   49   -0.00000    0.07500      -     -    0s
     0     2    0.07500    0   49   -0.00000    0.07500      -     -    0s
H  206   202                       0.0000000    0.06844      -  26.5    0s
*  700   670             108       0.0000002    0.06599      -  21.5    0s
H 1217   982                       0.0000002    0.06599      -  22.6    1s
H 1219   934                       0.0000006    0.06599      -  22.6    1s
H 1510  1083                       0.0065313    0.06599   910%  25.9    1s
H 2458  1401                       0.0065313    0.05862   797%  27.4    1s
H 3712  1595                       0.0076538    0.05164   575%  30.0    2s
H 4086  1764                       0.0076538    0.05117   568%  30.6    2s
H 4086  1764                       0.0076538    0.05117   568%  30.6    2s
H 4110  1764                       0.0076538    0.05078   564%  30.7    2s
H 4360  1895                       0.0076539    0.05033   558%  31.6    2s
H 4450  1974                       0.0076539    0.05033   558%  31.9    2s
H 4647  2105                       0.0076539    0.04989   552%  32.0    3s
H 5486  2510                       0.0076539    0.04882   538%  33.0    3s
 10642  4714     cutoff   45         0.00765    0.04500   488%  35.8    5s
*24088  8949              90       0.0096100    0.04118   329%  37.4    9s
*24099  8089              96       0.0116683    0.04118   253%  37.4    9s
*24103  8089              98       0.0116688    0.04118   253%  37.4    9s
*24105  8089              99       0.0116688    0.04118   253%  37.4    9s
H24144  8049                       0.0116692    0.04117   253%  37.4    9s
 24589  8315    0.01348   34   50    0.01167    0.04117   253%  37.4   10s
H25361  8321                       0.0119088    0.04097   244%  37.4   10s
H28025  8603                       0.0132084    0.04040   206%  37.6   11s
 41199 12663    0.01396   34   56    0.01321    0.03845   191%  37.5   15s
H45473 13449                       0.0135925    0.03795   179%  37.5   16s
H50429 14796                       0.0135925    0.03750   176%  37.4   17s
 59717 17321    0.03607   26   55    0.01359    0.03679   171%  37.4   20s
H60190 17117                       0.0138276    0.03677   166%  37.4   20s
 76790 21702    0.01543   36   50    0.01383    0.03574   158%  37.2   25s
 95018 25931     cutoff   36         0.01383    0.03483   152%  37.0   30s
 114154 30503    0.02577   27   40    0.01383    0.03408   146%  36.7   35s
 132807 34403    0.02100   38   52    0.01383    0.03350   142%  36.5   40s
H145272 36120                       0.0142782    0.03312   132%  36.3   43s
H146662 36412                       0.0142782    0.03308   132%  36.3   44s
 147968 36699 infeasible   31         0.01428    0.03304   131%  36.3   45s
 165941 40646     cutoff   38         0.01428    0.03249   128%  36.1   50s
 185236 44462     cutoff   33         0.01428    0.03196   124%  35.9   55s
 204737 48326    0.01674   32   49    0.01428    0.03148   121%  35.8   60s
 224922 51946     cutoff   39         0.01428    0.03105   117%  35.6   65s
 244382 55387     cutoff   36         0.01428    0.03064   115%  35.4   70s
 261522 58396     cutoff   38         0.01428    0.03033   112%  35.2   75s
 279478 61214    0.01793   29   53    0.01428    0.03004   110%  35.1   80s
 297115 64178     cutoff   30         0.01428    0.02976   108%  34.9   85s
 317029 67117    0.01648   44   56    0.01428    0.02945   106%  34.8   90s
 336595 70135     cutoff   41         0.01428    0.02916   104%  34.7   95s
 356246 72859     cutoff   36         0.01428    0.02887   102%  34.6  100s
 375385 75741     cutoff   36         0.01428    0.02863   100%  34.5  105s
 395572 78813    0.02680   34   53    0.01428    0.02836  98.6%  34.4  110s
 415584 81740     cutoff   29         0.01428    0.02815  97.1%  34.3  115s
 435713 84419    0.02582   39   56    0.01428    0.02790  95.4%  34.2  120s
 455141 86869    0.02344   30   55    0.01428    0.02768  93.9%  34.1  125s
 470489 88806    0.01499   47   48    0.01428    0.02753  92.8%  34.1  130s

Cutting planes:
  Gomory: 22
  Implied bound: 29
  MIR: 10
  Mixing: 1
  Flow cover: 102
  Inf proof: 6
  RLT: 102
  Relax-and-lift: 36
  BQP: 23

Explored 480666 nodes (16367345 simplex iterations) in 132.51 seconds (147.26 work units)
Thread count was 4 (of 4 available processors)

Solution count 10: 0.0142782 0.0138276 0.0135925 ... 0.00765385

Optimization achieved user objective limit
Best objective 1.427820984454e-02, best bound 2.742543625432e-02, gap 92.0790%
{"verdict": "PROVED", "status": "BOUND_REACHED", "runtime": 132.5119879245758, "objval": 0.014278209844540212, "objbound": 0.027425436254315864, "binaries": 46}
