Set parameter NodefileStart to value 6
Read parameters from file gurobi.env
Restricted license - for non-production use only - expires 2027-11-29
Set parameter OutputFlag to value 1
Set parameter Threads to value 4
Set parameter TimeLimit to value 360
Set parameter MIPGap to value 5e-05
Set parameter MIPFocus to value 2
Set parameter NonConvex to value 2
Set parameter BestBdStop to value 2.7426211734693878e-02
Gurobi Optimizer version 13.0.3 build v13.0.3rc0 (linux64 - "Ubuntu 24.04.5 LTS")

CPU model: AMD EPYC 9V45 96-Core Processor, instruction set [SSE2|AVX|AVX2|AVX512]
Thread count: 2 physical cores, 4 logical processors, using up to 4 threads

Non-default parameters:
TimeLimit  360
BestBdStop  2.7426211734693878e-02
MIPGap  5e-05
MIPFocus  2
NodefileStart  6
NonConvex  2
Threads  4

Optimize a model with 141 rows, 111 columns and 810 nonzeros (Max)
Model fingerprint: 0x313b3d94
Model has 1 linear objective coefficients
Model has 50 quadratic constraints
Variable types: 65 continuous, 46 integer (46 binary)
Coefficient statistics:
  Matrix range     [5e-01, 1e+00]
  QMatrix range    [1e+00, 1e+00]
  QLMatrix range   [1e+00, 1e+00]
  Objective range  [1e+00, 1e+00]
  Bounds range     [5e-01, 1e+00]
  RHS range        [1e+00, 1e+00]

Found heuristic solution: objective -0.0000000
Presolve time: 0.00s
Presolved: 341 rows, 112 columns, 1210 nonzeros
Presolved model has 50 bilinear constraint(s)

Solving non-convex MIQCP to global optimality

Variable types: 66 continuous, 46 integer (46 binary)
Root relaxation presolve removed 50 rows and 1 columns
Root relaxation presolved: 291 rows, 111 columns, 1160 nonzeros


Root relaxation: objective 8.333333e-02, 115 iterations, 0.00 seconds (0.00 work units)

    Nodes    |    Current Node    |     Objective Bounds      |     Work
 Expl Unexpl |  Obj  Depth IntInf | Incumbent    BestBd   Gap | It/Node Time

     0     0    0.08333    0   48   -0.00000    0.08333      -     -    0s
H    0     0                       0.0000001    0.08333      -     -    0s
     0     0    0.08000    0   57    0.00000    0.08000      -     -    0s
     0     0    0.08000    0   59    0.00000    0.08000      -     -    0s
     0     0    0.07812    0   67    0.00000    0.07812      -     -    0s
     0     0    0.07812    0   59    0.00000    0.07812      -     -    0s
     0     0    0.07500    0   61    0.00000    0.07500      -     -    0s
     0     0    0.07500    0   55    0.00000    0.07500      -     -    0s
     0     0    0.07500    0   49    0.00000    0.07500      -     -    0s
     0     0    0.07500    0   50    0.00000    0.07500      -     -    0s
     0     0    0.07500    0   50    0.00000    0.07500      -     -    0s
     0     2    0.07500    0   50    0.00000    0.07500      -     -    0s
H   31    52                       0.0000005    0.07290      -  34.8    0s
H  509   524                       0.0000007    0.06710      -  26.5    0s
H 1715  1359                       0.0015868    0.06107  3748%  21.7    0s
H 1766  1271                       0.0020651    0.06107  2857%  21.1    0s
H 1816  1198                       0.0020651    0.06107  2857%  20.9    0s
H 1853  1140                       0.0020652    0.06107  2857%  20.6    0s
H 2081  1229                       0.0020652    0.06107  2857%  21.1    1s
H 2676  1477                       0.0034202    0.06081  1678%  21.2    1s
H 2751  1475                       0.0038280    0.06081  1489%  21.2    1s
* 2783  1424             113       0.0038689    0.06081  1472%  21.1    1s
* 2787  1389             113       0.0038728    0.06081  1470%  21.1    1s
H 2793  1339                       0.0043324    0.06081  1304%  21.0    1s
* 2863  1328             119       0.0043337    0.06081  1303%  21.1    1s
* 2864  1297             120       0.0043349    0.06081  1303%  21.1    1s
H 4273  1573                       0.0067763    0.05343   688%  24.0    1s
H 4324  1597                       0.0069705    0.05292   659%  24.1    1s
 21913 10100    0.03273   30   54    0.00697    0.04265   512%  31.6    5s
 46347 19893    0.01750   33   40    0.00697    0.03839   451%  35.7   10s
 74238 29872    0.02822   26   56    0.00697    0.03564   411%  36.8   15s
 101749 39868    0.01007   32   51    0.00697    0.03400   388%  37.6   20s
 129300 49095    0.00942   29   50    0.00697    0.03268   369%  37.8   25s
 153223 57296     cutoff   37         0.00697    0.03186   357%  38.1   30s
 180628 66372    0.01141   36   55    0.00697    0.03098   344%  38.2   35s
 209004 75284    0.01327   37   49    0.00697    0.03020   333%  38.1   40s
 236622 83919     cutoff   33         0.00697    0.02965   325%  38.1   45s
 263472 92519    0.01495   37   43    0.00697    0.02914   318%  38.2   50s
 290391 101161    0.02636   30   59    0.00697    0.02871   312%  38.2   55s
 318057 109712     cutoff   44         0.00697    0.02830   306%  38.1   60s
 340938 116762    0.00783   40   38    0.00697    0.02798   301%  38.1   65s
 368866 125221    0.01715   37   46    0.00697    0.02765   297%  38.1   70s

Cutting planes:
  Gomory: 5
  Implied bound: 30
  MIR: 25
  Flow cover: 34
  Inf proof: 2
  RLT: 78
  Relax-and-lift: 4
  BQP: 28

Explored 388278 nodes (14783855 simplex iterations) in 73.57 seconds (117.32 work units)
Thread count was 4 (of 4 available processors)

Solution count 10: 0.00697048 0.00677628 0.00433491 ... 0.00206516

Optimization achieved user objective limit
Best objective 6.970478812914e-03, best bound 2.742167205366e-02, gap 293.3973%
{"verdict": "PROVED", "status": "BOUND_REACHED", "runtime": 73.56788301467896, "objval": 0.006970478812914439, "objbound": 0.027421672053658457, "binaries": 46}
