Set parameter NodefileStart to value 6
Read parameters from file gurobi.env
Restricted license - for non-production use only - expires 2027-11-29
Set parameter OutputFlag to value 1
Set parameter Threads to value 4
Set parameter TimeLimit to value 360
Set parameter MIPGap to value 5e-05
Set parameter MIPFocus to value 2
Set parameter NonConvex to value 2
Set parameter BestBdStop to value 2.7426211734693878e-02
Gurobi Optimizer version 13.0.3 build v13.0.3rc0 (linux64 - "Ubuntu 24.04.5 LTS")

CPU model: AMD EPYC 7763 64-Core Processor, instruction set [SSE2|AVX|AVX2]
Thread count: 2 physical cores, 4 logical processors, using up to 4 threads

Non-default parameters:
TimeLimit  360
BestBdStop  2.7426211734693878e-02
MIPGap  5e-05
MIPFocus  2
NodefileStart  6
NonConvex  2
Threads  4

Optimize a model with 141 rows, 111 columns and 810 nonzeros (Max)
Model fingerprint: 0x59fe5078
Model has 1 linear objective coefficients
Model has 50 quadratic constraints
Variable types: 65 continuous, 46 integer (46 binary)
Coefficient statistics:
  Matrix range     [5e-01, 1e+00]
  QMatrix range    [1e+00, 1e+00]
  QLMatrix range   [1e+00, 1e+00]
  Objective range  [1e+00, 1e+00]
  Bounds range     [5e-01, 1e+00]
  RHS range        [1e+00, 1e+00]

Found heuristic solution: objective -0.0000000
Presolve time: 0.00s
Presolved: 341 rows, 112 columns, 1210 nonzeros
Presolved model has 50 bilinear constraint(s)

Solving non-convex MIQCP to global optimality

Variable types: 66 continuous, 46 integer (46 binary)
Root relaxation presolve removed 50 rows and 1 columns
Root relaxation presolved: 291 rows, 111 columns, 1160 nonzeros


Root relaxation: objective 8.333333e-02, 109 iterations, 0.00 seconds (0.00 work units)

    Nodes    |    Current Node    |     Objective Bounds      |     Work
 Expl Unexpl |  Obj  Depth IntInf | Incumbent    BestBd   Gap | It/Node Time

     0     0    0.08333    0   47   -0.00000    0.08333      -     -    0s
     0     0    0.07143    0   69   -0.00000    0.07143      -     -    0s
     0     0    0.07143    0   64   -0.00000    0.07143      -     -    0s
     0     0    0.07143    0   63   -0.00000    0.07143      -     -    0s
H    0     0                       0.0000000    0.07143      -     -    0s
H    0     0                       0.0000000    0.07143      -     -    0s
     0     0    0.07143    0   57    0.00000    0.07143      -     -    0s
     0     0    0.07143    0   44    0.00000    0.07143      -     -    0s
     0     0    0.07143    0   45    0.00000    0.07143      -     -    0s
     0     0    0.07143    0   55    0.00000    0.07143      -     -    0s
     0     0    0.07143    0   50    0.00000    0.07143      -     -    0s
     0     0    0.07143    0   59    0.00000    0.07143      -     -    0s
     0     0    0.07143    0   45    0.00000    0.07143      -     -    0s
     0     0    0.07143    0   48    0.00000    0.07143      -     -    0s
     0     0    0.07143    0   46    0.00000    0.07143      -     -    0s
     0     0    0.07143    0   46    0.00000    0.07143      -     -    0s
     0     2    0.07143    0   46    0.00000    0.07143      -     -    0s
H  544   554                       0.0000004    0.07143      -  25.2    1s
H 2112  1510                       0.0000007    0.06874      -  26.1    2s
H 2176  1484                       0.0000008    0.06874      -  25.8    2s
H 2542  1292                       0.0027729    0.06874  2379%  25.4    2s
H 2745  1367                       0.0039454    0.06874  1642%  25.6    2s
H 2760  1169                       0.0096121    0.06874   615%  25.6    2s
H 7551  3237                       0.0097160    0.06199   538%  28.4    4s
H 7552  3235                       0.0097221    0.06199   538%  28.3    4s
  8708  4055    0.02164   33   51    0.00972    0.06099   527%  29.1    5s
H20564  9404                       0.0098118    0.05568   467%  31.0    8s
 22092 10294    0.04207   28   58    0.00981    0.05543   465%  31.7   10s
H38846 17504                       0.0101599    0.05276   419%  32.3   14s
 39589 17935    0.01713   25   48    0.01016    0.05267   418%  32.2   15s
H54793 23915                       0.0102814    0.05066   393%  33.7   19s
H54794 23890                       0.0103100    0.05066   391%  33.7   19s
H54795 23849                       0.0103612    0.05066   389%  33.7   19s
 57516 25192    0.01462   36   55    0.01036    0.05036   386%  34.0   20s
 74966 32141    0.02084   31   47    0.01036    0.04875   371%  35.0   25s
*92022 37931              64       0.0108566    0.04736   336%  35.5   29s
H94238 38578                       0.0108721    0.04721   334%  35.5   29s
 94437 38797    0.01883   37   51    0.01087    0.04719   334%  35.5   30s
H97728 39642                       0.0108722    0.04700   332%  35.6   30s
H99940 40268                       0.0110076    0.04682   325%  35.6   31s
H100448 40346                       0.0111231    0.04678   321%  35.6   31s
H100628 40506                       0.0111248    0.04676   320%  35.7   31s
H102232 40478                       0.0115629    0.04666   304%  35.7   32s
H104022 39614                       0.0125703    0.04656   270%  35.7   32s
 112294 42524    0.03566   31   53    0.01257    0.04608   267%  35.9   35s
H114840 42665                       0.0129389    0.04595   255%  35.9   35s
 129886 47267    0.02014   32   57    0.01294    0.04519   249%  36.1   40s
H129951 47036                       0.0130890    0.04519   245%  36.1   40s
 147750 52298     cutoff   34         0.01309    0.04444   240%  36.3   45s
 165156 57258    0.01498   39   56    0.01309    0.04371   234%  36.5   50s
 180722 61553    0.02240   32   57    0.01309    0.04306   229%  36.6   55s
 199908 67095    0.01862   34   52    0.01309    0.04235   224%  36.7   60s
 219403 72929     cutoff   38         0.01309    0.04179   219%  36.8   65s
 238746 78214     cutoff   37         0.01309    0.04128   215%  36.8   70s
 258107 83358    0.01336   37   38    0.01309    0.04073   211%  36.8   75s
 277735 88489     cutoff   41         0.01309    0.04024   207%  36.8   80s
 297158 93900     cutoff   36         0.01309    0.03978   204%  36.8   85s
 317205 98742    0.03243   32   54    0.01309    0.03936   201%  36.8   90s
 336836 103652     cutoff   36         0.01309    0.03903   198%  36.7   95s
 353330 107547     cutoff   38         0.01309    0.03871   196%  36.7  100s
 373607 112044    0.02642   32   45    0.01309    0.03833   193%  36.7  105s
 393472 116700    0.02863   32   55    0.01309    0.03798   190%  36.7  110s
 412561 121247    0.01418   34   36    0.01309    0.03768   188%  36.7  115s
 432536 125805    0.01386   41   45    0.01309    0.03735   185%  36.7  120s
 452555 129691    0.01777   29   52    0.01309    0.03705   183%  36.7  125s
 471730 133472    0.01831   37   52    0.01309    0.03677   181%  36.6  130s
 491352 137734    0.02596   36   60    0.01309    0.03650   179%  36.6  135s
 511353 141691    0.01946   35   55    0.01309    0.03622   177%  36.6  140s
 527446 144993 infeasible   44         0.01309    0.03600   175%  36.6  145s
 547549 149489    0.03319   36   58    0.01309    0.03575   173%  36.5  150s
 566427 153168    0.01654   32   50    0.01309    0.03552   171%  36.5  155s
 587124 156838 infeasible   37         0.01309    0.03529   170%  36.5  160s
 606974 160453     cutoff   33         0.01309    0.03507   168%  36.4  165s
 627416 164205    0.01524   37   51    0.01309    0.03484   166%  36.4  170s
 647541 167889    0.01319   37   47    0.01309    0.03462   164%  36.4  175s
 667684 171571     cutoff   37         0.01309    0.03439   163%  36.4  180s
 687683 174836 infeasible   33         0.01309    0.03419   161%  36.3  185s
 703178 177544    0.02922   34   55    0.01309    0.03402   160%  36.3  190s
 723330 180933    0.03381   31   56    0.01309    0.03384   159%  36.3  195s
 743285 184534    0.02237   34   47    0.01309    0.03365   157%  36.2  200s
 763783 187871    0.02669   36   57    0.01309    0.03345   156%  36.2  205s
 784375 191234    0.01467   37   53    0.01309    0.03326   154%  36.2  210s
 805117 194572    0.01368   39   54    0.01309    0.03308   153%  36.1  215s
 825758 197830    0.02888   34   53    0.01309    0.03290   151%  36.1  220s
 841825 200345    0.03139   29   54    0.01309    0.03276   150%  36.1  225s
 862151 203519    0.01577   35   55    0.01309    0.03258   149%  36.0  230s
 882100 206498     cutoff   40         0.01309    0.03242   148%  36.0  235s
 903193 209497    0.01339   38   53    0.01309    0.03226   146%  36.0  240s
 922760 212491     cutoff   40         0.01309    0.03210   145%  35.9  245s
 943261 215661    0.02226   32   55    0.01309    0.03194   144%  35.9  250s
 962798 218665     cutoff   42         0.01309    0.03180   143%  35.9  255s
 982911 221813     cutoff   37         0.01309    0.03167   142%  35.8  260s
 1004256 224980    0.02025   36   51    0.01309    0.03152   141%  35.8  265s
 1024535 227776    0.01570   35   32    0.01309    0.03139   140%  35.8  270s
 1041894 230292    0.01721   37   55    0.01309    0.03127   139%  35.8  275s
 1061587 233075    0.01385   41   52    0.01309    0.03115   138%  35.7  280s
 1081261 235878    0.01425   39   55    0.01309    0.03102   137%  35.7  285s
 1101740 238785 infeasible   39         0.01309    0.03089   136%  35.7  290s
 1121776 241677    0.02001   37   54    0.01309    0.03076   135%  35.6  295s
 1141490 244323     cutoff   39         0.01309    0.03064   134%  35.6  300s
 1163064 246829     cutoff   40         0.01309    0.03051   133%  35.6  305s
 1183236 249452     cutoff   38         0.01309    0.03038   132%  35.5  310s
 1203806 251886     cutoff   46         0.01309    0.03026   131%  35.5  315s
 1222235 254054     cutoff   38         0.01309    0.03015   130%  35.5  320s
 1239535 256319    0.01564   34   55    0.01309    0.03004   130%  35.4  325s
 1260307 258872    0.01509   34   53    0.01309    0.02993   129%  35.4  330s
 1280618 261284    0.02486   36   50    0.01309    0.02982   128%  35.4  335s
 1300398 263727    0.01352   35   55    0.01309    0.02971   127%  35.4  340s
 1321124 266011     cutoff   39         0.01309    0.02960   126%  35.4  345s
 1341147 268420     cutoff   32         0.01309    0.02949   125%  35.3  350s
 1361264 270648     cutoff   37         0.01309    0.02938   124%  35.3  355s
 1380404 272971    0.01411   43   43    0.01309    0.02929   124%  35.3  360s

Cutting planes:
  Gomory: 20
  Lift-and-project: 1
  Implied bound: 11
  MIR: 2
  Flow cover: 25
  RLT: 77
  Relax-and-lift: 8
  BQP: 27

Explored 1380636 nodes (48689578 simplex iterations) in 360.00 seconds (391.17 work units)
Thread count was 4 (of 4 available processors)

Solution count 10: 0.013089 0.0129389 0.0125703 ... 0.0108566

Time limit reached
Best objective 1.308898028560e-02, best bound 2.929011184925e-02, gap 123.7769%
{"verdict": "UNRESOLVED", "status": "TIME_LIMIT", "runtime": 360.00232195854187, "objval": 0.013088980285599171, "objbound": 0.029290111849250424, "binaries": 46}
