Set parameter NodefileStart to value 6
Read parameters from file gurobi.env
Restricted license - for non-production use only - expires 2027-11-29
Set parameter OutputFlag to value 1
Set parameter Threads to value 4
Set parameter TimeLimit to value 360
Set parameter MIPGap to value 5e-05
Set parameter MIPFocus to value 2
Set parameter NonConvex to value 2
Set parameter BestBdStop to value 2.7426211734693878e-02
Gurobi Optimizer version 13.0.3 build v13.0.3rc0 (linux64 - "Ubuntu 24.04.5 LTS")

CPU model: AMD EPYC 7763 64-Core Processor, instruction set [SSE2|AVX|AVX2]
Thread count: 2 physical cores, 4 logical processors, using up to 4 threads

Non-default parameters:
TimeLimit  360
BestBdStop  2.7426211734693878e-02
MIPGap  5e-05
MIPFocus  2
NodefileStart  6
NonConvex  2
Threads  4

Optimize a model with 145 rows, 115 columns and 846 nonzeros (Max)
Model fingerprint: 0x7db15ea5
Model has 1 linear objective coefficients
Model has 50 quadratic constraints
Variable types: 65 continuous, 50 integer (50 binary)
Coefficient statistics:
  Matrix range     [5e-01, 1e+00]
  QMatrix range    [1e+00, 1e+00]
  QLMatrix range   [1e+00, 1e+00]
  Objective range  [1e+00, 1e+00]
  Bounds range     [5e-01, 1e+00]
  RHS range        [1e+00, 1e+00]

Found heuristic solution: objective -0.0000000
Presolve time: 0.00s
Presolved: 345 rows, 116 columns, 1246 nonzeros
Presolved model has 50 bilinear constraint(s)

Solving non-convex MIQCP to global optimality

Variable types: 66 continuous, 50 integer (50 binary)
Root relaxation presolve removed 50 rows and 1 columns
Root relaxation presolved: 295 rows, 115 columns, 1196 nonzeros


Root relaxation: objective 8.333333e-02, 131 iterations, 0.00 seconds (0.00 work units)

    Nodes    |    Current Node    |     Objective Bounds      |     Work
 Expl Unexpl |  Obj  Depth IntInf | Incumbent    BestBd   Gap | It/Node Time

     0     0    0.08333    0   47   -0.00000    0.08333      -     -    0s
     0     0    0.08333    0   36   -0.00000    0.08333      -     -    0s
     0     0    0.08333    0   36   -0.00000    0.08333      -     -    0s
     0     2    0.08333    0   36   -0.00000    0.08333      -     -    0s
H   96   104                       0.0000003    0.07814      -  21.1    0s
H 1141   932                       0.0000003    0.07143      -  17.5    1s
H 1144   887                       0.0028763    0.07143  2383%  17.4    1s
H 1144   843                       0.0029980    0.07143  2283%  17.4    1s
* 1782  1073              80       0.0049082    0.07143  1355%  21.9    1s
H 1825  1084                       0.0049083    0.07143  1355%  22.6    1s
H 1901   890                       0.0178916    0.07143   299%  23.1    1s
H 2043   823                       0.0178916    0.07143   299%  23.9    1s
 12642  5152     cutoff   26         0.01789    0.05741   221%  36.3    5s
 30338 10588 infeasible   38         0.01789    0.05261   194%  37.3   10s
 48998 16017     cutoff   38         0.01789    0.04986   179%  37.2   15s
 68323 21746     cutoff   31         0.01789    0.04791   168%  37.3   20s
 88277 26852     cutoff   35         0.01789    0.04639   159%  37.0   25s
 108376 31863    0.02851   33   52    0.01789    0.04542   154%  36.7   30s
 128374 36636    0.03065   33   55    0.01789    0.04453   149%  36.5   35s
 148372 41849     cutoff   32         0.01789    0.04360   144%  36.4   40s
 166216 46309    0.03389   34   54    0.01789    0.04291   140%  36.2   45s
 186827 51216    0.04169   31   61    0.01789    0.04216   136%  35.9   50s
 204914 54849    0.02168   30   43    0.01789    0.04163   133%  35.7   55s
 225479 59275    0.02444   32   52    0.01789    0.04106   130%  35.5   60s
 245847 63575    0.02663   34   45    0.01789    0.04058   127%  35.3   65s
 266300 67827 infeasible   34         0.01789    0.04013   124%  35.1   70s
 283429 71319    0.03811   30   54    0.01789    0.03981   123%  35.0   75s
 303998 75436    0.02786   30   55    0.01789    0.03946   121%  34.8   80s
 324409 80066     cutoff   28         0.01789    0.03919   119%  34.7   85s
 344914 84289     cutoff   35         0.01789    0.03896   118%  34.7   90s
 364916 88515     cutoff   39         0.01789    0.03867   116%  34.6   95s
H375196 79669                       0.0203199    0.03855  89.7%  34.6   97s
H375394 79738                       0.0203199    0.03855  89.7%  34.6   97s
 384687 81427     cutoff   43         0.02032    0.03839  88.9%  34.5  100s
 406095 84563    0.02066   40   57    0.02032    0.03807  87.3%  34.3  105s
 427668 87610     cutoff   33         0.02032    0.03778  85.9%  34.2  110s
H446457 89435                       0.0204596    0.03752  83.4%  34.0  114s
 447223 89550    0.02467   33   61    0.02046    0.03752  83.4%  34.0  115s
H447637 89480                       0.0204705    0.03751  83.2%  34.0  115s
H447640 87666                       0.0208095    0.03751  80.2%  34.0  115s
H448900 87815                       0.0208163    0.03749  80.1%  34.0  115s
H449071 87910                       0.0208163    0.03749  80.1%  34.0  115s
 465513 90126     cutoff   39         0.02082    0.03727  79.1%  33.9  120s
 486732 92777    0.03432   31   57    0.02082    0.03703  77.9%  33.8  125s
 508398 95238    0.02178   33   51    0.02082    0.03677  76.7%  33.7  130s
 526417 97489    0.02334   30   47    0.02082    0.03657  75.7%  33.6  135s
 548146 100020     cutoff   33         0.02082    0.03636  74.7%  33.5  140s
 569242 102401     cutoff   29         0.02082    0.03614  73.6%  33.4  145s
 590030 104642     cutoff   29         0.02082    0.03593  72.6%  33.3  150s
 611793 107076    0.02261   32   52    0.02082    0.03576  71.8%  33.2  155s
 630970 109313     cutoff   40         0.02082    0.03559  71.0%  33.1  160s
 651797 111650     cutoff   35         0.02082    0.03543  70.2%  33.0  165s
 669406 113640    0.03199   34   54    0.02082    0.03529  69.5%  32.9  170s
 690124 116384    0.02754   34   51    0.02082    0.03516  68.9%  32.9  175s
 711669 118769     cutoff   35         0.02082    0.03499  68.1%  32.8  180s
 732852 120886    0.02628   30   54    0.02082    0.03484  67.4%  32.7  185s
 754137 123182    0.02233   24   52    0.02082    0.03469  66.7%  32.7  190s
 775721 125343     cutoff   34         0.02082    0.03454  65.9%  32.6  195s
 797343 127522    0.02164   37   54    0.02082    0.03439  65.2%  32.5  200s
 818735 129481    0.02267   38   58    0.02082    0.03425  64.5%  32.4  205s
 840565 131404    0.02286   34   44    0.02082    0.03410  63.8%  32.3  210s
 858470 132990    0.02419   30   55    0.02082    0.03398  63.3%  32.3  215s
 879882 134822     cutoff   38         0.02082    0.03385  62.6%  32.2  220s
 901554 136767    0.02576   37   57    0.02082    0.03373  62.0%  32.2  225s
 922982 138508    0.02344   38   57    0.02082    0.03359  61.4%  32.1  230s
 944026 140199    0.02424   34   58    0.02082    0.03347  60.8%  32.0  235s
 965990 142138    0.02829   40   56    0.02082    0.03335  60.2%  32.0  240s
 987144 144145     cutoff   36         0.02082    0.03323  59.6%  31.9  245s
 1009501 145891     cutoff   44         0.02082    0.03312  59.1%  31.8  250s
 1027461 147498    0.02272   33   48    0.02082    0.03303  58.7%  31.8  255s
H1043319 148801                       0.0208163    0.03295  58.3%  31.7  258s
H1044343 148871                       0.0208178    0.03294  58.2%  31.7  259s
 1047038 149110     cutoff   36         0.02082    0.03292  58.2%  31.7  260s
 1066276 150359     cutoff   35         0.02082    0.03282  57.6%  31.7  265s
 1087895 151836    0.02504   35   53    0.02082    0.03271  57.1%  31.6  270s
 1109448 153420    0.02641   32   54    0.02082    0.03259  56.6%  31.6  275s
 1131223 155103    0.02205   34   52    0.02082    0.03248  56.0%  31.5  280s
 1152844 156642    0.02282   36   51    0.02082    0.03236  55.5%  31.4  285s
 1174611 158107     cutoff   45         0.02082    0.03227  55.0%  31.4  290s
 1196654 159836     cutoff   38         0.02082    0.03216  54.5%  31.3  295s
 1218182 161452    0.02441   30   53    0.02082    0.03207  54.0%  31.3  300s
 1236289 162925    0.02192   31   53    0.02082    0.03199  53.7%  31.2  305s
 1257694 164399    0.02159   39   51    0.02082    0.03189  53.2%  31.2  310s
 1279171 166172    0.02774   35   60    0.02082    0.03181  52.8%  31.1  315s
 1300986 167930     cutoff   38         0.02082    0.03173  52.4%  31.1  320s
 1322444 169799     cutoff   38         0.02082    0.03165  52.0%  31.0  325s
 1343988 171329     cutoff   37         0.02082    0.03156  51.6%  31.0  330s
*1363000 172027              54       0.0209004    0.03150  50.7%  31.0  334s
H1363002 162069                       0.0216261    0.03150  45.6%  31.0  334s
H1363196 162082                       0.0216261    0.03150  45.6%  31.0  334s
 1364582 162105    0.03048   36   55    0.02163    0.03149  45.6%  31.0  335s
 1385925 163283    0.03074   38   47    0.02163    0.03140  45.2%  30.9  340s
H1387484 163349                       0.0216261    0.03140  45.2%  30.9  340s
 1402379 164030    0.02197   37   55    0.02163    0.03133  44.9%  30.9  345s
 1424229 164946     cutoff   37         0.02163    0.03124  44.5%  30.8  350s
 1445544 166120     cutoff   32         0.02163    0.03116  44.1%  30.8  355s
 1466935 167282    0.02174   37   51    0.02163    0.03108  43.7%  30.7  360s

Cutting planes:
  Gomory: 24
  Implied bound: 30
  MIR: 4
  Flow cover: 28
  Inf proof: 64
  RLT: 52
  Relax-and-lift: 6
  BQP: 21

Explored 1467053 nodes (45061878 simplex iterations) in 360.00 seconds (386.24 work units)
Thread count was 4 (of 4 available processors)

Solution count 10: 0.0216261 0.0209004 0.0208178 ... 0.00490829

Time limit reached
Best objective 2.162610470583e-02, best bound 3.107856671392e-02, gap 43.7086%
{"verdict": "UNRESOLVED", "status": "TIME_LIMIT", "runtime": 360.00266909599304, "objval": 0.021626104705832403, "objbound": 0.031078566713922434, "binaries": 50}
