Set parameter NodefileStart to value 6
Read parameters from file gurobi.env
Restricted license - for non-production use only - expires 2027-11-29
Set parameter OutputFlag to value 1
Set parameter Threads to value 4
Set parameter TimeLimit to value 360
Set parameter MIPGap to value 5e-05
Set parameter MIPFocus to value 2
Set parameter NonConvex to value 2
Set parameter BestBdStop to value 2.7426211734693878e-02
Gurobi Optimizer version 13.0.3 build v13.0.3rc0 (linux64 - "Ubuntu 24.04.5 LTS")

CPU model: AMD EPYC 7763 64-Core Processor, instruction set [SSE2|AVX|AVX2]
Thread count: 2 physical cores, 4 logical processors, using up to 4 threads

Non-default parameters:
TimeLimit  360
BestBdStop  2.7426211734693878e-02
MIPGap  5e-05
MIPFocus  2
NodefileStart  6
NonConvex  2
Threads  4

Optimize a model with 141 rows, 111 columns and 810 nonzeros (Max)
Model fingerprint: 0xcae07de1
Model has 1 linear objective coefficients
Model has 50 quadratic constraints
Variable types: 65 continuous, 46 integer (46 binary)
Coefficient statistics:
  Matrix range     [5e-01, 1e+00]
  QMatrix range    [1e+00, 1e+00]
  QLMatrix range   [1e+00, 1e+00]
  Objective range  [1e+00, 1e+00]
  Bounds range     [5e-01, 1e+00]
  RHS range        [1e+00, 1e+00]

Found heuristic solution: objective -0.0000000
Presolve time: 0.00s
Presolved: 341 rows, 112 columns, 1210 nonzeros
Presolved model has 50 bilinear constraint(s)

Solving non-convex MIQCP to global optimality

Variable types: 66 continuous, 46 integer (46 binary)
Root relaxation presolve removed 50 rows and 1 columns
Root relaxation presolved: 291 rows, 111 columns, 1160 nonzeros


Root relaxation: objective 8.333333e-02, 123 iterations, 0.00 seconds (0.00 work units)

    Nodes    |    Current Node    |     Objective Bounds      |     Work
 Expl Unexpl |  Obj  Depth IntInf | Incumbent    BestBd   Gap | It/Node Time

     0     0    0.08333    0   47   -0.00000    0.08333      -     -    0s
     0     0    0.08333    0   52   -0.00000    0.08333      -     -    0s
     0     0    0.08333    0   40   -0.00000    0.08333      -     -    0s
     0     0    0.08333    0   62   -0.00000    0.08333      -     -    0s
     0     0    0.08333    0   41   -0.00000    0.08333      -     -    0s
H    0     0                       0.0000002    0.08333      -     -    0s
     0     0    0.08333    0   56    0.00000    0.08333      -     -    0s
     0     0    0.08333    0   59    0.00000    0.08333      -     -    0s
     0     0    0.08333    0   58    0.00000    0.08333      -     -    0s
     0     0    0.08333    0   59    0.00000    0.08333      -     -    0s
     0     0    0.08140    0   63    0.00000    0.08140      -     -    0s
     0     0    0.08140    0   46    0.00000    0.08140      -     -    0s
     0     0    0.08065    0   46    0.00000    0.08065      -     -    0s
     0     2    0.08065    0   46    0.00000    0.08065      -     -    0s
*  888   724             120       0.0000004    0.08065      -  32.3    1s
*  892   724             122       0.0000004    0.08065      -  32.2    1s
* 1716  1199              91       0.0000005    0.06723      -  32.4    2s
H 2004  1280                       0.0000005    0.06723      -  31.8    2s
H 2396  1378                       0.0000006    0.06723      -  33.7    2s
H 3454  1942                       0.0000009    0.06723      -  33.8    2s
  9980  7329    0.00022   84   50    0.00000    0.06365      -  31.6    5s
 28182 21115    0.04341   33   57    0.00000    0.05715      -  31.1   10s
 43129 32287    0.00038   73   50    0.00000    0.05521      -  30.7   15s
 62018 46626    0.00035   46   50    0.00000    0.05371      -  30.2   20s
 81955 61360     cutoff   35         0.00000    0.05237      -  29.8   25s
 100337 74812    0.01352   54   53    0.00000    0.05168      -  30.0   30s
 119363 89119    0.01321   48   51    0.00000    0.05110      -  30.0   35s
 138692 103729    0.00004   78   26    0.00000    0.05071      -  30.1   40s
 156756 117170    0.00000   78   23    0.00000    0.05014      -  30.2   45s
 175339 130959    0.02687   40   51    0.00000    0.04997      -  30.0   50s
 193185 144253    0.00000   87   26    0.00000    0.04964      -  30.1   55s
 207496 154571    0.00395   56   37    0.00000    0.04949      -  30.1   60s
 226830 168935    0.00000   75   36    0.00000    0.04926      -  30.1   65s
 244199 181779    0.00005   84   48    0.00000    0.04908      -  30.1   70s
 263331 195862    0.03368   31   54    0.00000    0.04890      -  30.1   75s
 282601 209826    0.00072   69   51    0.00000    0.04870      -  30.0   80s
 301324 223489    0.00166   60   55    0.00000    0.04854      -  30.0   85s
 317869 235430    0.00004   68   50    0.00000    0.04840      -  30.1   90s
 337128 249303    0.04494   32   51    0.00000    0.04824      -  30.1   95s
 356053 263153    0.00000   72   50    0.00000    0.04807      -  30.1  100s
 372196 274939    0.00045   47   50    0.00000    0.04797      -  30.1  105s
 388808 286869    0.00000   78   18    0.00000    0.04785      -  30.1  110s
 403904 297991    0.00155   54   50    0.00000    0.04777      -  30.0  115s
 422761 311748    0.03202   42   52    0.00000    0.04765      -  30.1  120s
 441966 325501    0.02512   38   53    0.00000    0.04755      -  30.1  125s
 460781 339389    0.00111   62   50    0.00000    0.04749      -  30.1  130s
 479007 352929     cutoff   82         0.00000    0.04740      -  30.0  135s
 496729 365825     cutoff   72         0.00000    0.04733      -  30.1  140s
 514742 378942    0.00146   52   50    0.00000    0.04723      -  30.0  145s
 534063 392251    0.02006   46   52    0.00000    0.04711      -  30.0  150s
 551943 405021    0.02220   39   53    0.00000    0.04703      -  30.0  155s
 569257 417881    0.00000  100   39    0.00000    0.04695      -  30.0  160s
 588135 431992    0.00020   86   34    0.00000    0.04689      -  30.1  165s
 606259 445179     cutoff   59         0.00000    0.04684      -  30.0  170s
 610337 448149    0.00000   82   18    0.00000    0.04682      -  30.0  175s
 629179 460988    0.00000   92   28    0.00000    0.04678      -  30.0  180s
 646878 473568    0.00551   54   42    0.00000    0.04671      -  30.0  185s
 666089 487714    0.02928   41   55    0.00000    0.04667      -  30.0  190s
 685135 501233    0.00007   78   31    0.00000    0.04661      -  30.0  195s
 703051 513990    0.02675   44   44    0.00000    0.04656      -  30.1  200s
 721060 527132    0.01910   47   50    0.00000    0.04652      -  30.1  205s
 738837 539650     cutoff   55         0.00000    0.04647      -  30.1  210s
 756672 552027    0.01404   47   37    0.00000    0.04641      -  30.1  215s
 775501 565846     cutoff   58         0.00000    0.04636      -  30.2  220s
 790851 577391    0.00001  111   37    0.00000    0.04632      -  30.2  225s
 807783 589357    0.00012   74   44    0.00000    0.04626      -  30.2  230s
 824214 601436    0.04070   31   55    0.00000    0.04620      -  30.2  235s
 843720 615056 infeasible   86         0.00000    0.04615      -  30.1  240s
 860619 627289     cutoff   57         0.00000    0.04610      -  30.2  245s
 879772 641238    0.00705   47   44    0.00000    0.04607      -  30.2  250s
 897663 654614    0.00011   62   48    0.00000    0.04603      -  30.2  255s
 915756 667403     cutoff   49         0.00000    0.04597      -  30.2  260s
 934047 680761    0.00000  105   33    0.00000    0.04593      -  30.2  265s
 952484 693968    0.04566   33   53    0.00000    0.04589      -  30.2  270s
 962424 701048    0.00399   60   45    0.00000    0.04586      -  30.2  275s
 980189 713642    0.00437   51   51    0.00000    0.04582      -  30.2  280s
 998535 726901    0.00000   81   39    0.00000    0.04579      -  30.2  285s
 1015558 738752    0.00509   45   43    0.00000    0.04574      -  30.2  290s
 1033529 751283    0.00036   62   50    0.00000    0.04571      -  30.2  295s
 1052450 764797    0.00001  101   45    0.00000    0.04567      -  30.2  300s
 1071062 778148    0.00011   60   50    0.00000    0.04563      -  30.2  305s
 1089353 791750    0.00001   96   47    0.00000    0.04560      -  30.2  310s
 1106780 804003    0.03246   34   50    0.00000    0.04556      -  30.2  315s
 1124839 816909    0.00127   46   43    0.00000    0.04553      -  30.2  320s
 1143790 830493    0.02419   39   51    0.00000    0.04549      -  30.2  325s
 1161534 843079    0.00040   40   50    0.00000    0.04546      -  30.2  330s
 1179032 855602    0.00003   73   51    0.00000    0.04545      -  30.2  335s
 1186752 860760    0.00380   40   52    0.00000    0.04543      -  30.2  340s
 1198452 869491    0.00000  103   35    0.00000    0.04541      -  30.2  345s
 1217440 883202    0.00002   93   44    0.00000    0.04537      -  30.2  350s
 1233205 894752    0.01404   45   50    0.00000    0.04534      -  30.3  355s
 1251323 907582    0.02003   43   50    0.00000    0.04531      -  30.3  360s

Cutting planes:
  Gomory: 38
  Lift-and-project: 5
  Implied bound: 33
  MIR: 16
  Flow cover: 107
  Inf proof: 3
  RLT: 118
  Relax-and-lift: 27
  BQP: 48

Explored 1251501 nodes (37870699 simplex iterations) in 360.00 seconds (374.48 work units)
Thread count was 4 (of 4 available processors)

Solution count 8: 8.50055e-07 6.38598e-07 4.70793e-07 ... -0

Time limit reached
Best objective 8.500553933899e-07, best bound 4.531320883714e-02, gap -
{"verdict": "UNRESOLVED", "status": "TIME_LIMIT", "runtime": 360.0026400089264, "objval": 8.500553933899024e-07, "objbound": 0.04531320883713863, "binaries": 46}
