Set parameter NodefileStart to value 6
Read parameters from file gurobi.env
Restricted license - for non-production use only - expires 2027-11-29
Set parameter OutputFlag to value 1
Set parameter Threads to value 4
Set parameter TimeLimit to value 360
Set parameter MIPGap to value 5e-05
Set parameter MIPFocus to value 2
Set parameter NonConvex to value 2
Set parameter BestBdStop to value 2.7426211734693878e-02
Gurobi Optimizer version 13.0.3 build v13.0.3rc0 (linux64 - "Ubuntu 24.04.5 LTS")

CPU model: AMD EPYC 7763 64-Core Processor, instruction set [SSE2|AVX|AVX2]
Thread count: 2 physical cores, 4 logical processors, using up to 4 threads

Non-default parameters:
TimeLimit  360
BestBdStop  2.7426211734693878e-02
MIPGap  5e-05
MIPFocus  2
NodefileStart  6
NonConvex  2
Threads  4

Optimize a model with 133 rows, 103 columns and 742 nonzeros (Max)
Model fingerprint: 0x8849c255
Model has 1 linear objective coefficients
Model has 50 quadratic constraints
Variable types: 65 continuous, 38 integer (38 binary)
Coefficient statistics:
  Matrix range     [5e-01, 1e+00]
  QMatrix range    [1e+00, 1e+00]
  QLMatrix range   [1e+00, 1e+00]
  Objective range  [1e+00, 1e+00]
  Bounds range     [5e-01, 1e+00]
  RHS range        [1e+00, 1e+00]

Found heuristic solution: objective -0.0000000
Presolve time: 0.00s
Presolved: 333 rows, 104 columns, 1142 nonzeros
Presolved model has 50 bilinear constraint(s)

Solving non-convex MIQCP to global optimality

Variable types: 66 continuous, 38 integer (38 binary)
Root relaxation presolve removed 50 rows and 1 columns
Root relaxation presolved: 283 rows, 103 columns, 1092 nonzeros


Root relaxation: objective 8.333333e-02, 122 iterations, 0.00 seconds (0.00 work units)

    Nodes    |    Current Node    |     Objective Bounds      |     Work
 Expl Unexpl |  Obj  Depth IntInf | Incumbent    BestBd   Gap | It/Node Time

     0     0    0.08333    0   57   -0.00000    0.08333      -     -    0s
     0     0    0.08333    0   65   -0.00000    0.08333      -     -    0s
     0     0    0.07143    0   43   -0.00000    0.07143      -     -    0s
H    0     0                       0.0000000    0.07143      -     -    0s
     0     0    0.07143    0   37    0.00000    0.07143      -     -    0s
     0     0    0.07143    0   37    0.00000    0.07143      -     -    0s
     0     0    0.07143    0   37    0.00000    0.07143      -     -    0s
     0     2    0.07143    0   37    0.00000    0.07143      -     -    0s
H  393   398                       0.0000001    0.06921      -  24.6    0s
H 1178   944                       0.0000008    0.05236      -  24.0    1s
  9111  5394    0.00000   79   29    0.00000    0.02970      -  29.1    5s

Cutting planes:
  Gomory: 36
  MIR: 1
  Flow cover: 16
  RLT: 63
  Relax-and-lift: 1
  BQP: 4

Explored 12113 nodes (352406 simplex iterations) in 5.65 seconds (4.55 work units)
Thread count was 4 (of 4 available processors)

Solution count 4: 8.03944e-07 1.26416e-07 4.33526e-09 -0 

Optimization achieved user objective limit
Best objective 8.039439573893e-07, best bound 2.714260372528e-02, gap -
{"verdict": "PROVED", "status": "BOUND_REACHED", "runtime": 5.653587102890015, "objval": 8.039439573892508e-07, "objbound": 0.027142603725279265, "binaries": 38}
