Set parameter NodefileStart to value 6
Read parameters from file gurobi.env
Restricted license - for non-production use only - expires 2027-11-29
Set parameter OutputFlag to value 1
Set parameter Threads to value 4
Set parameter TimeLimit to value 360
Set parameter MIPGap to value 5e-05
Set parameter MIPFocus to value 2
Set parameter NonConvex to value 2
Set parameter BestBdStop to value 2.7426211734693878e-02
Gurobi Optimizer version 13.0.3 build v13.0.3rc0 (linux64 - "Ubuntu 24.04.5 LTS")

CPU model: AMD EPYC 7763 64-Core Processor, instruction set [SSE2|AVX|AVX2]
Thread count: 2 physical cores, 4 logical processors, using up to 4 threads

Non-default parameters:
TimeLimit  360
BestBdStop  2.7426211734693878e-02
MIPGap  5e-05
MIPFocus  2
NodefileStart  6
NonConvex  2
Threads  4

Optimize a model with 125 rows, 95 columns and 686 nonzeros (Max)
Model fingerprint: 0x333fd7e6
Model has 1 linear objective coefficients
Model has 50 quadratic constraints
Variable types: 65 continuous, 30 integer (30 binary)
Coefficient statistics:
  Matrix range     [5e-01, 1e+00]
  QMatrix range    [1e+00, 1e+00]
  QLMatrix range   [1e+00, 1e+00]
  Objective range  [1e+00, 1e+00]
  Bounds range     [5e-01, 1e+00]
  RHS range        [1e+00, 1e+00]

Found heuristic solution: objective -0.0000000
Presolve time: 0.00s
Presolved: 325 rows, 96 columns, 1086 nonzeros
Presolved model has 50 bilinear constraint(s)

Solving non-convex MIQCP to global optimality

Variable types: 66 continuous, 30 integer (30 binary)
Root relaxation presolve removed 50 rows and 1 columns
Root relaxation presolved: 275 rows, 95 columns, 1036 nonzeros


Root relaxation: objective 8.333333e-02, 94 iterations, 0.00 seconds (0.00 work units)

    Nodes    |    Current Node    |     Objective Bounds      |     Work
 Expl Unexpl |  Obj  Depth IntInf | Incumbent    BestBd   Gap | It/Node Time

     0     0    0.08333    0   46   -0.00000    0.08333      -     -    0s
     0     0    0.07143    0   46   -0.00000    0.07143      -     -    0s
     0     0    0.07143    0   52   -0.00000    0.07143      -     -    0s
     0     0    0.06806    0   50   -0.00000    0.06806      -     -    0s
     0     0    0.06667    0   46   -0.00000    0.06667      -     -    0s
     0     0    0.06667    0   54   -0.00000    0.06667      -     -    0s
     0     0    0.06667    0   48   -0.00000    0.06667      -     -    0s
     0     0    0.06667    0   48   -0.00000    0.06667      -     -    0s
     0     0    0.06576    0   47   -0.00000    0.06576      -     -    0s
     0     0    0.06525    0   47   -0.00000    0.06525      -     -    0s
     0     2    0.06525    0   47   -0.00000    0.06525      -     -    0s
* 1942  1370             103       0.0000002    0.04541      -  26.9    1s
* 1945  1322             103       0.0000002    0.04541      -  26.9    1s
* 1950  1276             103       0.0000002    0.04541      -  26.8    1s
* 2043  1202             108       0.0000003    0.04497      -  26.4    1s
* 2044  1162             108       0.0000003    0.04497      -  26.4    1s
* 2045  1124             108       0.0000003    0.04497      -  26.4    1s
* 2625  1311              92       0.0000004    0.04062      -  26.5    1s
H 3832  2138                       0.0000004    0.04062      -  24.1    2s
H 3833  1974                       0.0000008    0.04062      -  24.1    2s

Cutting planes:
  Gomory: 5
  RLT: 28
  BQP: 8

Explored 10688 nodes (262972 simplex iterations) in 3.51 seconds (2.96 work units)
Thread count was 4 (of 4 available processors)

Solution count 10: 7.57826e-07 4.07503e-07 3.61432e-07 ... -0

Optimization achieved user objective limit
Best objective 7.578261484211e-07, best bound 2.729348927753e-02, gap -
{"verdict": "PROVED", "status": "BOUND_REACHED", "runtime": 3.5142529010772705, "objval": 7.578261484211493e-07, "objbound": 0.027293489277526107, "binaries": 30}
