Set parameter NodefileStart to value 6
Read parameters from file gurobi.env
Restricted license - for non-production use only - expires 2027-11-29
Set parameter OutputFlag to value 1
Set parameter Threads to value 4
Set parameter TimeLimit to value 360
Set parameter MIPGap to value 5e-05
Set parameter MIPFocus to value 2
Set parameter NonConvex to value 2
Set parameter BestBdStop to value 2.7426211734693878e-02
Gurobi Optimizer version 13.0.3 build v13.0.3rc0 (linux64 - "Ubuntu 24.04.5 LTS")

CPU model: AMD EPYC 9V45 96-Core Processor, instruction set [SSE2|AVX|AVX2|AVX512]
Thread count: 2 physical cores, 4 logical processors, using up to 4 threads

Non-default parameters:
TimeLimit  360
BestBdStop  2.7426211734693878e-02
MIPGap  5e-05
MIPFocus  2
NodefileStart  6
NonConvex  2
Threads  4

Optimize a model with 133 rows, 103 columns and 742 nonzeros (Max)
Model fingerprint: 0x070229dc
Model has 1 linear objective coefficients
Model has 50 quadratic constraints
Variable types: 65 continuous, 38 integer (38 binary)
Coefficient statistics:
  Matrix range     [5e-01, 1e+00]
  QMatrix range    [1e+00, 1e+00]
  QLMatrix range   [1e+00, 1e+00]
  Objective range  [1e+00, 1e+00]
  Bounds range     [5e-01, 1e+00]
  RHS range        [1e+00, 1e+00]

Found heuristic solution: objective -0.0000000
Presolve time: 0.00s
Presolved: 333 rows, 104 columns, 1142 nonzeros
Presolved model has 50 bilinear constraint(s)

Solving non-convex MIQCP to global optimality

Variable types: 66 continuous, 38 integer (38 binary)
Root relaxation presolve removed 50 rows and 1 columns
Root relaxation presolved: 283 rows, 103 columns, 1092 nonzeros


Root relaxation: objective 1.250000e-01, 145 iterations, 0.00 seconds (0.00 work units)

    Nodes    |    Current Node    |     Objective Bounds      |     Work
 Expl Unexpl |  Obj  Depth IntInf | Incumbent    BestBd   Gap | It/Node Time

     0     0    0.12500    0   66   -0.00000    0.12500      -     -    0s
     0     0    0.10000    0   59   -0.00000    0.10000      -     -    0s
     0     0    0.10000    0   62   -0.00000    0.10000      -     -    0s
     0     0    0.10000    0   62   -0.00000    0.10000      -     -    0s
     0     0    0.10000    0   62   -0.00000    0.10000      -     -    0s
     0     0    0.10000    0   60   -0.00000    0.10000      -     -    0s
     0     0    0.10000    0   62   -0.00000    0.10000      -     -    0s
     0     0    0.09524    0   62   -0.00000    0.09524      -     -    0s
     0     0    0.09524    0   53   -0.00000    0.09524      -     -    0s
     0     0    0.09524    0   52   -0.00000    0.09524      -     -    0s
     0     0    0.09412    0   73   -0.00000    0.09412      -     -    0s
     0     0    0.09278    0   71   -0.00000    0.09278      -     -    0s
     0     0    0.09278    0   74   -0.00000    0.09278      -     -    0s
     0     0    0.09278    0   71   -0.00000    0.09278      -     -    0s
     0     0    0.09278    0   71   -0.00000    0.09278      -     -    0s
     0     0    0.09278    0   71   -0.00000    0.09278      -     -    0s
     0     0    0.09278    0   71   -0.00000    0.09278      -     -    0s
     0     0    0.09278    0   70   -0.00000    0.09278      -     -    0s
     0     2    0.09278    0   61   -0.00000    0.09278      -     -    0s
*  593   505              89       0.0000000    0.09091      -  25.7    0s
*  594   505              90       0.0000000    0.09091      -  25.6    0s
H  708   539                       0.0000001    0.09016      -  24.7    0s
* 1096   821              69       0.0000001    0.08333      -  24.4    0s
* 1156   876              72       0.0000002    0.08333      -  24.5    0s
H 1229   859                       0.0000003    0.08333      -  24.3    0s
H 1234   816                       0.0000003    0.08333      -  24.2    0s
H 1241   779                       0.0000003    0.05781      -  24.1    0s
H 1485   891                       0.0000003    0.04531      -  26.4    1s
H 1666   985                       0.0000004    0.04531      -  24.7    1s
H 6161  3424                       0.0000005    0.03239      -  24.0    2s

Cutting planes:
  Gomory: 8
  Implied bound: 1
  MIR: 1
  Flow cover: 8
  RLT: 46
  Relax-and-lift: 1
  BQP: 2

Explored 9625 nodes (217150 simplex iterations) in 2.72 seconds (3.84 work units)
Thread count was 4 (of 4 available processors)

Solution count 10: 4.58679e-07 3.69012e-07 3.30607e-07 ... 3.30953e-08

Optimization achieved user objective limit
Best objective 4.586788791075e-07, best bound 2.626778661838e-02, gap -
{"verdict": "PROVED", "status": "BOUND_REACHED", "runtime": 2.7216999530792236, "objval": 4.5867887910749927e-07, "objbound": 0.026267786618375682, "binaries": 38}
