Set parameter NodefileStart to value 6
Read parameters from file gurobi.env
Restricted license - for non-production use only - expires 2027-11-29
Set parameter OutputFlag to value 1
Set parameter Threads to value 4
Set parameter TimeLimit to value 360
Set parameter MIPGap to value 5e-05
Set parameter MIPFocus to value 2
Set parameter NonConvex to value 2
Set parameter BestBdStop to value 2.7426211734693878e-02
Gurobi Optimizer version 13.0.3 build v13.0.3rc0 (linux64 - "Ubuntu 24.04.5 LTS")

CPU model: AMD EPYC 9V74 80-Core Processor, instruction set [SSE2|AVX|AVX2]
Thread count: 2 physical cores, 4 logical processors, using up to 4 threads

Non-default parameters:
TimeLimit  360
BestBdStop  2.7426211734693878e-02
MIPGap  5e-05
MIPFocus  2
NodefileStart  6
NonConvex  2
Threads  4

Optimize a model with 157 rows, 127 columns and 924 nonzeros (Max)
Model fingerprint: 0xd5103f5c
Model has 1 linear objective coefficients
Model has 50 quadratic constraints
Variable types: 65 continuous, 62 integer (62 binary)
Coefficient statistics:
  Matrix range     [5e-01, 1e+00]
  QMatrix range    [1e+00, 1e+00]
  QLMatrix range   [1e+00, 1e+00]
  Objective range  [1e+00, 1e+00]
  Bounds range     [5e-01, 1e+00]
  RHS range        [1e+00, 1e+00]

Found heuristic solution: objective -0.0000000
Presolve time: 0.00s
Presolved: 357 rows, 128 columns, 1324 nonzeros
Presolved model has 50 bilinear constraint(s)

Solving non-convex MIQCP to global optimality

Variable types: 66 continuous, 62 integer (62 binary)
Root relaxation presolve removed 88 rows and 20 columns
Root relaxation presolved: 269 rows, 108 columns, 1052 nonzeros


Root relaxation: objective 1.000000e-01, 93 iterations, 0.00 seconds (0.00 work units)

    Nodes    |    Current Node    |     Objective Bounds      |     Work
 Expl Unexpl |  Obj  Depth IntInf | Incumbent    BestBd   Gap | It/Node Time

     0     0    0.10000    0   50   -0.00000    0.10000      -     -    0s
     0     0    0.07143    0   59   -0.00000    0.07143      -     -    0s
     0     0    0.07143    0   48   -0.00000    0.07143      -     -    0s
     0     0    0.07143    0   58   -0.00000    0.07143      -     -    0s
     0     0    0.07143    0   44   -0.00000    0.07143      -     -    0s
     0     0    0.07143    0   44   -0.00000    0.07143      -     -    0s
     0     0    0.07143    0   58   -0.00000    0.07143      -     -    0s
     0     0    0.07143    0   44   -0.00000    0.07143      -     -    0s
     0     0    0.07143    0   44   -0.00000    0.07143      -     -    0s
     0     2    0.07143    0   44   -0.00000    0.07143      -     -    0s
*  480   455              70       0.0000000    0.05284      -  15.5    0s
*  722   712             106       0.0000002    0.05284      -  15.9    0s
H 1215   967                       0.0000005    0.05284      -  16.5    1s
H 1531  1124                       0.0022548    0.05284  2244%  16.4    1s
H 1608  1093                       0.0046162    0.05284  1045%  16.2    1s
H 1697  1092                       0.0056818    0.05284   830%  15.9    1s
H 1749  1059                       0.0060723    0.05284   770%  15.5    1s
H 1967  1092                       0.0060727    0.04860   700%  17.7    1s
* 2649  1310              81       0.0063292    0.04783   656%  21.1    1s
* 2650  1276              82       0.0063304    0.04783   656%  21.1    1s
* 2651  1243              82       0.0063305    0.04783   656%  21.1    1s
H 3928  1236                       0.0091453    0.04216   361%  22.3    2s
H 7891  2354                       0.0096477    0.03485   261%  26.8    3s
H11636  3252                       0.0097927    0.03165   223%  28.3    4s
H13085  2797                       0.0127099    0.03059   141%  28.1    4s
 15272  3319    0.01348   25   51    0.01271    0.02912   129%  28.0    5s
H15632  3319                       0.0127099    0.02904   128%  28.0    5s
H20083  3760                       0.0140696    0.02746  95.2%  28.3    6s

Cutting planes:
  Gomory: 9
  Implied bound: 1
  MIR: 1
  Flow cover: 5
  RLT: 30
  Relax-and-lift: 2
  BQP: 3

Explored 20616 nodes (584446 simplex iterations) in 6.31 seconds (5.69 work units)
Thread count was 4 (of 4 available processors)

Solution count 10: 0.0140696 0.0127099 0.00979273 ... 0.00607231

Optimization achieved user objective limit
Best objective 1.406963637029e-02, best bound 2.742322124964e-02, gap 94.9107%
{"verdict": "PROVED", "status": "BOUND_REACHED", "runtime": 6.311367034912109, "objval": 0.014069636370294977, "objbound": 0.027423221249638665, "binaries": 62}
