Set parameter NodefileStart to value 6
Read parameters from file gurobi.env
Restricted license - for non-production use only - expires 2027-11-29
Set parameter OutputFlag to value 1
Set parameter Threads to value 4
Set parameter TimeLimit to value 360
Set parameter MIPGap to value 5e-05
Set parameter MIPFocus to value 2
Set parameter NonConvex to value 2
Set parameter BestBdStop to value 2.7426211734693878e-02
Gurobi Optimizer version 13.0.3 build v13.0.3rc0 (linux64 - "Ubuntu 24.04.5 LTS")

CPU model: INTEL(R) XEON(R) PLATINUM 8573C, instruction set [SSE2|AVX|AVX2|AVX512]
Thread count: 2 physical cores, 4 logical processors, using up to 4 threads

Non-default parameters:
TimeLimit  360
BestBdStop  2.7426211734693878e-02
MIPGap  5e-05
MIPFocus  2
NodefileStart  6
NonConvex  2
Threads  4

Optimize a model with 153 rows, 123 columns and 897 nonzeros (Max)
Model fingerprint: 0xb2cce6bb
Model has 1 linear objective coefficients
Model has 50 quadratic constraints
Variable types: 65 continuous, 58 integer (58 binary)
Coefficient statistics:
  Matrix range     [5e-01, 1e+00]
  QMatrix range    [1e+00, 1e+00]
  QLMatrix range   [1e+00, 1e+00]
  Objective range  [1e+00, 1e+00]
  Bounds range     [5e-01, 1e+00]
  RHS range        [1e+00, 1e+00]

Found heuristic solution: objective -0.0000000
Presolve time: 0.00s
Presolved: 353 rows, 124 columns, 1297 nonzeros
Presolved model has 50 bilinear constraint(s)

Solving non-convex MIQCP to global optimality

Variable types: 66 continuous, 58 integer (58 binary)
Root relaxation presolve removed 78 rows and 15 columns
Root relaxation presolved: 275 rows, 109 columns, 1081 nonzeros


Root relaxation: objective 1.000000e-01, 103 iterations, 0.00 seconds (0.00 work units)

    Nodes    |    Current Node    |     Objective Bounds      |     Work
 Expl Unexpl |  Obj  Depth IntInf | Incumbent    BestBd   Gap | It/Node Time

     0     0    0.10000    0   50   -0.00000    0.10000      -     -    0s
     0     0    0.06250    0   56   -0.00000    0.06250      -     -    0s
     0     0    0.06250    0   61   -0.00000    0.06250      -     -    0s
     0     0    0.06250    0   52   -0.00000    0.06250      -     -    0s
     0     0    0.06250    0   54   -0.00000    0.06250      -     -    0s
     0     0    0.06250    0   41   -0.00000    0.06250      -     -    0s
     0     0    0.06250    0   41   -0.00000    0.06250      -     -    0s
     0     0    0.06250    0   43   -0.00000    0.06250      -     -    0s
     0     0    0.06250    0   49   -0.00000    0.06250      -     -    0s
     0     0    0.06250    0   45   -0.00000    0.06250      -     -    0s
     0     0    0.06250    0   45   -0.00000    0.06250      -     -    0s
     0     2    0.06250    0   45   -0.00000    0.06250      -     -    0s
H 1186   997                       0.0000000    0.06250      -  30.2    1s
H 1190   949                       0.0000002    0.06250      -  30.1    1s
H 1434  1100                       0.0000047    0.05899      -  29.6    1s
H 1485  1085                       0.0000047    0.05899      -  28.7    1s
* 1496  1006              60       0.0004095    0.05899      -  28.6    1s
* 1552   968              65       0.0005986    0.05899  9755%  28.0    1s
H 1684   934                       0.0005986    0.05899  9753%  27.4    1s
* 2041  1012              90       0.0013756    0.03692  2584%  26.6    2s
* 2043   977              91       0.0014436    0.03692  2457%  26.6    2s
* 2098   947              92       0.0014598    0.03692  2429%  26.5    2s
* 2099   913              92       0.0014626    0.03692  2424%  26.5    2s
H 2120   866                       0.0014923    0.03692  2374%  26.4    2s
* 2757  1016              88       0.0029261    0.03575  1122%  25.8    2s
H 3879  1073                       0.0057502    0.03472   504%  24.9    2s
H 3881  1072                       0.0057637    0.03472   502%  24.9    2s
H 4059  1207                       0.0057638    0.03462   501%  25.0    3s
  8747  2884    0.00847   39   41    0.00576    0.03168   450%  26.2    5s
H10904  3386                       0.0063212    0.03094   389%  25.9    6s
H10926  3384                       0.0063787    0.03094   385%  26.0    6s
H20293  5973                       0.0063788    0.02881   352%  26.3    9s
 20556  6116    0.01263   39   53    0.00638    0.02876   351%  26.3   10s

Cutting planes:
  Gomory: 1
  Implied bound: 12
  MIR: 1
  Flow cover: 1
  RLT: 44
  BQP: 10

Explored 27516 nodes (711240 simplex iterations) in 12.42 seconds (9.48 work units)
Thread count was 4 (of 4 available processors)

Solution count 10: 0.00637881 0.00632123 0.00576381 ... 0.00137562

Optimization achieved user objective limit
Best objective 6.378813796707e-03, best bound 2.742312313398e-02, gap 329.9094%
{"verdict": "PROVED", "status": "BOUND_REACHED", "runtime": 12.420927047729492, "objval": 0.006378813796707461, "objbound": 0.02742312313398222, "binaries": 58}
