14:32:47 UTC start: 1 unresolved seed region(s) and 0 missing piece(s) under [[[0,2,4],1],[[0,2,5],1],[[0,2,6],1],[[0,2,7],1],[[0,2,8],1],[[0,3,4],0],[[0,3,5],0],[[0,3,6],0],[[0,3,7],0],[[0,3,8],0],[[1,2,4],1],[[1,2,5],1],[[1,2,6],1],[[1,2,7],1],[[1,2,8],1],[[1,3,4],1],[[1,3,5],1],[[1,3,6],1],[[1,3,7],1],[[1,3,8],1],[[2,3,4],1],[[2,3,5],1],[[2,3,6],1],[[2,3,7],1],[[2,3,8],1],[[4,5,6],1],[[4,5,7],1],[[4,5,8],1],[[4,6,7],1]]
14:47:17 UTC split region (bound/target 36.461) on [[4,6,8],[4,7,8],[5,6,7],[5,6,8]]: 2 pieces proved, 14 open; total runs 16, proved 2, open regions 14
14:48:21 UTC region PROVED by a 300 s run (64 s); open 13
14:58:26 UTC split region (bound/target 1.069) on [[5,7,8],[6,7,8],[0,4,5],[0,4,6]]: 8 pieces proved, 8 open; total runs 33, proved 11, open regions 20
14:59:47 UTC split region (bound/target 1.070) on [[0,4,7],[0,4,8],[0,5,6],[0,5,7]]: 16 pieces proved, 0 open; total runs 49, proved 27, open regions 19
15:02:53 UTC split region (bound/target 1.075) on [[0,4,7],[0,4,8],[0,5,6],[0,5,7]]: 14 pieces proved, 2 open; total runs 65, proved 41, open regions 20
15:03:05 UTC split region (bound/target 1.033) on [[0,5,8],[0,6,7],[0,6,8],[0,7,8]]: 16 pieces proved, 0 open; total runs 81, proved 57, open regions 19
15:04:46 UTC split region (bound/target 1.082) on [[0,5,8],[0,6,7],[0,6,8],[0,7,8]]: 15 pieces proved, 1 open; total runs 97, proved 72, open regions 19
15:06:38 UTC split region (bound/target 1.125) on [[0,4,7],[0,4,8],[0,5,6],[0,5,7]]: 16 pieces proved, 0 open; total runs 113, proved 88, open regions 18
15:09:08 UTC split region (bound/target 1.126) on [[0,4,7],[0,4,8],[0,5,6],[0,5,7]]: 16 pieces proved, 0 open; total runs 129, proved 104, open regions 17
15:16:58 UTC split region (bound/target 1.132) on [[5,7,8],[6,7,8],[0,4,5],[0,4,6]]: 9 pieces proved, 7 open; total runs 145, proved 113, open regions 23
15:17:57 UTC region PROVED by a 300 s run (60 s); open 22
15:18:55 UTC split region (bound/target 1.147) on [[1,4,5],[1,4,6],[1,4,7],[1,4,8]]: 16 pieces proved, 0 open; total runs 162, proved 130, open regions 21
15:21:24 UTC split region (bound/target 1.152) on [[0,4,7],[0,4,8],[0,5,6],[0,5,7]]: 15 pieces proved, 1 open; total runs 178, proved 145, open regions 21
15:22:51 UTC split region (bound/target 1.153) on [[0,5,8],[0,6,7],[0,6,8],[0,7,8]]: 15 pieces proved, 1 open; total runs 194, proved 160, open regions 21
15:23:53 UTC region PROVED by a 300 s run (61 s); open 20
15:27:04 UTC split region (bound/target 1.167) on [[5,7,8],[6,7,8],[0,4,5],[0,4,6]]: 13 pieces proved, 3 open; total runs 211, proved 174, open regions 22
15:29:36 UTC split region (bound/target 1.065) on [[0,4,7],[0,4,8],[0,5,6],[0,5,7]]: 14 pieces proved, 2 open; total runs 227, proved 188, open regions 23
15:32:21 UTC split region (bound/target 1.132) on [[0,4,7],[0,4,8],[0,5,6],[0,5,7]]: 15 pieces proved, 1 open; total runs 243, proved 203, open regions 23
15:33:26 UTC region PROVED by a 300 s run (65 s); open 22
15:36:01 UTC split region (bound/target 1.147) on [[0,5,8],[0,6,7],[0,6,8],[0,7,8]]: 14 pieces proved, 2 open; total runs 260, proved 218, open regions 23
15:38:35 UTC split region (bound/target 1.069) on [[1,4,5],[1,4,6],[1,4,7],[1,4,8]]: 15 pieces proved, 1 open; total runs 276, proved 233, open regions 23
15:39:16 UTC split region (bound/target 1.106) on [[1,5,6],[1,5,7],[1,5,8],[1,6,7]]: 16 pieces proved, 0 open; total runs 292, proved 249, open regions 22
15:44:22 UTC split region (bound/target 1.174) on [[5,7,8],[6,7,8],[0,4,5],[0,4,6]]: 13 pieces proved, 3 open; total runs 308, proved 262, open regions 24
15:47:18 UTC split region (bound/target 1.069) on [[0,4,7],[0,4,8],[0,5,6],[0,5,7]]: 14 pieces proved, 2 open; total runs 324, proved 276, open regions 25
15:48:08 UTC split region (bound/target 1.024) on [[0,5,8],[0,6,7],[0,6,8],[0,7,8]]: 16 pieces proved, 0 open; total runs 340, proved 292, open regions 24
15:49:46 UTC split region (bound/target 1.199) on [[0,4,7],[0,4,8],[0,5,6],[0,5,7]]: 15 pieces proved, 1 open; total runs 356, proved 307, open regions 24
15:50:33 UTC split region (bound/target 1.053) on [[0,5,8],[0,6,7],[0,6,8],[0,7,8]]: 16 pieces proved, 0 open; total runs 372, proved 323, open regions 23
15:51:20 UTC split region (bound/target 1.200) on [[1,4,5],[1,4,6],[1,4,7],[1,4,8]]: 16 pieces proved, 0 open; total runs 388, proved 339, open regions 22
15:52:51 UTC split region (bound/target 1.212) on [[0,4,7],[0,4,8],[0,5,6],[0,5,7]]: 15 pieces proved, 1 open; total runs 404, proved 354, open regions 22
15:53:22 UTC split region (bound/target 1.103) on [[0,5,8],[0,6,7],[0,6,8],[0,7,8]]: 16 pieces proved, 0 open; total runs 420, proved 370, open regions 21
15:56:15 UTC split region (bound/target 1.214) on [[0,4,7],[0,4,8],[0,5,6],[0,5,7]]: 14 pieces proved, 2 open; total runs 436, proved 384, open regions 22
15:56:49 UTC split region (bound/target 1.152) on [[0,5,8],[0,6,7],[0,6,8],[0,7,8]]: 16 pieces proved, 0 open; total runs 452, proved 400, open regions 21
16:00:27 UTC split region (bound/target 1.218) on [[0,5,8],[0,6,7],[0,6,8],[0,7,8]]: 14 pieces proved, 2 open; total runs 468, proved 414, open regions 22
16:02:05 UTC split region (bound/target 1.147) on [[1,4,5],[1,4,6],[1,4,7],[1,4,8]]: 16 pieces proved, 0 open; total runs 484, proved 430, open regions 21
16:04:09 UTC split region (bound/target 1.231) on [[0,4,7],[0,4,8],[0,5,6],[0,5,7]]: 16 pieces proved, 0 open; total runs 500, proved 446, open regions 20
16:06:47 UTC split region (bound/target 1.246) on [[0,4,7],[0,4,8],[0,5,6],[0,5,7]]: 15 pieces proved, 1 open; total runs 516, proved 461, open regions 20
16:08:46 UTC split region (bound/target 1.119) on [[0,5,8],[0,6,7],[0,6,8],[0,7,8]]: 15 pieces proved, 1 open; total runs 532, proved 476, open regions 20
16:10:08 UTC split region (bound/target 1.052) on [[1,4,5],[1,4,6],[1,4,7],[1,4,8]]: 16 pieces proved, 0 open; total runs 548, proved 492, open regions 19
16:11:17 UTC split region (bound/target 1.268) on [[1,4,5],[1,4,6],[1,4,7],[1,4,8]]: 16 pieces proved, 0 open; total runs 564, proved 508, open regions 18
16:14:29 UTC split region (bound/target 1.319) on [[0,4,7],[0,4,8],[0,5,6],[0,5,7]]: 14 pieces proved, 2 open; total runs 580, proved 522, open regions 19
16:15:15 UTC split region (bound/target 1.291) on [[0,5,8],[0,6,7],[0,6,8],[0,7,8]]: 16 pieces proved, 0 open; total runs 596, proved 538, open regions 18
16:17:30 UTC split region (bound/target 1.325) on [[0,5,8],[0,6,7],[0,6,8],[0,7,8]]: 14 pieces proved, 2 open; total runs 612, proved 552, open regions 19
16:18:57 UTC split region (bound/target 1.165) on [[1,4,5],[1,4,6],[1,4,7],[1,4,8]]: 16 pieces proved, 0 open; total runs 628, proved 568, open regions 18
16:21:50 UTC split region (bound/target 1.326) on [[1,4,5],[1,4,6],[1,4,7],[1,4,8]]: 15 pieces proved, 1 open; total runs 644, proved 583, open regions 18
16:24:28 UTC split region (bound/target 1.036) on [[1,5,6],[1,5,7],[1,5,8],[1,6,7]]: 14 pieces proved, 2 open; total runs 660, proved 597, open regions 19
16:25:25 UTC split region (bound/target 1.047) on [[1,6,8],[1,7,8],[2,4,5],[2,4,6]]: 16 pieces proved, 0 open; total runs 676, proved 613, open regions 18
16:26:32 UTC split region (bound/target 1.058) on [[1,6,8],[1,7,8],[2,4,5],[2,4,6]]: 16 pieces proved, 0 open; total runs 692, proved 629, open regions 17
16:31:03 UTC split region (bound/target 1.363) on [[5,7,8],[6,7,8],[0,4,5],[0,4,6]]: 12 pieces proved, 4 open; total runs 708, proved 641, open regions 20
16:33:02 UTC split region (bound/target 1.093) on [[0,4,7],[0,4,8],[0,5,6],[0,5,7]]: 15 pieces proved, 1 open; total runs 724, proved 656, open regions 20
16:33:33 UTC split region (bound/target 1.042) on [[0,5,8],[0,6,7],[0,6,8],[0,7,8]]: 16 pieces proved, 0 open; total runs 740, proved 672, open regions 19
16:36:27 UTC split region (bound/target 1.295) on [[0,4,7],[0,4,8],[0,5,6],[0,5,7]]: 14 pieces proved, 2 open; total runs 756, proved 686, open regions 20
16:37:03 UTC split region (bound/target 1.171) on [[0,5,8],[0,6,7],[0,6,8],[0,7,8]]: 16 pieces proved, 0 open; total runs 772, proved 702, open regions 19
16:38:45 UTC split region (bound/target 1.328) on [[0,5,8],[0,6,7],[0,6,8],[0,7,8]]: 15 pieces proved, 1 open; total runs 788, proved 717, open regions 19
16:40:03 UTC region PROVED by a 300 s run (78 s); open 18
16:43:57 UTC split region (bound/target 1.347) on [[0,4,7],[0,4,8],[0,5,6],[0,5,7]]: 13 pieces proved, 3 open; total runs 805, proved 731, open regions 20
16:44:52 UTC split region (bound/target 1.041) on [[0,5,8],[0,6,7],[0,6,8],[0,7,8]]: 16 pieces proved, 0 open; total runs 821, proved 747, open regions 19
16:46:56 UTC split region (bound/target 1.094) on [[0,5,8],[0,6,7],[0,6,8],[0,7,8]]: 15 pieces proved, 1 open; total runs 837, proved 762, open regions 19
16:48:02 UTC region PROVED by a 300 s run (66 s); open 18
16:50:37 UTC split region (bound/target 1.229) on [[0,5,8],[0,6,7],[0,6,8],[0,7,8]]: 14 pieces proved, 2 open; total runs 854, proved 777, open regions 19
16:51:52 UTC split region (bound/target 1.057) on [[1,4,5],[1,4,6],[1,4,7],[1,4,8]]: 16 pieces proved, 0 open; total runs 870, proved 793, open regions 18
16:54:01 UTC split region (bound/target 1.088) on [[1,4,5],[1,4,6],[1,4,7],[1,4,8]]: 16 pieces proved, 0 open; total runs 886, proved 809, open regions 17
16:57:39 UTC split region (bound/target 1.372) on [[0,5,8],[0,6,7],[0,6,8],[0,7,8]]: 15 pieces proved, 1 open; total runs 902, proved 824, open regions 17
16:58:51 UTC split region (bound/target 1.045) on [[1,4,5],[1,4,6],[1,4,7],[1,4,8]]: 16 pieces proved, 0 open; total runs 918, proved 840, open regions 16
17:02:08 UTC split region (bound/target 1.386) on [[0,4,7],[0,4,8],[0,5,6],[0,5,7]]: 13 pieces proved, 3 open; total runs 934, proved 853, open regions 18
17:04:42 UTC split region (bound/target 1.143) on [[0,5,8],[0,6,7],[0,6,8],[0,7,8]]: 14 pieces proved, 2 open; total runs 950, proved 867, open regions 19
17:05:32 UTC split region (bound/target 1.029) on [[1,4,5],[1,4,6],[1,4,7],[1,4,8]]: 16 pieces proved, 0 open; total runs 966, proved 883, open regions 18
17:07:15 UTC split region (bound/target 1.056) on [[1,4,5],[1,4,6],[1,4,7],[1,4,8]]: 15 pieces proved, 1 open; total runs 982, proved 898, open regions 18
17:07:58 UTC split region (bound/target 1.053) on [[1,5,6],[1,5,7],[1,5,8],[1,6,7]]: 16 pieces proved, 0 open; total runs 998, proved 914, open regions 17
17:10:19 UTC split region (bound/target 1.232) on [[0,5,8],[0,6,7],[0,6,8],[0,7,8]]: 14 pieces proved, 2 open; total runs 1014, proved 928, open regions 18
17:11:32 UTC split region (bound/target 1.078) on [[1,4,5],[1,4,6],[1,4,7],[1,4,8]]: 16 pieces proved, 0 open; total runs 1030, proved 944, open regions 17
17:13:32 UTC split region (bound/target 1.207) on [[1,4,5],[1,4,6],[1,4,7],[1,4,8]]: 16 pieces proved, 0 open; total runs 1046, proved 960, open regions 16
17:15:43 UTC split region (bound/target 1.326) on [[0,5,8],[0,6,7],[0,6,8],[0,7,8]]: 15 pieces proved, 1 open; total runs 1062, proved 975, open regions 16
17:18:55 UTC split region (bound/target 1.153) on [[1,4,5],[1,4,6],[1,4,7],[1,4,8]]: 15 pieces proved, 1 open; total runs 1078, proved 990, open regions 16
17:20:14 UTC split region (bound/target 1.068) on [[1,5,6],[1,5,7],[1,5,8],[1,6,7]]: 16 pieces proved, 0 open; total runs 1094, proved 1006, open regions 15
17:23:29 UTC split region (bound/target 1.431) on [[0,4,7],[0,4,8],[0,5,6],[0,5,7]]: 13 pieces proved, 3 open; total runs 1110, proved 1019, open regions 17
17:25:48 UTC split region (bound/target 1.253) on [[0,5,8],[0,6,7],[0,6,8],[0,7,8]]: 15 pieces proved, 1 open; total runs 1126, proved 1034, open regions 17
17:27:24 UTC split region (bound/target 1.051) on [[1,4,5],[1,4,6],[1,4,7],[1,4,8]]: 16 pieces proved, 0 open; total runs 1142, proved 1050, open regions 16
17:29:18 UTC split region (bound/target 1.258) on [[0,5,8],[0,6,7],[0,6,8],[0,7,8]]: 15 pieces proved, 1 open; total runs 1158, proved 1065, open regions 16
17:31:41 UTC split region (bound/target 1.021) on [[1,4,5],[1,4,6],[1,4,7],[1,4,8]]: 16 pieces proved, 0 open; total runs 1174, proved 1081, open regions 15
17:34:03 UTC split region (bound/target 1.287) on [[0,5,8],[0,6,7],[0,6,8],[0,7,8]]: 15 pieces proved, 1 open; total runs 1190, proved 1096, open regions 15
17:35:50 UTC split region (bound/target 1.171) on [[1,4,5],[1,4,6],[1,4,7],[1,4,8]]: 16 pieces proved, 0 open; total runs 1206, proved 1112, open regions 14
17:42:03 UTC split region (bound/target 1.435) on [[5,7,8],[6,7,8],[0,4,5],[0,4,6]]: 11 pieces proved, 5 open; total runs 1222, proved 1123, open regions 18
17:44:01 UTC split region (bound/target 1.021) on [[0,4,7],[0,4,8],[0,5,6],[0,5,7]]: 16 pieces proved, 0 open; total runs 1238, proved 1139, open regions 17
17:46:14 UTC split region (bound/target 1.121) on [[0,4,7],[0,4,8],[0,5,6],[0,5,7]]: 16 pieces proved, 0 open; total runs 1254, proved 1155, open regions 16
17:49:43 UTC split region (bound/target 1.366) on [[0,4,7],[0,4,8],[0,5,6],[0,5,7]]: 13 pieces proved, 3 open; total runs 1270, proved 1168, open regions 18
17:51:05 UTC split region (bound/target 1.128) on [[0,5,8],[0,6,7],[0,6,8],[0,7,8]]: 15 pieces proved, 1 open; total runs 1286, proved 1183, open regions 18
17:52:06 UTC region PROVED by a 300 s run (61 s); open 17
17:55:06 UTC split region (bound/target 1.285) on [[0,5,8],[0,6,7],[0,6,8],[0,7,8]]: 15 pieces proved, 1 open; total runs 1303, proved 1199, open regions 17
17:56:54 UTC split region (bound/target 1.046) on [[1,4,5],[1,4,6],[1,4,7],[1,4,8]]: 16 pieces proved, 0 open; total runs 1319, proved 1215, open regions 16
17:59:12 UTC split region (bound/target 1.289) on [[0,5,8],[0,6,7],[0,6,8],[0,7,8]]: 14 pieces proved, 2 open; total runs 1335, proved 1229, open regions 17
18:00:41 UTC split region (bound/target 1.146) on [[1,4,5],[1,4,6],[1,4,7],[1,4,8]]: 16 pieces proved, 0 open; total runs 1351, proved 1245, open regions 16
18:01:37 UTC split region (bound/target 1.302) on [[1,4,5],[1,4,6],[1,4,7],[1,4,8]]: 16 pieces proved, 0 open; total runs 1367, proved 1261, open regions 15
18:05:47 UTC split region (bound/target 1.374) on [[0,4,7],[0,4,8],[0,5,6],[0,5,7]]: 12 pieces proved, 4 open; total runs 1383, proved 1273, open regions 18
18:08:23 UTC split region (bound/target 1.196) on [[0,5,8],[0,6,7],[0,6,8],[0,7,8]]: 15 pieces proved, 1 open; total runs 1399, proved 1288, open regions 18
18:09:35 UTC split region (bound/target 1.070) on [[1,4,5],[1,4,6],[1,4,7],[1,4,8]]: 16 pieces proved, 0 open; total runs 1415, proved 1304, open regions 17
18:11:53 UTC split region (bound/target 1.221) on [[0,5,8],[0,6,7],[0,6,8],[0,7,8]]: 15 pieces proved, 1 open; total runs 1431, proved 1319, open regions 17
18:13:04 UTC split region (bound/target 1.150) on [[1,4,5],[1,4,6],[1,4,7],[1,4,8]]: 16 pieces proved, 0 open; total runs 1447, proved 1335, open regions 16
18:14:32 UTC split region (bound/target 1.227) on [[0,5,8],[0,6,7],[0,6,8],[0,7,8]]: 15 pieces proved, 1 open; total runs 1463, proved 1350, open regions 16
18:16:07 UTC split region (bound/target 1.053) on [[1,4,5],[1,4,6],[1,4,7],[1,4,8]]: 15 pieces proved, 1 open; total runs 1479, proved 1365, open regions 16
18:17:23 UTC split region (bound/target 1.087) on [[1,5,6],[1,5,7],[1,5,8],[1,6,7]]: 16 pieces proved, 0 open; total runs 1495, proved 1381, open regions 15
18:19:27 UTC split region (bound/target 1.241) on [[0,5,8],[0,6,7],[0,6,8],[0,7,8]]: 15 pieces proved, 1 open; total runs 1511, proved 1396, open regions 15
18:21:50 UTC split region (bound/target 1.204) on [[1,4,5],[1,4,6],[1,4,7],[1,4,8]]: 15 pieces proved, 1 open; total runs 1527, proved 1411, open regions 15
18:23:02 UTC split region (bound/target 1.061) on [[1,5,6],[1,5,7],[1,5,8],[1,6,7]]: 16 pieces proved, 0 open; total runs 1543, proved 1427, open regions 14
18:27:54 UTC split region (bound/target 1.447) on [[5,7,8],[6,7,8],[0,4,5],[0,4,6]]: 14 pieces proved, 2 open; total runs 1559, proved 1441, open regions 15
18:30:25 UTC split region (bound/target 1.055) on [[0,4,7],[0,4,8],[0,5,6],[0,5,7]]: 15 pieces proved, 1 open; total runs 1575, proved 1456, open regions 15
18:30:56 UTC split region (bound/target 1.048) on [[0,5,8],[0,6,7],[0,6,8],[0,7,8]]: 16 pieces proved, 0 open; total runs 1591, proved 1472, open regions 14
18:32:03 UTC split region (bound/target 1.108) on [[0,4,7],[0,4,8],[0,5,6],[0,5,7]]: 16 pieces proved, 0 open; total runs 1607, proved 1488, open regions 13
18:32:50 UTC STOP file or time limit reached mid-region; it will be redone on resume (finished pieces are reused)
