Set parameter NodefileStart to value 6
Read parameters from file gurobi.env
Restricted license - for non-production use only - expires 2027-11-29
Set parameter OutputFlag to value 1
Set parameter Threads to value 4
Set parameter TimeLimit to value 360
Set parameter MIPGap to value 5e-05
Set parameter MIPFocus to value 2
Set parameter NonConvex to value 2
Set parameter BestBdStop to value 2.7426211734693878e-02
Gurobi Optimizer version 13.0.3 build v13.0.3rc0 (linux64 - "Ubuntu 24.04.5 LTS")

CPU model: Intel(R) Xeon(R) Platinum 8370C CPU @ 2.80GHz, instruction set [SSE2|AVX|AVX2|AVX512]
Thread count: 2 physical cores, 4 logical processors, using up to 4 threads

Non-default parameters:
TimeLimit  360
BestBdStop  2.7426211734693878e-02
MIPGap  5e-05
MIPFocus  2
NodefileStart  6
NonConvex  2
Threads  4

Optimize a model with 141 rows, 111 columns and 810 nonzeros (Max)
Model fingerprint: 0x76653fa3
Model has 1 linear objective coefficients
Model has 50 quadratic constraints
Variable types: 65 continuous, 46 integer (46 binary)
Coefficient statistics:
  Matrix range     [5e-01, 1e+00]
  QMatrix range    [1e+00, 1e+00]
  QLMatrix range   [1e+00, 1e+00]
  Objective range  [1e+00, 1e+00]
  Bounds range     [5e-01, 1e+00]
  RHS range        [1e+00, 1e+00]

Found heuristic solution: objective -0.0000000
Presolve time: 0.00s
Presolved: 341 rows, 112 columns, 1210 nonzeros
Presolved model has 50 bilinear constraint(s)

Solving non-convex MIQCP to global optimality

Variable types: 66 continuous, 46 integer (46 binary)
Root relaxation presolve removed 50 rows and 1 columns
Root relaxation presolved: 291 rows, 111 columns, 1160 nonzeros


Root relaxation: objective 1.250000e-01, 97 iterations, 0.00 seconds (0.00 work units)

    Nodes    |    Current Node    |     Objective Bounds      |     Work
 Expl Unexpl |  Obj  Depth IntInf | Incumbent    BestBd   Gap | It/Node Time

     0     0    0.12500    0   51   -0.00000    0.12500      -     -    0s
     0     0    0.10000    0   61   -0.00000    0.10000      -     -    0s
     0     0    0.10000    0   50   -0.00000    0.10000      -     -    0s
     0     0    0.09091    0   65   -0.00000    0.09091      -     -    0s
     0     0    0.09091    0   50   -0.00000    0.09091      -     -    0s
     0     0    0.08333    0   62   -0.00000    0.08333      -     -    0s
     0     0    0.08333    0   62   -0.00000    0.08333      -     -    0s
     0     0    0.08333    0   56   -0.00000    0.08333      -     -    0s
     0     0    0.08333    0   46   -0.00000    0.08333      -     -    0s
     0     0    0.08333    0   46   -0.00000    0.08333      -     -    0s
     0     0    0.08333    0   46   -0.00000    0.08333      -     -    0s
     0     0    0.08333    0   46   -0.00000    0.08333      -     -    0s
     0     2    0.08333    0   46   -0.00000    0.08333      -     -    0s
*  682   664             104       0.0000000    0.08333      -  20.5    1s
*  861   821              92       0.0000000    0.08333      -  20.4    1s
H  923   823                       0.0000001    0.08333      -  20.7    1s
H 1034   880                       0.0000005    0.08333      -  21.7    1s
H 1220   942                       0.0000006    0.07064      -  24.3    3s
* 2015  1400             125       0.0000007    0.07064      -  19.6    3s
* 2016  1355             126       0.0000008    0.07064      -  19.6    3s
* 2018  1314             124       0.0000010    0.07064      -  19.6    3s
* 2075  1241             129       0.0000013    0.07064      -  19.5    3s
* 2076  1204             129       0.0000013    0.07064      -  19.5    3s
* 2077  1167             129       0.0000014    0.07064      -  19.5    3s
* 2082  1126             129       0.0000015    0.07064      -  19.5    3s
H 2273  1205                       0.0000063    0.07064      -  20.7    3s
H 2359  1207                       0.0000063    0.07064      -  21.0    3s
H 2773  1368                       0.0000082    0.07064      -  24.6    3s
H 3841  1700                       0.0007509    0.07064  9308%  27.0    3s
H 4600  2222                       0.0007510    0.07064  9307%  28.6    4s
H 5583  2900                       0.0007510    0.07064  9306%  28.9    4s
H 6503  3507                       0.0009244    0.07064  7542%  31.1    4s
  7290  3972    0.01944   29   50    0.00092    0.07064  7542%  32.1    5s
H 7524  4050                       0.0009270    0.07064  7521%  32.2    5s
H 8662  4531                       0.0014777    0.06974  4619%  33.2    6s
H 8994  4721                       0.0014778    0.06967  4615%  33.3    6s
H10890  6164                       0.0015975    0.06820  4169%  34.2    7s
H12009  5725                       0.0034108    0.06762  1883%  34.8    7s
H13873  6912                       0.0034110    0.06673  1856%  35.2    8s
H18856  9569                       0.0034181    0.06456  1789%  36.0    9s
 18857  9772    0.00417   41   51    0.00342    0.06455  1789%  36.0   10s
H20516 10580                       0.0034181    0.06381  1767%  36.2   11s
H23893 12235                       0.0034400    0.06245  1715%  36.8   13s
H23894 12198                       0.0034731    0.06245  1698%  36.8   13s
H24436 12613                       0.0034831    0.06235  1690%  36.8   14s
H24754 12779                       0.0034831    0.06233  1689%  36.9   14s
H25174 12804                       0.0036634    0.06232  1601%  37.0   14s
H26360 13275                       0.0036637    0.06197  1592%  37.2   14s
H26937 13745                       0.0037036    0.06182  1569%  37.2   14s
 28122 14446    0.02334   38   54    0.00370    0.06143  1559%  37.6   15s
H31843 15456                       0.0043139    0.06057  1304%  37.6   16s
H33751 16391                       0.0043693    0.06010  1276%  37.5   16s
H36222 17680                       0.0043694    0.05969  1266%  37.5   18s
H39034 19108                       0.0043694    0.05919  1255%  37.7   19s
H39369 16639                       0.0071965    0.05918   722%  37.7   19s
 40710 17579    0.00907   44   51    0.00720    0.05880   717%  37.9   20s
H42565 18406                       0.0071967    0.05853   713%  38.1   20s
H47017 20393                       0.0072705    0.05763   693%  38.5   22s
H47021 20285                       0.0073786    0.05763   681%  38.5   22s
 54059 23692    0.04244   32   53    0.00738    0.05625   662%  39.0   25s
H59867 26342                       0.0074349    0.05547   646%  39.5   28s
H61304 27113                       0.0074504    0.05539   644%  39.6   29s
H62694 27861                       0.0074506    0.05533   643%  39.6   29s
 63050 27988     cutoff   45         0.00745    0.05529   642%  39.6   30s
*66515 21243              86       0.0145365    0.05488   278%  39.6   31s
*66546 20697              95       0.0150951    0.05488   264%  39.6   31s
H66844 18229                       0.0178408    0.05487   208%  39.6   31s
H67243 18352                       0.0178408    0.05481   207%  39.6   31s
 77328 21158    0.03326   30   60    0.01784    0.05334   199%  39.8   35s
 89471 24396    0.02174   29   53    0.01784    0.05187   191%  40.2   40s
 102550 27708    0.01942   36   50    0.01784    0.05064   184%  40.5   45s
H105138 28261                       0.0178408    0.05044   183%  40.5   46s
H110867 29725                       0.0178408    0.05002   180%  40.6   48s
 115259 30914     cutoff   37         0.01784    0.04968   178%  40.6   50s
 127208 33588    0.03041   36   58    0.01784    0.04882   174%  40.8   55s
 139391 36160     cutoff   37         0.01784    0.04797   169%  40.9   60s
 151086 38076    0.03048   32   58    0.01784    0.04724   165%  41.0   65s
 162329 40219    0.02270   37   56    0.01784    0.04662   161%  41.0   70s
 175959 42414     cutoff   40         0.01784    0.04585   157%  41.0   75s
 191574 45061 infeasible   36         0.01784    0.04511   153%  41.0   80s
 204007 47171    0.02518   33   56    0.01784    0.04452   150%  41.0   85s
 216987 49241    0.01960   34   54    0.01784    0.04391   146%  41.1   90s
 230570 51132    0.02301   31   53    0.01784    0.04333   143%  41.1   95s
 244391 52958    0.01961   34   62    0.01784    0.04277   140%  41.0  100s
 256755 54694    0.02830   28   50    0.01784    0.04228   137%  41.0  105s
 270977 56399    0.01839   38   55    0.01784    0.04178   134%  41.0  110s
 284242 58100    0.01995   34   51    0.01784    0.04128   131%  41.0  115s
 298667 59824     cutoff   39         0.01784    0.04085   129%  40.9  120s
 308502 60776     cutoff   35         0.01784    0.04052   127%  40.9  125s
 322684 62508     cutoff   36         0.01784    0.04008   125%  40.8  130s
 336702 63955    0.02889   32   56    0.01784    0.03965   122%  40.8  135s
 350107 65371    0.01797   35   57    0.01784    0.03928   120%  40.8  140s
 359449 66207     cutoff   41         0.01784    0.03901   119%  40.7  145s
 374426 67618 infeasible   34         0.01784    0.03863   117%  40.7  150s
 388006 68839    0.03504   33   45    0.01784    0.03825   114%  40.6  155s
 402348 70196    0.02389   33   54    0.01784    0.03792   113%  40.6  160s
 416018 71287     cutoff   37         0.01784    0.03756   111%  40.5  165s
 430708 72579    0.02232   37   55    0.01784    0.03720   109%  40.5  170s
 444699 73792    0.01972   45   52    0.01784    0.03688   107%  40.4  175s
 458037 74772     cutoff   35         0.01784    0.03659   105%  40.4  180s
 469396 75564    0.01903   35   52    0.01784    0.03634   104%  40.3  185s
H469431 72305                       0.0186643    0.03634  94.7%  40.3  185s
H470784 70447                       0.0191321    0.03631  89.8%  40.3  186s
H471820 69794                       0.0193109    0.03629  87.9%  40.3  186s
H473056 69391                       0.0194275    0.03626  86.6%  40.3  187s
H473061 68812                       0.0195728    0.03626  85.2%  40.3  187s
 477358 69013     cutoff   40         0.01957    0.03615  84.7%  40.3  190s
 491648 69682    0.03527   33   53    0.01957    0.03581  83.0%  40.2  195s
 505524 70344     cutoff   42         0.01957    0.03549  81.3%  40.2  200s
 517811 70557     cutoff   38         0.01957    0.03519  79.8%  40.1  205s
 530743 70833    0.02447   32   57    0.01957    0.03491  78.3%  40.1  210s
 545206 71217    0.02752   32   49    0.01957    0.03460  76.8%  40.0  215s
 559510 71352 infeasible   43         0.01957    0.03429  75.2%  39.9  220s
 574264 71418    0.02017   37   51    0.01957    0.03397  73.5%  39.8  225s
 584223 71456     cutoff   34         0.01957    0.03376  72.5%  39.8  230s
 598786 71743    0.02390   33   45    0.01957    0.03347  71.0%  39.7  235s
 613632 71796    0.02546   38   50    0.01957    0.03317  69.5%  39.6  240s
 628327 71657    0.02641   35   54    0.01957    0.03288  68.0%  39.5  245s
 640674 71470     cutoff   38         0.01957    0.03264  66.8%  39.4  250s
 656305 71337    0.02014   37   43    0.01957    0.03234  65.2%  39.3  255s
 671466 71165     cutoff   45         0.01957    0.03207  63.9%  39.3  260s
 685760 71017     cutoff   34         0.01957    0.03184  62.7%  39.2  265s
 701147 70687    0.03122   35   53    0.01957    0.03155  61.2%  39.1  270s
 713702 70283    0.02041   36   52    0.01957    0.03132  60.0%  39.0  275s
 728437 69953    0.02114   38   54    0.01957    0.03106  58.7%  39.0  280s
 742563 69501     cutoff   33         0.01957    0.03080  57.4%  38.9  285s
 755293 69216     cutoff   32         0.01957    0.03058  56.2%  38.8  290s
 769606 68609     cutoff   35         0.01957    0.03034  55.0%  38.7  295s
 784523 68042    0.02194   36   62    0.01957    0.03009  53.8%  38.7  300s
 799338 67456     cutoff   34         0.01957    0.02982  52.4%  38.6  305s
 813734 66787    0.02864   32   45    0.01957    0.02958  51.1%  38.5  310s
 825636 66202    0.01983   44   53    0.01957    0.02938  50.1%  38.4  315s
 841627 65347    0.02869   33   55    0.01957    0.02911  48.7%  38.4  320s
 857607 64267    0.02208   42   49    0.01957    0.02882  47.3%  38.3  325s
 872158 63358     cutoff   37         0.01957    0.02857  46.0%  38.2  330s
 882391 62948    0.02064   41   50    0.01957    0.02840  45.1%  38.1  335s
 899198 61824     cutoff   38         0.01957    0.02810  43.6%  38.0  340s
 915365 61245    0.02574   32   53    0.01957    0.02784  42.3%  37.9  345s
 930936 60255     cutoff   34         0.01957    0.02757  40.9%  37.8  350s

Cutting planes:
  Gomory: 15
  Implied bound: 15
  MIR: 11
  Flow cover: 38
  RLT: 124
  Relax-and-lift: 7
  BQP: 18

Explored 939597 nodes (35444909 simplex iterations) in 352.47 seconds (299.81 work units)
Thread count was 4 (of 4 available processors)

Solution count 10: 0.0195728 0.0194275 0.0193109 ... 0.00745042

Optimization achieved user objective limit
Best objective 1.957277605262e-02, best bound 2.742591503070e-02, gap 40.1228%
{"verdict": "PROVED", "status": "BOUND_REACHED", "runtime": 352.4686961174011, "objval": 0.01957277605262464, "objbound": 0.027425915030700364, "binaries": 46}
