Set parameter NodefileStart to value 6
Read parameters from file gurobi.env
Restricted license - for non-production use only - expires 2027-11-29
Set parameter OutputFlag to value 1
Set parameter Threads to value 4
Set parameter TimeLimit to value 360
Set parameter MIPGap to value 5e-05
Set parameter MIPFocus to value 2
Set parameter NonConvex to value 2
Set parameter BestBdStop to value 2.7426211734693878e-02
Gurobi Optimizer version 13.0.3 build v13.0.3rc0 (linux64 - "Ubuntu 24.04.5 LTS")

CPU model: AMD EPYC 7763 64-Core Processor, instruction set [SSE2|AVX|AVX2]
Thread count: 2 physical cores, 4 logical processors, using up to 4 threads

Non-default parameters:
TimeLimit  360
BestBdStop  2.7426211734693878e-02
MIPGap  5e-05
MIPFocus  2
NodefileStart  6
NonConvex  2
Threads  4

Optimize a model with 141 rows, 111 columns and 810 nonzeros (Max)
Model fingerprint: 0x1acebc79
Model has 1 linear objective coefficients
Model has 50 quadratic constraints
Variable types: 65 continuous, 46 integer (46 binary)
Coefficient statistics:
  Matrix range     [5e-01, 1e+00]
  QMatrix range    [1e+00, 1e+00]
  QLMatrix range   [1e+00, 1e+00]
  Objective range  [1e+00, 1e+00]
  Bounds range     [5e-01, 1e+00]
  RHS range        [1e+00, 1e+00]

Found heuristic solution: objective -0.0000000
Presolve time: 0.00s
Presolved: 341 rows, 112 columns, 1210 nonzeros
Presolved model has 50 bilinear constraint(s)

Solving non-convex MIQCP to global optimality

Variable types: 66 continuous, 46 integer (46 binary)
Found heuristic solution: objective 0.0000000
Root relaxation presolve removed 50 rows and 1 columns
Root relaxation presolved: 291 rows, 111 columns, 1160 nonzeros


Root relaxation: objective 8.333333e-02, 109 iterations, 0.00 seconds (0.00 work units)

    Nodes    |    Current Node    |     Objective Bounds      |     Work
 Expl Unexpl |  Obj  Depth IntInf | Incumbent    BestBd   Gap | It/Node Time

     0     0    0.08333    0   50    0.00000    0.08333      -     -    0s
     0     0    0.07407    0   67    0.00000    0.07407      -     -    0s
     0     0    0.06250    0   72    0.00000    0.06250      -     -    0s
     0     0    0.06250    0   66    0.00000    0.06250      -     -    0s
     0     0    0.05556    0   63    0.00000    0.05556      -     -    0s
     0     0    0.05556    0   64    0.00000    0.05556      -     -    0s
     0     0    0.05556    0   66    0.00000    0.05556      -     -    0s
     0     0    0.05556    0   65    0.00000    0.05556      -     -    0s
     0     0    0.05556    0   59    0.00000    0.05556      -     -    0s
     0     0    0.05556    0   58    0.00000    0.05556      -     -    0s
     0     0    0.05556    0   58    0.00000    0.05556      -     -    0s
     0     0    0.05556    0   58    0.00000    0.05556      -     -    0s
     0     0    0.05556    0   58    0.00000    0.05556      -     -    0s
     0     0    0.05556    0   62    0.00000    0.05556      -     -    0s
     0     0    0.05556    0   50    0.00000    0.05556      -     -    0s
     0     0    0.05556    0   54    0.00000    0.05556      -     -    0s
     0     0    0.05556    0   54    0.00000    0.05556      -     -    0s
     0     0    0.05556    0   54    0.00000    0.05556      -     -    0s
     0     2    0.05556    0   54    0.00000    0.05556      -     -    0s
H  245   254                       0.0000001    0.05556      -  30.9    0s
H  313   296                       0.0000003    0.05556      -  30.9    0s
H 1006   832                       0.0000003    0.05556      -  27.4    0s
H 1149   935                       0.0000004    0.05556      -  28.2    0s
H 1234   946                       0.0000004    0.05556      -  27.9    1s
H 3305  2015                       0.0000006    0.04682      -  27.6    2s
 12578  9326    0.00599   43   55    0.00000    0.03963      -  26.4    5s
 32796 23750    0.00902   44   53    0.00000    0.03683      -  25.8   10s
 51351 35894    0.01461   34   56    0.00000    0.03551      -  26.1   15s
 71359 49443    0.02023   33   56    0.00000    0.03455      -  27.1   20s
 92973 63845    0.00017   60   51    0.00000    0.03395      -  26.6   25s
 113207 77174    0.00000   79   35    0.00000    0.03355      -  26.7   30s
H120409 80651                       0.0000007    0.03347      -  26.8   31s
 130877 87703    0.01231   45   52    0.00000    0.03330      -  26.8   35s
 151251 101265    0.01076   41   50    0.00000    0.03301      -  27.0   40s
 167365 111900    0.00003   77   44    0.00000    0.03280      -  27.2   45s
 189480 126367    0.00011   60   37    0.00000    0.03248      -  27.1   50s
 209535 139593    0.00804   40   50    0.00000    0.03222      -  27.1   55s
 229194 152354    0.00293   57   52    0.00000    0.03204      -  27.3   60s
 249435 164951     cutoff   87         0.00000    0.03190      -  27.2   65s
 269768 177885    0.01611   33   56    0.00000    0.03173      -  27.4   70s
 289673 191283    0.00062   58   50    0.00000    0.03159      -  27.4   75s
 309129 204459    0.01617   30   50    0.00000    0.03149      -  27.5   80s
 329086 216995    0.00416   52   50    0.00000    0.03136      -  27.5   85s
 345785 227808     cutoff   54         0.00000    0.03126      -  27.5   90s
 367139 241712    0.02520   39   54    0.00000    0.03114      -  27.5   95s
 385962 254339    0.00003   75   50    0.00000    0.03104      -  27.5  100s
 406968 267857    0.00241   48   43    0.00000    0.03093      -  27.5  105s
 427234 280950    0.00016   64   43    0.00000    0.03081      -  27.5  110s
 445692 292990     cutoff   76         0.00000    0.03071      -  27.5  115s
 464193 304616    0.00009   62   50    0.00000    0.03062      -  27.5  120s
 481017 315707    0.00000   87   38    0.00000    0.03056      -  27.6  125s
 501377 328912    0.00698   42   50    0.00000    0.03047      -  27.5  130s
 520901 341802    0.00515   51   51    0.00000    0.03038      -  27.6  135s
 540175 354730    0.00541   42   51    0.00000    0.03031      -  27.6  140s
 559268 366935     cutoff   91         0.00000    0.03023      -  27.7  145s
 578298 379571     cutoff   68         0.00000    0.03015      -  27.7  150s
 597063 391902    0.01685   37   50    0.00000    0.03007      -  27.6  155s
 610283 400696    0.00000   70   19    0.00000    0.03004      -  27.6  160s
 628629 412381     cutoff   79         0.00000    0.02997      -  27.7  165s
 647917 424732    0.01999   39   50    0.00000    0.02990      -  27.6  170s
 666829 436926    0.02566   40   50    0.00000    0.02984      -  27.7  175s
 688720 451262    0.00291   37   48    0.00000    0.02976      -  27.7  180s
 709305 464902    0.00027   58   50    0.00000    0.02970      -  27.7  185s
 727884 477067    0.00044   49   50    0.00000    0.02964      -  27.7  190s
 747579 489606    0.00095   51   50    0.00000    0.02957      -  27.7  195s
 769227 502965    0.00466   37   45    0.00000    0.02950      -  27.7  200s
 789343 515853    0.02798   43   54    0.00000    0.02944      -  27.7  205s
 804364 525636     cutoff   46         0.00000    0.02941      -  27.7  210s
 823066 537900    0.01079   45   50    0.00000    0.02936      -  27.7  215s
 841712 550261    0.00337   50   51    0.00000    0.02932      -  27.7  220s
 861714 563158    0.01582   36   51    0.00000    0.02927      -  27.7  225s
 880480 575833    0.00962   49   50    0.00000    0.02923      -  27.8  230s
 900066 588723     cutoff   51         0.00000    0.02918      -  27.8  235s
 919213 600713    0.00004   51   43    0.00000    0.02913      -  27.8  240s
 936421 611699    0.00073   43   44    0.00000    0.02908      -  27.8  245s
 953914 623314    0.02234   36   50    0.00000    0.02905      -  27.8  250s
 968054 632456    0.00096   47   50    0.00000    0.02901      -  27.8  255s
 988025 645359    0.00134   48   50    0.00000    0.02897      -  27.8  260s
 1008303 658807    0.00000   55   30    0.00000    0.02892      -  27.8  265s
 1027441 671375    0.00006   69   50    0.00000    0.02888      -  27.8  270s
 1047022 684740    0.00004   71   54    0.00000    0.02885      -  27.8  275s
 1068716 699342    0.01003   41   50    0.00000    0.02882      -  27.8  280s
 1088276 711415 infeasible   60         0.00000    0.02878      -  27.7  285s
 1109542 725359    0.00245   37   53    0.00000    0.02873      -  27.7  290s
 1125860 735878     cutoff   97         0.00000    0.02870      -  27.7  295s
 1146727 749507    0.00007   64   50    0.00000    0.02866      -  27.7  300s
 1167033 762944    0.00148   58   37    0.00000    0.02862      -  27.7  305s
 1186787 775909    0.00265   48   50    0.00000    0.02858      -  27.7  310s
 1207035 789490    0.00099   51   50    0.00000    0.02854      -  27.7  315s
 1226637 802094    0.00000   61   39    0.00000    0.02851      -  27.7  320s
 1246204 815011    0.01897   42   51    0.00000    0.02848      -  27.7  325s
 1263762 826074    0.00164   47   52    0.00000    0.02844      -  27.7  330s
 1280864 837485    0.01432   39   52    0.00000    0.02842      -  27.7  335s
 1301409 850876    0.00000   71   48    0.00000    0.02839      -  27.7  340s
 1320054 863092    0.00089   62   51    0.00000    0.02836      -  27.7  345s
 1339960 875951    0.00004   68   43    0.00000    0.02833      -  27.7  350s
 1359211 888594    0.00011   69   50    0.00000    0.02831      -  27.7  355s
 1379845 901558    0.00996   44   51    0.00000    0.02827      -  27.7  360s

Cutting planes:
  Gomory: 14
  Implied bound: 11
  MIR: 3
  Flow cover: 18
  RLT: 110
  Relax-and-lift: 9
  BQP: 20

Explored 1379874 nodes (38268672 simplex iterations) in 360.00 seconds (353.45 work units)
Thread count was 4 (of 4 available processors)

Solution count 7: 6.90132e-07 5.55583e-07 3.59318e-07 ... -0

Time limit reached
Best objective 6.901322892050e-07, best bound 2.827198868772e-02, gap -
{"verdict": "UNRESOLVED", "status": "TIME_LIMIT", "runtime": 360.0017750263214, "objval": 6.901322892050034e-07, "objbound": 0.02827198868771996, "binaries": 46}
