Set parameter NodefileStart to value 6
Read parameters from file gurobi.env
Restricted license - for non-production use only - expires 2027-11-29
Set parameter OutputFlag to value 1
Set parameter Threads to value 4
Set parameter TimeLimit to value 360
Set parameter MIPGap to value 5e-05
Set parameter MIPFocus to value 2
Set parameter NonConvex to value 2
Set parameter BestBdStop to value 2.7426211734693878e-02
Gurobi Optimizer version 13.0.3 build v13.0.3rc0 (linux64 - "Ubuntu 24.04.5 LTS")

CPU model: AMD EPYC 9V45 96-Core Processor, instruction set [SSE2|AVX|AVX2|AVX512]
Thread count: 2 physical cores, 4 logical processors, using up to 4 threads

Non-default parameters:
TimeLimit  360
BestBdStop  2.7426211734693878e-02
MIPGap  5e-05
MIPFocus  2
NodefileStart  6
NonConvex  2
Threads  4

Optimize a model with 149 rows, 119 columns and 871 nonzeros (Max)
Model fingerprint: 0xb22067bb
Model has 1 linear objective coefficients
Model has 50 quadratic constraints
Variable types: 65 continuous, 54 integer (54 binary)
Coefficient statistics:
  Matrix range     [5e-01, 1e+00]
  QMatrix range    [1e+00, 1e+00]
  QLMatrix range   [1e+00, 1e+00]
  Objective range  [1e+00, 1e+00]
  Bounds range     [5e-01, 1e+00]
  RHS range        [1e+00, 1e+00]

Found heuristic solution: objective -0.0000000
Presolve time: 0.00s
Presolved: 349 rows, 120 columns, 1271 nonzeros
Presolved model has 50 bilinear constraint(s)

Solving non-convex MIQCP to global optimality

Variable types: 66 continuous, 54 integer (54 binary)
Found heuristic solution: objective 0.0000000
Root relaxation presolve removed 50 rows and 1 columns
Root relaxation presolved: 299 rows, 119 columns, 1221 nonzeros


Root relaxation: objective 1.250000e-01, 105 iterations, 0.00 seconds (0.00 work units)

    Nodes    |    Current Node    |     Objective Bounds      |     Work
 Expl Unexpl |  Obj  Depth IntInf | Incumbent    BestBd   Gap | It/Node Time

     0     0    0.12500    0   67    0.00000    0.12500      -     -    0s
     0     0    0.10000    0   63    0.00000    0.10000      -     -    0s
     0     0    0.10000    0   59    0.00000    0.10000      -     -    0s
     0     0    0.10000    0   59    0.00000    0.10000      -     -    0s
     0     0    0.10000    0   61    0.00000    0.10000      -     -    0s
     0     0    0.10000    0   43    0.00000    0.10000      -     -    0s
     0     0    0.10000    0   47    0.00000    0.10000      -     -    0s
     0     0    0.10000    0   43    0.00000    0.10000      -     -    0s
     0     0    0.10000    0   43    0.00000    0.10000      -     -    0s
     0     2    0.10000    0   43    0.00000    0.10000      -     -    0s
H  111   116                       0.0000001    0.07637      -  23.2    0s
H  517   430                       0.0000001    0.07601      -  19.2    0s
H  863   700                       0.0000002    0.07601      -  20.9    0s
H 1107   907                       0.0000004    0.07601      -  23.5    0s
H 1110   863                       0.0000006    0.04763      -  23.4    0s

Cutting planes:
  Gomory: 29
  Flow cover: 2
  RLT: 10
  BQP: 11

Explored 1927 nodes (45283 simplex iterations) in 0.94 seconds (1.01 work units)
Thread count was 4 (of 4 available processors)

Solution count 6: 5.67652e-07 4.09358e-07 2.11127e-07 ... -0

Optimization achieved user objective limit
Best objective 5.676519658770e-07, best bound 2.675794544970e-02, gap -
{"verdict": "PROVED", "status": "BOUND_REACHED", "runtime": 0.9370660781860352, "objval": 5.676519658770476e-07, "objbound": 0.026757945449695786, "binaries": 54}
