Set parameter NodefileStart to value 6
Read parameters from file gurobi.env
Restricted license - for non-production use only - expires 2027-11-29
Set parameter OutputFlag to value 1
Set parameter Threads to value 4
Set parameter TimeLimit to value 360
Set parameter MIPGap to value 5e-05
Set parameter MIPFocus to value 2
Set parameter NonConvex to value 2
Set parameter BestBdStop to value 2.7426211734693878e-02
Gurobi Optimizer version 13.0.3 build v13.0.3rc0 (linux64 - "Ubuntu 24.04.5 LTS")

CPU model: AMD EPYC 9V74 80-Core Processor, instruction set [SSE2|AVX|AVX2]
Thread count: 2 physical cores, 4 logical processors, using up to 4 threads

Non-default parameters:
TimeLimit  360
BestBdStop  2.7426211734693878e-02
MIPGap  5e-05
MIPFocus  2
NodefileStart  6
NonConvex  2
Threads  4

Optimize a model with 141 rows, 111 columns and 810 nonzeros (Max)
Model fingerprint: 0xd1eb50c4
Model has 1 linear objective coefficients
Model has 50 quadratic constraints
Variable types: 65 continuous, 46 integer (46 binary)
Coefficient statistics:
  Matrix range     [5e-01, 1e+00]
  QMatrix range    [1e+00, 1e+00]
  QLMatrix range   [1e+00, 1e+00]
  Objective range  [1e+00, 1e+00]
  Bounds range     [5e-01, 1e+00]
  RHS range        [1e+00, 1e+00]

Found heuristic solution: objective -0.0000000
Presolve time: 0.00s
Presolved: 341 rows, 112 columns, 1210 nonzeros
Presolved model has 50 bilinear constraint(s)

Solving non-convex MIQCP to global optimality

Variable types: 66 continuous, 46 integer (46 binary)
Root relaxation presolve removed 50 rows and 1 columns
Root relaxation presolved: 291 rows, 111 columns, 1160 nonzeros


Root relaxation: objective 1.250000e-01, 116 iterations, 0.00 seconds (0.00 work units)

    Nodes    |    Current Node    |     Objective Bounds      |     Work
 Expl Unexpl |  Obj  Depth IntInf | Incumbent    BestBd   Gap | It/Node Time

     0     0    0.12500    0   54   -0.00000    0.12500      -     -    0s
     0     0    0.10000    0   55   -0.00000    0.10000      -     -    0s
     0     0    0.10000    0   47   -0.00000    0.10000      -     -    0s
     0     0    0.10000    0   58   -0.00000    0.10000      -     -    0s
     0     0    0.10000    0   44   -0.00000    0.10000      -     -    0s
     0     0    0.10000    0   53   -0.00000    0.10000      -     -    0s
     0     0    0.10000    0   44   -0.00000    0.10000      -     -    0s
     0     0    0.10000    0   61   -0.00000    0.10000      -     -    0s
     0     0    0.10000    0   50   -0.00000    0.10000      -     -    0s
     0     0    0.10000    0   50   -0.00000    0.10000      -     -    0s
     0     2    0.10000    0   50   -0.00000    0.10000      -     -    0s
H    2     4                       0.0000000    0.10000      -  30.5    0s
*  602   619              91       0.0000001    0.09036      -  15.9    0s
H 1187  1002                       0.0000001    0.08333      -  17.8    0s
H 1193   955                       0.0000002    0.07666      -  17.7    1s
H 1195   909                       0.0000004    0.04496      -  17.7    1s
H 1196   863                       0.0000010    0.04419      -  17.7    1s
H 2231  1362                       0.0000010    0.04218      -  24.3    2s
 10748  6749     cutoff   44         0.00000    0.04218      -  25.8    5s
 29498 18687    0.00570   40   45    0.00000    0.04218      -  27.9   10s
 44632 27488     cutoff   43         0.00000    0.04218      -  29.2   15s
 62247 37534    0.02287   27   53    0.00000    0.04218      -  29.5   20s
 79931 47423    0.00000   78   21    0.00000    0.04218      -  30.2   25s
 97402 57382    0.00017   54   50    0.00000    0.04218      -  30.3   30s
 114881 68342    0.00333   43   51    0.00000    0.04218      -  30.4   35s
 131971 78094    0.00008   52   36    0.00000    0.04218      -  30.7   40s
 150215 88063    0.00215   41   44    0.00000    0.04218      -  30.9   45s
 167966 96861    0.00036   46   43    0.00000    0.04173      -  30.8   50s
 185796 106221    0.00000   87    6    0.00000    0.04121      -  30.8   55s
 200109 113862    0.02142   33   50    0.00000    0.04083      -  30.8   60s
 218656 123410    0.02991   33   57    0.00000    0.04041      -  30.8   65s
 236419 132454    0.00104   51   38    0.00000    0.03999      -  30.8   70s
 253462 141257    0.00076   56   37    0.00000    0.03959      -  30.9   75s
 271173 150692     cutoff   40         0.00000    0.03926      -  30.8   80s
 289282 159808 infeasible   39         0.00000    0.03887      -  30.9   85s
 305986 168873     cutoff   40         0.00000    0.03863      -  31.0   90s
 323124 178360    0.02588   34   54    0.00000    0.03840      -  31.0   95s
 338638 186991    0.00329   41   53    0.00000    0.03818      -  31.1  100s
 354073 195452    0.01217   36   52    0.00000    0.03797      -  31.2  105s
 370961 203907    0.01905   37   53    0.00000    0.03774      -  31.2  110s
H377459 207009                       0.0000010    0.03767      -  31.2  112s
 384144 210821    0.02306   39   57    0.00000    0.03757      -  31.3  115s
H399520 219073                       0.0000011    0.03740      -  31.3  119s
 400828 219623    0.00033   48   50    0.00000    0.03738      -  31.3  120s
 416202 228181    0.00000   84   26    0.00000    0.03725      -  31.4  125s
 433044 238122    0.00639   39   51    0.00000    0.03706      -  31.5  130s
 450232 247447    0.00242   45   51    0.00000    0.03689      -  31.5  135s
 464338 254743     cutoff   40         0.00000    0.03674      -  31.5  140s
 482032 264071     cutoff   62         0.00000    0.03654      -  31.6  145s
 494733 270515    0.00000   72   30    0.00000    0.03640      -  31.5  150s
 510203 278649    0.00001   58   51    0.00000    0.03621      -  31.6  155s
 527348 287490    0.00392   47   53    0.00000    0.03603      -  31.6  160s
 545436 296091    0.00408   41   43    0.00000    0.03584      -  31.6  165s
 561845 304605    0.01284   39   55    0.00000    0.03570      -  31.6  170s
 579195 313541    0.00000   81   33    0.00000    0.03549      -  31.7  175s
 596124 322202    0.01994   39   54    0.00000    0.03535      -  31.7  180s
 614262 332281     cutoff   43         0.00000    0.03521      -  31.7  185s
 631039 340788    0.00018   46   34    0.00000    0.03504      -  31.7  190s
 648362 349950    0.02700   38   51    0.00000    0.03489      -  31.7  195s
 661474 356861    0.01033   39   44    0.00000    0.03478      -  31.7  200s
 678086 365855    0.00847   39   54    0.00000    0.03468      -  31.7  205s
 695594 375276    0.01966   36   47    0.00000    0.03453      -  31.8  210s
 712823 384344    0.01239   37   52    0.00000    0.03439      -  31.8  215s
 729537 393783    0.00282   37   42    0.00000    0.03429      -  31.8  220s
 745055 402544    0.00014   47   47    0.00000    0.03418      -  31.8  225s
 762417 411853     cutoff   36         0.00000    0.03405      -  31.8  230s
 779890 421451    0.02087   36   51    0.00000    0.03392      -  31.8  235s
 796610 430719    0.00001   58   37    0.00000    0.03382      -  31.8  240s
 815342 439971    0.01307   40   42    0.00000    0.03366      -  31.8  245s
 832443 450078    0.02210   36   56    0.00000    0.03354      -  31.8  250s
 849532 459470    0.00000   69   27    0.00000    0.03343      -  31.8  255s
 864163 467034    0.00858   47   53    0.00000    0.03334      -  31.8  260s
 881531 475830    0.00296   38   46    0.00000    0.03322      -  31.8  265s
 898547 484896    0.00019   57   48    0.00000    0.03309      -  31.8  270s
 915300 493827    0.00000   45   49    0.00000    0.03299      -  31.8  275s
 933142 503582    0.00002   63   31    0.00000    0.03289      -  31.8  280s
 949688 512174    0.00195   44   32    0.00000    0.03278      -  31.8  285s
 965832 520973    0.00052   49   51    0.00000    0.03269      -  31.8  290s
 981261 528668    0.00101   51   32    0.00000    0.03259      -  31.8  295s
H985539 530739                       0.0000011    0.03256      -  31.8  296s
 994977 535444    0.00026   54   46    0.00000    0.03250      -  31.8  300s
 1009523 543064    0.00003   67   54    0.00000    0.03242      -  31.8  305s
 1024734 550656    0.00027   44   44    0.00000    0.03232      -  31.8  310s
 1042366 560010    0.01327   40   44    0.00000    0.03222      -  31.8  315s
 1058148 568483    0.00014   39   43    0.00000    0.03215      -  31.8  320s
 1075851 577766    0.00032   43   43    0.00000    0.03207      -  31.8  325s
 1092965 587003     cutoff   96         0.00000    0.03197      -  31.8  330s
 1111373 596493    0.00113   51   43    0.00000    0.03187      -  31.8  335s
 1128604 605060    0.00421   41   30    0.00000    0.03178      -  31.8  340s
 1145532 613779     cutoff   39         0.00000    0.03171      -  31.8  345s
 1160665 621633     cutoff   40         0.00000    0.03167      -  31.8  350s
 1175628 629091    0.00031   49   57    0.00000    0.03162      -  31.9  355s
 1193321 637866 infeasible   51         0.00000    0.03154      -  31.9  360s

Cutting planes:
  Gomory: 36
  Implied bound: 25
  MIR: 28
  Mixing: 2
  Flow cover: 162
  Inf proof: 1
  RLT: 119
  Relax-and-lift: 22
  BQP: 30

Explored 1193427 nodes (38014148 simplex iterations) in 360.00 seconds (381.17 work units)
Thread count was 4 (of 4 available processors)

Solution count 10: 1.05608e-06 1.05524e-06 1.0301e-06 ... -0

Time limit reached
Best objective 1.056075988298e-06, best bound 3.153806250597e-02, gap 2986244.0562%
{"verdict": "UNRESOLVED", "status": "TIME_LIMIT", "runtime": 360.00219202041626, "objval": 1.0560759882982662e-06, "objbound": 0.03153806250597323, "binaries": 46}
