Set parameter NodefileStart to value 6
Read parameters from file gurobi.env
Restricted license - for non-production use only - expires 2027-11-29
Set parameter OutputFlag to value 1
Set parameter Threads to value 4
Set parameter TimeLimit to value 360
Set parameter MIPGap to value 5e-05
Set parameter MIPFocus to value 2
Set parameter NonConvex to value 2
Set parameter BestBdStop to value 2.7426211734693878e-02
Gurobi Optimizer version 13.0.3 build v13.0.3rc0 (linux64 - "Ubuntu 24.04.5 LTS")

CPU model: AMD EPYC 9V45 96-Core Processor, instruction set [SSE2|AVX|AVX2|AVX512]
Thread count: 2 physical cores, 4 logical processors, using up to 4 threads

Non-default parameters:
TimeLimit  360
BestBdStop  2.7426211734693878e-02
MIPGap  5e-05
MIPFocus  2
NodefileStart  6
NonConvex  2
Threads  4

Optimize a model with 129 rows, 99 columns and 714 nonzeros (Max)
Model fingerprint: 0x38c95a31
Model has 1 linear objective coefficients
Model has 50 quadratic constraints
Variable types: 65 continuous, 34 integer (34 binary)
Coefficient statistics:
  Matrix range     [5e-01, 1e+00]
  QMatrix range    [1e+00, 1e+00]
  QLMatrix range   [1e+00, 1e+00]
  Objective range  [1e+00, 1e+00]
  Bounds range     [5e-01, 1e+00]
  RHS range        [1e+00, 1e+00]

Found heuristic solution: objective -0.0000000
Presolve time: 0.00s
Presolved: 329 rows, 100 columns, 1114 nonzeros
Presolved model has 50 bilinear constraint(s)

Solving non-convex MIQCP to global optimality

Variable types: 66 continuous, 34 integer (34 binary)
Root relaxation presolve removed 58 rows and 5 columns
Root relaxation presolved: 271 rows, 95 columns, 1016 nonzeros


Root relaxation: objective 1.000000e-01, 105 iterations, 0.00 seconds (0.00 work units)

    Nodes    |    Current Node    |     Objective Bounds      |     Work
 Expl Unexpl |  Obj  Depth IntInf | Incumbent    BestBd   Gap | It/Node Time

     0     0    0.10000    0   53   -0.00000    0.10000      -     -    0s
     0     0    0.07576    0   57   -0.00000    0.07576      -     -    0s
     0     0    0.07143    0   51   -0.00000    0.07143      -     -    0s
     0     0    0.06818    0   50   -0.00000    0.06818      -     -    0s
     0     0    0.06710    0   51   -0.00000    0.06710      -     -    0s
     0     0    0.06501    0   53   -0.00000    0.06501      -     -    0s
     0     0    0.06406    0   53   -0.00000    0.06406      -     -    0s
     0     0    0.06406    0   56   -0.00000    0.06406      -     -    0s
     0     0    0.05903    0   53   -0.00000    0.05903      -     -    0s
     0     0    0.05903    0   53   -0.00000    0.05903      -     -    0s
     0     0    0.05903    0   53   -0.00000    0.05903      -     -    0s
     0     0    0.05903    0   53   -0.00000    0.05903      -     -    0s
     0     0    0.05903    0   53   -0.00000    0.05903      -     -    0s
     0     2    0.05903    0   53   -0.00000    0.05903      -     -    0s
*  548   499              77       0.0000000    0.05903      -  22.5    0s
*  608   539              87       0.0000000    0.05903      -  21.9    0s
*  610   529              88       0.0000001    0.05903      -  21.8    0s
H  699   554                       0.0000002    0.05903      -  22.1    0s
H 1133   908                       0.0000003    0.05903      -  20.3    0s

Cutting planes:
  Gomory: 3
  Flow cover: 4
  RLT: 26
  BQP: 9

Explored 1929 nodes (42840 simplex iterations) in 1.28 seconds (1.40 work units)
Thread count was 4 (of 4 available processors)

Solution count 6: 3.22876e-07 2.18105e-07 5.58362e-08 ... -0

Optimization achieved user objective limit
Best objective 3.228756887616e-07, best bound 2.677321426156e-02, gap -
{"verdict": "PROVED", "status": "BOUND_REACHED", "runtime": 1.2818069458007812, "objval": 3.228756887616036e-07, "objbound": 0.02677321426156106, "binaries": 34}
