Set parameter NodefileStart to value 6
Read parameters from file gurobi.env
Restricted license - for non-production use only - expires 2027-11-29
Set parameter OutputFlag to value 1
Set parameter Threads to value 4
Set parameter TimeLimit to value 360
Set parameter MIPGap to value 5e-05
Set parameter MIPFocus to value 2
Set parameter NonConvex to value 2
Set parameter BestBdStop to value 2.7426211734693878e-02
Gurobi Optimizer version 13.0.3 build v13.0.3rc0 (linux64 - "Ubuntu 24.04.5 LTS")

CPU model: INTEL(R) XEON(R) PLATINUM 8573C, instruction set [SSE2|AVX|AVX2|AVX512]
Thread count: 2 physical cores, 4 logical processors, using up to 4 threads

Non-default parameters:
TimeLimit  360
BestBdStop  2.7426211734693878e-02
MIPGap  5e-05
MIPFocus  2
NodefileStart  6
NonConvex  2
Threads  4

Optimize a model with 141 rows, 111 columns and 810 nonzeros (Max)
Model fingerprint: 0xbcf9a379
Model has 1 linear objective coefficients
Model has 50 quadratic constraints
Variable types: 65 continuous, 46 integer (46 binary)
Coefficient statistics:
  Matrix range     [5e-01, 1e+00]
  QMatrix range    [1e+00, 1e+00]
  QLMatrix range   [1e+00, 1e+00]
  Objective range  [1e+00, 1e+00]
  Bounds range     [5e-01, 1e+00]
  RHS range        [1e+00, 1e+00]

Found heuristic solution: objective -0.0000000
Presolve time: 0.00s
Presolved: 341 rows, 112 columns, 1210 nonzeros
Presolved model has 50 bilinear constraint(s)

Solving non-convex MIQCP to global optimality

Variable types: 66 continuous, 46 integer (46 binary)
Root relaxation presolve removed 50 rows and 1 columns
Root relaxation presolved: 291 rows, 111 columns, 1160 nonzeros


Root relaxation: objective 8.333333e-02, 107 iterations, 0.00 seconds (0.00 work units)

    Nodes    |    Current Node    |     Objective Bounds      |     Work
 Expl Unexpl |  Obj  Depth IntInf | Incumbent    BestBd   Gap | It/Node Time

     0     0    0.08333    0   50   -0.00000    0.08333      -     -    0s
H    0     0                       0.0000000    0.08333      -     -    0s
     0     0    0.08333    0   67    0.00000    0.08333      -     -    0s
     0     0    0.08333    0   66    0.00000    0.08333      -     -    0s
     0     0    0.08333    0   51    0.00000    0.08333      -     -    0s
     0     0    0.08333    0   51    0.00000    0.08333      -     -    0s
     0     0    0.08108    0   67    0.00000    0.08108      -     -    0s
     0     0    0.08108    0   66    0.00000    0.08108      -     -    0s
     0     0    0.08000    0   72    0.00000    0.08000      -     -    0s
     0     0    0.07857    0   63    0.00000    0.07857      -     -    0s
     0     0    0.07812    0   65    0.00000    0.07812      -     -    0s
     0     0    0.07812    0   58    0.00000    0.07812      -     -    0s
     0     0    0.07807    0   58    0.00000    0.07807      -     -    0s
     0     0    0.07807    0   63    0.00000    0.07807      -     -    0s
     0     0    0.07807    0   63    0.00000    0.07807      -     -    0s
     0     0    0.07807    0   63    0.00000    0.07807      -     -    0s
     0     0    0.07807    0   63    0.00000    0.07807      -     -    0s
     0     2    0.07807    0   63    0.00000    0.07807      -     -    0s
H   36    52                       0.0000001    0.07807      -  24.2    0s
H  117   130                       0.0000002    0.07807      -  31.0    1s
H  319   308                       0.0000003    0.07807      -  40.0    1s
H  366   367                       0.0000003    0.07807      -  38.9    1s
H  395   367                       0.0000004    0.07807      -  39.1    1s
H  464   477                       0.0000004    0.07807      -  40.0    1s
H 1603  1209                       0.0000004    0.04467      -  36.4    3s
H 1698  1220                       0.0000008    0.04467      -  36.9    3s
H 5703  3517                       0.0000008    0.04467      -  31.8    4s
H 6260  3866                       0.0000009    0.04467      -  32.2    4s
  7187  4440     cutoff   33         0.00000    0.04467      -  31.9    5s
H12158  7911                       0.0000009    0.04467      -  30.6    6s
H20369 13449                       0.0000009    0.04427      -  30.8    9s
 20706 13690    0.00468   35   52    0.00000    0.04418      -  31.1   10s
 33070 22373    0.00263   40   51    0.00000    0.04277      -  30.8   15s
 46195 30980    0.00357   44   46    0.00000    0.04069      -  30.7   20s
 59830 39885    0.00022   49   32    0.00000    0.03964      -  30.3   25s
 71056 46608    0.00055   51   38    0.00000    0.03890      -  30.1   31s
H73561 48722                       0.0000009    0.03881      -  30.1   31s
 85932 57735    0.00247   63   52    0.00000    0.03826      -  29.9   35s
 103924 71305    0.00240   49   50    0.00000    0.03765      -  29.8   40s
 122932 81821    0.00008   72   48    0.00000    0.03704      -  30.1   45s
 139160 93114    0.00001   83   25    0.00000    0.03676      -  30.1   50s
 151961 102531    0.00947   34   47    0.00000    0.03655      -  30.2   55s
 170942 115089    0.00158   46   37    0.00000    0.03619      -  30.3   60s
 184181 123360    0.02569   33   51    0.00000    0.03592      -  30.3   65s
 204770 136190     cutoff   94         0.00000    0.03552      -  30.2   70s
 215542 142867     cutoff   44         0.00000    0.03533      -  30.2   75s
 229652 152072    0.00047   45   44    0.00000    0.03509      -  30.2   80s
 246581 164032    0.00973   39   41    0.00000    0.03486      -  30.1   85s
 262835 174733    0.00683   45   43    0.00000    0.03463      -  30.1   90s
 275903 181781    0.00960   35   43    0.00000    0.03435      -  30.1   95s
 293908 193835    0.01364   32   50    0.00000    0.03413      -  30.1  100s
 305515 201543    0.00734   36   50    0.00000    0.03405      -  30.0  105s
 325122 214503    0.00000   64   38    0.00000    0.03385      -  29.9  110s
 345827 229338    0.01388   36   51    0.00000    0.03371      -  29.7  115s
 361472 239809 infeasible   59         0.00000    0.03359      -  29.7  120s
 377735 249688    0.00035   59   50    0.00000    0.03343      -  29.6  125s
 394774 260532    0.00401   41   51    0.00000    0.03326      -  29.5  130s
 405594 266933    0.00214   39   38    0.00000    0.03313      -  29.5  135s
 418106 274477    0.00520   48   31    0.00000    0.03301      -  29.5  140s
 435390 286334     cutoff   36         0.00000    0.03287      -  29.6  145s
 447972 294859     cutoff   91         0.00000    0.03282      -  29.6  151s
 462896 304463    0.00000   72   32    0.00000    0.03272      -  29.6  155s
 481322 315780    0.00006   65   37    0.00000    0.03254      -  29.5  160s
 497253 325192     cutoff   51         0.00000    0.03240      -  29.5  165s
 514143 335528    0.00009   69   26    0.00000    0.03228      -  29.5  170s
 528817 345609    0.00240   39   37    0.00000    0.03222      -  29.5  175s
 547009 356824    0.00021   67   31    0.00000    0.03211      -  29.4  180s
 563458 368062    0.01897   38   36    0.00000    0.03203      -  29.3  185s
 583470 380922    0.00839   45   53    0.00000    0.03192      -  29.2  190s
 597239 390392    0.01201   34   54    0.00000    0.03184      -  29.2  195s
 608715 397794    0.00005   79   53    0.00000    0.03179      -  29.2  200s
 626859 409493    0.00003   70   29    0.00000    0.03166      -  29.2  205s
 643283 420009     cutoff   38         0.00000    0.03156      -  29.2  210s
 663358 432956    0.00255   37   49    0.00000    0.03146      -  29.1  215s
 679607 443438    0.00005   78   42    0.00000    0.03139      -  29.1  220s
 696547 453956    0.00084   46   26    0.00000    0.03129      -  29.1  225s
 705776 459600    0.00495   46   52    0.00000    0.03125      -  29.1  230s
 721283 470843    0.01461   46   50    0.00000    0.03120      -  29.0  235s
 738322 481798    0.00024   56   50    0.00000    0.03113      -  29.0  240s
 752518 491069    0.01404   35   49    0.00000    0.03106      -  29.0  245s
 768014 501241    0.00053   57   50    0.00000    0.03099      -  29.0  250s
 781881 511188    0.01804   37   55    0.00000    0.03095      -  29.0  255s
 800405 523682    0.00004   81   32    0.00000    0.03088      -  29.0  260s
 814006 532291    0.02652   38   42    0.00000    0.03083      -  29.1  265s
 830180 543168    0.00000   73   32    0.00000    0.03077      -  29.0  270s
 847708 554919    0.00005   61   37    0.00000    0.03070      -  29.0  275s
 862755 564685    0.00013   67   50    0.00000    0.03063      -  29.0  280s
 879953 576036    0.00002   74   44    0.00000    0.03057      -  29.0  285s
 890826 583110     cutoff   47         0.00000    0.03053      -  28.9  290s
 902858 590929    0.00006   64   50    0.00000    0.03048      -  29.0  297s
 915711 599470    0.00217   41   51    0.00000    0.03045      -  29.0  300s
 928757 608234    0.01653   42   44    0.00000    0.03042      -  29.0  305s
 944243 618359    0.01887   37   54    0.00000    0.03036      -  29.0  310s
 957886 627374     cutoff   77         0.00000    0.03032      -  29.0  315s
 973996 639012    0.00000   50   33    0.00000    0.03027      -  29.0  320s
 991557 649996    0.00005   59   43    0.00000    0.03019      -  29.0  325s
 1004477 658348    0.00000   69   42    0.00000    0.03014      -  29.0  330s
 1021492 668965    0.00563   43   50    0.00000    0.03008      -  29.0  335s
 1041662 682886    0.00000   63   31    0.00000    0.03002      -  29.0  340s
 1052974 690520     cutoff   82         0.00000    0.03000      -  29.0  345s
 1066549 698719     cutoff   43         0.00000    0.02995      -  29.0  350s
 1085021 710590    0.00009   58   43    0.00000    0.02989      -  29.0  355s
 1107150 725042    0.00002   89   36    0.00000    0.02983      -  28.9  360s

Cutting planes:
  Gomory: 13
  Lift-and-project: 3
  Implied bound: 24
  MIR: 18
  Flow cover: 92
  Inf proof: 4
  RLT: 121
  Relax-and-lift: 29
  BQP: 36

Explored 1107412 nodes (32032672 simplex iterations) in 360.00 seconds (309.15 work units)
Thread count was 4 (of 4 available processors)

Solution count 10: 9.46899e-07 9.37074e-07 9.3691e-07 ... 4.59423e-09

Time limit reached
Best objective 9.468994949219e-07, best bound 2.983047339906e-02, gap -
{"verdict": "UNRESOLVED", "status": "TIME_LIMIT", "runtime": 360.00188398361206, "objval": 9.468994949218934e-07, "objbound": 0.02983047339905668, "binaries": 46}
