Set parameter NodefileStart to value 6
Read parameters from file gurobi.env
Restricted license - for non-production use only - expires 2027-11-29
Set parameter OutputFlag to value 1
Set parameter Threads to value 4
Set parameter TimeLimit to value 360
Set parameter MIPGap to value 5e-05
Set parameter MIPFocus to value 2
Set parameter NonConvex to value 2
Set parameter BestBdStop to value 2.7426211734693878e-02
Gurobi Optimizer version 13.0.3 build v13.0.3rc0 (linux64 - "Ubuntu 24.04.5 LTS")

CPU model: AMD EPYC 9V74 80-Core Processor, instruction set [SSE2|AVX|AVX2|AVX512]
Thread count: 2 physical cores, 4 logical processors, using up to 4 threads

Non-default parameters:
TimeLimit  360
BestBdStop  2.7426211734693878e-02
MIPGap  5e-05
MIPFocus  2
NodefileStart  6
NonConvex  2
Threads  4

Optimize a model with 145 rows, 115 columns and 846 nonzeros (Max)
Model fingerprint: 0x9e81926c
Model has 1 linear objective coefficients
Model has 50 quadratic constraints
Variable types: 65 continuous, 50 integer (50 binary)
Coefficient statistics:
  Matrix range     [5e-01, 1e+00]
  QMatrix range    [1e+00, 1e+00]
  QLMatrix range   [1e+00, 1e+00]
  Objective range  [1e+00, 1e+00]
  Bounds range     [5e-01, 1e+00]
  RHS range        [1e+00, 1e+00]

Found heuristic solution: objective -0.0000000
Presolve time: 0.00s
Presolved: 345 rows, 116 columns, 1246 nonzeros
Presolved model has 50 bilinear constraint(s)

Solving non-convex MIQCP to global optimality

Variable types: 66 continuous, 50 integer (50 binary)
Root relaxation presolve removed 50 rows and 1 columns
Root relaxation presolved: 295 rows, 115 columns, 1196 nonzeros


Root relaxation: objective 8.333333e-02, 112 iterations, 0.00 seconds (0.00 work units)

    Nodes    |    Current Node    |     Objective Bounds      |     Work
 Expl Unexpl |  Obj  Depth IntInf | Incumbent    BestBd   Gap | It/Node Time

     0     0    0.08333    0   47   -0.00000    0.08333      -     -    0s
     0     0    0.06250    0   62   -0.00000    0.06250      -     -    0s
H    0     0                       0.0000002    0.06250      -     -    0s
H    0     0                       0.0000003    0.06250      -     -    0s
     0     0    0.06250    0   58    0.00000    0.06250      -     -    0s
     0     0    0.06250    0   63    0.00000    0.06250      -     -    0s
     0     0    0.06250    0   59    0.00000    0.06250      -     -    0s
     0     0    0.06250    0   63    0.00000    0.06250      -     -    0s
     0     0    0.06250    0   59    0.00000    0.06250      -     -    0s
     0     0    0.06250    0   62    0.00000    0.06250      -     -    0s
     0     0    0.06250    0   43    0.00000    0.06250      -     -    0s
     0     0    0.06250    0   39    0.00000    0.06250      -     -    0s
     0     0    0.06250    0   37    0.00000    0.06250      -     -    0s
     0     0    0.06250    0   47    0.00000    0.06250      -     -    0s
     0     0    0.06250    0   47    0.00000    0.06250      -     -    0s
     0     0    0.06250    0   37    0.00000    0.06250      -     -    0s
     0     0    0.06250    0   37    0.00000    0.06250      -     -    0s
     0     2    0.06250    0   37    0.00000    0.06250      -     -    0s
H 1183   996                       0.0020292    0.06250  2980%  19.0    1s
H 1183   946                       0.0020829    0.06250  2901%  19.0    1s
H 1712  1301                       0.0035771    0.06250  1647%  20.5    1s
H 1738  1212                       0.0062505    0.06250   900%  20.2    1s
H 1764  1146                       0.0071577    0.06250   773%  19.9    1s
H 1804  1074                       0.0071893    0.06247   769%  19.8    1s
H 1817   963                       0.0084595    0.06247   638%  19.8    1s
* 1875   898              94       0.0088081    0.05214   492%  19.9    1s
* 1884   860              98       0.0088154    0.05214   492%  19.8    1s
H 1890   825                       0.0088163    0.05214   491%  19.7    1s
* 1891   794             102       0.0088182    0.05214   491%  19.7    1s
* 1947   797             102       0.0088183    0.05139   483%  20.1    1s
* 1948   768             101       0.0088191    0.05139   483%  20.1    1s
H 3194  1005                       0.0121798    0.04743   289%  24.2    1s
H 4349  1490                       0.0146265    0.04659   219%  26.1    1s
H 5450  1704                       0.0170259    0.04599   170%  27.0    2s
H 9698  3226                       0.0170259    0.04477   163%  30.5    3s
H15199  4630                       0.0172774    0.04364   153%  31.1    4s
 18375  5577    0.03927   28   65    0.01728    0.04252   146%  30.9    5s
H20165  5921                       0.0175121    0.04233   142%  31.0    5s
H24426  7206                       0.0175269    0.04167   138%  31.4    6s
H26283  7679                       0.0175270    0.04142   136%  31.4    7s
H28198  8261                       0.0175927    0.04133   135%  31.4    7s
H28279  8261                       0.0176203    0.04133   135%  31.3    7s
 39356 11638    0.02033   32   52    0.01762    0.04066   131%  31.0   10s
 66049 18885    0.03425   22   59    0.01762    0.03939   124%  30.7   15s
H85332 23927                       0.0176204    0.03893   121%  30.6   18s
 92308 25839    0.01772   36   54    0.01762    0.03873   120%  30.5   20s
 118553 31678    0.02586   30   43    0.01762    0.03799   116%  30.2   25s
 145688 38041    0.02437   33   50    0.01762    0.03738   112%  30.0   30s
 173947 44042     cutoff   34         0.01762    0.03676   109%  29.6   35s
H190089 48625                       0.0176204    0.03653   107%  29.5   39s
H192527 48779                       0.0176300    0.03648   107%  29.5   39s
H194188 49058                       0.0176409    0.03645   107%  29.5   39s
H194189 49040                       0.0176472    0.03645   107%  29.5   39s
 195701 49397    0.01999   31   49    0.01765    0.03643   106%  29.5   40s
H199043 47831                       0.0187094    0.03638  94.5%  29.5   40s
H199564 47917                       0.0187094    0.03637  94.4%  29.5   40s
 217708 51229     cutoff   41         0.01871    0.03604  92.6%  29.4   45s
 244330 57189    0.02880   30   53    0.01871    0.03572  90.9%  29.4   50s
 271720 62113    0.01959   37   52    0.01871    0.03541  89.3%  29.4   55s
 299207 67155     cutoff   36         0.01871    0.03508  87.5%  29.3   60s
 326613 72657    0.02099   33   56    0.01871    0.03485  86.2%  29.3   65s
 354315 77929    0.03453   29   59    0.01871    0.03461  85.0%  29.1   70s
 381809 82405    0.01944   34   57    0.01871    0.03435  83.6%  29.0   75s
 405929 86422    0.02007   32   53    0.01871    0.03412  82.3%  29.0   80s
 434533 90933     cutoff   40         0.01871    0.03384  80.9%  28.9   85s
 462224 95500    0.02034   39   57    0.01871    0.03359  79.5%  28.8   90s
 491505 99881    0.02285   40   60    0.01871    0.03331  78.0%  28.7   95s
 520053 104151     cutoff   29         0.01871    0.03305  76.7%  28.7  100s
 549259 108557    0.02496   34   53    0.01871    0.03283  75.5%  28.6  105s
 575473 112221    0.01898   31   54    0.01871    0.03264  74.4%  28.5  110s
 605145 116504    0.02098   26   57    0.01871    0.03242  73.3%  28.4  115s
 635335 121669    0.02160  103   22    0.01871    0.03223  72.3%  28.3  120s
 661516 123036    0.02398   28   64    0.01871    0.03201  71.1%  28.5  125s
 686922 124082     cutoff   33         0.01871    0.03177  69.8%  28.6  130s
 712635 124871    0.02221   28   60    0.01871    0.03153  68.5%  28.8  135s
 738550 126054    0.02419   34   42    0.01871    0.03130  67.3%  29.0  140s
 759269 126998     cutoff   35         0.01871    0.03113  66.4%  29.1  145s
 782667 127549     cutoff   34         0.01871    0.03091  65.2%  29.2  150s
 809054 128367     cutoff   33         0.01871    0.03067  63.9%  29.3  155s
 834997 128966     cutoff   32         0.01871    0.03043  62.6%  29.4  160s
 859472 130090    0.02025   42   36    0.01871    0.03022  61.5%  29.5  165s
 885220 130853    0.02049   41   53    0.01871    0.03001  60.4%  29.5  170s
 908956 131729     cutoff   40         0.01871    0.02983  59.4%  29.6  175s
 934423 132823     cutoff   30         0.01871    0.02966  58.5%  29.6  180s
 959502 133349     cutoff   33         0.01871    0.02947  57.5%  29.7  185s
 986015 133761    0.01887   35   54    0.01871    0.02927  56.4%  29.7  190s
 1012583 135314    0.02236   37   55    0.01871    0.02908  55.4%  29.7  195s
 1037677 136279     cutoff   37         0.01871    0.02890  54.5%  29.8  200s
 1064515 136872     cutoff   38         0.01871    0.02870  53.4%  29.8  205s
 1087659 137198     cutoff   34         0.01871    0.02853  52.5%  29.8  210s
 1114849 139541    0.02253   37   46    0.01871    0.02836  51.6%  29.8  215s
 1141232 140207     cutoff   35         0.01871    0.02819  50.6%  29.8  220s
 1167241 140707     cutoff   34         0.01871    0.02801  49.7%  29.8  225s
 1193795 143185    0.02173   29   54    0.01871    0.02788  49.0%  29.7  230s
 1219687 143468    0.02076   32   47    0.01871    0.02772  48.1%  29.7  235s
 1242540 144195    0.01930   36   43    0.01871    0.02758  47.4%  29.7  240s

Cutting planes:
  Gomory: 7
  Implied bound: 19
  MIR: 8
  Flow cover: 21
  Inf proof: 1
  RLT: 78
  Relax-and-lift: 1
  BQP: 11

Explored 1266863 nodes (37660038 simplex iterations) in 244.40 seconds (315.17 work units)
Thread count was 4 (of 4 available processors)

Solution count 10: 0.0187094 0.0176472 0.0176409 ... 0.0170259

Optimization achieved user objective limit
Best objective 1.870944757249e-02, best bound 2.742335091881e-02, gap 46.5749%
{"verdict": "PROVED", "status": "BOUND_REACHED", "runtime": 244.3978340625763, "objval": 0.018709447572486097, "objbound": 0.027423350918812855, "binaries": 50}
