Set parameter NodefileStart to value 6
Read parameters from file gurobi.env
Restricted license - for non-production use only - expires 2027-11-29
Set parameter OutputFlag to value 1
Set parameter Threads to value 4
Set parameter TimeLimit to value 360
Set parameter MIPGap to value 5e-05
Set parameter MIPFocus to value 2
Set parameter NonConvex to value 2
Set parameter BestBdStop to value 2.7426211734693878e-02
Gurobi Optimizer version 13.0.3 build v13.0.3rc0 (linux64 - "Ubuntu 24.04.5 LTS")

CPU model: AMD EPYC 7763 64-Core Processor, instruction set [SSE2|AVX|AVX2]
Thread count: 2 physical cores, 4 logical processors, using up to 4 threads

Non-default parameters:
TimeLimit  360
BestBdStop  2.7426211734693878e-02
MIPGap  5e-05
MIPFocus  2
NodefileStart  6
NonConvex  2
Threads  4

Optimize a model with 141 rows, 111 columns and 810 nonzeros (Max)
Model fingerprint: 0x27684591
Model has 1 linear objective coefficients
Model has 50 quadratic constraints
Variable types: 65 continuous, 46 integer (46 binary)
Coefficient statistics:
  Matrix range     [5e-01, 1e+00]
  QMatrix range    [1e+00, 1e+00]
  QLMatrix range   [1e+00, 1e+00]
  Objective range  [1e+00, 1e+00]
  Bounds range     [5e-01, 1e+00]
  RHS range        [1e+00, 1e+00]

Found heuristic solution: objective -0.0000000
Presolve time: 0.00s
Presolved: 341 rows, 112 columns, 1210 nonzeros
Presolved model has 50 bilinear constraint(s)

Solving non-convex MIQCP to global optimality

Variable types: 66 continuous, 46 integer (46 binary)
Root relaxation presolve removed 50 rows and 1 columns
Root relaxation presolved: 291 rows, 111 columns, 1160 nonzeros


Root relaxation: objective 8.333333e-02, 103 iterations, 0.00 seconds (0.00 work units)

    Nodes    |    Current Node    |     Objective Bounds      |     Work
 Expl Unexpl |  Obj  Depth IntInf | Incumbent    BestBd   Gap | It/Node Time

     0     0    0.08333    0   46   -0.00000    0.08333      -     -    0s
H    0     0                       0.0000000    0.08333      -     -    0s
     0     0    0.08333    0   67    0.00000    0.08333      -     -    0s
     0     0    0.08333    0   67    0.00000    0.08333      -     -    0s
     0     0    0.08333    0   59    0.00000    0.08333      -     -    0s
     0     0    0.08333    0   43    0.00000    0.08333      -     -    0s
     0     0    0.08333    0   43    0.00000    0.08333      -     -    0s
     0     0    0.08333    0   42    0.00000    0.08333      -     -    0s
     0     0    0.08333    0   41    0.00000    0.08333      -     -    0s
     0     0    0.08333    0   37    0.00000    0.08333      -     -    0s
     0     0    0.08333    0   37    0.00000    0.08333      -     -    0s
     0     2    0.08333    0   37    0.00000    0.08333      -     -    0s
H   16    32                       0.0000000    0.08333      -  35.6    0s
H   22    32                       0.0000003    0.08333      -  28.4    0s
H  482   510                       0.0000004    0.08333      -  19.5    0s
* 1929  1535             123       0.0000004    0.08118      -  19.1    1s
* 1932  1483             123       0.0000004    0.08118      -  19.0    1s
* 1994  1447             122       0.0000005    0.07894      -  19.6    1s
H 2214  1465                       0.0000006    0.07807      -  20.3    1s
H 2214  1421                       0.0000006    0.07807      -  20.3    1s
H 3099  1748                       0.0000023    0.07096      -  21.3    2s
H 3376  1807                       0.0000026    0.07096      -  21.2    2s
H 4411  2655                       0.0000030    0.07022      -  20.8    2s
H 4414  1388                       0.0013326    0.07022  5169%  20.8    2s
H 5485  2149                       0.0014179    0.06671  4605%  23.1    2s
H 6689  3006                       0.0014505    0.06536  4406%  25.0    3s
H 7110  3426                       0.0014505    0.06509  4387%  26.1    3s
H 8310  4056                       0.0014549    0.06383  4287%  27.4    3s
H 9575  5006                       0.0016013    0.06279  3821%  28.0    4s
H10859  6031                       0.0016138    0.06231  3761%  28.5    4s
 12350  6888    0.05231   24   54    0.00161    0.06102  3681%  29.0    5s
H13211  5547                       0.0050198    0.06040  1103%  29.2    5s
H13287  5761                       0.0051451    0.06040  1074%  29.2    5s
H15753  7086                       0.0051451    0.05911  1049%  30.2    5s
H16557  7458                       0.0052496    0.05871  1018%  30.6    6s
H18636  8078                       0.0059136    0.05745   871%  31.5    6s
H18639  7866                       0.0064011    0.05745   798%  31.5    6s
H19894  8366                       0.0064011    0.05692   789%  31.9    7s
H22016  9365                       0.0064715    0.05631   770%  32.6    8s
 26912 11618    0.02181   34   55    0.00647    0.05457   743%  33.8   10s
H29070 12503                       0.0064716    0.05406   735%  34.1   10s
H29133 12615                       0.0064886    0.05406   733%  34.2   10s
H41714 17698                       0.0070316    0.05179   637%  36.2   14s
H41717 17572                       0.0071887    0.05179   620%  36.2   14s
 41718 19130     cutoff   38         0.00719    0.05179   620%  36.2   16s
 56091 24166    0.00794   43   51    0.00719    0.05005   596%  37.1   20s
 73230 31426    0.04760   29   39    0.00719    0.04882   579%  37.8   25s
 89860 38240    0.00782   41   51    0.00719    0.04796   567%  38.3   30s
H100787 37588                       0.0100738    0.04733   370%  38.4   33s
H100934 37684                       0.0100738    0.04731   370%  38.4   33s
 104817 39105     cutoff   36         0.01007    0.04699   366%  38.5   35s
H118327 43559                       0.0100738    0.04614   358%  38.5   39s
 119922 44156    0.01540   35   52    0.01007    0.04605   357%  38.5   40s
 135587 49214    0.01124   38   51    0.01007    0.04533   350%  38.6   45s
 152583 54396    0.04267   33   48    0.01007    0.04452   342%  38.6   50s
 170104 59879    0.02891   28   70    0.01007    0.04381   335%  38.6   55s
 187211 65227    0.02525   33   54    0.01007    0.04314   328%  38.6   60s
 205092 70518    0.03780   37   55    0.01007    0.04259   323%  38.6   65s
H215354 73473                       0.0100738    0.04228   320%  38.6   67s
 218181 74378    0.02115   40   60    0.01007    0.04219   319%  38.6   70s
 235697 79821    0.02513   30   51    0.01007    0.04176   315%  38.7   75s
 252671 84979    0.01357   34   50    0.01007    0.04135   310%  38.7   80s
 270272 90338     cutoff   38         0.01007    0.04091   306%  38.7   85s
 287718 95577    0.01875   33   51    0.01007    0.04055   303%  38.7   90s
 304383 100388    0.02423   33   56    0.01007    0.04024   299%  38.7   95s
 321763 105252    0.03127   32   50    0.01007    0.03992   296%  38.8  100s
 336009 109265    0.03743   33   49    0.01007    0.03964   294%  38.8  105s
 353029 114215    0.01091   44   17    0.01007    0.03936   291%  38.8  110s
 370232 119141    0.01095   38   51    0.01007    0.03909   288%  38.8  115s
 387358 123755    0.01097   50   49    0.01007    0.03883   285%  38.8  120s
 404640 128692    0.01072   40   53    0.01007    0.03858   283%  38.8  125s
 418365 132238 infeasible   39         0.01007    0.03838   281%  38.8  130s
 433913 136297     cutoff   40         0.01007    0.03815   279%  38.8  135s
 450182 140736    0.01143   35   50    0.01007    0.03791   276%  38.8  140s
 467764 145348    0.02020   37   52    0.01007    0.03766   274%  38.8  145s
 485167 150063    0.01190   38   43    0.01007    0.03744   272%  38.8  150s
 502565 154792    0.01444   39   54    0.01007    0.03721   269%  38.7  155s
 519728 159295    0.02092   32   57    0.01007    0.03697   267%  38.7  160s
 537310 164051    0.01391   33   53    0.01007    0.03677   265%  38.7  165s
 554653 168832    0.01308   38   51    0.01007    0.03656   263%  38.7  170s
 572263 173400    0.02519   32   51    0.01007    0.03636   261%  38.6  175s
 589397 178189    0.02524   37   39    0.01007    0.03618   259%  38.7  180s
 603183 181825     cutoff   41         0.01007    0.03604   258%  38.6  185s
 620351 186481    0.01981   32   54    0.01007    0.03587   256%  38.6  190s
 637929 191936    0.01267   33   44    0.01007    0.03576   255%  38.6  195s
 654587 196223    0.01476   39   55    0.01007    0.03561   253%  38.6  200s
 672090 200709    0.01739   39   47    0.01007    0.03544   252%  38.6  205s
 689286 205489    0.01215   38   40    0.01007    0.03530   250%  38.6  210s
 706725 209961    0.02164   38   51    0.01007    0.03515   249%  38.6  215s
 723976 214542     cutoff   38         0.01007    0.03500   247%  38.5  220s
 741664 218985    0.02191   34   50    0.01007    0.03485   246%  38.5  225s
 758124 223086    0.01529   40   53    0.01007    0.03472   245%  38.5  230s
 772255 226768    0.01085   35   54    0.01007    0.03461   244%  38.4  235s
 789268 230882    0.01261   30   61    0.01007    0.03447   242%  38.4  240s
 806946 235246    0.01814   36   52    0.01007    0.03435   241%  38.4  245s
 824001 239496     cutoff   45         0.01007    0.03423   240%  38.3  250s
 841496 244214    0.01193   44   55    0.01007    0.03412   239%  38.3  255s
 858746 248435    0.02236   41   49    0.01007    0.03400   237%  38.3  260s
 873473 251958     cutoff   46         0.01007    0.03390   237%  38.2  265s
 890422 256080    0.01689   37   47    0.01007    0.03379   235%  38.2  270s
 906473 260084     cutoff   40         0.01007    0.03368   234%  38.2  275s
 922583 264325     cutoff   40         0.01007    0.03356   233%  38.2  280s
 935701 267385     cutoff   40         0.01007    0.03349   232%  38.1  285s
 951336 271487     cutoff   44         0.01007    0.03339   231%  38.1  290s
 966803 275557    0.01472   36   40    0.01007    0.03330   231%  38.1  295s
 983690 279853    0.01933   38   56    0.01007    0.03320   230%  38.1  300s
 999674 284117    0.01033   44   61    0.01007    0.03311   229%  38.1  305s
 1015716 287810    0.01332   34   50    0.01007    0.03302   228%  38.0  310s
 1033372 292334     cutoff   41         0.01007    0.03292   227%  38.0  315s
 1050442 296581    0.02096   35   55    0.01007    0.03283   226%  37.9  320s
 1067663 301076    0.02370   31   51    0.01007    0.03275   225%  37.9  325s
 1081304 304494    0.01192   43   45    0.01007    0.03269   224%  37.9  330s
 1099278 309321     cutoff   41         0.01007    0.03260   224%  37.9  335s
 1116766 313545     cutoff   47         0.01007    0.03252   223%  37.8  340s
 1133915 317925    0.02828   36   64    0.01007    0.03243   222%  37.8  345s
 1151458 322309    0.02322   31   51    0.01007    0.03235   221%  37.8  350s
 1168973 326768     cutoff   40         0.01007    0.03227   220%  37.8  355s
 1186430 330960    0.03120   32   56    0.01007    0.03219   220%  37.8  360s

Cutting planes:
  Gomory: 19
  Implied bound: 34
  MIR: 11
  Flow cover: 89
  Inf proof: 14
  RLT: 119
  Relax-and-lift: 29
  BQP: 32

Explored 1186584 nodes (44806855 simplex iterations) in 360.00 seconds (396.72 work units)
Thread count was 4 (of 4 available processors)

Solution count 10: 0.0100738 0.00718866 0.00703162 ... 0.00514509

Time limit reached
Best objective 1.007378685409e-02, best bound 3.219198826106e-02, gap 219.5619%
{"verdict": "UNRESOLVED", "status": "TIME_LIMIT", "runtime": 360.00264501571655, "objval": 0.010073786854085108, "objbound": 0.03219198826106191, "binaries": 46}
