Set parameter NodefileStart to value 6
Read parameters from file gurobi.env
Restricted license - for non-production use only - expires 2027-11-29
Set parameter OutputFlag to value 1
Set parameter Threads to value 4
Set parameter TimeLimit to value 360
Set parameter MIPGap to value 5e-05
Set parameter MIPFocus to value 2
Set parameter NonConvex to value 2
Set parameter BestBdStop to value 2.7426211734693878e-02
Gurobi Optimizer version 13.0.3 build v13.0.3rc0 (linux64 - "Ubuntu 24.04.5 LTS")

CPU model: AMD EPYC 9V45 96-Core Processor, instruction set [SSE2|AVX|AVX2|AVX512]
Thread count: 2 physical cores, 4 logical processors, using up to 4 threads

Non-default parameters:
TimeLimit  360
BestBdStop  2.7426211734693878e-02
MIPGap  5e-05
MIPFocus  2
NodefileStart  6
NonConvex  2
Threads  4

Optimize a model with 141 rows, 111 columns and 810 nonzeros (Max)
Model fingerprint: 0x27603c6d
Model has 1 linear objective coefficients
Model has 50 quadratic constraints
Variable types: 65 continuous, 46 integer (46 binary)
Coefficient statistics:
  Matrix range     [5e-01, 1e+00]
  QMatrix range    [1e+00, 1e+00]
  QLMatrix range   [1e+00, 1e+00]
  Objective range  [1e+00, 1e+00]
  Bounds range     [5e-01, 1e+00]
  RHS range        [1e+00, 1e+00]

Found heuristic solution: objective -0.0000000
Presolve time: 0.00s
Presolved: 341 rows, 112 columns, 1210 nonzeros
Presolved model has 50 bilinear constraint(s)

Solving non-convex MIQCP to global optimality

Variable types: 66 continuous, 46 integer (46 binary)
Root relaxation presolve removed 50 rows and 1 columns
Root relaxation presolved: 291 rows, 111 columns, 1160 nonzeros


Root relaxation: objective 8.333333e-02, 111 iterations, 0.00 seconds (0.00 work units)

    Nodes    |    Current Node    |     Objective Bounds      |     Work
 Expl Unexpl |  Obj  Depth IntInf | Incumbent    BestBd   Gap | It/Node Time

     0     0    0.08333    0   47   -0.00000    0.08333      -     -    0s
     0     0    0.08333    0   63   -0.00000    0.08333      -     -    0s
     0     0    0.08333    0   63   -0.00000    0.08333      -     -    0s
     0     0    0.08333    0   62   -0.00000    0.08333      -     -    0s
     0     0    0.08333    0   56   -0.00000    0.08333      -     -    0s
     0     0    0.07895    0   46   -0.00000    0.07895      -     -    0s
     0     0    0.07895    0   47   -0.00000    0.07895      -     -    0s
     0     0    0.07895    0   47   -0.00000    0.07895      -     -    0s
     0     2    0.07895    0   47   -0.00000    0.07895      -     -    0s
H   91   112                       0.0000000    0.07895      -  27.2    0s
H  701   645                       0.0000000    0.07895      -  29.1    0s
H 1149   944                       0.0000000    0.07895      -  32.1    0s
H 1482  1138                       0.0000001    0.07335      -  33.0    1s
* 1717  1263              87       0.0000011    0.07335      -  29.1    1s
* 1881  1208              96       0.0000012    0.07335      -  27.6    1s
H 2912  1638                       0.0000023    0.05423      -  25.0    1s
 23623 16245    0.03194   32   50    0.00000    0.04631      -  24.4    5s
 50485 34453    0.00887   34   51    0.00000    0.04458      -  25.0   10s
 77851 52977    0.00279   45   50    0.00000    0.04347      -  25.5   15s
H82676 55837                       0.0000023    0.04334      -  25.6   16s
 101785 68631    0.01665   40   52    0.00000    0.04285      -  25.8   20s
 129875 87230     cutoff   62         0.00000    0.04245      -  26.8   25s
 157795 105506    0.01438   44   51    0.00000    0.04204      -  27.5   30s
 188007 125894    0.00603   48   52    0.00000    0.04170      -  28.5   35s
 216107 144728    0.01425   43   43    0.00000    0.04134      -  29.3   40s
 245293 164365    0.00596   51   50    0.00000    0.04110      -  29.7   45s
 273268 182715    0.00010   73   50    0.00000    0.04088      -  30.1   50s
 302740 202503    0.00069   57   50    0.00000    0.04077      -  30.5   55s
 328582 219093     cutoff   97         0.00000    0.04059      -  30.6   60s
 358410 238825    0.00135   54   50    0.00000    0.04039      -  30.8   65s
 385867 256568    0.00002   70   50    0.00000    0.04022      -  31.0   70s
 413588 274913    0.00463   53   53    0.00000    0.04005      -  31.3   75s
 437828 291000    0.00001   85   51    0.00000    0.03993      -  31.4   80s
 464877 308385    0.01001   45   52    0.00000    0.03977      -  31.5   85s
 495453 329034    0.00100   63   50    0.00000    0.03970      -  31.5   90s
 523983 347542    0.00015   53   36    0.00000    0.03958      -  31.6   95s
 553644 366763    0.00683   47   43    0.00000    0.03946      -  31.7  100s
 582379 385378    0.01168   42   50    0.00000    0.03935      -  31.8  105s
 609731 403452    0.00052   69   50    0.00000    0.03926      -  31.9  110s
 633973 419391    0.00000   82   45    0.00000    0.03919      -  32.0  115s
 662256 439099    0.00027   45   25    0.00000    0.03918      -  32.0  120s
 690556 458216    0.00203   55   51    0.00000    0.03918      -  32.1  125s
 719116 477511    0.00032   68   51    0.00000    0.03913      -  32.2  130s
 748414 496906    0.00032   70   37    0.00000    0.03906      -  32.2  135s
 776709 515145     cutoff   86         0.00000    0.03899      -  32.3  140s
 805079 534399    0.00037   62   50    0.00000    0.03893      -  32.3  145s
 828761 550210     cutoff   80         0.00000    0.03888      -  32.4  150s
 856396 567990    0.01369   43   50    0.00000    0.03882      -  32.5  155s
 881431 584682    0.00008   63   50    0.00000    0.03877      -  32.5  160s
 910905 603603    0.01913   45   50    0.00000    0.03871      -  32.5  165s
 938885 621959    0.02664   36   51    0.00000    0.03867      -  32.6  170s
 967515 640733    0.00352   46   52    0.00000    0.03861      -  32.6  175s
 993801 657842    0.00000   82   44    0.00000    0.03855      -  32.7  180s
 1023789 677876    0.02141   40   54    0.00000    0.03849      -  32.7  185s
 1050794 695380    0.01935   48   51    0.00000    0.03844      -  32.7  190s
 1079246 714308     cutoff   51         0.00000    0.03840      -  32.8  195s
 1105690 731908     cutoff   95         0.00000    0.03835      -  32.8  200s
 1134740 751359    0.00000   94   50    0.00000    0.03830      -  32.9  205s
 1161652 768999    0.00003   77   50    0.00000    0.03826      -  32.9  210s
 1189913 787348    0.00000   70   42    0.00000    0.03822      -  32.9  215s
 1217194 805171    0.01399   45   50    0.00000    0.03817      -  33.0  220s
 1245629 824344    0.00012   68   50    0.00000    0.03812      -  33.0  225s
 1273691 842648    0.01441   44   50    0.00000    0.03808      -  33.1  230s
 1295276 857004    0.00836   43   45    0.00000    0.03804      -  33.1  235s
 1321303 874011    0.00031   64   55    0.00000    0.03799      -  33.2  240s
 1349150 891909     cutoff   47         0.00000    0.03795      -  33.2  245s
 1373788 908086    0.01120   47   53    0.00000    0.03791      -  33.2  250s
 1400196 925020    0.00619   44   52    0.00000    0.03787      -  33.3  255s
 1426277 942425    0.02993   37   54    0.00000    0.03783      -  33.3  260s
 1454913 961341    0.00000   79   31    0.00000    0.03780      -  33.3  265s
 1480841 979136    0.00371   53   50    0.00000    0.03777      -  33.4  270s
 1508470 998298    0.00045   64   50    0.00000    0.03774      -  33.4  275s
 1536122 1016184    0.00000   60   42    0.00000    0.03770      -  33.4  280s
 1562348 1033436    0.00579   52   50    0.00000    0.03767      -  33.4  285s
 1588979 1050752    0.00264   53   52    0.00000    0.03764      -  33.4  290s
 1615678 1067925    0.00468   43   46    0.00000    0.03761      -  33.4  295s
 1642164 1085710     cutoff   78         0.00000    0.03759      -  33.5  300s
 1669578 1103998    0.00424   61   50    0.00000    0.03756      -  33.5  305s
 1695223 1121053    0.00000   78   43    0.00000    0.03753      -  33.5  310s
 1723770 1140316     cutoff   49         0.00000    0.03750      -  33.5  315s
 1749186 1156811    0.00188   52   53    0.00000    0.03747      -  33.6  320s
 1772487 1171964 infeasible   82         0.00000    0.03745      -  33.6  325s
 1798658 1189293    0.02679   37   52    0.00000    0.03742      -  33.6  330s
 1825469 1206888    0.00433   57   50    0.00000    0.03739      -  33.6  335s
 1852749 1225280    0.00789   44   52    0.00000    0.03737      -  33.6  340s
 1878086 1243081    0.00000   83   48    0.00000    0.03736      -  33.7  345s
 1906376 1262422    0.00001   77   31    0.00000    0.03735      -  33.7  350s
 1929678 1278215    0.01476   37   40    0.00000    0.03733      -  33.7  355s
 1957040 1296052    0.00000   96   45    0.00000    0.03731      -  33.7  360s

Cutting planes:
  Gomory: 14
  Lift-and-project: 1
  Implied bound: 33
  MIR: 13
  Flow cover: 150
  Inf proof: 8
  RLT: 115
  Relax-and-lift: 20
  BQP: 28

Explored 1957076 nodes (66002436 simplex iterations) in 360.00 seconds (637.85 work units)
Thread count was 4 (of 4 available processors)

Solution count 9: 2.33208e-06 2.32982e-06 1.22631e-06 ... -0

Time limit reached
Best objective 2.332083255281e-06, best bound 3.731051264105e-02, gap 1599779.1019%
{"verdict": "UNRESOLVED", "status": "TIME_LIMIT", "runtime": 360.00143003463745, "objval": 2.3320832552811544e-06, "objbound": 0.03731051264105019, "binaries": 46}
