Set parameter NodefileStart to value 6
Read parameters from file gurobi.env
Restricted license - for non-production use only - expires 2027-11-29
Set parameter OutputFlag to value 1
Set parameter Threads to value 4
Set parameter TimeLimit to value 360
Set parameter MIPGap to value 5e-05
Set parameter MIPFocus to value 2
Set parameter NonConvex to value 2
Set parameter BestBdStop to value 2.7426211734693878e-02
Gurobi Optimizer version 13.0.3 build v13.0.3rc0 (linux64 - "Ubuntu 24.04.5 LTS")

CPU model: AMD EPYC 9V45 96-Core Processor, instruction set [SSE2|AVX|AVX2|AVX512]
Thread count: 2 physical cores, 4 logical processors, using up to 4 threads

Non-default parameters:
TimeLimit  360
BestBdStop  2.7426211734693878e-02
MIPGap  5e-05
MIPFocus  2
NodefileStart  6
NonConvex  2
Threads  4

Optimize a model with 141 rows, 111 columns and 810 nonzeros (Max)
Model fingerprint: 0x79edfeae
Model has 1 linear objective coefficients
Model has 50 quadratic constraints
Variable types: 65 continuous, 46 integer (46 binary)
Coefficient statistics:
  Matrix range     [5e-01, 1e+00]
  QMatrix range    [1e+00, 1e+00]
  QLMatrix range   [1e+00, 1e+00]
  Objective range  [1e+00, 1e+00]
  Bounds range     [5e-01, 1e+00]
  RHS range        [1e+00, 1e+00]

Found heuristic solution: objective -0.0000000
Presolve time: 0.00s
Presolved: 341 rows, 112 columns, 1210 nonzeros
Presolved model has 50 bilinear constraint(s)

Solving non-convex MIQCP to global optimality

Variable types: 66 continuous, 46 integer (46 binary)
Root relaxation presolve removed 50 rows and 1 columns
Root relaxation presolved: 291 rows, 111 columns, 1160 nonzeros


Root relaxation: objective 8.333333e-02, 93 iterations, 0.00 seconds (0.00 work units)

    Nodes    |    Current Node    |     Objective Bounds      |     Work
 Expl Unexpl |  Obj  Depth IntInf | Incumbent    BestBd   Gap | It/Node Time

     0     0    0.08333    0   49   -0.00000    0.08333      -     -    0s
     0     0    0.08333    0   47   -0.00000    0.08333      -     -    0s
     0     0    0.08333    0   48   -0.00000    0.08333      -     -    0s
     0     0    0.08333    0   65   -0.00000    0.08333      -     -    0s
     0     0    0.08333    0   48   -0.00000    0.08333      -     -    0s
     0     0    0.08333    0   63   -0.00000    0.08333      -     -    0s
     0     0    0.07843    0   42   -0.00000    0.07843      -     -    0s
     0     0    0.07843    0   42   -0.00000    0.07843      -     -    0s
     0     2    0.07843    0   42   -0.00000    0.07843      -     -    0s
*  547   506              87       0.0000001    0.07843      -  29.1    0s
*  678   604              90       0.0000001    0.07843      -  29.2    0s
*  696   600              92       0.0000002    0.07843      -  29.1    0s
H 1211   963                       0.0000004    0.07843      -  27.2    0s
* 1654  1169              76       0.0000005    0.07589      -  28.7    1s
* 2128  1362              97       0.0000008    0.07589      -  28.7    1s
* 2221  1370              96       0.0000010    0.07589      -  28.2    1s
* 2231  1322              99       0.0000012    0.07589      -  28.1    1s
H 6483  4049                       0.0000012    0.04446      -  30.8    2s
 22315 13487    0.01731   31   55    0.00000    0.03723      -  31.9    5s
H33751 20025                       0.0000012    0.03606      -  31.8    7s
 48576 28736    0.00346   36   50    0.00000    0.03449      -  31.8   10s
 79339 47804    0.00384   44   51    0.00000    0.03283      -  31.7   15s
 111143 67404    0.00011   51   34    0.00000    0.03171      -  31.3   20s
 142642 86295    0.00000   56   46    0.00000    0.03069      -  31.3   25s
 171103 103055    0.00002   69   49    0.00000    0.02982      -  31.3   30s
 202489 121171    0.01292   31   56    0.00000    0.02899      -  31.2   35s
 234588 140596    0.00939   41   40    0.00000    0.02845      -  31.1   40s
 265430 158570    0.00008   56   34    0.00000    0.02797      -  31.1   45s
 295226 176373    0.00449   32   38    0.00000    0.02748      -  31.1   50s

Cutting planes:
  Gomory: 12
  Lift-and-project: 1
  Implied bound: 26
  MIR: 11
  Flow cover: 42
  Inf proof: 3
  RLT: 76
  Relax-and-lift: 15
  BQP: 23

Explored 300764 nodes (9358806 simplex iterations) in 50.82 seconds (81.75 work units)
Thread count was 4 (of 4 available processors)

Solution count 10: 1.17612e-06 1.16321e-06 9.91041e-07 ... -0

Optimization achieved user objective limit
Best objective 1.176116596974e-06, best bound 2.742249446578e-02, gap 2331513.5948%
{"verdict": "PROVED", "status": "BOUND_REACHED", "runtime": 50.82331609725952, "objval": 1.1761165969743313e-06, "objbound": 0.02742249446578486, "binaries": 46}
