Set parameter NodefileStart to value 6
Read parameters from file gurobi.env
Restricted license - for non-production use only - expires 2027-11-29
Set parameter OutputFlag to value 1
Set parameter Threads to value 4
Set parameter TimeLimit to value 360
Set parameter MIPGap to value 5e-05
Set parameter MIPFocus to value 2
Set parameter NonConvex to value 2
Set parameter BestBdStop to value 2.7426211734693878e-02
Gurobi Optimizer version 13.0.3 build v13.0.3rc0 (linux64 - "Ubuntu 24.04.5 LTS")

CPU model: AMD EPYC 9V74 80-Core Processor, instruction set [SSE2|AVX|AVX2]
Thread count: 2 physical cores, 4 logical processors, using up to 4 threads

Non-default parameters:
TimeLimit  360
BestBdStop  2.7426211734693878e-02
MIPGap  5e-05
MIPFocus  2
NodefileStart  6
NonConvex  2
Threads  4

Optimize a model with 133 rows, 103 columns and 742 nonzeros (Max)
Model fingerprint: 0x5087b1e2
Model has 1 linear objective coefficients
Model has 50 quadratic constraints
Variable types: 65 continuous, 38 integer (38 binary)
Coefficient statistics:
  Matrix range     [5e-01, 1e+00]
  QMatrix range    [1e+00, 1e+00]
  QLMatrix range   [1e+00, 1e+00]
  Objective range  [1e+00, 1e+00]
  Bounds range     [5e-01, 1e+00]
  RHS range        [1e+00, 1e+00]

Found heuristic solution: objective -0.0000000
Presolve time: 0.00s
Presolved: 333 rows, 104 columns, 1142 nonzeros
Presolved model has 50 bilinear constraint(s)

Solving non-convex MIQCP to global optimality

Variable types: 66 continuous, 38 integer (38 binary)
Root relaxation presolve removed 50 rows and 1 columns
Root relaxation presolved: 283 rows, 103 columns, 1092 nonzeros


Root relaxation: objective 5.357143e-02, 114 iterations, 0.00 seconds (0.00 work units)

    Nodes    |    Current Node    |     Objective Bounds      |     Work
 Expl Unexpl |  Obj  Depth IntInf | Incumbent    BestBd   Gap | It/Node Time

     0     0    0.05357    0   52   -0.00000    0.05357      -     -    0s
     0     0    0.05357    0   55   -0.00000    0.05357      -     -    0s
     0     0    0.05357    0   65   -0.00000    0.05357      -     -    0s
     0     0    0.05357    0   54   -0.00000    0.05357      -     -    0s
     0     0    0.05357    0   54   -0.00000    0.05357      -     -    0s
     0     0    0.04965    0   51   -0.00000    0.04965      -     -    0s
     0     0    0.04911    0   59   -0.00000    0.04911      -     -    0s
     0     0    0.04857    0   64   -0.00000    0.04857      -     -    0s
     0     0    0.04857    0   64   -0.00000    0.04857      -     -    0s
     0     0    0.04857    0   59   -0.00000    0.04857      -     -    0s
     0     0    0.04857    0   61   -0.00000    0.04857      -     -    0s
     0     0    0.04851    0   61   -0.00000    0.04851      -     -    0s
     0     0    0.04851    0   59   -0.00000    0.04851      -     -    0s
     0     0    0.04851    0   59   -0.00000    0.04851      -     -    0s
     0     2    0.04851    0   59   -0.00000    0.04851      -     -    0s
H  526   444                       0.0000000    0.04851      -  24.9    0s
H  537   512                       0.0000000    0.04851      -  25.0    0s
*  613   512              96       0.0000001    0.04851      -  24.3    0s
H  654   566                       0.0000002    0.04851      -  24.4    0s
H  801   661                       0.0000006    0.04851      -  25.5    0s

Cutting planes:
  Gomory: 6
  RLT: 34
  Relax-and-lift: 1
  BQP: 3

Explored 1211 nodes (33172 simplex iterations) in 1.25 seconds (0.88 work units)
Thread count was 4 (of 4 available processors)

Solution count 5: 5.64255e-07 1.6243e-07 6.46983e-08 ... -0

Optimization achieved user objective limit
Best objective 5.642554587093e-07, best bound 2.537564152620e-02, gap -
{"verdict": "PROVED", "status": "BOUND_REACHED", "runtime": 1.2526650428771973, "objval": 5.642554587092963e-07, "objbound": 0.02537564152620272, "binaries": 38}
