Set parameter NodefileStart to value 6
Read parameters from file gurobi.env
Restricted license - for non-production use only - expires 2027-11-29
Set parameter OutputFlag to value 1
Set parameter Threads to value 4
Set parameter TimeLimit to value 360
Set parameter MIPGap to value 5e-05
Set parameter MIPFocus to value 2
Set parameter NonConvex to value 2
Set parameter BestBdStop to value 2.7426211734693878e-02
Gurobi Optimizer version 13.0.3 build v13.0.3rc0 (linux64 - "Ubuntu 24.04.5 LTS")

CPU model: AMD EPYC 7763 64-Core Processor, instruction set [SSE2|AVX|AVX2]
Thread count: 2 physical cores, 4 logical processors, using up to 4 threads

Non-default parameters:
TimeLimit  360
BestBdStop  2.7426211734693878e-02
MIPGap  5e-05
MIPFocus  2
NodefileStart  6
NonConvex  2
Threads  4

Optimize a model with 149 rows, 119 columns and 871 nonzeros (Max)
Model fingerprint: 0x8e797dcd
Model has 1 linear objective coefficients
Model has 50 quadratic constraints
Variable types: 65 continuous, 54 integer (54 binary)
Coefficient statistics:
  Matrix range     [5e-01, 1e+00]
  QMatrix range    [1e+00, 1e+00]
  QLMatrix range   [1e+00, 1e+00]
  Objective range  [1e+00, 1e+00]
  Bounds range     [5e-01, 1e+00]
  RHS range        [1e+00, 1e+00]

Found heuristic solution: objective -0.0000000
Presolve time: 0.00s
Presolved: 349 rows, 120 columns, 1271 nonzeros
Presolved model has 50 bilinear constraint(s)

Solving non-convex MIQCP to global optimality

Variable types: 66 continuous, 54 integer (54 binary)
Root relaxation presolve removed 50 rows and 1 columns
Root relaxation presolved: 299 rows, 119 columns, 1221 nonzeros


Root relaxation: objective 8.333333e-02, 118 iterations, 0.00 seconds (0.00 work units)

    Nodes    |    Current Node    |     Objective Bounds      |     Work
 Expl Unexpl |  Obj  Depth IntInf | Incumbent    BestBd   Gap | It/Node Time

     0     0    0.08333    0   48   -0.00000    0.08333      -     -    0s
H    0     0                       0.0000000    0.08333      -     -    0s
     0     0    0.07143    0   53    0.00000    0.07143      -     -    0s
     0     0    0.07143    0   50    0.00000    0.07143      -     -    0s
     0     0    0.07143    0   54    0.00000    0.07143      -     -    0s
     0     0    0.07143    0   58    0.00000    0.07143      -     -    0s
     0     0    0.07143    0   51    0.00000    0.07143      -     -    0s
     0     0    0.07143    0   52    0.00000    0.07143      -     -    0s
     0     0    0.07143    0   50    0.00000    0.07143      -     -    0s
     0     0    0.07143    0   50    0.00000    0.07143      -     -    0s
     0     2    0.07143    0   50    0.00000    0.07143      -     -    0s
H   71    92                       0.0000005    0.06689      -  20.1    0s
H 1194   997                       0.0064369    0.06689   939%  14.1    1s
H 1194   947                       0.0070061    0.06689   855%  14.1    1s
H 2097  1424                       0.0092410    0.06689   624%  15.4    1s
H 2860  1661                       0.0092983    0.06619   612%  19.3    1s
H 2986  1676                       0.0092983    0.06619   612%  20.0    1s
H 3708  1947                       0.0096233    0.06610   587%  22.3    2s
H 4761  2759                       0.0096407    0.06377   561%  22.5    2s
H 6017  2677                       0.0118754    0.06271   428%  21.7    2s
H 8779  4247                       0.0119179    0.05920   397%  23.8    3s
H 8903  4349                       0.0119190    0.05914   396%  23.8    4s
H 9054  4515                       0.0119190    0.05898   395%  23.9    4s
 12806  6428    0.02085   32   46    0.01192    0.05623   372%  24.9    5s
H22128 10686                       0.0120921    0.05400   347%  26.7    8s
 30063 14561    0.01227   34   54    0.01209    0.05271   336%  27.5   10s
H31496 16559                       0.0124991    0.05250   320%  27.4   11s
 51047 23636    0.02833   30   54    0.01250    0.05022   302%  28.0   15s
 72451 33222     cutoff   34         0.01250    0.04900   292%  28.3   20s
 95773 43278    0.01272   38   52    0.01250    0.04796   284%  28.3   25s
 119115 53320    0.01928   35   58    0.01250    0.04717   277%  28.3   30s
 142868 62791    0.01459   42   47    0.01250    0.04638   271%  28.2   35s
H152820 66483                       0.0124993    0.04607   269%  28.1   37s
H154121 66052                       0.0127944    0.04605   260%  28.1   38s
 161024 69185    0.01306   33   50    0.01279    0.04587   258%  28.2   40s
 184016 78808    0.03971   29   58    0.01279    0.04544   255%  28.2   45s
 202780 86219    0.01487   32   50    0.01279    0.04500   252%  28.0   50s
 226063 95439    0.01376   40   50    0.01279    0.04462   249%  27.9   55s
 249873 105443    0.03648   28   52    0.01279    0.04429   246%  27.8   60s
 273468 114945    0.02006   36   55    0.01279    0.04400   244%  27.8   65s
 296868 124339    0.02394   32   55    0.01279    0.04366   241%  27.8   70s
 320520 133449     cutoff   39         0.01279    0.04339   239%  27.7   75s
 344263 142570    0.01344   32   41    0.01279    0.04309   237%  27.6   80s
 368069 151939     cutoff   43         0.01279    0.04281   235%  27.5   85s
 391158 160891     cutoff   38         0.01279    0.04259   233%  27.4   90s
 416403 170789    0.01560   39   53    0.01279    0.04235   231%  27.3   95s
H432729 177151                       0.0127947    0.04224   230%  27.3   98s
 435917 178248    0.01520   37   56    0.01279    0.04221   230%  27.3  100s
 457196 186514     cutoff   41         0.01279    0.04205   229%  27.3  105s
 481333 195211     cutoff   41         0.01279    0.04187   227%  27.2  110s
 505767 204619     cutoff   39         0.01279    0.04172   226%  27.1  115s
 530323 213182     cutoff   36         0.01279    0.04155   225%  27.0  120s
 554804 221996    0.02178   31   53    0.01279    0.04139   224%  26.9  125s
 578777 230460     cutoff   30         0.01279    0.04125   222%  26.9  130s
 602134 239605    0.02585   28   55    0.01279    0.04115   222%  26.9  135s
 626175 248299    0.01696   42   56    0.01279    0.04103   221%  26.9  140s
 649872 257551     cutoff   36         0.01279    0.04093   220%  26.9  145s
 671193 265375    0.03915   28   55    0.01279    0.04082   219%  26.9  150s
 688975 272200    0.01952   41   57    0.01279    0.04073   218%  26.8  155s
 711904 280549    0.01306   35   50    0.01279    0.04061   217%  26.8  160s
 733163 288448     cutoff   49         0.01279    0.04051   217%  26.8  165s
 755863 296636     cutoff   45         0.01279    0.04041   216%  26.8  170s
 777448 305179    0.01348   34   43    0.01279    0.04034   215%  26.8  175s
 801175 313734    0.01746   38   47    0.01279    0.04021   214%  26.8  180s
 825263 322534    0.02338   37   56    0.01279    0.04011   213%  26.7  185s
 848983 331539    0.01374   41   40    0.01279    0.04001   213%  26.7  190s
 873227 340513     cutoff   39         0.01279    0.03993   212%  26.7  195s
 896992 348931    0.01740   38   54    0.01279    0.03985   211%  26.7  200s
 921435 358179    0.02044   32   47    0.01279    0.03977   211%  26.7  205s
 944940 366648     cutoff   38         0.01279    0.03968   210%  26.6  210s
 964061 373562    0.03415   27   55    0.01279    0.03962   210%  26.6  215s
 988285 382234    0.01906   41   57    0.01279    0.03953   209%  26.6  220s
 1010684 390568    0.01694   39   50    0.01279    0.03946   208%  26.6  225s
 1033898 399164    0.03927   34   54    0.01279    0.03939   208%  26.6  230s
 1057836 408032    0.02753   34   55    0.01279    0.03931   207%  26.6  235s
 1081933 416759    0.01494   40   51    0.01279    0.03923   207%  26.5  240s
 1106143 425692     cutoff   38         0.01279    0.03917   206%  26.5  245s
 1128947 434302    0.02275   36   47    0.01279    0.03912   206%  26.5  250s
 1152890 443435    0.01756   37   51    0.01279    0.03906   205%  26.5  255s
 1174187 450938    0.01292   37   56    0.01279    0.03901   205%  26.5  260s
 1193206 457927    0.03333   35   53    0.01279    0.03896   205%  26.5  265s
 1217958 466656     cutoff   43         0.01279    0.03891   204%  26.4  270s
 1242068 474855     cutoff   45         0.01279    0.03884   204%  26.4  275s
 1265679 483458 infeasible   47         0.01279    0.03878   203%  26.4  280s
 1290145 491621    0.01281   43   57    0.01279    0.03872   203%  26.4  285s
 1314901 500337    0.02045   42   61    0.01279    0.03867   202%  26.4  290s
 1339488 509032    0.03509   29   55    0.01279    0.03861   202%  26.4  295s
 1362314 517209    0.01592   33   50    0.01279    0.03856   201%  26.3  300s
 1387259 525777    0.02443   39   64    0.01279    0.03851   201%  26.3  305s
 1405801 532002     cutoff   53         0.01279    0.03847   201%  26.3  310s
 1429242 540188    0.03021   35   57    0.01279    0.03842   200%  26.3  315s
 1454221 548667    0.02607   42   56    0.01279    0.03837   200%  26.3  320s
 1478032 556940    0.01865   34   51    0.01279    0.03831   199%  26.2  325s
 1502715 565862    0.01290   44   50    0.01279    0.03826   199%  26.2  330s
 1526639 574765     cutoff   38         0.01279    0.03822   199%  26.2  335s
 1549993 582950    0.02509   35   52    0.01279    0.03818   198%  26.2  340s
 1574631 591431    0.01309   42   54    0.01279    0.03814   198%  26.2  345s
 1599138 600308    0.01330   35   50    0.01279    0.03809   198%  26.2  350s
 1622082 607971     cutoff   33         0.01279    0.03805   197%  26.2  355s
 1644750 616041    0.01720   40   53    0.01279    0.03800   197%  26.1  360s

Cutting planes:
  Gomory: 14
  Lift-and-project: 2
  Implied bound: 36
  MIR: 5
  Mixing: 2
  Flow cover: 63
  Inf proof: 25
  RLT: 97
  Relax-and-lift: 16
  BQP: 34

Explored 1644962 nodes (43007066 simplex iterations) in 360.00 seconds (393.41 work units)
Thread count was 4 (of 4 available processors)

Solution count 10: 0.0127947 0.0124993 0.0124991 ... 0.00929833

Time limit reached
Best objective 1.279468934306e-02, best bound 3.799936375068e-02, gap 196.9933%
{"verdict": "UNRESOLVED", "status": "TIME_LIMIT", "runtime": 360.0024859905243, "objval": 0.01279468934306121, "objbound": 0.037999363750682254, "binaries": 54}
