Set parameter NodefileStart to value 6
Read parameters from file gurobi.env
Restricted license - for non-production use only - expires 2027-11-29
Set parameter OutputFlag to value 1
Set parameter Threads to value 4
Set parameter TimeLimit to value 360
Set parameter MIPGap to value 5e-05
Set parameter MIPFocus to value 2
Set parameter NonConvex to value 2
Set parameter BestBdStop to value 2.7426211734693878e-02
Gurobi Optimizer version 13.0.3 build v13.0.3rc0 (linux64 - "Ubuntu 24.04.5 LTS")

CPU model: AMD EPYC 7763 64-Core Processor, instruction set [SSE2|AVX|AVX2]
Thread count: 2 physical cores, 4 logical processors, using up to 4 threads

Non-default parameters:
TimeLimit  360
BestBdStop  2.7426211734693878e-02
MIPGap  5e-05
MIPFocus  2
NodefileStart  6
NonConvex  2
Threads  4

Optimize a model with 145 rows, 115 columns and 846 nonzeros (Max)
Model fingerprint: 0xe6cb757b
Model has 1 linear objective coefficients
Model has 50 quadratic constraints
Variable types: 65 continuous, 50 integer (50 binary)
Coefficient statistics:
  Matrix range     [5e-01, 1e+00]
  QMatrix range    [1e+00, 1e+00]
  QLMatrix range   [1e+00, 1e+00]
  Objective range  [1e+00, 1e+00]
  Bounds range     [5e-01, 1e+00]
  RHS range        [1e+00, 1e+00]

Found heuristic solution: objective -0.0000000
Presolve time: 0.00s
Presolved: 345 rows, 116 columns, 1246 nonzeros
Presolved model has 50 bilinear constraint(s)

Solving non-convex MIQCP to global optimality

Variable types: 66 continuous, 50 integer (50 binary)
Root relaxation presolve removed 50 rows and 1 columns
Root relaxation presolved: 295 rows, 115 columns, 1196 nonzeros


Root relaxation: objective 5.932203e-02, 95 iterations, 0.00 seconds (0.00 work units)

    Nodes    |    Current Node    |     Objective Bounds      |     Work
 Expl Unexpl |  Obj  Depth IntInf | Incumbent    BestBd   Gap | It/Node Time

     0     0    0.05932    0   52   -0.00000    0.05932      -     -    0s
     0     0    0.04167    0   49   -0.00000    0.04167      -     -    0s
     0     0    0.03846    0   60   -0.00000    0.03846      -     -    0s
H    0     0                       0.0000000    0.03846      -     -    0s
     0     0    0.03846    0   60    0.00000    0.03846      -     -    0s
     0     0    0.03846    0   60    0.00000    0.03846      -     -    0s
     0     0    0.03846    0   53    0.00000    0.03846      -     -    0s
     0     0    0.03846    0   54    0.00000    0.03846      -     -    0s
     0     0    0.03846    0   54    0.00000    0.03846      -     -    0s
     0     0    0.03846    0   54    0.00000    0.03846      -     -    0s
     0     2    0.03846    0   54    0.00000    0.03846      -     -    0s
H  404   307                       0.0000000    0.03846      -  22.4    0s
*  422   305              61       0.0000000    0.03846      -  21.6    0s
H  595   467                       0.0000000    0.03846      -  22.1    0s
H 1227   865                       0.0000000    0.03846      -  21.8    1s

Cutting planes:
  Gomory: 5
  Flow cover: 1
  RLT: 27
  BQP: 16

Explored 1296 nodes (28536 simplex iterations) in 1.75 seconds (1.09 work units)
Thread count was 4 (of 4 available processors)

Solution count 5: 4.11121e-09 3.60565e-09 9.46133e-10 ... -0

Optimization achieved user objective limit
Best objective 4.111211892045e-09, best bound 1.360297166771e-02, gap -
{"verdict": "PROVED", "status": "BOUND_REACHED", "runtime": 1.7515099048614502, "objval": 4.111211892044825e-09, "objbound": 0.01360297166771224, "binaries": 50}
