Set parameter NodefileStart to value 6
Read parameters from file gurobi.env
Restricted license - for non-production use only - expires 2027-11-29
Set parameter OutputFlag to value 1
Set parameter Threads to value 4
Set parameter TimeLimit to value 360
Set parameter MIPGap to value 5e-05
Set parameter MIPFocus to value 2
Set parameter NonConvex to value 2
Set parameter BestBdStop to value 2.7426211734693878e-02
Gurobi Optimizer version 13.0.3 build v13.0.3rc0 (linux64 - "Ubuntu 24.04.5 LTS")

CPU model: AMD EPYC 7763 64-Core Processor, instruction set [SSE2|AVX|AVX2]
Thread count: 2 physical cores, 4 logical processors, using up to 4 threads

Non-default parameters:
TimeLimit  360
BestBdStop  2.7426211734693878e-02
MIPGap  5e-05
MIPFocus  2
NodefileStart  6
NonConvex  2
Threads  4

Optimize a model with 141 rows, 111 columns and 810 nonzeros (Max)
Model fingerprint: 0xa718af39
Model has 1 linear objective coefficients
Model has 50 quadratic constraints
Variable types: 65 continuous, 46 integer (46 binary)
Coefficient statistics:
  Matrix range     [5e-01, 1e+00]
  QMatrix range    [1e+00, 1e+00]
  QLMatrix range   [1e+00, 1e+00]
  Objective range  [1e+00, 1e+00]
  Bounds range     [5e-01, 1e+00]
  RHS range        [1e+00, 1e+00]

Found heuristic solution: objective -0.0000000
Presolve time: 0.00s
Presolved: 341 rows, 112 columns, 1210 nonzeros
Presolved model has 50 bilinear constraint(s)

Solving non-convex MIQCP to global optimality

Variable types: 66 continuous, 46 integer (46 binary)
Root relaxation presolve removed 50 rows and 1 columns
Root relaxation presolved: 291 rows, 111 columns, 1160 nonzeros


Root relaxation: objective 8.333333e-02, 109 iterations, 0.00 seconds (0.00 work units)

    Nodes    |    Current Node    |     Objective Bounds      |     Work
 Expl Unexpl |  Obj  Depth IntInf | Incumbent    BestBd   Gap | It/Node Time

     0     0    0.08333    0   49   -0.00000    0.08333      -     -    0s
     0     0    0.08333    0   66   -0.00000    0.08333      -     -    0s
     0     0    0.08333    0   56   -0.00000    0.08333      -     -    0s
     0     0    0.08333    0   40   -0.00000    0.08333      -     -    0s
H    0     0                       0.0000001    0.08333      -     -    0s
H    0     0                       0.0000002    0.08333      -     -    0s
     0     0    0.08333    0   41    0.00000    0.08333      -     -    0s
     0     0    0.08333    0   43    0.00000    0.08333      -     -    0s
     0     0    0.08333    0   45    0.00000    0.08333      -     -    0s
     0     0    0.08333    0   42    0.00000    0.08333      -     -    0s
     0     0    0.08333    0   42    0.00000    0.08333      -     -    0s
     0     2    0.08333    0   42    0.00000    0.08333      -     -    0s
*  717   676             107       0.0000002    0.08333      -  20.8    0s
*  721   676             109       0.0000002    0.08333      -  20.7    0s
*  766   676             104       0.0000002    0.08333      -  20.0    0s
*  803   733             110       0.0000004    0.08333      -  19.8    0s
H 1195   966                       0.0000004    0.08122      -  22.4    1s
* 2000  1390             118       0.0000007    0.08122      -  22.4    1s
H 3239  1799                       0.0000010    0.07539      -  23.1    2s
H 3416  1882                       0.0000010    0.07539      -  23.5    2s
H 6948  3406                       0.0000885    0.07143      -  22.9    3s
* 8000  4001             104       0.0000899    0.07142      -  22.6    3s
* 8007  3988             104       0.0000915    0.07142      -  22.6    3s
H13037  5638                       0.0011721    0.06458  5410%  22.9    5s
H13590  5815                       0.0011985    0.06413  5251%  23.2    5s
H14267  6254                       0.0012605    0.06384  4965%  23.7    5s
H15307  6639                       0.0013337    0.06314  4634%  24.6    5s
H16973  7538                       0.0014532    0.06250  4201%  25.2    6s
H17319  7398                       0.0020323    0.06250  2975%  25.3    6s
*18597  6019             133       0.0090327    0.06249   592%  25.2    6s
H18708  5766                       0.0092780    0.06249   573%  25.2    6s
H18801  5724                       0.0094031    0.06249   565%  25.3    6s
H21502  7244                       0.0094409    0.06228   560%  26.5    8s
H25694  9475                       0.0099707    0.06124   514%  28.6    9s
H26139  9696                       0.0099744    0.06100   512%  28.8    9s
H26470  9884                       0.0099744    0.06084   510%  28.9    9s
H27629 10185                       0.0104718    0.06037   476%  29.4    9s
 27929 10345     cutoff   34         0.01047    0.06020   475%  29.6   10s
H28920 10158                       0.0123586    0.05994   385%  29.9   10s
H34206 11868                       0.0133359    0.05866   340%  30.9   12s
 44568 16183    0.02062   40   57    0.01334    0.05657   324%  32.5   15s
H47329 17257                       0.0134056    0.05633   320%  32.8   15s
H55260 20569                       0.0134598    0.05547   312%  33.6   18s
 60137 22553     cutoff   35         0.01346    0.05498   308%  33.9   20s
 77462 28968    0.02508   36   45    0.01346    0.05342   297%  34.8   25s
 94074 35081    0.05176   24   52    0.01346    0.05220   288%  35.3   30s
 112372 41425    0.02046   36   56    0.01346    0.05112   280%  35.7   35s
 130670 47368     cutoff   39         0.01346    0.05016   273%  36.0   40s
 148378 53331     cutoff   39         0.01346    0.04968   269%  36.2   45s
 160182 57182     cutoff   36         0.01346    0.04927   266%  36.4   50s
 176265 62201 infeasible   41         0.01346    0.04874   262%  36.5   55s
 194598 67997    0.02020   38   50    0.01346    0.04822   258%  36.7   60s
 211711 73440     cutoff   35         0.01346    0.04770   254%  36.9   65s
 229294 78986     cutoff   46         0.01346    0.04727   251%  37.1   70s
 246226 84118    0.02066   36   55    0.01346    0.04687   248%  37.2   75s
 263779 89341    0.03641   40   53    0.01346    0.04650   245%  37.4   80s
 281290 94322    0.02713   35   55    0.01346    0.04613   243%  37.5   85s
 298838 99228     cutoff   36         0.01346    0.04577   240%  37.6   90s
H310977 102202                       0.0136199    0.04558   235%  37.7   93s
H311443 102327                       0.0136200    0.04557   235%  37.7   93s
 314993 103263     cutoff   41         0.01362    0.04549   234%  37.7   95s
 329123 106894    0.03852   33   53    0.01362    0.04521   232%  37.7  100s
 346213 111998    0.03788   30   59    0.01362    0.04493   230%  37.8  105s
 363690 116587     cutoff   40         0.01362    0.04463   228%  37.9  110s
 381296 121684    0.02368   33   43    0.01362    0.04437   226%  38.0  115s
 397932 126189    0.01679   40   53    0.01362    0.04412   224%  38.1  120s
 415242 130743    0.03549   29   60    0.01362    0.04387   222%  38.1  125s
 433198 135258    0.02615   35   50    0.01362    0.04360   220%  38.1  130s
 450825 139575     cutoff   38         0.01362    0.04336   218%  38.2  135s
 464339 143331    0.01730   40   56    0.01362    0.04319   217%  38.2  140s
 481109 147881     cutoff   40         0.01362    0.04299   216%  38.3  145s
 498186 151979    0.03653   34   54    0.01362    0.04278   214%  38.3  150s
 515857 156467    0.01531   38   52    0.01362    0.04256   212%  38.3  155s
 533713 160992    0.01586   37   43    0.01362    0.04234   211%  38.3  160s
 551371 165105     cutoff   36         0.01362    0.04212   209%  38.4  165s
 569022 169340    0.02040   40   56    0.01362    0.04193   208%  38.4  170s
 586671 173462     cutoff   38         0.01362    0.04174   206%  38.4  175s
 603833 177537     cutoff   37         0.01362    0.04157   205%  38.5  180s
*620438 174240             120       0.0148345    0.04143   179%  38.5  184s
*620443 174233             122       0.0148350    0.04143   179%  38.5  184s
 621178 174324    0.02013   38   58    0.01484    0.04142   179%  38.5  185s
H621604 174218                       0.0148590    0.04142   179%  38.5  185s
H622431 173979                       0.0149174    0.04142   178%  38.5  185s
H623203 174046                       0.0149442    0.04141   177%  38.5  185s
H624355 174232                       0.0149442    0.04139   177%  38.5  186s
H624563 173536                       0.0150535    0.04139   175%  38.5  186s
H624847 173162                       0.0151203    0.04139   174%  38.5  186s
H625886 172855                       0.0152037    0.04138   172%  38.5  186s
H627179 165759                       0.0162639    0.04137   154%  38.5  187s
H628231 160916                       0.0169424    0.04136   144%  38.5  187s
H629545 161003                       0.0169636    0.04134   144%  38.5  188s
H631016 160824                       0.0170216    0.04133   143%  38.5  189s
 632543 161088    0.02152   39   57    0.01702    0.04131   143%  38.5  190s
 644157 163848    0.02322   33   52    0.01702    0.04118   142%  38.5  195s
 662411 166247     cutoff   41         0.01702    0.04100   141%  38.5  200s
 679631 169085    0.02133   37   55    0.01702    0.04085   140%  38.5  205s
 697356 172052    0.03138   36   53    0.01702    0.04067   139%  38.5  210s
 715531 174860    0.03478   35   58    0.01702    0.04049   138%  38.5  215s
 733115 177869    0.02821   37   51    0.01702    0.04031   137%  38.4  220s
 751086 180742     cutoff   39         0.01702    0.04014   136%  38.4  225s
 768763 183456    0.02849   31   56    0.01702    0.03998   135%  38.4  230s
 786832 185998    0.02142   39   56    0.01702    0.03981   134%  38.4  235s
 803150 187983    0.01822   38   51    0.01702    0.03968   133%  38.4  240s
 819245 190317    0.03536   32   51    0.01702    0.03954   132%  38.4  245s
 837238 192735    0.02670   37   52    0.01702    0.03939   131%  38.4  250s
 855067 195169    0.02455   36   49    0.01702    0.03925   131%  38.4  255s
 873124 197873     cutoff   40         0.01702    0.03911   130%  38.4  260s
 891000 200193     cutoff   36         0.01702    0.03897   129%  38.4  265s
 908569 202338    0.02058   32   55    0.01702    0.03883   128%  38.3  270s
 927114 204751    0.01783   43   54    0.01702    0.03869   127%  38.3  275s
 944358 206871    0.02407   35   53    0.01702    0.03855   126%  38.3  280s
 961597 209011     cutoff   36         0.01702    0.03841   126%  38.3  285s
 976373 210879    0.01760   42   47    0.01702    0.03829   125%  38.3  290s
 993542 212846    0.02494   33   49    0.01702    0.03816   124%  38.3  295s
 1011365 214933     cutoff   32         0.01702    0.03803   123%  38.3  300s
 1029468 217173    0.01885   38   49    0.01702    0.03790   123%  38.3  305s
 1046881 219272     cutoff   34         0.01702    0.03776   122%  38.3  310s
 1064490 221430     cutoff   36         0.01702    0.03763   121%  38.2  315s
 1082446 223545    0.02676   40   55    0.01702    0.03751   120%  38.2  320s
 1098277 225563     cutoff   37         0.01702    0.03740   120%  38.2  325s
 1112707 227134    0.03522   32   55    0.01702    0.03730   119%  38.2  330s
 1130847 229136     cutoff   42         0.01702    0.03718   118%  38.2  335s
 1148294 230969    0.02138   39   58    0.01702    0.03706   118%  38.2  340s
 1166466 233017    0.02803   29   61    0.01702    0.03694   117%  38.2  345s
 1184395 235051    0.01903   42   52    0.01702    0.03683   116%  38.2  350s
 1200774 236676     cutoff   48         0.01702    0.03673   116%  38.1  355s
 1218904 238944    0.02084   35   55    0.01702    0.03662   115%  38.1  360s

Cutting planes:
  Gomory: 7
  Implied bound: 25
  MIR: 20
  Mixing: 3
  Flow cover: 102
  Inf proof: 17
  RLT: 106
  Relax-and-lift: 21
  BQP: 26

Explored 1219015 nodes (46477535 simplex iterations) in 360.00 seconds (409.49 work units)
Thread count was 4 (of 4 available processors)

Solution count 10: 0.0170216 0.0169636 0.0169424 ... 0.014859

Time limit reached
Best objective 1.702158413679e-02, best bound 3.661819987656e-02, gap 115.1280%
{"verdict": "UNRESOLVED", "status": "TIME_LIMIT", "runtime": 360.0019631385803, "objval": 0.01702158413678949, "objbound": 0.036618199876559406, "binaries": 46}
