Set parameter NodefileStart to value 6
Read parameters from file gurobi.env
Restricted license - for non-production use only - expires 2027-11-29
Set parameter OutputFlag to value 1
Set parameter Threads to value 4
Set parameter TimeLimit to value 360
Set parameter MIPGap to value 5e-05
Set parameter MIPFocus to value 2
Set parameter NonConvex to value 2
Set parameter BestBdStop to value 2.7426211734693878e-02
Gurobi Optimizer version 13.0.3 build v13.0.3rc0 (linux64 - "Ubuntu 24.04.5 LTS")

CPU model: AMD EPYC 7763 64-Core Processor, instruction set [SSE2|AVX|AVX2]
Thread count: 2 physical cores, 4 logical processors, using up to 4 threads

Non-default parameters:
TimeLimit  360
BestBdStop  2.7426211734693878e-02
MIPGap  5e-05
MIPFocus  2
NodefileStart  6
NonConvex  2
Threads  4

Optimize a model with 145 rows, 115 columns and 846 nonzeros (Max)
Model fingerprint: 0x91cf565d
Model has 1 linear objective coefficients
Model has 50 quadratic constraints
Variable types: 65 continuous, 50 integer (50 binary)
Coefficient statistics:
  Matrix range     [5e-01, 1e+00]
  QMatrix range    [1e+00, 1e+00]
  QLMatrix range   [1e+00, 1e+00]
  Objective range  [1e+00, 1e+00]
  Bounds range     [5e-01, 1e+00]
  RHS range        [1e+00, 1e+00]

Found heuristic solution: objective -0.0000000
Presolve time: 0.00s
Presolved: 345 rows, 116 columns, 1246 nonzeros
Presolved model has 50 bilinear constraint(s)

Solving non-convex MIQCP to global optimality

Variable types: 66 continuous, 50 integer (50 binary)
Root relaxation presolve removed 50 rows and 1 columns
Root relaxation presolved: 295 rows, 115 columns, 1196 nonzeros


Root relaxation: objective 8.333333e-02, 113 iterations, 0.00 seconds (0.00 work units)

    Nodes    |    Current Node    |     Objective Bounds      |     Work
 Expl Unexpl |  Obj  Depth IntInf | Incumbent    BestBd   Gap | It/Node Time

     0     0    0.08333    0   50   -0.00000    0.08333      -     -    0s
     0     0    0.07143    0   68   -0.00000    0.07143      -     -    0s
     0     0    0.07143    0   78   -0.00000    0.07143      -     -    0s
     0     0    0.07143    0   58   -0.00000    0.07143      -     -    0s
     0     0    0.07143    0   53   -0.00000    0.07143      -     -    0s
     0     0    0.07143    0   46   -0.00000    0.07143      -     -    0s
H    0     0                       0.0000005    0.07143      -     -    0s
H    0     0                       0.0000005    0.07143      -     -    0s
     0     0    0.07143    0   43    0.00000    0.07143      -     -    0s
     0     0    0.07143    0   43    0.00000    0.07143      -     -    0s
     0     0    0.07143    0   43    0.00000    0.07143      -     -    0s
     0     2    0.07143    0   43    0.00000    0.07143      -     -    0s
H 1193   961                       0.0000006    0.06911      -  26.3    2s
H 1193   913                       0.0000007    0.06911      -  26.3    2s
H 1201   872                       0.0053287    0.05128   862%  26.1    2s
H 1201   828                       0.0057856    0.05049   773%  26.1    2s
H 1202   787                       0.0057856    0.05034   770%  26.1    2s
H 1205   750                       0.0073737    0.04847   557%  26.0    2s
H 1205   712                       0.0082286    0.04847   489%  26.0    2s
H 1205   676                       0.0082295    0.04847   489%  26.0    2s
H 1205   642                       0.0082318    0.04847   489%  26.0    2s
H 1205   610                       0.0082327    0.04847   489%  26.0    2s
H 1205   579                       0.0082350    0.04847   489%  26.0    2s
H 1205   550                       0.0082410    0.04847   488%  26.0    2s
H 1205   522                       0.0082432    0.04847   488%  26.0    2s
H 1207   497                       0.0082432    0.04759   477%  26.0    2s
H 1744   817                       0.0093152    0.04682   403%  25.6    3s
H 2055   905                       0.0107517    0.04682   335%  23.3    3s
H 2714  1038                       0.0125646    0.04682   273%  24.7    3s
H 2857  1159                       0.0125659    0.04682   273%  24.6    3s
H 2950   963                       0.0196757    0.04682   138%  24.4    3s
H 3123  1005                       0.0196757    0.04682   138%  24.5    3s
  5073  1719    0.03237   32   56    0.01968    0.04584   133%  25.3    5s
H 6579  2085                       0.0196757    0.04531   130%  25.6    5s
H15744  5032                       0.0196757    0.04268   117%  27.5    7s
 23119  7246    0.02183   47   42    0.01968    0.04143   111%  28.5   10s
 43878 13161    0.03453   40   62    0.01968    0.03974   102%  28.2   15s
 66184 18538    0.01973   47   58    0.01968    0.03832  94.8%  28.2   20s
 87301 23316    0.03389   43   61    0.01968    0.03754  90.8%  28.2   25s
 113204 28508     cutoff   40         0.01968    0.03689  87.5%  27.9   30s
 136664 33078     cutoff   44         0.01968    0.03631  84.6%  27.9   35s
H155842 34883                       0.0206000    0.03593  74.4%  27.8   38s
H156227 34940                       0.0206000    0.03592  74.4%  27.8   39s
 159128 35407 infeasible   41         0.02060    0.03584  74.0%  27.8   40s
 183165 39094    0.02467   46   49    0.02060    0.03538  71.7%  27.7   45s
 204951 42005     cutoff   47         0.02060    0.03498  69.8%  27.6   50s
 227757 45369     cutoff   41         0.02060    0.03460  67.9%  27.5   55s
H250088 47440                       0.0209602    0.03428  63.5%  27.4   59s
H251207 47500                       0.0209602    0.03426  63.4%  27.4   59s
 252255 47618    0.02291   46   60    0.02096    0.03424  63.4%  27.4   60s
 274956 50421    0.03374   38   58    0.02096    0.03390  61.7%  27.3   65s
 299509 53564    0.02306   40   40    0.02096    0.03358  60.2%  27.2   70s
 324398 56499    0.02388   48   48    0.02096    0.03329  58.8%  27.1   75s
 348082 58924    0.02417   43   58    0.02096    0.03299  57.4%  27.0   80s
 373236 61841    0.02392   45   56    0.02096    0.03272  56.1%  26.9   85s
 392093 63621    0.02625   42   52    0.02096    0.03252  55.1%  26.8   90s
 415927 66331     cutoff   59         0.02096    0.03229  54.1%  26.7   95s
 440814 68883    0.02273   42   31    0.02096    0.03206  53.0%  26.6  100s
 465999 71600    0.02230   50   54    0.02096    0.03184  51.9%  26.5  105s
 490640 73911     cutoff   44         0.02096    0.03162  50.9%  26.4  110s
 514290 76072     cutoff   40         0.02096    0.03142  49.9%  26.4  115s
 537282 78107    0.02393   38   59    0.02096    0.03125  49.1%  26.3  120s
 562480 80404    0.02257   43   50    0.02096    0.03104  48.1%  26.2  125s
 587364 82744     cutoff   49         0.02096    0.03086  47.2%  26.2  130s
 612031 84607    0.03041   32   62    0.02096    0.03067  46.3%  26.1  135s
 636737 86402     cutoff   48         0.02096    0.03050  45.5%  26.0  140s
 660968 88321     cutoff   51         0.02096    0.03033  44.7%  26.0  145s
 682262 89945    0.02511   43   51    0.02096    0.03019  44.0%  26.0  150s
 706736 91603    0.02348   43   59    0.02096    0.03003  43.3%  25.9  155s
 731053 93597    0.02353   44   58    0.02096    0.02990  42.6%  25.9  160s
 755009 95261     cutoff   41         0.02096    0.02977  42.0%  25.8  165s
 779467 96856 infeasible   49         0.02096    0.02963  41.4%  25.7  170s
 804013 98170    0.02223   44   51    0.02096    0.02950  40.7%  25.7  175s
 828081 99497    0.02377   42   52    0.02096    0.02936  40.1%  25.7  180s
 850336 100659     cutoff   43         0.02096    0.02923  39.4%  25.6  185s
 874425 102055    0.02420   43   54    0.02096    0.02910  38.8%  25.6  190s
 899236 103109     cutoff   56         0.02096    0.02895  38.1%  25.5  195s
 920861 104247     cutoff   50         0.02096    0.02883  37.6%  25.5  200s
 946786 105585    0.02333   46   56    0.02096    0.02870  36.9%  25.4  205s
H952263 102170                       0.0213362    0.02867  34.4%  25.4  206s
H952958 102204                       0.0213362    0.02867  34.4%  25.4  206s
 969008 102517     cutoff   37         0.02134    0.02858  33.9%  25.4  210s
 992244 103296    0.02760   45   51    0.02134    0.02845  33.4%  25.3  215s
H1013868 104038                       0.0213362    0.02834  32.8%  25.3  219s
H1013975 104047                       0.0213366    0.02834  32.8%  25.3  219s
 1014449 104042     cutoff   43         0.02134    0.02834  32.8%  25.3  220s
H1014946 104074                       0.0213367    0.02834  32.8%  25.3  220s
 1035762 104872     cutoff   44         0.02134    0.02824  32.3%  25.2  225s
 1060388 105529    0.02199   46   56    0.02134    0.02812  31.8%  25.2  230s
 1085277 105820    0.02247   35   55    0.02134    0.02799  31.2%  25.1  235s
 1110687 106325    0.02678   41   60    0.02134    0.02786  30.6%  25.1  240s
 1136099 107034    0.02499   47   37    0.02134    0.02774  30.0%  25.0  245s
 1160017 107206    0.02365   43   47    0.02134    0.02763  29.5%  24.9  250s
 1181453 107487 infeasible   48         0.02134    0.02753  29.0%  24.9  255s

Cutting planes:
  Gomory: 4
  Implied bound: 3
  MIR: 1
  Flow cover: 5
  Inf proof: 1
  RLT: 67
  Relax-and-lift: 5
  BQP: 21

Explored 1205540 nodes (29944270 simplex iterations) in 259.79 seconds (267.97 work units)
Thread count was 4 (of 4 available processors)

Solution count 10: 0.0213367 0.0213362 0.0209602 ... 0.0082432

Optimization achieved user objective limit
Best objective 2.133666812009e-02, best bound 2.742582368186e-02, gap 28.5385%
{"verdict": "PROVED", "status": "BOUND_REACHED", "runtime": 259.7941110134125, "objval": 0.021336668120086527, "objbound": 0.027425823681858565, "binaries": 50}
