Set parameter NodefileStart to value 6
Read parameters from file gurobi.env
Restricted license - for non-production use only - expires 2027-11-29
Set parameter OutputFlag to value 1
Set parameter Threads to value 4
Set parameter TimeLimit to value 360
Set parameter MIPGap to value 5e-05
Set parameter MIPFocus to value 2
Set parameter NonConvex to value 2
Set parameter BestBdStop to value 2.7426211734693878e-02
Gurobi Optimizer version 13.0.3 build v13.0.3rc0 (linux64 - "Ubuntu 24.04.5 LTS")

CPU model: AMD EPYC 9V74 80-Core Processor, instruction set [SSE2|AVX|AVX2]
Thread count: 2 physical cores, 4 logical processors, using up to 4 threads

Non-default parameters:
TimeLimit  360
BestBdStop  2.7426211734693878e-02
MIPGap  5e-05
MIPFocus  2
NodefileStart  6
NonConvex  2
Threads  4

Optimize a model with 129 rows, 99 columns and 714 nonzeros (Max)
Model fingerprint: 0xf0ac654d
Model has 1 linear objective coefficients
Model has 50 quadratic constraints
Variable types: 65 continuous, 34 integer (34 binary)
Coefficient statistics:
  Matrix range     [5e-01, 1e+00]
  QMatrix range    [1e+00, 1e+00]
  QLMatrix range   [1e+00, 1e+00]
  Objective range  [1e+00, 1e+00]
  Bounds range     [5e-01, 1e+00]
  RHS range        [1e+00, 1e+00]

Found heuristic solution: objective -0.0000000
Presolve time: 0.00s
Presolved: 329 rows, 100 columns, 1114 nonzeros
Presolved model has 50 bilinear constraint(s)

Solving non-convex MIQCP to global optimality

Variable types: 66 continuous, 34 integer (34 binary)
Root relaxation presolve removed 58 rows and 5 columns
Root relaxation presolved: 271 rows, 95 columns, 1016 nonzeros


Root relaxation: objective 1.000000e-01, 113 iterations, 0.00 seconds (0.00 work units)

    Nodes    |    Current Node    |     Objective Bounds      |     Work
 Expl Unexpl |  Obj  Depth IntInf | Incumbent    BestBd   Gap | It/Node Time

     0     0    0.10000    0   40   -0.00000    0.10000      -     -    0s
     0     0    0.09888    0   61   -0.00000    0.09888      -     -    0s
     0     0    0.07692    0   54   -0.00000    0.07692      -     -    0s
     0     0    0.07692    0   60   -0.00000    0.07692      -     -    0s
     0     0    0.07692    0   59   -0.00000    0.07692      -     -    0s
     0     0    0.07692    0   57   -0.00000    0.07692      -     -    0s
     0     0    0.07672    0   63   -0.00000    0.07672      -     -    0s
     0     0    0.07672    0   55   -0.00000    0.07672      -     -    0s
     0     0    0.07672    0   61   -0.00000    0.07672      -     -    0s
     0     0    0.07283    0   60   -0.00000    0.07283      -     -    0s
     0     0    0.07283    0   62   -0.00000    0.07283      -     -    0s
     0     0    0.07251    0   64   -0.00000    0.07251      -     -    0s
     0     0    0.07251    0   65   -0.00000    0.07251      -     -    0s
     0     0    0.07251    0   66   -0.00000    0.07251      -     -    0s
     0     0    0.07251    0   66   -0.00000    0.07251      -     -    0s
     0     0    0.07251    0   66   -0.00000    0.07251      -     -    0s
     0     0    0.07251    0   52   -0.00000    0.07251      -     -    0s
     0     0    0.07251    0   64   -0.00000    0.07251      -     -    0s
     0     0    0.07251    0   64   -0.00000    0.07251      -     -    0s
     0     0    0.07251    0   63   -0.00000    0.07251      -     -    0s
     0     0    0.07251    0   63   -0.00000    0.07251      -     -    0s
     0     0    0.07251    0   61   -0.00000    0.07251      -     -    0s
     0     2    0.07251    0   54   -0.00000    0.07251      -     -    0s
*  641   552              94       0.0000000    0.07143      -  30.4    0s
H  690   609                       0.0000000    0.07143      -  29.2    0s
H  717   607                       0.0000001    0.07143      -  29.3    0s
H  855   749                       0.0000001    0.07143      -  27.8    0s
* 1033   882              89       0.0000001    0.07143      -  26.0    0s
* 1035   874              90       0.0000001    0.07143      -  26.0    0s
H 1147   970                       0.0000001    0.07143      -  26.3    0s
H 1191   923                       0.0000003    0.07143      -  26.7    1s
* 1728  1205              80       0.0000004    0.04229      -  28.8    1s
* 1795  1137              83       0.0000004    0.04229      -  28.3    1s
* 1805  1091              85       0.0000004    0.04229      -  28.1    1s
H 1977  1164                       0.0000004    0.04229      -  29.6    2s
H 3036  1598                       0.0000004    0.04229      -  33.6    2s
  8845  5422    0.00001   39   35    0.00000    0.03937      -  31.7    5s
 28161 17324    0.02422   25   56    0.00000    0.03419      -  30.8   10s
 45382 27407    0.01046   25   53    0.00000    0.03169      -  30.6   15s
 65902 39046    0.00755   27   45    0.00000    0.02942      -  30.3   20s
*83763 49021              69       0.0000005    0.02815      -  30.4   24s
 84895 49609    0.00490   35   50    0.00000    0.02808      -  30.4   25s
H86622 50768                       0.0000005    0.02798      -  30.4   25s
H86858 50586                       0.0000005    0.02798      -  30.4   25s

Cutting planes:
  Gomory: 19
  Lift-and-project: 2
  Implied bound: 2
  MIR: 4
  Flow cover: 16
  RLT: 78
  BQP: 16

Explored 96198 nodes (2918662 simplex iterations) in 28.74 seconds (27.16 work units)
Thread count was 4 (of 4 available processors)

Solution count 10: 4.97327e-07 4.61134e-07 4.56498e-07 ... 1.42483e-07

Optimization achieved user objective limit
Best objective 4.973270791020e-07, best bound 2.741824702602e-02, gap -
{"verdict": "PROVED", "status": "BOUND_REACHED", "runtime": 28.744860887527466, "objval": 4.973270791019947e-07, "objbound": 0.027418247026019256, "binaries": 34}
