Set parameter NodefileStart to value 6
Read parameters from file gurobi.env
Restricted license - for non-production use only - expires 2027-11-29
Set parameter OutputFlag to value 1
Set parameter Threads to value 4
Set parameter TimeLimit to value 360
Set parameter MIPGap to value 5e-05
Set parameter MIPFocus to value 2
Set parameter NonConvex to value 2
Set parameter BestBdStop to value 2.7426211734693878e-02
Gurobi Optimizer version 13.0.3 build v13.0.3rc0 (linux64 - "Ubuntu 24.04.5 LTS")

CPU model: AMD EPYC 9V74 80-Core Processor, instruction set [SSE2|AVX|AVX2]
Thread count: 2 physical cores, 4 logical processors, using up to 4 threads

Non-default parameters:
TimeLimit  360
BestBdStop  2.7426211734693878e-02
MIPGap  5e-05
MIPFocus  2
NodefileStart  6
NonConvex  2
Threads  4

Optimize a model with 141 rows, 111 columns and 810 nonzeros (Max)
Model fingerprint: 0x74923b3e
Model has 1 linear objective coefficients
Model has 50 quadratic constraints
Variable types: 65 continuous, 46 integer (46 binary)
Coefficient statistics:
  Matrix range     [5e-01, 1e+00]
  QMatrix range    [1e+00, 1e+00]
  QLMatrix range   [1e+00, 1e+00]
  Objective range  [1e+00, 1e+00]
  Bounds range     [5e-01, 1e+00]
  RHS range        [1e+00, 1e+00]

Found heuristic solution: objective -0.0000000
Presolve time: 0.00s
Presolved: 341 rows, 112 columns, 1210 nonzeros
Presolved model has 50 bilinear constraint(s)

Solving non-convex MIQCP to global optimality

Variable types: 66 continuous, 46 integer (46 binary)
Root relaxation presolve removed 50 rows and 1 columns
Root relaxation presolved: 291 rows, 111 columns, 1160 nonzeros


Root relaxation: objective 1.250000e-01, 99 iterations, 0.00 seconds (0.00 work units)

    Nodes    |    Current Node    |     Objective Bounds      |     Work
 Expl Unexpl |  Obj  Depth IntInf | Incumbent    BestBd   Gap | It/Node Time

     0     0    0.12500    0   48   -0.00000    0.12500      -     -    0s
     0     0    0.12500    0   50   -0.00000    0.12500      -     -    0s
     0     0    0.09375    0   67   -0.00000    0.09375      -     -    0s
     0     0    0.09375    0   50   -0.00000    0.09375      -     -    0s
     0     0    0.08333    0   50   -0.00000    0.08333      -     -    0s
     0     0    0.08333    0   49   -0.00000    0.08333      -     -    0s
     0     0    0.08333    0   49   -0.00000    0.08333      -     -    0s
     0     0    0.08333    0   50   -0.00000    0.08333      -     -    0s
     0     0    0.08333    0   50   -0.00000    0.08333      -     -    0s
     0     2    0.08333    0   50   -0.00000    0.08333      -     -    0s
*  645   624              86       0.0000001    0.07143      -  19.7    0s
H 1177   986                       0.0000004    0.07143      -  22.4    1s
H 1177   936                       0.0000004    0.07143      -  22.4    1s
H 1178   890                       0.0000006    0.07143      -  22.4    1s
H 1238   896                       0.0000006    0.07143      -  24.0    1s
H 1430   950                       0.0000006    0.07143      -  24.1    1s
H 2555  1465                       0.0000007    0.07143      -  26.3    2s
H 4755  2853                       0.0000007    0.07143      -  25.5    4s
H 6701  4477                       0.0000007    0.07143      -  24.8    4s
* 7641  5050              82       0.0000008    0.07038      -  23.8    4s
  8785  6106    0.00000   77   23    0.00000    0.06937      -  23.4    5s
* 8901  4063              72       0.0002085    0.06937      -  23.5    5s
* 8902  4052              72       0.0002186    0.06937      -  23.5    5s
H11551  5767                       0.0002187    0.06664      -  24.4    5s
H12915  6547                       0.0002319    0.06503      -  24.8    6s
H13533  7105                       0.0002617    0.06469      -  25.4    6s
H13823  7350                       0.0002618    0.06468      -  25.6    6s
H14020  7159                       0.0003555    0.06453      -  25.7    6s
H14634  7478                       0.0004631    0.06430      -  25.7    6s
H15078  7516                       0.0006014    0.06408      -  25.7    6s
H15763  7511                       0.0008171    0.06357  7681%  25.8    6s
H16248  6949                       0.0016727    0.06299  3666%  25.9    7s
H16681  6194                       0.0042023    0.06285  1396%  25.9    7s
H17628  5774                       0.0068157    0.06218   812%  26.1    7s
H18091  5877                       0.0071257    0.06175   767%  26.1    7s
H18284  6048                       0.0071731    0.06162   759%  26.2    7s
H18719  6239                       0.0073044    0.06124   738%  26.3    8s
H21303  7621                       0.0074063    0.06036   715%  27.2    8s
 26034 10224     cutoff   46         0.00741    0.05915   699%  28.0   10s
H33853 13081                       0.0090173    0.05671   529%  28.8   12s
H33955  9491                       0.0168102    0.05671   237%  28.8   12s
H39211 10835                       0.0180312    0.05553   208%  29.4   13s
 43418 12307     cutoff   37         0.01803    0.05508   205%  29.9   15s
H55673 15955                       0.0180940    0.05310   193%  30.9   18s
H55676 15822                       0.0183684    0.05310   189%  30.9   18s
 59773 17138     cutoff   37         0.01837    0.05251   186%  31.1   20s
H67818 19397                       0.0184353    0.05147   179%  31.5   22s
 77432 22108    0.01923   41   55    0.01844    0.05045   174%  31.8   25s
 95509 26607    0.03927   38   55    0.01844    0.04881   165%  32.3   30s
 114605 31233    0.02708   36   43    0.01844    0.04744   157%  32.7   35s
 133750 35365    0.02566   35   52    0.01844    0.04628   151%  33.0   40s
 152646 39365    0.01975   39   53    0.01844    0.04533   146%  33.3   45s
H160742 41043                       0.0184354    0.04508   145%  33.4   47s
 170067 42985    0.02649   33   45    0.01844    0.04475   143%  33.5   50s
 187655 46021     cutoff   38         0.01844    0.04405   139%  33.5   55s
 204251 48773     cutoff   38         0.01844    0.04344   136%  33.6   60s
 223320 51638    0.01989   37   57    0.01844    0.04284   132%  33.6   65s
 242642 54551     cutoff   40         0.01844    0.04222   129%  33.6   70s
 262386 57535     cutoff   33         0.01844    0.04154   125%  33.7   75s
 282183 60438    0.02607   36   53    0.01844    0.04097   122%  33.7   80s
 301431 63180     cutoff   41         0.01844    0.04045   119%  33.7   85s
 321391 66095    0.02256   35   41    0.01844    0.03990   116%  33.7   90s
 341267 68544    0.02135   32   48    0.01844    0.03937   114%  33.7   95s
 361046 70817     cutoff   38         0.01844    0.03887   111%  33.7  100s
 377569 72774     cutoff   37         0.01844    0.03849   109%  33.6  105s
 397738 75055    0.02685   37   55    0.01844    0.03803   106%  33.6  110s
 417783 77086     cutoff   42         0.01844    0.03757   104%  33.5  115s
 437788 78989     cutoff   41         0.01844    0.03712   101%  33.5  120s
 457504 80954    0.02122   31   52    0.01844    0.03673  99.2%  33.4  125s
 478050 82869    0.02120   41   51    0.01844    0.03635  97.2%  33.4  130s
 498648 84729     cutoff   34         0.01844    0.03601  95.3%  33.3  135s
 517756 86409     cutoff   39         0.01844    0.03568  93.6%  33.3  140s
 538185 88181    0.01998   35   50    0.01844    0.03534  91.7%  33.2  145s
 556713 89611     cutoff   38         0.01844    0.03505  90.1%  33.2  150s
 575780 91104     cutoff   39         0.01844    0.03475  88.5%  33.2  155s
 596156 92686    0.02218   34   53    0.01844    0.03445  86.9%  33.1  160s
 616527 94314     cutoff   36         0.01844    0.03417  85.3%  33.0  165s
 634284 95541    0.02082   35   51    0.01844    0.03391  84.0%  33.0  170s
 653964 96604     cutoff   41         0.01844    0.03364  82.5%  32.9  175s
 674506 97781     cutoff   33         0.01844    0.03337  81.0%  32.9  180s
 694819 98837    0.02656   35   46    0.01844    0.03311  79.6%  32.9  185s
 711933 99674     cutoff   29         0.01844    0.03289  78.4%  32.8  190s
 732781 100745     cutoff   41         0.01844    0.03262  76.9%  32.8  195s
 754053 101618    0.02464   32   49    0.01844    0.03236  75.5%  32.7  200s
 774343 102515    0.02586   40   47    0.01844    0.03212  74.2%  32.7  205s
 795327 103776     cutoff   40         0.01844    0.03189  73.0%  32.6  210s
 816109 104543     cutoff   35         0.01844    0.03165  71.7%  32.5  215s
 836362 105355     cutoff   37         0.01844    0.03144  70.5%  32.5  220s
 857520 106032    0.02263   36   54    0.01844    0.03121  69.3%  32.4  225s
 878255 106551    0.02176   33   51    0.01844    0.03098  68.1%  32.4  230s
 895601 106856    0.02841   34   59    0.01844    0.03080  67.1%  32.3  235s
 916152 107363     cutoff   36         0.01844    0.03060  66.0%  32.3  240s
 937166 107595    0.01967   36   53    0.01844    0.03039  64.8%  32.2  245s
 958341 107946    0.02340   47   37    0.01844    0.03019  63.8%  32.2  250s
 979733 108457    0.02075   40   54    0.01844    0.02997  62.6%  32.1  255s
 1000688 108604    0.02238   39   50    0.01844    0.02976  61.4%  32.0  260s
 1022051 108924     cutoff   38         0.01844    0.02955  60.3%  32.0  265s
 1042417 109037     cutoff   40         0.01844    0.02936  59.2%  31.9  270s
 1063777 109052    0.01873   39   50    0.01844    0.02916  58.2%  31.8  275s
 1080953 109237    0.01952   33   50    0.01844    0.02902  57.4%  31.8  280s
 1101802 109070    0.02133   40   49    0.01844    0.02884  56.4%  31.7  285s
 1122461 109027     cutoff   35         0.01844    0.02865  55.4%  31.7  290s
 1140541 108798    0.02496   37   58    0.01844    0.02849  54.5%  31.6  295s
 1161451 108644     cutoff   45         0.01844    0.02831  53.5%  31.6  300s
 1183139 108346     cutoff   37         0.01844    0.02811  52.5%  31.5  305s
 1204553 107945     cutoff   38         0.01844    0.02793  51.5%  31.4  310s
 1225209 107366     cutoff   42         0.01844    0.02774  50.5%  31.4  315s
 1247131 106773     cutoff   40         0.01844    0.02755  49.4%  31.3  320s

Cutting planes:
  Gomory: 17
  Implied bound: 24
  MIR: 10
  Flow cover: 81
  Inf proof: 10
  RLT: 100
  Relax-and-lift: 7
  BQP: 20

Explored 1262360 nodes (39480998 simplex iterations) in 323.57 seconds (349.09 work units)
Thread count was 4 (of 4 available processors)

Solution count 10: 0.0184354 0.0183684 0.018094 ... 0.00712573

Optimization achieved user objective limit
Best objective 1.843535940940e-02, best bound 2.742217572871e-02, gap 48.7477%
{"verdict": "PROVED", "status": "BOUND_REACHED", "runtime": 323.5669548511505, "objval": 0.018435359409398146, "objbound": 0.027422175728710328, "binaries": 46}
