Set parameter NodefileStart to value 6
Read parameters from file gurobi.env
Restricted license - for non-production use only - expires 2027-11-29
Set parameter OutputFlag to value 1
Set parameter Threads to value 4
Set parameter TimeLimit to value 360
Set parameter MIPGap to value 5e-05
Set parameter MIPFocus to value 2
Set parameter NonConvex to value 2
Set parameter BestBdStop to value 2.7426211734693878e-02
Gurobi Optimizer version 13.0.3 build v13.0.3rc0 (linux64 - "Ubuntu 24.04.5 LTS")

CPU model: AMD EPYC 7763 64-Core Processor, instruction set [SSE2|AVX|AVX2]
Thread count: 2 physical cores, 4 logical processors, using up to 4 threads

Non-default parameters:
TimeLimit  360
BestBdStop  2.7426211734693878e-02
MIPGap  5e-05
MIPFocus  2
NodefileStart  6
NonConvex  2
Threads  4

Optimize a model with 145 rows, 115 columns and 846 nonzeros (Max)
Model fingerprint: 0xce8da178
Model has 1 linear objective coefficients
Model has 50 quadratic constraints
Variable types: 65 continuous, 50 integer (50 binary)
Coefficient statistics:
  Matrix range     [5e-01, 1e+00]
  QMatrix range    [1e+00, 1e+00]
  QLMatrix range   [1e+00, 1e+00]
  Objective range  [1e+00, 1e+00]
  Bounds range     [5e-01, 1e+00]
  RHS range        [1e+00, 1e+00]

Found heuristic solution: objective -0.0000000
Presolve time: 0.00s
Presolved: 345 rows, 116 columns, 1246 nonzeros
Presolved model has 50 bilinear constraint(s)

Solving non-convex MIQCP to global optimality

Variable types: 66 continuous, 50 integer (50 binary)
Root relaxation presolve removed 50 rows and 1 columns
Root relaxation presolved: 295 rows, 115 columns, 1196 nonzeros


Root relaxation: objective 8.333333e-02, 106 iterations, 0.00 seconds (0.00 work units)

    Nodes    |    Current Node    |     Objective Bounds      |     Work
 Expl Unexpl |  Obj  Depth IntInf | Incumbent    BestBd   Gap | It/Node Time

     0     0    0.08333    0   56   -0.00000    0.08333      -     -    0s
     0     0    0.08333    0   61   -0.00000    0.08333      -     -    0s
     0     0    0.08333    0   75   -0.00000    0.08333      -     -    0s
     0     0    0.08333    0   49   -0.00000    0.08333      -     -    0s
     0     0    0.08333    0   47   -0.00000    0.08333      -     -    0s
     0     0    0.08333    0   50   -0.00000    0.08333      -     -    0s
     0     0    0.08333    0   42   -0.00000    0.08333      -     -    0s
     0     0    0.08333    0   42   -0.00000    0.08333      -     -    0s
H    0     0                       0.0061660    0.08333  1251%     -    0s
H    0     0                       0.0063694    0.08333  1208%     -    0s
H    0     0                       0.0068195    0.08333  1122%     -    0s
     0     2    0.08331    0   43    0.00682    0.08331  1122%     -    0s
H  673   654                       0.0082232    0.06188   653%  21.6    0s
H  805   771                       0.0082232    0.06188   653%  24.6    0s
H 1243  1044                       0.0082750    0.06188   648%  26.3    1s
H 1326  1040                       0.0083166    0.06188   644%  25.5    1s
H 1799  1175                       0.0084658    0.05978   606%  25.1    1s
H 1865  1165                       0.0088974    0.05978   572%  25.3    1s
H 2949  1183                       0.0153163    0.05892   285%  25.6    1s
H 2978  1152                       0.0153163    0.05851   282%  25.6    1s
 11883  5085    0.04807   25   60    0.01532    0.05174   238%  34.9    5s
 30187 11836    0.03559   31   50    0.01532    0.04800   213%  35.6   10s
 46610 17013    0.04300   25   63    0.01532    0.04630   202%  35.8   15s
H54094 19444                       0.0153163    0.04581   199%  35.9   16s
 65844 22850    0.02999   32   55    0.01532    0.04516   195%  35.9   20s
 84654 28124    0.01838   31   46    0.01532    0.04412   188%  35.9   25s
 104729 34057    0.02820   30   59    0.01532    0.04314   182%  35.8   30s
 122241 39035    0.01731   34   52    0.01532    0.04253   178%  35.8   35s
 142534 44630     cutoff   40         0.01532    0.04195   174%  35.7   40s
 162646 50182     cutoff   41         0.01532    0.04139   170%  35.5   45s
 176748 54073     cutoff   42         0.01532    0.04108   168%  35.4   50s
 195921 59000    0.01543   34   52    0.01532    0.04065   165%  35.3   55s
 214000 63864    0.01921   38   48    0.01532    0.04031   163%  35.2   60s
 234582 69058    0.03049   32   64    0.01532    0.03994   161%  35.1   65s
 254476 74349     cutoff   29         0.01532    0.03958   158%  35.0   70s
 274843 79994     cutoff   35         0.01532    0.03929   157%  34.9   75s
 295391 84986    0.03124   36   62    0.01532    0.03897   154%  34.8   80s
 315747 90229     cutoff   38         0.01532    0.03861   152%  34.7   85s
 334693 94595    0.03543   31   59    0.01532    0.03834   150%  34.7   90s
 355067 99396    0.02531   35   61    0.01532    0.03805   148%  34.6   95s
 371195 103067    0.02142   36   50    0.01532    0.03784   147%  34.5  100s
 392156 108226     cutoff   37         0.01532    0.03758   145%  34.4  105s
 411265 113165    0.01553   39   55    0.01532    0.03738   144%  34.4  110s
 432254 118419     cutoff   28         0.01532    0.03717   143%  34.3  115s
 451473 123317    0.02656   31   39    0.01532    0.03697   141%  34.2  120s
 473240 128891     cutoff   42         0.01532    0.03678   140%  34.1  125s
 494341 134653    0.01853   32   56    0.01532    0.03664   139%  34.0  130s
 515350 140106 infeasible   42         0.01532    0.03650   138%  33.9  135s
 536121 146020    0.02922   31   58    0.01532    0.03636   137%  33.8  140s
 552637 149965     cutoff   32         0.01532    0.03623   137%  33.8  145s
 572572 155218     cutoff   37         0.01532    0.03609   136%  33.7  150s
 593533 160814    0.03350   31   60    0.01532    0.03597   135%  33.7  155s
 614348 165996    0.02518   36   54    0.01532    0.03585   134%  33.6  160s
 635591 171680    0.03095   34   64    0.01532    0.03573   133%  33.5  165s
 656878 176871     cutoff   34         0.01532    0.03563   133%  33.5  170s
H668633 179944                       0.0153163    0.03557   132%  33.5  173s
 672691 181015 infeasible   27         0.01532    0.03555   132%  33.5  175s
 693647 186048    0.03371   34   63    0.01532    0.03544   131%  33.4  180s
 712909 190960    0.01730   31   50    0.01532    0.03536   131%  33.4  185s
 733969 195807    0.03051   34   51    0.01532    0.03526   130%  33.3  190s
 750082 199639    0.01831   36   54    0.01532    0.03518   130%  33.3  195s
 769576 204024    0.01945   35   52    0.01532    0.03509   129%  33.3  200s
 790216 208857    0.01644   36   53    0.01532    0.03501   129%  33.2  205s
 811755 213431     cutoff   38         0.01532    0.03492   128%  33.2  210s
 832490 218217    0.02127   28   48    0.01532    0.03484   127%  33.1  215s
 853050 223485    0.01675   39   54    0.01532    0.03476   127%  33.1  220s
 874056 228040     cutoff   40         0.01532    0.03467   126%  33.0  225s
 894894 232746    0.03306   30   58    0.01532    0.03460   126%  33.0  230s
 916189 237232    0.02576   35   62    0.01532    0.03451   125%  33.0  235s
 936859 242793    0.01819   42   46    0.01532    0.03445   125%  32.9  240s
 953378 246759    0.02113   31   63    0.01532    0.03440   125%  32.9  245s
 975096 251789    0.01786   35   55    0.01532    0.03433   124%  32.8  250s
 996118 256318    0.02613   37   49    0.01532    0.03426   124%  32.8  255s
 1017628 261479    0.02543   31   54    0.01532    0.03420   123%  32.8  260s
 1038987 266194    0.02077   29   57    0.01532    0.03414   123%  32.7  265s
 1059452 271465    0.03086   33   54    0.01532    0.03408   123%  32.7  270s
 1079435 275788    0.02277   34   52    0.01532    0.03402   122%  32.7  275s
 1098043 280475    0.01816   34   55    0.01532    0.03397   122%  32.6  280s
 1116258 284532    0.01671   42   53    0.01532    0.03391   121%  32.6  285s
 1134370 288955    0.02499   33   52    0.01532    0.03386   121%  32.6  290s
 1149264 292333    0.02675   30   58    0.01532    0.03382   121%  32.6  295s
 1170128 297230    0.03171   33   56    0.01532    0.03376   120%  32.5  300s
 1189537 301939     cutoff   41         0.01532    0.03371   120%  32.5  305s
 1210412 306570    0.01544   39   53    0.01532    0.03366   120%  32.5  310s
 1231368 311316    0.01818   35   57    0.01532    0.03361   119%  32.4  315s
 1249385 315309     cutoff   44         0.01532    0.03356   119%  32.4  320s
 1270839 320305    0.02569   36   54    0.01532    0.03351   119%  32.4  325s
 1293040 325285     cutoff   39         0.01532    0.03345   118%  32.4  330s
 1313430 330108    0.01561   38   53    0.01532    0.03340   118%  32.3  335s
 1331241 333903    0.01806   35   57    0.01532    0.03335   118%  32.3  340s
 1352346 338526    0.02154   40   58    0.01532    0.03331   117%  32.3  345s
 1374180 343638    0.02195   41   53    0.01532    0.03325   117%  32.3  350s
 1395836 348438    0.03048   31   56    0.01532    0.03321   117%  32.2  355s
 1416777 353927    0.01996   31   49    0.01532    0.03317   117%  32.2  360s

Cutting planes:
  Gomory: 55
  Implied bound: 32
  Flow cover: 42
  Inf proof: 14
  RLT: 62
  Relax-and-lift: 2
  BQP: 24
  PSD: 1

Explored 1417045 nodes (45626257 simplex iterations) in 360.00 seconds (396.91 work units)
Thread count was 4 (of 4 available processors)

Solution count 10: 0.0153163 0.00889737 0.00846577 ... -0

Time limit reached
Best objective 1.531632350338e-02, best bound 3.316638005440e-02, gap 116.5427%
{"verdict": "UNRESOLVED", "status": "TIME_LIMIT", "runtime": 360.0029020309448, "objval": 0.01531632350337852, "objbound": 0.03316638005440394, "binaries": 50}
