Set parameter NodefileStart to value 6
Read parameters from file gurobi.env
Restricted license - for non-production use only - expires 2027-11-29
Set parameter OutputFlag to value 1
Set parameter Threads to value 4
Set parameter TimeLimit to value 360
Set parameter MIPGap to value 5e-05
Set parameter MIPFocus to value 2
Set parameter NonConvex to value 2
Set parameter BestBdStop to value 2.7426211734693878e-02
Gurobi Optimizer version 13.0.3 build v13.0.3rc0 (linux64 - "Ubuntu 24.04.5 LTS")

CPU model: AMD EPYC 7763 64-Core Processor, instruction set [SSE2|AVX|AVX2]
Thread count: 2 physical cores, 4 logical processors, using up to 4 threads

Non-default parameters:
TimeLimit  360
BestBdStop  2.7426211734693878e-02
MIPGap  5e-05
MIPFocus  2
NodefileStart  6
NonConvex  2
Threads  4

Optimize a model with 145 rows, 115 columns and 846 nonzeros (Max)
Model fingerprint: 0xdaf0d330
Model has 1 linear objective coefficients
Model has 50 quadratic constraints
Variable types: 65 continuous, 50 integer (50 binary)
Coefficient statistics:
  Matrix range     [5e-01, 1e+00]
  QMatrix range    [1e+00, 1e+00]
  QLMatrix range   [1e+00, 1e+00]
  Objective range  [1e+00, 1e+00]
  Bounds range     [5e-01, 1e+00]
  RHS range        [1e+00, 1e+00]

Found heuristic solution: objective -0.0000000
Presolve time: 0.00s
Presolved: 345 rows, 116 columns, 1246 nonzeros
Presolved model has 50 bilinear constraint(s)

Solving non-convex MIQCP to global optimality

Variable types: 66 continuous, 50 integer (50 binary)
Root relaxation presolve removed 70 rows and 11 columns
Root relaxation presolved: 275 rows, 105 columns, 1076 nonzeros


Root relaxation: objective 7.142857e-02, 96 iterations, 0.00 seconds (0.00 work units)

    Nodes    |    Current Node    |     Objective Bounds      |     Work
 Expl Unexpl |  Obj  Depth IntInf | Incumbent    BestBd   Gap | It/Node Time

     0     0    0.07143    0   44   -0.00000    0.07143      -     -    0s
     0     0    0.07143    0   66   -0.00000    0.07143      -     -    0s
     0     0    0.07143    0   52   -0.00000    0.07143      -     -    0s
     0     0    0.07143    0   50   -0.00000    0.07143      -     -    0s
H    0     0                       0.0000000    0.07143      -     -    0s
H    0     0                       0.0000000    0.07143      -     -    0s
H    0     0                       0.0000000    0.07143      -     -    0s
     0     0    0.07143    0   47    0.00000    0.07143      -     -    0s
     0     0    0.07143    0   44    0.00000    0.07143      -     -    0s
     0     0    0.07143    0   44    0.00000    0.07143      -     -    0s
     0     2    0.07143    0   44    0.00000    0.07143      -     -    0s
*  453   441              67       0.0000002    0.06653      -  19.7    0s
* 1100   920             123       0.0000002    0.06629      -  18.6    1s
H 1180   979                       0.0000002    0.06629      -  19.5    1s
H 1186   933                       0.0000004    0.06629      -  19.4    1s
H 1189   888                       0.0011942    0.06629  5451%  19.4    1s
H 1189   844                       0.0037444    0.06629  1670%  19.4    1s
H 1189   801                       0.0048711    0.06629  1261%  19.4    1s
H 1189   761                       0.0058361    0.06629  1036%  19.4    1s
H 1189   723                       0.0061811    0.06629   972%  19.4    1s
H 1631   900                       0.0076404    0.06560   759%  22.7    1s
H 1706   903                       0.0076412    0.06530   755%  22.8    1s
H 1899   964                       0.0091890    0.06530   611%  22.1    1s
H 2094  1033                       0.0115270    0.06502   464%  21.3    1s
H 2107   932                       0.0146002    0.06502   345%  21.2    1s
H 2617  1139                       0.0146002    0.06176   323%  22.1    2s
* 6989  3059              71       0.0146605    0.05628   284%  24.0    3s
H 7116  3145                       0.0147007    0.05608   281%  24.2    3s
H 7607  3305                       0.0147657    0.05577   278%  24.5    3s
H 7662  3299                       0.0148264    0.05573   276%  24.5    3s
H 9881  4192                       0.0148264    0.05379   263%  26.5    4s
 11423  4756    0.03384   26   45    0.01483    0.05289   257%  27.1    5s
H11935  4890                       0.0148264    0.05283   256%  27.1    5s
H12677  5137                       0.0148284    0.05255   254%  27.3    5s
H12978  5182                       0.0148284    0.05234   253%  27.5    5s
H16156  5842                       0.0168701    0.05157   206%  27.8    6s
H16417  4885                       0.0200933    0.05157   157%  27.4    6s
H16721  4912                       0.0200933    0.05154   156%  27.4    6s
 25275  7180    0.03025   33   44    0.02009    0.04923   145%  27.6   10s
 43431 11206    0.02733   30   50    0.02009    0.04625   130%  29.6   15s
 62303 14689    0.02421   36   49    0.02009    0.04394   119%  30.2   20s
 81941 18014    0.02194   30   48    0.02009    0.04237   111%  30.5   25s
 101500 21544     cutoff   34         0.02009    0.04124   105%  30.5   30s
 122121 24957    0.02180   30   48    0.02009    0.04031   101%  30.4   35s
 141868 27785     cutoff   33         0.02009    0.03957  96.9%  30.3   40s
 161715 31020    0.02735   40   47    0.02009    0.03887  93.4%  30.2   45s
 182609 33995 infeasible   31         0.02009    0.03828  90.5%  30.1   50s
 200040 36658     cutoff   32         0.02009    0.03783  88.3%  30.0   55s
 220142 39708    0.02986   28   44    0.02009    0.03740  86.1%  29.8   60s
 242003 43055    0.02681   31   56    0.02009    0.03702  84.2%  29.6   65s
H258639 43721                       0.0208032    0.03680  76.9%  29.5   69s
H258928 43773                       0.0208032    0.03679  76.9%  29.5   69s
H259768 43899                       0.0208032    0.03677  76.8%  29.5   69s
 260540 44003    0.02717   34   49    0.02080    0.03676  76.7%  29.5   70s
 280140 46293     cutoff   34         0.02080    0.03639  74.9%  29.3   75s
 301434 49005    0.02583   30   47    0.02080    0.03606  73.3%  29.2   80s
H301759 49005                       0.0208032    0.03606  73.3%  29.2   80s
 321415 51307    0.02620   30   41    0.02080    0.03578  72.0%  29.1   85s
 342102 53503     cutoff   40         0.02080    0.03548  70.5%  29.0   90s
 363098 55486     cutoff   36         0.02080    0.03522  69.3%  28.9   95s
 384043 57649     cutoff   34         0.02080    0.03495  68.0%  28.9  100s
H392304 58231                       0.0208305    0.03485  67.3%  28.8  102s
H399765 56787                       0.0214612    0.03476  62.0%  28.8  104s
H400088 56815                       0.0214612    0.03476  62.0%  28.8  104s
 401440 56942    0.03343   25   47    0.02146    0.03474  61.9%  28.8  105s
H402530 57067                       0.0214612    0.03473  61.8%  28.8  105s
 420946 58693     cutoff   34         0.02146    0.03448  60.6%  28.7  110s
 442893 60313     cutoff   37         0.02146    0.03420  59.4%  28.6  115s
 463351 61918     cutoff   41         0.02146    0.03396  58.3%  28.5  120s
 485192 63516    0.02902   25   51    0.02146    0.03374  57.2%  28.4  125s
 502870 64867    0.02860   30   45    0.02146    0.03354  56.3%  28.3  130s
 523734 66354     cutoff   33         0.02146    0.03333  55.3%  28.2  135s
 545451 67660     cutoff   38         0.02146    0.03312  54.3%  28.2  140s
 566681 69077    0.02332   41   47    0.02146    0.03290  53.3%  28.1  145s
 587738 70295     cutoff   38         0.02146    0.03270  52.4%  28.0  150s
 609303 71762    0.03160   29   63    0.02146    0.03253  51.6%  27.9  155s
 631113 72852    0.02964   27   50    0.02146    0.03235  50.7%  27.8  160s
 652872 74096 infeasible   36         0.02146    0.03215  49.8%  27.7  165s
 670897 75049     cutoff   31         0.02146    0.03201  49.1%  27.7  170s
 693512 76049     cutoff   39         0.02146    0.03182  48.3%  27.6  175s
*705524 72957              76       0.0221308    0.03172  43.3%  27.5  177s
H706411 73004                       0.0221308    0.03171  43.3%  27.5  178s
H707808 71637                       0.0223594    0.03170  41.8%  27.5  178s
H707811 69404                       0.0227322    0.03170  39.4%  27.5  178s
H709137 67201                       0.0230731    0.03168  37.3%  27.5  178s
H710121 67164                       0.0230731    0.03168  37.3%  27.5  179s
H711150 66396                       0.0232035    0.03167  36.5%  27.5  179s
 712450 66378    0.02689   30   56    0.02320    0.03165  36.4%  27.5  180s
 731066 66310    0.03036   29   52    0.02320    0.03144  35.5%  27.4  185s
H733942 65991                       0.0232423    0.03140  35.1%  27.4  185s
H734034 65990                       0.0232423    0.03140  35.1%  27.4  185s
H738114 65922                       0.0232423    0.03136  34.9%  27.4  187s
 749463 65792     cutoff   38         0.02324    0.03127  34.5%  27.3  190s
 771882 65496    0.02428   34   48    0.02324    0.03105  33.6%  27.2  195s
 795028 65099     cutoff   39         0.02324    0.03083  32.6%  27.1  200s
 817717 64779    0.02371   34   47    0.02324    0.03061  31.7%  27.0  205s
 840148 64120    0.02608   42   45    0.02324    0.03039  30.7%  26.9  210s
 860034 63499     cutoff   29         0.02324    0.03019  29.9%  26.9  215s
 882010 62808     cutoff   32         0.02324    0.02999  29.0%  26.8  220s
 904913 61937    0.02670   30   39    0.02324    0.02978  28.1%  26.7  225s
 927517 60909     cutoff   34         0.02324    0.02957  27.2%  26.6  230s
 950831 59558    0.02483   28   57    0.02324    0.02932  26.1%  26.5  235s
 973607 58153    0.02785   38   49    0.02324    0.02909  25.2%  26.4  240s
 996056 56560    0.02533   38   38    0.02324    0.02885  24.1%  26.3  245s
 1019420 54708    0.02648   32   45    0.02324    0.02858  23.0%  26.2  250s
 1042598 52776     cutoff   38         0.02324    0.02833  21.9%  26.1  255s
 1061628 51195     cutoff   37         0.02324    0.02813  21.0%  26.0  260s
 1085330 49004    0.02352   30   55    0.02324    0.02787  19.9%  25.9  265s
 1108040 46562    0.02424   29   48    0.02324    0.02760  18.8%  25.8  270s

Cutting planes:
  Gomory: 21
  Implied bound: 40
  MIR: 9
  Mixing: 1
  Flow cover: 74
  Inf proof: 54
  RLT: 76
  Relax-and-lift: 25
  BQP: 28

Explored 1123619 nodes (28883322 simplex iterations) in 273.25 seconds (297.96 work units)
Thread count was 4 (of 4 available processors)

Solution count 10: 0.0232423 0.0232035 0.0230731 ... 0.0208032

Optimization achieved user objective limit
Best objective 2.324229672869e-02, best bound 2.742371219583e-02, gap 17.9905%
{"verdict": "PROVED", "status": "BOUND_REACHED", "runtime": 273.2461609840393, "objval": 0.02324229672868594, "objbound": 0.027423712195833234, "binaries": 50}
