Set parameter NodefileStart to value 6
Read parameters from file gurobi.env
Restricted license - for non-production use only - expires 2027-11-29
Set parameter OutputFlag to value 1
Set parameter Threads to value 4
Set parameter TimeLimit to value 360
Set parameter MIPGap to value 5e-05
Set parameter MIPFocus to value 2
Set parameter NonConvex to value 2
Set parameter BestBdStop to value 2.7426211734693878e-02
Gurobi Optimizer version 13.0.3 build v13.0.3rc0 (linux64 - "Ubuntu 24.04.5 LTS")

CPU model: AMD EPYC 7763 64-Core Processor, instruction set [SSE2|AVX|AVX2]
Thread count: 2 physical cores, 4 logical processors, using up to 4 threads

Non-default parameters:
TimeLimit  360
BestBdStop  2.7426211734693878e-02
MIPGap  5e-05
MIPFocus  2
NodefileStart  6
NonConvex  2
Threads  4

Optimize a model with 141 rows, 111 columns and 810 nonzeros (Max)
Model fingerprint: 0xc6e0532e
Model has 1 linear objective coefficients
Model has 50 quadratic constraints
Variable types: 65 continuous, 46 integer (46 binary)
Coefficient statistics:
  Matrix range     [5e-01, 1e+00]
  QMatrix range    [1e+00, 1e+00]
  QLMatrix range   [1e+00, 1e+00]
  Objective range  [1e+00, 1e+00]
  Bounds range     [5e-01, 1e+00]
  RHS range        [1e+00, 1e+00]

Found heuristic solution: objective -0.0000000
Presolve time: 0.00s
Presolved: 341 rows, 112 columns, 1210 nonzeros
Presolved model has 50 bilinear constraint(s)

Solving non-convex MIQCP to global optimality

Variable types: 66 continuous, 46 integer (46 binary)
Found heuristic solution: objective 0.0000000
Root relaxation presolve removed 50 rows and 1 columns
Root relaxation presolved: 291 rows, 111 columns, 1160 nonzeros


Root relaxation: objective 8.333333e-02, 131 iterations, 0.00 seconds (0.00 work units)

    Nodes    |    Current Node    |     Objective Bounds      |     Work
 Expl Unexpl |  Obj  Depth IntInf | Incumbent    BestBd   Gap | It/Node Time

     0     0    0.08333    0   50    0.00000    0.08333      -     -    0s
     0     0    0.08000    0   73    0.00000    0.08000      -     -    0s
     0     0    0.07500    0   79    0.00000    0.07500      -     -    0s
     0     0    0.07500    0   61    0.00000    0.07500      -     -    0s
     0     0    0.07500    0   49    0.00000    0.07500      -     -    0s
     0     0    0.07500    0   50    0.00000    0.07500      -     -    0s
     0     0    0.07500    0   50    0.00000    0.07500      -     -    0s
H    0     0                       0.0000000    0.07500      -     -    0s
     0     2    0.07500    0   50    0.00000    0.07500      -     -    0s
H   24    32                       0.0000003    0.07173      -  28.5    0s
* 3508  2051              65       0.0000003    0.06491      -  31.9    2s
* 3509  2004              65       0.0000003    0.06491      -  31.9    2s
H 4161  2399                       0.0000003    0.06250      -  30.0    3s
* 4532  2582              99       0.0000004    0.06184      -  29.3    3s
H 4625  2651                       0.0000005    0.06036      -  29.5    3s
* 4796  2756              70       0.0000005    0.06036      -  29.5    3s
* 5213  3051              86       0.0000005    0.06036      -  30.0    3s
* 5228  3033              86       0.0000006    0.06036      -  30.0    3s
* 9107  5768              70       0.0000006    0.05393      -  30.0    4s
 10878  7452    0.00232   40   43    0.00000    0.05319      -  30.0    5s
 26466 18688    0.00097   55   34    0.00000    0.04905      -  31.0   10s
H35136 25293                       0.0000007    0.04826      -  30.7   12s
 43219 30704    0.00702   44   50    0.00000    0.04722      -  30.9   15s
 61907 43899    0.00037   44   49    0.00000    0.04519      -  30.7   20s
H76478 54435                       0.0000007    0.04443      -  30.8   23s
 79668 56638    0.00000   78   12    0.00000    0.04429      -  30.8   25s
*87513 61553              91       0.0000007    0.04376      -  30.7   26s
H88538 62051                       0.0000008    0.04370      -  30.7   27s
 98197 68350     cutoff   52         0.00000    0.04308      -  30.6   30s
 116354 80764    0.00025   42   44    0.00000    0.04229      -  30.6   35s
 135893 93975    0.00016   60   37    0.00000    0.04167      -  30.5   40s
 155725 107082     cutoff   66         0.00000    0.04111      -  30.4   45s
 174471 119558    0.02783   33   52    0.00000    0.04062      -  30.3   50s
*175311 119569              88       0.0000008    0.04058      -  30.3   50s
 189553 129063    0.00000   89   46    0.00000    0.04024      -  30.3   55s
H202841 137252                       0.0000008    0.03995      -  30.3   58s
 207472 140312    0.00000   87   18    0.00000    0.03989      -  30.3   60s
H219614 148300                       0.0000008    0.03963      -  30.2   63s
 226526 152808     cutoff   48         0.00000    0.03951      -  30.2   65s
 243171 163525    0.00000   58   29    0.00000    0.03926      -  30.2   70s
 262666 176915     cutoff   46         0.00000    0.03898      -  30.2   75s
 280093 188173    0.00059   62   43    0.00000    0.03877      -  30.3   80s
 299515 201240    0.00000   72   41    0.00000    0.03853      -  30.3   85s
 308336 207364    0.00443   38   50    0.00000    0.03840      -  30.3   90s
 327367 219636    0.00000   70   33    0.00000    0.03816      -  30.3   95s
 347089 232196     cutoff   42         0.00000    0.03793      -  30.3  100s
 366930 244833     cutoff   52         0.00000    0.03774      -  30.3  105s
 386378 257498     cutoff   67         0.00000    0.03751      -  30.2  110s
 403745 269116    0.01070   36   54    0.00000    0.03736      -  30.3  115s
 421483 280434    0.03052   37   51    0.00000    0.03716      -  30.2  120s
 436669 290401    0.00080   47   37    0.00000    0.03702      -  30.2  125s
 456841 303346     cutoff   49         0.00000    0.03688      -  30.2  130s
 475145 315202     cutoff   51         0.00000    0.03670      -  30.2  135s
 495053 327371    0.00029   56   46    0.00000    0.03658      -  30.2  140s
 513334 338926     cutoff   44         0.00000    0.03645      -  30.2  145s
H513528 337918                       0.0000009    0.03645      -  30.2  145s
 529667 347924    0.00005   55   50    0.00000    0.03634      -  30.2  150s
 547673 359332    0.00968   43   53    0.00000    0.03623      -  30.2  155s
 567619 372602    0.00018   50   44    0.00000    0.03611      -  30.2  160s
 586476 384516    0.00039   60   44    0.00000    0.03600      -  30.2  165s
 604500 396262    0.00093   50   54    0.00000    0.03590      -  30.2  170s
 624420 409411    0.00032   54   50    0.00000    0.03579      -  30.2  175s
 643254 421463    0.00801   38   51    0.00000    0.03570      -  30.3  180s
 661417 433621     cutoff   97         0.00000    0.03563      -  30.3  185s
H665072 434025                       0.0000010    0.03561      -  30.3  186s
H666318 435279                       0.0000010    0.03560      -  30.3  188s
 676307 439148    0.00030   44   37    0.00000    0.03554      -  30.3  190s
H678854 434127                       0.0000013    0.03553      -  30.3  191s
 692460 443128    0.00014   49   31    0.00000    0.03547      -  30.3  195s
 711876 455098     cutoff   46         0.00000    0.03539      -  30.3  200s
 730934 466963    0.00043   59   52    0.00000    0.03529      -  30.3  205s
 751045 478772     cutoff   81         0.00000    0.03520      -  30.3  210s
 769648 491413    0.00053   54   54    0.00000    0.03513      -  30.3  215s
 785420 501483    0.00069   60   48    0.00000    0.03507      -  30.3  220s
 804473 513264    0.00010   73   50    0.00000    0.03500      -  30.3  225s
 823558 524958    0.00030   51   50    0.00000    0.03491      -  30.4  230s
 842508 536502    0.03077   32   53    0.00000    0.03483      -  30.4  235s
 861651 548994    0.00003   67   51    0.00000    0.03476      -  30.4  240s
 880129 560828    0.00085   49   50    0.00000    0.03468      -  30.4  245s
 900603 573870    0.01619   34   50    0.00000    0.03461      -  30.4  250s
 915364 582990 infeasible   56         0.00000    0.03454      -  30.4  255s
 930496 592827    0.00285   46   44    0.00000    0.03451      -  30.4  260s
H949323 599302                       0.0000015    0.03446      -  30.4  264s
 950429 599792    0.00003   66   38    0.00000    0.03444      -  30.4  265s
 967979 610687     cutoff   67         0.00000    0.03439      -  30.4  270s
 985227 621654    0.03194   31   61    0.00000    0.03434      -  30.4  275s
 1003825 633910    0.00000   59   36    0.00000    0.03431      -  30.5  280s
 1023426 646115    0.02129   38   44    0.00000    0.03425      -  30.5  285s
 1042011 658026    0.00001   89   41    0.00000    0.03418      -  30.5  290s
 1059717 669065    0.00005   75   50    0.00000    0.03414      -  30.5  295s
 1075491 678945    0.00001   71   49    0.00000    0.03409      -  30.5  300s
 1095769 691567    0.03243   36   52    0.00000    0.03403      -  30.5  305s
 1114808 703516    0.00169   47   52    0.00000    0.03399      -  30.5  310s
 1133525 714685    0.01068   40   50    0.00000    0.03394      -  30.5  315s
 1152446 726996    0.00017   56   50    0.00000    0.03390      -  30.5  320s
 1172937 739461     cutoff   46         0.00000    0.03383      -  30.5  325s
 1191705 751204    0.00135   61   50    0.00000    0.03378      -  30.5  330s
 1210551 762983    0.00237   34   45    0.00000    0.03372      -  30.6  335s
 1226367 771944    0.00876   35   50    0.00000    0.03368      -  30.6  340s
 1231615 775403    0.00127   48   50    0.00000    0.03367      -  30.6  345s
 1250553 787431    0.00000   69   30    0.00000    0.03362      -  30.6  350s
 1269760 799090    0.00002   60   31    0.00000    0.03356      -  30.6  355s
 1289394 810980     cutoff   48         0.00000    0.03351      -  30.6  360s

Cutting planes:
  Gomory: 22
  Lift-and-project: 15
  Implied bound: 30
  MIR: 20
  Flow cover: 49
  Inf proof: 6
  RLT: 86
  Relax-and-lift: 8
  BQP: 30

Explored 1289775 nodes (39449677 simplex iterations) in 360.00 seconds (366.02 work units)
Thread count was 4 (of 4 available processors)

Solution count 10: 1.53382e-06 1.33333e-06 1.04562e-06 ... 7.23923e-07

Time limit reached
Best objective 1.533824910754e-06, best bound 3.350809274712e-02, gap 2184510.0238%
{"verdict": "UNRESOLVED", "status": "TIME_LIMIT", "runtime": 360.0025460720062, "objval": 1.5338249107541329e-06, "objbound": 0.03350809274711706, "binaries": 46}
