Set parameter NodefileStart to value 6
Read parameters from file gurobi.env
Restricted license - for non-production use only - expires 2027-11-29
Set parameter OutputFlag to value 1
Set parameter Threads to value 4
Set parameter TimeLimit to value 360
Set parameter MIPGap to value 5e-05
Set parameter MIPFocus to value 2
Set parameter NonConvex to value 2
Set parameter BestBdStop to value 2.7426211734693878e-02
Gurobi Optimizer version 13.0.3 build v13.0.3rc0 (linux64 - "Ubuntu 24.04.5 LTS")

CPU model: AMD EPYC 9V74 80-Core Processor, instruction set [SSE2|AVX|AVX2]
Thread count: 2 physical cores, 4 logical processors, using up to 4 threads

Non-default parameters:
TimeLimit  360
BestBdStop  2.7426211734693878e-02
MIPGap  5e-05
MIPFocus  2
NodefileStart  6
NonConvex  2
Threads  4

Optimize a model with 149 rows, 119 columns and 871 nonzeros (Max)
Model fingerprint: 0x5c784f71
Model has 1 linear objective coefficients
Model has 50 quadratic constraints
Variable types: 65 continuous, 54 integer (54 binary)
Coefficient statistics:
  Matrix range     [5e-01, 1e+00]
  QMatrix range    [1e+00, 1e+00]
  QLMatrix range   [1e+00, 1e+00]
  Objective range  [1e+00, 1e+00]
  Bounds range     [5e-01, 1e+00]
  RHS range        [1e+00, 1e+00]

Found heuristic solution: objective -0.0000000
Presolve time: 0.00s
Presolved: 349 rows, 120 columns, 1271 nonzeros
Presolved model has 50 bilinear constraint(s)

Solving non-convex MIQCP to global optimality

Variable types: 66 continuous, 54 integer (54 binary)
Root relaxation presolve removed 50 rows and 1 columns
Root relaxation presolved: 299 rows, 119 columns, 1221 nonzeros


Root relaxation: objective 8.333333e-02, 116 iterations, 0.00 seconds (0.00 work units)

    Nodes    |    Current Node    |     Objective Bounds      |     Work
 Expl Unexpl |  Obj  Depth IntInf | Incumbent    BestBd   Gap | It/Node Time

     0     0    0.08333    0   54   -0.00000    0.08333      -     -    0s
     0     0    0.07143    0   51   -0.00000    0.07143      -     -    0s
     0     0    0.07143    0   55   -0.00000    0.07143      -     -    0s
     0     0    0.06818    0   53   -0.00000    0.06818      -     -    0s
     0     0    0.06818    0   51   -0.00000    0.06818      -     -    0s
     0     0    0.06818    0   64   -0.00000    0.06818      -     -    0s
     0     0    0.06818    0   61   -0.00000    0.06818      -     -    0s
     0     0    0.06818    0   51   -0.00000    0.06818      -     -    0s
     0     0    0.06818    0   51   -0.00000    0.06818      -     -    0s
     0     0    0.06818    0   50   -0.00000    0.06818      -     -    0s
     0     0    0.06818    0   51   -0.00000    0.06818      -     -    0s
     0     0    0.06818    0   51   -0.00000    0.06818      -     -    0s
     0     0    0.06818    0   51   -0.00000    0.06818      -     -    0s
     0     2    0.06818    0   51   -0.00000    0.06818      -     -    0s
H  250   246                       0.0000000    0.06818      -  24.2    0s
H  270   246                       0.0000001    0.06818      -  25.0    0s
H  273   268                       0.0000003    0.06818      -  25.1    0s
H  356   324                       0.0000005    0.06818      -  23.9    0s
H 1182   879                       0.0000006    0.06818      -  26.1    1s
H 1185   837                       0.0000006    0.06818      -  26.0    1s
* 1606  1000              60       0.0000006    0.03595      -  23.8    2s
H 1618   992                       0.0000007    0.03595      -  23.7    2s

Cutting planes:
  Gomory: 7
  Implied bound: 1
  Flow cover: 1
  RLT: 25
  BQP: 4

Explored 2912 nodes (56435 simplex iterations) in 2.65 seconds (1.94 work units)
Thread count was 4 (of 4 available processors)

Solution count 8: 7.43126e-07 5.95011e-07 5.85337e-07 ... -0

Optimization achieved user objective limit
Best objective 7.431260394541e-07, best bound 2.278368527027e-02, gap -
{"verdict": "PROVED", "status": "BOUND_REACHED", "runtime": 2.648192882537842, "objval": 7.431260394541452e-07, "objbound": 0.022783685270271106, "binaries": 54}
