Set parameter NodefileStart to value 6
Read parameters from file gurobi.env
Restricted license - for non-production use only - expires 2027-11-29
Set parameter OutputFlag to value 1
Set parameter Threads to value 4
Set parameter TimeLimit to value 360
Set parameter MIPGap to value 5e-05
Set parameter MIPFocus to value 2
Set parameter NonConvex to value 2
Set parameter BestBdStop to value 2.7426211734693878e-02
Gurobi Optimizer version 13.0.3 build v13.0.3rc0 (linux64 - "Ubuntu 24.04.5 LTS")

CPU model: AMD EPYC 9V45 96-Core Processor, instruction set [SSE2|AVX|AVX2|AVX512]
Thread count: 2 physical cores, 4 logical processors, using up to 4 threads

Non-default parameters:
TimeLimit  360
BestBdStop  2.7426211734693878e-02
MIPGap  5e-05
MIPFocus  2
NodefileStart  6
NonConvex  2
Threads  4

Optimize a model with 129 rows, 99 columns and 714 nonzeros (Max)
Model fingerprint: 0xfa324427
Model has 1 linear objective coefficients
Model has 50 quadratic constraints
Variable types: 65 continuous, 34 integer (34 binary)
Coefficient statistics:
  Matrix range     [5e-01, 1e+00]
  QMatrix range    [1e+00, 1e+00]
  QLMatrix range   [1e+00, 1e+00]
  Objective range  [1e+00, 1e+00]
  Bounds range     [5e-01, 1e+00]
  RHS range        [1e+00, 1e+00]

Found heuristic solution: objective -0.0000000
Presolve time: 0.00s
Presolved: 329 rows, 100 columns, 1114 nonzeros
Presolved model has 50 bilinear constraint(s)

Solving non-convex MIQCP to global optimality

Variable types: 66 continuous, 34 integer (34 binary)
Root relaxation presolve removed 58 rows and 5 columns
Root relaxation presolved: 271 rows, 95 columns, 1016 nonzeros


Root relaxation: objective 7.500000e-02, 115 iterations, 0.00 seconds (0.00 work units)

    Nodes    |    Current Node    |     Objective Bounds      |     Work
 Expl Unexpl |  Obj  Depth IntInf | Incumbent    BestBd   Gap | It/Node Time

     0     0    0.07500    0   53   -0.00000    0.07500      -     -    0s
     0     0    0.05727    0   52   -0.00000    0.05727      -     -    0s
     0     0    0.04167    0   49   -0.00000    0.04167      -     -    0s
     0     0    0.04167    0   50   -0.00000    0.04167      -     -    0s
     0     0    0.03448    0   50   -0.00000    0.03448      -     -    0s
     0     0    0.03295    0   51   -0.00000    0.03295      -     -    0s
     0     0    0.02915    0   51   -0.00000    0.02915      -     -    0s
     0     0    0.02915    0   50   -0.00000    0.02915      -     -    0s
     0     0    0.02779    0   52   -0.00000    0.02779      -     -    0s
     0     0    0.02779    0   52   -0.00000    0.02779      -     -    0s
     0     0    0.02779    0   54   -0.00000    0.02779      -     -    0s
     0     0    0.02779    0   54   -0.00000    0.02779      -     -    0s
     0     0    0.02779    0   53   -0.00000    0.02779      -     -    0s
     0     0    0.02779    0   53   -0.00000    0.02779      -     -    0s
     0     0    0.02779    0   53   -0.00000    0.02779      -     -    0s
     0     2    0.02779    0   53   -0.00000    0.02779      -     -    0s
*  523   495              70       0.0000000    0.02777      -  25.7    0s
*  524   493              71       0.0000000    0.02777      -  25.7    0s
H  540   493                       0.0000000    0.02777      -  25.3    0s
H  973   749                       0.0000002    0.02769      -  23.9    0s
H 1147   847                       0.0000002    0.01607      -  24.6    0s

Cutting planes:
  RLT: 30
  BQP: 8

Explored 1147 nodes (28740 simplex iterations) in 0.81 seconds (0.83 work units)
Thread count was 4 (of 4 available processors)

Solution count 6: 1.99721e-07 1.96906e-07 4.17259e-08 ... -0

Optimization achieved user objective limit
Best objective 1.997213432137e-07, best bound 1.562187001970e-02, gap -
{"verdict": "PROVED", "status": "BOUND_REACHED", "runtime": 0.814845085144043, "objval": 1.997213432136658e-07, "objbound": 0.015621870019703199, "binaries": 34}
