Set parameter NodefileStart to value 6
Read parameters from file gurobi.env
Restricted license - for non-production use only - expires 2027-11-29
Set parameter OutputFlag to value 1
Set parameter Threads to value 4
Set parameter TimeLimit to value 360
Set parameter MIPGap to value 5e-05
Set parameter MIPFocus to value 2
Set parameter NonConvex to value 2
Set parameter BestBdStop to value 2.7426211734693878e-02
Gurobi Optimizer version 13.0.3 build v13.0.3rc0 (linux64 - "Ubuntu 24.04.5 LTS")

CPU model: Intel(R) Xeon(R) 6973P-C, instruction set [SSE2|AVX|AVX2|AVX512]
Thread count: 2 physical cores, 4 logical processors, using up to 4 threads

Non-default parameters:
TimeLimit  360
BestBdStop  2.7426211734693878e-02
MIPGap  5e-05
MIPFocus  2
NodefileStart  6
NonConvex  2
Threads  4

Optimize a model with 141 rows, 111 columns and 810 nonzeros (Max)
Model fingerprint: 0x4dc1913a
Model has 1 linear objective coefficients
Model has 50 quadratic constraints
Variable types: 65 continuous, 46 integer (46 binary)
Coefficient statistics:
  Matrix range     [5e-01, 1e+00]
  QMatrix range    [1e+00, 1e+00]
  QLMatrix range   [1e+00, 1e+00]
  Objective range  [1e+00, 1e+00]
  Bounds range     [5e-01, 1e+00]
  RHS range        [1e+00, 1e+00]

Found heuristic solution: objective -0.0000000
Presolve time: 0.00s
Presolved: 341 rows, 112 columns, 1210 nonzeros
Presolved model has 50 bilinear constraint(s)

Solving non-convex MIQCP to global optimality

Variable types: 66 continuous, 46 integer (46 binary)
Root relaxation presolve removed 50 rows and 1 columns
Root relaxation presolved: 291 rows, 111 columns, 1160 nonzeros


Root relaxation: objective 8.333333e-02, 117 iterations, 0.00 seconds (0.00 work units)

    Nodes    |    Current Node    |     Objective Bounds      |     Work
 Expl Unexpl |  Obj  Depth IntInf | Incumbent    BestBd   Gap | It/Node Time

     0     0    0.08333    0   50   -0.00000    0.08333      -     -    0s
     0     0    0.08333    0   41   -0.00000    0.08333      -     -    0s
     0     0    0.08333    0   60   -0.00000    0.08333      -     -    0s
     0     0    0.08333    0   55   -0.00000    0.08333      -     -    0s
     0     0    0.08333    0   28   -0.00000    0.08333      -     -    0s
H    0     0                       0.0000000    0.08333      -     -    0s
     0     0    0.08333    0   47    0.00000    0.08333      -     -    0s
     0     0    0.08333    0   53    0.00000    0.08333      -     -    0s
     0     0    0.08333    0   43    0.00000    0.08333      -     -    0s
     0     0    0.08333    0   41    0.00000    0.08333      -     -    0s
     0     0    0.08333    0   45    0.00000    0.08333      -     -    0s
     0     0    0.08333    0   45    0.00000    0.08333      -     -    0s
     0     2    0.08333    0   45    0.00000    0.08333      -     -    0s
*  842   769             107       0.0000000    0.08333      -  24.2    0s
H 1210   978                       0.0000001    0.08333      -  24.9    1s
H 1211   929                       0.0000001    0.08333      -  24.9    1s
H 1211   882                       0.0000002    0.08333      -  24.9    1s
H 1211   838                       0.0000002    0.08333      -  24.9    1s
* 1872  1218             104       0.0000003    0.08290      -  25.4    2s
* 1873  1178             104       0.0000003    0.08290      -  25.4    2s
* 1874  1138             104       0.0000003    0.08290      -  25.4    2s
* 1950  1152             105       0.0000004    0.08290      -  25.4    2s
* 1951  1118             105       0.0000004    0.08290      -  25.4    2s
* 2030  1096             134       0.0000004    0.08290      -  25.4    2s
* 2031  1065             134       0.0000004    0.08290      -  25.4    2s
* 2089  1085             134       0.0000004    0.08290      -  25.3    2s
* 2090  1056             134       0.0000004    0.08290      -  25.3    2s
* 2873  1408             114       0.0000006    0.08290      -  23.8    2s
* 2876  1408             115       0.0000008    0.08290      -  23.8    2s
H 4035  2305                       0.0000008    0.08290      -  27.1    3s
  6252  3998    0.00004   70   54    0.00000    0.07733      -  27.6    5s
 27187 19338    0.00000  110   31    0.00000    0.06647      -  30.9   10s
 44009 32032    0.00002   83   43    0.00000    0.06421      -  32.3   15s
*59483 42829             110       0.0000009    0.06250      -  32.2   19s
*59484 42793             110       0.0000009    0.06250      -  32.2   19s
H60624 14703                       0.0065835    0.06240   848%  32.2   19s
H60679 14899                       0.0065835    0.06238   847%  32.2   19s
H61766 14858                       0.0073223    0.06222   750%  32.3   19s
 62332 15413    0.00756   40   56    0.00732    0.06198   747%  32.4   20s
H62797 15591                       0.0073223    0.06184   745%  32.4   20s
H70548 19939                       0.0073223    0.06085   731%  33.2   22s
 79068 24579     cutoff   43         0.00732    0.05980   717%  34.2   25s
H94072 32631                       0.0073223    0.05856   700%  35.6   29s
 97412 34545    0.05612   28   55    0.00732    0.05830   696%  35.9   30s
H98209 33219                       0.0085650    0.05823   580%  35.9   30s
H105979 36043                       0.0091739    0.05760   528%  36.3   32s
H111145 36225                       0.0106369    0.05703   436%  36.5   34s
H111148 34690                       0.0118876    0.05703   380%  36.5   34s
 111590 34986     cutoff   48         0.01189    0.05697   379%  36.5   35s
 129212 42152    0.03772   38   51    0.01189    0.05539   366%  36.9   40s
 148375 49808    0.02902   34   51    0.01189    0.05421   356%  37.3   45s
 166963 56877    0.03232   35   54    0.01189    0.05314   347%  37.7   50s
 183858 63570    0.03670   33   51    0.01189    0.05258   342%  38.0   55s
H188488 65235                       0.0118876    0.05240   341%  38.1   56s
 199770 69327    0.04506   32   54    0.01189    0.05195   337%  38.2   60s
 218239 76174    0.01428   44   52    0.01189    0.05139   332%  38.4   65s
 233591 81580     cutoff   37         0.01189    0.05088   328%  38.6   70s
H243605 84899                       0.0118876    0.05061   326%  38.7   73s
 247532 86400     cutoff   41         0.01189    0.05047   325%  38.7   75s
 261852 91312    0.02771   38   52    0.01189    0.05001   321%  38.8   80s
 279966 97746    0.02253   37   54    0.01189    0.04955   317%  39.0   85s
 298386 104485 infeasible   38         0.01189    0.04919   314%  39.0   90s
 317236 110856    0.01276   35   51    0.01189    0.04877   310%  39.1   95s
 335091 117101    0.01767   33   57    0.01189    0.04840   307%  39.1  100s
 352821 122883    0.04487   31   56    0.01189    0.04806   304%  39.1  105s
H353472 123022                       0.0118876    0.04804   304%  39.1  105s
 370066 128730    0.01500   46   51    0.01189    0.04773   302%  39.0  110s
 387681 134560     cutoff   40         0.01189    0.04740   299%  39.0  115s
 401797 139137     cutoff   46         0.01189    0.04716   297%  39.1  120s
 420798 145015    0.01752   37   43    0.01189    0.04688   294%  39.0  125s
 439160 150884    0.02108   36   50    0.01189    0.04660   292%  39.0  130s
 456966 156338     cutoff   37         0.01189    0.04635   290%  39.0  135s
 474840 161965    0.01192   43   51    0.01189    0.04610   288%  39.0  140s
 493724 167695     cutoff   38         0.01189    0.04584   286%  39.0  145s
 512209 173733    0.04274   32   59    0.01189    0.04567   284%  39.1  150s
 529494 179836     cutoff   40         0.01189    0.04556   283%  39.1  155s
 548399 185653    0.03467   33   52    0.01189    0.04539   282%  39.2  160s
 565127 191144    0.03015   35   56    0.01189    0.04520   280%  39.2  165s
 585863 197383    0.03644   34   46    0.01189    0.04498   278%  39.2  170s
 604530 202900    0.01915   34   56    0.01189    0.04476   277%  39.2  175s
*605871 203309              67       0.0118914    0.04475   276%  39.2  175s
*605872 203307              67       0.0118929    0.04475   276%  39.2  175s
H606140 203451                       0.0118929    0.04474   276%  39.2  175s
H607520 197749                       0.0128834    0.04473   247%  39.2  176s
 618566 201431    0.01701   40   53    0.01288    0.04462   246%  39.2  180s
 636925 206929    0.01753   42   50    0.01288    0.04443   245%  39.2  185s
 651249 211079    0.03966   33   55    0.01288    0.04428   244%  39.2  190s
 668290 216339     cutoff   36         0.01288    0.04412   242%  39.2  195s
 687284 221989     cutoff   40         0.01288    0.04395   241%  39.2  200s
 705392 227237    0.03134   37   50    0.01288    0.04378   240%  39.2  205s
 724400 232890     cutoff   33         0.01288    0.04361   239%  39.2  210s
H725951 227154                       0.0136726    0.04361   219%  39.2  210s
 740812 231085     cutoff   36         0.01367    0.04346   218%  39.2  215s
 759767 236509     cutoff   42         0.01367    0.04330   217%  39.2  220s
 779719 241890     cutoff   42         0.01367    0.04313   215%  39.2  225s
*793201 230370             125       0.0154099    0.04302   179%  39.2  228s
*793203 228496             126       0.0156087    0.04302   176%  39.2  228s
*793205 228012             127       0.0156576    0.04302   175%  39.2  228s
*793206 227940             128       0.0156661    0.04302   175%  39.2  228s
*793208 227940             129       0.0156665    0.04302   175%  39.2  228s
*793210 227922             130       0.0156687    0.04302   175%  39.2  228s
*793214 227913             132       0.0156691    0.04302   175%  39.2  228s
*793217 227913             133       0.0156692    0.04302   175%  39.2  228s
H793311 227641                       0.0156991    0.04301   174%  39.2  228s
H793584 227699                       0.0156991    0.04301   174%  39.2  228s
H794607 226909                       0.0158057    0.04300   172%  39.2  228s
 797480 227678     cutoff   38         0.01581    0.04297   172%  39.2  230s
 817282 232144    0.02020   26   50    0.01581    0.04278   171%  39.2  235s
 837389 236718    0.03121   32   51    0.01581    0.04261   170%  39.1  240s
 853237 240241     cutoff   41         0.01581    0.04248   169%  39.1  245s
 871451 244355    0.02086   36   52    0.01581    0.04232   168%  39.1  250s
 891017 248704     cutoff   32         0.01581    0.04216   167%  39.1  255s
 909319 252457     cutoff   42         0.01581    0.04202   166%  39.1  260s
 928509 256440    0.02008   38   53    0.01581    0.04187   165%  39.0  265s
 946914 260368    0.01653   34   46    0.01581    0.04173   164%  39.0  270s
 965367 264012    0.01611   37   50    0.01581    0.04160   163%  39.0  275s
H969201 248644                       0.0172717    0.04157   141%  39.0  277s
 981147 249794     cutoff   44         0.01727    0.04148   140%  39.0  280s
 1001057 252857     cutoff   36         0.01727    0.04133   139%  38.9  285s
 1020971 256129     cutoff   38         0.01727    0.04118   138%  38.9  290s
 1040713 259253    0.02091   39   55    0.01727    0.04104   138%  38.8  295s
 1059469 262110     cutoff   39         0.01727    0.04092   137%  38.8  300s
 1078190 265074    0.03154   33   56    0.01727    0.04078   136%  38.8  305s
 1096450 268238    0.03287   33   59    0.01727    0.04067   135%  38.7  310s
 1114941 271063     cutoff   45         0.01727    0.04055   135%  38.7  315s
 1135421 274451    0.03004   32   53    0.01727    0.04042   134%  38.7  320s
 1154067 277636    0.02281   38   50    0.01727    0.04030   133%  38.6  325s
 1173643 280670    0.02766   42   51    0.01727    0.04017   133%  38.6  330s
 1194664 284018     cutoff   39         0.01727    0.04004   132%  38.6  335s
 1214661 287252    0.02859   34   53    0.01727    0.03991   131%  38.6  340s
 1232249 290003    0.01941   34   50    0.01727    0.03981   130%  38.5  345s
 1251798 292832    0.02777   35   57    0.01727    0.03969   130%  38.5  350s
 1270372 295838     cutoff   35         0.01727    0.03959   129%  38.5  355s
 1289210 298676    0.03560   40   51    0.01727    0.03948   129%  38.5  360s

Cutting planes:
  Gomory: 30
  Implied bound: 27
  MIR: 11
  Flow cover: 76
  Inf proof: 9
  RLT: 118
  Relax-and-lift: 29
  BQP: 27

Explored 1289489 nodes (49583636 simplex iterations) in 360.00 seconds (428.59 work units)
Thread count was 4 (of 4 available processors)

Solution count 10: 0.0172717 0.0158057 0.0156991 ... 0.0154099

Time limit reached
Best objective 1.727174604242e-02, best bound 3.947600531168e-02, gap 128.5583%
{"verdict": "UNRESOLVED", "status": "TIME_LIMIT", "runtime": 360.00354385375977, "objval": 0.017271746042424027, "objbound": 0.039476005311684756, "binaries": 46}
