Set parameter NodefileStart to value 6
Read parameters from file gurobi.env
Restricted license - for non-production use only - expires 2027-11-29
Set parameter OutputFlag to value 1
Set parameter Threads to value 4
Set parameter TimeLimit to value 360
Set parameter MIPGap to value 5e-05
Set parameter MIPFocus to value 2
Set parameter NonConvex to value 2
Set parameter BestBdStop to value 2.7426211734693878e-02
Gurobi Optimizer version 13.0.3 build v13.0.3rc0 (linux64 - "Ubuntu 24.04.5 LTS")

CPU model: AMD EPYC 7763 64-Core Processor, instruction set [SSE2|AVX|AVX2]
Thread count: 2 physical cores, 4 logical processors, using up to 4 threads

Non-default parameters:
TimeLimit  360
BestBdStop  2.7426211734693878e-02
MIPGap  5e-05
MIPFocus  2
NodefileStart  6
NonConvex  2
Threads  4

Optimize a model with 145 rows, 115 columns and 846 nonzeros (Max)
Model fingerprint: 0xb352b2ad
Model has 1 linear objective coefficients
Model has 50 quadratic constraints
Variable types: 65 continuous, 50 integer (50 binary)
Coefficient statistics:
  Matrix range     [5e-01, 1e+00]
  QMatrix range    [1e+00, 1e+00]
  QLMatrix range   [1e+00, 1e+00]
  Objective range  [1e+00, 1e+00]
  Bounds range     [5e-01, 1e+00]
  RHS range        [1e+00, 1e+00]

Found heuristic solution: objective -0.0000000
Presolve time: 0.00s
Presolved: 345 rows, 116 columns, 1246 nonzeros
Presolved model has 50 bilinear constraint(s)

Solving non-convex MIQCP to global optimality

Variable types: 66 continuous, 50 integer (50 binary)
Root relaxation presolve removed 50 rows and 1 columns
Root relaxation presolved: 295 rows, 115 columns, 1196 nonzeros


Root relaxation: objective 8.333333e-02, 111 iterations, 0.00 seconds (0.00 work units)

    Nodes    |    Current Node    |     Objective Bounds      |     Work
 Expl Unexpl |  Obj  Depth IntInf | Incumbent    BestBd   Gap | It/Node Time

     0     0    0.08333    0   49   -0.00000    0.08333      -     -    0s
     0     0    0.08333    0   54   -0.00000    0.08333      -     -    0s
     0     0    0.08333    0   64   -0.00000    0.08333      -     -    0s
     0     0    0.08333    0   68   -0.00000    0.08333      -     -    0s
     0     0    0.08333    0   39   -0.00000    0.08333      -     -    0s
H    0     0                       0.0000001    0.08333      -     -    0s
     0     0    0.08333    0   39    0.00000    0.08333      -     -    0s
     0     0    0.08333    0   38    0.00000    0.08333      -     -    0s
     0     0    0.08333    0   38    0.00000    0.08333      -     -    0s
     0     2    0.08333    0   38    0.00000    0.08333      -     -    0s
H 1130   998                       0.0000001    0.08333      -  26.9    1s
H 1144   992                       0.0000004    0.08333      -  27.2    1s
H 1200   951                       0.0049603    0.04772   862%  27.5    1s
H 1200   903                       0.0059737    0.04772   699%  27.5    1s
H 1200   858                       0.0070862    0.04772   573%  27.5    1s
H 1200   815                       0.0070862    0.04772   573%  27.5    1s
H 1264   816                       0.0085034    0.04772   461%  29.1    1s
H 1623   948                       0.0087159    0.04772   448%  28.8    1s
H 1690   928                       0.0087159    0.04772   448%  28.8    1s
H 1749   918                       0.0087159    0.04772   448%  29.2    1s
H 2354  1131                       0.0087578    0.04772   445%  29.6    2s
H 2492  1124                       0.0087578    0.04404   403%  30.1    2s
H 2832   894                       0.0137063    0.04202   207%  30.0    2s
H 2903   872                       0.0137063    0.04102   199%  30.3    2s
H 3594  1143                       0.0137065    0.03986   191%  31.0    2s
H 4669  1500                       0.0137069    0.03960   189%  33.1    3s
H 8525  2844                       0.0142766    0.03812   167%  34.9    4s
 10381  3339     cutoff   28         0.01428    0.03779   165%  34.8    5s
H11803  3724                       0.0146030    0.03748   157%  35.1    5s
H16250  4724                       0.0150705    0.03689   145%  35.0    6s
H16472  4813                       0.0150705    0.03676   144%  35.0    6s
H21036  6061                       0.0151376    0.03628   140%  34.3    8s
*22449  5980             116       0.0179386    0.03620   102%  33.7    9s
*22452  5978             116       0.0179395    0.03620   102%  33.7    9s
*22453  5978             116       0.0179396    0.03620   102%  33.7    9s
H23585  6335                       0.0179670    0.03606   101%  33.8    9s
 25236  6869    0.02855   29   59    0.01797    0.03586   100%  33.7   10s
H36640  9261                       0.0181592    0.03493  92.3%  33.0   12s
H36707  9329                       0.0181592    0.03492  92.3%  33.0   13s
H38444  9625                       0.0181592    0.03485  91.9%  33.0   13s
 45210 11196    0.01832   35   27    0.01816    0.03447  89.8%  32.7   15s
H47365 10972                       0.0188592    0.03440  82.4%  32.6   15s
 66149 14306    0.03285   27   61    0.01886    0.03348  77.5%  32.0   20s
H70628 15056                       0.0189735    0.03330  75.5%  32.0   21s
H75310 15922                       0.0189735    0.03312  74.6%  31.9   22s
H75501 15922                       0.0189735    0.03312  74.6%  31.9   22s
H76400 16043                       0.0189735    0.03310  74.4%  31.9   22s
H79031 16580                       0.0189735    0.03298  73.8%  31.9   23s
H82789 17206                       0.0189737    0.03288  73.3%  31.9   24s
 85471 17677    0.02787   31   62    0.01897    0.03279  72.8%  31.9   25s
 105619 21087     cutoff   33         0.01897    0.03219  69.6%  31.5   30s
 127380 24295     cutoff   33         0.01897    0.03164  66.8%  31.3   35s
 148988 27108    0.03102   25   55    0.01897    0.03117  64.3%  31.2   40s
 170610 29935     cutoff   31         0.01897    0.03074  62.0%  30.9   45s
 191352 32475    0.02924   28   56    0.01897    0.03037  60.1%  30.7   50s
 211057 34790    0.02220   28   59    0.01897    0.03002  58.2%  30.5   55s
 233764 37391 infeasible   31         0.01897    0.02967  56.4%  30.2   60s
 255912 39706    0.02491   28   50    0.01897    0.02936  54.7%  30.1   65s
 278048 41991    0.02610   32   59    0.01897    0.02905  53.1%  29.9   70s
 299836 44152    0.02116   33   56    0.01897    0.02880  51.8%  29.7   75s
 319187 46197    0.02634   20   55    0.01897    0.02859  50.7%  29.6   80s
 341630 48462     cutoff   34         0.01897    0.02837  49.5%  29.4   85s
 361561 50302     cutoff   39         0.01897    0.02818  48.5%  29.3   90s
 381663 51751    0.02420   37   57    0.01897    0.02799  47.5%  29.1   95s
H399401 53288                       0.0189737    0.02786  46.8%  29.0   99s
 401936 53560    0.02106   32   62    0.01897    0.02784  46.7%  29.0  100s
 424045 55449     cutoff   40         0.01897    0.02765  45.7%  28.8  105s
 446594 57363     cutoff   38         0.01897    0.02747  44.8%  28.7  110s

Cutting planes:
  Gomory: 27
  Implied bound: 34
  MIR: 9
  Mixing: 1
  Flow cover: 62
  Inf proof: 29
  RLT: 68
  Relax-and-lift: 22
  BQP: 16

Explored 451577 nodes (12938047 simplex iterations) in 111.07 seconds (120.42 work units)
Thread count was 4 (of 4 available processors)

Solution count 10: 0.0189737 0.0189735 0.0188592 ... 0.0151376

Optimization achieved user objective limit
Best objective 1.897366607994e-02, best bound 2.742590822184e-02, gap 44.5472%
{"verdict": "PROVED", "status": "BOUND_REACHED", "runtime": 111.06782698631287, "objval": 0.018973666079944128, "objbound": 0.02742590822184294, "binaries": 50}
