Set parameter NodefileStart to value 6
Read parameters from file gurobi.env
Restricted license - for non-production use only - expires 2027-11-29
Set parameter OutputFlag to value 1
Set parameter Threads to value 4
Set parameter TimeLimit to value 360
Set parameter MIPGap to value 5e-05
Set parameter MIPFocus to value 2
Set parameter NonConvex to value 2
Set parameter BestBdStop to value 2.7426211734693878e-02
Gurobi Optimizer version 13.0.3 build v13.0.3rc0 (linux64 - "Ubuntu 24.04.5 LTS")

CPU model: AMD EPYC 9V45 96-Core Processor, instruction set [SSE2|AVX|AVX2|AVX512]
Thread count: 2 physical cores, 4 logical processors, using up to 4 threads

Non-default parameters:
TimeLimit  360
BestBdStop  2.7426211734693878e-02
MIPGap  5e-05
MIPFocus  2
NodefileStart  6
NonConvex  2
Threads  4

Optimize a model with 141 rows, 111 columns and 810 nonzeros (Max)
Model fingerprint: 0xf06ec61a
Model has 1 linear objective coefficients
Model has 50 quadratic constraints
Variable types: 65 continuous, 46 integer (46 binary)
Coefficient statistics:
  Matrix range     [5e-01, 1e+00]
  QMatrix range    [1e+00, 1e+00]
  QLMatrix range   [1e+00, 1e+00]
  Objective range  [1e+00, 1e+00]
  Bounds range     [5e-01, 1e+00]
  RHS range        [1e+00, 1e+00]

Found heuristic solution: objective -0.0000000
Presolve time: 0.00s
Presolved: 341 rows, 112 columns, 1210 nonzeros
Presolved model has 50 bilinear constraint(s)

Solving non-convex MIQCP to global optimality

Variable types: 66 continuous, 46 integer (46 binary)
Root relaxation presolve removed 50 rows and 1 columns
Root relaxation presolved: 291 rows, 111 columns, 1160 nonzeros


Root relaxation: objective 8.333333e-02, 115 iterations, 0.00 seconds (0.00 work units)

    Nodes    |    Current Node    |     Objective Bounds      |     Work
 Expl Unexpl |  Obj  Depth IntInf | Incumbent    BestBd   Gap | It/Node Time

     0     0    0.08333    0   49   -0.00000    0.08333      -     -    0s
     0     0    0.08333    0   56   -0.00000    0.08333      -     -    0s
     0     0    0.08333    0   63   -0.00000    0.08333      -     -    0s
     0     0    0.08333    0   49   -0.00000    0.08333      -     -    0s
H    0     0                       0.0000001    0.08333      -     -    0s
     0     0    0.08333    0   49    0.00000    0.08333      -     -    0s
     0     0    0.08333    0   49    0.00000    0.08333      -     -    0s
     0     0    0.08333    0   28    0.00000    0.08333      -     -    0s
     0     0    0.08333    0   42    0.00000    0.08333      -     -    0s
     0     0    0.08333    0   42    0.00000    0.08333      -     -    0s
     0     2    0.08333    0   42    0.00000    0.08333      -     -    0s
*  569   560              84       0.0000002    0.08333      -  19.0    0s
H 1151  1006                       0.0000002    0.08333      -  19.7    0s
H 1229  1026                       0.0002123    0.07562      -  23.1    0s
H 1312  1022                       0.0038720    0.07562  1853%  24.7    0s
H 1409  1036                       0.0044749    0.07562  1590%  24.8    1s
H 1509  1023                       0.0053840    0.07562  1305%  25.0    1s
H 1554  1009                       0.0067459    0.07562  1021%  24.9    1s
H 1624  1002                       0.0067459    0.07562  1021%  24.7    1s
H 1634   938                       0.0099096    0.07562   663%  24.8    1s
H 1685   912                       0.0099096    0.07562   663%  24.7    1s
H 2694  1225                       0.0102314    0.06663   551%  32.8    1s
H 4655  2103                       0.0116489    0.05992   414%  36.6    1s
H 4751  2109                       0.0116489    0.05991   414%  35.9    1s
H 5838  2237                       0.0136873    0.05832   326%  36.7    2s
H13110  5016                       0.0144393    0.05213   261%  37.7    3s
H13112  4991                       0.0145134    0.05213   259%  37.7    3s
H14355  5648                       0.0145134    0.05166   256%  37.7    3s
 20074  7395    0.03536   33   61    0.01451    0.04925   239%  37.6    5s
H20091  7376                       0.0146255    0.04924   237%  37.6    5s
H20221  7436                       0.0146255    0.04924   237%  37.6    5s
H25837  9281                       0.0149817    0.04776   219%  37.8    6s
 45389 15483    0.01624   39   50    0.01498    0.04484   199%  37.5   10s
 75938 24373    0.01698   37   51    0.01498    0.04194   180%  37.1   15s
 103938 31562     cutoff   35         0.01498    0.04013   168%  36.9   20s
 132148 38533 infeasible   45         0.01498    0.03870   158%  36.8   25s
 161995 45553    0.01923   36   47    0.01498    0.03752   150%  36.4   30s
 187699 50892    0.02105   35   55    0.01498    0.03666   145%  36.3   35s
H198349 44752                       0.0180455    0.03635   101%  36.3   36s
H198560 44735                       0.0180455    0.03634   101%  36.3   36s
H202830 45417                       0.0180455    0.03619   101%  36.3   38s
 210688 46545    0.02190   31   52    0.01805    0.03595  99.2%  36.2   40s
 241231 50137     cutoff   45         0.01805    0.03501  94.0%  36.0   45s
 271361 53446     cutoff   35         0.01805    0.03428  89.9%  35.8   50s
 301235 56435    0.02098   36   51    0.01805    0.03361  86.3%  35.7   55s
 332268 59337    0.02238   33   50    0.01805    0.03295  82.6%  35.5   60s
 362302 61542    0.02561   34   57    0.01805    0.03236  79.3%  35.4   65s
 389252 63603    0.01925   37   54    0.01805    0.03184  76.4%  35.3   70s
 420083 65552    0.02335   30   59    0.01805    0.03130  73.5%  35.2   75s
 449803 67294     cutoff   40         0.01805    0.03079  70.6%  35.1   80s
 479595 68832    0.02120   38   55    0.01805    0.03029  67.9%  35.0   85s
 509681 70488     cutoff   36         0.01805    0.02986  65.5%  34.8   90s
 539465 71517    0.01948   42   53    0.01805    0.02943  63.1%  34.7   95s
H545331 71724                       0.0180455    0.02935  62.6%  34.7   95s
H545336 71724                       0.0180455    0.02935  62.6%  34.7   95s
H549623 71845                       0.0180455    0.02928  62.3%  34.7   97s
 563726 72176    0.01875   36   60    0.01805    0.02908  61.1%  34.6  100s
H577026 72686                       0.0180456    0.02890  60.2%  34.6  102s
 591209 73076    0.01918   33   53    0.01805    0.02872  59.2%  34.5  105s
 621348 73652     cutoff   39         0.01805    0.02833  57.0%  34.4  110s
 645664 73919    0.01921   34   44    0.01805    0.02803  55.3%  34.3  115s
 676209 74211     cutoff   43         0.01805    0.02767  53.3%  34.1  120s

Cutting planes:
  Gomory: 21
  Implied bound: 39
  MIR: 27
  Flow cover: 103
  Inf proof: 14
  RLT: 119
  Relax-and-lift: 36
  BQP: 21

Explored 694555 nodes (23657375 simplex iterations) in 123.00 seconds (224.02 work units)
Thread count was 4 (of 4 available processors)

Solution count 10: 0.0180456 0.0180455 0.0149817 ... 0.00990957

Optimization achieved user objective limit
Best objective 1.804560262243e-02, best bound 2.742420703900e-02, gap 51.9717%
{"verdict": "PROVED", "status": "BOUND_REACHED", "runtime": 123.00172185897827, "objval": 0.018045602622431933, "objbound": 0.02742420703900191, "binaries": 46}
