Set parameter NodefileStart to value 6
Read parameters from file gurobi.env
Restricted license - for non-production use only - expires 2027-11-29
Set parameter OutputFlag to value 1
Set parameter Threads to value 4
Set parameter TimeLimit to value 360
Set parameter MIPGap to value 5e-05
Set parameter MIPFocus to value 2
Set parameter NonConvex to value 2
Set parameter BestBdStop to value 2.7426211734693878e-02
Gurobi Optimizer version 13.0.3 build v13.0.3rc0 (linux64 - "Ubuntu 24.04.5 LTS")

CPU model: AMD EPYC 7763 64-Core Processor, instruction set [SSE2|AVX|AVX2]
Thread count: 2 physical cores, 4 logical processors, using up to 4 threads

Non-default parameters:
TimeLimit  360
BestBdStop  2.7426211734693878e-02
MIPGap  5e-05
MIPFocus  2
NodefileStart  6
NonConvex  2
Threads  4

Optimize a model with 129 rows, 99 columns and 714 nonzeros (Max)
Model fingerprint: 0xd0802d4c
Model has 1 linear objective coefficients
Model has 50 quadratic constraints
Variable types: 65 continuous, 34 integer (34 binary)
Coefficient statistics:
  Matrix range     [5e-01, 1e+00]
  QMatrix range    [1e+00, 1e+00]
  QLMatrix range   [1e+00, 1e+00]
  Objective range  [1e+00, 1e+00]
  Bounds range     [5e-01, 1e+00]
  RHS range        [1e+00, 1e+00]

Found heuristic solution: objective -0.0000000
Presolve time: 0.00s
Presolved: 329 rows, 100 columns, 1114 nonzeros
Presolved model has 50 bilinear constraint(s)

Solving non-convex MIQCP to global optimality

Variable types: 66 continuous, 34 integer (34 binary)
Root relaxation presolve removed 50 rows and 1 columns
Root relaxation presolved: 279 rows, 99 columns, 1064 nonzeros


Root relaxation: objective 1.250000e-01, 107 iterations, 0.00 seconds (0.00 work units)

    Nodes    |    Current Node    |     Objective Bounds      |     Work
 Expl Unexpl |  Obj  Depth IntInf | Incumbent    BestBd   Gap | It/Node Time

     0     0    0.12500    0   60   -0.00000    0.12500      -     -    0s
     0     0    0.10000    0   45   -0.00000    0.10000      -     -    0s
     0     0    0.09091    0   58   -0.00000    0.09091      -     -    0s
     0     0    0.09091    0   60   -0.00000    0.09091      -     -    0s
     0     0    0.09001    0   66   -0.00000    0.09001      -     -    0s
     0     0    0.08893    0   66   -0.00000    0.08893      -     -    0s
     0     0    0.08333    0   61   -0.00000    0.08333      -     -    0s
     0     0    0.08333    0   60   -0.00000    0.08333      -     -    0s
     0     0    0.07059    0   61   -0.00000    0.07059      -     -    0s
     0     0    0.06985    0   60   -0.00000    0.06985      -     -    0s
     0     0    0.06985    0   59   -0.00000    0.06985      -     -    0s
     0     0    0.06985    0   40   -0.00000    0.06985      -     -    0s
     0     0    0.06949    0   38   -0.00000    0.06949      -     -    0s
     0     0    0.06897    0   40   -0.00000    0.06897      -     -    0s
     0     0    0.06897    0   43   -0.00000    0.06897      -     -    0s
     0     0    0.06897    0   53   -0.00000    0.06897      -     -    0s
     0     0    0.06897    0   53   -0.00000    0.06897      -     -    0s
     0     2    0.06897    0   53   -0.00000    0.06897      -     -    0s
*  983   888             125       0.0000001    0.06897      -  21.8    0s
* 1147   974             109       0.0000003    0.06897      -  21.8    0s
H 1220   919                       0.0000006    0.06897      -  21.2    1s
H 1226   877                       0.0000006    0.06522      -  21.1    1s
 16291 10280    0.00001   88   44    0.00000    0.04569      -  25.8    5s
H26421 16606                       0.0000007    0.04156      -  26.4    7s
 36433 23466    0.00001   46   31    0.00000    0.03925      -  26.6   10s
 60554 39188    0.00004   57   36    0.00000    0.03638      -  26.7   15s
 82861 53879    0.00000   87   24    0.00000    0.03464      -  27.0   20s
H98577 63023                       0.0000007    0.03377      -  27.2   23s
H98686 62972                       0.0000008    0.03377      -  27.2   23s
 105893 67491    0.00152   34   37    0.00000    0.03339      -  27.2   25s
 129706 82340    0.00009   60   50    0.00000    0.03232      -  27.3   30s
H139305 87586                       0.0000009    0.03197      -  27.2   32s
 148921 93934    0.00368   39   44    0.00000    0.03171      -  27.4   35s
 172035 108453    0.00000   93   24    0.00000    0.03099      -  27.6   40s
 194632 122055    0.00258   38   50    0.00000    0.03027      -  27.7   45s
 217859 136257    0.00020   48   51    0.00000    0.02963      -  27.8   50s
 241314 150864    0.01364   32   51    0.00000    0.02903      -  27.7   55s
 263038 164173    0.00066   38   36    0.00000    0.02851      -  27.8   60s
 286300 179170    0.00297   37   50    0.00000    0.02807      -  27.9   65s
 306788 191371    0.01217   33   51    0.00000    0.02775      -  27.8   70s

Cutting planes:
  Gomory: 5
  Implied bound: 4
  MIR: 6
  Flow cover: 32
  Inf proof: 1
  RLT: 67
  Relax-and-lift: 4
  BQP: 24

Explored 325912 nodes (9081952 simplex iterations) in 74.21 seconds (73.46 work units)
Thread count was 4 (of 4 available processors)

Solution count 8: 8.53379e-07 7.58642e-07 6.64775e-07 ... -0

Optimization achieved user objective limit
Best objective 8.533785657155e-07, best bound 2.742412675269e-02, gap -
{"verdict": "PROVED", "status": "BOUND_REACHED", "runtime": 74.21396613121033, "objval": 8.533785657155459e-07, "objbound": 0.02742412675268771, "binaries": 34}
