Set parameter NodefileStart to value 6
Read parameters from file gurobi.env
Restricted license - for non-production use only - expires 2027-11-29
Set parameter OutputFlag to value 1
Set parameter Threads to value 4
Set parameter TimeLimit to value 360
Set parameter MIPGap to value 5e-05
Set parameter MIPFocus to value 2
Set parameter NonConvex to value 2
Set parameter BestBdStop to value 2.7426211734693878e-02
Gurobi Optimizer version 13.0.3 build v13.0.3rc0 (linux64 - "Ubuntu 24.04.5 LTS")

CPU model: AMD EPYC 9V45 96-Core Processor, instruction set [SSE2|AVX|AVX2|AVX512]
Thread count: 2 physical cores, 4 logical processors, using up to 4 threads

Non-default parameters:
TimeLimit  360
BestBdStop  2.7426211734693878e-02
MIPGap  5e-05
MIPFocus  2
NodefileStart  6
NonConvex  2
Threads  4

Optimize a model with 141 rows, 111 columns and 810 nonzeros (Max)
Model fingerprint: 0x18b2ea5f
Model has 1 linear objective coefficients
Model has 50 quadratic constraints
Variable types: 65 continuous, 46 integer (46 binary)
Coefficient statistics:
  Matrix range     [5e-01, 1e+00]
  QMatrix range    [1e+00, 1e+00]
  QLMatrix range   [1e+00, 1e+00]
  Objective range  [1e+00, 1e+00]
  Bounds range     [5e-01, 1e+00]
  RHS range        [1e+00, 1e+00]

Found heuristic solution: objective -0.0000000
Presolve time: 0.00s
Presolved: 341 rows, 112 columns, 1210 nonzeros
Presolved model has 50 bilinear constraint(s)

Solving non-convex MIQCP to global optimality

Variable types: 66 continuous, 46 integer (46 binary)
Root relaxation presolve removed 50 rows and 1 columns
Root relaxation presolved: 291 rows, 111 columns, 1160 nonzeros


Root relaxation: objective 8.333333e-02, 136 iterations, 0.00 seconds (0.00 work units)

    Nodes    |    Current Node    |     Objective Bounds      |     Work
 Expl Unexpl |  Obj  Depth IntInf | Incumbent    BestBd   Gap | It/Node Time

     0     0    0.08333    0   43   -0.00000    0.08333      -     -    0s
     0     0    0.08333    0   65   -0.00000    0.08333      -     -    0s
     0     0    0.08333    0   48   -0.00000    0.08333      -     -    0s
     0     0    0.08333    0   63   -0.00000    0.08333      -     -    0s
     0     0    0.08333    0   46   -0.00000    0.08333      -     -    0s
     0     0    0.06167    0   55   -0.00000    0.06167      -     -    0s
     0     0    0.06078    0   43   -0.00000    0.06078      -     -    0s
     0     0    0.06078    0   43   -0.00000    0.06078      -     -    0s
     0     2    0.06078    0   43   -0.00000    0.06078      -     -    0s
*  423   441              64       0.0000003    0.06078      -  26.2    0s
H 1147   964                       0.0000005    0.06078      -  26.0    0s
H 1386  1122                       0.0000007    0.04756      -  28.0    1s
* 2593  1611             131       0.0000008    0.04756      -  24.2    1s
* 2594  1565             131       0.0000008    0.04756      -  24.2    1s
H 3673  2076                       0.0000009    0.04756      -  28.9    1s
H 3697  2128                       0.0000010    0.04756      -  29.0    1s
H 3958  2365                       0.0000011    0.04756      -  28.8    1s
H17252 12001                       0.0000015    0.04756      -  31.3    4s
 19986 14049    0.02921   38   51    0.00000    0.04756      -  31.6    5s
 48950 34985     cutoff   80         0.00000    0.04756      -  33.3   10s
 78558 56156    0.00805   40   51    0.00000    0.04756      -  33.2   15s
 110776 78624    0.03583   30   55    0.00000    0.04756      -  32.7   20s
 139463 97954     cutoff   79         0.00000    0.04756      -  33.0   25s
 167068 116678    0.00000   76   37    0.00000    0.04683      -  33.1   30s
 196212 136742    0.00003   71   50    0.00000    0.04631      -  33.1   35s
 225295 155750    0.01152   38   51    0.00000    0.04579      -  33.3   40s
 250348 175070    0.01767   39   51    0.00000    0.04525      -  33.5   45s
 278785 191508    0.00214   54   52    0.00000    0.04486      -  33.7   50s
 305403 208600     cutoff   63         0.00000    0.04447      -  33.9   55s
 334863 228036    0.00014   52   38    0.00000    0.04399      -  33.9   60s
 363251 246957    0.00337   46   44    0.00000    0.04366      -  34.0   65s
 392328 266386    0.00001   96   45    0.00000    0.04335      -  34.1   70s
 416772 282722    0.00016   60   26    0.00000    0.04314      -  34.1   75s
 444088 301245    0.00000   90   35    0.00000    0.04294      -  34.3   80s
 471259 318805    0.03706   32   41    0.00000    0.04272      -  34.3   85s
 500480 337668    0.00294   50   50    0.00000    0.04248      -  34.3   90s
 528428 355959    0.00002   83   45    0.00000    0.04231      -  34.4   95s
 552396 371514     cutoff   42         0.00000    0.04218      -  34.4  100s
 579962 389655    0.00002   81   41    0.00000    0.04206      -  34.4  105s
 607177 408258    0.00015   56   48    0.00000    0.04195      -  34.5  110s
 635086 425919    0.00131   47   46    0.00000    0.04177      -  34.5  115s
 661525 443234    0.00000   92   37    0.00000    0.04163      -  34.5  120s
 691415 463028    0.00014   64   52    0.00000    0.04148      -  34.5  125s
 720324 482362    0.00001   90   45    0.00000    0.04135      -  34.5  130s
 750232 502277     cutoff   54         0.00000    0.04122      -  34.5  135s
 779919 521812    0.01343   41   50    0.00000    0.04110      -  34.5  140s
 806489 539285    0.01864   42   55    0.00000    0.04097      -  34.5  145s
 836597 558527    0.00024   43   51    0.00000    0.04081      -  34.5  150s
 864331 575906    0.00036   49   37    0.00000    0.04068      -  34.6  155s
H880311 585256                       0.0000016    0.04063      -  34.6  158s
 885597 588925    0.00002   79   40    0.00000    0.04060      -  34.6  160s
 912186 605706    0.00001   70   42    0.00000    0.04050      -  34.6  165s
 938256 622810     cutoff   60         0.00000    0.04039      -  34.6  170s
 967641 641685     cutoff   48         0.00000    0.04026      -  34.7  175s
 996717 661034    0.00736   44   41    0.00000    0.04016      -  34.7  180s
 1027387 681667     cutoff   49         0.00000    0.04007      -  34.7  185s
 1056683 700377     cutoff   52         0.00000    0.03996      -  34.7  190s
 1082826 717137     cutoff   87         0.00000    0.03988      -  34.8  195s
 1109421 733661    0.00021   50   43    0.00000    0.03976      -  34.8  200s
 1138052 751644    0.00032   52   44    0.00000    0.03965      -  34.8  205s
 1166423 768899    0.00000   91   26    0.00000    0.03958      -  34.8  210s
 1194073 787003    0.01382   40   51    0.00000    0.03950      -  34.8  215s
 1218678 802957    0.00342   46   38    0.00000    0.03942      -  34.8  220s
 1246939 820310     cutoff   61         0.00000    0.03932      -  34.8  225s
 1273797 838527    0.00037   63   50    0.00000    0.03927      -  34.8  230s
 1301855 856171    0.00351   55   51    0.00000    0.03919      -  34.8  235s
 1330245 874371    0.00003   78   40    0.00000    0.03915      -  34.9  240s
 1357401 891942    0.00004   64   49    0.00000    0.03912      -  34.9  245s
 1383373 908922    0.02185   38   54    0.00000    0.03904      -  34.9  250s
 1412715 927994    0.00018   60   50    0.00000    0.03895      -  34.9  255s
 1442334 947478    0.01530   43   51    0.00000    0.03888      -  34.9  260s
 1468866 964354     cutoff   74         0.00000    0.03882      -  34.9  265s
 1495246 980657    0.00051   58   35    0.00000    0.03876      -  34.9  270s
 1521647 996927    0.00334   40   50    0.00000    0.03869      -  34.9  275s
 1549970 1014962    0.00370   45   43    0.00000    0.03864      -  34.9  280s
 1578815 1033663    0.00005   70   50    0.00000    0.03858      -  34.9  285s
 1604392 1050961    0.00000   84   35    0.00000    0.03853      -  34.9  290s
 1632957 1067278    0.00005   63   37    0.00000    0.03848      -  35.0  295s
 1659450 1083831    0.00018   66   53    0.00000    0.03842      -  35.0  300s
 1688070 1102426    0.00201   50   52    0.00000    0.03837      -  35.0  305s
 1716205 1120205     cutoff   60         0.00000    0.03833      -  35.0  310s
 1743534 1137928    0.02339   37   52    0.00000    0.03828      -  35.0  315s
 1772290 1155909    0.00019   71   50    0.00000    0.03823      -  35.0  320s
 1798142 1172463    0.00160   57   50    0.00000    0.03819      -  35.0  325s
 1822159 1187904    0.00003   69   44    0.00000    0.03815      -  35.0  330s
 1847957 1204672    0.03809   32   60    0.00000    0.03811      -  35.0  335s
 1873324 1221215    0.00003   68   42    0.00000    0.03807      -  35.0  340s
 1902846 1241046    0.00400   52   37    0.00000    0.03803      -  35.1  345s
 1918770 1250874    0.00010   63   42    0.00000    0.03801      -  35.0  350s
 1948048 1269690    0.00001   64   44    0.00000    0.03797      -  35.0  355s
 1975704 1287367     cutoff   58         0.00000    0.03792      -  35.0  360s

Cutting planes:
  Gomory: 19
  Lift-and-project: 2
  Implied bound: 35
  MIR: 14
  Flow cover: 81
  Inf proof: 15
  RLT: 108
  Relax-and-lift: 30
  BQP: 35

Explored 1976026 nodes (69245800 simplex iterations) in 360.00 seconds (620.69 work units)
Thread count was 4 (of 4 available processors)

Solution count 10: 1.64921e-06 1.53866e-06 1.06037e-06 ... 2.52015e-07

Time limit reached
Best objective 1.649214935970e-06, best bound 3.792142089835e-02, gap 2299261.9613%
{"verdict": "UNRESOLVED", "status": "TIME_LIMIT", "runtime": 360.0024559497833, "objval": 1.6492149359699759e-06, "objbound": 0.037921420898347255, "binaries": 46}
