Set parameter NodefileStart to value 6
Read parameters from file gurobi.env
Restricted license - for non-production use only - expires 2027-11-29
Set parameter OutputFlag to value 1
Set parameter Threads to value 4
Set parameter TimeLimit to value 360
Set parameter MIPGap to value 5e-05
Set parameter MIPFocus to value 2
Set parameter NonConvex to value 2
Set parameter BestBdStop to value 2.7426211734693878e-02
Gurobi Optimizer version 13.0.3 build v13.0.3rc0 (linux64 - "Ubuntu 24.04.5 LTS")

CPU model: AMD EPYC 7763 64-Core Processor, instruction set [SSE2|AVX|AVX2]
Thread count: 2 physical cores, 4 logical processors, using up to 4 threads

Non-default parameters:
TimeLimit  360
BestBdStop  2.7426211734693878e-02
MIPGap  5e-05
MIPFocus  2
NodefileStart  6
NonConvex  2
Threads  4

Optimize a model with 145 rows, 115 columns and 846 nonzeros (Max)
Model fingerprint: 0x693d3269
Model has 1 linear objective coefficients
Model has 50 quadratic constraints
Variable types: 65 continuous, 50 integer (50 binary)
Coefficient statistics:
  Matrix range     [5e-01, 1e+00]
  QMatrix range    [1e+00, 1e+00]
  QLMatrix range   [1e+00, 1e+00]
  Objective range  [1e+00, 1e+00]
  Bounds range     [5e-01, 1e+00]
  RHS range        [1e+00, 1e+00]

Found heuristic solution: objective -0.0000000
Presolve time: 0.00s
Presolved: 345 rows, 116 columns, 1246 nonzeros
Presolved model has 50 bilinear constraint(s)

Solving non-convex MIQCP to global optimality

Variable types: 66 continuous, 50 integer (50 binary)
Root relaxation presolve removed 70 rows and 11 columns
Root relaxation presolved: 275 rows, 105 columns, 1076 nonzeros


Root relaxation: objective 7.142857e-02, 129 iterations, 0.00 seconds (0.00 work units)

    Nodes    |    Current Node    |     Objective Bounds      |     Work
 Expl Unexpl |  Obj  Depth IntInf | Incumbent    BestBd   Gap | It/Node Time

     0     0    0.07143    0   50   -0.00000    0.07143      -     -    0s
     0     0    0.07143    0   67   -0.00000    0.07143      -     -    0s
     0     0    0.07143    0   59   -0.00000    0.07143      -     -    0s
     0     0    0.07143    0   72   -0.00000    0.07143      -     -    0s
     0     0    0.07143    0   50   -0.00000    0.07143      -     -    0s
H    0     0                       0.0000000    0.07143      -     -    0s
H    0     0                       0.0000000    0.07143      -     -    0s
     0     0    0.07143    0   45    0.00000    0.07143      -     -    0s
     0     0    0.07143    0   50    0.00000    0.07143      -     -    0s
     0     0    0.07143    0   50    0.00000    0.07143      -     -    0s
     0     2    0.07143    0   50    0.00000    0.07143      -     -    0s
*  929   878             123       0.0000001    0.07143      -  22.5    1s
*  937   878             126       0.0000001    0.07143      -  22.4    1s
H 1142   967                       0.0000002    0.07143      -  23.4    1s
H 1205   976                       0.0000004    0.05527      -  24.5    1s
H 1531  1151                       0.0001689    0.05527      -  22.8    2s
H 1732  1171                       0.0019395    0.05527  2750%  21.8    2s
H 1952  1235                       0.0056952    0.05527   870%  20.4    2s
H 2023  1051                       0.0078315    0.05527   606%  20.1    2s
H 2067  1021                       0.0078315    0.05527   606%  20.2    2s
H 2794  1302                       0.0078315    0.05527   606%  24.0    2s
H 3808  1859                       0.0087063    0.05405   521%  27.2    2s
H 3810  1893                       0.0087063    0.05405   521%  27.2    2s
H 4147  2092                       0.0089225    0.05206   484%  28.6    2s
H 5342  2140                       0.0130024    0.05023   286%  31.4    3s
 10360  4448    0.04555   23   63    0.01300    0.04735   264%  35.5    5s
 21833  9378    0.01699   29   59    0.01300    0.04390   238%  38.0   10s
H27770 11427                       0.0134967    0.04326   221%  37.7   11s
H29370 11988                       0.0134967    0.04314   220%  37.7   12s
 37880 15289    0.02732   30   49    0.01350    0.04242   214%  37.5   15s
 54884 21121    0.02481   34   60    0.01350    0.04142   207%  37.3   20s
 71232 26319    0.02436   32   59    0.01350    0.04049   200%  37.0   25s
 89448 31899    0.02936   30   53    0.01350    0.03962   194%  37.0   30s
 107425 37322    0.01467   35   56    0.01350    0.03907   189%  36.9   35s
 126194 42957    0.02777   28   53    0.01350    0.03857   186%  36.9   40s
 144458 48197     cutoff   40         0.01350    0.03803   182%  36.8   45s
 161880 53332    0.02164   30   56    0.01350    0.03759   179%  36.9   50s
 177810 57952     cutoff   32         0.01350    0.03732   176%  36.8   55s
 195588 63005    0.01572   29   62    0.01350    0.03697   174%  36.8   60s
 213740 67991    0.01676   32   46    0.01350    0.03661   171%  36.8   65s
 232572 72869    0.03524   31   60    0.01350    0.03625   169%  36.7   70s
 250961 77939    0.01731   39   33    0.01350    0.03596   166%  36.7   75s
 269547 83040    0.01766   34   41    0.01350    0.03567   164%  36.7   80s
 287144 87592    0.01377   29   54    0.01350    0.03538   162%  36.6   85s
 304868 92154    0.03003   32   60    0.01350    0.03511   160%  36.6   90s
 320636 96449    0.01667   34   58    0.01350    0.03487   158%  36.5   95s
 339405 101170    0.01480   42   38    0.01350    0.03459   156%  36.4  100s
 358082 106062    0.02735   31   45    0.01350    0.03433   154%  36.4  105s
 376370 110717    0.01389   29   52    0.01350    0.03409   153%  36.3  110s
 394245 115544     cutoff   32         0.01350    0.03388   151%  36.3  115s
 412996 120279    0.01553   35   50    0.01350    0.03367   149%  36.2  120s
H418705 115292                       0.0145075    0.03361   132%  36.2  121s
 429395 117509    0.01578   30   56    0.01451    0.03348   131%  36.2  125s
H436587 118891                       0.0145075    0.03339   130%  36.2  126s
 445466 120964    0.01979   31   55    0.01451    0.03329   130%  36.2  130s
 459260 123919    0.01931   26   59    0.01451    0.03314   128%  36.2  135s
 477712 128058    0.03003   27   53    0.01451    0.03294   127%  36.1  140s
 496018 132155    0.02087   32   57    0.01451    0.03279   126%  36.1  145s
 514298 136308    0.01457   30   49    0.01451    0.03262   125%  36.1  150s
 531944 140235     cutoff   37         0.01451    0.03247   124%  36.1  155s
 550467 143964    0.01527   36   44    0.01451    0.03232   123%  36.1  160s
 567447 147593    0.01564   43   35    0.01451    0.03218   122%  36.0  165s
 585956 151420    0.01474   33   57    0.01451    0.03203   121%  36.0  170s
 603896 155343     cutoff   37         0.01451    0.03189   120%  36.0  175s
 619394 158654    0.02950   31   45    0.01451    0.03179   119%  36.0  180s
 637912 162235    0.01845   38   59    0.01451    0.03166   118%  36.0  185s
 656689 165921    0.01865   35   54    0.01451    0.03153   117%  35.9  190s
 674992 169753    0.02800   32   50    0.01451    0.03140   116%  35.9  195s
H675882 155715                       0.0158387    0.03140  98.2%  35.9  195s
H675948 155786                       0.0158387    0.03140  98.2%  35.9  195s
H676949 155912                       0.0158387    0.03139  98.2%  35.9  195s
 691119 158255    0.01995   37   54    0.01584    0.03129  97.5%  35.9  200s
 709027 161119    0.02108   30   52    0.01584    0.03116  96.8%  35.8  205s
 727071 164181    0.01949   35   44    0.01584    0.03103  95.9%  35.8  210s
 746221 166818     cutoff   34         0.01584    0.03091  95.2%  35.8  215s
 764108 169561    0.01731   37   46    0.01584    0.03080  94.5%  35.8  220s
H767402 169979                       0.0158387    0.03078  94.3%  35.8  221s
 776704 171513     cutoff   40         0.01584    0.03071  93.9%  35.7  225s
 795833 174645     cutoff   33         0.01584    0.03061  93.3%  35.7  230s
 813172 177672    0.02156   26   46    0.01584    0.03052  92.7%  35.7  235s
 832505 180611    0.02518   33   54    0.01584    0.03042  92.0%  35.6  240s
 850628 183175    0.02453   32   52    0.01584    0.03031  91.4%  35.6  245s
 868988 186256    0.02546   37   54    0.01584    0.03021  90.7%  35.6  250s
*883648 188280              63       0.0158521    0.03013  90.1%  35.6  254s
*883652 188193              64       0.0158587    0.03013  90.0%  35.6  254s
 884279 188323    0.01775   40   54    0.01586    0.03013  90.0%  35.6  255s
H885098 185359                       0.0160863    0.03012  87.3%  35.5  255s
H886488 162918                       0.0176890    0.03011  70.2%  35.5  256s
H887779 142873                       0.0190874    0.03011  57.7%  35.5  256s
H889167 141894                       0.0191601    0.03010  57.1%  35.5  257s
 895174 142254    0.02511   35   53    0.01916    0.03006  56.9%  35.5  260s
 914205 143127    0.02958   27   56    0.01916    0.02991  56.1%  35.5  265s
 930013 143839     cutoff   30         0.01916    0.02979  55.5%  35.4  270s
 948947 144764    0.01920   39   51    0.01916    0.02965  54.8%  35.4  275s
 967711 145387     cutoff   33         0.01916    0.02951  54.0%  35.3  280s
 986037 146272    0.02181   38   44    0.01916    0.02938  53.3%  35.3  285s
 1004569 147097    0.02678   33   52    0.01916    0.02926  52.7%  35.2  290s
 1022949 148066    0.02626   31   48    0.01916    0.02913  52.1%  35.2  295s
 1039531 148738    0.02651   31   55    0.01916    0.02903  51.5%  35.2  300s
 1056835 149408    0.01938   39   49    0.01916    0.02893  51.0%  35.1  305s
 1075143 150048     cutoff   26         0.01916    0.02882  50.4%  35.1  310s
 1094123 150626    0.02865   29   54    0.01916    0.02870  49.8%  35.0  315s
 1112579 151240    0.02216   37   52    0.01916    0.02858  49.2%  35.0  320s
 1130908 151764     cutoff   29         0.01916    0.02847  48.6%  34.9  325s
 1148735 152060     cutoff   32         0.01916    0.02836  48.0%  34.9  330s
 1167794 152346     cutoff   36         0.01916    0.02823  47.4%  34.9  335s
 1183620 152580     cutoff   30         0.01916    0.02814  46.9%  34.8  340s
 1201893 152926    0.02525   32   50    0.01916    0.02803  46.3%  34.8  345s
 1220559 153339    0.02268   34   51    0.01916    0.02793  45.7%  34.8  350s
 1239608 153657    0.02137   36   49    0.01916    0.02781  45.1%  34.7  355s
 1258058 154075    0.02452   32   53    0.01916    0.02771  44.6%  34.7  360s

Cutting planes:
  Gomory: 39
  Implied bound: 34
  MIR: 7
  Mixing: 1
  Flow cover: 68
  Inf proof: 12
  RLT: 88
  Relax-and-lift: 40
  BQP: 28

Explored 1258387 nodes (43616197 simplex iterations) in 360.00 seconds (398.23 work units)
Thread count was 4 (of 4 available processors)

Solution count 10: 0.0191601 0.0190874 0.017689 ... 0.0130024

Time limit reached
Best objective 1.916009311097e-02, best bound 2.770553237525e-02, gap 44.6002%
{"verdict": "UNRESOLVED", "status": "TIME_LIMIT", "runtime": 360.0025510787964, "objval": 0.019160093110973157, "objbound": 0.02770553237524665, "binaries": 50}
