Set parameter NodefileStart to value 6
Read parameters from file gurobi.env
Restricted license - for non-production use only - expires 2027-11-29
Set parameter OutputFlag to value 1
Set parameter Threads to value 4
Set parameter TimeLimit to value 360
Set parameter MIPGap to value 5e-05
Set parameter MIPFocus to value 2
Set parameter NonConvex to value 2
Set parameter BestBdStop to value 2.7426211734693878e-02
Gurobi Optimizer version 13.0.3 build v13.0.3rc0 (linux64 - "Ubuntu 24.04.5 LTS")

CPU model: AMD EPYC 7763 64-Core Processor, instruction set [SSE2|AVX|AVX2]
Thread count: 2 physical cores, 4 logical processors, using up to 4 threads

Non-default parameters:
TimeLimit  360
BestBdStop  2.7426211734693878e-02
MIPGap  5e-05
MIPFocus  2
NodefileStart  6
NonConvex  2
Threads  4

Optimize a model with 141 rows, 111 columns and 810 nonzeros (Max)
Model fingerprint: 0x8ac74755
Model has 1 linear objective coefficients
Model has 50 quadratic constraints
Variable types: 65 continuous, 46 integer (46 binary)
Coefficient statistics:
  Matrix range     [5e-01, 1e+00]
  QMatrix range    [1e+00, 1e+00]
  QLMatrix range   [1e+00, 1e+00]
  Objective range  [1e+00, 1e+00]
  Bounds range     [5e-01, 1e+00]
  RHS range        [1e+00, 1e+00]

Found heuristic solution: objective -0.0000000
Presolve time: 0.00s
Presolved: 341 rows, 112 columns, 1210 nonzeros
Presolved model has 50 bilinear constraint(s)

Solving non-convex MIQCP to global optimality

Variable types: 66 continuous, 46 integer (46 binary)
Found heuristic solution: objective 0.0000000
Root relaxation presolve removed 50 rows and 1 columns
Root relaxation presolved: 291 rows, 111 columns, 1160 nonzeros


Root relaxation: objective 1.250000e-01, 123 iterations, 0.00 seconds (0.00 work units)

    Nodes    |    Current Node    |     Objective Bounds      |     Work
 Expl Unexpl |  Obj  Depth IntInf | Incumbent    BestBd   Gap | It/Node Time

     0     0    0.12500    0   59    0.00000    0.12500      -     -    0s
     0     0    0.10000    0   78    0.00000    0.10000      -     -    0s
     0     0    0.10000    0   65    0.00000    0.10000      -     -    0s
     0     0    0.10000    0   54    0.00000    0.10000      -     -    0s
     0     0    0.10000    0   61    0.00000    0.10000      -     -    0s
     0     0    0.10000    0   50    0.00000    0.10000      -     -    0s
     0     0    0.10000    0   46    0.00000    0.10000      -     -    0s
     0     0    0.10000    0   55    0.00000    0.10000      -     -    0s
     0     0    0.10000    0   52    0.00000    0.10000      -     -    0s
     0     0    0.10000    0   50    0.00000    0.10000      -     -    0s
H    0     0                       0.0000000    0.10000      -     -    0s
     0     0    0.10000    0   50    0.00000    0.10000      -     -    0s
     0     2    0.10000    0   50    0.00000    0.10000      -     -    0s
H   59    70                       0.0000001    0.09470      -  29.6    0s
H  284   331                       0.0000003    0.09470      -  17.6    0s
H  329   331                       0.0000004    0.09470      -  17.6    0s
H  496   494                       0.0000004    0.09470      -  18.7    0s
H  534   492                       0.0000007    0.09470      -  18.9    0s
H  584   552                       0.0000007    0.09470      -  19.9    0s
H  955   801                       0.0000010    0.09459      -  19.5    0s
H 1118   902                       0.0001475    0.09459      -  21.4    1s
H 1121   859                       0.0002287    0.07710      -  21.3    1s
H 1124   818                       0.0019539    0.07397  3686%  21.3    1s
H 1125   777                       0.0085006    0.07029   727%  21.2    1s
H 1125   738                       0.0086269    0.07029   715%  21.2    1s
H 1125   700                       0.0106741    0.07029   559%  21.2    1s
H 1128   669                       0.0106741    0.06891   546%  22.2    1s
H 1260   736                       0.0109052    0.06891   532%  25.2    1s
H 1274   700                       0.0109235    0.06891   531%  25.4    1s
H 1471   819                       0.0109236    0.06891   531%  25.0    1s
H 1588   838                       0.0121782    0.06891   466%  24.5    1s
H 1857   820                       0.0125786    0.06891   448%  26.6    2s
H 1877   806                       0.0126882    0.06891   443%  26.8    2s
H 2885  1200                       0.0127966    0.06891   438%  34.4    2s
H 5821  2585                       0.0131418    0.06891   424%  39.2    3s
H 6118  2767                       0.0132499    0.06891   420%  39.5    3s
H 7184  2786                       0.0180451    0.06809   277%  40.2    4s
H 7625  3028                       0.0180455    0.06756   274%  40.6    4s
  8705  3481     cutoff   35         0.01805    0.06544   263%  40.9    5s
H10840  4080                       0.0184729    0.06338   243%  41.6    5s
H11704  4584                       0.0184731    0.06269   239%  42.2    6s
 20262  7376     cutoff   38         0.01847    0.05611   204%  41.7   10s
H24588  8460                       0.0189509    0.05438   187%  41.4   12s
 32611 10810    0.02059   35   55    0.01895    0.05241   177%  41.6   15s
 48751 14661    0.02075   35   62    0.01895    0.04945   161%  41.2   20s
 62613 17898    0.01926   31   46    0.01895    0.04744   150%  40.9   25s
 79147 21056    0.02194   35   55    0.01895    0.04552   140%  40.3   30s
 96200 24171    0.04346   32   54    0.01895    0.04406   133%  39.8   35s
*103801 25356              69       0.0189516    0.04338   129%  39.6   37s
*103802 25354              69       0.0189518    0.04338   129%  39.6   37s
*103804 25354              69       0.0189520    0.04338   129%  39.6   37s
*103812 25354              70       0.0189520    0.04338   129%  39.6   37s
*103815 25354              71       0.0189520    0.04338   129%  39.6   37s
 111356 26700     cutoff   39         0.01895    0.04276   126%  39.5   40s
 128313 29937    0.02502   32   52    0.01895    0.04168   120%  39.0   45s
H132965 30796                       0.0189521    0.04146   119%  38.9   46s
H135258 30441                       0.0195288    0.04137   112%  38.8   47s
H136474 30482                       0.0196656    0.04126   110%  38.8   47s
H142025 31301                       0.0196656    0.04100   108%  38.6   49s
 143391 31523 infeasible   36         0.01967    0.04090   108%  38.6   50s
H158591 33849                       0.0197034    0.04018   104%  38.2   54s
 158668 33856    0.03238   30   55    0.01970    0.04018   104%  38.2   55s
 172530 35895    0.03173   30   61    0.01970    0.03958   101%  38.0   60s
 189282 38106    0.02487   34   52    0.01970    0.03894  97.6%  37.7   65s
 205595 40338    0.02794   33   54    0.01970    0.03841  94.9%  37.4   70s
 223714 42400     cutoff   34         0.01970    0.03782  92.0%  37.2   75s
 241922 44895    0.02349   42   55    0.01970    0.03733  89.5%  36.9   80s
 260007 47028    0.03120   32   57    0.01970    0.03686  87.1%  36.7   85s
 276504 49051     cutoff   38         0.01970    0.03646  85.0%  36.4   90s
 295116 51272     cutoff   39         0.01970    0.03602  82.8%  36.2   95s
 313269 53133    0.02057   42   45    0.01970    0.03558  80.6%  36.0  100s
 331542 55085    0.02587   38   50    0.01970    0.03519  78.6%  35.8  105s
 350321 56874    0.02517   36   54    0.01970    0.03483  76.8%  35.6  110s
 368030 58738     cutoff   36         0.01970    0.03452  75.2%  35.4  115s
 386969 60391     cutoff   40         0.01970    0.03419  73.5%  35.3  120s
 401399 61706    0.02410   33   56    0.01970    0.03395  72.3%  35.1  125s
 420123 63267     cutoff   35         0.01970    0.03365  70.8%  35.0  130s
 438852 64918 infeasible   39         0.01970    0.03337  69.3%  34.8  135s
 457638 66762 infeasible   33         0.01970    0.03310  68.0%  34.6  140s
 476594 68083    0.02662   37   51    0.01970    0.03285  66.7%  34.5  145s
 495633 69463    0.02610   33   53    0.01970    0.03261  65.5%  34.3  150s
 514738 70780    0.02256   39   52    0.01970    0.03238  64.3%  34.2  155s
 532859 72137    0.02447   37   49    0.01970    0.03216  63.2%  34.1  160s
 552749 73724     cutoff   36         0.01970    0.03195  62.1%  33.9  165s
 571960 74909     cutoff   38         0.01970    0.03174  61.1%  33.8  170s
 591191 76013     cutoff   37         0.01970    0.03154  60.1%  33.7  175s
 610316 77008    0.02368   30   50    0.01970    0.03135  59.1%  33.6  180s
 625253 78148    0.02934   41   39    0.01970    0.03119  58.3%  33.5  185s
 644755 79183    0.02344   39   56    0.01970    0.03100  57.3%  33.4  190s
 663237 80082     cutoff   38         0.01970    0.03083  56.5%  33.3  195s
 683008 81477     cutoff   36         0.01970    0.03066  55.6%  33.2  200s
 702693 82460     cutoff   36         0.01970    0.03048  54.7%  33.1  205s
 722166 83409    0.02080   42   51    0.01970    0.03032  53.9%  33.0  210s
 741760 84333     cutoff   42         0.01970    0.03016  53.0%  32.9  215s
 759463 85202    0.02210   39   56    0.01970    0.03001  52.3%  32.8  220s
 778243 86115    0.01976   40   52    0.01970    0.02986  51.5%  32.7  225s
 798389 86775    0.02491   36   52    0.01970    0.02970  50.7%  32.6  230s
 817447 87496    0.02357   34   52    0.01970    0.02955  50.0%  32.5  235s
 837116 88273     cutoff   34         0.01970    0.02940  49.2%  32.4  240s
 852200 88864    0.02172   42   50    0.01970    0.02928  48.6%  32.3  245s
 872187 89500    0.02390   40   54    0.01970    0.02913  47.9%  32.2  250s
H881111 89602                       0.0197339    0.02907  47.3%  32.2  252s
H882410 89590                       0.0197339    0.02906  47.2%  32.2  252s
 887889 89731    0.02068   40   50    0.01973    0.02902  47.0%  32.1  255s
 907920 90272     cutoff   43         0.01973    0.02888  46.4%  32.1  260s
 927415 90776    0.02618   33   45    0.01973    0.02874  45.6%  32.0  265s
 947201 91027     cutoff   36         0.01973    0.02860  44.9%  31.9  270s
 966458 91410     cutoff   42         0.01973    0.02847  44.3%  31.8  275s
 986659 91764    0.02038   35   51    0.01973    0.02833  43.5%  31.7  280s
 1005865 91970     cutoff   37         0.01973    0.02819  42.9%  31.6  285s
 1025010 92247    0.02014   38   55    0.01973    0.02806  42.2%  31.6  290s
 1044625 92322    0.02258   41   33    0.01973    0.02792  41.5%  31.5  295s
 1063975 92342     cutoff   39         0.01973    0.02778  40.8%  31.4  300s
 1083823 92525    0.02024   46   28    0.01973    0.02765  40.1%  31.3  305s
 1101043 92425    0.02684   36   56    0.01973    0.02753  39.5%  31.2  310s

Cutting planes:
  Gomory: 40
  Implied bound: 48
  MIR: 14
  Flow cover: 113
  Inf proof: 44
  RLT: 145
  Relax-and-lift: 22
  BQP: 54

Explored 1118197 nodes (34857170 simplex iterations) in 314.36 seconds (357.71 work units)
Thread count was 4 (of 4 available processors)

Solution count 10: 0.0197339 0.0197034 0.0196656 ... 0.0184731

Optimization achieved user objective limit
Best objective 1.973388819837e-02, best bound 2.742468764852e-02, gap 38.9726%
{"verdict": "PROVED", "status": "BOUND_REACHED", "runtime": 314.36088395118713, "objval": 0.019733888198368382, "objbound": 0.027424687648522957, "binaries": 46}
