Set parameter NodefileStart to value 6
Read parameters from file gurobi.env
Restricted license - for non-production use only - expires 2027-11-29
Set parameter OutputFlag to value 1
Set parameter Threads to value 4
Set parameter TimeLimit to value 360
Set parameter MIPGap to value 5e-05
Set parameter MIPFocus to value 2
Set parameter NonConvex to value 2
Set parameter BestBdStop to value 2.7426211734693878e-02
Gurobi Optimizer version 13.0.3 build v13.0.3rc0 (linux64 - "Ubuntu 24.04.5 LTS")

CPU model: INTEL(R) XEON(R) PLATINUM 8573C, instruction set [SSE2|AVX|AVX2|AVX512]
Thread count: 2 physical cores, 4 logical processors, using up to 4 threads

Non-default parameters:
TimeLimit  360
BestBdStop  2.7426211734693878e-02
MIPGap  5e-05
MIPFocus  2
NodefileStart  6
NonConvex  2
Threads  4

Optimize a model with 141 rows, 111 columns and 810 nonzeros (Max)
Model fingerprint: 0x15e2ac9f
Model has 1 linear objective coefficients
Model has 50 quadratic constraints
Variable types: 65 continuous, 46 integer (46 binary)
Coefficient statistics:
  Matrix range     [5e-01, 1e+00]
  QMatrix range    [1e+00, 1e+00]
  QLMatrix range   [1e+00, 1e+00]
  Objective range  [1e+00, 1e+00]
  Bounds range     [5e-01, 1e+00]
  RHS range        [1e+00, 1e+00]

Found heuristic solution: objective -0.0000000
Presolve time: 0.00s
Presolved: 341 rows, 112 columns, 1210 nonzeros
Presolved model has 50 bilinear constraint(s)

Solving non-convex MIQCP to global optimality

Variable types: 66 continuous, 46 integer (46 binary)
Root relaxation presolve removed 50 rows and 1 columns
Root relaxation presolved: 291 rows, 111 columns, 1160 nonzeros


Root relaxation: objective 8.333333e-02, 97 iterations, 0.00 seconds (0.00 work units)

    Nodes    |    Current Node    |     Objective Bounds      |     Work
 Expl Unexpl |  Obj  Depth IntInf | Incumbent    BestBd   Gap | It/Node Time

     0     0    0.08333    0   50   -0.00000    0.08333      -     -    0s
     0     0    0.08333    0   63   -0.00000    0.08333      -     -    0s
     0     0    0.08333    0   43   -0.00000    0.08333      -     -    0s
     0     0    0.07500    0   72   -0.00000    0.07500      -     -    0s
     0     0    0.07500    0   52   -0.00000    0.07500      -     -    0s
H    0     0                       0.0000000    0.07500      -     -    0s
H    0     0                       0.0000001    0.07500      -     -    0s
H    0     0                       0.0000001    0.07500      -     -    0s
     0     0    0.07500    0   68    0.00000    0.07500      -     -    0s
     0     0    0.07500    0   67    0.00000    0.07500      -     -    0s
     0     0    0.07500    0   70    0.00000    0.07500      -     -    0s
     0     0    0.07407    0   59    0.00000    0.07407      -     -    0s
     0     0    0.07317    0   59    0.00000    0.07317      -     -    0s
     0     2    0.07317    0   59    0.00000    0.07317      -     -    0s
* 1086  1021             123       0.0000002    0.07317      -  18.0    1s
H 1098   971                       0.0000004    0.07317      -  17.8    1s
* 1951  1442             123       0.0000005    0.05763      -  18.9    1s
H 1975  1328                       0.0007865    0.05763  7227%  18.8    2s
* 1981  1273             138       0.0010065    0.05763  5626%  18.7    2s
* 2042  1173             138       0.0015446    0.05763  3631%  18.6    2s
* 2046  1074             139       0.0019325    0.05763  2882%  18.6    2s
H 2739  1351                       0.0019325    0.05551  2772%  23.8    2s
H 3375  1619                       0.0019916    0.04993  2407%  27.4    2s
H 3886  1893                       0.0019916    0.04848  2334%  28.7    2s
H 4965  2407                       0.0021790    0.04274  1861%  31.9    3s
H 6290  2776                       0.0032006    0.04037  1161%  34.6    3s
H 6587  2969                       0.0032144    0.04007  1147%  34.9    3s
H 8821  4186                       0.0032144    0.03786  1078%  36.6    4s
 10141  4525     cutoff   35         0.00321    0.03746  1066%  36.6    5s
H10158  4359                       0.0036714    0.03746   920%  36.5    5s
H10317  4504                       0.0036714    0.03746   920%  36.6    5s
H23213  9866                       0.0037689    0.03353   790%  40.1    9s
 23237  9897    0.01438   33   58    0.00377    0.03347   788%  40.1   10s
H23238  9864                       0.0038155    0.03347   777%  40.1   10s
H34398 14313                       0.0038456    0.03148   719%  40.7   13s
H34476 14466                       0.0038456    0.03148   719%  40.7   13s
H36698 15218                       0.0038666    0.03125   708%  40.9   14s
H36932 15348                       0.0038666    0.03115   706%  40.9   14s
 38232 15821    0.00604   39   43    0.00387    0.03096   701%  40.9   15s
H43956 17778                       0.0038672    0.03028   683%  41.2   16s
 56158 22355     cutoff   39         0.00387    0.02906   651%  41.2   20s
 71810 27947     cutoff   29         0.00387    0.02797   623%  41.1   25s

Cutting planes:
  Gomory: 22
  RLT: 60
  BQP: 16

Explored 81604 nodes (3342913 simplex iterations) in 27.72 seconds (27.20 work units)
Thread count was 4 (of 4 available processors)

Solution count 10: 0.00386717 0.00384558 0.00381548 ... 0.00193254

Optimization achieved user objective limit
Best objective 3.867171365621e-03, best bound 2.741219076668e-02, gap 608.8434%
{"verdict": "PROVED", "status": "BOUND_REACHED", "runtime": 27.72396993637085, "objval": 0.0038671713656213483, "objbound": 0.027412190766681128, "binaries": 46}
