Set parameter NodefileStart to value 6
Read parameters from file gurobi.env
Restricted license - for non-production use only - expires 2027-11-29
Set parameter OutputFlag to value 1
Set parameter Threads to value 4
Set parameter TimeLimit to value 360
Set parameter MIPGap to value 5e-05
Set parameter MIPFocus to value 2
Set parameter NonConvex to value 2
Set parameter BestBdStop to value 2.7426211734693878e-02
Gurobi Optimizer version 13.0.3 build v13.0.3rc0 (linux64 - "Ubuntu 24.04.5 LTS")

CPU model: AMD EPYC 7763 64-Core Processor, instruction set [SSE2|AVX|AVX2]
Thread count: 2 physical cores, 4 logical processors, using up to 4 threads

Non-default parameters:
TimeLimit  360
BestBdStop  2.7426211734693878e-02
MIPGap  5e-05
MIPFocus  2
NodefileStart  6
NonConvex  2
Threads  4

Optimize a model with 133 rows, 103 columns and 742 nonzeros (Max)
Model fingerprint: 0xc9ba21f9
Model has 1 linear objective coefficients
Model has 50 quadratic constraints
Variable types: 65 continuous, 38 integer (38 binary)
Coefficient statistics:
  Matrix range     [5e-01, 1e+00]
  QMatrix range    [1e+00, 1e+00]
  QLMatrix range   [1e+00, 1e+00]
  Objective range  [1e+00, 1e+00]
  Bounds range     [5e-01, 1e+00]
  RHS range        [1e+00, 1e+00]

Found heuristic solution: objective -0.0000000
Presolve time: 0.00s
Presolved: 333 rows, 104 columns, 1142 nonzeros
Presolved model has 50 bilinear constraint(s)

Solving non-convex MIQCP to global optimality

Variable types: 66 continuous, 38 integer (38 binary)
Root relaxation presolve removed 50 rows and 1 columns
Root relaxation presolved: 283 rows, 103 columns, 1092 nonzeros


Root relaxation: objective 1.000000e-01, 144 iterations, 0.00 seconds (0.00 work units)

    Nodes    |    Current Node    |     Objective Bounds      |     Work
 Expl Unexpl |  Obj  Depth IntInf | Incumbent    BestBd   Gap | It/Node Time

     0     0    0.10000    0   51   -0.00000    0.10000      -     -    0s
     0     0    0.08824    0   63   -0.00000    0.08824      -     -    0s
     0     0    0.06667    0   64   -0.00000    0.06667      -     -    0s
     0     0    0.06667    0   64   -0.00000    0.06667      -     -    0s
     0     0    0.06481    0   50   -0.00000    0.06481      -     -    0s
     0     0    0.06250    0   49   -0.00000    0.06250      -     -    0s
     0     0    0.06250    0   63   -0.00000    0.06250      -     -    0s
     0     0    0.06212    0   63   -0.00000    0.06212      -     -    0s
     0     0    0.06206    0   65   -0.00000    0.06206      -     -    0s
     0     0    0.06204    0   49   -0.00000    0.06204      -     -    0s
     0     0    0.06204    0   51   -0.00000    0.06204      -     -    0s
     0     0    0.06204    0   60   -0.00000    0.06204      -     -    0s
     0     0    0.06204    0   65   -0.00000    0.06204      -     -    0s
     0     0    0.06204    0   52   -0.00000    0.06204      -     -    0s
     0     0    0.06204    0   59   -0.00000    0.06204      -     -    0s
     0     0    0.06204    0   65   -0.00000    0.06204      -     -    0s
     0     0    0.06204    0   65   -0.00000    0.06204      -     -    0s
     0     0    0.06204    0   58   -0.00000    0.06204      -     -    0s
     0     0    0.06204    0   60   -0.00000    0.06204      -     -    0s
     0     0    0.06204    0   63   -0.00000    0.06204      -     -    0s
     0     0    0.06204    0   62   -0.00000    0.06204      -     -    0s
     0     0    0.06204    0   62   -0.00000    0.06204      -     -    0s
     0     0    0.06204    0   60   -0.00000    0.06204      -     -    0s
H    0     0                       0.0000000    0.06204      -     -    0s
     0     2    0.06204    0   60    0.00000    0.06204      -     -    0s
H   83    89                       0.0000003    0.06081      -  27.4    0s
H  746   713                       0.0000003    0.06081      -  21.5    0s
H 1246  1002                       0.0000005    0.04514      -  22.2    1s
H 1394  1065                       0.0000008    0.03484      -  25.2    1s
H 2720  1546                       0.0000009    0.03484      -  27.6    2s
  9579  5138     cutoff   48         0.00000    0.03484      -  28.7    5s
 28115 15565    0.00009   49   50    0.00000    0.03245      -  27.7   10s
 45550 25786    0.01189   40   51    0.00000    0.03101      -  28.4   15s
 66984 37858    0.00000   78   24    0.00000    0.03021      -  28.9   20s
 87994 49685    0.00006   68   35    0.00000    0.02956      -  29.2   25s
 109791 61336    0.00008   72   50    0.00000    0.02899      -  29.4   30s
 130318 72837    0.00176   39   54    0.00000    0.02854      -  29.7   35s
 149029 83540    0.00000   75   32    0.00000    0.02827      -  29.9   40s
 165814 92709    0.00425   36   50    0.00000    0.02796      -  30.0   45s
 187293 104351    0.00000   62   40    0.00000    0.02765      -  30.0   50s

Cutting planes:
  Gomory: 12
  MIR: 8
  Flow cover: 14
  RLT: 61
  BQP: 9

Explored 201270 nodes (6029732 simplex iterations) in 53.24 seconds (52.62 work units)
Thread count was 4 (of 4 available processors)

Solution count 7: 9.32669e-07 7.67992e-07 5.07613e-07 ... -0

Optimization achieved user objective limit
Best objective 9.326687781339e-07, best bound 2.742244771849e-02, gap -
{"verdict": "PROVED", "status": "BOUND_REACHED", "runtime": 53.24131202697754, "objval": 9.326687781339301e-07, "objbound": 0.02742244771849431, "binaries": 38}
