Set parameter NodefileStart to value 6
Read parameters from file gurobi.env
Restricted license - for non-production use only - expires 2027-11-29
Set parameter OutputFlag to value 1
Set parameter Threads to value 4
Set parameter TimeLimit to value 360
Set parameter MIPGap to value 5e-05
Set parameter MIPFocus to value 2
Set parameter NonConvex to value 2
Set parameter BestBdStop to value 2.7426211734693878e-02
Gurobi Optimizer version 13.0.3 build v13.0.3rc0 (linux64 - "Ubuntu 24.04.5 LTS")

CPU model: AMD EPYC 9V74 80-Core Processor, instruction set [SSE2|AVX|AVX2]
Thread count: 2 physical cores, 4 logical processors, using up to 4 threads

Non-default parameters:
TimeLimit  360
BestBdStop  2.7426211734693878e-02
MIPGap  5e-05
MIPFocus  2
NodefileStart  6
NonConvex  2
Threads  4

Optimize a model with 141 rows, 111 columns and 810 nonzeros (Max)
Model fingerprint: 0xded232eb
Model has 1 linear objective coefficients
Model has 50 quadratic constraints
Variable types: 65 continuous, 46 integer (46 binary)
Coefficient statistics:
  Matrix range     [5e-01, 1e+00]
  QMatrix range    [1e+00, 1e+00]
  QLMatrix range   [1e+00, 1e+00]
  Objective range  [1e+00, 1e+00]
  Bounds range     [5e-01, 1e+00]
  RHS range        [1e+00, 1e+00]

Found heuristic solution: objective -0.0000000
Presolve time: 0.00s
Presolved: 341 rows, 112 columns, 1210 nonzeros
Presolved model has 50 bilinear constraint(s)

Solving non-convex MIQCP to global optimality

Variable types: 66 continuous, 46 integer (46 binary)
Root relaxation presolve removed 50 rows and 1 columns
Root relaxation presolved: 291 rows, 111 columns, 1160 nonzeros


Root relaxation: objective 8.333333e-02, 117 iterations, 0.00 seconds (0.00 work units)

    Nodes    |    Current Node    |     Objective Bounds      |     Work
 Expl Unexpl |  Obj  Depth IntInf | Incumbent    BestBd   Gap | It/Node Time

     0     0    0.08333    0   59   -0.00000    0.08333      -     -    0s
     0     0    0.07407    0   59   -0.00000    0.07407      -     -    0s
     0     0    0.06250    0   49   -0.00000    0.06250      -     -    0s
     0     0    0.06250    0   48   -0.00000    0.06250      -     -    0s
     0     0    0.06250    0   53   -0.00000    0.06250      -     -    0s
     0     0    0.06250    0   62   -0.00000    0.06250      -     -    0s
     0     0    0.06250    0   50   -0.00000    0.06250      -     -    0s
     0     0    0.06250    0   50   -0.00000    0.06250      -     -    0s
     0     2    0.06250    0   50   -0.00000    0.06250      -     -    0s
H   22    49                       0.0000000    0.06250      -  22.3    0s
H   45    49                       0.0000000    0.06250      -  19.8    0s
H  279   302                       0.0000000    0.06250      -  31.5    0s
H  405   410                       0.0000002    0.06250      -  31.9    0s
H  550   492                       0.0000002    0.06250      -  34.4    0s
* 1019   832             106       0.0000003    0.06250      -  31.7    0s
* 1022   832             105       0.0000003    0.06250      -  31.7    0s
H 1096   893                       0.0000004    0.06250      -  31.6    0s
H 1205   910                       0.0000011    0.04517      -  31.8    1s
H 1205   864                       0.0000014    0.04517      -  31.8    1s
H 2277  1385                       0.0000014    0.04090      -  30.1    2s
* 5096  3049              59       0.0000021    0.04090      -  27.4    3s
  9279  6175    0.00366   32   47    0.00000    0.04090      -  28.7    5s
 28468 17800    0.01171   33   59    0.00000    0.03897      -  28.5   10s
 45160 27856    0.00005   56   52    0.00000    0.03731      -  29.1   15s
 67491 41121    0.03011   29   53    0.00000    0.03571      -  29.5   20s
 88333 53965    0.00004   55   55    0.00000    0.03520      -  29.8   25s
 109137 65731    0.00017   60   35    0.00000    0.03461      -  30.0   30s
 130484 78064    0.00532   44   53    0.00000    0.03407      -  30.1   35s
 151275 90065     cutoff   40         0.00000    0.03370      -  30.2   40s
 171315 103086    0.03123   35   64    0.00000    0.03346      -  30.5   45s
 192739 116028    0.00013   47   59    0.00000    0.03323      -  30.8   50s
 212418 127971    0.00001   86   41    0.00000    0.03299      -  31.0   55s
 232412 139481    0.00493   39   46    0.00000    0.03269      -  31.0   60s
 249111 149218     cutoff   40         0.00000    0.03256      -  31.0   65s
 263209 157574    0.02461   35   56    0.00000    0.03242      -  31.0   70s
 284475 170339     cutoff   29         0.00000    0.03221      -  30.9   75s
 304214 182614     cutoff   53         0.00000    0.03207      -  31.0   80s
 324617 195530    0.00016   53   50    0.00000    0.03190      -  31.0   85s
 345155 207799    0.00054   54   52    0.00000    0.03172      -  30.9   90s
 365610 219897    0.00000   75   40    0.00000    0.03159      -  31.0   95s
 385958 232053     cutoff   69         0.00000    0.03146      -  31.0  100s
 407559 245265     cutoff   69         0.00000    0.03131      -  31.0  105s
 428255 257213     cutoff   65         0.00000    0.03118      -  31.0  110s
 448615 269588    0.00001   53   13    0.00000    0.03104      -  31.0  115s
 469192 281696     cutoff   56         0.00000    0.03089      -  31.0  120s
 487962 294222    0.01433   40   50    0.00000    0.03081      -  31.0  125s
 505955 305321    0.00000   81   38    0.00000    0.03072      -  31.0  130s
 526029 317764    0.00045   58   42    0.00000    0.03063      -  31.0  135s
 548419 331075    0.00041   52   33    0.00000    0.03051      -  30.9  140s
 569336 343612    0.00067   50   54    0.00000    0.03041      -  30.9  145s
 589787 356187    0.00276   41   50    0.00000    0.03029      -  30.9  150s
 611873 369344    0.02071   39   52    0.00000    0.03017      -  30.9  155s
 631295 380898    0.01218   34   52    0.00000    0.03010      -  31.0  160s
 650376 392308    0.01957   37   56    0.00000    0.03003      -  31.1  165s
 666900 404166    0.00002   64   43    0.00000    0.02998      -  31.1  170s
 690470 416266     cutoff   88         0.00000    0.02990      -  31.1  175s
 710700 427956 infeasible   44         0.00000    0.02982      -  31.1  180s
 731050 439898    0.02880   31   56    0.00000    0.02973      -  31.2  185s
 749249 450693    0.00100   59   50    0.00000    0.02966      -  31.2  190s
 770448 463402     cutoff   69         0.00000    0.02960      -  31.2  195s
 790089 475111    0.00014   64   46    0.00000    0.02953      -  31.2  200s
 810645 487670    0.00003   63   14    0.00000    0.02946      -  31.2  205s
 831725 499960    0.01109   47   50    0.00000    0.02939      -  31.2  210s
 852249 512361     cutoff   50         0.00000    0.02933      -  31.2  215s
 871921 524768    0.00009   62   51    0.00000    0.02928      -  31.3  220s
 888198 534368    0.00001   85   48    0.00000    0.02922      -  31.3  225s
 894661 538654    0.01039   39   50    0.00000    0.02921      -  31.3  230s
 914414 550955     cutoff   47         0.00000    0.02916      -  31.3  235s
 935429 563535    0.00264   44   53    0.00000    0.02910      -  31.3  240s
 955385 575361     cutoff   60         0.00000    0.02904      -  31.3  245s
 975976 587807    0.00241   45   50    0.00000    0.02898      -  31.3  250s
 993953 598496     cutoff   47         0.00000    0.02893      -  31.3  255s
 1015390 611297    0.00540   41   38    0.00000    0.02887      -  31.3  260s
 1033391 622269    0.01992   39   55    0.00000    0.02883      -  31.3  265s
 1053533 634495    0.00005   55   39    0.00000    0.02877      -  31.3  270s
 1073925 647183    0.00812   34   52    0.00000    0.02872      -  31.3  275s
 1094963 659416    0.01900   39   54    0.00000    0.02867      -  31.3  280s
 1114660 670696     cutoff   49         0.00000    0.02862      -  31.3  285s
 1132386 681251    0.00000   68   43    0.00000    0.02857      -  31.3  290s
 1152924 693317    0.00218   54   50    0.00000    0.02853      -  31.4  295s
 1173411 706512 infeasible   55         0.00000    0.02849      -  31.3  300s
 1193142 718726    0.00224   50   50    0.00000    0.02845      -  31.3  305s
 1212325 730152    0.00882   38   52    0.00000    0.02841      -  31.4  310s
 1234777 743745    0.00015   59   52    0.00000    0.02836      -  31.3  315s
 1253528 755719    0.01897   38   51    0.00000    0.02832      -  31.3  320s
 1273394 767686    0.00347   44   31    0.00000    0.02828      -  31.3  325s
 1294104 779867    0.00106   53   55    0.00000    0.02823      -  31.4  330s
 1314543 792736    0.00086   51   51    0.00000    0.02820      -  31.3  335s
 1334703 804892    0.00013   53   37    0.00000    0.02817      -  31.3  340s
 1354381 817084     cutoff   93         0.00000    0.02813      -  31.3  345s
 1376133 831025    0.00617   47   52    0.00000    0.02810      -  31.3  350s
 1396097 842163    0.01530   38   40    0.00000    0.02806      -  31.3  355s
 1415314 853985    0.01040   39   46    0.00000    0.02803      -  31.3  360s

Cutting planes:
  Gomory: 8
  Implied bound: 12
  MIR: 6
  Flow cover: 20
  RLT: 86
  Relax-and-lift: 8
  BQP: 13

Explored 1415642 nodes (44363215 simplex iterations) in 360.00 seconds (362.80 work units)
Thread count was 4 (of 4 available processors)

Solution count 10: 2.07722e-06 1.43609e-06 1.42099e-06 ... 2.07211e-08

Time limit reached
Best objective 2.077217671829e-06, best bound 2.802546835912e-02, gap 1349083.0317%
{"verdict": "UNRESOLVED", "status": "TIME_LIMIT", "runtime": 360.0026469230652, "objval": 2.077217671828837e-06, "objbound": 0.028025468359118795, "binaries": 46}
