Set parameter NodefileStart to value 6
Read parameters from file gurobi.env
Restricted license - for non-production use only - expires 2027-11-29
Set parameter OutputFlag to value 1
Set parameter Threads to value 4
Set parameter TimeLimit to value 360
Set parameter MIPGap to value 5e-05
Set parameter MIPFocus to value 2
Set parameter NonConvex to value 2
Set parameter BestBdStop to value 2.7426211734693878e-02
Gurobi Optimizer version 13.0.3 build v13.0.3rc0 (linux64 - "Ubuntu 24.04.5 LTS")

CPU model: AMD EPYC 7763 64-Core Processor, instruction set [SSE2|AVX|AVX2]
Thread count: 2 physical cores, 4 logical processors, using up to 4 threads

Non-default parameters:
TimeLimit  360
BestBdStop  2.7426211734693878e-02
MIPGap  5e-05
MIPFocus  2
NodefileStart  6
NonConvex  2
Threads  4

Optimize a model with 141 rows, 111 columns and 810 nonzeros (Max)
Model fingerprint: 0xb4bd4f74
Model has 1 linear objective coefficients
Model has 50 quadratic constraints
Variable types: 65 continuous, 46 integer (46 binary)
Coefficient statistics:
  Matrix range     [5e-01, 1e+00]
  QMatrix range    [1e+00, 1e+00]
  QLMatrix range   [1e+00, 1e+00]
  Objective range  [1e+00, 1e+00]
  Bounds range     [5e-01, 1e+00]
  RHS range        [1e+00, 1e+00]

Found heuristic solution: objective -0.0000000
Presolve time: 0.00s
Presolved: 341 rows, 112 columns, 1210 nonzeros
Presolved model has 50 bilinear constraint(s)

Solving non-convex MIQCP to global optimality

Variable types: 66 continuous, 46 integer (46 binary)
Root relaxation presolve removed 50 rows and 1 columns
Root relaxation presolved: 291 rows, 111 columns, 1160 nonzeros


Root relaxation: objective 1.250000e-01, 111 iterations, 0.00 seconds (0.00 work units)

    Nodes    |    Current Node    |     Objective Bounds      |     Work
 Expl Unexpl |  Obj  Depth IntInf | Incumbent    BestBd   Gap | It/Node Time

     0     0    0.12500    0   50   -0.00000    0.12500      -     -    0s
     0     0    0.12500    0   66   -0.00000    0.12500      -     -    0s
     0     0    0.12500    0   76   -0.00000    0.12500      -     -    0s
     0     0    0.12500    0   47   -0.00000    0.12500      -     -    0s
H    0     0                       0.0000001    0.12500      -     -    0s
H    0     0                       0.0000001    0.12500      -     -    0s
     0     0    0.12179    0   63    0.00000    0.12179      -     -    0s
     0     0    0.12179    0   55    0.00000    0.12179      -     -    0s
     0     0    0.12179    0   73    0.00000    0.12179      -     -    0s
     0     0    0.12179    0   79    0.00000    0.12179      -     -    0s
     0     0    0.12179    0   75    0.00000    0.12179      -     -    0s
     0     0    0.12179    0   77    0.00000    0.12179      -     -    0s
     0     0    0.12179    0   72    0.00000    0.12179      -     -    0s
     0     0    0.12137    0   81    0.00000    0.12137      -     -    0s
     0     0    0.12131    0   90    0.00000    0.12131      -     -    0s
     0     0    0.12131    0   90    0.00000    0.12131      -     -    0s
     0     0    0.12120    0   90    0.00000    0.12120      -     -    0s
     0     0    0.11842    0   90    0.00000    0.11842      -     -    0s
     0     0    0.11842    0   90    0.00000    0.11842      -     -    0s
     0     0    0.11765    0   90    0.00000    0.11765      -     -    0s
     0     0    0.11765    0   77    0.00000    0.11765      -     -    0s
     0     0    0.11623    0   92    0.00000    0.11623      -     -    0s
     0     0    0.11538    0   91    0.00000    0.11538      -     -    0s
     0     0    0.11538    0   91    0.00000    0.11538      -     -    0s
     0     0    0.11538    0   95    0.00000    0.11538      -     -    0s
     0     0    0.11538    0   92    0.00000    0.11538      -     -    0s
     0     0    0.11538    0   92    0.00000    0.11538      -     -    0s
     0     0    0.11538    0   92    0.00000    0.11538      -     -    0s
     0     0    0.11538    0   92    0.00000    0.11538      -     -    0s
     0     0    0.11538    0   92    0.00000    0.11538      -     -    0s
     0     2    0.11538    0   92    0.00000    0.11538      -     -    0s
*  734   680             107       0.0000001    0.11538      -  33.8    1s
*  735   680             107       0.0000001    0.11538      -  33.7    1s
*  778   669             103       0.0000003    0.11538      -  32.8    1s
H 1181   952                       0.0000004    0.08982      -  31.0    1s
H 1453  1093                       0.0013303    0.08223  6082%  35.4    2s
H 1529  1074                       0.0013852    0.08223  5836%  35.1    2s
H 1540  1020                       0.0021327    0.08223  3756%  35.4    2s
H 1561   970                       0.0036410    0.08223  2159%  35.4    2s
H 1615   936                       0.0040310    0.08223  1940%  35.6    2s
H 1623   890                       0.0045520    0.08223  1706%  35.7    2s
H 1712   875                       0.0045643    0.08223  1702%  36.5    2s
H 2751  1170                       0.0067406    0.08223  1120%  41.0    3s
* 4558  2122              89       0.0067738    0.08036  1086%  40.4    3s
* 4559  2122              89       0.0067813    0.08036  1085%  40.4    3s
* 4564  2122              91       0.0067924    0.08036  1083%  40.4    3s
H 7117  3451                       0.0083252    0.07652   819%  41.4    4s
H 7126  2960                       0.0115385    0.07652   563%  41.4    4s
  7154  3049 infeasible   42         0.01154    0.07652   563%  41.4    5s
* 9707  4323              65       0.0115680    0.07257   527%  42.3    6s
H10410  4618                       0.0115681    0.07193   522%  42.5    6s
H10882  4803                       0.0117222    0.07170   512%  42.6    6s
H12202  4779                       0.0140814    0.07005   397%  42.5    6s
H16008  6232                       0.0147572    0.06687   353%  42.3    8s
H17787  6367                       0.0164764    0.06594   300%  42.3    9s
 20021  7254     cutoff   20         0.01648    0.06475   293%  42.3   10s
H20272  6998                       0.0175809    0.06464   268%  42.3   10s
H24357  8056                       0.0189014    0.06265   231%  42.5   12s
 31756 10373    0.04168   35   47    0.01890    0.06045   220%  42.3   15s
H37445 11652                       0.0196419    0.05880   199%  42.0   16s
H39718 12192                       0.0199481    0.05835   192%  42.1   17s
 46038 14274    0.04359   31   55    0.01995    0.05708   186%  41.9   20s
 61687 18634    0.02855   35   44    0.01995    0.05479   175%  41.5   25s
H62424 18391                       0.0205104    0.05470   167%  41.5   25s
H70786 20611                       0.0205266    0.05374   162%  41.3   28s
 74064 21748    0.02713   27   55    0.02053    0.05342   160%  41.4   30s
H76966 22297                       0.0205266    0.05316   159%  41.3   31s
 87366 24717 infeasible   37         0.02053    0.05222   154%  41.1   35s
 101817 28222    0.02469   38   47    0.02053    0.05102   149%  41.0   40s
 117243 31744    0.03653   40   57    0.02053    0.04996   143%  40.8   45s
 133259 35286    0.03764   28   59    0.02053    0.04907   139%  40.7   50s
 147220 37730    0.02160   37   55    0.02053    0.04836   136%  40.5   55s
 163316 41081     cutoff   39         0.02053    0.04770   132%  40.2   60s
 179204 44310    0.02726   36   57    0.02053    0.04703   129%  40.1   65s
 195453 47370     cutoff   41         0.02053    0.04641   126%  39.9   70s
 209895 49883     cutoff   40         0.02053    0.04583   123%  39.8   75s
 226534 52999 infeasible   34         0.02053    0.04524   120%  39.6   80s
 242790 55742    0.04182   29   56    0.02053    0.04475   118%  39.4   85s
 257234 58041     cutoff   33         0.02053    0.04430   116%  39.4   90s
 273325 60774    0.04088   32   67    0.02053    0.04387   114%  39.2   95s
 288352 63208    0.03059   39   52    0.02053    0.04351   112%  39.1  100s
 303963 65649    0.02188   40   53    0.02053    0.04310   110%  39.0  105s
 315873 67595     cutoff   34         0.02053    0.04281   109%  39.0  110s
 331499 69818     cutoff   34         0.02053    0.04241   107%  38.9  115s
 348052 72291     cutoff   36         0.02053    0.04202   105%  38.8  120s
 364647 74735     cutoff   45         0.02053    0.04167   103%  38.7  125s
 381152 77234    0.02516   35   51    0.02053    0.04132   101%  38.6  130s
 397090 79792    0.03892   34   52    0.02053    0.04102   100%  38.6  135s
 413094 82161    0.02345   42   53    0.02053    0.04072  98.4%  38.5  140s
 429368 84269    0.02373   35   54    0.02053    0.04040  96.8%  38.4  145s
 445106 86089    0.02791   36   51    0.02053    0.04010  95.4%  38.3  150s
 460969 88097    0.02202   37   51    0.02053    0.03982  94.0%  38.2  155s
H477103 86501                       0.0213495    0.03955  85.2%  38.2  159s
H477291 86545                       0.0213495    0.03955  85.2%  38.1  159s
 478148 86664    0.02508   42   56    0.02135    0.03953  85.1%  38.1  160s
 493144 88465    0.02642   39   56    0.02135    0.03927  83.9%  38.1  165s
 509238 90229 infeasible   34         0.02135    0.03900  82.7%  38.0  170s
 525173 91878     cutoff   39         0.02135    0.03874  81.5%  37.9  175s
 541712 93651    0.03028   40   55    0.02135    0.03846  80.2%  37.8  180s
 557247 95176    0.02192   39   44    0.02135    0.03823  79.1%  37.8  185s
 574299 96920     cutoff   35         0.02135    0.03798  77.9%  37.7  190s
 590580 98684 infeasible   39         0.02135    0.03776  76.9%  37.6  195s
 607604 100438    0.02174   37   39    0.02135    0.03754  75.9%  37.5  200s
 620353 101553     cutoff   41         0.02135    0.03735  75.0%  37.5  205s
 636855 102860     cutoff   34         0.02135    0.03714  74.0%  37.4  210s
 653323 104359     cutoff   51         0.02135    0.03692  72.9%  37.3  215s
 670831 105874    0.02292   39   50    0.02135    0.03670  71.9%  37.3  220s
*674450 106013              86       0.0214017    0.03667  71.3%  37.2  221s
*674871 105900             102       0.0214366    0.03666  71.0%  37.2  221s
*674877 105876             103       0.0214400    0.03666  71.0%  37.2  221s
*674880 105875             104       0.0214407    0.03666  71.0%  37.2  221s
H675924 104570                       0.0216518    0.03666  69.3%  37.2  221s
H677023 98807                       0.0224885    0.03663  62.9%  37.2  222s
H677025 98767                       0.0224939    0.03663  62.9%  37.2  222s
H677193 98796                       0.0224939    0.03663  62.9%  37.2  222s
 684972 99409    0.03235   35   60    0.02249    0.03652  62.4%  37.2  225s
 701241 100524     cutoff   39         0.02249    0.03631  61.4%  37.1  230s
 717334 101494    0.02561   33   44    0.02249    0.03611  60.5%  37.0  235s
 733900 102480    0.03023   36   57    0.02249    0.03592  59.7%  36.9  240s
 751025 103126    0.02842   35   51    0.02249    0.03570  58.7%  36.9  245s
 768159 103951    0.02267   41   45    0.02249    0.03550  57.8%  36.8  250s
 785174 104984     cutoff   39         0.02249    0.03532  57.0%  36.7  255s
 800507 105689 infeasible   43         0.02249    0.03514  56.2%  36.6  260s
 816184 106400 infeasible   40         0.02249    0.03496  55.4%  36.6  265s
 833140 107009    0.02959   38   53    0.02249    0.03477  54.6%  36.5  270s
 850002 107750    0.03149   33   55    0.02249    0.03459  53.8%  36.4  275s
 865689 108469    0.03381   34   57    0.02249    0.03443  53.1%  36.4  280s
 882328 109093     cutoff   35         0.02249    0.03426  52.3%  36.3  285s
 899430 109625     cutoff   39         0.02249    0.03408  51.5%  36.2  290s
 911558 110080    0.02472   34   58    0.02249    0.03395  50.9%  36.2  295s
 928433 110683    0.02921   33   46    0.02249    0.03380  50.3%  36.1  300s
 942973 111151    0.02618   40   50    0.02249    0.03367  49.7%  36.1  305s
 960527 111628     cutoff   42         0.02249    0.03350  48.9%  36.0  310s
 977970 112195     cutoff   42         0.02249    0.03334  48.2%  35.9  315s
 995009 112713     cutoff   40         0.02249    0.03319  47.6%  35.8  320s
 1011913 113164    0.03282   44   58    0.02249    0.03305  46.9%  35.8  325s
 1029493 113527    0.02810   38   52    0.02249    0.03289  46.2%  35.7  330s
 1046846 113971    0.03138   40   54    0.02249    0.03275  45.6%  35.6  335s
 1064639 114269    0.02886   40   54    0.02249    0.03260  44.9%  35.5  340s
 1082519 114654     cutoff   46         0.02249    0.03245  44.3%  35.5  345s
 1099945 114783     cutoff   45         0.02249    0.03230  43.6%  35.4  350s
 1117467 115032    0.02271   36   52    0.02249    0.03217  43.0%  35.3  355s
 1134547 115070     cutoff   37         0.02249    0.03203  42.4%  35.3  360s

Cutting planes:
  Gomory: 82
  Lift-and-project: 10
  Implied bound: 44
  MIR: 13
  Mixing: 1
  Flow cover: 152
  Inf proof: 21
  RLT: 144
  Relax-and-lift: 21
  BQP: 32

Explored 1134553 nodes (40008062 simplex iterations) in 360.00 seconds (424.49 work units)
Thread count was 4 (of 4 available processors)

Solution count 10: 0.0224939 0.0224885 0.0216518 ... 0.0205104

Time limit reached
Best objective 2.249393432444e-02, best bound 3.202694443687e-02, gap 42.3804%
{"verdict": "UNRESOLVED", "status": "TIME_LIMIT", "runtime": 360.0044629573822, "objval": 0.022493934324435888, "objbound": 0.032026944436865344, "binaries": 46}
