08:57:08 UTC start: 1 unresolved seed region(s) and 0 missing piece(s) under [[[0,2,4],1],[[0,2,5],1],[[0,2,6],1],[[0,2,7],1],[[0,2,8],0],[[0,3,4],0],[[0,3,5],0],[[0,3,6],0],[[0,3,7],0],[[0,3,8],0],[[1,2,4],1],[[1,2,5],1],[[1,2,6],1],[[1,2,7],1],[[1,2,8],1],[[1,3,4],1],[[1,3,5],1],[[1,3,6],1],[[1,3,7],1],[[1,3,8],0],[[2,3,4],1],[[2,3,5],1],[[2,3,6],1],[[2,3,7],1],[[2,3,8],1],[[4,5,6],1],[[4,5,7],0],[[4,5,8],1],[[4,6,7],1]]
09:02:54 UTC split region (bound/target 36.461) on [[4,6,8],[4,7,8],[5,6,7],[5,6,8]]: 11 pieces proved, 5 open; total runs 16, proved 11, open regions 5
09:03:40 UTC split region (bound/target 1.024) on [[5,7,8],[6,7,8],[0,4,5],[0,4,6]]: 16 pieces proved, 0 open; total runs 32, proved 27, open regions 4
09:06:10 UTC split region (bound/target 1.110) on [[5,7,8],[6,7,8],[0,4,5],[0,4,6]]: 14 pieces proved, 2 open; total runs 48, proved 41, open regions 5
09:07:24 UTC region PROVED by a 300 s run (74 s); open 4
09:08:24 UTC split region (bound/target 1.111) on [[0,4,7],[0,4,8],[0,5,6],[0,5,7]]: 16 pieces proved, 0 open; total runs 65, proved 58, open regions 3
09:12:36 UTC split region (bound/target 1.166) on [[5,7,8],[6,7,8],[0,4,5],[0,4,6]]: 13 pieces proved, 3 open; total runs 81, proved 71, open regions 5
09:13:39 UTC region PROVED by a 300 s run (62 s); open 4
09:14:54 UTC split region (bound/target 1.078) on [[0,4,7],[0,4,8],[0,5,6],[0,5,7]]: 15 pieces proved, 1 open; total runs 98, proved 87, open regions 4
09:16:20 UTC split region (bound/target 1.030) on [[0,5,8],[0,6,7],[0,6,8],[0,7,8]]: 15 pieces proved, 1 open; total runs 114, proved 102, open regions 4
09:18:02 UTC split region (bound/target 1.121) on [[1,4,5],[1,4,6],[1,4,7],[1,4,8]]: 15 pieces proved, 1 open; total runs 130, proved 117, open regions 4
09:19:10 UTC region PROVED by a 300 s run (68 s); open 3
09:20:59 UTC split region (bound/target 1.173) on [[0,4,7],[0,4,8],[0,5,6],[0,5,7]]: 15 pieces proved, 1 open; total runs 147, proved 133, open regions 3
09:21:25 UTC split region (bound/target 1.300) on [[0,5,8],[0,6,7],[0,6,8],[0,7,8]]: 16 pieces proved, 0 open; total runs 163, proved 149, open regions 2
09:32:58 UTC split region (bound/target 1.369) on [[5,7,8],[6,7,8],[0,4,5],[0,4,6]]: 6 pieces proved, 10 open; total runs 179, proved 155, open regions 11
09:34:34 UTC split region (bound/target 1.040) on [[0,4,7],[0,4,8],[0,5,6],[0,5,7]]: 15 pieces proved, 1 open; total runs 195, proved 170, open regions 11
09:35:46 UTC split region (bound/target 1.064) on [[0,5,8],[0,6,7],[0,6,8],[0,7,8]]: 16 pieces proved, 0 open; total runs 211, proved 186, open regions 10
09:37:04 UTC split region (bound/target 1.082) on [[0,4,7],[0,4,8],[0,5,6],[0,5,7]]: 15 pieces proved, 1 open; total runs 227, proved 201, open regions 10
09:38:41 UTC split region (bound/target 1.128) on [[0,4,7],[0,4,8],[0,5,6],[0,5,7]]: 15 pieces proved, 1 open; total runs 243, proved 216, open regions 10
09:41:28 UTC split region (bound/target 1.169) on [[0,4,7],[0,4,8],[0,5,6],[0,5,7]]: 14 pieces proved, 2 open; total runs 259, proved 230, open regions 11
09:43:40 UTC split region (bound/target 1.195) on [[0,5,8],[0,6,7],[0,6,8],[0,7,8]]: 15 pieces proved, 1 open; total runs 275, proved 245, open regions 11
09:46:07 UTC split region (bound/target 1.021) on [[1,4,5],[1,4,6],[1,4,7],[1,4,8]]: 15 pieces proved, 1 open; total runs 291, proved 260, open regions 11
09:47:42 UTC split region (bound/target 1.049) on [[1,5,6],[1,5,7],[1,5,8],[1,6,7]]: 16 pieces proved, 0 open; total runs 307, proved 276, open regions 10
09:49:25 UTC split region (bound/target 1.221) on [[0,4,7],[0,4,8],[0,5,6],[0,5,7]]: 15 pieces proved, 1 open; total runs 323, proved 291, open regions 10
09:50:29 UTC split region (bound/target 1.112) on [[0,5,8],[0,6,7],[0,6,8],[0,7,8]]: 16 pieces proved, 0 open; total runs 339, proved 307, open regions 9
09:52:00 UTC split region (bound/target 1.235) on [[0,5,8],[0,6,7],[0,6,8],[0,7,8]]: 15 pieces proved, 1 open; total runs 355, proved 322, open regions 9
09:54:48 UTC split region (bound/target 1.056) on [[1,4,5],[1,4,6],[1,4,7],[1,4,8]]: 16 pieces proved, 0 open; total runs 371, proved 338, open regions 8
09:56:37 UTC split region (bound/target 1.256) on [[0,4,7],[0,4,8],[0,5,6],[0,5,7]]: 15 pieces proved, 1 open; total runs 387, proved 353, open regions 8
09:57:14 UTC split region (bound/target 1.085) on [[0,5,8],[0,6,7],[0,6,8],[0,7,8]]: 16 pieces proved, 0 open; total runs 403, proved 369, open regions 7
09:58:50 UTC split region (bound/target 1.279) on [[0,5,8],[0,6,7],[0,6,8],[0,7,8]]: 15 pieces proved, 1 open; total runs 419, proved 384, open regions 7
10:00:43 UTC split region (bound/target 1.035) on [[1,4,5],[1,4,6],[1,4,7],[1,4,8]]: 16 pieces proved, 0 open; total runs 435, proved 400, open regions 6
10:03:19 UTC split region (bound/target 1.308) on [[0,4,7],[0,4,8],[0,5,6],[0,5,7]]: 14 pieces proved, 2 open; total runs 451, proved 414, open regions 7
10:04:44 UTC split region (bound/target 1.303) on [[0,5,8],[0,6,7],[0,6,8],[0,7,8]]: 15 pieces proved, 1 open; total runs 467, proved 429, open regions 7
10:07:04 UTC split region (bound/target 1.115) on [[1,4,5],[1,4,6],[1,4,7],[1,4,8]]: 15 pieces proved, 1 open; total runs 483, proved 444, open regions 7
10:08:07 UTC region PROVED by a 300 s run (63 s); open 6
10:10:30 UTC split region (bound/target 1.311) on [[0,4,7],[0,4,8],[0,5,6],[0,5,7]]: 14 pieces proved, 2 open; total runs 500, proved 459, open regions 7
10:12:00 UTC split region (bound/target 1.044) on [[0,5,8],[0,6,7],[0,6,8],[0,7,8]]: 15 pieces proved, 1 open; total runs 516, proved 474, open regions 7
10:13:24 UTC split region (bound/target 1.051) on [[0,5,8],[0,6,7],[0,6,8],[0,7,8]]: 15 pieces proved, 1 open; total runs 532, proved 489, open regions 7
10:15:11 UTC split region (bound/target 1.025) on [[1,4,5],[1,4,6],[1,4,7],[1,4,8]]: 15 pieces proved, 1 open; total runs 548, proved 504, open regions 7
10:16:26 UTC split region (bound/target 1.051) on [[1,5,6],[1,5,7],[1,5,8],[1,6,7]]: 16 pieces proved, 0 open; total runs 564, proved 520, open regions 6
10:18:03 UTC split region (bound/target 1.052) on [[1,4,5],[1,4,6],[1,4,7],[1,4,8]]: 16 pieces proved, 0 open; total runs 580, proved 536, open regions 5
10:20:32 UTC split region (bound/target 1.331) on [[0,4,7],[0,4,8],[0,5,6],[0,5,7]]: 14 pieces proved, 2 open; total runs 596, proved 550, open regions 6
10:21:40 UTC region PROVED by a 300 s run (67 s); open 5
10:23:01 UTC split region (bound/target 1.087) on [[0,5,8],[0,6,7],[0,6,8],[0,7,8]]: 15 pieces proved, 1 open; total runs 613, proved 566, open regions 5
10:24:53 UTC split region (bound/target 1.036) on [[1,4,5],[1,4,6],[1,4,7],[1,4,8]]: 16 pieces proved, 0 open; total runs 629, proved 582, open regions 4
10:27:25 UTC split region (bound/target 1.331) on [[0,5,8],[0,6,7],[0,6,8],[0,7,8]]: 14 pieces proved, 2 open; total runs 645, proved 596, open regions 5
10:30:05 UTC split region (bound/target 1.092) on [[1,4,5],[1,4,6],[1,4,7],[1,4,8]]: 15 pieces proved, 1 open; total runs 661, proved 611, open regions 5
10:31:08 UTC region PROVED by a 300 s run (62 s); open 4
10:34:29 UTC split region (bound/target 1.128) on [[1,4,5],[1,4,6],[1,4,7],[1,4,8]]: 14 pieces proved, 2 open; total runs 678, proved 626, open regions 5
10:36:24 UTC split region (bound/target 1.045) on [[1,5,6],[1,5,7],[1,5,8],[1,6,7]]: 16 pieces proved, 0 open; total runs 694, proved 642, open regions 4
10:37:13 UTC split region (bound/target 1.055) on [[1,5,6],[1,5,7],[1,5,8],[1,6,7]]: 16 pieces proved, 0 open; total runs 710, proved 658, open regions 3
10:40:31 UTC split region (bound/target 1.391) on [[0,4,7],[0,4,8],[0,5,6],[0,5,7]]: 13 pieces proved, 3 open; total runs 726, proved 671, open regions 5
10:41:41 UTC split region (bound/target 1.020) on [[0,5,8],[0,6,7],[0,6,8],[0,7,8]]: 16 pieces proved, 0 open; total runs 742, proved 687, open regions 4
10:42:56 UTC split region (bound/target 1.103) on [[0,5,8],[0,6,7],[0,6,8],[0,7,8]]: 16 pieces proved, 0 open; total runs 758, proved 703, open regions 3
10:45:25 UTC split region (bound/target 1.239) on [[0,5,8],[0,6,7],[0,6,8],[0,7,8]]: 14 pieces proved, 2 open; total runs 774, proved 717, open regions 4
10:48:14 UTC split region (bound/target 1.140) on [[1,4,5],[1,4,6],[1,4,7],[1,4,8]]: 16 pieces proved, 0 open; total runs 790, proved 733, open regions 3
10:50:29 UTC split region (bound/target 1.159) on [[1,4,5],[1,4,6],[1,4,7],[1,4,8]]: 16 pieces proved, 0 open; total runs 806, proved 749, open regions 2
10:52:48 UTC split region (bound/target 1.398) on [[0,5,8],[0,6,7],[0,6,8],[0,7,8]]: 15 pieces proved, 1 open; total runs 822, proved 764, open regions 2
10:56:43 UTC split region (bound/target 1.120) on [[1,4,5],[1,4,6],[1,4,7],[1,4,8]]: 14 pieces proved, 2 open; total runs 838, proved 778, open regions 3
10:57:53 UTC split region (bound/target 1.049) on [[1,5,6],[1,5,7],[1,5,8],[1,6,7]]: 16 pieces proved, 0 open; total runs 854, proved 794, open regions 2
10:58:20 UTC split region (bound/target 1.068) on [[1,5,6],[1,5,7],[1,5,8],[1,6,7]]: 16 pieces proved, 0 open; total runs 870, proved 810, open regions 1
11:01:38 UTC split region (bound/target 1.418) on [[5,7,8],[6,7,8],[0,4,5],[0,4,6]]: 13 pieces proved, 3 open; total runs 886, proved 823, open regions 3
11:03:06 UTC split region (bound/target 1.103) on [[0,4,7],[0,4,8],[0,5,6],[0,5,7]]: 15 pieces proved, 1 open; total runs 902, proved 838, open regions 3
11:04:30 UTC split region (bound/target 1.123) on [[0,5,8],[0,6,7],[0,6,8],[0,7,8]]: 15 pieces proved, 1 open; total runs 918, proved 853, open regions 3
11:06:57 UTC split region (bound/target 1.263) on [[1,4,5],[1,4,6],[1,4,7],[1,4,8]]: 15 pieces proved, 1 open; total runs 934, proved 868, open regions 3
11:07:48 UTC split region (bound/target 1.034) on [[1,5,6],[1,5,7],[1,5,8],[1,6,7]]: 16 pieces proved, 0 open; total runs 950, proved 884, open regions 2
11:09:24 UTC split region (bound/target 1.323) on [[0,4,7],[0,4,8],[0,5,6],[0,5,7]]: 16 pieces proved, 0 open; total runs 966, proved 900, open regions 1
11:11:49 UTC split region (bound/target 1.353) on [[0,4,7],[0,4,8],[0,5,6],[0,5,7]]: 14 pieces proved, 2 open; total runs 982, proved 914, open regions 2
11:13:34 UTC split region (bound/target 1.141) on [[0,5,8],[0,6,7],[0,6,8],[0,7,8]]: 15 pieces proved, 1 open; total runs 998, proved 929, open regions 2
11:16:26 UTC split region (bound/target 1.228) on [[1,4,5],[1,4,6],[1,4,7],[1,4,8]]: 16 pieces proved, 0 open; total runs 1014, proved 945, open regions 1
11:17:53 UTC split region (bound/target 1.306) on [[0,5,8],[0,6,7],[0,6,8],[0,7,8]]: 16 pieces proved, 0 open; total runs 1030, proved 961, open regions 0
11:17:53 UTC ALL REGIONS PROVED by this driver: runs 1030, proved 961 (the certificate itself must still be checked with summarize.py and combine_plan_260927.py)
