Set parameter NodefileStart to value 6
Read parameters from file gurobi.env
Restricted license - for non-production use only - expires 2027-11-29
Set parameter OutputFlag to value 1
Set parameter Threads to value 4
Set parameter TimeLimit to value 360
Set parameter MIPGap to value 5e-05
Set parameter MIPFocus to value 2
Set parameter NonConvex to value 2
Set parameter BestBdStop to value 2.7426211734693878e-02
Gurobi Optimizer version 13.0.3 build v13.0.3rc0 (linux64 - "Ubuntu 24.04.5 LTS")

CPU model: AMD EPYC 9V74 80-Core Processor, instruction set [SSE2|AVX|AVX2|AVX512]
Thread count: 2 physical cores, 4 logical processors, using up to 4 threads

Non-default parameters:
TimeLimit  360
BestBdStop  2.7426211734693878e-02
MIPGap  5e-05
MIPFocus  2
NodefileStart  6
NonConvex  2
Threads  4

Optimize a model with 145 rows, 115 columns and 846 nonzeros (Max)
Model fingerprint: 0x18a4d592
Model has 1 linear objective coefficients
Model has 50 quadratic constraints
Variable types: 65 continuous, 50 integer (50 binary)
Coefficient statistics:
  Matrix range     [5e-01, 1e+00]
  QMatrix range    [1e+00, 1e+00]
  QLMatrix range   [1e+00, 1e+00]
  Objective range  [1e+00, 1e+00]
  Bounds range     [5e-01, 1e+00]
  RHS range        [1e+00, 1e+00]

Found heuristic solution: objective -0.0000000
Presolve time: 0.00s
Presolved: 345 rows, 116 columns, 1246 nonzeros
Presolved model has 50 bilinear constraint(s)

Solving non-convex MIQCP to global optimality

Variable types: 66 continuous, 50 integer (50 binary)
Root relaxation presolve removed 50 rows and 1 columns
Root relaxation presolved: 295 rows, 115 columns, 1196 nonzeros


Root relaxation: objective 8.333333e-02, 117 iterations, 0.00 seconds (0.00 work units)

    Nodes    |    Current Node    |     Objective Bounds      |     Work
 Expl Unexpl |  Obj  Depth IntInf | Incumbent    BestBd   Gap | It/Node Time

     0     0    0.08333    0   50   -0.00000    0.08333      -     -    0s
     0     0    0.06250    0   65   -0.00000    0.06250      -     -    0s
     0     0    0.06250    0   56   -0.00000    0.06250      -     -    0s
     0     0    0.06250    0   71   -0.00000    0.06250      -     -    0s
     0     0    0.06250    0   69   -0.00000    0.06250      -     -    0s
     0     0    0.06250    0   76   -0.00000    0.06250      -     -    0s
     0     0    0.06250    0   76   -0.00000    0.06250      -     -    0s
     0     0    0.06250    0   66   -0.00000    0.06250      -     -    0s
     0     0    0.06250    0   52   -0.00000    0.06250      -     -    0s
     0     0    0.06250    0   61   -0.00000    0.06250      -     -    0s
     0     0    0.06250    0   69   -0.00000    0.06250      -     -    0s
     0     0    0.06250    0   39   -0.00000    0.06250      -     -    0s
     0     0    0.06250    0   37   -0.00000    0.06250      -     -    0s
     0     0    0.06250    0   36   -0.00000    0.06250      -     -    0s
     0     0    0.06250    0   36   -0.00000    0.06250      -     -    0s
     0     2    0.06250    0   36   -0.00000    0.06250      -     -    0s
H  341   353                       0.0000002    0.06186      -  11.8    0s
H 1187   954                       0.0000002    0.06186      -  16.8    1s
* 2076  1465              79       0.0000003    0.04783      -  17.1    1s
H 2382  1502                       0.0000006    0.04783      -  17.7    1s
H 2546  1524                       0.0000006    0.04783      -  18.4    1s
H 3055  1705                       0.0000008    0.04783      -  22.1    1s
H 3432  1857                       0.0000008    0.04783      -  22.7    1s
H 3476  1210                       0.0006496    0.04783  7263%  22.9    1s
H 4485  1765                       0.0010161    0.04267  4100%  24.3    2s
H 5501  2398                       0.0011245    0.03944  3408%  26.0    2s
H 6532  2426                       0.0023625    0.03736  1481%  26.2    3s
H 7301  2775                       0.0023730    0.03674  1448%  27.1    3s
 14224  6755    0.01131   34   55    0.00237    0.03052  1186%  29.0    5s
H15431  6732                       0.0029460    0.03033   930%  29.3    5s
H16553  7391                       0.0029461    0.02987   914%  29.5    5s
H20273  9012                       0.0029461    0.02848   867%  29.8    7s
H26614 12116                       0.0029461    0.02761   837%  29.9    8s

Cutting planes:
  Gomory: 16
  Implied bound: 8
  MIR: 2
  Flow cover: 4
  RLT: 76
  Relax-and-lift: 2
  BQP: 12

Explored 28683 nodes (866056 simplex iterations) in 9.06 seconds (8.88 work units)
Thread count was 4 (of 4 available processors)

Solution count 10: 0.00294613 0.00237297 0.00236249 ... 3.36271e-07

Optimization achieved user objective limit
Best objective 2.946125983426e-03, best bound 2.741228895606e-02, gap 830.4520%
{"verdict": "PROVED", "status": "BOUND_REACHED", "runtime": 9.057807922363281, "objval": 0.0029461259834263256, "objbound": 0.027412288956060796, "binaries": 50}
