Set parameter NodefileStart to value 6
Read parameters from file gurobi.env
Restricted license - for non-production use only - expires 2027-11-29
Set parameter OutputFlag to value 1
Set parameter Threads to value 4
Set parameter TimeLimit to value 360
Set parameter MIPGap to value 5e-05
Set parameter MIPFocus to value 2
Set parameter NonConvex to value 2
Set parameter BestBdStop to value 2.7426211734693878e-02
Gurobi Optimizer version 13.0.3 build v13.0.3rc0 (linux64 - "Ubuntu 24.04.5 LTS")

CPU model: Intel(R) Xeon(R) 6973P-C, instruction set [SSE2|AVX|AVX2|AVX512]
Thread count: 2 physical cores, 4 logical processors, using up to 4 threads

Non-default parameters:
TimeLimit  360
BestBdStop  2.7426211734693878e-02
MIPGap  5e-05
MIPFocus  2
NodefileStart  6
NonConvex  2
Threads  4

Optimize a model with 129 rows, 99 columns and 714 nonzeros (Max)
Model fingerprint: 0x02e061f4
Model has 1 linear objective coefficients
Model has 50 quadratic constraints
Variable types: 65 continuous, 34 integer (34 binary)
Coefficient statistics:
  Matrix range     [5e-01, 1e+00]
  QMatrix range    [1e+00, 1e+00]
  QLMatrix range   [1e+00, 1e+00]
  Objective range  [1e+00, 1e+00]
  Bounds range     [5e-01, 1e+00]
  RHS range        [1e+00, 1e+00]

Found heuristic solution: objective -0.0000000
Presolve time: 0.00s
Presolved: 329 rows, 100 columns, 1114 nonzeros
Presolved model has 50 bilinear constraint(s)

Solving non-convex MIQCP to global optimality

Variable types: 66 continuous, 34 integer (34 binary)
Root relaxation presolve removed 58 rows and 5 columns
Root relaxation presolved: 271 rows, 95 columns, 1016 nonzeros


Root relaxation: objective 1.000000e-01, 120 iterations, 0.00 seconds (0.00 work units)

    Nodes    |    Current Node    |     Objective Bounds      |     Work
 Expl Unexpl |  Obj  Depth IntInf | Incumbent    BestBd   Gap | It/Node Time

     0     0    0.10000    0   51   -0.00000    0.10000      -     -    0s
     0     0    0.08333    0   56   -0.00000    0.08333      -     -    0s
     0     0    0.08333    0   53   -0.00000    0.08333      -     -    0s
     0     0    0.08333    0   51   -0.00000    0.08333      -     -    0s
     0     0    0.08333    0   53   -0.00000    0.08333      -     -    0s
     0     0    0.08333    0   52   -0.00000    0.08333      -     -    0s
     0     0    0.08333    0   54   -0.00000    0.08333      -     -    0s
     0     0    0.07955    0   60   -0.00000    0.07955      -     -    0s
     0     0    0.07955    0   60   -0.00000    0.07955      -     -    0s
     0     0    0.07955    0   62   -0.00000    0.07955      -     -    0s
     0     0    0.07901    0   63   -0.00000    0.07901      -     -    0s
     0     0    0.07901    0   64   -0.00000    0.07901      -     -    0s
     0     0    0.07876    0   57   -0.00000    0.07876      -     -    0s
     0     0    0.07827    0   63   -0.00000    0.07827      -     -    0s
     0     0    0.07692    0   65   -0.00000    0.07692      -     -    0s
     0     0    0.07692    0   62   -0.00000    0.07692      -     -    0s
     0     0    0.07692    0   65   -0.00000    0.07692      -     -    0s
     0     0    0.07692    0   65   -0.00000    0.07692      -     -    0s
     0     0    0.07692    0   64   -0.00000    0.07692      -     -    0s
     0     0    0.07692    0   64   -0.00000    0.07692      -     -    0s
     0     0    0.07692    0   64   -0.00000    0.07692      -     -    0s
     0     0    0.07692    0   61   -0.00000    0.07692      -     -    0s
     0     0    0.07692    0   64   -0.00000    0.07692      -     -    0s
     0     0    0.07500    0   64   -0.00000    0.07500      -     -    0s
     0     0    0.07500    0   60   -0.00000    0.07500      -     -    0s
     0     0    0.07500    0   60   -0.00000    0.07500      -     -    0s
     0     0    0.07500    0   60   -0.00000    0.07500      -     -    0s
H    0     0                       0.0000000    0.07500      -     -    0s
     0     2    0.07500    0   60    0.00000    0.07500      -     -    0s
H  165   188                       0.0000001    0.07500      -  32.1    0s
H  189   211                       0.0000002    0.07500      -  34.7    0s
H  294   292                       0.0000002    0.07500      -  35.8    0s
H  304   292                       0.0000002    0.07500      -  35.9    0s
H 1060   915                       0.0000002    0.07444      -  32.0    0s
* 1717  1268              90       0.0000002    0.04185      -  32.2    1s
H 1797  1220                       0.0000003    0.04185      -  32.2    1s
H 1850  1199                       0.0000008    0.04185      -  32.3    1s

Cutting planes:
  Gomory: 15
  Implied bound: 2
  MIR: 2
  Flow cover: 15
  RLT: 47
  Relax-and-lift: 1
  BQP: 15

Explored 12305 nodes (282585 simplex iterations) in 3.82 seconds (4.66 work units)
Thread count was 4 (of 4 available processors)

Solution count 6: 7.60104e-07 2.42361e-07 2.39189e-07 ... -0

Optimization achieved user objective limit
Best objective 7.601042573135e-07, best bound 2.738346796038e-02, gap -
{"verdict": "PROVED", "status": "BOUND_REACHED", "runtime": 3.8192520141601562, "objval": 7.601042573135435e-07, "objbound": 0.027383467960382393, "binaries": 34}
