Set parameter NodefileStart to value 6
Read parameters from file gurobi.env
Restricted license - for non-production use only - expires 2027-11-29
Set parameter OutputFlag to value 1
Set parameter Threads to value 4
Set parameter TimeLimit to value 360
Set parameter MIPGap to value 5e-05
Set parameter MIPFocus to value 2
Set parameter NonConvex to value 2
Set parameter BestBdStop to value 2.7426211734693878e-02
Gurobi Optimizer version 13.0.3 build v13.0.3rc0 (linux64 - "Ubuntu 24.04.5 LTS")

CPU model: Intel(R) Xeon(R) 6973P-C, instruction set [SSE2|AVX|AVX2|AVX512]
Thread count: 2 physical cores, 4 logical processors, using up to 4 threads

Non-default parameters:
TimeLimit  360
BestBdStop  2.7426211734693878e-02
MIPGap  5e-05
MIPFocus  2
NodefileStart  6
NonConvex  2
Threads  4

Optimize a model with 149 rows, 119 columns and 871 nonzeros (Max)
Model fingerprint: 0x32ecaa66
Model has 1 linear objective coefficients
Model has 50 quadratic constraints
Variable types: 65 continuous, 54 integer (54 binary)
Coefficient statistics:
  Matrix range     [5e-01, 1e+00]
  QMatrix range    [1e+00, 1e+00]
  QLMatrix range   [1e+00, 1e+00]
  Objective range  [1e+00, 1e+00]
  Bounds range     [5e-01, 1e+00]
  RHS range        [1e+00, 1e+00]

Found heuristic solution: objective -0.0000000
Presolve time: 0.00s
Presolved: 349 rows, 120 columns, 1271 nonzeros
Presolved model has 50 bilinear constraint(s)

Solving non-convex MIQCP to global optimality

Variable types: 66 continuous, 54 integer (54 binary)
Root relaxation presolve removed 50 rows and 1 columns
Root relaxation presolved: 299 rows, 119 columns, 1221 nonzeros


Root relaxation: objective 8.333333e-02, 111 iterations, 0.00 seconds (0.00 work units)

    Nodes    |    Current Node    |     Objective Bounds      |     Work
 Expl Unexpl |  Obj  Depth IntInf | Incumbent    BestBd   Gap | It/Node Time

     0     0    0.08333    0   54   -0.00000    0.08333      -     -    0s
     0     0    0.07143    0   57   -0.00000    0.07143      -     -    0s
     0     0    0.07143    0   57   -0.00000    0.07143      -     -    0s
     0     0    0.07143    0   56   -0.00000    0.07143      -     -    0s
     0     0    0.07143    0   47   -0.00000    0.07143      -     -    0s
     0     0    0.07143    0   47   -0.00000    0.07143      -     -    0s
     0     0    0.07143    0   46   -0.00000    0.07143      -     -    0s
     0     0    0.07143    0   46   -0.00000    0.07143      -     -    0s
     0     0    0.07143    0   37   -0.00000    0.07143      -     -    0s
     0     0    0.07143    0   38   -0.00000    0.07143      -     -    0s
     0     0    0.07143    0   38   -0.00000    0.07143      -     -    0s
     0     0    0.07143    0   38   -0.00000    0.07143      -     -    0s
H    0     0                       0.0038825    0.07143  1740%     -    0s
H    0     0                       0.0055659    0.07143  1183%     -    0s
H    0     0                       0.0063323    0.07143  1028%     -    0s
H    0     0                       0.0074019    0.07143   865%     -    0s
H    0     0                       0.0080083    0.07143   792%     -    0s
     0     2    0.07128    0   56    0.00801    0.07128   790%     -    0s
H  360   323                       0.0099866    0.07128   614%  29.5    0s
H 1288   996                       0.0146527    0.06926   373%  32.8    1s
H 1362   956                       0.0146604    0.06921   372%  32.7    1s
H 1376   932                       0.0146604    0.06921   372%  32.9    1s
H 2388  1165                       0.0173892    0.06173   255%  28.9    1s
H 3766  1179                       0.0210540    0.05826   177%  29.6    2s
 12338  4411    0.02619   29   46    0.02105    0.05284   151%  30.6    5s
 30299  9241    0.03352   40   53    0.02105    0.04711   124%  33.7   10s
 46375 12863    0.02369   41   39    0.02105    0.04460   112%  34.1   15s
 66843 17599    0.03283   28   48    0.02105    0.04269   103%  33.8   20s
 88181 22041    0.04145   30   52    0.02105    0.04148  97.0%  33.7   25s
 105198 25601     cutoff   36         0.02105    0.04064  93.0%  33.7   30s
 124656 29623     cutoff   37         0.02105    0.03991  89.6%  33.3   35s
 147182 34007     cutoff   32         0.02105    0.03923  86.3%  33.0   40s
H167998 36961                       0.0215069    0.03873  80.1%  32.8   44s
 168295 36957     cutoff   32         0.02151    0.03872  80.0%  32.8   45s
H168304 36957                       0.0215069    0.03872  80.0%  32.8   45s
 185483 40101    0.02191   29   46    0.02151    0.03832  78.2%  32.7   50s
 208689 43748    0.03033   31   54    0.02151    0.03779  75.7%  32.6   55s
 226897 46520     cutoff   37         0.02151    0.03742  74.0%  32.4   60s
H241599 36109                       0.0250003    0.03719  48.8%  32.3   62s
H241904 36139                       0.0250003    0.03718  48.7%  32.3   62s
 249078 36652    0.02919   29   54    0.02500    0.03702  48.1%  32.2   65s
 268673 38175    0.02605   34   55    0.02500    0.03656  46.2%  32.1   70s
 292126 39949 infeasible   33         0.02500    0.03608  44.3%  31.8   75s
 314615 41549    0.03024   30   51    0.02500    0.03564  42.6%  31.7   80s
 336416 43258     cutoff   40         0.02500    0.03528  41.1%  31.5   85s
 358591 44411    0.03022   36   60    0.02500    0.03491  39.6%  31.4   90s
 380423 45577    0.03090   45   49    0.02500    0.03457  38.3%  31.2   95s
 400996 46693    0.03109   35   61    0.02500    0.03428  37.1%  31.1  100s
 421495 47745     cutoff   30         0.02500    0.03402  36.1%  30.9  105s
 443331 48729     cutoff   33         0.02500    0.03374  35.0%  30.8  110s
 464599 49635    0.02501   49   30    0.02500    0.03347  33.9%  30.6  115s
 484429 50426    0.02653   39   48    0.02500    0.03324  32.9%  30.5  120s
 507678 51268    0.02880   32   48    0.02500    0.03296  31.8%  30.3  125s
 528100 51850    0.02917   32   58    0.02500    0.03273  30.9%  30.2  130s
 550483 52610     cutoff   28         0.02500    0.03249  29.9%  30.0  135s
 575481 53361     cutoff   45         0.02500    0.03223  28.9%  29.9  140s
 594602 53729     cutoff   32         0.02500    0.03206  28.2%  29.7  145s
H610784 54179                       0.0250003    0.03189  27.6%  29.6  148s
 617545 54364    0.02860   41   59    0.02500    0.03182  27.3%  29.6  150s
 637125 54977     cutoff   44         0.02500    0.03165  26.6%  29.5  155s
 660492 55412    0.03144   27   51    0.02500    0.03146  25.8%  29.3  160s
 681202 55575     cutoff   38         0.02500    0.03128  25.1%  29.2  165s
 704337 55711    0.02896   34   52    0.02500    0.03107  24.3%  29.0  170s
 728186 55712    0.02556   42   55    0.02500    0.03087  23.5%  28.9  175s
 751652 55741    0.02520   43   55    0.02500    0.03068  22.7%  28.7  180s
 773406 55848    0.02733   39   55    0.02500    0.03052  22.1%  28.6  185s
 797609 55681    0.02712   30   48    0.02500    0.03032  21.3%  28.5  190s
 816257 55498     cutoff   37         0.02500    0.03017  20.7%  28.3  195s
 839603 55367    0.02638   45   53    0.02500    0.03000  20.0%  28.2  200s
 861578 55120    0.02619   42   52    0.02500    0.02984  19.3%  28.0  205s
 885361 55148    0.02576   53   38    0.02500    0.02968  18.7%  27.8  210s
 911223 54958     cutoff   44         0.02500    0.02951  18.0%  27.6  215s
H913451 54964                       0.0250003    0.02949  18.0%  27.6  215s
 937335 54533    0.02501   41   32    0.02500    0.02933  17.3%  27.4  220s
 957043 54084     cutoff   30         0.02500    0.02921  16.8%  27.2  225s
 986073 53731    0.02579   42   46    0.02500    0.02903  16.1%  27.0  230s
 1011314 53229    0.02634   40   44    0.02500    0.02888  15.5%  26.8  235s
 1035917 52765     cutoff   38         0.02500    0.02873  14.9%  26.6  240s
 1061344 52005    0.02605   58   36    0.02500    0.02858  14.3%  26.4  245s
 1089317 50943    0.02555   32   47    0.02500    0.02841  13.6%  26.2  250s
 1117740 50110    0.02504   49   33    0.02500    0.02824  13.0%  26.0  255s
 1145842 48978    0.02519   51   46    0.02500    0.02805  12.2%  25.7  260s
 1175400 48091     cutoff   30         0.02500    0.02788  11.5%  25.5  265s
 1204985 47069    0.02553   46   42    0.02500    0.02771  10.8%  25.3  270s
 1232489 46223    0.02589   40   55    0.02500    0.02755  10.2%  25.1  275s

Cutting planes:
  Gomory: 1
  Implied bound: 23
  MIR: 1
  Flow cover: 2
  RLT: 68
  Relax-and-lift: 1
  BQP: 29

Explored 1253401 nodes (31204181 simplex iterations) in 278.54 seconds (285.90 work units)
Thread count was 4 (of 4 available processors)

Solution count 10: 0.0250003 0.0215069 0.021054 ... 0.00633232

Optimization achieved user objective limit
Best objective 2.500030240347e-02, best bound 2.742515568565e-02, gap 9.6993%
{"verdict": "PROVED", "status": "BOUND_REACHED", "runtime": 278.5383360385895, "objval": 0.025000302403465624, "objbound": 0.02742515568565168, "binaries": 54}
