Set parameter NodefileStart to value 6
Read parameters from file gurobi.env
Restricted license - for non-production use only - expires 2027-11-29
Set parameter OutputFlag to value 1
Set parameter Threads to value 4
Set parameter TimeLimit to value 360
Set parameter MIPGap to value 5e-05
Set parameter MIPFocus to value 2
Set parameter NonConvex to value 2
Set parameter BestBdStop to value 2.7426211734693878e-02
Gurobi Optimizer version 13.0.3 build v13.0.3rc0 (linux64 - "Ubuntu 24.04.5 LTS")

CPU model: AMD EPYC 7763 64-Core Processor, instruction set [SSE2|AVX|AVX2]
Thread count: 2 physical cores, 4 logical processors, using up to 4 threads

Non-default parameters:
TimeLimit  360
BestBdStop  2.7426211734693878e-02
MIPGap  5e-05
MIPFocus  2
NodefileStart  6
NonConvex  2
Threads  4

Optimize a model with 145 rows, 115 columns and 846 nonzeros (Max)
Model fingerprint: 0x2be305ac
Model has 1 linear objective coefficients
Model has 50 quadratic constraints
Variable types: 65 continuous, 50 integer (50 binary)
Coefficient statistics:
  Matrix range     [5e-01, 1e+00]
  QMatrix range    [1e+00, 1e+00]
  QLMatrix range   [1e+00, 1e+00]
  Objective range  [1e+00, 1e+00]
  Bounds range     [5e-01, 1e+00]
  RHS range        [1e+00, 1e+00]

Found heuristic solution: objective -0.0000000
Presolve time: 0.00s
Presolved: 345 rows, 116 columns, 1246 nonzeros
Presolved model has 50 bilinear constraint(s)

Solving non-convex MIQCP to global optimality

Variable types: 66 continuous, 50 integer (50 binary)
Root relaxation presolve removed 50 rows and 1 columns
Root relaxation presolved: 295 rows, 115 columns, 1196 nonzeros


Root relaxation: objective 8.333333e-02, 116 iterations, 0.00 seconds (0.00 work units)

    Nodes    |    Current Node    |     Objective Bounds      |     Work
 Expl Unexpl |  Obj  Depth IntInf | Incumbent    BestBd   Gap | It/Node Time

     0     0    0.08333    0   51   -0.00000    0.08333      -     -    0s
     0     0    0.07143    0   53   -0.00000    0.07143      -     -    0s
     0     0    0.07143    0   64   -0.00000    0.07143      -     -    0s
H    0     0                       0.0000000    0.07143      -     -    0s
H    0     0                       0.0000002    0.07143      -     -    0s
     0     0    0.07143    0   65    0.00000    0.07143      -     -    0s
     0     0    0.07143    0   51    0.00000    0.07143      -     -    0s
     0     0    0.07143    0   51    0.00000    0.07143      -     -    0s
     0     0    0.07143    0   43    0.00000    0.07143      -     -    0s
     0     0    0.07143    0   43    0.00000    0.07143      -     -    0s
     0     2    0.07143    0   43    0.00000    0.07143      -     -    0s
H  488   422                       0.0022033    0.07143  3142%  19.1    0s
H  961   750                       0.0029460    0.07143  2325%  22.8    0s
H  989   801                       0.0029460    0.07143  2325%  23.3    0s
H 1033   733                       0.0059941    0.07143  1092%  24.0    0s
H 1044   810                       0.0059941    0.07143  1092%  24.2    0s
* 1949  1338             136       0.0097734    0.06221   537%  24.4    2s
* 1950  1297             136       0.0097734    0.06221   537%  24.4    2s
* 3517  1949             141       0.0107688    0.06221   478%  23.0    2s
H 4610  2298                       0.0133762    0.06221   365%  24.5    2s
H 5890  2920                       0.0146729    0.06221   324%  25.7    3s
H 6158  3035                       0.0151072    0.06221   312%  26.1    3s
H 6562  3295                       0.0151072    0.06221   312%  26.9    3s
H 6979  3579                       0.0151072    0.06221   312%  27.0    3s
 10525  5396    0.03820   39   59    0.01511    0.06221   312%  28.4    5s
H10791  5277                       0.0154570    0.06221   302%  28.5    5s
H10938  4911                       0.0174851    0.06221   256%  28.6    5s
H16079  7558                       0.0176691    0.06221   252%  28.6    6s
 29241 13484    0.03399   39   60    0.01767    0.06068   243%  30.4   10s
 49695 22324     cutoff   65         0.01767    0.05840   231%  31.0   15s
 69993 31060    0.04050   40   55    0.01767    0.05714   223%  30.8   20s
 90369 40021    0.03622   38   44    0.01767    0.05598   217%  31.1   25s
 112057 48521    0.04527   41   53    0.01767    0.05519   212%  31.2   30s
 133266 56922     cutoff   39         0.01767    0.05445   208%  31.2   35s
H145988 60673                       0.0182515    0.05407   196%  31.1   38s
H146756 61019                       0.0182515    0.05406   196%  31.1   38s
 153258 63602    0.04999   33   58    0.01825    0.05392   195%  31.2   40s
 172619 71132    0.03273   45   56    0.01825    0.05348   193%  31.2   45s
H184229 75371                       0.0182516    0.05321   192%  31.2   48s
H185167 75641                       0.0182516    0.05317   191%  31.2   48s
H186626 75834                       0.0183643    0.05314   189%  31.2   49s
 187852 77877    0.04727   45   58    0.01836    0.05311   189%  31.2   50s
H188852 77522                       0.0185251    0.05311   187%  31.2   50s
H201275 81115                       0.0185252    0.05289   185%  31.2   53s
H202315 81369                       0.0185573    0.05287   185%  31.2   54s
H203457 81750                       0.0185575    0.05286   185%  31.2   54s
 204422 82233     cutoff   48         0.01856    0.05284   185%  31.2   55s
 224466 89587    0.05049   38   45    0.01856    0.05249   183%  31.2   60s
 246285 97501     cutoff   74         0.01856    0.05209   181%  31.2   65s
 268490 105630    0.02019   58   54    0.01856    0.05169   179%  31.1   70s
 290276 113756    0.03377   42   51    0.01856    0.05139   177%  31.1   75s
 311773 121648    0.02610   45   59    0.01856    0.05112   175%  31.1   80s
 332892 128892    0.02797   43   52    0.01856    0.05087   174%  31.1   85s
H346968 125775                       0.0203989    0.05073   149%  31.1   88s
H347101 125881                       0.0203989    0.05073   149%  31.1   88s
H348647 126271                       0.0203989    0.05071   149%  31.0   89s
 349669 126631    0.04174   41   59    0.02040    0.05069   148%  31.1   90s
 369110 133457    0.02993   42   50    0.02040    0.05044   147%  31.0   95s
 391590 140734     cutoff   57         0.02040    0.05020   146%  31.0  100s
 411601 147392    0.02182   36   53    0.02040    0.05001   145%  31.0  105s
 431961 153971    0.03023   49   54    0.02040    0.04981   144%  31.0  110s
 453305 160694    0.02710   47   45    0.02040    0.04961   143%  31.1  115s
 474591 167638     cutoff   54         0.02040    0.04942   142%  31.1  120s
 495241 174035    0.02347   57   40    0.02040    0.04924   141%  31.1  125s
 512889 179473    0.03153   43   53    0.02040    0.04909   141%  31.1  130s
 534006 186193    0.02109   50   53    0.02040    0.04891   140%  31.1  135s
 554426 192421    0.03015   55   48    0.02040    0.04874   139%  31.1  140s
 574781 198705    0.04434   39   57    0.02040    0.04855   138%  31.1  145s
 593217 204457    0.03845   35   53    0.02040    0.04843   137%  31.1  150s
 615326 211135    0.04206   40   60    0.02040    0.04826   137%  31.1  155s
 636731 217447    0.03106   38   56    0.02040    0.04810   136%  31.1  160s
 658591 223819     cutoff   49         0.02040    0.04795   135%  31.1  165s
 678603 229717    0.03185   45   51    0.02040    0.04781   134%  31.1  170s
 699237 235949    0.02327   50   58    0.02040    0.04768   134%  31.1  175s
 716626 241050    0.04504   43   59    0.02040    0.04757   133%  31.1  180s
 737643 247437    0.02464   54   57    0.02040    0.04745   133%  31.1  185s
 759152 253850    0.03199   41   58    0.02040    0.04732   132%  31.1  190s
 779258 259993    0.02937   41   53    0.02040    0.04722   131%  31.1  195s
 801554 266490     cutoff   46         0.02040    0.04710   131%  31.1  200s
 822729 272775    0.03435   43   58    0.02040    0.04700   130%  31.1  205s
 843965 279026     cutoff   51         0.02040    0.04690   130%  31.1  210s
 865913 285680     cutoff   57         0.02040    0.04679   129%  31.1  215s
 886525 291772    0.02575   44   48    0.02040    0.04669   129%  31.1  220s
 905438 297407     cutoff   54         0.02040    0.04659   128%  31.1  225s
 921439 301798    0.02480   45   53    0.02040    0.04651   128%  31.1  230s
 940393 307342    0.02325   50   53    0.02040    0.04643   128%  31.1  235s
 960101 312587 infeasible   49         0.02040    0.04633   127%  31.0  240s
 981161 318409     cutoff   47         0.02040    0.04624   127%  31.0  245s
 1001533 324187 infeasible   48         0.02040    0.04616   126%  31.0  250s
 1022953 330009     cutoff   54         0.02040    0.04607   126%  31.0  255s
 1044918 336113    0.04540   37   66    0.02040    0.04598   125%  31.0  260s
 1066149 342088    0.04233   39   62    0.02040    0.04590   125%  31.0  265s
 1087039 347970    0.03306   45   55    0.02040    0.04582   125%  31.0  270s
 1107033 353280    0.04217   48   57    0.02040    0.04574   124%  31.0  275s
 1124049 358135    0.03074   39   62    0.02040    0.04567   124%  31.0  280s
 1144553 363984    0.02754   41   51    0.02040    0.04560   124%  31.0  285s
 1165277 369825     cutoff   47         0.02040    0.04552   123%  31.0  290s
 1185974 375790    0.04097   39   68    0.02040    0.04544   123%  31.0  295s
 1206455 381371    0.02755   48   56    0.02040    0.04537   122%  31.0  300s
 1228535 387633    0.02436   46   51    0.02040    0.04529   122%  31.0  305s
 1249975 393573    0.02732   47   54    0.02040    0.04523   122%  31.0  310s
 1271385 399232    0.03402   44   52    0.02040    0.04515   121%  31.0  315s
 1291945 404956     cutoff   46         0.02040    0.04508   121%  31.0  320s
 1309352 409435    0.02383   46   49    0.02040    0.04502   121%  31.0  325s
 1330335 414990    0.02301   47   64    0.02040    0.04495   120%  30.9  330s
 1351475 420512    0.03698   43   58    0.02040    0.04488   120%  30.9  335s
 1372691 426339    0.03493   43   63    0.02040    0.04481   120%  31.0  340s
 1393374 432078     cutoff   52         0.02040    0.04474   119%  31.0  345s
 1413977 437617     cutoff   53         0.02040    0.04467   119%  30.9  350s
 1434793 443343    0.03749   45   54    0.02040    0.04462   119%  30.9  355s
H1442570 443154                       0.0205514    0.04459   117%  30.9  356s
H1442572 443266                       0.0205514    0.04459   117%  30.9  356s
 1453849 446171     cutoff   61         0.02055    0.04456   117%  30.9  360s

Cutting planes:
  Gomory: 9
  Implied bound: 16
  MIR: 1
  Flow cover: 22
  Inf proof: 1
  RLT: 73
  Relax-and-lift: 8
  BQP: 41

Explored 1454114 nodes (44979450 simplex iterations) in 360.00 seconds (389.17 work units)
Thread count was 4 (of 4 available processors)

Solution count 10: 0.0205514 0.0203989 0.0185575 ... 0.015457

Time limit reached
Best objective 2.055144399464e-02, best bound 4.455489788594e-02, gap 116.7969%
{"verdict": "UNRESOLVED", "status": "TIME_LIMIT", "runtime": 360.00178694725037, "objval": 0.020551443994635984, "objbound": 0.04455489788594176, "binaries": 50}
