Set parameter NodefileStart to value 6
Read parameters from file gurobi.env
Restricted license - for non-production use only - expires 2027-11-29
Set parameter OutputFlag to value 1
Set parameter Threads to value 4
Set parameter TimeLimit to value 360
Set parameter MIPGap to value 5e-05
Set parameter MIPFocus to value 2
Set parameter NonConvex to value 2
Set parameter BestBdStop to value 2.7426211734693878e-02
Gurobi Optimizer version 13.0.3 build v13.0.3rc0 (linux64 - "Ubuntu 24.04.5 LTS")

CPU model: AMD EPYC 9V74 80-Core Processor, instruction set [SSE2|AVX|AVX2]
Thread count: 2 physical cores, 4 logical processors, using up to 4 threads

Non-default parameters:
TimeLimit  360
BestBdStop  2.7426211734693878e-02
MIPGap  5e-05
MIPFocus  2
NodefileStart  6
NonConvex  2
Threads  4

Optimize a model with 141 rows, 111 columns and 810 nonzeros (Max)
Model fingerprint: 0xa2fffd75
Model has 1 linear objective coefficients
Model has 50 quadratic constraints
Variable types: 65 continuous, 46 integer (46 binary)
Coefficient statistics:
  Matrix range     [5e-01, 1e+00]
  QMatrix range    [1e+00, 1e+00]
  QLMatrix range   [1e+00, 1e+00]
  Objective range  [1e+00, 1e+00]
  Bounds range     [5e-01, 1e+00]
  RHS range        [1e+00, 1e+00]

Found heuristic solution: objective -0.0000000
Presolve time: 0.00s
Presolved: 341 rows, 112 columns, 1210 nonzeros
Presolved model has 50 bilinear constraint(s)

Solving non-convex MIQCP to global optimality

Variable types: 66 continuous, 46 integer (46 binary)
Root relaxation presolve removed 50 rows and 1 columns
Root relaxation presolved: 291 rows, 111 columns, 1160 nonzeros


Root relaxation: objective 8.333333e-02, 104 iterations, 0.00 seconds (0.00 work units)

    Nodes    |    Current Node    |     Objective Bounds      |     Work
 Expl Unexpl |  Obj  Depth IntInf | Incumbent    BestBd   Gap | It/Node Time

     0     0    0.08333    0   48   -0.00000    0.08333      -     -    0s
H    0     0                       0.0000000    0.08333      -     -    0s
     0     0    0.08000    0   53    0.00000    0.08000      -     -    0s
     0     0    0.08000    0   71    0.00000    0.08000      -     -    0s
     0     0    0.08000    0   70    0.00000    0.08000      -     -    0s
     0     0    0.08000    0   50    0.00000    0.08000      -     -    0s
     0     0    0.08000    0   52    0.00000    0.08000      -     -    0s
     0     0    0.08000    0   54    0.00000    0.08000      -     -    0s
     0     0    0.08000    0   56    0.00000    0.08000      -     -    0s
H    0     0                       0.0000000    0.08000      -     -    0s
     0     0    0.08000    0   65    0.00000    0.08000      -     -    0s
     0     0    0.08000    0   54    0.00000    0.08000      -     -    0s
H    0     0                       0.0000005    0.08000      -     -    0s
     0     0    0.08000    0   53    0.00000    0.08000      -     -    0s
     0     0    0.08000    0   53    0.00000    0.08000      -     -    0s
     0     0    0.08000    0   53    0.00000    0.08000      -     -    0s
     0     2    0.08000    0   53    0.00000    0.08000      -     -    0s
H 1149  1017                       0.0000007    0.07895      -  27.6    0s
* 1729  1348              83       0.0000012    0.06894      -  26.9    1s
* 1736  1296              85       0.0000012    0.06894      -  26.9    1s
* 1789  1233              89       0.0000013    0.06894      -  26.3    1s
* 1859  1209              89       0.0000016    0.06565      -  26.0    1s
* 1860  1167              89       0.0000017    0.06565      -  26.0    1s
 12077  8768    0.00009   59   31    0.00000    0.04822      -  28.2    5s
H14994 10566                       0.0000020    0.04725      -  28.8    5s
H16319 11391                       0.0000023    0.04698      -  28.8    6s
H16324 11360                       0.0000027    0.04698      -  28.7    6s
 31669 22187 infeasible   59         0.00000    0.04467      -  29.0   10s
 51756 36508    0.02181   36   55    0.00000    0.04387      -  29.4   15s
 71440 49531    0.00103   46   42    0.00000    0.04303      -  29.9   20s
 93412 63489    0.00232   53   38    0.00000    0.04267      -  30.3   25s
 111472 75335    0.00179   49   51    0.00000    0.04214      -  30.7   30s
 131455 87727    0.00128   42   26    0.00000    0.04175      -  30.9   35s
 151713 100439    0.00338   42   38    0.00000    0.04143      -  31.0   40s
 172970 113587    0.00204   47   43    0.00000    0.04118      -  31.3   45s
 192833 126520    0.04104   28   50    0.00000    0.04104      -  31.4   50s
 211276 138542    0.03081   30   52    0.00000    0.04086      -  31.4   55s
 231731 151802    0.01386   38   46    0.00000    0.04067      -  31.4   60s
 253741 165711    0.01835   38   52    0.00000    0.04044      -  31.3   65s
 274004 178301    0.00399   54   50    0.00000    0.04020      -  31.3   70s
 291834 189593    0.01417   40   52    0.00000    0.04005      -  31.4   75s
 313849 204013     cutoff   56         0.00000    0.03992      -  31.3   80s
 334471 216973    0.00079   65   50    0.00000    0.03978      -  31.3   85s
 352786 228871    0.00818   47   51    0.00000    0.03968      -  31.3   90s
 373347 242186 infeasible   81         0.00000    0.03961      -  31.3   95s
 395453 255781    0.00000  109   23    0.00000    0.03949      -  31.2  100s
 416222 268759    0.01890   46   52    0.00000    0.03941      -  31.2  105s
 435307 281634    0.00129   43   11    0.00000    0.03933      -  31.1  110s
 454933 294477    0.00206   61   50    0.00000    0.03926      -  31.1  115s
 475162 307231    0.00379   42   50    0.00000    0.03918      -  31.1  120s
 495630 319652    0.00223   51   39    0.00000    0.03910      -  31.1  125s
 512017 332414    0.01934   40   54    0.00000    0.03905      -  31.1  130s
 535786 344368    0.00261   50   38    0.00000    0.03899      -  31.0  135s
 555739 357166    0.00019   68   50    0.00000    0.03893      -  31.0  140s
 576071 369521    0.00000   72   31    0.00000    0.03886      -  31.0  145s
 595870 382696 infeasible   87         0.00000    0.03881      -  31.0  150s
 617644 396254     cutoff   73         0.00000    0.03876      -  31.0  155s
 636693 408110     cutoff   52         0.00000    0.03871      -  31.0  160s
 657347 421639    0.00012   73   37    0.00000    0.03867      -  30.9  165s
 677499 436326    0.00006   82   37    0.00000    0.03863      -  30.9  170s
 697710 446355    0.01293   45   50    0.00000    0.03857      -  30.9  175s
 718020 458481    0.00007   76   51    0.00000    0.03852      -  30.9  180s
 737115 470687     cutoff   52         0.00000    0.03847      -  30.9  185s
 759598 484880     cutoff   68         0.00000    0.03843      -  30.9  190s
 776916 495851    0.02281   39   46    0.00000    0.03839      -  30.9  195s
 798539 509868    0.00167   50   39    0.00000    0.03834      -  30.9  200s
 818792 522572    0.01426   40   50    0.00000    0.03829      -  30.9  205s
 839343 535302    0.01249   46   51    0.00000    0.03825      -  30.9  210s
 858042 546651    0.01232   48   50    0.00000    0.03820      -  30.9  215s
 879659 560027    0.00294   58   50    0.00000    0.03816      -  30.9  220s
 900046 572363    0.02531   41   55    0.00000    0.03812      -  30.8  225s
 918564 583803    0.00009   64   52    0.00000    0.03808      -  30.9  230s
 940636 597539    0.02648   39   53    0.00000    0.03803      -  30.8  235s
 957825 608242    0.01391   54   50    0.00000    0.03800      -  30.9  240s
 974750 619043    0.00171   53   55    0.00000    0.03796      -  30.8  245s
 996618 632288    0.00163   70   37    0.00000    0.03792      -  30.8  250s
 1013229 642679    0.00832   54   51    0.00000    0.03788      -  30.8  255s
 1033515 654970    0.01255   42   53    0.00000    0.03784      -  30.8  260s
 1055542 668133    0.00653   55   53    0.00000    0.03780      -  30.8  265s
 1075654 680637    0.01128   44   36    0.00000    0.03777      -  30.8  270s
 1094327 692479    0.00120   59   44    0.00000    0.03774      -  30.8  275s
 1114579 704635    0.01235   45   51    0.00000    0.03771      -  30.8  280s
 1136864 718475    0.00050   61   42    0.00000    0.03768      -  30.8  285s
 1155281 729858    0.00613   50   51    0.00000    0.03765      -  30.8  290s
 1173877 741435    0.00874   47   50    0.00000    0.03762      -  30.8  295s
 1194016 753729    0.00007   90   50    0.00000    0.03759      -  30.8  300s
 1216394 767373     cutoff   60         0.00000    0.03755      -  30.8  305s
 1234746 778584    0.00283   57   42    0.00000    0.03752      -  30.8  310s
 1255208 790370     cutoff  105         0.00000    0.03749      -  30.8  315s
 1276174 803239    0.00697   50   32    0.00000    0.03747      -  30.7  320s
 1298287 816501    0.00370   48   50    0.00000    0.03744      -  30.7  325s
 1316863 827183 infeasible   60         0.00000    0.03741      -  30.7  330s
 1337944 839828    0.02582   42   52    0.00000    0.03737      -  30.7  335s
 1358471 852633    0.00177   62   45    0.00000    0.03734      -  30.7  340s
 1378813 864612 infeasible   69         0.00000    0.03732      -  30.7  345s
 1396848 875426    0.01713   47   56    0.00000    0.03730      -  30.7  350s
 1417356 887903    0.02988   36   55    0.00000    0.03728      -  30.7  355s
 1436827 900810    0.02110   33   56    0.00000    0.03727      -  30.7  360s

Cutting planes:
  Gomory: 7
  Implied bound: 8
  MIR: 2
  Flow cover: 21
  RLT: 79
  Relax-and-lift: 4
  BQP: 22

Explored 1437190 nodes (44169442 simplex iterations) in 360.00 seconds (366.86 work units)
Thread count was 4 (of 4 available processors)

Solution count 10: 2.65205e-06 2.32736e-06 2.01039e-06 ... 4.7112e-07

Time limit reached
Best objective 2.652046681636e-06, best bound 3.726580226177e-02, gap 1405071.4293%
{"verdict": "UNRESOLVED", "status": "TIME_LIMIT", "runtime": 360.0028409957886, "objval": 2.652046681636406e-06, "objbound": 0.03726580226176769, "binaries": 46}
