Set parameter NodefileStart to value 6
Read parameters from file gurobi.env
Restricted license - for non-production use only - expires 2027-11-29
Set parameter OutputFlag to value 1
Set parameter Threads to value 4
Set parameter TimeLimit to value 360
Set parameter MIPGap to value 5e-05
Set parameter MIPFocus to value 2
Set parameter NonConvex to value 2
Set parameter BestBdStop to value 2.7426211734693878e-02
Gurobi Optimizer version 13.0.3 build v13.0.3rc0 (linux64 - "Ubuntu 24.04.5 LTS")

CPU model: AMD EPYC 7763 64-Core Processor, instruction set [SSE2|AVX|AVX2]
Thread count: 2 physical cores, 4 logical processors, using up to 4 threads

Non-default parameters:
TimeLimit  360
BestBdStop  2.7426211734693878e-02
MIPGap  5e-05
MIPFocus  2
NodefileStart  6
NonConvex  2
Threads  4

Optimize a model with 133 rows, 103 columns and 742 nonzeros (Max)
Model fingerprint: 0x42a9bf51
Model has 1 linear objective coefficients
Model has 50 quadratic constraints
Variable types: 65 continuous, 38 integer (38 binary)
Coefficient statistics:
  Matrix range     [5e-01, 1e+00]
  QMatrix range    [1e+00, 1e+00]
  QLMatrix range   [1e+00, 1e+00]
  Objective range  [1e+00, 1e+00]
  Bounds range     [5e-01, 1e+00]
  RHS range        [1e+00, 1e+00]

Found heuristic solution: objective -0.0000000
Presolve time: 0.00s
Presolved: 333 rows, 104 columns, 1142 nonzeros
Presolved model has 50 bilinear constraint(s)

Solving non-convex MIQCP to global optimality

Variable types: 66 continuous, 38 integer (38 binary)
Root relaxation presolve removed 66 rows and 9 columns
Root relaxation presolved: 267 rows, 95 columns, 996 nonzeros


Root relaxation: objective 1.000000e-01, 96 iterations, 0.00 seconds (0.00 work units)

    Nodes    |    Current Node    |     Objective Bounds      |     Work
 Expl Unexpl |  Obj  Depth IntInf | Incumbent    BestBd   Gap | It/Node Time

     0     0    0.10000    0   44   -0.00000    0.10000      -     -    0s
     0     0    0.08333    0   54   -0.00000    0.08333      -     -    0s
     0     0    0.08333    0   61   -0.00000    0.08333      -     -    0s
     0     0    0.08333    0   55   -0.00000    0.08333      -     -    0s
     0     0    0.08333    0   57   -0.00000    0.08333      -     -    0s
     0     0    0.08333    0   51   -0.00000    0.08333      -     -    0s
     0     0    0.08333    0   42   -0.00000    0.08333      -     -    0s
     0     0    0.08333    0   47   -0.00000    0.08333      -     -    0s
     0     0    0.08333    0   47   -0.00000    0.08333      -     -    0s
     0     2    0.08333    0   47   -0.00000    0.08333      -     -    0s
H  604   554                       0.0000000    0.08325      -  36.7    0s
H  607   554                       0.0000000    0.08325      -  36.7    0s
H  635   609                       0.0000002    0.08325      -  36.0    0s
*  745   679             103       0.0000002    0.07932      -  34.3    0s
H 1152   919                       0.0000003    0.07932      -  33.9    1s
* 3126  1841              73       0.0000003    0.05556      -  35.9    2s
* 3345  1942              65       0.0000004    0.05556      -  34.3    2s
H 3491  1942                       0.0000004    0.05556      -  33.5    2s
* 4062  2290              99       0.0000004    0.05556      -  31.8    2s
* 4363  2592              73       0.0000006    0.05445      -  31.3    2s
H 4589  2710                       0.0000006    0.05198      -  30.8    2s
* 4597  2696              82       0.0000006    0.05198      -  30.7    2s
* 6648  4107             111       0.0000006    0.04729      -  28.7    3s
* 6650  4081             112       0.0000006    0.04729      -  28.7    3s
* 6657  4081             112       0.0000006    0.04729      -  28.7    3s
 13154  9314    0.00000   88   25    0.00000    0.04501      -  24.9    5s
*14937 10205             114       0.0000007    0.04441      -  23.6    5s
H20398 13499                       0.0000009    0.04129      -  23.3    7s
 31480 20853    0.01156   44   41    0.00000    0.03894      -  22.3   10s
 53454 34419    0.01366   37   51    0.00000    0.03659      -  21.8   15s
*66079 42672             124       0.0000009    0.03604      -  21.8   18s
*66080 42672             124       0.0000009    0.03604      -  21.8   18s
*66081 42670             122       0.0000009    0.03604      -  21.8   18s
*66086 42670             121       0.0000009    0.03604      -  21.8   18s
 74076 47634    0.01320   39   54    0.00000    0.03561      -  21.9   20s
H85075 54185                       0.0000010    0.03516      -  21.7   22s
H86352 54311                       0.0000012    0.03515      -  21.7   22s
 92789 58366    0.01309   32   46    0.00000    0.03490      -  21.8   25s
 116021 73443    0.00053   51   50    0.00000    0.03410      -  22.1   30s
 137882 86225    0.00689   37   51    0.00000    0.03345      -  22.1   35s
 160558 99792 infeasible   79         0.00000    0.03284      -  22.0   40s
 183098 113543    0.00000  100   36    0.00000    0.03236      -  22.0   45s
 204209 126446     cutoff   40         0.00000    0.03203      -  21.9   50s
 228371 140735    0.00144   47   50    0.00000    0.03155      -  21.8   55s
 250995 154229    0.00390   47   53    0.00000    0.03114      -  21.7   60s
H269914 165769                       0.0000012    0.03091      -  21.6   64s
 271246 166544    0.03061   31   52    0.00000    0.03089      -  21.6   65s
 293295 180868    0.00007   69   43    0.00000    0.03062      -  21.6   70s
 315874 194496    0.00059   47   27    0.00000    0.03032      -  21.5   75s
 336312 206095    0.00067   50   37    0.00000    0.03007      -  21.5   80s
 360984 220807    0.02029   30   51    0.00000    0.02982      -  21.4   85s
 384789 235289     cutoff   53         0.00000    0.02965      -  21.3   90s
 406936 249009    0.00103   50   51    0.00000    0.02946      -  21.3   95s
 428786 262579    0.00492   37   46    0.00000    0.02930      -  21.3  100s
 451137 276378    0.01590   36   52    0.00000    0.02909      -  21.3  105s
 474948 290328    0.00002   96   49    0.00000    0.02891      -  21.3  110s
 490392 299309    0.00102   52   50    0.00000    0.02880      -  21.2  115s
H497309 302443                       0.0000013    0.02873      -  21.3  116s
H498503 300995                       0.0000015    0.02872      -  21.3  117s
 505541 305255     cutoff   76         0.00000    0.02868      -  21.3  120s
 530077 320341    0.00041   61   42    0.00000    0.02853      -  21.2  125s
 552442 334012    0.00527   45   49    0.00000    0.02840      -  21.2  130s
 574384 347423    0.01300   35   46    0.00000    0.02828      -  21.2  135s
 597199 361293    0.00751   48   51    0.00000    0.02814      -  21.2  140s
 617931 373856    0.01289   40   45    0.00000    0.02802      -  21.2  145s
 642745 389550    0.00159   58   43    0.00000    0.02789      -  21.1  150s
 665899 403499    0.00001   68   41    0.00000    0.02776      -  21.1  155s
 687197 416889    0.01306   39   45    0.00000    0.02765      -  21.0  160s
 709858 431303    0.00006   79   41    0.00000    0.02754      -  21.0  165s
 734427 446059    0.00000   85   24    0.00000    0.02744      -  21.0  170s

Cutting planes:
  Gomory: 16
  Implied bound: 2
  MIR: 2
  Flow cover: 16
  RLT: 69
  Relax-and-lift: 2
  BQP: 19

Explored 740248 nodes (15555611 simplex iterations) in 171.78 seconds (184.39 work units)
Thread count was 4 (of 4 available processors)

Solution count 10: 1.48148e-06 1.29021e-06 1.2329e-06 ... 9.23944e-07

Optimization achieved user objective limit
Best objective 1.481480288725e-06, best bound 2.742515318828e-02, gap 1851099.3306%
{"verdict": "PROVED", "status": "BOUND_REACHED", "runtime": 171.7825219631195, "objval": 1.4814802887247311e-06, "objbound": 0.02742515318828239, "binaries": 38}
