Set parameter NodefileStart to value 6
Read parameters from file gurobi.env
Restricted license - for non-production use only - expires 2027-11-29
Set parameter OutputFlag to value 1
Set parameter Threads to value 4
Set parameter TimeLimit to value 360
Set parameter MIPGap to value 5e-05
Set parameter MIPFocus to value 2
Set parameter NonConvex to value 2
Set parameter BestBdStop to value 2.7426211734693878e-02
Gurobi Optimizer version 13.0.3 build v13.0.3rc0 (linux64 - "Ubuntu 24.04.5 LTS")

CPU model: AMD EPYC 7763 64-Core Processor, instruction set [SSE2|AVX|AVX2]
Thread count: 2 physical cores, 4 logical processors, using up to 4 threads

Non-default parameters:
TimeLimit  360
BestBdStop  2.7426211734693878e-02
MIPGap  5e-05
MIPFocus  2
NodefileStart  6
NonConvex  2
Threads  4

Optimize a model with 141 rows, 111 columns and 810 nonzeros (Max)
Model fingerprint: 0xae93f274
Model has 1 linear objective coefficients
Model has 50 quadratic constraints
Variable types: 65 continuous, 46 integer (46 binary)
Coefficient statistics:
  Matrix range     [5e-01, 1e+00]
  QMatrix range    [1e+00, 1e+00]
  QLMatrix range   [1e+00, 1e+00]
  Objective range  [1e+00, 1e+00]
  Bounds range     [5e-01, 1e+00]
  RHS range        [1e+00, 1e+00]

Found heuristic solution: objective -0.0000000
Presolve time: 0.00s
Presolved: 341 rows, 112 columns, 1210 nonzeros
Presolved model has 50 bilinear constraint(s)

Solving non-convex MIQCP to global optimality

Variable types: 66 continuous, 46 integer (46 binary)
Root relaxation presolve removed 50 rows and 1 columns
Root relaxation presolved: 291 rows, 111 columns, 1160 nonzeros


Root relaxation: objective 1.250000e-01, 123 iterations, 0.00 seconds (0.00 work units)

    Nodes    |    Current Node    |     Objective Bounds      |     Work
 Expl Unexpl |  Obj  Depth IntInf | Incumbent    BestBd   Gap | It/Node Time

     0     0    0.12500    0   43   -0.00000    0.12500      -     -    0s
     0     0    0.09091    0   56   -0.00000    0.09091      -     -    0s
     0     0    0.09091    0   57   -0.00000    0.09091      -     -    0s
     0     0    0.08333    0   65   -0.00000    0.08333      -     -    0s
H    0     0                       0.0000001    0.08333      -     -    0s
H    0     0                       0.0000001    0.08333      -     -    0s
H    0     0                       0.0000002    0.08333      -     -    0s
     0     0    0.08333    0   56    0.00000    0.08333      -     -    0s
     0     0    0.08333    0   64    0.00000    0.08333      -     -    0s
     0     0    0.08333    0   46    0.00000    0.08333      -     -    0s
     0     0    0.08333    0   52    0.00000    0.08333      -     -    0s
     0     0    0.08333    0   47    0.00000    0.08333      -     -    0s
     0     0    0.08333    0   52    0.00000    0.08333      -     -    0s
     0     0    0.08333    0   49    0.00000    0.08333      -     -    0s
     0     0    0.08333    0   50    0.00000    0.08333      -     -    0s
     0     0    0.08333    0   37    0.00000    0.08333      -     -    0s
     0     0    0.08333    0   37    0.00000    0.08333      -     -    0s
     0     2    0.08333    0   37    0.00000    0.08333      -     -    0s
H  711   669                       0.0000002    0.08333      -  27.8    0s
H  837   769                       0.0000003    0.08333      -  27.7    0s
H 1096   924                       0.0000004    0.08333      -  30.6    1s
* 1792  1324             101       0.0000005    0.05360      -  26.6    1s
* 1793  1279             101       0.0000005    0.05360      -  26.6    1s
* 1800  1235             100       0.0000006    0.05360      -  26.5    1s
* 1904  1216             115       0.0000006    0.05360      -  26.3    1s
* 2005  1220             114       0.0000009    0.05360      -  26.0    1s
* 2006  1184             114       0.0000010    0.05360      -  26.0    1s
 15162 10731    0.00000  127    9    0.00000    0.04198      -  24.1    5s
 38038 26600     cutoff   39         0.00000    0.03923      -  23.5   10s
 64586 43862    0.00065   60   50    0.00000    0.03776      -  23.0   15s
H88417 58988                       0.0000010    0.03674      -  23.0   19s
 89040 59500    0.00000   85   17    0.00000    0.03663      -  23.0   20s
 115325 77131    0.00001   59   18    0.00000    0.03565      -  23.1   25s
 139520 93402    0.02166   29   48    0.00000    0.03503      -  23.3   30s
 161096 107319    0.03426   27   54    0.00000    0.03454      -  23.3   35s
 184440 122663    0.00163   56   31    0.00000    0.03416      -  23.5   40s
 209629 139785 infeasible   59         0.00000    0.03379      -  23.6   45s
 233583 155476    0.00008   75   30    0.00000    0.03349      -  23.7   50s
 259050 171862    0.00959   35   46    0.00000    0.03314      -  23.7   55s
 279995 186128    0.00001   84   45    0.00000    0.03293      -  23.7   60s
 305348 202655     cutoff   64         0.00000    0.03265      -  23.7   65s
 330436 219615    0.00022   48   35    0.00000    0.03243      -  23.6   70s
 354658 234671    0.01728   38   50    0.00000    0.03220      -  23.7   75s
 380119 251275    0.00674   44   50    0.00000    0.03199      -  23.7   80s
 405615 267077    0.00000  102    7    0.00000    0.03175      -  23.7   85s
*418260 274218              76       0.0000010    0.03168      -  23.7   89s
H419745 272748                       0.0000012    0.03167      -  23.6   89s
 421344 274052    0.00001   63   31    0.00000    0.03166      -  23.6   90s
H425057 273448                       0.0000013    0.03164      -  23.6   90s
H426120 270266                       0.0000016    0.03163      -  23.6   91s
 440765 279923    0.00028   51   37    0.00000    0.03152      -  23.6   95s
 467828 298032    0.02285   37   47    0.00000    0.03136      -  23.6  100s
 484563 309756    0.01183   40   50    0.00000    0.03135      -  23.7  105s
 509922 326298    0.00008   77   26    0.00000    0.03121      -  23.7  110s
 535154 342927    0.00314   44   51    0.00000    0.03106      -  23.7  115s
 558945 358488    0.01885   38   51    0.00000    0.03095      -  23.7  120s
 566396 363072    0.01779   34   47    0.00000    0.03091      -  23.7  125s
 591046 379022    0.00083   62   18    0.00000    0.03075      -  23.7  130s
 616986 395833    0.01010   42   44    0.00000    0.03064      -  23.8  135s
 642386 412949    0.00000   92   34    0.00000    0.03050      -  23.8  140s
 667020 428348    0.00618   45   37    0.00000    0.03037      -  23.8  145s
 690311 443420     cutoff   45         0.00000    0.03027      -  23.9  150s
 717271 460847    0.00209   57   51    0.00000    0.03015      -  23.9  155s
 741875 476058    0.00032   60   50    0.00000    0.03002      -  23.9  160s
 766493 491412     cutoff   48         0.00000    0.02989      -  23.9  165s
 793293 508281    0.00145   52   38    0.00000    0.02977      -  23.9  170s
 817083 523524    0.01159   40   51    0.00000    0.02969      -  23.9  175s
 839585 538300    0.02255   34   55    0.00000    0.02961      -  23.9  180s
 865269 553660    0.00667   48   53    0.00000    0.02950      -  24.0  185s
 889579 568406    0.01886   36   53    0.00000    0.02941      -  24.0  190s
 913883 583488    0.00017   47   43    0.00000    0.02932      -  24.0  195s
 938513 598013     cutoff   38         0.00000    0.02922      -  24.0  200s
 961234 612040    0.01951   34   54    0.00000    0.02915      -  24.1  205s
 978447 623150    0.00002   84   44    0.00000    0.02911      -  24.1  210s
 997709 635738    0.00002   81   45    0.00000    0.02905      -  24.1  215s
 1022670 651846    0.00000   64   31    0.00000    0.02899      -  24.1  220s
 1047116 667202    0.00418   42   50    0.00000    0.02893      -  24.2  225s
 1071295 682299    0.00093   61   51    0.00000    0.02889      -  24.2  230s
 1097485 698340    0.00052   59   44    0.00000    0.02880      -  24.2  235s
 1122158 714665    0.02502   32   50    0.00000    0.02874      -  24.2  240s
 1144257 728518    0.02754   34   47    0.00000    0.02869      -  24.2  245s
 1170435 745131    0.01101   37   43    0.00000    0.02863      -  24.2  250s
 1193850 759998    0.00392   43   50    0.00000    0.02858      -  24.2  255s
 1216543 774947    0.02221   36   50    0.00000    0.02854      -  24.2  260s
 1240898 790221    0.02542   37   53    0.00000    0.02848      -  24.2  265s
 1263543 804328    0.00301   41   43    0.00000    0.02844      -  24.3  270s
 1288032 820248    0.01549   41   40    0.00000    0.02838      -  24.3  275s
 1312988 836270    0.00801   42   37    0.00000    0.02835      -  24.2  280s
 1338629 851890    0.00006   52   49    0.00000    0.02829      -  24.2  285s
 1363176 867154    0.00367   51   37    0.00000    0.02824      -  24.2  290s
 1387879 883844    0.00642   53   43    0.00000    0.02821      -  24.2  295s
 1410697 899040    0.01409   38   51    0.00000    0.02821      -  24.2  300s
 1434746 914718    0.00268   47   51    0.00000    0.02817      -  24.2  305s
 1458532 929272    0.00530   52   44    0.00000    0.02813      -  24.2  310s
 1483065 944567    0.00379   49   43    0.00000    0.02808      -  24.2  316s
 1501482 956763    0.00997   45   50    0.00000    0.02804      -  24.2  320s
 1523615 970949    0.01596   41   50    0.00000    0.02800      -  24.2  325s
 1546504 985688    0.01646   40   54    0.00000    0.02796      -  24.2  330s
 1570053 999918    0.00128   57   32    0.00000    0.02791      -  24.2  335s
 1594677 1014546    0.02460   34   52    0.00000    0.02786      -  24.2  340s
 1618375 1028900    0.01243   43   50    0.00000    0.02782      -  24.2  345s
 1642344 1043893    0.00002   85   36    0.00000    0.02778      -  24.2  350s
 1666990 1059987    0.00942   34   36    0.00000    0.02775      -  24.2  355s
 1689615 1073771     cutoff   61         0.00000    0.02771      -  24.2  360s

Cutting planes:
  Gomory: 15
  Implied bound: 3
  MIR: 5
  Flow cover: 15
  RLT: 70
  Relax-and-lift: 4
  BQP: 23

Explored 1689717 nodes (40915667 simplex iterations) in 360.00 seconds (352.21 work units)
Thread count was 4 (of 4 available processors)

Solution count 10: 1.5915e-06 1.33581e-06 1.01153e-06 ... 4.81302e-07

Time limit reached
Best objective 1.591499710819e-06, best bound 2.770707469149e-02, gap 1740841.2332%
{"verdict": "UNRESOLVED", "status": "TIME_LIMIT", "runtime": 360.0027549266815, "objval": 1.591499710818601e-06, "objbound": 0.02770707469148956, "binaries": 46}
