Set parameter NodefileStart to value 6
Read parameters from file gurobi.env
Restricted license - for non-production use only - expires 2027-11-29
Set parameter OutputFlag to value 1
Set parameter Threads to value 4
Set parameter TimeLimit to value 360
Set parameter MIPGap to value 5e-05
Set parameter MIPFocus to value 2
Set parameter NonConvex to value 2
Set parameter BestBdStop to value 2.7426211734693878e-02
Gurobi Optimizer version 13.0.3 build v13.0.3rc0 (linux64 - "Ubuntu 24.04.5 LTS")

CPU model: AMD EPYC 7763 64-Core Processor, instruction set [SSE2|AVX|AVX2]
Thread count: 2 physical cores, 4 logical processors, using up to 4 threads

Non-default parameters:
TimeLimit  360
BestBdStop  2.7426211734693878e-02
MIPGap  5e-05
MIPFocus  2
NodefileStart  6
NonConvex  2
Threads  4

Optimize a model with 117 rows, 87 columns and 630 nonzeros (Max)
Model fingerprint: 0xc9a83aa5
Model has 1 linear objective coefficients
Model has 50 quadratic constraints
Variable types: 65 continuous, 22 integer (22 binary)
Coefficient statistics:
  Matrix range     [5e-01, 1e+00]
  QMatrix range    [1e+00, 1e+00]
  QLMatrix range   [1e+00, 1e+00]
  Objective range  [1e+00, 1e+00]
  Bounds range     [5e-01, 1e+00]
  RHS range        [1e+00, 1e+00]

Found heuristic solution: objective -0.0000000
Presolve time: 0.00s
Presolved: 317 rows, 88 columns, 1030 nonzeros
Presolved model has 50 bilinear constraint(s)

Solving non-convex MIQCP to global optimality

Variable types: 66 continuous, 22 integer (22 binary)
Root relaxation presolve removed 50 rows and 1 columns
Root relaxation presolved: 267 rows, 87 columns, 980 nonzeros


Root relaxation: objective 7.142857e-02, 123 iterations, 0.00 seconds (0.00 work units)

    Nodes    |    Current Node    |     Objective Bounds      |     Work
 Expl Unexpl |  Obj  Depth IntInf | Incumbent    BestBd   Gap | It/Node Time

     0     0    0.07143    0   47   -0.00000    0.07143      -     -    0s
     0     0    0.07143    0   48   -0.00000    0.07143      -     -    0s
     0     0    0.06250    0   53   -0.00000    0.06250      -     -    0s
     0     0    0.06250    0   53   -0.00000    0.06250      -     -    0s
     0     0    0.06250    0   47   -0.00000    0.06250      -     -    0s
     0     0    0.06250    0   47   -0.00000    0.06250      -     -    0s
     0     0    0.06250    0   42   -0.00000    0.06250      -     -    0s
     0     0    0.06098    0   42   -0.00000    0.06098      -     -    0s
     0     2    0.06098    0   42   -0.00000    0.06098      -     -    0s
*  436   450              65       0.0000000    0.05882      -  14.9    0s
H  648   589                       0.0000004    0.05882      -  16.9    0s
* 3468  2009              82       0.0000005    0.05000      -  26.4    1s
H 9018  5491                       0.0000005    0.03965      -  24.4    3s
H 9170  5465                       0.0000005    0.03965      -  24.4    3s
H10851  6537                       0.0000007    0.03790      -  23.8    3s
 17537 10359    0.01495   26   50    0.00000    0.03343      -  24.8    5s

Cutting planes:
  Gomory: 5
  Implied bound: 2
  Flow cover: 9
  RLT: 41
  Relax-and-lift: 2
  BQP: 20

Explored 34655 nodes (860126 simplex iterations) in 8.39 seconds (7.22 work units)
Thread count was 4 (of 4 available processors)

Solution count 7: 6.85127e-07 5.15293e-07 4.53701e-07 ... -0

Optimization achieved user objective limit
Best objective 6.851268611047e-07, best bound 2.729739524054e-02, gap -
{"verdict": "PROVED", "status": "BOUND_REACHED", "runtime": 8.388508796691895, "objval": 6.851268611046743e-07, "objbound": 0.027297395240542085, "binaries": 22}
