Set parameter NodefileStart to value 6
Read parameters from file gurobi.env
Restricted license - for non-production use only - expires 2027-11-29
Set parameter OutputFlag to value 1
Set parameter Threads to value 4
Set parameter TimeLimit to value 360
Set parameter MIPGap to value 5e-05
Set parameter MIPFocus to value 2
Set parameter NonConvex to value 2
Set parameter BestBdStop to value 2.7426211734693878e-02
Gurobi Optimizer version 13.0.3 build v13.0.3rc0 (linux64 - "Ubuntu 24.04.5 LTS")

CPU model: AMD EPYC 9V45 96-Core Processor, instruction set [SSE2|AVX|AVX2|AVX512]
Thread count: 2 physical cores, 4 logical processors, using up to 4 threads

Non-default parameters:
TimeLimit  360
BestBdStop  2.7426211734693878e-02
MIPGap  5e-05
MIPFocus  2
NodefileStart  6
NonConvex  2
Threads  4

Optimize a model with 125 rows, 95 columns and 686 nonzeros (Max)
Model fingerprint: 0x59e182eb
Model has 1 linear objective coefficients
Model has 50 quadratic constraints
Variable types: 65 continuous, 30 integer (30 binary)
Coefficient statistics:
  Matrix range     [5e-01, 1e+00]
  QMatrix range    [1e+00, 1e+00]
  QLMatrix range   [1e+00, 1e+00]
  Objective range  [1e+00, 1e+00]
  Bounds range     [5e-01, 1e+00]
  RHS range        [1e+00, 1e+00]

Found heuristic solution: objective -0.0000000
Presolve time: 0.00s
Presolved: 325 rows, 96 columns, 1086 nonzeros
Presolved model has 50 bilinear constraint(s)

Solving non-convex MIQCP to global optimality

Variable types: 66 continuous, 30 integer (30 binary)
Root relaxation presolve removed 50 rows and 1 columns
Root relaxation presolved: 275 rows, 95 columns, 1036 nonzeros


Root relaxation: objective 6.250000e-02, 142 iterations, 0.00 seconds (0.00 work units)

    Nodes    |    Current Node    |     Objective Bounds      |     Work
 Expl Unexpl |  Obj  Depth IntInf | Incumbent    BestBd   Gap | It/Node Time

     0     0    0.06250    0   49   -0.00000    0.06250      -     -    0s
     0     0    0.05337    0   53   -0.00000    0.05337      -     -    0s
H    0     0                       0.0000000    0.05337      -     -    0s
     0     0    0.05336    0   39    0.00000    0.05336      -     -    0s
     0     0    0.05332    0   57    0.00000    0.05332      -     -    0s
H    0     0                       0.0000000    0.05332      -     -    0s
     0     0    0.05332    0   44    0.00000    0.05332      -     -    0s
     0     0    0.05332    0   43    0.00000    0.05332      -     -    0s
     0     0    0.05329    0   43    0.00000    0.05329      -     -    0s
     0     2    0.05329    0   43    0.00000    0.05329      -     -    0s
*  618   637              94       0.0000003    0.05183      -  18.4    0s
H 1170   996                       0.0000003    0.05183      -  19.5    0s
H 2020  1530                       0.0000007    0.04740      -  19.5    0s
* 2046  1474             133       0.0000010    0.04740      -  19.3    0s
* 2056  1425             133       0.0000010    0.04740      -  19.2    0s
H 3484  2038                       0.0000010    0.04435      -  20.8    1s
H24768 16776                       0.0000011    0.03566      -  20.0    3s
 32050 22401    0.00048   43   43    0.00000    0.03498      -  19.4    5s
*53019 36248              79       0.0000012    0.03253      -  19.2    7s
 72307 49236    0.00631   34   46    0.00000    0.03123      -  18.9   10s
 106879 74181    0.00175   50   43    0.00000    0.03051      -  19.0   15s
 148529 103332    0.00000   70   29    0.00000    0.02906      -  19.1   20s
 192093 133902     cutoff   74         0.00000    0.02821      -  19.0   25s

Cutting planes:
  Gomory: 3
  Flow cover: 1
  RLT: 30
  BQP: 4

Explored 231826 nodes (4380443 simplex iterations) in 29.48 seconds (49.24 work units)
Thread count was 4 (of 4 available processors)

Solution count 10: 1.19241e-06 1.19241e-06 1.08163e-06 ... 1.03073e-09

Optimization achieved user objective limit
Best objective 1.192408009349e-06, best bound 2.742163850132e-02, gap 2299585.8698%
{"verdict": "PROVED", "status": "BOUND_REACHED", "runtime": 29.479346990585327, "objval": 1.1924080093493763e-06, "objbound": 0.02742163850132097, "binaries": 30}
