Set parameter NodefileStart to value 6
Read parameters from file gurobi.env
Restricted license - for non-production use only - expires 2027-11-29
Set parameter OutputFlag to value 1
Set parameter Threads to value 4
Set parameter TimeLimit to value 360
Set parameter MIPGap to value 5e-05
Set parameter MIPFocus to value 2
Set parameter NonConvex to value 2
Set parameter BestBdStop to value 2.7426211734693878e-02
Gurobi Optimizer version 13.0.3 build v13.0.3rc0 (linux64 - "Ubuntu 24.04.5 LTS")

CPU model: AMD EPYC 7763 64-Core Processor, instruction set [SSE2|AVX|AVX2]
Thread count: 2 physical cores, 4 logical processors, using up to 4 threads

Non-default parameters:
TimeLimit  360
BestBdStop  2.7426211734693878e-02
MIPGap  5e-05
MIPFocus  2
NodefileStart  6
NonConvex  2
Threads  4

Optimize a model with 141 rows, 111 columns and 810 nonzeros (Max)
Model fingerprint: 0x4a7a8da9
Model has 1 linear objective coefficients
Model has 50 quadratic constraints
Variable types: 65 continuous, 46 integer (46 binary)
Coefficient statistics:
  Matrix range     [5e-01, 1e+00]
  QMatrix range    [1e+00, 1e+00]
  QLMatrix range   [1e+00, 1e+00]
  Objective range  [1e+00, 1e+00]
  Bounds range     [5e-01, 1e+00]
  RHS range        [1e+00, 1e+00]

Found heuristic solution: objective -0.0000000
Presolve time: 0.00s
Presolved: 341 rows, 112 columns, 1210 nonzeros
Presolved model has 50 bilinear constraint(s)

Solving non-convex MIQCP to global optimality

Variable types: 66 continuous, 46 integer (46 binary)
Root relaxation presolve removed 50 rows and 1 columns
Root relaxation presolved: 291 rows, 111 columns, 1160 nonzeros


Root relaxation: objective 8.333333e-02, 121 iterations, 0.00 seconds (0.00 work units)

    Nodes    |    Current Node    |     Objective Bounds      |     Work
 Expl Unexpl |  Obj  Depth IntInf | Incumbent    BestBd   Gap | It/Node Time

     0     0    0.08333    0   50   -0.00000    0.08333      -     -    0s
     0     0    0.07143    0   50   -0.00000    0.07143      -     -    0s
     0     0    0.07143    0   65   -0.00000    0.07143      -     -    0s
     0     0    0.07143    0   49   -0.00000    0.07143      -     -    0s
H    0     0                       0.0000002    0.07143      -     -    0s
     0     0    0.07143    0   51    0.00000    0.07143      -     -    0s
     0     0    0.07143    0   48    0.00000    0.07143      -     -    0s
     0     0    0.07143    0   56    0.00000    0.07143      -     -    0s
     0     0    0.07143    0   48    0.00000    0.07143      -     -    0s
     0     0    0.07143    0   48    0.00000    0.07143      -     -    0s
     0     0    0.07143    0   49    0.00000    0.07143      -     -    0s
     0     0    0.07143    0   56    0.00000    0.07143      -     -    0s
     0     0    0.07143    0   56    0.00000    0.07143      -     -    0s
     0     0    0.07143    0   53    0.00000    0.07143      -     -    0s
     0     0    0.07143    0   54    0.00000    0.07143      -     -    0s
     0     0    0.07143    0   55    0.00000    0.07143      -     -    0s
     0     0    0.07143    0   55    0.00000    0.07143      -     -    0s
     0     2    0.07143    0   55    0.00000    0.07143      -     -    0s
H 1101   950                       0.0000003    0.07143      -  25.2    1s
H 1105   905                       0.0000003    0.06766      -  25.1    1s
H 1115   866                       0.0043590    0.06423  1374%  24.9    1s
H 1115   823                       0.0045351    0.06423  1316%  24.9    1s
H 1186   846                       0.0046571    0.06423  1279%  28.8    1s
H 1267   852                       0.0052549    0.06423  1122%  28.9    1s
H 1430   918                       0.0057754    0.06423  1012%  27.4    1s
H 1641  1016                       0.0059439    0.06423   981%  25.2    1s
H 1910  1080                       0.0069354    0.06423   826%  23.4    1s
H 2009  1015                       0.0072454    0.06423   786%  23.4    2s
H 2098  1016                       0.0077100    0.06423   733%  24.2    2s
H 2215  1037                       0.0077795    0.06423   726%  25.6    2s
H 2233  1038                       0.0091550    0.06423   602%  25.8    2s
H 2676  1206                       0.0091550    0.06423   602%  27.3    2s
H 2999  1426                       0.0091550    0.06423   602%  28.5    2s
H 3576  1709                       0.0091551    0.06423   602%  29.2    2s
H 4620  2247                       0.0092462    0.06406   593%  31.0    3s
H 4728  2323                       0.0092462    0.06342   586%  31.1    3s
H 4980  2473                       0.0092481    0.06252   576%  31.3    3s
H 6080  2910                       0.0094846    0.06117   545%  33.2    3s
H 7622  3147                       0.0115614    0.05958   415%  34.1    4s
 10054  4351    0.04329   26   59    0.01156    0.05677   391%  35.4    5s
 24702  9555     cutoff   35         0.01156    0.04897   324%  37.4   10s
 41022 15283    0.01519   32   44    0.01156    0.04441   284%  37.2   15s
 61015 21373    0.02130   34   42    0.01156    0.04101   255%  36.4   20s
*76075 26070              69       0.0115617    0.03949   242%  36.2   23s
H77095 26266                       0.0116333    0.03936   238%  36.1   24s
H78279 26272                       0.0119774    0.03921   227%  36.1   24s
 79542 26697    0.03136   31   60    0.01198    0.03909   226%  36.1   25s
 97400 31479    0.03029   33   51    0.01198    0.03768   215%  36.1   30s
 117297 36854    0.01756   30   35    0.01198    0.03640   204%  36.1   35s
 136676 41533     cutoff   35         0.01198    0.03536   195%  35.9   40s
H143546 39227                       0.0136814    0.03503   156%  35.9   41s
H144100 39361                       0.0136814    0.03499   156%  35.9   41s
 154857 41133    0.02915   29   58    0.01368    0.03447   152%  35.8   45s
 175238 44571    0.01734   33   51    0.01368    0.03349   145%  35.7   50s
H188560 45255                       0.0142391    0.03295   131%  35.7   53s
H188850 45253                       0.0142391    0.03294   131%  35.7   53s
H189991 45383                       0.0142391    0.03292   131%  35.7   54s
 191433 45590    0.02427   33   52    0.01424    0.03284   131%  35.7   55s
 211384 48236    0.01658   40   49    0.01424    0.03208   125%  35.5   60s
 232049 50998    0.01508   33   54    0.01424    0.03138   120%  35.4   65s
 252394 53372    0.03010   38   52    0.01424    0.03078   116%  35.2   70s
 273414 55961    0.02204   34   54    0.01424    0.03023   112%  35.1   75s
H273605 48737                       0.0161033    0.03023  87.7%  35.1   75s
H274031 48749                       0.0161033    0.03022  87.7%  35.1   75s
 291842 49999     cutoff   34         0.01610    0.02974  84.7%  34.9   80s
 312523 51422    0.01877   34   53    0.01610    0.02921  81.4%  34.8   85s
 330167 52291     cutoff   34         0.01610    0.02875  78.6%  34.7   90s
 350679 53155 infeasible   35         0.01610    0.02825  75.4%  34.6   95s
 371157 53834     cutoff   33         0.01610    0.02778  72.5%  34.5  100s

Cutting planes:
  Gomory: 14
  Implied bound: 20
  MIR: 6
  Mixing: 1
  Flow cover: 28
  RLT: 103
  Relax-and-lift: 5
  BQP: 14

Explored 387217 nodes (13336298 simplex iterations) in 103.77 seconds (112.52 work units)
Thread count was 4 (of 4 available processors)

Solution count 10: 0.0161033 0.0161033 0.0142391 ... 0.00924806

Optimization achieved user objective limit
Best objective 1.610328971257e-02, best bound 2.742250510457e-02, gap 70.2913%
{"verdict": "PROVED", "status": "BOUND_REACHED", "runtime": 103.76982998847961, "objval": 0.016103289712570624, "objbound": 0.02742250510457374, "binaries": 46}
