Set parameter NodefileStart to value 6
Read parameters from file gurobi.env
Restricted license - for non-production use only - expires 2027-11-29
Set parameter OutputFlag to value 1
Set parameter Threads to value 4
Set parameter TimeLimit to value 360
Set parameter MIPGap to value 5e-05
Set parameter MIPFocus to value 2
Set parameter NonConvex to value 2
Set parameter BestBdStop to value 2.7426211734693878e-02
Gurobi Optimizer version 13.0.3 build v13.0.3rc0 (linux64 - "Ubuntu 24.04.5 LTS")

CPU model: AMD EPYC 9V74 80-Core Processor, instruction set [SSE2|AVX|AVX2|AVX512]
Thread count: 2 physical cores, 4 logical processors, using up to 4 threads

Non-default parameters:
TimeLimit  360
BestBdStop  2.7426211734693878e-02
MIPGap  5e-05
MIPFocus  2
NodefileStart  6
NonConvex  2
Threads  4

Optimize a model with 141 rows, 111 columns and 810 nonzeros (Max)
Model fingerprint: 0x17b4102a
Model has 1 linear objective coefficients
Model has 50 quadratic constraints
Variable types: 65 continuous, 46 integer (46 binary)
Coefficient statistics:
  Matrix range     [5e-01, 1e+00]
  QMatrix range    [1e+00, 1e+00]
  QLMatrix range   [1e+00, 1e+00]
  Objective range  [1e+00, 1e+00]
  Bounds range     [5e-01, 1e+00]
  RHS range        [1e+00, 1e+00]

Found heuristic solution: objective -0.0000000
Presolve time: 0.00s
Presolved: 341 rows, 112 columns, 1210 nonzeros
Presolved model has 50 bilinear constraint(s)

Solving non-convex MIQCP to global optimality

Variable types: 66 continuous, 46 integer (46 binary)
Root relaxation presolve removed 70 rows and 11 columns
Root relaxation presolved: 271 rows, 101 columns, 1040 nonzeros


Root relaxation: objective 7.142857e-02, 100 iterations, 0.00 seconds (0.00 work units)

    Nodes    |    Current Node    |     Objective Bounds      |     Work
 Expl Unexpl |  Obj  Depth IntInf | Incumbent    BestBd   Gap | It/Node Time

     0     0    0.07143    0   44   -0.00000    0.07143      -     -    0s
     0     0    0.07143    0   60   -0.00000    0.07143      -     -    0s
     0     0    0.07143    0   56   -0.00000    0.07143      -     -    0s
     0     0    0.07143    0   58   -0.00000    0.07143      -     -    0s
H    0     0                       0.0000001    0.07143      -     -    0s
H    0     0                       0.0000002    0.07143      -     -    0s
     0     0    0.06659    0   61    0.00000    0.06659      -     -    0s
     0     0    0.06659    0   61    0.00000    0.06659      -     -    0s
     0     0    0.06659    0   46    0.00000    0.06659      -     -    0s
     0     0    0.06659    0   44    0.00000    0.06659      -     -    0s
     0     0    0.06659    0   51    0.00000    0.06659      -     -    0s
     0     0    0.06659    0   51    0.00000    0.06659      -     -    0s
     0     2    0.06659    0   51    0.00000    0.06659      -     -    0s
*  633   619             106       0.0000002    0.06659      -  24.4    0s
*  769   708             111       0.0000003    0.06659      -  23.2    0s
H 1183   944                       0.0000003    0.06659      -  23.6    1s
H 1257   961                       0.0000003    0.06659      -  25.9    1s
* 1819  1254             115       0.0000004    0.06659      -  26.3    1s
* 1871  1233             114       0.0000005    0.06659      -  26.2    1s
* 1875  1190             116       0.0000006    0.06659      -  26.2    1s
H 2019  1223                       0.0000007    0.06659      -  26.3    1s
H 2356  1327                       0.0000007    0.06659      -  25.4    1s
H 2513  1381                       0.0000008    0.06659      -  26.0    1s
H 2815  1488                       0.0000009    0.06659      -  27.4    1s
 15102 11289    0.00029   64   33    0.00000    0.05590      -  23.8    5s
H16017 11588                       0.0000011    0.05571      -  23.5    5s
 34951 26783    0.00001   96   49    0.00000    0.05342      -  23.9   10s
 62531 47475    0.00011   80   31    0.00000    0.05143      -  23.0   15s
 88400 66396    0.00046   65   50    0.00000    0.05043      -  23.2   20s
 115891 87137    0.00098   68   43    0.00000    0.04980      -  23.1   25s
 142492 106790    0.00166   68   50    0.00000    0.04925      -  23.0   30s
H155313 115867                       0.0000012    0.04901      -  23.0   33s
 161239 120085     cutoff   96         0.00000    0.04892      -  22.9   35s
 187053 141298    0.00637   45   50    0.00000    0.04857      -  22.8   40s
 213752 158293    0.01755   41   45    0.00000    0.04819      -  22.9   45s
 240332 177069     cutoff   96         0.00000    0.04788      -  22.8   50s
 266418 195955    0.00001   85   44    0.00000    0.04754      -  22.8   55s
 292057 214354    0.00109   56   50    0.00000    0.04725      -  22.7   60s
 316855 232204    0.00281   56   50    0.00000    0.04704      -  22.8   65s
H321282 103047                       0.0031292    0.04700  1402%  22.8   66s
H322470 101617                       0.0033521    0.04699  1302%  22.8   66s
H323703 101241                       0.0034766    0.04694  1250%  22.8   67s
H325043 99996                       0.0037043    0.04691  1166%  22.8   67s
H326240 100192                       0.0037644    0.04687  1145%  22.8   67s
H327424 100801                       0.0037778    0.04685  1140%  22.9   68s
H327476 101021                       0.0037783    0.04684  1140%  22.9   68s
H328722 101472                       0.0037785    0.04683  1139%  22.9   68s
H328792 99492                       0.0040354    0.04683  1060%  22.9   68s
 332324 101610 infeasible   53         0.00404    0.04675  1058%  22.9   70s
 350914 112533     cutoff   44         0.00404    0.04635  1048%  23.1   75s
 375173 125791    0.03469   32   50    0.00404    0.04589  1037%  23.2   80s
 395767 137439    0.01231   45   54    0.00404    0.04555  1029%  23.3   85s
 419550 150533    0.01995   49   50    0.00404    0.04524  1021%  23.4   90s
 443106 163548    0.00799   52   50    0.00404    0.04494  1014%  23.5   95s
 466027 175990    0.03870   26   55    0.00404    0.04467  1007%  23.5  100s
 489561 188813    0.00459   51   50    0.00404    0.04439  1000%  23.6  105s
 512251 201291    0.02219   41   50    0.00404    0.04415   994%  23.7  110s
 535380 214002    0.02814   37   52    0.00404    0.04392   988%  23.7  115s
 555985 225338    0.00495   55   44    0.00404    0.04372   983%  23.8  120s
 579122 238091    0.00701   45   50    0.00404    0.04352   978%  23.9  125s
 602671 250745    0.02295   30   53    0.00404    0.04330   973%  23.9  130s
 626466 263344    0.00986   47   39    0.00404    0.04311   968%  24.0  135s
*630984 263514              60       0.0041777    0.04308   931%  24.0  136s
*630986 262183              61       0.0042637    0.04308   910%  24.0  136s
*630989 262031              63       0.0042738    0.04308   908%  24.0  136s
H631473 262513                       0.0042738    0.04307   908%  24.0  136s
H631571 262505                       0.0042741    0.04307   908%  24.0  136s
H632736 260595                       0.0044320    0.04306   872%  24.0  136s
H634140 261209                       0.0044321    0.04305   871%  24.0  136s
H634219 241084                       0.0057157    0.04305   653%  24.0  136s
H635232 224095                       0.0068589    0.04304   528%  24.0  137s
H636517 224416                       0.0068941    0.04304   524%  24.0  137s
H637932 179748                       0.0104994    0.04303   310%  24.0  138s
H637933 179734                       0.0105007    0.04303   310%  24.0  138s
 641367 181200    0.03854   35   53    0.01050    0.04299   309%  24.0  140s
 664741 190466    0.03569   32   56    0.01050    0.04274   307%  24.0  145s
H679431 175385                       0.0124849    0.04257   241%  24.0  148s
H679507 175389                       0.0124849    0.04257   241%  24.0  148s
H679508 175389                       0.0124849    0.04257   241%  24.0  148s
 683505 177112    0.03667   35   52    0.01248    0.04253   241%  24.0  150s
 707342 185944    0.01466   36   53    0.01248    0.04222   238%  24.0  155s
 730951 194770     cutoff   49         0.01248    0.04196   236%  24.1  160s
 752057 202455     cutoff   37         0.01248    0.04173   234%  24.1  165s
 772410 209596     cutoff   42         0.01248    0.04151   232%  24.1  170s
 795958 217859    0.01309   34   54    0.01248    0.04129   231%  24.1  175s
 819995 226489    0.02855   39   42    0.01248    0.04106   229%  24.1  180s
 844006 234721     cutoff   44         0.01248    0.04086   227%  24.1  185s
 867631 243195     cutoff   37         0.01248    0.04067   226%  24.1  190s
 890882 251376    0.03255   36   50    0.01248    0.04048   224%  24.1  195s
 912742 258860    0.01440   46   45    0.01248    0.04033   223%  24.1  200s
 935863 266811    0.01337   43   52    0.01248    0.04018   222%  24.1  205s
 959810 274876    0.03111   40   44    0.01248    0.04002   221%  24.1  210s
 981982 282208     cutoff   46         0.01248    0.03988   219%  24.1  215s
 1004228 289708    0.03723   37   53    0.01248    0.03973   218%  24.1  220s
 1026583 297121     cutoff   41         0.01248    0.03958   217%  24.1  225s
 1049217 304659    0.01854   34   55    0.01248    0.03945   216%  24.1  230s
 1070114 311681     cutoff   39         0.01248    0.03932   215%  24.1  235s
 1094405 319708    0.01474   35   51    0.01248    0.03919   214%  24.1  240s
 1118757 328109    0.01299   45   50    0.01248    0.03907   213%  24.1  245s
 1142366 335539    0.01908   37   50    0.01248    0.03894   212%  24.1  250s
 1166122 343418    0.01493   35   55    0.01248    0.03882   211%  24.1  255s
 1190410 351273     cutoff   44         0.01248    0.03871   210%  24.1  260s
 1214714 358916    0.01854   37   48    0.01248    0.03859   209%  24.1  265s
 1232997 364864    0.01390   40   44    0.01248    0.03850   208%  24.1  270s
 1255711 372079    0.01322   43   44    0.01248    0.03839   207%  24.1  275s
 1279977 379715    0.01690   43   51    0.01248    0.03826   206%  24.1  280s
 1302316 386747    0.02664   38   53    0.01248    0.03816   206%  24.1  285s
 1325336 393972    0.03383   37   52    0.01248    0.03805   205%  24.1  290s
 1350020 401710    0.02044   36   50    0.01248    0.03794   204%  24.1  295s
 1373366 409344    0.01968   42   50    0.01248    0.03784   203%  24.1  300s
 1397110 417158     cutoff   38         0.01248    0.03774   202%  24.1  305s
 1417215 423685    0.01835   35   52    0.01248    0.03765   202%  24.1  310s
 1440841 430921    0.01906   39   56    0.01248    0.03755   201%  24.3  315s
 1462944 437753    0.02836   34   54    0.01248    0.03746   200%  24.4  320s
 1485851 444680    0.01803   39   51    0.01248    0.03737   199%  24.5  325s
 1509595 451891     cutoff   43         0.01248    0.03728   199%  24.6  330s
 1533349 459042    0.02291   43   52    0.01248    0.03720   198%  24.7  335s
 1556427 466402    0.01947   37   50    0.01248    0.03712   197%  24.8  340s
 1580209 473517     cutoff   37         0.01248    0.03703   197%  24.9  345s
 1600720 479704     cutoff   37         0.01248    0.03696   196%  25.0  350s
 1623971 486581    0.02261   41   52    0.01248    0.03687   195%  25.1  355s
 1647241 493470    0.01481   44   50    0.01248    0.03679   195%  25.2  360s

Cutting planes:
  Gomory: 11
  Implied bound: 22
  MIR: 7
  Mixing: 2
  Flow cover: 67
  Inf proof: 28
  RLT: 79
  Relax-and-lift: 30
  BQP: 35

Explored 1647457 nodes (41585400 simplex iterations) in 360.00 seconds (493.13 work units)
Thread count was 4 (of 4 available processors)

Solution count 10: 0.0124849 0.0105007 0.0104994 ... 0.00417766

Time limit reached
Best objective 1.248493548012e-02, best bound 3.678784334084e-02, gap 194.6579%
{"verdict": "UNRESOLVED", "status": "TIME_LIMIT", "runtime": 360.0018639564514, "objval": 0.012484935480121966, "objbound": 0.03678784334083542, "binaries": 46}
