Set parameter NodefileStart to value 6
Read parameters from file gurobi.env
Restricted license - for non-production use only - expires 2027-11-29
Set parameter OutputFlag to value 1
Set parameter Threads to value 4
Set parameter TimeLimit to value 360
Set parameter MIPGap to value 5e-05
Set parameter MIPFocus to value 2
Set parameter NonConvex to value 2
Set parameter BestBdStop to value 2.7426211734693878e-02
Gurobi Optimizer version 13.0.3 build v13.0.3rc0 (linux64 - "Ubuntu 24.04.5 LTS")

CPU model: AMD EPYC 9V74 80-Core Processor, instruction set [SSE2|AVX|AVX2|AVX512]
Thread count: 2 physical cores, 4 logical processors, using up to 4 threads

Non-default parameters:
TimeLimit  360
BestBdStop  2.7426211734693878e-02
MIPGap  5e-05
MIPFocus  2
NodefileStart  6
NonConvex  2
Threads  4

Optimize a model with 145 rows, 115 columns and 846 nonzeros (Max)
Model fingerprint: 0xd2efb22e
Model has 1 linear objective coefficients
Model has 50 quadratic constraints
Variable types: 65 continuous, 50 integer (50 binary)
Coefficient statistics:
  Matrix range     [5e-01, 1e+00]
  QMatrix range    [1e+00, 1e+00]
  QLMatrix range   [1e+00, 1e+00]
  Objective range  [1e+00, 1e+00]
  Bounds range     [5e-01, 1e+00]
  RHS range        [1e+00, 1e+00]

Found heuristic solution: objective -0.0000000
Presolve time: 0.00s
Presolved: 345 rows, 116 columns, 1246 nonzeros
Presolved model has 50 bilinear constraint(s)

Solving non-convex MIQCP to global optimality

Variable types: 66 continuous, 50 integer (50 binary)
Root relaxation presolve removed 50 rows and 1 columns
Root relaxation presolved: 295 rows, 115 columns, 1196 nonzeros


Root relaxation: objective 8.333333e-02, 132 iterations, 0.00 seconds (0.00 work units)

    Nodes    |    Current Node    |     Objective Bounds      |     Work
 Expl Unexpl |  Obj  Depth IntInf | Incumbent    BestBd   Gap | It/Node Time

     0     0    0.08333    0   47   -0.00000    0.08333      -     -    0s
     0     0    0.06250    0   66   -0.00000    0.06250      -     -    0s
     0     0    0.06250    0   59   -0.00000    0.06250      -     -    0s
     0     0    0.05882    0   60   -0.00000    0.05882      -     -    0s
H    0     0                       0.0000000    0.05882      -     -    0s
H    0     0                       0.0000001    0.05882      -     -    0s
     0     0    0.05882    0   57    0.00000    0.05882      -     -    0s
     0     0    0.05882    0   59    0.00000    0.05882      -     -    0s
     0     0    0.05882    0   58    0.00000    0.05882      -     -    0s
     0     0    0.05882    0   54    0.00000    0.05882      -     -    0s
     0     0    0.05882    0   59    0.00000    0.05882      -     -    0s
     0     0    0.05882    0   54    0.00000    0.05882      -     -    0s
     0     0    0.05882    0   54    0.00000    0.05882      -     -    0s
     0     2    0.05882    0   54    0.00000    0.05882      -     -    0s
H  939   820                       0.0000005    0.05882      -  24.7    0s
H  954   820                       0.0000006    0.05882      -  24.7    0s
H 1138   929                       0.0036686    0.05882  1503%  26.2    1s
H 1198   926                       0.0037662    0.05557  1375%  27.7    1s
H 1280   936                       0.0086306    0.05557   544%  27.6    1s
H 1472  1039                       0.0086307    0.05557   544%  26.4    1s
H 1579   913                       0.0171624    0.05447   217%  25.9    1s
H 1597   886                       0.0171624    0.05447   217%  26.0    1s
H 2563   914                       0.0171624    0.04795   179%  28.6    1s
 16649  4553    0.02221   45   42    0.01716    0.04045   136%  34.8    5s
*26919  6875              58       0.0171933    0.03854   124%  34.7    7s
H27019  6665                       0.0178419    0.03852   116%  34.7    7s
H27021  6012                       0.0198972    0.03852  93.6%  34.7    7s
H28386  6081                       0.0201814    0.03832  89.9%  34.6    7s
H32123  6431                       0.0207216    0.03763  81.6%  34.4    8s
 39174  7331    0.03084   25   36    0.02072    0.03647  76.0%  34.2   10s
 66412 10554    0.02765   31   58    0.02072    0.03364  62.4%  33.2   15s
H73812 11355                       0.0207216    0.03305  59.5%  33.0   16s
H75124 11263                       0.0209558    0.03293  57.1%  33.0   17s
H75126 11251                       0.0209758    0.03293  57.0%  33.0   17s
 88200 12425    0.03182   29   47    0.02098    0.03208  52.9%  32.4   20s
 115418 14749    0.02172   34   45    0.02098    0.03033  44.6%  31.5   25s
 144669 17027    0.02242   32   51    0.02098    0.02886  37.6%  30.5   30s
 177282 19848     cutoff   35         0.02098    0.02762  31.7%  29.3   35s

Cutting planes:
  Gomory: 4
  Implied bound: 14
  MIR: 2
  Flow cover: 7
  RLT: 62
  Relax-and-lift: 4
  BQP: 7

Explored 184353 nodes (5355301 simplex iterations) in 36.05 seconds (45.33 work units)
Thread count was 4 (of 4 available processors)

Solution count 10: 0.0209758 0.0209558 0.0207216 ... 0.0086306

Optimization achieved user objective limit
Best objective 2.097578899817e-02, best bound 2.741644632734e-02, gap 30.7052%
{"verdict": "PROVED", "status": "BOUND_REACHED", "runtime": 36.04904890060425, "objval": 0.02097578899817112, "objbound": 0.027416446327339722, "binaries": 50}
