Set parameter NodefileStart to value 6
Read parameters from file gurobi.env
Restricted license - for non-production use only - expires 2027-11-29
Set parameter OutputFlag to value 1
Set parameter Threads to value 4
Set parameter TimeLimit to value 360
Set parameter MIPGap to value 5e-05
Set parameter MIPFocus to value 2
Set parameter NonConvex to value 2
Set parameter BestBdStop to value 2.7426211734693878e-02
Gurobi Optimizer version 13.0.3 build v13.0.3rc0 (linux64 - "Ubuntu 24.04.5 LTS")

CPU model: AMD EPYC 9V45 96-Core Processor, instruction set [SSE2|AVX|AVX2|AVX512]
Thread count: 2 physical cores, 4 logical processors, using up to 4 threads

Non-default parameters:
TimeLimit  360
BestBdStop  2.7426211734693878e-02
MIPGap  5e-05
MIPFocus  2
NodefileStart  6
NonConvex  2
Threads  4

Optimize a model with 141 rows, 111 columns and 810 nonzeros (Max)
Model fingerprint: 0xc09e3d20
Model has 1 linear objective coefficients
Model has 50 quadratic constraints
Variable types: 65 continuous, 46 integer (46 binary)
Coefficient statistics:
  Matrix range     [5e-01, 1e+00]
  QMatrix range    [1e+00, 1e+00]
  QLMatrix range   [1e+00, 1e+00]
  Objective range  [1e+00, 1e+00]
  Bounds range     [5e-01, 1e+00]
  RHS range        [1e+00, 1e+00]

Found heuristic solution: objective -0.0000000
Presolve time: 0.00s
Presolved: 341 rows, 112 columns, 1210 nonzeros
Presolved model has 50 bilinear constraint(s)

Solving non-convex MIQCP to global optimality

Variable types: 66 continuous, 46 integer (46 binary)
Root relaxation presolve removed 50 rows and 1 columns
Root relaxation presolved: 291 rows, 111 columns, 1160 nonzeros


Root relaxation: objective 8.333333e-02, 119 iterations, 0.00 seconds (0.00 work units)

    Nodes    |    Current Node    |     Objective Bounds      |     Work
 Expl Unexpl |  Obj  Depth IntInf | Incumbent    BestBd   Gap | It/Node Time

     0     0    0.08333    0   50   -0.00000    0.08333      -     -    0s
H    0     0                       0.0000000    0.08333      -     -    0s
     0     0    0.08333    0   64    0.00000    0.08333      -     -    0s
     0     0    0.08333    0   50    0.00000    0.08333      -     -    0s
     0     0    0.08333    0   50    0.00000    0.08333      -     -    0s
     0     0    0.08333    0   38    0.00000    0.08333      -     -    0s
     0     0    0.08333    0   42    0.00000    0.08333      -     -    0s
     0     0    0.07407    0   42    0.00000    0.07407      -     -    0s
     0     2    0.07407    0   42    0.00000    0.07407      -     -    0s
H   35    52                       0.0000006    0.07407      -  36.8    0s
H 1634  1154                       0.0054091    0.06515  1104%  21.9    1s
* 1639  1081              83       0.0068607    0.06515   850%  21.8    1s
H 1978  1011                       0.0068616    0.06045   781%  23.4    1s
H 2056   982                       0.0074724    0.06045   709%  24.9    1s
H 2149   997                       0.0076685    0.06045   688%  26.7    1s
H 2346  1071                       0.0076712    0.05283   589%  29.6    1s
H 3455  1322                       0.0080216    0.04844   504%  32.4    1s
H 3521  1397                       0.0080217    0.04844   504%  32.1    1s
H 3661  1435                       0.0088429    0.04782   441%  32.1    1s
H 4710  1812                       0.0094056    0.04691   399%  34.0    1s
H 9971  3958                       0.0120443    0.04420   267%  38.0    3s
H10224  3869                       0.0140648    0.04416   214%  38.1    3s
H10250  2344                       0.0223322    0.04416  97.7%  38.1    3s
H11447  2208                       0.0223322    0.04339  94.3%  37.7    3s
 17354  3504    0.02580   32   56    0.02233    0.04104  83.8%  39.0    5s
 39934  6334    0.03582   32   51    0.02233    0.03643  63.1%  39.2   10s
 65755  8687     cutoff   37         0.02233    0.03322  48.7%  37.3   15s
 85701  9832    0.02277   32   57    0.02233    0.03132  40.2%  36.0   20s
 112446 10697    0.02625   37   50    0.02233    0.02945  31.9%  34.3   25s
 140928 10768    0.02273   52   45    0.02233    0.02786  24.8%  32.9   30s

Cutting planes:
  Gomory: 15
  Implied bound: 29
  MIR: 8
  Flow cover: 61
  Inf proof: 18
  RLT: 72
  Relax-and-lift: 18
  BQP: 13

Explored 149480 nodes (4864696 simplex iterations) in 31.42 seconds (44.25 work units)
Thread count was 4 (of 4 available processors)

Solution count 10: 0.0223322 0.0140648 0.0120443 ... 0.00686162

Optimization achieved user objective limit
Best objective 2.233220571028e-02, best bound 2.741823762680e-02, gap 22.7744%
{"verdict": "PROVED", "status": "BOUND_REACHED", "runtime": 31.420207023620605, "objval": 0.022332205710278122, "objbound": 0.027418237626798257, "binaries": 46}
