Set parameter NodefileStart to value 6
Read parameters from file gurobi.env
Restricted license - for non-production use only - expires 2027-11-29
Set parameter OutputFlag to value 1
Set parameter Threads to value 4
Set parameter TimeLimit to value 360
Set parameter MIPGap to value 5e-05
Set parameter MIPFocus to value 2
Set parameter NonConvex to value 2
Set parameter BestBdStop to value 2.7426211734693878e-02
Gurobi Optimizer version 13.0.3 build v13.0.3rc0 (linux64 - "Ubuntu 24.04.5 LTS")

CPU model: AMD EPYC 7763 64-Core Processor, instruction set [SSE2|AVX|AVX2]
Thread count: 2 physical cores, 4 logical processors, using up to 4 threads

Non-default parameters:
TimeLimit  360
BestBdStop  2.7426211734693878e-02
MIPGap  5e-05
MIPFocus  2
NodefileStart  6
NonConvex  2
Threads  4

Optimize a model with 153 rows, 123 columns and 897 nonzeros (Max)
Model fingerprint: 0xb6ce3ca1
Model has 1 linear objective coefficients
Model has 50 quadratic constraints
Variable types: 65 continuous, 58 integer (58 binary)
Coefficient statistics:
  Matrix range     [5e-01, 1e+00]
  QMatrix range    [1e+00, 1e+00]
  QLMatrix range   [1e+00, 1e+00]
  Objective range  [1e+00, 1e+00]
  Bounds range     [5e-01, 1e+00]
  RHS range        [1e+00, 1e+00]

Found heuristic solution: objective -0.0000000
Presolve time: 0.00s
Presolved: 353 rows, 124 columns, 1297 nonzeros
Presolved model has 50 bilinear constraint(s)

Solving non-convex MIQCP to global optimality

Variable types: 66 continuous, 58 integer (58 binary)
Root relaxation presolve removed 82 rows and 17 columns
Root relaxation presolved: 271 rows, 107 columns, 1059 nonzeros


Root relaxation: objective 1.000000e-01, 107 iterations, 0.00 seconds (0.00 work units)

    Nodes    |    Current Node    |     Objective Bounds      |     Work
 Expl Unexpl |  Obj  Depth IntInf | Incumbent    BestBd   Gap | It/Node Time

     0     0    0.10000    0   59   -0.00000    0.10000      -     -    0s
     0     0    0.07692    0   74   -0.00000    0.07692      -     -    0s
     0     0    0.06250    0   59   -0.00000    0.06250      -     -    0s
     0     0    0.06250    0   59   -0.00000    0.06250      -     -    0s
     0     0    0.06250    0   54   -0.00000    0.06250      -     -    0s
     0     0    0.06250    0   50   -0.00000    0.06250      -     -    0s
     0     0    0.06250    0   70   -0.00000    0.06250      -     -    0s
     0     0    0.06250    0   50   -0.00000    0.06250      -     -    0s
H    0     0                       0.0000000    0.06250      -     -    0s
     0     0    0.06250    0   65    0.00000    0.06250      -     -    0s
     0     0    0.06250    0   61    0.00000    0.06250      -     -    0s
     0     0    0.06250    0   52    0.00000    0.06250      -     -    0s
     0     0    0.06250    0   67    0.00000    0.06250      -     -    0s
     0     0    0.06250    0   66    0.00000    0.06250      -     -    0s
     0     0    0.06250    0   48    0.00000    0.06250      -     -    0s
     0     0    0.06250    0   48    0.00000    0.06250      -     -    0s
     0     2    0.06250    0   48    0.00000    0.06250      -     -    0s
H 1172   926                       0.0000003    0.06250      -  25.7    1s
H 1440  1047                       0.0021618    0.05091  2255%  27.1    2s
H 1468  1002                       0.0025962    0.05091  1861%  26.9    2s
H 1497   950                       0.0026588    0.05091  1815%  26.6    2s
H 1765  1013                       0.0044787    0.05082  1035%  26.0    2s
H 2187  1032                       0.0046078    0.05082  1003%  25.3    2s
H 2593  1053                       0.0052509    0.04567   770%  26.0    2s
H 2739  1043                       0.0054137    0.04567   744%  26.9    2s
H 3748  1253                       0.0059413    0.04221   610%  27.5    2s
H 4963  1672                       0.0073235    0.04076   457%  29.2    3s
H 4985  1580                       0.0081837    0.04076   398%  29.1    3s
H 6004  1813                       0.0082330    0.03978   383%  29.3    3s
 10034  3121    0.01815   33   48    0.00823    0.03480   323%  30.5    5s
H13824  4040                       0.0083960    0.03197   281%  31.1    6s
H16372  4670                       0.0083960    0.03081   267%  31.1    7s
 24830  6844    0.01881   31   64    0.00840    0.02832   237%  30.9   10s

Cutting planes:
  Gomory: 26
  Implied bound: 3
  MIR: 2
  Flow cover: 10
  RLT: 76
  Relax-and-lift: 10
  BQP: 18

Explored 30479 nodes (938220 simplex iterations) in 11.64 seconds (10.72 work units)
Thread count was 4 (of 4 available processors)

Solution count 10: 0.00839601 0.00823299 0.00818367 ... 0.00265878

Optimization achieved user objective limit
Best objective 8.396005840773e-03, best bound 2.734518015181e-02, gap 225.6927%
{"verdict": "PROVED", "status": "BOUND_REACHED", "runtime": 11.641490936279297, "objval": 0.008396005840773324, "objbound": 0.027345180151812965, "binaries": 58}
