Set parameter NodefileStart to value 6
Read parameters from file gurobi.env
Restricted license - for non-production use only - expires 2027-11-29
Set parameter OutputFlag to value 1
Set parameter Threads to value 4
Set parameter TimeLimit to value 360
Set parameter MIPGap to value 5e-05
Set parameter MIPFocus to value 2
Set parameter NonConvex to value 2
Set parameter BestBdStop to value 2.7426211734693878e-02
Gurobi Optimizer version 13.0.3 build v13.0.3rc0 (linux64 - "Ubuntu 24.04.5 LTS")

CPU model: AMD EPYC 7763 64-Core Processor, instruction set [SSE2|AVX|AVX2]
Thread count: 2 physical cores, 4 logical processors, using up to 4 threads

Non-default parameters:
TimeLimit  360
BestBdStop  2.7426211734693878e-02
MIPGap  5e-05
MIPFocus  2
NodefileStart  6
NonConvex  2
Threads  4

Optimize a model with 141 rows, 111 columns and 810 nonzeros (Max)
Model fingerprint: 0xf796c573
Model has 1 linear objective coefficients
Model has 50 quadratic constraints
Variable types: 65 continuous, 46 integer (46 binary)
Coefficient statistics:
  Matrix range     [5e-01, 1e+00]
  QMatrix range    [1e+00, 1e+00]
  QLMatrix range   [1e+00, 1e+00]
  Objective range  [1e+00, 1e+00]
  Bounds range     [5e-01, 1e+00]
  RHS range        [1e+00, 1e+00]

Found heuristic solution: objective -0.0000000
Presolve time: 0.00s
Presolved: 341 rows, 112 columns, 1210 nonzeros
Presolved model has 50 bilinear constraint(s)

Solving non-convex MIQCP to global optimality

Variable types: 66 continuous, 46 integer (46 binary)
Root relaxation presolve removed 70 rows and 11 columns
Root relaxation presolved: 271 rows, 101 columns, 1040 nonzeros


Root relaxation: objective 7.142857e-02, 101 iterations, 0.00 seconds (0.00 work units)

    Nodes    |    Current Node    |     Objective Bounds      |     Work
 Expl Unexpl |  Obj  Depth IntInf | Incumbent    BestBd   Gap | It/Node Time

     0     0    0.07143    0   50   -0.00000    0.07143      -     -    0s
     0     0    0.07143    0   57   -0.00000    0.07143      -     -    0s
     0     0    0.07143    0   62   -0.00000    0.07143      -     -    0s
     0     0    0.07143    0   48   -0.00000    0.07143      -     -    0s
H    0     0                       0.0000000    0.07143      -     -    0s
H    0     0                       0.0000000    0.07143      -     -    0s
     0     0    0.06667    0   53    0.00000    0.06667      -     -    0s
     0     0    0.06667    0   51    0.00000    0.06667      -     -    0s
     0     0    0.06667    0   57    0.00000    0.06667      -     -    0s
     0     0    0.06667    0   47    0.00000    0.06667      -     -    0s
     0     0    0.06667    0   47    0.00000    0.06667      -     -    0s
     0     2    0.06667    0   47    0.00000    0.06667      -     -    0s
*  590   548              92       0.0000001    0.06667      -  30.2    0s
*  594   548              94       0.0000001    0.06667      -  30.1    0s
H 1176   976                       0.0000004    0.06667      -  31.7    1s
H 1943  1348                       0.0000005    0.06635      -  34.5    2s
* 5975  3802              82       0.0000005    0.05594      -  36.1    3s
* 9593  6563              76       0.0000006    0.05419      -  34.3    4s
 10619  7213    0.02738   30   62    0.00000    0.05361      -  34.3    5s
*11729  8412              83       0.0000006    0.05343      -  34.7    6s
*19311 13785              95       0.0000006    0.05168      -  34.0    8s
 20501 17179    0.00060   55   53    0.00000    0.05154      -  34.0   10s
*35674 25031              99       0.0000007    0.04981      -  33.8   14s
H36969 25530                       0.0000011    0.04981      -  33.8   14s
 37706 26079 infeasible   38         0.00000    0.04967      -  33.7   15s
 54286 37321    0.02972   38   52    0.00000    0.04882      -  33.7   20s
 73168 50361    0.01384   32   46    0.00000    0.04785      -  33.4   25s
 91239 62555    0.00162   48   50    0.00000    0.04702      -  33.5   30s
 109422 74899    0.00029   58   40    0.00000    0.04629      -  33.5   35s
 127050 87187    0.01050   41   44    0.00000    0.04587      -  33.7   40s
 145071 99274    0.00000   82   32    0.00000    0.04548      -  33.8   45s
 163438 110823    0.00044   60   52    0.00000    0.04516      -  33.8   50s
 183633 124260    0.00037   60   50    0.00000    0.04484      -  33.6   55s
 197531 134676    0.00262   41   37    0.00000    0.04455      -  33.7   60s
 217402 146754    0.00345   52   51    0.00000    0.04422      -  33.7   65s
 235982 159097    0.00070   54   50    0.00000    0.04395      -  33.6   70s
 253945 170948    0.04341   34   52    0.00000    0.04371      -  33.7   75s
 271979 182612    0.00000   86   44    0.00000    0.04353      -  33.7   80s
 290695 195020     cutoff   89         0.00000    0.04335      -  33.8   85s
 307838 206557    0.00044   56   51    0.00000    0.04316      -  33.8   90s
 325261 218009    0.00014   44   44    0.00000    0.04297      -  34.0   95s
 340842 228174    0.00021   66   50    0.00000    0.04288      -  34.0  100s
 358543 239786 infeasible   76         0.00000    0.04273      -  34.0  105s
 377322 251900    0.00163   48   49    0.00000    0.04255      -  34.0  110s
 392731 262032    0.02859   37   50    0.00000    0.04243      -  34.1  115s
 405462 270469    0.00284   50   50    0.00000    0.04234      -  34.2  120s
 421680 281150    0.00002   56   48    0.00000    0.04225      -  34.3  125s
 435953 290016    0.00048   66   51    0.00000    0.04214      -  34.2  130s
 451149 300563    0.00042   62   52    0.00000    0.04204      -  34.3  135s
 468832 311531    0.00000   78   41    0.00000    0.04190      -  34.3  140s
 487572 323800    0.00054   43   57    0.00000    0.04173      -  34.3  145s
 505556 335675    0.03822   31   57    0.00000    0.04163      -  34.3  150s
 523457 346829    0.00641   34   31    0.00000    0.04152      -  34.3  155s
 540687 357996    0.00000   84   47    0.00000    0.04141      -  34.4  160s
 558648 369433    0.00002   79   50    0.00000    0.04130      -  34.4  165s
 575541 380455    0.00156   54   36    0.00000    0.04122      -  34.3  170s
 594003 392270    0.01556   48   46    0.00000    0.04111      -  34.3  175s
 611339 403454    0.00005   62   50    0.00000    0.04102      -  34.3  180s
 628739 414520    0.00844   35   50    0.00000    0.04092      -  34.3  185s
 646942 425878    0.00047   57   51    0.00000    0.04081      -  34.3  190s
 665281 438068    0.00001   78   50    0.00000    0.04073      -  34.3  195s
 682636 449247     cutoff   53         0.00000    0.04067      -  34.3  200s
 699229 459864    0.00000   97   42    0.00000    0.04061      -  34.3  205s
 716382 470714     cutoff   30         0.00000    0.04052      -  34.2  210s
 735370 483133    0.00000   94   44    0.00000    0.04044      -  34.3  215s
 753605 494684    0.00000   72   31    0.00000    0.04036      -  34.2  220s
 769754 505015     cutoff   68         0.00000    0.04028      -  34.2  225s
 787481 516554 infeasible   81         0.00000    0.04021      -  34.2  230s
 805372 527949    0.02751   35   51    0.00000    0.04014      -  34.2  235s
 822435 540516    0.01478   38   42    0.00000    0.04006      -  34.2  240s
 839287 549275    0.00002   83   52    0.00000    0.03999      -  34.3  245s
 853631 558446    0.00000   66   37    0.00000    0.03994      -  34.3  250s
 870870 569722    0.00115   46   50    0.00000    0.03987      -  34.3  255s
 888226 580651    0.00000   97   34    0.00000    0.03981      -  34.3  260s
 906919 592507     cutoff   46         0.00000    0.03975      -  34.3  265s
 923846 602972     cutoff   43         0.00000    0.03968      -  34.3  270s
 941861 614433    0.00388   49   50    0.00000    0.03962      -  34.3  275s
 958716 624891    0.00000  100   48    0.00000    0.03956      -  34.2  280s
 975326 635224    0.02087   39   52    0.00000    0.03950      -  34.2  285s
 992547 646222    0.00028   49   43    0.00000    0.03945      -  34.2  290s
 1010388 657677    0.00002   74   49    0.00000    0.03941      -  34.2  295s
 1027416 668302    0.02053   41   53    0.00000    0.03937      -  34.2  300s
 1043436 679453    0.00068   52   50    0.00000    0.03935      -  34.3  305s
 1062328 691329    0.00030   68   52    0.00000    0.03931      -  34.3  310s
 1077332 700783    0.00000   63   30    0.00000    0.03928      -  34.3  315s
 1095242 711766    0.03695   35   54    0.00000    0.03923      -  34.3  320s
 1111461 722022    0.02817   39   51    0.00000    0.03919      -  34.3  325s
 1130468 733578     cutoff   48         0.00000    0.03914      -  34.3  330s
 1148259 745116    0.00001   88   49    0.00000    0.03910      -  34.3  335s
 1165743 755902    0.01567   45   50    0.00000    0.03906      -  34.3  340s
 1183915 767373    0.02543   42   54    0.00000    0.03902      -  34.3  345s
 1201713 778079    0.00000   81   38    0.00000    0.03897      -  34.2  350s
 1217697 787945    0.00016   61   45    0.00000    0.03894      -  34.2  355s
 1234877 798937    0.00006   55   50    0.00000    0.03890      -  34.2  360s

Cutting planes:
  Gomory: 22
  Lift-and-project: 1
  Implied bound: 32
  MIR: 9
  Mixing: 1
  Flow cover: 81
  Inf proof: 7
  RLT: 104
  Relax-and-lift: 28
  BQP: 30

Explored 1235305 nodes (42292008 simplex iterations) in 360.00 seconds (388.01 work units)
Thread count was 4 (of 4 available processors)

Solution count 10: 1.12539e-06 7.47859e-07 6.48786e-07 ... 2.50583e-08

Time limit reached
Best objective 1.125387394823e-06, best bound 3.890010778628e-02, gap 3456497.0763%
{"verdict": "UNRESOLVED", "status": "TIME_LIMIT", "runtime": 360.0035059452057, "objval": 1.1253873948232468e-06, "objbound": 0.03890010778628232, "binaries": 46}
