Set parameter NodefileStart to value 6
Read parameters from file gurobi.env
Restricted license - for non-production use only - expires 2027-11-29
Set parameter OutputFlag to value 1
Set parameter Threads to value 4
Set parameter TimeLimit to value 360
Set parameter MIPGap to value 5e-05
Set parameter MIPFocus to value 2
Set parameter NonConvex to value 2
Set parameter BestBdStop to value 2.7426211734693878e-02
Gurobi Optimizer version 13.0.3 build v13.0.3rc0 (linux64 - "Ubuntu 24.04.5 LTS")

CPU model: AMD EPYC 7763 64-Core Processor, instruction set [SSE2|AVX|AVX2]
Thread count: 2 physical cores, 4 logical processors, using up to 4 threads

Non-default parameters:
TimeLimit  360
BestBdStop  2.7426211734693878e-02
MIPGap  5e-05
MIPFocus  2
NodefileStart  6
NonConvex  2
Threads  4

Optimize a model with 141 rows, 111 columns and 810 nonzeros (Max)
Model fingerprint: 0x01b2c805
Model has 1 linear objective coefficients
Model has 50 quadratic constraints
Variable types: 65 continuous, 46 integer (46 binary)
Coefficient statistics:
  Matrix range     [5e-01, 1e+00]
  QMatrix range    [1e+00, 1e+00]
  QLMatrix range   [1e+00, 1e+00]
  Objective range  [1e+00, 1e+00]
  Bounds range     [5e-01, 1e+00]
  RHS range        [1e+00, 1e+00]

Found heuristic solution: objective -0.0000000
Presolve time: 0.00s
Presolved: 341 rows, 112 columns, 1210 nonzeros
Presolved model has 50 bilinear constraint(s)

Solving non-convex MIQCP to global optimality

Variable types: 66 continuous, 46 integer (46 binary)
Root relaxation presolve removed 50 rows and 1 columns
Root relaxation presolved: 291 rows, 111 columns, 1160 nonzeros


Root relaxation: objective 8.333333e-02, 128 iterations, 0.00 seconds (0.00 work units)

    Nodes    |    Current Node    |     Objective Bounds      |     Work
 Expl Unexpl |  Obj  Depth IntInf | Incumbent    BestBd   Gap | It/Node Time

     0     0    0.08333    0   56   -0.00000    0.08333      -     -    0s
     0     0    0.07143    0   63   -0.00000    0.07143      -     -    0s
     0     0    0.07143    0   57   -0.00000    0.07143      -     -    0s
     0     0    0.07143    0   57   -0.00000    0.07143      -     -    0s
     0     0    0.07143    0   70   -0.00000    0.07143      -     -    0s
     0     0    0.07143    0   50   -0.00000    0.07143      -     -    0s
     0     0    0.07143    0   46   -0.00000    0.07143      -     -    0s
     0     0    0.07143    0   51   -0.00000    0.07143      -     -    0s
     0     0    0.07143    0   51   -0.00000    0.07143      -     -    0s
     0     2    0.07143    0   51   -0.00000    0.07143      -     -    0s
* 1010   955              99       0.0000000    0.07143      -  18.9    0s
H 1165   991                       0.0000006    0.04857      -  18.6    1s
H 1330  1060                       0.0000007    0.04414      -  20.4    2s
H 1967  1238                       0.0017015    0.04414  2494%  17.3    2s
H 2054  1151                       0.0017015    0.04414  2494%  16.9    2s
H 2100  1092                       0.0017093    0.04414  2483%  16.8    2s
* 2116  1046             142       0.0017119    0.04414  2479%  16.7    2s
* 2118  1006             142       0.0017121    0.04414  2478%  16.7    2s
* 2119   968             142       0.0017121    0.04414  2478%  16.7    2s
H 3204  1310                       0.0019166    0.04414  2203%  18.8    2s
H 3418  1563                       0.0019169    0.04414  2203%  18.7    2s
H 4501  2256                       0.0022480    0.04414  1864%  19.7    3s
H 4818  2222                       0.0028063    0.04414  1473%  19.7    3s
 12928  6817    0.02663   27   53    0.00281    0.04414  1473%  21.1    5s
H16704  7985                       0.0038582    0.04359  1030%  21.2    5s
H21383 10248                       0.0042803    0.04284   901%  21.5    7s
 30942 15790    0.00672   45   50    0.00428    0.04200   881%  22.1   10s
H34400 15982                       0.0053838    0.04168   674%  22.1   10s
H34403 15813                       0.0055340    0.04168   653%  22.1   10s
 50950 24331    0.03690   28   54    0.00553    0.04056   633%  22.3   15s
*55189 25834             115       0.0059396    0.04041   580%  22.5   15s
*55192 25834             115       0.0059396    0.04041   580%  22.5   15s
*55195 25834             114       0.0059397    0.04041   580%  22.5   15s
 75277 36206    0.03147   28   53    0.00594    0.03952   565%  22.6   20s
H85788 31134                       0.0104921    0.03919   274%  22.7   22s
 99340 36802    0.03057   40   47    0.01049    0.03855   267%  22.6   25s
H101872 37564                       0.0104936    0.03843   266%  22.6   25s
H101924 37744                       0.0104936    0.03843   266%  22.6   25s
 123131 46087     cutoff   40         0.01049    0.03769   259%  22.6   30s
 144662 54269    0.01071   38   50    0.01049    0.03721   255%  22.9   35s
 170750 63676    0.02570   41   57    0.01049    0.03660   249%  23.6   40s
 192374 72150    0.01658   39   56    0.01049    0.03619   245%  24.1   45s
 218305 81814    0.01332   38   50    0.01049    0.03574   241%  24.5   50s
 243868 91709    0.03179   31   50    0.01049    0.03540   237%  24.8   55s
 269719 101707    0.01699   39   60    0.01049    0.03510   234%  25.0   60s
H278347 104954                       0.0104937    0.03504   234%  25.1   61s
 292457 110338    0.02026   40   52    0.01049    0.03489   232%  25.2   65s
 315190 118736    0.02519   38   55    0.01049    0.03467   230%  25.3   70s
 340271 128078    0.01589   39   56    0.01049    0.03444   228%  25.5   75s
 362096 135595    0.01057   46   50    0.01049    0.03421   226%  25.6   80s
 387666 144653     cutoff   50         0.01049    0.03398   224%  25.7   85s
 413283 153960    0.02131   31   45    0.01049    0.03378   222%  25.7   90s
 438423 162910    0.01077   41   44    0.01049    0.03363   220%  25.8   95s
 463883 171922     cutoff   52         0.01049    0.03344   219%  25.9  100s
 489870 180840    0.01136   49   52    0.01049    0.03326   217%  25.9  105s
 515231 190226    0.02012   44   60    0.01049    0.03314   216%  26.0  110s
 541538 199406    0.02133   41   47    0.01049    0.03299   214%  26.0  115s
 562257 207125     cutoff   52         0.01049    0.03289   213%  26.1  120s
 586924 216503    0.01304   43   56    0.01049    0.03284   213%  26.1  125s
 612746 225378    0.02581   36   51    0.01049    0.03272   212%  26.1  130s
 638207 234193    0.03208   38   54    0.01049    0.03260   211%  26.2  135s
 663839 242834    0.02046   47   48    0.01049    0.03250   210%  26.2  140s
 689466 251509    0.01636   43   51    0.01049    0.03239   209%  26.3  145s
 714912 259987 infeasible   45         0.01049    0.03226   207%  26.3  150s
 740467 268638    0.01685   35   53    0.01049    0.03214   206%  26.3  155s
 765802 277192     cutoff   47         0.01049    0.03201   205%  26.3  160s
 785746 284141    0.02752   34   54    0.01049    0.03193   204%  26.3  165s
 810063 292441     cutoff   44         0.01049    0.03184   203%  26.3  170s
 833510 300771    0.01649   45   53    0.01049    0.03176   203%  26.3  175s
 856232 308314    0.02837   41   53    0.01049    0.03170   202%  26.3  180s
 879452 316117    0.01390   55   53    0.01049    0.03162   201%  26.3  185s
 903835 323905    0.01351   43   54    0.01049    0.03153   200%  26.3  190s
 925975 331619    0.02289   34   56    0.01049    0.03145   200%  26.3  195s
 952159 340503    0.01472   38   50    0.01049    0.03136   199%  26.3  200s
 978153 349246    0.02650   37   52    0.01049    0.03129   198%  26.3  205s
 999565 356250     cutoff   46         0.01049    0.03122   198%  26.4  210s
 1026001 365367    0.01098   44   43    0.01049    0.03113   197%  26.4  215s
 1051698 374297    0.01845   34   57    0.01049    0.03106   196%  26.4  220s
 1077192 383153     cutoff   44         0.01049    0.03100   195%  26.4  225s
 1103325 391741    0.02404   32   52    0.01049    0.03094   195%  26.4  230s
 1129200 399732    0.01697   48   51    0.01049    0.03087   194%  26.4  235s
 1155068 408292    0.01117   42   51    0.01049    0.03080   194%  26.4  240s
 1181560 416563    0.01304   43   48    0.01049    0.03073   193%  26.4  245s
 1203875 424089    0.01327   42   52    0.01049    0.03067   192%  26.4  250s
 1230852 432741    0.03059   38   46    0.01049    0.03059   192%  26.4  255s
 1257374 441122     cutoff   46         0.01049    0.03052   191%  26.4  260s
 1283316 449746    0.02310   38   54    0.01049    0.03046   190%  26.4  265s
 1308718 457794    0.01396   39   53    0.01049    0.03040   190%  26.4  270s
 1334440 465980    0.01198   44   56    0.01049    0.03034   189%  26.4  275s
 1360352 474256     cutoff   44         0.01049    0.03028   189%  26.4  280s
 1385842 482580    0.01079   43   45    0.01049    0.03022   188%  26.4  285s
 1407499 488958     cutoff   44         0.01049    0.03016   187%  26.4  290s
 1432487 496664    0.01181   45   52    0.01049    0.03011   187%  26.3  295s
 1457912 504917    0.01146   40   54    0.01049    0.03005   186%  26.4  300s
 1483824 513748    0.02743   36   58    0.01049    0.03000   186%  26.4  305s
 1509008 522012     cutoff   45         0.01049    0.02995   185%  26.4  310s
 1531834 529094    0.01128   43   51    0.01049    0.02990   185%  26.4  315s
 1556889 536958    0.01949   42   52    0.01049    0.02986   185%  26.4  320s
 1582723 545317    0.01447   47   50    0.01049    0.02981   184%  26.4  325s
 1606981 553053     cutoff   45         0.01049    0.02976   184%  26.4  330s
 1629408 560364     cutoff   43         0.01049    0.02971   183%  26.4  335s
 1654927 568351    0.01118   44   54    0.01049    0.02966   183%  26.4  340s
 1680651 576589    0.02961   33   54    0.01049    0.02961   182%  26.4  345s
 1706159 584746     cutoff   49         0.01049    0.02956   182%  26.4  350s
 1731372 592522    0.02934   33   63    0.01049    0.02952   181%  26.5  355s
 1757610 600738    0.02008   42   51    0.01049    0.02948   181%  26.4  360s

Cutting planes:
  Gomory: 8
  Implied bound: 13
  Flow cover: 7
  RLT: 67
  Relax-and-lift: 1
  BQP: 28

Explored 1757797 nodes (46487186 simplex iterations) in 360.00 seconds (387.37 work units)
Thread count was 4 (of 4 available processors)

Solution count 10: 0.0104937 0.0104921 0.00593969 ... 0.00191691

Time limit reached
Best objective 1.049365512144e-02, best bound 2.947572754545e-02, gap 180.8909%
{"verdict": "UNRESOLVED", "status": "TIME_LIMIT", "runtime": 360.002445936203, "objval": 0.010493655121435713, "objbound": 0.029475727545451278, "binaries": 46}
