Set parameter NodefileStart to value 6
Read parameters from file gurobi.env
Restricted license - for non-production use only - expires 2027-11-29
Set parameter OutputFlag to value 1
Set parameter Threads to value 4
Set parameter TimeLimit to value 360
Set parameter MIPGap to value 5e-05
Set parameter MIPFocus to value 2
Set parameter NonConvex to value 2
Set parameter BestBdStop to value 2.7426211734693878e-02
Gurobi Optimizer version 13.0.3 build v13.0.3rc0 (linux64 - "Ubuntu 24.04.5 LTS")

CPU model: AMD EPYC 7763 64-Core Processor, instruction set [SSE2|AVX|AVX2]
Thread count: 2 physical cores, 4 logical processors, using up to 4 threads

Non-default parameters:
TimeLimit  360
BestBdStop  2.7426211734693878e-02
MIPGap  5e-05
MIPFocus  2
NodefileStart  6
NonConvex  2
Threads  4

Optimize a model with 141 rows, 111 columns and 810 nonzeros (Max)
Model fingerprint: 0x331075fb
Model has 1 linear objective coefficients
Model has 50 quadratic constraints
Variable types: 65 continuous, 46 integer (46 binary)
Coefficient statistics:
  Matrix range     [5e-01, 1e+00]
  QMatrix range    [1e+00, 1e+00]
  QLMatrix range   [1e+00, 1e+00]
  Objective range  [1e+00, 1e+00]
  Bounds range     [5e-01, 1e+00]
  RHS range        [1e+00, 1e+00]

Found heuristic solution: objective -0.0000000
Presolve time: 0.00s
Presolved: 341 rows, 112 columns, 1210 nonzeros
Presolved model has 50 bilinear constraint(s)

Solving non-convex MIQCP to global optimality

Variable types: 66 continuous, 46 integer (46 binary)
Found heuristic solution: objective 0.0000000
Root relaxation presolve removed 50 rows and 1 columns
Root relaxation presolved: 291 rows, 111 columns, 1160 nonzeros


Root relaxation: objective 8.333333e-02, 116 iterations, 0.00 seconds (0.00 work units)

    Nodes    |    Current Node    |     Objective Bounds      |     Work
 Expl Unexpl |  Obj  Depth IntInf | Incumbent    BestBd   Gap | It/Node Time

     0     0    0.08333    0   50    0.00000    0.08333      -     -    0s
     0     0    0.07143    0   61    0.00000    0.07143      -     -    0s
     0     0    0.07143    0   54    0.00000    0.07143      -     -    0s
     0     0    0.07143    0   62    0.00000    0.07143      -     -    0s
     0     0    0.07143    0   58    0.00000    0.07143      -     -    0s
     0     0    0.07143    0   56    0.00000    0.07143      -     -    0s
     0     0    0.07143    0   53    0.00000    0.07143      -     -    0s
H    0     0                       0.0000000    0.07143      -     -    0s
     0     0    0.07143    0   52    0.00000    0.07143      -     -    0s
     0     0    0.07143    0   54    0.00000    0.07143      -     -    0s
     0     0    0.07143    0   54    0.00000    0.07143      -     -    0s
     0     0    0.07143    0   54    0.00000    0.07143      -     -    0s
     0     2    0.07143    0   54    0.00000    0.07143      -     -    0s
*  588   538              98       0.0000001    0.07143      -  22.9    0s
H 1065   921                       0.0000002    0.07143      -  23.9    0s
H 1134   928                       0.0000002    0.07143      -  24.6    1s
H 1138   883                       0.0000004    0.07143      -  24.5    1s
H 1142   842                       0.0000005    0.07143      -  24.4    1s
H 1494  1107                       0.0035795    0.06689  1769%  24.7    1s
H 1631  1005                       0.0089948    0.06689   644%  22.9    1s
H 2040  1073                       0.0089948    0.06204   590%  24.5    1s
H 2093  1108                       0.0089948    0.06204   590%  25.1    1s
H 2316  1029                       0.0100527    0.06204   517%  25.3    1s
* 2328   986              94       0.0100540    0.06040   501%  25.2    1s
H 2455  1013                       0.0100540    0.05816   479%  25.7    1s
H 3589  1417                       0.0105533    0.05121   385%  29.2    2s
H 3653  1450                       0.0106348    0.05121   382%  29.6    2s
H 3701  1484                       0.0106348    0.05121   382%  29.7    2s
H 5421  1890                       0.0151952    0.04828   218%  32.2    3s
H 7731  2602                       0.0166968    0.04648   178%  33.5    3s
H 7978  2683                       0.0166968    0.04639   178%  33.5    3s
H 9355  3037                       0.0166968    0.04530   171%  34.3    4s
 11020  3553    0.01689   34   53    0.01670    0.04450   167%  35.2    5s
*14629  4421              53       0.0167364    0.04294   157%  35.6    5s
*15283  4573              85       0.0188853    0.04287   127%  35.4    6s
*15285  4468              86       0.0193782    0.04287   121%  35.4    6s
*15295  4444              89       0.0194762    0.04287   120%  35.4    6s
*15298  4444              91       0.0194827    0.04287   120%  35.4    6s
H15612  4459                       0.0194827    0.04282   120%  35.3    6s
H19902  5328                       0.0194827    0.04162   114%  35.7    7s
H23561  6014                       0.0198200    0.04072   105%  35.9    8s
H23663  6090                       0.0198200    0.04072   105%  35.9    8s
 28547  6890    0.02113   28   53    0.01982    0.03960   100%  35.8   10s
H36817  7700                       0.0210685    0.03825  81.5%  35.7   12s
 47491  9241     cutoff   26         0.02107    0.03682  74.8%  35.6   15s
H59583 10643                       0.0211491    0.03518  66.4%  35.0   17s
 69464 12050    0.02390   47   49    0.02115    0.03429  62.1%  34.4   20s
H69980 12095                       0.0211491    0.03425  62.0%  34.3   20s
H70221 12136                       0.0211491    0.03423  61.8%  34.3   20s
 91356 14657    0.02844   42   53    0.02115    0.03271  54.7%  33.4   25s
 115545 17670    0.02218   31   49    0.02115    0.03137  48.3%  32.3   30s
 141731 21177    0.02339   45   51    0.02115    0.03051  44.2%  31.2   35s
 164804 24103    0.02144   51   55    0.02115    0.02998  41.8%  30.3   40s
 191154 27473     cutoff   38         0.02115    0.02957  39.8%  29.5   45s
H198442 24097                       0.0224973    0.02945  30.9%  29.3   46s
 216379 25558     cutoff   44         0.02250    0.02913  29.5%  28.9   50s
H237616 27259                       0.0224973    0.02885  28.2%  28.3   53s
H237671 27295                       0.0224974    0.02885  28.2%  28.3   53s
 242770 27617     cutoff   53         0.02250    0.02878  27.9%  28.2   55s
 267175 29323     cutoff   35         0.02250    0.02848  26.6%  27.7   60s
 295162 30825    0.02786   34   42    0.02250    0.02817  25.2%  27.2   65s
 321281 32282     cutoff   49         0.02250    0.02790  24.0%  26.9   70s
 346509 33500    0.02557   39   57    0.02250    0.02764  22.9%  26.5   75s

Cutting planes:
  Gomory: 8
  Implied bound: 5
  Flow cover: 2
  RLT: 53
  Relax-and-lift: 1
  BQP: 16

Explored 371360 nodes (9740962 simplex iterations) in 80.00 seconds (84.24 work units)
Thread count was 4 (of 4 available processors)

Solution count 10: 0.0224974 0.0211491 0.0210685 ... 0.0166968

Optimization achieved user objective limit
Best objective 2.249734468079e-02, best bound 2.742411780694e-02, gap 21.8994%
{"verdict": "PROVED", "status": "BOUND_REACHED", "runtime": 80.00322890281677, "objval": 0.02249734468079322, "objbound": 0.027424117806944374, "binaries": 46}
