Set parameter NodefileStart to value 6
Read parameters from file gurobi.env
Restricted license - for non-production use only - expires 2027-11-29
Set parameter OutputFlag to value 1
Set parameter Threads to value 4
Set parameter TimeLimit to value 360
Set parameter MIPGap to value 5e-05
Set parameter MIPFocus to value 2
Set parameter NonConvex to value 2
Set parameter BestBdStop to value 2.7426211734693878e-02
Gurobi Optimizer version 13.0.3 build v13.0.3rc0 (linux64 - "Ubuntu 24.04.5 LTS")

CPU model: AMD EPYC 7763 64-Core Processor, instruction set [SSE2|AVX|AVX2]
Thread count: 2 physical cores, 4 logical processors, using up to 4 threads

Non-default parameters:
TimeLimit  360
BestBdStop  2.7426211734693878e-02
MIPGap  5e-05
MIPFocus  2
NodefileStart  6
NonConvex  2
Threads  4

Optimize a model with 133 rows, 103 columns and 742 nonzeros (Max)
Model fingerprint: 0x06c6a812
Model has 1 linear objective coefficients
Model has 50 quadratic constraints
Variable types: 65 continuous, 38 integer (38 binary)
Coefficient statistics:
  Matrix range     [5e-01, 1e+00]
  QMatrix range    [1e+00, 1e+00]
  QLMatrix range   [1e+00, 1e+00]
  Objective range  [1e+00, 1e+00]
  Bounds range     [5e-01, 1e+00]
  RHS range        [1e+00, 1e+00]

Found heuristic solution: objective -0.0000000
Presolve time: 0.00s
Presolved: 333 rows, 104 columns, 1142 nonzeros
Presolved model has 50 bilinear constraint(s)

Solving non-convex MIQCP to global optimality

Variable types: 66 continuous, 38 integer (38 binary)
Root relaxation presolve removed 50 rows and 1 columns
Root relaxation presolved: 283 rows, 103 columns, 1092 nonzeros


Root relaxation: objective 1.153846e-01, 116 iterations, 0.00 seconds (0.00 work units)

    Nodes    |    Current Node    |     Objective Bounds      |     Work
 Expl Unexpl |  Obj  Depth IntInf | Incumbent    BestBd   Gap | It/Node Time

     0     0    0.11538    0   53   -0.00000    0.11538      -     -    0s
     0     0    0.10000    0   55   -0.00000    0.10000      -     -    0s
     0     0    0.09091    0   66   -0.00000    0.09091      -     -    0s
H    0     0                       0.0000001    0.09091      -     -    0s
     0     0    0.08861    0   70    0.00000    0.08861      -     -    0s
     0     0    0.08861    0   70    0.00000    0.08861      -     -    0s
     0     0    0.08547    0   71    0.00000    0.08547      -     -    0s
     0     0    0.08547    0   71    0.00000    0.08547      -     -    0s
     0     0    0.08537    0   70    0.00000    0.08537      -     -    0s
     0     0    0.08537    0   70    0.00000    0.08537      -     -    0s
     0     0    0.08333    0   70    0.00000    0.08333      -     -    0s
     0     0    0.08333    0   70    0.00000    0.08333      -     -    0s
     0     0    0.08333    0   70    0.00000    0.08333      -     -    0s
     0     0    0.08333    0   70    0.00000    0.08333      -     -    0s
     0     0    0.08065    0   70    0.00000    0.08065      -     -    0s
     0     0    0.08065    0   70    0.00000    0.08065      -     -    0s
     0     2    0.08065    0   70    0.00000    0.08065      -     -    0s
* 1668  1183              71       0.0000003    0.03900      -  25.5    2s
* 1669  1137              72       0.0000003    0.03900      -  25.5    2s
H 1904  1161                       0.0000006    0.03900      -  27.8    2s
H 3050  1578                       0.0000007    0.03900      -  31.8    2s
H 6377  3643                       0.0000007    0.03492      -  30.1    3s
H 6460  3643                       0.0000007    0.03492      -  30.0    3s
 10135  5916    0.01775   22   54    0.00000    0.03032      -  29.0    5s

Cutting planes:
  Gomory: 14
  Lift-and-project: 1
  MIR: 4
  Flow cover: 18
  RLT: 53
  Relax-and-lift: 2
  BQP: 7

Explored 15976 nodes (445620 simplex iterations) in 6.17 seconds (4.94 work units)
Thread count was 4 (of 4 available processors)

Solution count 6: 7.16325e-07 7.09365e-07 6.10813e-07 ... -0

Optimization achieved user objective limit
Best objective 7.163253466502e-07, best bound 2.732736308728e-02, gap -
{"verdict": "PROVED", "status": "BOUND_REACHED", "runtime": 6.166248083114624, "objval": 7.163253466502265e-07, "objbound": 0.027327363087275146, "binaries": 38}
