Set parameter NodefileStart to value 6
Read parameters from file gurobi.env
Restricted license - for non-production use only - expires 2027-11-29
Set parameter OutputFlag to value 1
Set parameter Threads to value 4
Set parameter TimeLimit to value 360
Set parameter MIPGap to value 5e-05
Set parameter MIPFocus to value 2
Set parameter NonConvex to value 2
Set parameter BestBdStop to value 2.7426211734693878e-02
Gurobi Optimizer version 13.0.3 build v13.0.3rc0 (linux64 - "Ubuntu 24.04.5 LTS")

CPU model: AMD EPYC 7763 64-Core Processor, instruction set [SSE2|AVX|AVX2]
Thread count: 2 physical cores, 4 logical processors, using up to 4 threads

Non-default parameters:
TimeLimit  360
BestBdStop  2.7426211734693878e-02
MIPGap  5e-05
MIPFocus  2
NodefileStart  6
NonConvex  2
Threads  4

Optimize a model with 141 rows, 111 columns and 810 nonzeros (Max)
Model fingerprint: 0x81181943
Model has 1 linear objective coefficients
Model has 50 quadratic constraints
Variable types: 65 continuous, 46 integer (46 binary)
Coefficient statistics:
  Matrix range     [5e-01, 1e+00]
  QMatrix range    [1e+00, 1e+00]
  QLMatrix range   [1e+00, 1e+00]
  Objective range  [1e+00, 1e+00]
  Bounds range     [5e-01, 1e+00]
  RHS range        [1e+00, 1e+00]

Found heuristic solution: objective -0.0000000
Presolve time: 0.00s
Presolved: 341 rows, 112 columns, 1210 nonzeros
Presolved model has 50 bilinear constraint(s)

Solving non-convex MIQCP to global optimality

Variable types: 66 continuous, 46 integer (46 binary)
Root relaxation presolve removed 50 rows and 1 columns
Root relaxation presolved: 291 rows, 111 columns, 1160 nonzeros


Root relaxation: objective 8.333333e-02, 119 iterations, 0.00 seconds (0.00 work units)

    Nodes    |    Current Node    |     Objective Bounds      |     Work
 Expl Unexpl |  Obj  Depth IntInf | Incumbent    BestBd   Gap | It/Node Time

     0     0    0.08333    0   52   -0.00000    0.08333      -     -    0s
     0     0    0.08333    0   45   -0.00000    0.08333      -     -    0s
     0     0    0.08333    0   70   -0.00000    0.08333      -     -    0s
     0     0    0.08333    0   41   -0.00000    0.08333      -     -    0s
H    0     0                       0.0000000    0.08333      -     -    0s
     0     0    0.08333    0   39    0.00000    0.08333      -     -    0s
     0     0    0.08333    0   45    0.00000    0.08333      -     -    0s
     0     0    0.08333    0   46    0.00000    0.08333      -     -    0s
     0     0    0.08290    0   34    0.00000    0.08290      -     -    0s
     0     0    0.08290    0   34    0.00000    0.08290      -     -    0s
H    0     0                       0.0000000    0.08290      -     -    0s
     0     2    0.08290    0   34    0.00000    0.08290      -     -    0s
H  483   510                       0.0000002    0.08290      -  19.8    0s
*  659   654              99       0.0000003    0.08290      -  19.2    0s
H 1060   930                       0.0000009    0.08290      -  21.2    1s
 11186  8148     cutoff   40         0.00000    0.07002      -  26.3    5s
 26231 18098    0.00921   43   52    0.00000    0.06377      -  28.8   10s
 44305 31247    0.00001   60   38    0.00000    0.06218      -  29.1   15s
 63727 45635    0.05000   27   43    0.00000    0.06118      -  29.3   20s
 81785 59159    0.00000   73   35    0.00000    0.06056      -  29.5   25s
 100729 72925     cutoff   46         0.00000    0.05983      -  29.7   30s
H109477 78831                       0.0000009    0.05939      -  29.9   32s
 118229 85147    0.02111   37   55    0.00000    0.05917      -  29.9   35s
 136269 97711     cutoff   48         0.00000    0.05863      -  30.2   40s
H149996 106842                       0.0000009    0.05819      -  30.2   43s
 154616 110078    0.00011   44   50    0.00000    0.05812      -  30.1   45s
 172603 123103    0.03520   30   53    0.00000    0.05770      -  30.1   50s
H179575 128205                       0.0000010    0.05753      -  30.1   51s
H184364 119839                       0.0000045    0.05745      -  30.1   53s
H184412 120111                       0.0000045    0.05745      -  30.1   53s
H185552 80806                       0.0005705    0.05740  9961%  30.1   54s
H185614 81064                       0.0005705    0.05739  9960%  30.1   54s
H186750 38583                       0.0155716    0.05729   268%  30.2   54s
H186753 38545                       0.0156100    0.05729   267%  30.2   54s
H186805 38714                       0.0156100    0.05729   267%  30.2   54s
 187654 39141    0.02890   35   51    0.01561    0.05725   267%  30.2   55s
H188115 39117                       0.0156367    0.05722   266%  30.2   55s
H189378 39653                       0.0156374    0.05716   266%  30.2   55s
H189381 39430                       0.0158198    0.05716   261%  30.2   55s
 205478 46174    0.04620   27   46    0.01582    0.05633   256%  30.3   60s
 226105 54294    0.03145   40   52    0.01582    0.05556   251%  30.6   65s
 245207 61620     cutoff   45         0.01582    0.05497   247%  30.7   70s
 265570 69532    0.03051   32   50    0.01582    0.05437   244%  30.9   75s
 285724 77064    0.03933   25   58    0.01582    0.05375   240%  31.0   80s
 304749 84247     cutoff   46         0.01582    0.05325   237%  31.2   85s
 322365 90872     cutoff   43         0.01582    0.05288   234%  31.4   90s
 341984 97471    0.02354   32   59    0.01582    0.05234   231%  31.5   95s
 362409 104446    0.04041   33   60    0.01582    0.05191   228%  31.7  100s
 382114 111566    0.02880   32   50    0.01582    0.05161   226%  31.8  105s
 399735 116916    0.02744   38   53    0.01582    0.05121   224%  32.0  110s
 419298 123351     cutoff   34         0.01582    0.05088   222%  32.1  115s
 438948 129478     cutoff   42         0.01582    0.05063   220%  32.2  120s
 458503 136811     cutoff   35         0.01582    0.05033   218%  32.3  126s
 475826 141320     cutoff   44         0.01582    0.05009   217%  32.5  130s
 493495 147347    0.01962   35   50    0.01582    0.05000   216%  32.6  135s
 512709 153789    0.01882   43   51    0.01582    0.04988   215%  32.8  140s
 531310 159511    0.02445   42   53    0.01582    0.04972   214%  32.9  145s
 548293 164532    0.03411   39   53    0.01582    0.04965   214%  33.0  150s
 567369 170210    0.04503   37   56    0.01582    0.04947   213%  33.1  155s
 585843 175979    0.04168   33   57    0.01582    0.04929   212%  33.2  160s
 605297 181689     cutoff   51         0.01582    0.04915   211%  33.3  165s
 623777 187381    0.01984   40   54    0.01582    0.04898   210%  33.4  170s
 640639 192665    0.01979   47   53    0.01582    0.04884   209%  33.4  175s
 659912 198441    0.01590   49   50    0.01582    0.04869   208%  33.5  180s
 677865 203502     cutoff   41         0.01582    0.04854   207%  33.6  185s
 693418 208137     cutoff   44         0.01582    0.04843   206%  33.6  190s
 712904 213752    0.02539   40   54    0.01582    0.04827   205%  33.7  195s
 731507 219111    0.03583   35   50    0.01582    0.04814   204%  33.8  200s
 749785 224505    0.03845   37   52    0.01582    0.04803   204%  33.8  205s
 768222 229516    0.03322   44   54    0.01582    0.04789   203%  33.9  210s
 786953 234947    0.01609   40   51    0.01582    0.04776   202%  33.9  215s
 805081 240118 infeasible   43         0.01582    0.04763   201%  34.0  220s
 822593 245071    0.01694   37   51    0.01582    0.04751   200%  34.0  225s
 841711 250225    0.04159   36   50    0.01582    0.04737   199%  34.1  230s
 860234 255472    0.02279   42   51    0.01582    0.04726   199%  34.1  235s
 879083 260787    0.02803   35   51    0.01582    0.04715   198%  34.2  240s
H880460 257739                       0.0163507    0.04714   188%  34.2  240s
 894637 261693     cutoff   43         0.01635    0.04705   188%  34.2  245s
 912320 266923    0.03016   37   45    0.01635    0.04696   187%  34.2  250s
 930324 271679    0.02039   40   50    0.01635    0.04685   187%  34.3  255s
 947088 276371    0.04138   36   53    0.01635    0.04677   186%  34.3  260s
 960405 280139    0.04184   26   60    0.01635    0.04670   186%  34.3  265s
 978124 284788     cutoff   42         0.01635    0.04660   185%  34.3  270s
 995750 289591    0.03386   36   50    0.01635    0.04651   184%  34.4  275s
 1012971 294232     cutoff   45         0.01635    0.04643   184%  34.4  280s
 1030021 298779     cutoff   42         0.01635    0.04634   183%  34.4  285s
 1047511 303614    0.02732   37   47    0.01635    0.04626   183%  34.4  290s
 1066351 308654    0.02658   43   52    0.01635    0.04617   182%  34.5  295s
 1084885 313755    0.01891   36   47    0.01635    0.04607   182%  34.5  300s
 1101563 317925    0.02244   41   56    0.01635    0.04599   181%  34.5  305s
 1119618 322651    0.02271   33   50    0.01635    0.04591   181%  34.5  310s
 1138158 327424     cutoff   38         0.01635    0.04581   180%  34.6  315s
 1155594 331934     cutoff   42         0.01635    0.04572   180%  34.6  320s
 1175095 336787    0.03710   38   50    0.01635    0.04562   179%  34.6  325s
 1192154 341034    0.01734   38   54    0.01635    0.04554   179%  34.6  330s
 1210770 345744     cutoff   41         0.01635    0.04545   178%  34.6  335s
 1229076 350848    0.01738   42   50    0.01635    0.04538   178%  34.7  340s
 1245645 355072     cutoff   45         0.01635    0.04531   177%  34.7  345s
 1265192 360334    0.02173   44   54    0.01635    0.04523   177%  34.7  350s
 1283336 365069    0.02270   39   54    0.01635    0.04517   176%  34.7  355s
 1302230 369793    0.03974   39   50    0.01635    0.04509   176%  34.7  360s

Cutting planes:
  Gomory: 14
  Implied bound: 27
  MIR: 28
  Mixing: 1
  Flow cover: 50
  Inf proof: 21
  RLT: 89
  Relax-and-lift: 8
  BQP: 18

Explored 1302493 nodes (45213417 simplex iterations) in 360.00 seconds (391.68 work units)
Thread count was 4 (of 4 available processors)

Solution count 10: 0.0163507 0.0158198 0.0156374 ... 9.60151e-07

Time limit reached
Best objective 1.635071992231e-02, best bound 4.509423752908e-02, gap 175.7936%
{"verdict": "UNRESOLVED", "status": "TIME_LIMIT", "runtime": 360.00261306762695, "objval": 0.01635071992230522, "objbound": 0.04509423752908002, "binaries": 46}
