Set parameter NodefileStart to value 6
Read parameters from file gurobi.env
Restricted license - for non-production use only - expires 2027-11-29
Set parameter OutputFlag to value 1
Set parameter Threads to value 4
Set parameter TimeLimit to value 360
Set parameter MIPGap to value 5e-05
Set parameter MIPFocus to value 2
Set parameter NonConvex to value 2
Set parameter BestBdStop to value 2.7426211734693878e-02
Gurobi Optimizer version 13.0.3 build v13.0.3rc0 (linux64 - "Ubuntu 24.04.5 LTS")

CPU model: AMD EPYC 7763 64-Core Processor, instruction set [SSE2|AVX|AVX2]
Thread count: 2 physical cores, 4 logical processors, using up to 4 threads

Non-default parameters:
TimeLimit  360
BestBdStop  2.7426211734693878e-02
MIPGap  5e-05
MIPFocus  2
NodefileStart  6
NonConvex  2
Threads  4

Optimize a model with 149 rows, 119 columns and 871 nonzeros (Max)
Model fingerprint: 0x4985c520
Model has 1 linear objective coefficients
Model has 50 quadratic constraints
Variable types: 65 continuous, 54 integer (54 binary)
Coefficient statistics:
  Matrix range     [5e-01, 1e+00]
  QMatrix range    [1e+00, 1e+00]
  QLMatrix range   [1e+00, 1e+00]
  Objective range  [1e+00, 1e+00]
  Bounds range     [5e-01, 1e+00]
  RHS range        [1e+00, 1e+00]

Found heuristic solution: objective -0.0000000
Presolve time: 0.00s
Presolved: 349 rows, 120 columns, 1271 nonzeros
Presolved model has 50 bilinear constraint(s)

Solving non-convex MIQCP to global optimality

Variable types: 66 continuous, 54 integer (54 binary)
Root relaxation presolve removed 50 rows and 1 columns
Root relaxation presolved: 299 rows, 119 columns, 1221 nonzeros


Root relaxation: objective 8.333333e-02, 117 iterations, 0.00 seconds (0.00 work units)

    Nodes    |    Current Node    |     Objective Bounds      |     Work
 Expl Unexpl |  Obj  Depth IntInf | Incumbent    BestBd   Gap | It/Node Time

     0     0    0.08333    0   49   -0.00000    0.08333      -     -    0s
     0     0    0.08333    0   48   -0.00000    0.08333      -     -    0s
     0     0    0.08333    0   65   -0.00000    0.08333      -     -    0s
     0     0    0.08333    0   51   -0.00000    0.08333      -     -    0s
     0     0    0.08333    0   36   -0.00000    0.08333      -     -    0s
     0     0    0.08333    0   54   -0.00000    0.08333      -     -    0s
     0     0    0.08333    0   41   -0.00000    0.08333      -     -    0s
     0     0    0.08333    0   41   -0.00000    0.08333      -     -    0s
     0     2    0.08333    0   41   -0.00000    0.08333      -     -    0s
*  444   406              66       0.0000001    0.08333      -  27.4    0s
H  522   440                       0.0000006    0.08333      -  27.2    0s
H 1618  1130                       0.0041494    0.05196  1152%  26.0    1s
* 1700  1046              66       0.0063598    0.05196   717%  25.6    2s
* 1702  1002              67       0.0064513    0.05196   705%  25.6    2s
* 1704   959              68       0.0064741    0.05196   703%  25.6    2s
* 1707   918              70       0.0064761    0.05196   702%  25.5    2s
H 2147   975                       0.0068997    0.05196   653%  27.6    2s
H 3135  1286                       0.0070576    0.05196   636%  32.9    2s
H 3181  1262                       0.0070576    0.05196   636%  33.1    2s
H 3231  1259                       0.0071713    0.05196   625%  33.4    2s
H 3800  1642                       0.0071722    0.05196   625%  37.0    2s
H 4980  2209                       0.0072207    0.05196   620%  38.0    3s
H 5037  2282                       0.0072207    0.05196   620%  37.8    3s
* 5673  2521              76       0.0077086    0.05196   574%  37.8    3s
H 6185  2748                       0.0077639    0.05196   569%  37.4    3s
H 7640  3329                       0.0077639    0.05196   569%  37.6    4s
H 8876  3989                       0.0077642    0.05196   569%  37.7    4s
H 9320  4117                       0.0078534    0.05196   562%  38.1    4s
H 9479  4265                       0.0078534    0.05196   562%  38.2    4s
H 9722  4234                       0.0079858    0.05196   551%  38.2    4s
  9788  4399    0.01971   31   56    0.00799    0.05196   551%  38.2    5s
H10921  4839                       0.0079895    0.05169   547%  38.6    5s
H11026  4977                       0.0079895    0.05166   547%  38.8    5s
H14853  6648                       0.0079897    0.04956   520%  39.3    6s
H20256  8413                       0.0084694    0.04751   461%  39.1    8s
H20257  8393                       0.0085208    0.04751   458%  39.1    8s
H22312  9067                       0.0090240    0.04712   422%  39.4    9s
 23560  9750     cutoff   32         0.00902    0.04697   421%  39.5   10s
H28397 10014                       0.0124491    0.04616   271%  39.2   11s
H28624 10059                       0.0124491    0.04614   271%  39.1   11s
H29792 10389                       0.0124491    0.04596   269%  39.1   11s
H31472 10969                       0.0124491    0.04553   266%  39.0   12s
H31575 10969                       0.0124491    0.04553   266%  39.0   12s
 39226 13447    0.03336   28   64    0.01245    0.04449   257%  38.9   15s
 54696 18742    0.03036   25   58    0.01245    0.04289   244%  39.2   20s
 72521 24148     cutoff   39         0.01245    0.04144   233%  39.0   25s
H79675 26245                       0.0124491    0.04103   230%  39.1   28s
H79807 26245                       0.0124491    0.04103   230%  39.1   28s
 85566 28084     cutoff   26         0.01245    0.04076   227%  39.1   30s
 101832 32657    0.03378   26   64    0.01245    0.04000   221%  39.1   35s
 117957 36881    0.03104   31   54    0.01245    0.03933   216%  39.1   40s
 134749 40532     cutoff   32         0.01245    0.03870   211%  39.2   45s
 151149 44346    0.02468   32   47    0.01245    0.03813   206%  39.4   50s
 167172 47390    0.01505   36   50    0.01245    0.03764   202%  39.4   55s
 184156 50885    0.01619   35   43    0.01245    0.03711   198%  39.5   60s
 201304 54265     cutoff   30         0.01245    0.03665   194%  39.5   65s
 218020 57283     cutoff   36         0.01245    0.03626   191%  39.5   70s
 234607 60409    0.01620   34   55    0.01245    0.03586   188%  39.6   75s
 251345 63732    0.02210   27   63    0.01245    0.03547   185%  39.6   80s
 267440 66468    0.02251   31   56    0.01245    0.03511   182%  39.6   85s
 280835 68695    0.01574   36   53    0.01245    0.03483   180%  39.6   90s
 297604 71525    0.01381   31   56    0.01245    0.03451   177%  39.6   95s
 314335 74244    0.02746   29   61    0.01245    0.03418   175%  39.6  100s
 330471 76873    0.01340   33   45    0.01245    0.03387   172%  39.6  105s
H331005 76938                       0.0124492    0.03386   172%  39.6  105s
H333838 77348                       0.0124492    0.03381   172%  39.6  106s
H338115 78010                       0.0124493    0.03371   171%  39.6  108s
 343805 78892     cutoff   32         0.01245    0.03361   170%  39.6  110s
 358343 80865     cutoff   32         0.01245    0.03337   168%  39.6  115s
H360713 81070                       0.0124493    0.03333   168%  39.6  115s
 373517 83009     cutoff   37         0.01245    0.03311   166%  39.6  120s
 390185 85351    0.02742   28   64    0.01245    0.03283   164%  39.6  125s
 406390 87591     cutoff   31         0.01245    0.03260   162%  39.6  130s
 423594 89807    0.01992   30   49    0.01245    0.03235   160%  39.6  135s
 439625 91740     cutoff   30         0.01245    0.03211   158%  39.6  140s
 452532 93429     cutoff   38         0.01245    0.03193   156%  39.6  145s
 469030 95350    0.01666   30   57    0.01245    0.03172   155%  39.6  150s
 485181 97405    0.01400   35   52    0.01245    0.03152   153%  39.6  155s
 501893 99436    0.02786   29   56    0.01245    0.03131   151%  39.6  160s
 518255 101271    0.01851   32   54    0.01245    0.03109   150%  39.6  165s
 534529 103143 infeasible   36         0.01245    0.03090   148%  39.5  170s
 551168 104986    0.01885   30   52    0.01245    0.03071   147%  39.5  175s
 567935 107005    0.01465   35   51    0.01245    0.03052   145%  39.5  180s
 585186 108791    0.02915   26   45    0.01245    0.03031   143%  39.5  185s
 601456 110204    0.02394   31   58    0.01245    0.03012   142%  39.5  190s
 614323 111479     cutoff   33         0.01245    0.02997   141%  39.5  195s
 632052 113191     cutoff   31         0.01245    0.02976   139%  39.4  200s
 648990 114808     cutoff   37         0.01245    0.02957   138%  39.4  205s
 666309 116336    0.01629   36   45    0.01245    0.02939   136%  39.4  210s
 683498 118070     cutoff   33         0.01245    0.02920   135%  39.3  215s
 700059 119586     cutoff   37         0.01245    0.02904   133%  39.3  220s
 717557 121124     cutoff   33         0.01245    0.02886   132%  39.3  225s
 729071 122142    0.01269   36   59    0.01245    0.02875   131%  39.3  230s
 746388 123650     cutoff   32         0.01245    0.02859   130%  39.2  235s
*760377 124898              74       0.0124495    0.02846   129%  39.2  239s
 761397 124925    0.01785   30   56    0.01245    0.02845   129%  39.2  240s
H761402 121431                       0.0129956    0.02845   119%  39.2  240s
H762781 117845                       0.0135525    0.02844   110%  39.2  240s
H762785 117657                       0.0135811    0.02844   109%  39.2  240s
H764083 116269                       0.0138084    0.02843   106%  39.2  241s
H764090 115528                       0.0139276    0.02843   104%  39.2  241s
H764217 115534                       0.0139276    0.02843   104%  39.2  241s
H766525 115584                       0.0139277    0.02840   104%  39.2  243s
H767973 115439                       0.0139549    0.02838   103%  39.2  243s
H769333 115497                       0.0139549    0.02836   103%  39.2  244s
 770819 115576    0.02702   30   55    0.01395    0.02834   103%  39.2  245s
H770821 115566                       0.0139569    0.02834   103%  39.2  245s
 785489 116136     cutoff   35         0.01396    0.02818   102%  39.1  250s
 802346 116724 infeasible   28         0.01396    0.02800   101%  39.1  255s
 819180 117226     cutoff   33         0.01396    0.02783  99.4%  39.1  260s
 835564 117715    0.01495   37   39    0.01396    0.02765  98.1%  39.0  265s
 853415 118301    0.01513   31   51    0.01396    0.02748  96.9%  39.0  270s

Cutting planes:
  Gomory: 42
  Lift-and-project: 6
  Implied bound: 43
  MIR: 24
  Flow cover: 112
  Inf proof: 14
  RLT: 102
  Relax-and-lift: 10
  BQP: 44

Explored 859587 nodes (33484470 simplex iterations) in 271.93 seconds (308.31 work units)
Thread count was 4 (of 4 available processors)

Solution count 10: 0.0139569 0.0139549 0.0139277 ... 0.0124491

Optimization achieved user objective limit
Best objective 1.395686224041e-02, best bound 2.742220271003e-02, gap 96.4783%
{"verdict": "PROVED", "status": "BOUND_REACHED", "runtime": 271.9353461265564, "objval": 0.013956862240406737, "objbound": 0.027422202710034004, "binaries": 54}
