Set parameter NodefileStart to value 6
Read parameters from file gurobi.env
Restricted license - for non-production use only - expires 2027-11-29
Set parameter OutputFlag to value 1
Set parameter Threads to value 4
Set parameter TimeLimit to value 360
Set parameter MIPGap to value 5e-05
Set parameter MIPFocus to value 2
Set parameter NonConvex to value 2
Set parameter BestBdStop to value 2.7426211734693878e-02
Gurobi Optimizer version 13.0.3 build v13.0.3rc0 (linux64 - "Ubuntu 24.04.5 LTS")

CPU model: AMD EPYC 7763 64-Core Processor, instruction set [SSE2|AVX|AVX2]
Thread count: 2 physical cores, 4 logical processors, using up to 4 threads

Non-default parameters:
TimeLimit  360
BestBdStop  2.7426211734693878e-02
MIPGap  5e-05
MIPFocus  2
NodefileStart  6
NonConvex  2
Threads  4

Optimize a model with 153 rows, 123 columns and 897 nonzeros (Max)
Model fingerprint: 0x150b976b
Model has 1 linear objective coefficients
Model has 50 quadratic constraints
Variable types: 65 continuous, 58 integer (58 binary)
Coefficient statistics:
  Matrix range     [5e-01, 1e+00]
  QMatrix range    [1e+00, 1e+00]
  QLMatrix range   [1e+00, 1e+00]
  Objective range  [1e+00, 1e+00]
  Bounds range     [5e-01, 1e+00]
  RHS range        [1e+00, 1e+00]

Found heuristic solution: objective -0.0000000
Presolve time: 0.00s
Presolved: 353 rows, 124 columns, 1297 nonzeros
Presolved model has 50 bilinear constraint(s)

Solving non-convex MIQCP to global optimality

Variable types: 66 continuous, 58 integer (58 binary)
Root relaxation presolve removed 50 rows and 1 columns
Root relaxation presolved: 303 rows, 123 columns, 1247 nonzeros


Root relaxation: objective 1.250000e-01, 125 iterations, 0.00 seconds (0.00 work units)

    Nodes    |    Current Node    |     Objective Bounds      |     Work
 Expl Unexpl |  Obj  Depth IntInf | Incumbent    BestBd   Gap | It/Node Time

     0     0    0.12500    0   54   -0.00000    0.12500      -     -    0s
     0     0    0.08824    0   59   -0.00000    0.08824      -     -    0s
     0     0    0.08333    0   52   -0.00000    0.08333      -     -    0s
     0     0    0.08333    0   49   -0.00000    0.08333      -     -    0s
     0     0    0.08108    0   68   -0.00000    0.08108      -     -    0s
     0     0    0.08108    0   59   -0.00000    0.08108      -     -    0s
     0     0    0.07692    0   62   -0.00000    0.07692      -     -    0s
     0     0    0.07692    0   59   -0.00000    0.07692      -     -    0s
     0     0    0.07692    0   54   -0.00000    0.07692      -     -    0s
     0     0    0.07692    0   54   -0.00000    0.07692      -     -    0s
     0     0    0.07692    0   54   -0.00000    0.07692      -     -    0s
     0     0    0.07692    0   56   -0.00000    0.07692      -     -    0s
     0     0    0.07692    0   57   -0.00000    0.07692      -     -    0s
     0     0    0.07692    0   57   -0.00000    0.07692      -     -    0s
     0     2    0.07692    0   57   -0.00000    0.07692      -     -    0s
H   25    57                       0.0000000    0.07692      -  19.6    0s
*  614   549              83       0.0000000    0.07692      -  24.6    0s
H  698   577                       0.0000005    0.07692      -  24.7    0s
H 1196   894                       0.0000006    0.07692      -  27.8    1s

Cutting planes:
  Gomory: 14
  Implied bound: 2
  MIR: 4
  Flow cover: 11
  RLT: 46
  BQP: 14

Explored 1213 nodes (36791 simplex iterations) in 1.72 seconds (1.12 work units)
Thread count was 4 (of 4 available processors)

Solution count 5: 5.61818e-07 5.25509e-07 4.38111e-08 ... -0

Optimization achieved user objective limit
Best objective 5.618177426753e-07, best bound 2.673533874991e-02, gap -
{"verdict": "PROVED", "status": "BOUND_REACHED", "runtime": 1.7158880233764648, "objval": 5.618177426752747e-07, "objbound": 0.026735338749906967, "binaries": 58}
