Set parameter NodefileStart to value 6
Read parameters from file gurobi.env
Restricted license - for non-production use only - expires 2027-11-29
Set parameter OutputFlag to value 1
Set parameter Threads to value 4
Set parameter TimeLimit to value 360
Set parameter MIPGap to value 5e-05
Set parameter MIPFocus to value 2
Set parameter NonConvex to value 2
Set parameter BestBdStop to value 2.7426211734693878e-02
Gurobi Optimizer version 13.0.3 build v13.0.3rc0 (linux64 - "Ubuntu 24.04.5 LTS")

CPU model: AMD EPYC 9V45 96-Core Processor, instruction set [SSE2|AVX|AVX2|AVX512]
Thread count: 2 physical cores, 4 logical processors, using up to 4 threads

Non-default parameters:
TimeLimit  360
BestBdStop  2.7426211734693878e-02
MIPGap  5e-05
MIPFocus  2
NodefileStart  6
NonConvex  2
Threads  4

Optimize a model with 133 rows, 103 columns and 742 nonzeros (Max)
Model fingerprint: 0x121ca703
Model has 1 linear objective coefficients
Model has 50 quadratic constraints
Variable types: 65 continuous, 38 integer (38 binary)
Coefficient statistics:
  Matrix range     [5e-01, 1e+00]
  QMatrix range    [1e+00, 1e+00]
  QLMatrix range   [1e+00, 1e+00]
  Objective range  [1e+00, 1e+00]
  Bounds range     [5e-01, 1e+00]
  RHS range        [1e+00, 1e+00]

Found heuristic solution: objective -0.0000000
Presolve time: 0.00s
Presolved: 333 rows, 104 columns, 1142 nonzeros
Presolved model has 50 bilinear constraint(s)

Solving non-convex MIQCP to global optimality

Variable types: 66 continuous, 38 integer (38 binary)
Root relaxation presolve removed 50 rows and 1 columns
Root relaxation presolved: 283 rows, 103 columns, 1092 nonzeros


Root relaxation: objective 1.250000e-01, 122 iterations, 0.00 seconds (0.00 work units)

    Nodes    |    Current Node    |     Objective Bounds      |     Work
 Expl Unexpl |  Obj  Depth IntInf | Incumbent    BestBd   Gap | It/Node Time

     0     0    0.12500    0   51   -0.00000    0.12500      -     -    0s
     0     0    0.10000    0   57   -0.00000    0.10000      -     -    0s
     0     0    0.10000    0   68   -0.00000    0.10000      -     -    0s
     0     0    0.10000    0   43   -0.00000    0.10000      -     -    0s
     0     0    0.08696    0   47   -0.00000    0.08696      -     -    0s
     0     0    0.08696    0   47   -0.00000    0.08696      -     -    0s
     0     2    0.08696    0   47   -0.00000    0.08696      -     -    0s
*  861   817              92       0.0000002    0.08696      -  36.5    0s
* 1062   909              99       0.0000003    0.08696      -  35.9    0s
H 1461  1119                       0.0002136    0.07504      -  35.2    0s
H 1544  1051                       0.0038367    0.06962  1715%  34.3    0s
H 1607   997                       0.0038367    0.06903  1699%  33.8    0s
* 1810   934              96       0.0044902    0.06341  1312%  33.5    1s
H 2172  1016                       0.0046977    0.04177   789%  35.3    1s
H 3229   985                       0.0055227    0.03220   483%  35.9    1s

Cutting planes:
  Gomory: 4
  MIR: 4
  Flow cover: 1
  RLT: 22
  BQP: 7

Explored 4116 nodes (147031 simplex iterations) in 1.53 seconds (1.86 work units)
Thread count was 4 (of 4 available processors)

Solution count 9: 0.00552266 0.00469772 0.00449025 ... -0

Optimization achieved user objective limit
Best objective 5.522662409734e-03, best bound 2.698018227936e-02, gap 388.5358%
{"verdict": "PROVED", "status": "BOUND_REACHED", "runtime": 1.5299677848815918, "objval": 0.005522662409733868, "objbound": 0.026980182279361182, "binaries": 38}
