Set parameter NodefileStart to value 6
Read parameters from file gurobi.env
Restricted license - for non-production use only - expires 2027-11-29
Set parameter OutputFlag to value 1
Set parameter Threads to value 4
Set parameter TimeLimit to value 360
Set parameter MIPGap to value 5e-05
Set parameter MIPFocus to value 2
Set parameter NonConvex to value 2
Set parameter BestBdStop to value 2.7426211734693878e-02
Gurobi Optimizer version 13.0.3 build v13.0.3rc0 (linux64 - "Ubuntu 24.04.5 LTS")

CPU model: AMD EPYC 7763 64-Core Processor, instruction set [SSE2|AVX|AVX2]
Thread count: 2 physical cores, 4 logical processors, using up to 4 threads

Non-default parameters:
TimeLimit  360
BestBdStop  2.7426211734693878e-02
MIPGap  5e-05
MIPFocus  2
NodefileStart  6
NonConvex  2
Threads  4

Optimize a model with 145 rows, 115 columns and 846 nonzeros (Max)
Model fingerprint: 0xd4e167e1
Model has 1 linear objective coefficients
Model has 50 quadratic constraints
Variable types: 65 continuous, 50 integer (50 binary)
Coefficient statistics:
  Matrix range     [5e-01, 1e+00]
  QMatrix range    [1e+00, 1e+00]
  QLMatrix range   [1e+00, 1e+00]
  Objective range  [1e+00, 1e+00]
  Bounds range     [5e-01, 1e+00]
  RHS range        [1e+00, 1e+00]

Found heuristic solution: objective -0.0000000
Presolve time: 0.00s
Presolved: 345 rows, 116 columns, 1246 nonzeros
Presolved model has 50 bilinear constraint(s)

Solving non-convex MIQCP to global optimality

Variable types: 66 continuous, 50 integer (50 binary)
Root relaxation presolve removed 50 rows and 1 columns
Root relaxation presolved: 295 rows, 115 columns, 1196 nonzeros


Root relaxation: objective 8.333333e-02, 123 iterations, 0.00 seconds (0.00 work units)

    Nodes    |    Current Node    |     Objective Bounds      |     Work
 Expl Unexpl |  Obj  Depth IntInf | Incumbent    BestBd   Gap | It/Node Time

     0     0    0.08333    0   50   -0.00000    0.08333      -     -    0s
     0     0    0.08333    0   53   -0.00000    0.08333      -     -    0s
     0     0    0.08333    0   56   -0.00000    0.08333      -     -    0s
     0     0    0.08333    0   73   -0.00000    0.08333      -     -    0s
     0     0    0.08333    0   48   -0.00000    0.08333      -     -    0s
     0     0    0.07143    0   38   -0.00000    0.07143      -     -    0s
     0     0    0.07143    0   40   -0.00000    0.07143      -     -    0s
     0     0    0.07143    0   43   -0.00000    0.07143      -     -    0s
     0     0    0.07143    0   43   -0.00000    0.07143      -     -    0s
     0     0    0.07143    0   46   -0.00000    0.07143      -     -    0s
     0     0    0.07143    0   40   -0.00000    0.07143      -     -    0s
     0     0    0.06897    0   40   -0.00000    0.06897      -     -    0s
     0     2    0.06897    0   40   -0.00000    0.06897      -     -    0s
H 1204   980                       0.0000000    0.06738      -  24.8    1s
H 1386  1072                       0.0000001    0.05023      -  27.0    1s
H 1625  1168                       0.0025607    0.05023  1862%  24.8    1s
* 1961  1190             128       0.0061237    0.05023   720%  24.3    2s
* 1968  1146             128       0.0061237    0.05023   720%  24.2    2s
H 3040  1359                       0.0078408    0.05023   541%  30.2    2s
  9753  4386    0.00839   31   54    0.00784    0.05023   541%  36.9    5s
 25641 12059    0.01486   34   51    0.00784    0.04532   478%  36.5   10s
 40575 18465     cutoff   39         0.00784    0.04289   447%  36.0   15s
 58329 25288    0.02444   24   56    0.00784    0.04131   427%  34.8   20s
 76526 32920    0.00869   30   55    0.00784    0.04011   412%  34.2   25s
 92817 39037    0.01551   28   45    0.00784    0.03917   400%  33.9   30s
 110853 45806    0.01406   36   53    0.00784    0.03849   391%  33.4   35s
 129270 52874    0.02141   36   61    0.00784    0.03784   383%  33.1   40s
H140248 56954                       0.0078413    0.03752   379%  32.9   43s
 147684 60012    0.02231   29   60    0.00784    0.03732   376%  32.8   45s
H160026 60696                       0.0090930    0.03698   307%  32.5   48s
H160107 60707                       0.0090930    0.03697   307%  32.5   49s
 161324 61162    0.02607   23   62    0.00909    0.03694   306%  32.5   50s
 177672 66627    0.02454   29   67    0.00909    0.03651   302%  32.2   55s
 197088 73087    0.01204   26   35    0.00909    0.03610   297%  31.9   60s
 216278 79390    0.01037   38   45    0.00909    0.03569   293%  31.6   65s
 235371 85726    0.01454   35   56    0.00909    0.03537   289%  31.4   70s
 254622 92516    0.01222   30   43    0.00909    0.03509   286%  31.3   75s
 273474 98795     cutoff   33         0.00909    0.03484   283%  31.0   80s
 293225 105800    0.01014   36   53    0.00909    0.03459   280%  30.9   85s
 312916 112306    0.01746   35   64    0.00909    0.03430   277%  30.7   90s
 332641 118932    0.01166   36   50    0.00909    0.03410   275%  30.5   95s
 351882 124992     cutoff   32         0.00909    0.03386   272%  30.4  100s
 371414 131783    0.02262   37   52    0.00909    0.03367   270%  30.3  105s
 386816 137126    0.01083   33   50    0.00909    0.03352   269%  30.3  110s
 406872 143765    0.03137   28   58    0.00909    0.03334   267%  30.1  115s
 427115 150656     cutoff   37         0.00909    0.03319   265%  30.0  120s
 447334 157372     cutoff   33         0.00909    0.03304   263%  29.9  125s
 467080 164310 infeasible   31         0.00909    0.03290   262%  29.8  130s
 487379 170879    0.01909   33   56    0.00909    0.03277   260%  29.7  135s
 507650 177856     cutoff   32         0.00909    0.03263   259%  29.6  140s
 527166 184740    0.02721   28   64    0.00909    0.03249   257%  29.6  145s
 548093 191487    0.01532   35   52    0.00909    0.03237   256%  29.5  150s
 568190 198057    0.02639   30   57    0.00909    0.03224   255%  29.4  155s
 588914 204720    0.01004   33   54    0.00909    0.03211   253%  29.3  160s
 606038 210373 infeasible   50         0.00909    0.03203   252%  29.3  165s
H623659 216116                       0.0091169    0.03193   250%  29.2  169s
H623734 216291                       0.0091169    0.03193   250%  29.2  169s
H624471 216508                       0.0091169    0.03193   250%  29.2  170s
 643219 223208    0.00973   41   39    0.00912    0.03183   249%  29.2  175s
 663401 229942 infeasible   34         0.00912    0.03172   248%  29.1  180s
 683951 236853     cutoff   36         0.00912    0.03162   247%  29.1  185s
 704478 243399    0.01008   29   42    0.00912    0.03153   246%  29.0  190s
 725217 250634     cutoff   46         0.00912    0.03145   245%  29.0  195s
 741988 256066    0.01224   39   54    0.00912    0.03137   244%  28.9  200s
 760741 262140    0.01559   32   52    0.00912    0.03129   243%  28.9  205s
 780507 268304     cutoff   38         0.00912    0.03121   242%  28.8  210s
 800063 274887    0.02232   27   55    0.00912    0.03114   242%  28.8  215s
 813951 279384    0.01884   32   55    0.00912    0.03108   241%  28.8  220s
 832235 285339    0.03102   29   49    0.00912    0.03102   240%  28.7  225s
 853007 291958     cutoff   42         0.00912    0.03095   239%  28.7  230s
 872502 298373     cutoff   34         0.00912    0.03089   239%  28.6  235s
 893033 305050    0.01990   33   59    0.00912    0.03082   238%  28.6  240s
 912761 311384    0.02298   34   59    0.00912    0.03074   237%  28.6  245s
 933965 318142    0.02550   24   58    0.00912    0.03067   236%  28.5  250s
 954696 324607     cutoff   39         0.00912    0.03060   236%  28.5  255s
 975045 331160    0.01324   35   57    0.00912    0.03055   235%  28.4  260s
 995306 337571    0.01656   34   55    0.00912    0.03049   234%  28.4  265s
 1016155 344121     cutoff   37         0.00912    0.03042   234%  28.4  270s
 1036736 350808    0.01906   31   55    0.00912    0.03037   233%  28.4  275s
 1056160 356571    0.01001   28   51    0.00912    0.03031   232%  28.3  280s
H1056167 356573                       0.0091169    0.03031   232%  28.3  280s
 1071705 361258    0.01386   38   53    0.00912    0.03026   232%  28.3  285s
 1091558 367280 infeasible   42         0.00912    0.03021   231%  28.3  290s
 1111468 373451    0.01864   37   54    0.00912    0.03015   231%  28.2  295s
 1132056 379754    0.01548   35   50    0.00912    0.03010   230%  28.2  300s
 1152947 386439    0.02913   32   57    0.00912    0.03003   229%  28.2  305s
 1173411 393046    0.02713   31   71    0.00912    0.02998   229%  28.2  310s
 1193573 399197    0.01246   37   52    0.00912    0.02993   228%  28.1  315s
 1214065 405474    0.01651   37   59    0.00912    0.02988   228%  28.1  320s
H1229205 406396                       0.0093466    0.02984   219%  28.1  323s
H1229537 406564                       0.0093466    0.02984   219%  28.1  323s
 1232552 407437    0.01349   34   52    0.00935    0.02983   219%  28.1  325s
 1252888 413885    0.01368   38   61    0.00935    0.02978   219%  28.1  330s
 1269736 419011    0.02971   27   59    0.00935    0.02973   218%  28.0  335s
 1290173 425144    0.01666   34   56    0.00935    0.02969   218%  28.0  340s
 1310585 431141    0.01116   45   57    0.00935    0.02964   217%  28.0  345s
 1331322 438101    0.01045   43   40    0.00935    0.02960   217%  28.0  350s
 1351841 444700    0.01608   36   53    0.00935    0.02955   216%  27.9  355s
 1371555 450662 infeasible   38         0.00935    0.02951   216%  27.9  360s

Cutting planes:
  Gomory: 44
  Implied bound: 33
  MIR: 22
  Flow cover: 129
  Inf proof: 13
  RLT: 115
  Relax-and-lift: 14
  BQP: 18

Explored 1371910 nodes (38319471 simplex iterations) in 360.00 seconds (385.32 work units)
Thread count was 4 (of 4 available processors)

Solution count 10: 0.00934661 0.00911693 0.00911693 ... 6.25483e-08

Time limit reached
Best objective 9.346608556166e-03, best bound 2.951313070002e-02, gap 215.7630%
{"verdict": "UNRESOLVED", "status": "TIME_LIMIT", "runtime": 360.00344705581665, "objval": 0.009346608556165599, "objbound": 0.02951313070002439, "binaries": 50}
