Set parameter NodefileStart to value 6
Read parameters from file gurobi.env
Restricted license - for non-production use only - expires 2027-11-29
Set parameter OutputFlag to value 1
Set parameter Threads to value 4
Set parameter TimeLimit to value 360
Set parameter MIPGap to value 5e-05
Set parameter MIPFocus to value 2
Set parameter NonConvex to value 2
Set parameter BestBdStop to value 2.7426211734693878e-02
Gurobi Optimizer version 13.0.3 build v13.0.3rc0 (linux64 - "Ubuntu 24.04.5 LTS")

CPU model: AMD EPYC 7763 64-Core Processor, instruction set [SSE2|AVX|AVX2]
Thread count: 2 physical cores, 4 logical processors, using up to 4 threads

Non-default parameters:
TimeLimit  360
BestBdStop  2.7426211734693878e-02
MIPGap  5e-05
MIPFocus  2
NodefileStart  6
NonConvex  2
Threads  4

Optimize a model with 141 rows, 111 columns and 810 nonzeros (Max)
Model fingerprint: 0x38fa4434
Model has 1 linear objective coefficients
Model has 50 quadratic constraints
Variable types: 65 continuous, 46 integer (46 binary)
Coefficient statistics:
  Matrix range     [5e-01, 1e+00]
  QMatrix range    [1e+00, 1e+00]
  QLMatrix range   [1e+00, 1e+00]
  Objective range  [1e+00, 1e+00]
  Bounds range     [5e-01, 1e+00]
  RHS range        [1e+00, 1e+00]

Found heuristic solution: objective -0.0000000
Presolve time: 0.00s
Presolved: 341 rows, 112 columns, 1210 nonzeros
Presolved model has 50 bilinear constraint(s)

Solving non-convex MIQCP to global optimality

Variable types: 66 continuous, 46 integer (46 binary)
Root relaxation presolve removed 50 rows and 1 columns
Root relaxation presolved: 291 rows, 111 columns, 1160 nonzeros


Root relaxation: objective 8.333333e-02, 141 iterations, 0.00 seconds (0.00 work units)

    Nodes    |    Current Node    |     Objective Bounds      |     Work
 Expl Unexpl |  Obj  Depth IntInf | Incumbent    BestBd   Gap | It/Node Time

     0     0    0.08333    0   45   -0.00000    0.08333      -     -    0s
     0     0    0.07407    0   67   -0.00000    0.07407      -     -    0s
     0     0    0.07407    0   65   -0.00000    0.07407      -     -    0s
     0     0    0.06250    0   65   -0.00000    0.06250      -     -    0s
H    0     0                       0.0000001    0.06250      -     -    0s
     0     0    0.06250    0   64    0.00000    0.06250      -     -    0s
     0     0    0.06250    0   60    0.00000    0.06250      -     -    0s
     0     0    0.06250    0   54    0.00000    0.06250      -     -    0s
     0     0    0.06250    0   63    0.00000    0.06250      -     -    0s
     0     0    0.06250    0   50    0.00000    0.06250      -     -    0s
     0     0    0.06250    0   52    0.00000    0.06250      -     -    0s
     0     0    0.06250    0   52    0.00000    0.06250      -     -    0s
     0     0    0.06250    0   52    0.00000    0.06250      -     -    0s
     0     0    0.06250    0   52    0.00000    0.06250      -     -    0s
     0     0    0.06250    0   52    0.00000    0.06250      -     -    0s
     0     2    0.06250    0   52    0.00000    0.06250      -     -    0s
*  540   564              82       0.0000001    0.06250      -  19.9    0s
H  721   670                       0.0000003    0.06250      -  21.2    0s
H  739   670                       0.0000003    0.06250      -  21.3    0s
H 1106   939                       0.0000003    0.06250      -  23.9    1s
H 1165   939                       0.0000007    0.06250      -  25.9    1s
 13320  9400    0.04356   28   50    0.00000    0.04684      -  27.9    5s
*20130 13671              82       0.0000008    0.04635      -  28.5    6s
H20287 13683                       0.0000008    0.04635      -  28.5    6s
 31429 21307    0.00038   56   50    0.00000    0.04499      -  30.1   10s
H35453 24020                       0.0000008    0.04479      -  30.5   11s
 51297 32927    0.00054   42   61    0.00000    0.04389      -  30.9   15s
H54107 35165                       0.0000008    0.04380      -  31.0   16s
H56536 36547                       0.0000009    0.04372      -  30.8   16s
*65993 42113              86       0.0000009    0.04336      -  31.0   19s
 67986 43358    0.00777   37   50    0.00000    0.04326      -  31.0   20s
 87072 54316    0.00000   84   40    0.00000    0.04293      -  31.3   25s
 108391 68060    0.00001   91   37    0.00000    0.04260      -  30.9   30s
 129287 79954    0.00465   40   41    0.00000    0.04220      -  30.8   35s
 144417 88836    0.00012   41   42    0.00000    0.04182      -  30.9   40s
 163204 100809    0.02407   33   54    0.00000    0.04153      -  30.9   45s
 184261 113564    0.00910   31   47    0.00000    0.04117      -  30.8   50s
 203415 124788     cutoff   42         0.00000    0.04079      -  30.9   55s
 224998 137750    0.00460   42   50    0.00000    0.04042      -  31.0   60s
 244621 148760    0.01832   31   44    0.00000    0.04012      -  30.9   65s
 261094 158368     cutoff   80         0.00000    0.03989      -  31.0   70s
 281420 170326    0.01412   33   54    0.00000    0.03964      -  31.1   75s
 300361 182085     cutoff   67         0.00000    0.03941      -  31.3   80s
 320707 194019    0.00584   39   56    0.00000    0.03918      -  31.4   85s
 341548 207120     cutoff   63         0.00000    0.03898      -  31.4   90s
 361826 219066    0.02384   34   53    0.00000    0.03878      -  31.4   95s
 381270 230617    0.03191   27   52    0.00000    0.03857      -  31.5  100s
 401690 243194    0.00000   69   36    0.00000    0.03839      -  31.5  105s
 422027 255014    0.00116   32   44    0.00000    0.03819      -  31.5  110s
 439179 265931    0.00198   53   56    0.00000    0.03806      -  31.5  115s
 458671 277926    0.02192   37   58    0.00000    0.03794      -  31.6  120s
*464093 280162              82       0.0000009    0.03788      -  31.6  121s
 474939 286131     cutoff   53         0.00000    0.03776      -  31.6  125s
H483069 290980                       0.0000010    0.03770      -  31.6  127s
 490996 295577    0.00000   72   29    0.00000    0.03763      -  31.6  130s
 509683 306661    0.00001   74   45    0.00000    0.03746      -  31.6  135s
 529948 319161 infeasible   73         0.00000    0.03730      -  31.6  140s
 548165 329840    0.00131   48   57    0.00000    0.03715      -  31.6  145s
 568084 341899    0.00001   47   26    0.00000    0.03706      -  31.7  150s
 587371 353722    0.00059   45   52    0.00000    0.03694      -  31.7  155s
 607454 366485    0.02846   40   53    0.00000    0.03684      -  31.7  160s
 626768 379204     cutoff   71         0.00000    0.03672      -  31.7  165s
*635743 381823              78       0.0000012    0.03666      -  31.7  167s
*635744 381822              78       0.0000012    0.03666      -  31.7  167s
*635746 381819              78       0.0000012    0.03666      -  31.7  167s
*635747 381814              78       0.0000012    0.03666      -  31.7  167s
 646272 388180    0.00554   36   50    0.00000    0.03658      -  31.7  170s
 665716 399455    0.00472   44   50    0.00000    0.03649      -  31.8  175s
 683367 410141    0.00063   53   36    0.00000    0.03643      -  31.8  180s
 703139 421748     cutoff   41         0.00000    0.03636      -  31.8  185s
 722739 432723    0.01062   38   53    0.00000    0.03626      -  31.8  190s
 743376 444783    0.02982   30   57    0.00000    0.03617      -  31.8  195s
 763026 455044    0.01902   37   53    0.00000    0.03608      -  31.9  200s
 782444 466691    0.00367   42   51    0.00000    0.03602      -  31.9  205s
 802212 478136    0.00023   59   48    0.00000    0.03593      -  31.9  210s
 822674 491043    0.00010   59   54    0.00000    0.03587      -  31.9  215s
 843209 503749    0.00002   68   34    0.00000    0.03582      -  31.9  220s
 858660 514805    0.00011   58   50    0.00000    0.03580      -  32.0  225s
 878442 526619    0.00005   48   18    0.00000    0.03574      -  32.0  230s
 898945 539142    0.00306   45   50    0.00000    0.03567      -  32.0  235s
 918000 550446    0.00050   43   39    0.00000    0.03560      -  32.0  240s
 937650 562211    0.00326   43   51    0.00000    0.03554      -  32.0  245s
 958834 575114    0.02759   34   50    0.00000    0.03547      -  32.1  250s
 977221 584901    0.00007   56   35    0.00000    0.03540      -  32.0  255s
 998667 597904    0.01419   38   52    0.00000    0.03534      -  32.0  260s
 1017832 610757    0.00078   55   54    0.00000    0.03532      -  32.0  265s
 1032012 619550    0.00083   53   50    0.00000    0.03529      -  31.9  270s
 1053159 632017    0.02066   33   53    0.00000    0.03523      -  31.9  275s
*1054366 631246              75       0.0000012    0.03523      -  31.9  275s
 1072287 641883    0.00000   69   32    0.00000    0.03519      -  31.9  280s
 1092438 654732     cutoff   37         0.00000    0.03515      -  31.9  285s
 1112828 666444    0.00359   41   51    0.00000    0.03510      -  31.9  290s
 1132092 677483    0.02199   38   58    0.00000    0.03506      -  31.9  295s
 1151826 690530    0.00828   45   43    0.00000    0.03502      -  31.9  300s
 1172144 703533    0.01531   39   50    0.00000    0.03499      -  31.9  305s
 1193267 716385    0.00339   42   50    0.00000    0.03494      -  31.9  310s
 1210277 726967    0.00120   50   50    0.00000    0.03491      -  31.9  315s
 1229457 739101     cutoff   52         0.00000    0.03487      -  31.9  320s
 1249550 750371    0.02412   38   45    0.00000    0.03481      -  31.9  325s
 1271073 763687    0.00004   73   50    0.00000    0.03476      -  31.9  330s
 1290838 774984    0.00000   82   40    0.00000    0.03471      -  31.9  335s
 1310690 786289    0.00007   56   50    0.00000    0.03466      -  31.9  340s
H1315227 786837                       0.0000013    0.03465      -  31.9  341s
 1330647 796457    0.00037   53   51    0.00000    0.03461      -  31.9  345s
 1350968 808165    0.00026   52   50    0.00000    0.03455      -  31.9  350s
 1368154 818301    0.00014   67   44    0.00000    0.03451      -  31.9  355s
 1388001 830132    0.00000   68   31    0.00000    0.03445      -  31.9  360s

Cutting planes:
  Gomory: 8
  Implied bound: 6
  MIR: 3
  Flow cover: 11
  RLT: 80
  Relax-and-lift: 3
  BQP: 21

Explored 1388443 nodes (44256206 simplex iterations) in 360.00 seconds (354.09 work units)
Thread count was 4 (of 4 available processors)

Solution count 10: 1.28551e-06 1.15347e-06 1.15321e-06 ... 8.48054e-07

Time limit reached
Best objective 1.285509055325e-06, best bound 3.445279808975e-02, gap 2679989.8793%
{"verdict": "UNRESOLVED", "status": "TIME_LIMIT", "runtime": 360.00321912765503, "objval": 1.2855090553252079e-06, "objbound": 0.034452798089752996, "binaries": 46}
