Set parameter NodefileStart to value 6
Read parameters from file gurobi.env
Restricted license - for non-production use only - expires 2027-11-29
Set parameter OutputFlag to value 1
Set parameter Threads to value 4
Set parameter TimeLimit to value 360
Set parameter MIPGap to value 5e-05
Set parameter MIPFocus to value 2
Set parameter NonConvex to value 2
Set parameter BestBdStop to value 2.7426211734693878e-02
Gurobi Optimizer version 13.0.3 build v13.0.3rc0 (linux64 - "Ubuntu 24.04.5 LTS")

CPU model: AMD EPYC 7763 64-Core Processor, instruction set [SSE2|AVX|AVX2]
Thread count: 2 physical cores, 4 logical processors, using up to 4 threads

Non-default parameters:
TimeLimit  360
BestBdStop  2.7426211734693878e-02
MIPGap  5e-05
MIPFocus  2
NodefileStart  6
NonConvex  2
Threads  4

Optimize a model with 149 rows, 119 columns and 871 nonzeros (Max)
Model fingerprint: 0x382170b3
Model has 1 linear objective coefficients
Model has 50 quadratic constraints
Variable types: 65 continuous, 54 integer (54 binary)
Coefficient statistics:
  Matrix range     [5e-01, 1e+00]
  QMatrix range    [1e+00, 1e+00]
  QLMatrix range   [1e+00, 1e+00]
  Objective range  [1e+00, 1e+00]
  Bounds range     [5e-01, 1e+00]
  RHS range        [1e+00, 1e+00]

Found heuristic solution: objective -0.0000000
Presolve time: 0.00s
Presolved: 349 rows, 120 columns, 1271 nonzeros
Presolved model has 50 bilinear constraint(s)

Solving non-convex MIQCP to global optimality

Variable types: 66 continuous, 54 integer (54 binary)
Root relaxation presolve removed 50 rows and 1 columns
Root relaxation presolved: 299 rows, 119 columns, 1221 nonzeros


Root relaxation: objective 8.333333e-02, 129 iterations, 0.00 seconds (0.00 work units)

    Nodes    |    Current Node    |     Objective Bounds      |     Work
 Expl Unexpl |  Obj  Depth IntInf | Incumbent    BestBd   Gap | It/Node Time

     0     0    0.08333    0   47   -0.00000    0.08333      -     -    0s
     0     0    0.07143    0   56   -0.00000    0.07143      -     -    0s
     0     0    0.07143    0   59   -0.00000    0.07143      -     -    0s
     0     0    0.07143    0   58   -0.00000    0.07143      -     -    0s
     0     0    0.07143    0   55   -0.00000    0.07143      -     -    0s
     0     0    0.07143    0   57   -0.00000    0.07143      -     -    0s
     0     0    0.07143    0   45   -0.00000    0.07143      -     -    0s
     0     0    0.07143    0   50   -0.00000    0.07143      -     -    0s
     0     0    0.07143    0   44   -0.00000    0.07143      -     -    0s
     0     0    0.07143    0   45   -0.00000    0.07143      -     -    0s
     0     0    0.07143    0   45   -0.00000    0.07143      -     -    0s
     0     0    0.07143    0   45   -0.00000    0.07143      -     -    0s
     0     2    0.07143    0   45   -0.00000    0.07143      -     -    0s
*  654   588              55       0.0000000    0.07143      -  25.9    0s
H  728   661                       0.0000000    0.07143      -  25.3    0s
H  745   659                       0.0000003    0.07143      -  25.3    0s
H 1209   994                       0.0000005    0.03484      -  29.7    1s
H 1393  1051                       0.0000005    0.03484      -  27.6    1s
H 1538  1097                       0.0057045    0.03484   511%  25.8    1s
H 1694  1094                       0.0057046    0.03484   511%  25.0    1s
* 1747  1053              95       0.0076111    0.03484   358%  24.7    1s
H 1865   927                       0.0107463    0.03484   224%  24.3    1s
H 2899   874                       0.0125288    0.03484   178%  30.0    2s
H 3039   835                       0.0125288    0.03484   178%  30.3    2s
H 3059   806                       0.0125292    0.03484   178%  30.4    2s
H 4492  1050                       0.0125305    0.03448   175%  33.0    2s

Cutting planes:
  Gomory: 6
  Implied bound: 12
  Flow cover: 5
  RLT: 63
  BQP: 6

Explored 9162 nodes (319716 simplex iterations) in 4.03 seconds (3.38 work units)
Thread count was 4 (of 4 available processors)

Solution count 10: 0.0125305 0.0125292 0.0125288 ... 4.57199e-07

Optimization achieved user objective limit
Best objective 1.253054151487e-02, best bound 2.721330326069e-02, gap 117.1758%
{"verdict": "PROVED", "status": "BOUND_REACHED", "runtime": 4.031443119049072, "objval": 0.012530541514866482, "objbound": 0.027213303260691435, "binaries": 54}
