Set parameter NodefileStart to value 6
Read parameters from file gurobi.env
Restricted license - for non-production use only - expires 2027-11-29
Set parameter OutputFlag to value 1
Set parameter Threads to value 4
Set parameter TimeLimit to value 360
Set parameter MIPGap to value 5e-05
Set parameter MIPFocus to value 2
Set parameter NonConvex to value 2
Set parameter BestBdStop to value 2.7426211734693878e-02
Gurobi Optimizer version 13.0.3 build v13.0.3rc0 (linux64 - "Ubuntu 24.04.5 LTS")

CPU model: INTEL(R) XEON(R) PLATINUM 8573C, instruction set [SSE2|AVX|AVX2|AVX512]
Thread count: 2 physical cores, 4 logical processors, using up to 4 threads

Non-default parameters:
TimeLimit  360
BestBdStop  2.7426211734693878e-02
MIPGap  5e-05
MIPFocus  2
NodefileStart  6
NonConvex  2
Threads  4

Optimize a model with 141 rows, 111 columns and 810 nonzeros (Max)
Model fingerprint: 0xc14d3620
Model has 1 linear objective coefficients
Model has 50 quadratic constraints
Variable types: 65 continuous, 46 integer (46 binary)
Coefficient statistics:
  Matrix range     [5e-01, 1e+00]
  QMatrix range    [1e+00, 1e+00]
  QLMatrix range   [1e+00, 1e+00]
  Objective range  [1e+00, 1e+00]
  Bounds range     [5e-01, 1e+00]
  RHS range        [1e+00, 1e+00]

Found heuristic solution: objective -0.0000000
Presolve time: 0.00s
Presolved: 341 rows, 112 columns, 1210 nonzeros
Presolved model has 50 bilinear constraint(s)

Solving non-convex MIQCP to global optimality

Variable types: 66 continuous, 46 integer (46 binary)
Root relaxation presolve removed 70 rows and 11 columns
Root relaxation presolved: 271 rows, 101 columns, 1040 nonzeros


Root relaxation: objective 7.142857e-02, 106 iterations, 0.00 seconds (0.00 work units)

    Nodes    |    Current Node    |     Objective Bounds      |     Work
 Expl Unexpl |  Obj  Depth IntInf | Incumbent    BestBd   Gap | It/Node Time

     0     0    0.07143    0   44   -0.00000    0.07143      -     -    0s
     0     0    0.06352    0   45   -0.00000    0.06352      -     -    0s
     0     0    0.06352    0   56   -0.00000    0.06352      -     -    0s
     0     0    0.06352    0   57   -0.00000    0.06352      -     -    0s
     0     0    0.06352    0   48   -0.00000    0.06352      -     -    0s
H    0     0                       0.0000000    0.06352      -     -    0s
H    0     0                       0.0000001    0.06352      -     -    0s
H    0     0                       0.0000002    0.06352      -     -    0s
     0     0    0.06334    0   45    0.00000    0.06334      -     -    0s
     0     0    0.06334    0   51    0.00000    0.06334      -     -    0s
     0     0    0.06334    0   57    0.00000    0.06334      -     -    0s
     0     0    0.06334    0   61    0.00000    0.06334      -     -    0s
     0     0    0.06334    0   54    0.00000    0.06334      -     -    0s
     0     0    0.06334    0   54    0.00000    0.06334      -     -    0s
     0     2    0.06334    0   54    0.00000    0.06334      -     -    0s
H 1137  1032                       0.0000004    0.06334      -  30.9    1s
* 3663  2341             124       0.0000005    0.05164      -  27.7    3s
H 8385  5783                       0.0000010    0.04490      -  26.6    4s
H10355  8254                       0.0000014    0.04436      -  26.6    5s
H11277  8155                       0.0000016    0.04436      -  26.2    5s
H24513 16236                       0.0000017    0.04041      -  27.6    9s
H24652 16229                       0.0000017    0.04041      -  27.6    9s
 28778 19363     cutoff   32         0.00000    0.03940      -  28.1   10s
 48732 32689    0.00584   47   45    0.00000    0.03794      -  28.9   15s
 66563 44975    0.00468   41   51    0.00000    0.03723      -  30.1   20s
 86646 57789    0.00019   63   31    0.00000    0.03651      -  30.6   25s
 107267 71319    0.00000   92   45    0.00000    0.03605      -  31.1   30s
 127047 84203    0.00146   40   43    0.00000    0.03566      -  31.5   35s
 143870 95661    0.03453   26   44    0.00000    0.03534      -  31.9   40s
 162453 107532    0.00000   97   37    0.00000    0.03503      -  32.1   45s
 182544 120666    0.00001   73   50    0.00000    0.03472      -  32.3   50s
 202329 132978    0.00368   45   27    0.00000    0.03446      -  32.4   55s
 221871 145453    0.02808   32   51    0.00000    0.03419      -  32.4   60s
 241240 158438    0.00448   46   52    0.00000    0.03399      -  32.6   65s
H253078 165651                       0.0000018    0.03387      -  32.6   68s
 258262 168842    0.00762   38   44    0.00000    0.03382      -  32.6   70s
 277870 180890    0.00427   42   35    0.00000    0.03364      -  32.5   75s
 297818 193925    0.00000   55   36    0.00000    0.03349      -  32.6   80s
 317151 206036    0.00016   61   52    0.00000    0.03333      -  32.6   85s
 338009 218971    0.03039   35   56    0.00000    0.03316      -  32.6   90s
 357871 229959    0.00228   44   50    0.00000    0.03300      -  32.6   95s
 374398 239614    0.01482   37   52    0.00000    0.03289      -  32.6  100s
 394163 251722    0.00118   45   37    0.00000    0.03275      -  32.6  105s
 415211 264982    0.00047   60   38    0.00000    0.03263      -  32.6  110s
 431902 275726    0.00372   50   50    0.00000    0.03254      -  32.5  115s
 452081 287393     cutoff   80         0.00000    0.03243      -  32.4  120s
 469789 298743    0.00027   55   50    0.00000    0.03235      -  32.4  125s
 491201 311271     cutoff   43         0.00000    0.03224      -  32.3  130s
 508336 321830    0.00024   54   37    0.00000    0.03216      -  32.3  135s
 528256 333493    0.00008   54   44    0.00000    0.03206      -  32.2  140s
 548916 345575    0.00000   75   41    0.00000    0.03195      -  32.2  145s
 569384 358719    0.00058   58   37    0.00000    0.03185      -  32.2  150s
 589262 370169    0.00002   76   50    0.00000    0.03177      -  32.2  155s
 608843 381889    0.00307   47   50    0.00000    0.03168      -  32.2  160s
 626061 391863     cutoff   41         0.00000    0.03160      -  32.2  165s
 646805 403702    0.00600   34   44    0.00000    0.03150      -  32.1  170s
 667059 415291    0.00002   50   37    0.00000    0.03142      -  32.1  175s
 686415 426707     cutoff   60         0.00000    0.03133      -  32.1  180s
 705961 437657    0.00002   49   40    0.00000    0.03127      -  32.1  185s
 725049 449436    0.00015   57   44    0.00000    0.03120      -  32.1  190s
 745046 461189    0.02230   33   52    0.00000    0.03113      -  32.0  195s
 762995 471769     cutoff   58         0.00000    0.03105      -  32.0  200s
 782276 482747    0.00096   54   52    0.00000    0.03098      -  32.0  205s
 799435 492848 infeasible   43         0.00000    0.03092      -  32.0  210s
 815811 502532    0.01379   41   54    0.00000    0.03086      -  32.0  215s
 836098 514873    0.00342   43   39    0.00000    0.03079      -  31.9  220s
 855520 525918    0.00037   46   36    0.00000    0.03073      -  31.9  225s
 874948 537665    0.00201   39   53    0.00000    0.03066      -  31.9  230s
 891434 547989    0.00759   49   50    0.00000    0.03061      -  31.9  235s
 912045 559772    0.02436   32   50    0.00000    0.03053      -  31.9  240s
 931912 571365     cutoff   39         0.00000    0.03046      -  31.9  245s
 949407 581379    0.01293   41   44    0.00000    0.03039      -  31.9  250s
 969483 593485    0.00035   57   53    0.00000    0.03032      -  31.9  255s
 987051 603860    0.00588   43   51    0.00000    0.03027      -  31.9  260s
 1003782 614028    0.00263   42   43    0.00000    0.03023      -  31.9  265s
 1019138 623258    0.00050   59   38    0.00000    0.03018      -  31.9  270s
 1038583 636149     cutoff   42         0.00000    0.03012      -  31.8  275s
 1059939 647195    0.00001   70   31    0.00000    0.03006      -  31.8  280s
 1078044 658287    0.00002   67   52    0.00000    0.03001      -  31.8  285s
 1097474 669890    0.00451   46   43    0.00000    0.02996      -  31.8  290s
 1117370 682701    0.00187   47   50    0.00000    0.02991      -  31.8  295s
 1138075 694260    0.00047   56   50    0.00000    0.02985      -  31.8  300s
 1154833 703535    0.00917   40   51    0.00000    0.02979      -  31.8  305s
 1171738 713465    0.00788   46   50    0.00000    0.02974      -  31.8  310s
 1190842 724261    0.00017   46   43    0.00000    0.02969      -  31.8  315s
 1211313 736113    0.02667   30   53    0.00000    0.02964      -  31.9  320s
 1230743 746997    0.02886   32   44    0.00000    0.02958      -  31.9  325s
 1250289 758222     cutoff   48         0.00000    0.02951      -  31.9  330s
 1270188 770137    0.02381   35   53    0.00000    0.02946      -  31.8  335s
 1287139 780165    0.01279   36   50    0.00000    0.02943      -  31.8  340s
 1308485 792656    0.00000   72   37    0.00000    0.02938      -  31.8  345s
 1328475 804258    0.01950   37   51    0.00000    0.02932      -  31.8  350s
 1345630 814533    0.00001   79   49    0.00000    0.02929      -  31.8  355s
 1366549 826280    0.00021   43   47    0.00000    0.02923      -  31.8  360s

Cutting planes:
  Gomory: 10
  Implied bound: 19
  MIR: 10
  Flow cover: 57
  Inf proof: 2
  RLT: 79
  Relax-and-lift: 24
  BQP: 23

Explored 1366553 nodes (43434143 simplex iterations) in 360.00 seconds (369.95 work units)
Thread count was 4 (of 4 available processors)

Solution count 10: 1.76922e-06 1.69178e-06 1.6758e-06 ... 9.40769e-09

Time limit reached
Best objective 1.769218293675e-06, best bound 2.923485543388e-02, gap 1652316.5242%
{"verdict": "UNRESOLVED", "status": "TIME_LIMIT", "runtime": 360.0030529499054, "objval": 1.769218293675226e-06, "objbound": 0.029234855433876925, "binaries": 46}
