Set parameter NodefileStart to value 6
Read parameters from file gurobi.env
Restricted license - for non-production use only - expires 2027-11-29
Set parameter OutputFlag to value 1
Set parameter Threads to value 4
Set parameter TimeLimit to value 360
Set parameter MIPGap to value 5e-05
Set parameter MIPFocus to value 2
Set parameter NonConvex to value 2
Set parameter BestBdStop to value 2.7426211734693878e-02
Gurobi Optimizer version 13.0.3 build v13.0.3rc0 (linux64 - "Ubuntu 24.04.5 LTS")

CPU model: AMD EPYC 7763 64-Core Processor, instruction set [SSE2|AVX|AVX2]
Thread count: 2 physical cores, 4 logical processors, using up to 4 threads

Non-default parameters:
TimeLimit  360
BestBdStop  2.7426211734693878e-02
MIPGap  5e-05
MIPFocus  2
NodefileStart  6
NonConvex  2
Threads  4

Optimize a model with 125 rows, 95 columns and 686 nonzeros (Max)
Model fingerprint: 0xc60b057f
Model has 1 linear objective coefficients
Model has 50 quadratic constraints
Variable types: 65 continuous, 30 integer (30 binary)
Coefficient statistics:
  Matrix range     [5e-01, 1e+00]
  QMatrix range    [1e+00, 1e+00]
  QLMatrix range   [1e+00, 1e+00]
  Objective range  [1e+00, 1e+00]
  Bounds range     [5e-01, 1e+00]
  RHS range        [1e+00, 1e+00]

Found heuristic solution: objective -0.0000000
Presolve time: 0.00s
Presolved: 325 rows, 96 columns, 1086 nonzeros
Presolved model has 50 bilinear constraint(s)

Solving non-convex MIQCP to global optimality

Variable types: 66 continuous, 30 integer (30 binary)
Root relaxation presolve removed 50 rows and 1 columns
Root relaxation presolved: 275 rows, 95 columns, 1036 nonzeros


Root relaxation: objective 8.333333e-02, 108 iterations, 0.00 seconds (0.00 work units)

    Nodes    |    Current Node    |     Objective Bounds      |     Work
 Expl Unexpl |  Obj  Depth IntInf | Incumbent    BestBd   Gap | It/Node Time

     0     0    0.08333    0   50   -0.00000    0.08333      -     -    0s
     0     0    0.06667    0   54   -0.00000    0.06667      -     -    0s
     0     0    0.06618    0   52   -0.00000    0.06618      -     -    0s
     0     0    0.06618    0   53   -0.00000    0.06618      -     -    0s
     0     0    0.06383    0   56   -0.00000    0.06383      -     -    0s
     0     0    0.06329    0   57   -0.00000    0.06329      -     -    0s
     0     0    0.06326    0   57   -0.00000    0.06326      -     -    0s
     0     0    0.06326    0   56   -0.00000    0.06326      -     -    0s
     0     0    0.06283    0   57   -0.00000    0.06283      -     -    0s
     0     0    0.06274    0   57   -0.00000    0.06274      -     -    0s
     0     0    0.06268    0   57   -0.00000    0.06268      -     -    0s
     0     0    0.06268    0   57   -0.00000    0.06268      -     -    0s
     0     0    0.06266    0   56   -0.00000    0.06266      -     -    0s
     0     0    0.06266    0   56   -0.00000    0.06266      -     -    0s
     0     2    0.06266    0   56   -0.00000    0.06266      -     -    0s
H  356   356                       0.0000000    0.06257      -  37.7    0s
H  454   411                       0.0000000    0.06250      -  33.3    0s
H  570   508                       0.0000001    0.06250      -  31.5    0s
*  576   506              93       0.0000003    0.06250      -  31.3    0s
H  777   679                       0.0000003    0.06250      -  30.7    0s
* 1760  1208              78       0.0000004    0.04631      -  31.3    2s
* 1761  1160              78       0.0000005    0.04631      -  31.3    2s
H 2814  1576                       0.0000008    0.03451      -  32.6    2s

Cutting planes:
  Gomory: 8
  RLT: 30
  BQP: 10

Explored 4076 nodes (130827 simplex iterations) in 2.92 seconds (2.21 work units)
Thread count was 4 (of 4 available processors)

Solution count 9: 7.90445e-07 5.25263e-07 4.32255e-07 ... -0

Optimization achieved user objective limit
Best objective 7.904449237047e-07, best bound 2.601075625705e-02, gap -
{"verdict": "PROVED", "status": "BOUND_REACHED", "runtime": 2.917628049850464, "objval": 7.90444923704715e-07, "objbound": 0.02601075625704571, "binaries": 30}
