Set parameter NodefileStart to value 6
Read parameters from file gurobi.env
Restricted license - for non-production use only - expires 2027-11-29
Set parameter OutputFlag to value 1
Set parameter Threads to value 4
Set parameter TimeLimit to value 360
Set parameter MIPGap to value 5e-05
Set parameter MIPFocus to value 2
Set parameter NonConvex to value 2
Set parameter BestBdStop to value 2.7426211734693878e-02
Gurobi Optimizer version 13.0.3 build v13.0.3rc0 (linux64 - "Ubuntu 24.04.5 LTS")

CPU model: Intel(R) Xeon(R) 6973P-C, instruction set [SSE2|AVX|AVX2|AVX512]
Thread count: 2 physical cores, 4 logical processors, using up to 4 threads

Non-default parameters:
TimeLimit  360
BestBdStop  2.7426211734693878e-02
MIPGap  5e-05
MIPFocus  2
NodefileStart  6
NonConvex  2
Threads  4

Optimize a model with 133 rows, 103 columns and 742 nonzeros (Max)
Model fingerprint: 0x294fcedc
Model has 1 linear objective coefficients
Model has 50 quadratic constraints
Variable types: 65 continuous, 38 integer (38 binary)
Coefficient statistics:
  Matrix range     [5e-01, 1e+00]
  QMatrix range    [1e+00, 1e+00]
  QLMatrix range   [1e+00, 1e+00]
  Objective range  [1e+00, 1e+00]
  Bounds range     [5e-01, 1e+00]
  RHS range        [1e+00, 1e+00]

Found heuristic solution: objective -0.0000000
Presolve time: 0.00s
Presolved: 333 rows, 104 columns, 1142 nonzeros
Presolved model has 50 bilinear constraint(s)

Solving non-convex MIQCP to global optimality

Variable types: 66 continuous, 38 integer (38 binary)
Root relaxation presolve removed 50 rows and 1 columns
Root relaxation presolved: 283 rows, 103 columns, 1092 nonzeros


Root relaxation: objective 8.333333e-02, 117 iterations, 0.00 seconds (0.00 work units)

    Nodes    |    Current Node    |     Objective Bounds      |     Work
 Expl Unexpl |  Obj  Depth IntInf | Incumbent    BestBd   Gap | It/Node Time

     0     0    0.08333    0   55   -0.00000    0.08333      -     -    0s
     0     0    0.07143    0   48   -0.00000    0.07143      -     -    0s
     0     0    0.06345    0   60   -0.00000    0.06345      -     -    0s
     0     0    0.06345    0   60   -0.00000    0.06345      -     -    0s
     0     0    0.06000    0   62   -0.00000    0.06000      -     -    0s
     0     0    0.05882    0   58   -0.00000    0.05882      -     -    0s
     0     0    0.05882    0   51   -0.00000    0.05882      -     -    0s
     0     0    0.05881    0   57   -0.00000    0.05881      -     -    0s
     0     0    0.05833    0   62   -0.00000    0.05833      -     -    0s
     0     0    0.05795    0   61   -0.00000    0.05795      -     -    0s
     0     0    0.05771    0   61   -0.00000    0.05771      -     -    0s
     0     0    0.05771    0   60   -0.00000    0.05771      -     -    0s
     0     0    0.05771    0   60   -0.00000    0.05771      -     -    0s
     0     0    0.05771    0   60   -0.00000    0.05771      -     -    0s
     0     2    0.05771    0   60   -0.00000    0.05771      -     -    0s
H   46    52                       0.0000000    0.05769      -  17.6    0s
H  758   631                       0.0000001    0.05597      -  29.0    0s
H 1229   900                       0.0000002    0.05597      -  31.1    1s
H 1332   939                       0.0000002    0.03708      -  32.6    2s
* 1751  1071              76       0.0000002    0.03708      -  33.0    2s
* 3197  1699              92       0.0000004    0.03526      -  33.6    2s

Cutting planes:
  Gomory: 16
  Implied bound: 2
  Flow cover: 9
  RLT: 40
  Relax-and-lift: 1
  BQP: 8

Explored 6166 nodes (193631 simplex iterations) in 3.35 seconds (3.25 work units)
Thread count was 4 (of 4 available processors)

Solution count 7: 4.34781e-07 2.42592e-07 2.40079e-07 ... -0

Optimization achieved user objective limit
Best objective 4.347809682209e-07, best bound 2.725281526486e-02, gap -
{"verdict": "PROVED", "status": "BOUND_REACHED", "runtime": 3.35373592376709, "objval": 4.3478096822093605e-07, "objbound": 0.02725281526485547, "binaries": 38}
