Set parameter NodefileStart to value 6
Read parameters from file gurobi.env
Restricted license - for non-production use only - expires 2027-11-29
Set parameter OutputFlag to value 1
Set parameter Threads to value 4
Set parameter TimeLimit to value 360
Set parameter MIPGap to value 5e-05
Set parameter MIPFocus to value 2
Set parameter NonConvex to value 2
Set parameter BestBdStop to value 2.7426211734693878e-02
Gurobi Optimizer version 13.0.3 build v13.0.3rc0 (linux64 - "Ubuntu 24.04.5 LTS")

CPU model: AMD EPYC 9V45 96-Core Processor, instruction set [SSE2|AVX|AVX2|AVX512]
Thread count: 2 physical cores, 4 logical processors, using up to 4 threads

Non-default parameters:
TimeLimit  360
BestBdStop  2.7426211734693878e-02
MIPGap  5e-05
MIPFocus  2
NodefileStart  6
NonConvex  2
Threads  4

Optimize a model with 129 rows, 99 columns and 714 nonzeros (Max)
Model fingerprint: 0xd863b7a5
Model has 1 linear objective coefficients
Model has 50 quadratic constraints
Variable types: 65 continuous, 34 integer (34 binary)
Coefficient statistics:
  Matrix range     [5e-01, 1e+00]
  QMatrix range    [1e+00, 1e+00]
  QLMatrix range   [1e+00, 1e+00]
  Objective range  [1e+00, 1e+00]
  Bounds range     [5e-01, 1e+00]
  RHS range        [1e+00, 1e+00]

Found heuristic solution: objective -0.0000000
Presolve time: 0.00s
Presolved: 329 rows, 100 columns, 1114 nonzeros
Presolved model has 50 bilinear constraint(s)

Solving non-convex MIQCP to global optimality

Variable types: 66 continuous, 34 integer (34 binary)
Found heuristic solution: objective 0.0000000
Root relaxation presolve removed 50 rows and 1 columns
Root relaxation presolved: 279 rows, 99 columns, 1064 nonzeros


Root relaxation: objective 1.250000e-01, 123 iterations, 0.00 seconds (0.00 work units)

    Nodes    |    Current Node    |     Objective Bounds      |     Work
 Expl Unexpl |  Obj  Depth IntInf | Incumbent    BestBd   Gap | It/Node Time

     0     0    0.12500    0   58    0.00000    0.12500      -     -    0s
     0     0    0.10000    0   52    0.00000    0.10000      -     -    0s
     0     0    0.08333    0   45    0.00000    0.08333      -     -    0s
     0     0    0.08333    0   36    0.00000    0.08333      -     -    0s
     0     0    0.08333    0   36    0.00000    0.08333      -     -    0s
     0     0    0.08282    0   51    0.00000    0.08282      -     -    0s
     0     0    0.08282    0   56    0.00000    0.08282      -     -    0s
     0     0    0.08282    0   58    0.00000    0.08282      -     -    0s
     0     0    0.07692    0   54    0.00000    0.07692      -     -    0s
     0     0    0.07692    0   62    0.00000    0.07692      -     -    0s
     0     0    0.07692    0   64    0.00000    0.07692      -     -    0s
     0     0    0.07692    0   64    0.00000    0.07692      -     -    0s
     0     0    0.07692    0   63    0.00000    0.07692      -     -    0s
     0     0    0.07692    0   53    0.00000    0.07692      -     -    0s
     0     0    0.07692    0   53    0.00000    0.07692      -     -    0s
     0     0    0.07692    0   56    0.00000    0.07692      -     -    0s
     0     0    0.07692    0   56    0.00000    0.07692      -     -    0s
     0     2    0.07692    0   56    0.00000    0.07692      -     -    0s
*  807   782             119       0.0000001    0.07269      -  13.6    0s
H 1134   975                       0.0000001    0.07258      -  14.7    0s
H 1141   930                       0.0000003    0.07258      -  14.6    0s
H 1207   938                       0.0000003    0.06740      -  16.8    0s
H 1762  1320                       0.0000003    0.06584      -  15.3    0s
* 2051  1349             121       0.0000003    0.05931      -  14.2    0s
* 2816  1610              99       0.0000004    0.05828      -  15.3    1s
H 3058  1746                       0.0000004    0.05748      -  15.5    1s
H 3118  1621                       0.0000005    0.05748      -  15.5    1s
H11333  8210                       0.0000006    0.04550      -  15.2    2s
H12467  8936                       0.0000006    0.04440      -  15.4    2s
H21878 15856                       0.0000007    0.04191      -  16.6    3s
H22193 15723                       0.0000009    0.04191      -  16.5    3s
 31156 22507    0.00012   66   50    0.00000    0.03908      -  16.7    5s
 72707 51458    0.00003   71   49    0.00000    0.03676      -  17.2   10s
 114354 80499    0.00415   38   45    0.00000    0.03550      -  17.8   15s
 155111 107763    0.00000  105   23    0.00000    0.03441      -  18.1   20s
 193232 132945    0.00000   89   25    0.00000    0.03362      -  18.1   25s
 233139 159011    0.00001   85   24    0.00000    0.03296      -  18.3   30s
 273680 186793    0.00506   48   50    0.00000    0.03250      -  18.3   35s
 312322 212321    0.00424   45   44    0.00000    0.03211      -  18.3   40s
 346719 235057    0.00068   47   43    0.00000    0.03176      -  18.5   45s
 385596 260897    0.00202   49   43    0.00000    0.03148      -  18.5   50s
 423317 285786    0.01384   29   53    0.00000    0.03118      -  18.5   55s
 454258 306154    0.00009   43   31    0.00000    0.03096      -  18.5   60s
 487864 327114    0.00026   49   50    0.00000    0.03072      -  18.6   65s
 520041 347439    0.01927   22   54    0.00000    0.03052      -  18.9   70s
 555596 368380    0.00012   42   36    0.00000    0.03025      -  19.0   75s
 588725 388697     cutoff   59         0.00000    0.03015      -  19.2   80s
 623339 409187    0.00000   71   30    0.00000    0.02996      -  19.4   85s
 658049 430740    0.00003   38   43    0.00000    0.02979      -  19.6   90s
 691279 450728    0.00857   31   51    0.00000    0.02963      -  19.7   95s
 719452 468139    0.00053   54   44    0.00000    0.02955      -  19.8  100s
 755189 489947    0.02636   33   52    0.00000    0.02939      -  19.9  105s
 790072 511637    0.00005   66   33    0.00000    0.02927      -  20.0  110s
 825049 533355    0.00803   33   43    0.00000    0.02914      -  20.1  115s
 857344 552107    0.01061   41   51    0.00000    0.02901      -  20.2  120s
 893111 573497     cutoff   43         0.00000    0.02888      -  20.2  125s
 927564 594837     cutoff   41         0.00000    0.02876      -  20.3  130s
H946819 605993                       0.0000009    0.02871      -  20.4  132s
 959636 614107    0.00159   53   51    0.00000    0.02868      -  20.4  135s
 996124 637025    0.00000   62   23    0.00000    0.02857      -  20.5  140s
 1032326 658583    0.01825   30   42    0.00000    0.02846      -  20.5  145s
 1067775 679277    0.00193   44   43    0.00000    0.02836      -  20.6  150s
 1099013 695996    0.00000   75   28    0.00000    0.02825      -  20.6  155s
 1134139 715672    0.00007   66   47    0.00000    0.02816      -  20.7  160s
 1169958 736587     cutoff   50         0.00000    0.02808      -  20.7  165s
 1204036 756356    0.00000   73   38    0.00000    0.02798      -  20.8  170s
 1237544 775853    0.00006   70   40    0.00000    0.02791      -  20.8  175s
 1274323 796490    0.00001   84   36    0.00000    0.02781      -  20.9  180s
 1308595 816297     cutoff   37         0.00000    0.02772      -  20.9  185s
 1341695 834706    0.00000   63   30    0.00000    0.02762      -  20.9  190s
 1374228 853733    0.00039   52   37    0.00000    0.02753      -  20.9  195s
 1412044 874420    0.00185   34   50    0.00000    0.02744      -  21.0  200s

Cutting planes:
  Gomory: 2
  Implied bound: 9
  MIR: 11
  Mixing: 1
  Flow cover: 49
  Inf proof: 9
  RLT: 74
  Relax-and-lift: 6
  BQP: 31

Explored 1418787 nodes (29760560 simplex iterations) in 200.95 seconds (363.78 work units)
Thread count was 4 (of 4 available processors)

Solution count 10: 8.56334e-07 8.5208e-07 7.33966e-07 ... 2.96647e-07

Optimization achieved user objective limit
Best objective 8.563344260359e-07, best bound 2.742594086523e-02, gap -
{"verdict": "PROVED", "status": "BOUND_REACHED", "runtime": 200.9516761302948, "objval": 8.563344260359431e-07, "objbound": 0.027425940865230578, "binaries": 34}
