Set parameter NodefileStart to value 6
Read parameters from file gurobi.env
Restricted license - for non-production use only - expires 2027-11-29
Set parameter OutputFlag to value 1
Set parameter Threads to value 4
Set parameter TimeLimit to value 360
Set parameter MIPGap to value 5e-05
Set parameter MIPFocus to value 2
Set parameter NonConvex to value 2
Set parameter BestBdStop to value 2.7426211734693878e-02
Gurobi Optimizer version 13.0.3 build v13.0.3rc0 (linux64 - "Ubuntu 24.04.5 LTS")

CPU model: AMD EPYC 9V74 80-Core Processor, instruction set [SSE2|AVX|AVX2|AVX512]
Thread count: 2 physical cores, 4 logical processors, using up to 4 threads

Non-default parameters:
TimeLimit  360
BestBdStop  2.7426211734693878e-02
MIPGap  5e-05
MIPFocus  2
NodefileStart  6
NonConvex  2
Threads  4

Optimize a model with 145 rows, 115 columns and 846 nonzeros (Max)
Model fingerprint: 0x320c0e98
Model has 1 linear objective coefficients
Model has 50 quadratic constraints
Variable types: 65 continuous, 50 integer (50 binary)
Coefficient statistics:
  Matrix range     [5e-01, 1e+00]
  QMatrix range    [1e+00, 1e+00]
  QLMatrix range   [1e+00, 1e+00]
  Objective range  [1e+00, 1e+00]
  Bounds range     [5e-01, 1e+00]
  RHS range        [1e+00, 1e+00]

Found heuristic solution: objective -0.0000000
Presolve time: 0.00s
Presolved: 345 rows, 116 columns, 1246 nonzeros
Presolved model has 50 bilinear constraint(s)

Solving non-convex MIQCP to global optimality

Variable types: 66 continuous, 50 integer (50 binary)
Root relaxation presolve removed 50 rows and 1 columns
Root relaxation presolved: 295 rows, 115 columns, 1196 nonzeros


Root relaxation: objective 8.333333e-02, 118 iterations, 0.00 seconds (0.00 work units)

    Nodes    |    Current Node    |     Objective Bounds      |     Work
 Expl Unexpl |  Obj  Depth IntInf | Incumbent    BestBd   Gap | It/Node Time

     0     0    0.08333    0   44   -0.00000    0.08333      -     -    0s
     0     0    0.07407    0   53   -0.00000    0.07407      -     -    0s
     0     0    0.06250    0   60   -0.00000    0.06250      -     -    0s
H    0     0                       0.0000000    0.06250      -     -    0s
     0     0    0.06250    0   46    0.00000    0.06250      -     -    0s
     0     0    0.06250    0   46    0.00000    0.06250      -     -    0s
     0     0    0.06250    0   52    0.00000    0.06250      -     -    0s
     0     0    0.06250    0   61    0.00000    0.06250      -     -    0s
     0     0    0.06250    0   39    0.00000    0.06250      -     -    0s
     0     0    0.06250    0   49    0.00000    0.06250      -     -    0s
     0     0    0.06250    0   48    0.00000    0.06250      -     -    0s
     0     0    0.06250    0   51    0.00000    0.06250      -     -    0s
     0     0    0.06250    0   49    0.00000    0.06250      -     -    0s
     0     0    0.06250    0   49    0.00000    0.06250      -     -    0s
     0     2    0.06250    0   49    0.00000    0.06250      -     -    0s
*  545   593              83       0.0000000    0.06250      -  14.5    0s
*  668   605              98       0.0000001    0.06250      -  14.1    0s
*  730   601              90       0.0000001    0.06250      -  14.0    0s
H 1722  1379                       0.0001559    0.06250      -  16.2    1s
H 1747  1283                       0.0038997    0.06250  1503%  16.2    1s
H 1802  1258                       0.0039833    0.06250  1469%  16.0    1s
H 1862  1182                       0.0047606    0.05399  1034%  16.2    1s
H 1892  1124                       0.0060136    0.05399   798%  16.1    1s
H 2970  1309                       0.0065163    0.04309   561%  24.5    1s
H 4004  1604                       0.0065652    0.03921   497%  29.0    2s
 16528  6389    0.01815   30   57    0.00657    0.03382   415%  36.9    5s
 35695 12714    0.01451   25   53    0.00657    0.03103   373%  38.1   10s
 58605 19527     cutoff   36         0.00657    0.02938   348%  38.4   15s
 81913 26448    0.00711   25   57    0.00657    0.02838   332%  38.1   20s
 105509 33087    0.01971   24   60    0.00657    0.02766   321%  37.9   25s
H109335 32211                       0.0076110    0.02755   262%  37.9   25s
H110341 32512                       0.0076110    0.02752   262%  37.9   26s

Cutting planes:
  Gomory: 2
  Implied bound: 14
  RLT: 51
  BQP: 9

Explored 113941 nodes (4317553 simplex iterations) in 26.74 seconds (32.40 work units)
Thread count was 4 (of 4 available processors)

Solution count 10: 0.00761098 0.00656516 0.00651633 ... 1.07036e-07

Optimization achieved user objective limit
Best objective 7.610979140980e-03, best bound 2.742356879716e-02, gap 260.3159%
{"verdict": "PROVED", "status": "BOUND_REACHED", "runtime": 26.741250038146973, "objval": 0.007610979140980301, "objbound": 0.02742356879715641, "binaries": 50}
